48
 energy: -84.846343818497 gnorm: 0.076788996467 xtb: 6.7.1 (edcfbbe)
C            4.72399860215175        0.56537373969388        0.48402901330420
O            3.60427229663087        0.25669515099560       -0.33847040941379
C            3.05593042163282        1.36657277011447       -0.99837306116281
O            2.51581367745011        2.30548106863219       -0.11035786747838
C            1.13504094923083        2.13620302264475        0.20762345019389
C            0.91226898609262        2.84858562535132        1.54642069470680
O            1.13756841795915        4.22968084663589        1.45370986459341
C            0.74712045101916        0.64931605245987        0.27809222213267
O           -0.61843938079181        0.62242149094161        0.67470968455358
C           -1.09442113893530       -0.31628803438605        1.61622641778996
O           -2.48527836457618       -0.20392683806184        1.60610393654497
C           -3.09054434004808       -0.63620771919299        0.39042644795034
C           -4.59483797537734       -0.35659552188547        0.53551219720924
O           -5.30300965111936       -0.61564827844815       -0.65112377183523
C           -2.81893834392489       -2.12926717041269        0.13931421630864
O           -3.29328368714848       -2.54678484970011       -1.11647677635759
C           -1.30853189370410       -2.39773322709370        0.17817260010406
O           -1.02682154408005       -3.77879929825658        0.21080788130026
C           -0.72075515800829       -1.80179077050295        1.45976762884139
O            0.66179905822396       -1.99213619616058        1.56700606807982
C            0.94677587586056        0.03033047156019       -1.13144312095389
O            1.29512839475833       -1.32383975134754       -1.10186037569791
C            1.98794118070841        0.82169699207667       -1.95713140889851
O            1.34183712174381        1.84176106853388       -2.66756883970123
H            4.44557681191128        1.28242192131483        1.25846211685936
H            5.53481426680744        0.97794382935289       -0.12232816201746
H            5.02911476502363       -0.37486456517556        0.93324522862551
H            3.85245790109064        1.90974325355138       -1.53571000642849
H            0.52101112480838        2.61972764046699       -0.56285447569539
H            1.57112516564786        2.39828743907725        2.30164210947224
H           -0.12744205094254        2.72008795127560        1.84954821376712
H            2.01914800538520        4.36952395956699        1.07754940115744
H            1.37149197979224        0.12727893796582        1.00908759701189
H           -0.78072885803174        0.00305813721274        2.62456687958474
H           -2.67588812195295       -0.05883175438364       -0.44814782529351
H           -4.72284894627758        0.67521689179131        0.87434764525628
H           -5.00681427293723       -1.02205290807114        1.29761791786474
H           -5.15259881993532        0.10053910195125       -1.28464433455154
H           -3.29190850304846       -2.71590647541066        0.94475862741775
H           -4.22420147936010       -2.27361473641348       -1.20149591389711
H           -0.84037587149475       -1.94167874053543       -0.70101580261154
H           -1.39443864803585       -4.18459385793592       -0.58724408357661
H           -1.22574349405062       -2.30402916317788        2.30490455688388
H            0.83729524345047       -2.91844610056643        1.33542107174426
H           -0.00885080566918        0.10022463816062       -1.66415392206784
H            2.14720712687704       -1.41004179048616       -0.64648591589188
H            2.46542742460403        0.10383712722897       -2.63805405327503
H            1.94653064226025        2.24106174311080       -3.31064982588299
48
 energy: -84.851891931410 gnorm: 0.011109823588 xtb: 6.7.1 (edcfbbe)
C            4.72373544363494        0.56380225272768        0.48287699349183
O            3.60497860353317        0.25452322769460       -0.34106257204581
C            3.05382994491008        1.36633201059019       -0.99530870642808
O            2.51518274954353        2.29764303084163       -0.09718630033715
C            1.13562765345863        2.12858973187290        0.22742661107007
C            0.91180457492983        2.84245050366273        1.56255217570975
O            1.13747224195222        4.22353193762188        1.46348109108027
C            0.73290511411228        0.64401970882639        0.24172396951102
O           -0.63266014474049        0.58686318395573        0.63269259813909
C           -1.09433839842215       -0.30151250301897        1.62906133285754
O           -2.48710019954549       -0.20598213410007        1.60723836111406
C           -3.08982703045433       -0.63833937809552        0.39098528739800
C           -4.59422194360640       -0.35748419971895        0.53437411784031
O           -5.30184248745653       -0.61621355512148       -0.65265820688493
C           -2.81809909202977       -2.13052374571229        0.14247453439028
O           -3.28921284341395       -2.54827166180878       -1.11455483939741
C           -1.30713173234266       -2.39283893152925        0.18921004061702
O           -1.02413569190675       -3.77389905270059        0.21982812436411
C           -0.72206645697185       -1.79170923495681        1.47310552349340
O            0.66075858689380       -1.98459574076046        1.57448439629270
C            0.94696625826601        0.02467756316175       -1.15797252553824
O            1.29921751507313       -1.32817473560956       -1.11875167599083
C            1.99307054387940        0.82430417075798       -1.96519144249238
O            1.34611197909533        1.84513872732385       -2.67332195075472
H            4.44443440026828        1.28018396812344        1.25770168414319
H            5.53455532995776        0.97782793423858       -0.12252045423679
H            5.02969520810352       -0.37624512110769        0.93180939882609
H            3.85036189631114        1.91375125903121       -1.52859306951123
H            0.52720726333431        2.62342655860877       -0.54169471572027
H            1.57095629971698        2.39327657543489        2.31737756234690
H           -0.12898061502039        2.71563550613993        1.86191780884878
H            2.01768547746412        4.36275353177616        1.08358472686261
H            1.35459807755339        0.12063400462070        0.97614186179809
H           -0.77737649435109        0.04018345158145        2.62800039064310
H           -2.67460408407242       -0.06079760582489       -0.44727188971861
H           -4.72198518583306        0.67454253914269        0.87283294148600
H           -5.00731413952662       -1.02225763814315        1.29643999263954
H           -5.15118251116589        0.10016899539742       -1.28590744766628
H           -3.29290916611171       -2.71685053396406        0.94687733303810
H           -4.21997499466663       -2.27477844741953       -1.20203150850928
H           -0.83930423912542       -1.93781585654180       -0.69099699806540
H           -1.39094991530987       -4.17917724863353       -0.57922336732127
H           -1.22553127952329       -2.29618003024023        2.31739802442547
H            0.83408600718887       -2.91099092093664        1.34047562285355
H           -0.00681502960335        0.09260763187060       -1.69305111716122
H            2.14576066418758       -1.41008807328605       -0.65193847888911
H            2.47514403150892        0.10983358142535       -2.64611282658864
H            1.95141235197319        2.24801788709097       -3.31323867544133
48
 energy: -84.852533599433 gnorm: 0.004118943389 xtb: 6.7.1 (edcfbbe)
C            4.72329313028604        0.55892577805389        0.48059184705522
O            3.60638412575196        0.25009458643295       -0.34623386638572
C            3.05504214493599        1.36517665089485       -0.99496105899675
O            2.51314931973555        2.28871256751584       -0.09134360698284
C            1.13120361257314        2.12060844801507        0.22505647103568
C            0.90935787787382        2.81890345353273        1.56917178207462
O            1.13313503488354        4.20071260070483        1.47580341949276
C            0.72585772713532        0.63471830231642        0.22919453959516
O           -0.64234235347258        0.58383202326245        0.61244532168430
C           -1.09850301185168       -0.28858156496296        1.62474709843342
O           -2.49214667315344       -0.20214736967935        1.60525835468077
C           -3.09311425788468       -0.63765530813087        0.39041901777452
C           -4.59736919438635       -0.35755972461196        0.53275907071264
O           -5.30202470708958       -0.61812713036658       -0.65553892383989
C           -2.81644907171211       -2.12926521846635        0.14804618934700
O           -3.28092173328846       -2.55175427000278       -1.10993410650785
C           -1.30465225257679       -2.38557025258393        0.20276394620758
O           -1.01616089513339       -3.76552790205868        0.23706408432280
C           -0.72233519772126       -1.78197654012413        1.48750595332312
O            0.66119560794509       -1.97330978902095        1.58768627343825
C            0.94635605418920        0.03059165317692       -1.17513894782160
O            1.29752846761510       -1.32231929741887       -1.13770707762009
C            1.99831118107653        0.83080492312586       -1.97370790932782
O            1.35533842150454        1.85703829867799       -2.67758617885285
H            4.44179750852757        1.27411356798515        1.25577811562126
H            5.53466966848387        0.97499039402675       -0.12274418922672
H            5.02949479678230       -0.38125885729214        0.92890320594144
H            3.85188256855702        1.91874511944384       -1.52137924829174
H            0.52706384054184        2.63267965283392       -0.53866989768749
H            1.56920957017932        2.37027071699915        2.32402205464839
H           -0.13104563642144        2.69234142075103        1.87043327472204
H            2.01184289651126        4.34409432973807        1.09375223642633
H            1.34201100618893        0.09817858828744        0.96072226544141
H           -0.77865094496989        0.06791185002061        2.61577103679866
H           -2.67760292702697       -0.06237317386407       -0.44880151050996
H           -4.72551891815880        0.67494488010486        0.86954067959178
H           -5.01099435137313       -1.02173312391726        1.29504045758573
H           -5.15024563931983        0.09777504485910       -1.28908591206621
H           -3.29304164014335       -2.71525848935729        0.95165539751440
H           -4.21140276236806       -2.27874460854734       -1.20248050834147
H           -0.83420074375850       -1.93017630190611       -0.67593442329496
H           -1.38057053784432       -4.17278904802622       -0.56213263367595
H           -1.22562524518991       -2.28476215641283        2.33305526002466
H            0.83477462892903       -2.89995948996938        1.35475115226459
H           -0.00229120228990        0.09857012654139       -1.71969499631184
H            2.13992877428763       -1.40696784733353       -0.66358837569746
H            2.48621359632359        0.12182527054826       -2.65659260447617
H            1.96216287792193        2.26125034100773       -3.31519879331205
48
 energy: -84.852867310192 gnorm: 0.004506012393 xtb: 6.7.1 (edcfbbe)
C            4.72292121939310        0.55094229169676        0.47726375370911
O            3.60800004094316        0.24487149283023       -0.35338412680971
C            3.05792009051767        1.36474691360306       -0.99497683088151
O            2.51361218693578        2.28065657927635       -0.08583846091898
C            1.12964926712031        2.11240136063934        0.22181515701614
C            0.90623581656801        2.79256135629296        1.57556354300367
O            1.12763928532929        4.17630749762211        1.49805404730724
C            0.71919956195985        0.62762108715697        0.21700934687590
O           -0.65198470725867        0.59171077569101        0.59421508537983
C           -1.10319147049446       -0.27203248792742        1.61480978132437
O           -2.49757694769848       -0.19394598247654        1.60223956240385
C           -3.09713814672857       -0.63647684852688        0.38998813759585
C           -4.60181867533339       -0.35904050505286        0.52922595285495
O           -5.30282181359191       -0.62277369566969       -0.66056366096349
C           -2.81358073653796       -2.12800154671464        0.15557432130311
O           -3.27000918189511       -2.55862617281275       -1.10286069944042
C           -1.30103157808891       -2.37901594973039        0.21745210684334
O           -1.00612880064308       -3.75768332234195        0.25901383405585
C           -0.72260159906382       -1.76712981428517        1.49959896657165
O            0.66092085882923       -1.95791578254349        1.60328834462338
C            0.94396930848056        0.03594277964783       -1.19316784659233
O            1.29231072819032       -1.31870696880100       -1.16397580403402
C            2.00261387049742        0.83974711426166       -1.98050448887634
O            1.36736674666417        1.87421509730259       -2.67955344400946
H            4.43881321655917        1.26405794531872        1.25341688737152
H            5.53553360507140        0.96919485226979       -0.12298494565803
H            5.02837693389940       -0.39018984227788        0.92392544323323
H            3.85586632183829        1.92360115611905       -1.51422874426938
H            0.52820077819525        2.63702838984482       -0.53558306705031
H            1.56770073428652        2.33749863575802        2.32519581529449
H           -0.13334557778507        2.66170620687476        1.87864810378571
H            2.00423966892641        4.32549654420623        1.11321821794563
H            1.32846290366761        0.07830224675230        0.94417741089969
H           -0.78116489338248        0.10025553604565        2.59834611725326
H           -2.68290332186159       -0.06474012390186       -0.45191513743782
H           -4.73180818551759        0.67399699749717        0.86365339480329
H           -5.01627292762677       -1.02213072547173        1.29191656288869
H           -5.15016245400268        0.09257605603880       -1.29452568549090
H           -3.29175525398251       -2.71259598474485        0.95933145148829
H           -4.20000683214448       -2.28656728540727       -1.20212807924538
H           -0.82742792199344       -1.92387074951034       -0.65975110557190
H           -1.36725579088811       -4.16915049945269       -0.53939557126881
H           -1.22681406203641       -2.26104827366361        2.34942129694207
H            0.83424743455184       -2.88636729791685        1.37748712267659
H            0.00083314296408        0.10763084941903       -1.74721925398469
H            2.13195652975805       -1.40871019385954       -0.68594934638582
H            2.49349579602181        0.13577636004935       -2.66653481869622
H            1.97670937288699        2.27786705656545       -3.31532491141304
48
 energy: -84.853013767001 gnorm: 0.003068598943 xtb: 6.7.1 (edcfbbe)
C            4.72189687719584        0.54240469484805        0.47453391516858
O            3.60775092875153        0.24088265321769       -0.35892905494530
C            3.06008949390943        1.36484351404846       -0.99542019513654
O            2.51604719722452        2.27762084154753       -0.08331017802036
C            1.13142567338383        2.10970444745320        0.21924547307787
C            0.90641460637390        2.77603057383863        1.58000942480109
O            1.12560839516624        4.16139537552207        1.51975386712119
C            0.71701153430623        0.62716815737074        0.21010576499208
O           -0.65590873760068        0.60063679466192        0.58427300610622
C           -1.10652244594954       -0.26010844927746        1.60645576127997
O           -2.50118888693941       -0.18484198038672        1.59775461780426
C           -3.09982354241884       -0.63608253393875        0.38820464107727
C           -4.60533784195027       -0.36211230674968        0.52448784275557
O           -5.30326846663117       -0.62927363327372       -0.66638951539279
C           -2.81139954797920       -2.12829101071604        0.16153721331119
O           -3.26327802358840       -2.56654634395275       -1.09612899282278
C           -1.29839969794593       -2.37577797780323        0.22695401509014
O           -0.99969878980925       -3.75338180370036        0.27657275346511
C           -0.72342572099227       -1.75450849689970        1.50524481975731
O            0.65969135945558       -1.94599093848057        1.61430464561040
C            0.94196457090635        0.04187678874288       -1.20413001603095
O            1.28675232058646       -1.31459041966149       -1.18269664242256
C            2.00498042623373        0.84734958008523       -1.98503008341166
O            1.37572387563880        1.88853767949739       -2.67982059543166
H            4.43700476716651        1.25345445303886        1.25225025738490
H            5.53600427696958        0.96165887622248       -0.12304005116431
H            5.02563428962337       -0.40036989975955        0.91882911043871
H            3.85960454097741        1.92488780940511       -1.51074210517507
H            0.53095830642909        2.63835765582843       -0.53467870253202
H            1.56900292263619        2.31205835869842        2.32341706486877
H           -0.13262984586975        2.63952365780819        1.88253997457408
H            2.00047273638809        4.31561502405536        1.13304048855208
H            1.32116303263042        0.07099834664414        0.93443319614629
H           -0.78480813839103        0.12166629339978        2.58668521136319
H           -2.68733096086011       -0.06781257970001       -0.45692885902242
H           -4.73804944713861        0.67133402004492        0.85676960706679
H           -5.02043754998799       -1.02433493292664        1.28757419635147
H           -5.15086193028259        0.08575622547783       -1.30075304656373
H           -3.28985732428491       -2.71055424286695        0.96686983632497
H           -4.19306503390772       -2.29622937518193       -1.20003682183043
H           -0.82381017896906       -1.92302957238491       -0.65108298076665
H           -1.35804551361312       -4.16977968729545       -0.52038716457487
H           -1.22973723130357       -2.23789292354482        2.35957277217473
H            0.83246196218256       -2.87693448376449        1.39804206630830
H            0.00124238506665        0.11833094047063       -1.76144663616513
H            2.12636770672677       -1.40980442779596       -0.70596737625270
H            2.49482818328605        0.14553129634431       -2.67395101394196
H            1.98677702854920        2.29061708831693       -3.31510777487439
48
 energy: -84.853109941683 gnorm: 0.001996635023 xtb: 6.7.1 (edcfbbe)
C            4.71996184525131        0.53263578521681        0.47195143941621
O            3.60592381251343        0.23736754451423       -0.36402453251217
C            3.06226397074903        1.36523162981028       -0.99694048869184
O            2.51981251350928        2.27717087946991       -0.08301852813051
C            1.13525950795952        2.11058783010899        0.21719541262732
C            0.90875141230064        2.76438105567292        1.58402929389900
O            1.12627678535204        4.15072901904589        1.54298561654263
C            0.71735273347547        0.63038783294882        0.20494264309671
O           -0.65652360490321        0.60951379200394        0.57765118825127
C           -1.10915432384319       -0.25011172505661        1.59918006702500
O           -2.50376504953592       -0.17433729716730        1.59066724704823
C           -3.10176240644395       -0.63620020509370        0.38437915241627
C           -4.60831968680578       -0.36630076989928        0.51819801260225
O           -5.30365232274970       -0.63751938399632       -0.67331064757351
C           -2.80926369126719       -2.12941122647782        0.16664754726295
O           -3.25881316778233       -2.57565455352501       -1.08909574422843
C           -1.29593520749473       -2.37406963262697        0.23461366071960
O           -0.99472723459298       -3.75058828544742        0.29367798871421
C           -0.72497070208899       -1.74297515744373        1.50893087716357
O            0.65767671309826       -1.93483647353213        1.62477507359674
C            0.93961898858852        0.04931735392955       -1.21240852640560
O            1.27904603946215       -1.30902226365661       -1.19795583453864
C            2.00634822012620        0.85473916278966       -1.98914037201651
O            1.38242837807335        1.90178458544334       -2.68018029243929
H            4.43578507400047        1.24144711222568        1.25191312696951
H            5.53592502208721        0.95203750974043       -0.12300459205037
H            5.02088964107100       -0.41254596146648        0.91305436031250
H            3.86418406459606        1.92409066090770       -1.50963061644163
H            0.53519354352198        2.64125178363781       -0.53422676159770
H            1.57137505783156        2.28997126046705        2.32111153199744
H           -0.13021245091282        2.62196453944148        1.88392700200313
H            2.00010421734480        4.31012801774372        1.15636398100714
H            1.31759121674308        0.06954015122697        0.92716745751012
H           -0.78989725563978        0.13727915907584        2.57873577475478
H           -2.69122814382670       -0.07206159019237       -0.46465887315080
H           -4.74452873961695        0.66741391237356        0.84847345142667
H           -5.02329776643817       -1.02810122712255        1.28174932889810
H           -5.15274345364712        0.07725547038481       -1.30828414169176
H           -3.28734987202125       -2.70813799430664        0.97474528264480
H           -4.18866484643752       -2.30775536238103       -1.19649326411107
H           -0.82120185142970       -1.92551558897128       -0.64572386065373
H           -1.34987048236380       -4.17285910610417       -0.50152950805066
H           -1.23438239125829       -2.21678071001863        2.36672915781861
H            0.83019980250562       -2.86879985468970        1.42073395909945
H           -0.00078705190662        0.13196686722939       -1.76886899880234
H            2.12063098258908       -1.40987751640337       -0.72623411134157
H            2.49342502043043        0.15378268869681       -2.68072178411792
H            1.99502168098358        2.30147940888439       -3.31559441963519
48
 energy: -84.853192647885 gnorm: 0.002388471419 xtb: 6.7.1 (edcfbbe)
C            4.71632797392522        0.51932434287532        0.46890781795477
O            3.60161191037558        0.23348118541425       -0.36955193294307
C            3.06459140582631        1.36595966057695       -0.99976079840960
O            2.52567950152801        2.27916875079880       -0.08452627093104
C            1.14170805314011        2.11561048267761        0.21655419829773
C            0.91514963946173        2.75720759575153        1.58922416833465
O            1.13251886758687        4.14331992139241        1.56928296177237
C            0.71952322862989        0.63753727382944        0.20086769272357
O           -0.65477894589911        0.61917837122137        0.57312467057495
C           -1.11232692055673       -0.24057097144456        1.59231731501217
O           -2.50654533987480       -0.16115842163935        1.57893768806818
C           -3.10337331897034       -0.63737490448473        0.37693440213717
C           -4.61121191283511       -0.37250844780774        0.50848861368324
O           -5.30450600739988       -0.64991916937410       -0.68279112989933
C           -2.80725917921231       -2.13199231703025        0.17158528047956
O           -3.25637317792601       -2.58856699933654       -1.08041224170770
C           -1.29365393213394       -2.37418971006108        0.24181368882408
O           -0.99070126873160       -3.74944834265540        0.31372716182700
C           -0.72773348962411       -1.73156807125579        1.51175250366261
O            0.65457380765905       -1.92196008389793        1.63587765996192
C            0.93647380853602        0.06045950868982       -1.21932007510427
O            1.26713842191093       -1.30003294107640       -1.21189393649911
C            2.00681656886353        0.86343035245649       -1.99390447631794
O            1.38836440670478        1.91618731657043       -2.68133740036835
H            4.43481896880057        1.22515921508131        1.25248127973744
H            5.53480161825288        0.93805680203560       -0.12306017477982
H            5.01256516942601       -0.42967435635208        0.90509690406628
H            3.87018115961330        1.92136853010041       -1.51038656460240
H            0.54177649172149        2.64916342144060       -0.53226276694593
H            1.57601971084978        2.27083598916244        2.32031249951224
H           -0.12438938512807        2.60980619229769        1.88441400010952
H            2.00671276856550        4.30834757643978        1.18641372395505
H            1.31725975880470        0.07271000306982        0.92109368009400
H           -0.79818334829979        0.14936700610132        2.57357685531045
H           -2.69507634658533       -0.07940991302038       -0.47753878347170
H           -4.75184622770099        0.66156499352049        0.83590019395931
H           -5.02480077735077       -1.03382779490707        1.27327961900236
H           -5.15680297592695        0.06398660962763       -1.31945940752074
H           -3.28434846323756       -2.70489064646074        0.98444440229776
H           -4.18656672384981       -2.32370205404062       -1.19065192563642
H           -0.81905216025006       -1.93238432427240       -0.64226538097060
H           -1.34153061706423       -4.17974011039800       -0.47905650441683
H           -1.24093399713651       -2.19765473614230        2.37159163585745
H            0.82780861695713       -2.85976665079627        1.44946874243060
H           -0.00526563388215        0.15211593253355       -1.77173446063791
H            2.11251234910369       -1.40805429161339       -0.74862417740423
H            2.48969737224137        0.16243539817527       -2.68820262020824
H            2.00262311194874        2.31260595482094       -3.31724459393680
48
 energy: -84.853235041237 gnorm: 0.001751709123 xtb: 6.7.1 (edcfbbe)
C            4.71404345174071        0.51292538524692        0.46765888934159
O            3.59864193077740        0.23186783290573       -0.37142321407566
C            3.06520220647173        1.36640461496939       -1.00090373777611
O            2.52842942092178        2.28070694521838       -0.08522303866147
C            1.14458889351720        2.11923313799232        0.21787805114370
C            0.91995550543271        2.75848678863007        1.59191050413551
O            1.13925274405054        4.14361596529574        1.57642978123414
C            0.72036936104195        0.64137571010532        0.20039342548671
O           -0.65389122085892        0.62210177054008        0.57252946528317
C           -1.11411878383240       -0.23808876512698        1.59055672434915
O           -2.50809110196742       -0.15679612205289        1.57293087149872
C           -3.10374002696297       -0.63873516099550        0.37252609874483
C           -4.61197438155950       -0.37532411535651        0.50325777645077
O           -5.30513208603813       -0.65641233771884       -0.68721550878305
C           -2.80690875265381       -2.13388751989495        0.17282233467287
O           -3.25680622567356       -2.59521124494211       -1.07697142897023
C           -1.29322277124993       -2.37550260598863        0.24372268671127
O           -0.99012555563338       -3.75035158663559        0.32125436134476
C           -0.72899377575673       -1.72886808150433        1.51235932507075
O            0.65345305095428       -1.91682380814664        1.63865825819499
C            0.93470935247014        0.06601699426554       -1.22066542672674
O            1.26107042792227       -1.29520747921298       -1.21540294169996
C            2.00618123231925        0.86709057006416       -1.99537180689427
O            1.38946888568327        1.92141911034553       -2.68191107619912
H            4.43448628706611        1.21739995866927        1.25314763324599
H            5.53356805712997        0.93104071174328       -0.12326229514370
H            5.00771173817278       -0.43804769194438        0.90130540317830
H            3.87248893749817        1.92002389737917       -1.51083095221970
H            0.54476650330203        2.65535388693572       -0.52962633179573
H            1.57932257581957        2.26883577875533        2.32204597241253
H           -0.12006991184373        2.61185336443530        1.88580356881131
H            2.01493649519438        4.30965725439938        1.19752181092188
H            1.31846545864776        0.07529944215366        0.91976744766811
H           -0.80264857884044        0.15145982906241        2.57307337303670
H           -2.69587277890996       -0.08392286754196       -0.48422265051984
H           -4.75397464871049        0.65917900200657        0.82854923126111
H           -5.02450810026010       -1.03575539426013        1.26941803514995
H           -5.15906754229011        0.05624752644436       -1.32564063170455
H           -3.28342252235517       -2.70370573730062        0.98822546966326
H           -4.18726537001490       -2.33131730814844       -1.18763871307051
H           -0.81844547069362       -1.93695968293032       -0.64186364690246
H           -1.33961159634473       -4.18411375425412       -0.47019352148042
H           -1.24277733111362       -2.19460920867462        2.37206816831326
H            0.82772417388834       -2.85606063075523        1.46097879356915
H           -0.00782963430917        0.16167886308507       -1.77120270777608
H            2.10789281026854       -1.40605180665417       -0.75536397370026
H            2.48747650610869        0.16575629307938       -2.69041768681199
H            2.00428670216547        2.31671540550254       -3.31795843289768
48
 energy: -84.853298864238 gnorm: 0.001410514105 xtb: 6.7.1 (edcfbbe)
C            4.70915442730444        0.50045994033641        0.46565042565004
O            3.59228666819546        0.22899458759054       -0.37438445739235
C            3.06584680681790        1.36760279834414       -1.00223517932384
O            2.53329082577443        2.28379524469728       -0.08567004679520
C            1.14926681063767        2.12676006302971        0.22162137811761
C            0.93048344431008        2.76485723785080        1.59718628588582
O            1.15603796476796        4.14790177012867        1.58429826411210
C            0.72118980427824        0.64900769751370        0.20075760784421
O           -0.65285539978984        0.62671520904801        0.57237353989730
C           -1.11786352186759       -0.23501853137275        1.58792846187126
O           -2.51133150199776       -0.15097819047476        1.56180376069988
C           -3.10407248419384       -0.64221312364087        0.36380757090483
C           -4.61289377943888       -0.38020384091245        0.49248319261256
O           -5.30653289880923       -0.67017573636103       -0.69553456214774
C           -2.80697651399584       -2.13839658189148        0.17471699207267
O           -3.25921440522699       -2.60915626397916       -1.07042965687633
C           -1.29322589451509       -2.37944378277755        0.24622014461759
O           -0.99076481823721       -3.75384653506741        0.33401314020627
C           -0.73073701775927       -1.72588913573988        1.51243852892308
O            0.65228139736093       -1.90793786464874        1.64013207700541
C            0.93107031156951        0.07714912349223       -1.22192241294816
O            1.24924598614972       -1.28544032344570       -1.22055355594915
C            2.00447186158473        0.87432797983088       -1.99729811997778
O            1.39062939469709        1.93110492773319       -2.68245616667926
H            4.43364419090562        1.20215620470892        1.25507740599803
H            5.53060142565937        0.91742817157379       -0.12335133538350
H            4.99781469672905       -0.45440711937641        0.89411546667656
H            3.87628227871142        1.91805525804271       -1.51057420909478
H            0.54999123435916        2.66829017372178       -0.52325419608926
H            1.58709343836929        2.27071330992704        2.32664608883463
H           -0.11040749823982        2.62300648085910        1.89095262873619
H            2.03604051368613        4.31330770210525        1.21498275159283
H            1.32098987733547        0.08100529027367        0.91819461111753
H           -0.81135668412471        0.15314555470257        2.57264204894347
H           -2.69607346125310       -0.09357197854221       -0.49682727081673
H           -4.75651239415833        0.65587359606923        0.81164059348240
H           -5.02352889802922       -1.03703641876355        1.26282725155939
H           -5.16332863004084        0.03854213570220       -1.33897750319013
H           -3.28215417271220       -2.70197205241253        0.99538121513273
H           -4.19016590806869       -2.34640655771925       -1.18116596543282
H           -0.81794194779439       -1.94726590328007       -0.64207320194654
H           -1.33921737913290       -4.19385048483577       -0.45437644953245
H           -1.24373838571636       -2.19274526069426        2.37212083459135
H            0.82874790952527       -2.84986512717549        1.48063662766345
H           -0.01271856948551        0.18008367017047       -1.76947035637230
H            2.09773257882819       -1.40156595454006       -0.76471398916322
H            2.48306381042100        0.17211451958007       -2.69342449799379
H            2.00634904696349        2.32498125105589       -3.31847202430725
48
 energy: -84.853334727084 gnorm: 0.001384473291 xtb: 6.7.1 (edcfbbe)
C            4.70566754315533        0.49100423344176        0.46430365663775
O            3.58804320831466        0.22640606371532       -0.37678492031420
C            3.06604148717646        1.36848032745211       -1.00202987040427
O            2.53592969535854        2.28446090672150       -0.08402474547024
C            1.15126242576931        2.13056331001547        0.22390301636114
C            0.93666541749663        2.76756966206449        1.60092429708375
O            1.16770425813084        4.14987462719660        1.58861753352616
C            0.72028347695288        0.65349957405654        0.20036627427941
O           -0.65392802625904        0.63069392055168        0.57070080063651
C           -1.12048026578486       -0.23198211873038        1.58510878558073
O           -2.51373361556071       -0.14840571301604        1.55579076698379
C           -3.10435339263892       -0.64467306470276        0.35889780171717
C           -4.61355799708376       -0.38273880425763        0.48471942455293
O           -5.30673735831279       -0.68095830380548       -0.70153574682887
C           -2.80675299564541       -2.14157442829144        0.17690567701156
O           -3.25972880847019       -2.61925544226960       -1.06533842918970
C           -1.29292869137981       -2.38176782609123        0.24898736465281
O           -0.99057719852303       -3.75593920511887        0.34344637798666
C           -0.73073343763566       -1.72283268169131        1.51277351015032
O            0.65276775691595       -1.90131678003253        1.64004550493022
C            0.92778804679117        0.08505128629574       -1.22415683517309
O            1.24062915633907       -1.27879208286799       -1.22652810095236
C            2.00332966824800        0.88049479717142       -1.99831225823063
O            1.39235110487031        1.94018028945872       -2.68155857317959
H            4.43245525488324        1.19051774298016        1.25647048517631
H            5.52852814240353        0.90752296381796       -0.12303458155453
H            4.99105508132270       -0.46649525576363        0.88908756825850
H            3.87854827186774        1.91759166952158       -1.50842298968216
H            0.55316256795782        2.67578193635031       -0.51916723056563
H            1.59236719641495        2.27029350974485        2.32917601047353
H           -0.10440646767366        2.62991320137895        1.89646606255934
H            2.05056186061854        4.31267966840304        1.22484962034936
H            1.32003156371346        0.08296625534228        0.91593331996017
H           -0.81655322834436        0.15715143793047        2.57012575583278
H           -2.69537891483657       -0.09988956372090       -0.50369523992238
H           -4.75801000421887        0.65528302355346        0.79716377496001
H           -5.02389175826668       -1.03501412231467        1.25912971810713
H           -5.16444766477009        0.02363803752613       -1.34968887590164
H           -3.28115626122043       -2.70106988074923        1.00087931708819
H           -4.19082733074159       -2.35694545990374       -1.17670196946354
H           -0.81716616606192       -1.95362564137077       -0.64097059280458
H           -1.33966057277765       -4.19991188863419       -0.44244012134041
H           -1.24221258030007       -2.18866913016982        2.37398010226547
H            0.83048580681135       -2.84505300806778        1.49351762169871
H           -0.01598885026829        0.19279285275709       -1.77094029433135
H            2.08855148463389       -1.39926747419201       -0.77073480240241
H            2.48006398288819        0.17816979134002       -2.69566276717824
H            2.00893166785837        2.33358991842054       -3.31705746652480
48
 energy: -84.853366823652 gnorm: 0.000908231507 xtb: 6.7.1 (edcfbbe)
C            4.70249310150407        0.48220900884104        0.46324266148297
O            3.58437021481318        0.22360721966407       -0.37893285720638
C            3.06576136072080        1.36902444945786       -1.00093793316509
O            2.53764409586341        2.28377338064560       -0.08092778266178
C            1.15211799407294        2.13289816701362        0.22582729071116
C            0.94059114024064        2.76949028534038        1.60360381715138
O            1.17731908087503        4.15136187232055        1.59036452817010
C            0.71845781061393        0.65699475020575        0.20014846164848
O           -0.65601495936237        0.63432626513901        0.56920612361417
C           -1.12233041083217       -0.22950744640346        1.58277727228313
O           -2.51555722362278       -0.14795619657498        1.55287263409702
C           -3.10420083413393       -0.64673318416287        0.35603299603791
C           -4.61361439118024       -0.38393646045338        0.47797875604113
O           -5.30557997660893       -0.69175708055781       -0.70657420412922
C           -2.80639759593419       -2.14421062758367        0.17936649954058
O           -3.25936082715374       -2.62737715925525       -1.06078420419169
C           -1.29252354413686       -2.38338698549990        0.25181526292635
O           -0.99000419185702       -3.75734124947477        0.35089986515040
C           -0.72983139123255       -1.72000370343292        1.51304017831824
O            0.65410787510811       -1.89608960402838        1.63881849875450
C            0.92463005340657        0.09196718084511       -1.22627410100799
O            1.23353090438674       -1.27290978898079       -1.23285093076921
C            2.00216607461001        0.88637142451123       -1.99876589509824
O            1.39394842269310        1.94937929439370       -2.67929041886912
H            4.43102746778467        1.17971992775074        1.25775856177335
H            5.52666785834850        0.89839878274688       -0.12248700327058
H            4.98512087812603       -0.47751276522443        0.88480888346109
H            3.87993079343111        1.91734174318349       -1.50540531908896
H            0.55574106054969        2.68074885978310       -0.51629480013874
H            1.59578882348077        2.27013380659460        2.33073607128224
H           -0.10045389087401        2.63628689091018        1.90112365705141
H            2.06229746351221        4.30952982677019        1.22974358828983
H            1.31737289863143        0.08382469978086        0.91388983922050
H           -0.81988577528665        0.16101408697191        2.56759791970975
H           -2.69314809636428       -0.10453274405096       -0.50712736507715
H           -4.75854212868287        0.65664575729482        0.78172701344657
H           -5.02468225610596       -1.02997983386777        1.25723005729359
H           -5.16282657217716        0.00758772711631       -1.36029575885592
H           -3.28034922611782       -2.70058755807110        1.00568353162454
H           -4.19041547651136       -2.36510350601247       -1.17298919791941
H           -0.81669609305130       -1.95819223255316       -0.63954331888935
H           -1.34122318670782       -4.20405601219527       -0.43246409031125
H           -1.23931723866416       -2.18411111523909        2.37625246963938
H            0.83262876324677       -2.84078785314344        1.50195448327478
H           -0.01882904614866        0.20351655029260       -1.77268003941363
H            2.07957774269336       -1.39760769733886       -0.77482444228185
H            2.47708528642460        0.18446031594271       -2.69777214929332
H            2.01140170753560        2.34306166297168       -3.31379537298297
48
 energy: -84.853395915450 gnorm: 0.000629632160 xtb: 6.7.1 (edcfbbe)
C            4.69879444666537        0.47188535549554        0.46221923443276
O            3.58023060994412        0.22000633944654       -0.38133587985241
C            3.06534116903636        1.36926509757340       -0.99951139856208
O            2.53945509965551        2.28227007407553       -0.07683183016205
C            1.15288791563658        2.13512467691750        0.22762363371906
C            0.94335418268168        2.77148299164977        1.60581675430092
O            1.18626491660534        4.15292675543659        1.59207555946523
C            0.71661605035105        0.66050323013142        0.19990220286615
O           -0.65811904330413        0.63808870297220        0.56798906530582
C           -1.12354544484624       -0.22700686243813        1.58084291983466
O           -2.51691235977522       -0.14775824794629        1.55119366749159
C           -3.10341387682512       -0.64845602195857        0.35383151411978
C           -4.61290778045679       -0.38414724392868        0.47073863780492
O           -5.30316316081044       -0.70473456525631       -0.71157185886059
C           -2.80559186675590       -2.14658728034500        0.18223410706185
O           -3.25829833099288       -2.63519187052811       -1.05590175019912
C           -1.29163401909998       -2.38467384603876        0.25494429692650
O           -0.98857523241391       -3.75835322364470        0.35809958317493
C           -0.72831805368039       -1.71692752947842        1.51347439247965
O            0.65614247648721       -1.89098295926796        1.63740973439826
C            0.92060682053536        0.09901042528939       -1.22859132062999
O            1.22543502752643       -1.26689342003046       -1.23976419904656
C            2.00023325859993        0.89307968802444       -1.99871120235517
O            1.39529556458268        1.96024997921841       -2.67568174419077
H            4.42924309254786        1.16739566783091        1.25911755646337
H            5.52462681976217        0.88745109916756       -0.12164085935254
H            4.97803951203224       -0.49030180142645        0.88048330155820
H            3.88139915662642        1.91672604786779       -1.50187499186105
H            0.55885786548693        2.68536672104405       -0.51431326760850
H            1.59715990044248        2.26965786038981        2.33240233865980
H           -0.09796716186828        2.64272826424559        1.90405883791740
H            2.07281057488583        4.30555813250717        1.23279523575568
H            1.31444329456490        0.08448903287093        0.91181818612699
H           -0.82222351040021        0.16490737567664        2.56553011792752
H           -2.68929812221436       -0.10854603629873       -0.50925003289000
H           -4.75850240740149        0.65977047934701        0.76276989504338
H           -5.02505553445720       -1.02178699191503        1.25633972217182
H           -5.15895371608228       -0.01263628067656       -1.37270139999889
H           -3.27920611556995       -2.69982714506407        1.01084417527508
H           -4.18927027581532       -2.37277167260346       -1.16912853026211
H           -0.81619866520367       -1.96201987801796       -0.63797416378125
H           -1.34294028807085       -4.20764053520329       -0.42242272017270
H           -1.23572586462745       -2.17907463063465        2.37886316045518
H            0.83532043671882       -2.83664474906481        1.50910445821522
H           -0.02273697492313        0.21479985543412       -1.77425351336486
H            2.06922385071995       -1.39629264275965       -0.77895576627408
H            2.47277774123770        0.19193819330612       -2.70000547112760
H            2.01399256199781        2.35456652202569       -3.30861665113527
48
 energy: -84.853416241789 gnorm: 0.000771787340 xtb: 6.7.1 (edcfbbe)
C            4.69518368325850        0.46168888291822        0.46097486022107
O            3.57621554701836        0.21610837390675       -0.38386532754192
C            3.06473439076034        1.36893759324063       -0.99835458813110
O            2.54140141855144        2.28061316786374       -0.07291092483282
C            1.15390704087447        2.13721099446825        0.22931726455116
C            0.94468900144998        2.77324164917986        1.60761833461431
O            1.19298719131745        4.15402413457119        1.59440500495358
C            0.71493792323773        0.66378913322155        0.20003456407480
O           -0.65992159596124        0.64128627783856        0.56794727278323
C           -1.12441648137606       -0.22497062841174        1.58006834550063
O           -2.51793502053766       -0.14732270665931        1.55023604866944
C           -3.10212568789634       -0.64947875991509        0.35200554848276
C           -4.61164070189296       -0.38385708441261        0.46402828911257
O           -5.30040565869957       -0.71722857360207       -0.71576486717661
C           -2.80450759843167       -2.14825849123205        0.18493916509416
O           -3.25680242022612       -2.64139034564614       -1.05149702202094
C           -1.29047186336738       -2.38535716812564        0.25798716676605
O           -0.98668916851775       -3.75868973474342        0.36425729593383
C           -0.72708925292276       -1.71431898208924        1.51454825862252
O            0.65773583798409       -1.88688274657863        1.63762578986783
C            0.91729424534898        0.10576160024925       -1.23030550878674
O            1.21821147803513       -1.26093685335527       -1.24620287773326
C            1.99852879540577        0.89886181554079       -1.99919367331224
O            1.39621155210564        1.97000792773527       -2.67221627580421
H            4.42746866162843        1.15543993310836        1.26001717446456
H            5.52267316472983        0.87634112429066       -0.12115965619392
H            4.97121670468102       -0.50268117441679        0.87629199891476
H            3.88244984290924        1.91536518730775       -1.49905317172452
H            0.56221729829480        2.68922301178178       -0.51296355637967
H            1.59618703191860        2.26896520563961        2.33451020572555
H           -0.09730649175690        2.64812233376072        1.90489547865365
H            2.08016373386346        4.30227538890472        1.23480330131106
H            1.31229611836772        0.08555054418377        0.91015280743436
H           -0.82411018914218        0.16789813250282        2.56480181056844
H           -2.68477402731868       -0.11144870102359       -0.51066367945208
H           -4.75785431208287        0.66322869231976        0.74417542555181
H           -5.02479814656249       -1.01291268414127        1.25598563381295
H           -5.15440813505533       -0.03266664772476       -1.38434524385695
H           -3.27803000731176       -2.69871848074218        1.01545510604889
H           -4.18776547246419       -2.37890195912580       -1.16561755943721
H           -0.81543421278151       -1.96458669392898       -0.63612463922178
H           -1.34354826301016       -4.21004302031098       -0.41395398990746
H           -1.23309613600109       -2.17516581947923        2.38134950060672
H            0.83752849955070       -2.83290545589730        1.51429609119515
H           -0.02607888052493        0.22563722638219       -1.77492533113542
H            2.06028807762700       -1.39489501565399       -0.78364178015979
H            2.46864652760573        0.19866778300098       -2.70308678339980
H            2.01603049688989        2.36536474761657       -3.30339755015696
48
 energy: -84.853429853882 gnorm: 0.000721499193 xtb: 6.7.1 (edcfbbe)
C            4.69225699121668        0.45287668138710        0.45967346164224
O            3.57281328140607        0.21282969483360       -0.38607345576468
C            3.06452704442125        1.36867337189913       -0.99755189207703
O            2.54307531467796        2.27922754170695       -0.06985522081638
C            1.15489151928620        2.13892107025135        0.23050965374599
C            0.94518474832506        2.77450853739248        1.60887522725852
O            1.19744263002083        4.15461534046939        1.59748015008457
C            0.71438056211018        0.66609439879036        0.20004777398636
O           -0.66041750223225        0.64347096851662        0.56804828111226
C           -1.12482660052196       -0.22321411474794        1.57975862907351
O           -2.51844863516822       -0.14612772509699        1.54919477703405
C           -3.10070107276662       -0.64990123770090        0.35039204065958
C           -4.61019158122707       -0.38312633175635        0.45843863470827
O           -5.29798695084521       -0.72770060845636       -0.71878401614791
C           -2.80312305015904       -2.14917049729091        0.18698755826911
O           -3.25508047232025       -2.64590956797653       -1.04804839100461
C           -1.28905257342291       -2.38558929387114        0.26059801998011
O           -0.98450785342195       -3.75859160932567        0.36906639259187
C           -0.72631496872928       -1.71218037336368        1.51601689805359
O            0.65871432433502       -1.88359721850347        1.63929148528488
C            0.91381485218492        0.11067426608395       -1.23181626772194
O            1.21136920242493       -1.25666727242244       -1.25138006266423
C            1.99650812425479        0.90380355205597       -1.99879515659960
O            1.39660284537070        1.97800767089140       -2.66909235991081
H            4.42628432775393        1.14530301458421        1.26041876592373
H            5.52112759562873        0.86651164422105       -0.12118972372279
H            4.96536895956718       -0.51338672050977        0.87254760439967
H            3.88374150508488        1.91423672988117       -1.49682111887836
H            0.56518027323379        2.69240759509695       -0.51222976070429
H            1.59385081756687        2.26775529619262        2.33662695293904
H           -0.09769168950278        2.65184752155033        1.90402192601280
H            2.08451754283716        4.30044217511476        1.23664736132964
H            1.31161475142835        0.08604814052794        0.90871162302556
H           -0.82552919936220        0.17032155727492        2.56466175835019
H           -2.68073428878502       -0.11355359408409       -0.51200279199898
H           -4.75702675046464        0.66653014058921        0.72830051359438
H           -5.02383414368137       -1.00479691967873        1.25587671927768
H           -5.15042664817867       -0.04995787618377       -1.39390669684921
H           -3.27669609454717       -2.69724924789408        1.01903413287190
H           -4.18612293646250       -2.38351119702282       -1.16270689073438
H           -0.81420005683414       -1.96598208651545       -0.63422633971418
H           -1.34277234382422       -4.21149142184493       -0.40759053236926
H           -1.23186674409442       -2.17204836482287        2.38360297623365
H            0.83906130935590       -2.82988801005454        1.51837494196119
H           -0.02981908694962        0.23426785807023       -1.77524696758025
H            2.05292118780571       -1.39414636900135       -0.78899071536361
H            2.46452494066595        0.20436329599627       -2.70468158626034
H            2.01759113198460        2.37404272975774       -3.29873057540407
48
 energy: -84.853439194282 gnorm: 0.000461241052 xtb: 6.7.1 (edcfbbe)
C            4.68974711692520        0.44504461706341        0.45807498111488
O            3.56970690247921        0.20992091162742       -0.38824551348727
C            3.06400436953940        1.36824907463475       -0.99705129016719
O            2.54459035273530        2.27818907834158       -0.06730205551660
C            1.15590861103294        2.14035695239462        0.23178055462176
C            0.94516850301336        2.77530781588781        1.61019864701542
O            1.20053871484279        4.15466725925293        1.60097214759998
C            0.71381823350347        0.66805215170210        0.20046549685588
O           -0.66084566087431        0.64519336606969        0.56886779048413
C           -1.12552247537794       -0.22170981468473        1.58013966382548
O           -2.51914195920885       -0.14448242607219        1.54812039910194
C           -3.09939074098381       -0.64996018251650        0.34883946084842
C           -4.60892044952559       -0.38248629578044        0.45367237471171
O           -5.29609210668209       -0.73647882591972       -0.72111858368598
C           -2.80187577960038       -2.14969788326534        0.18873384409876
O           -3.25331690133939       -2.64933452137629       -1.04524245990484
C           -1.28775923716773       -2.38544740720880        0.26303854116088
O           -0.98231874200869       -3.75812048074777        0.37304523707859
C           -0.72610458401261       -1.71033697067871        1.51788335697685
O            0.65902875707213       -1.88066545334931        1.64213455520877
C            0.91186108775996        0.11524335292342       -1.23268189828175
O            1.20634060201163       -1.25259749574716       -1.25563685042702
C            1.99527277817740        0.90751527912722       -1.99943075176785
O            1.39685531654991        1.98412143992788       -2.66718681533343
H            4.42563170165914        1.13640098191098        1.26035153218256
H            5.51982288892865        0.85759272161968       -0.12183364408025
H            4.96012414483050       -0.52290727592783        0.86883716590723
H            3.88432597558681        1.91301132522149       -1.49527056879427
H            0.56770504239533        2.69480533950540       -0.51141338319771
H            1.59100840577522        2.26616434769262        2.33888214520325
H           -0.09868155447939        2.65444332750248        1.90279334373978
H            2.08729235419634        4.29934246888962        1.23885759731129
H            1.31140054632154        0.08680810345279        0.90778048851593
H           -0.82732163364472        0.17233729930906        2.56528306120184
H           -2.67735085189226       -0.11516081049309       -0.51350622585095
H           -4.75619475191057        0.66924228974275        0.71482359397330
H           -5.02277903887342       -0.99786673827083        1.25579066953413
H           -5.14713095709210       -0.06473803254891       -1.40183131016119
H           -3.27558748362195       -2.69586511798449        1.02196123628375
H           -4.18456828879767       -2.38743016721575       -1.16024433583607
H           -0.81295340399479       -1.96647888361564       -0.63212400197038
H           -1.34106825310304       -4.21225679441800       -0.40265875831088
H           -1.23179279434383       -2.16966502232402        2.38569240815699
H            0.84002097436528       -2.82700543855173        1.52166856527774
H           -0.03203169899037        0.24205210890158       -1.77485818464673
H            2.04832513865253       -1.39303835719346       -0.79496117759116
H            2.46165230579332        0.20868043863188       -2.70706548742892
H            2.01859306271799        2.38098148009062       -3.29554182442551
48
 energy: -84.853444277514 gnorm: 0.000263765227 xtb: 6.7.1 (edcfbbe)
C            4.68812101928919        0.43917177289474        0.45661459934878
O            3.56741864999953        0.20802717923921       -0.38988137221894
C            3.06389379009814        1.36821768586022       -0.99679745228035
O            2.54572851725027        2.27769952295982       -0.06573084977666
C            1.15675650521379        2.14146602248717        0.23268431191697
C            0.94529457431382        2.77569538368692        1.61131611221330
O            1.20278934882929        4.15446447366471        1.60419990091923
C            0.71376849389648        0.66941045752673        0.20070909021213
O           -0.66075830071549        0.64643353447302        0.56924269300475
C           -1.12617316085470       -0.22035747194136        1.58028069320052
O           -2.51972636030633       -0.14272142182850        1.54670622954707
C           -3.09854376739279       -0.64992777039036        0.34738014535870
C           -4.60817283804005       -0.38217029985863        0.45006230986540
O           -5.29511387174490       -0.74285821443136       -0.72277689841407
C           -2.80082032703564       -2.14996170319370        0.18992949104418
O           -3.25172935611915       -2.65176550706179       -1.04330154526752
C           -1.28664931593551       -2.38505211356513        0.26499873693815
O           -0.98045647158141       -3.75744717036082        0.37611131063403
C           -0.72629457204125       -1.70882143105367        1.51970734393905
O            0.65882104297586       -1.87830917145884        1.64532019644850
C            0.90997496607677        0.11822874465761       -1.23337250253840
O            1.20242890712487       -1.24993989363534       -1.25862121417372
C            1.99413274891697        0.91028304640134       -1.99934284901597
O            1.39684581223853        1.98824979802940       -2.66584179914017
H            4.42579085550526        1.12989459282911        1.26000667745597
H            5.51911095415888        0.85049603548750       -0.12282321219062
H            4.95612253384684       -0.53009023644306        0.86581870030086
H            3.88510324426184        1.91242721985581       -1.49417349980530
H            0.56943687478169        2.69664419709680       -0.51069006990123
H            1.58899043575897        2.26464506986387        2.34059410436432
H           -0.09924882463935        2.65606122022992        1.90203859790767
H            2.08935046183759        4.29875240031151        1.24145560789625
H            1.31159450823405        0.08722581419459        0.90706221479638
H           -0.82905875271562        0.17417892269088        2.56563102772265
H           -2.67524850062352       -0.11648110530275       -0.51518038967138
H           -4.75577729030696        0.67096184677454        0.70510368838577
H           -5.02198328269284       -0.99308920297210        1.25554636428497
H           -5.14524815078661       -0.07550683153237       -1.40753331206629
H           -3.27474274825856       -2.69471788955564        1.02395389095956
H           -4.18328953853290       -2.39076193649021       -1.15841389663098
H           -0.81164168309735       -1.96640602096161       -0.63022566796962
H           -1.33876185302036       -4.21244503550048       -0.39929008407779
H           -1.23244652944994       -2.16779405937239        2.38747254855823
H            0.84042217559329       -2.82447018935546        1.52414917541384
H           -0.03420391874304        0.24735532886984       -1.77456506341878
H            2.04558073291945       -1.39207134267029       -0.80058911389024
H            2.45947974979226        0.21179204906046       -2.70796281411861
H            2.01912705097666        2.38537683568390       -3.29349841890066
48
 energy: -84.853446440965 gnorm: 0.000174693165 xtb: 6.7.1 (edcfbbe)
C            4.68746275591916        0.43597754019790        0.45549166791313
O            3.56617460001705        0.20708357534235       -0.39080611091547
C            3.06368467732422        1.36822085641281       -0.99668670430269
O            2.54624480719817        2.27751086773122       -0.06494555631323
C            1.15717185433763        2.14199902594394        0.23328018258122
C            0.94572973889020        2.77571048422266        1.61214980930177
O            1.20435648214967        4.15418233682273        1.60638698904091
C            0.71374122588248        0.67004237852667        0.20097297106100
O           -0.66079210759619        0.64720676564725        0.56933482793267
C           -1.12695120374398       -0.21927988638903        1.58032404346662
O           -2.52043669043759       -0.14133781730600        1.54559109195861
C           -3.09837584063307       -0.64994027461167        0.34639942655351
C           -4.60811002240178       -0.38230370623042        0.44806135852807
O           -5.29490538957882       -0.74606816258140       -0.72384791082729
C           -2.80023327171862       -2.15007040333244        0.19041302007856
O           -3.25057788672818       -2.65317363076911       -1.04248618352890
C           -1.28605422740963       -2.38473399700898        0.26622127746948
O           -0.97924787420905       -3.75693945814404        0.37800429659300
C           -0.72675330958243       -1.70761667924403        1.52087346811649
O            0.65832090949187       -1.87656345562071        1.64763971256083
C            0.90930995146225        0.11976993073526       -1.23361499795786
O            1.20060574327112       -1.24861773064261       -1.25990212181391
C            1.99356332162935        0.91169935118016       -1.99953037560907
O            1.39677035455264        1.99030902105116       -2.66544983053826
H            4.42643634616368        1.12653691482997        1.25943301969648
H            5.51891281111731        0.84636770616012       -0.12393192756318
H            4.95405835854410       -0.53397787056831        0.86395724472401
H            3.88528606471312        1.91216216572742       -1.49366171832985
H            0.57021187796634        2.69773650773848       -0.51000847080492
H            1.58840044668452        2.26342508522124        2.34150282693229
H           -0.09913216011211        2.65670946146963        1.90201154726465
H            2.09100437273559        4.29834050696928        1.24381277841550
H            1.31154152959682        0.08727748666548        0.90689743261683
H           -0.83062042546985        0.17574511347787        2.56576328439853
H           -2.67469270162472       -0.11729829169297       -0.51645885832390
H           -4.75606882039209        0.67132905402631        0.70057546538411
H           -5.02170680290602       -0.99138047938401        1.25496252536589
H           -5.14485555760278       -0.08068832321578       -1.41041892121777
H           -3.27428611923906       -2.69410987453013        1.02480761685034
H           -4.18241746601090       -2.39314022171578       -1.15768561279406
H           -0.81083939668751       -1.96616478880850       -0.62891584171639
H           -1.33649715078554       -4.21239549264842       -0.39761533259379
H           -1.23339792494171       -2.16617905946930        2.38860326698887
H            0.84037980258293       -2.82273161924066        1.52604002249072
H           -0.03501589185269        0.25005565814976       -1.77426597427333
H            2.04494430949779       -1.39144357617391       -0.80424189456903
H            2.45845213163842        0.21332669721597       -2.70858408948367
H            2.01919830749946        2.38742344393067       -3.29296900357024
