48
 energy: -84.812459103125 gnorm: 0.074970105085 xtb: 6.7.1 (edcfbbe)
C            5.12407620374537        2.74220338175757       -0.96676950748342
O            4.76761919299204        1.38033302788733       -1.10446621180445
C            3.41118158064349        1.14492489892584       -1.07442697153579
O            2.94604825173957        1.38706116798171        0.24141428665646
C            1.57385792728528        1.16675018294241        0.43409264019883
C            1.31317907425779        1.55332961399713        1.90378738853208
O           -0.03375289230371        1.55927995947772        2.27788451714187
C            1.18142568788922       -0.29478424318289        0.12950164148888
O           -0.24222780270733       -0.35366362878687        0.17164133172178
C           -0.86127599388200       -1.45888741347156        0.76055852268007
O           -1.63820668991960       -1.02279973820998        1.85322955024868
C           -2.68631341005066       -0.12561716008536        1.50249973011561
C           -3.37793334864233        0.28993025508317        2.80885569158932
O           -4.31226672660241        1.32098005317336        2.59285237042059
C           -3.67138269889778       -0.77603679175052        0.52090924662612
O           -4.65232046696217        0.12636912956236        0.07772587762008
C           -2.88386740200322       -1.25738452001178       -0.70032667895589
O           -3.69348181657330       -1.95761634266164       -1.61362573851111
C           -1.77937600761539       -2.20323089269584       -0.23018217352381
O           -1.04231580180603       -2.69794318837053       -1.31585187482988
C            1.69891583405391       -0.71185220155181       -1.25841548870123
O            1.65513642985503       -2.10212543285647       -1.45324051472651
C            3.16849580558852       -0.31357795548574       -1.46767823049329
O            3.51179440200211       -0.47487434234949       -2.81532654620300
H            4.79344772202022        3.13773652305996       -0.00315369613215
H            4.68832427820596        3.34023230337203       -1.77495976695919
H            6.20909434784537        2.77306532862511       -1.02939632898695
H            2.86974262816566        1.80848911557525       -1.78234590425295
H            0.97687628345814        1.81231910855593       -0.23142814769680
H            1.67981771171309        2.57174259281869        2.05060756243058
H            1.90448625170569        0.88035259891712        2.53951575190720
H           -0.38349682579796        0.66264446643720        2.18432478220920
H            1.61908376842784       -0.96219691294099        0.88415955510424
H           -0.12576460736901       -2.15662169937569        1.18037505186267
H           -2.26578360027586        0.76759310366850        1.01509178231893
H           -2.61287074954115        0.58422804538597        3.53444186581239
H           -3.93862067939832       -0.55517865756683        3.21475561845717
H           -3.83491146261738        2.13888956970036        2.40837212383462
H           -4.14199519149760       -1.64945504015420        1.00481696414219
H           -4.99081491346033        0.60261074898622        0.85319483110002
H           -2.42584169889019       -0.38463493392723       -1.19205892839550
H           -4.50080075447731       -1.44139978885810       -1.72803492294758
H           -2.24271303369805       -3.03933461750938        0.31807023379439
H           -1.67914283738348       -2.88585035737629       -2.01977070144256
H            1.08663172644374       -0.19427582636030       -2.01467953060657
H            0.72856526875754       -2.39694497811840       -1.43390577660550
H            3.79967751648313       -0.94312521862747       -0.82383672616623
H            3.30999446330541       -1.39165753433679       -3.04531282486397
48
 energy: -84.817877566985 gnorm: 0.012907086860 xtb: 6.7.1 (edcfbbe)
C            5.12233295311929        2.74289979780283       -0.96458600668238
O            4.76502635856316        1.38101659416410       -1.10044882953997
C            3.40862132315743        1.14465809792694       -1.06931265596011
O            2.94504884222596        1.37678596830743        0.25079461290067
C            1.57276866052259        1.15690209280947        0.45151878599514
C            1.31245786565289        1.54330604673586        1.91846301297172
O           -0.03567922347388        1.55468785875344        2.28703910561336
C            1.17421686772149       -0.28884910774911        0.08756944202552
O           -0.24755930565820       -0.37959078863359        0.12564132810178
C           -0.85584473042536       -1.45450672662415        0.77831757252638
O           -1.64012972479479       -1.00213497364201        1.85689236306191
C           -2.69098436868496       -0.11472272643074        1.49925384831713
C           -3.38177880389682        0.29616966267963        2.80719781666139
O           -4.31704626956050        1.32605960382719        2.59253815985739
C           -3.67223783041006       -0.77456377462090        0.52138975868811
O           -4.65400469350146        0.12474297815569        0.07434304608027
C           -2.87912679317639       -1.26103340598983       -0.69379325843559
O           -3.68722775515288       -1.96270053906046       -1.60759580435996
C           -1.77562682822093       -2.20568317399498       -0.21260484567381
O           -1.03980282470639       -2.70318571280665       -1.29881694807954
C            1.70159190197929       -0.71063026886069       -1.28738662172444
O            1.65760876963989       -2.10253660084586       -1.47007201332769
C            3.17194894275966       -0.31161635814201       -1.47557399706320
O            3.52274618191818       -0.47100628774213       -2.82105566486260
H            4.79272006791747        3.13952363319925       -0.00119017833946
H            4.68675892503725        3.34042092920424       -1.77342012868535
H            6.20735282461494        2.77315321595592       -1.02824059984724
H            2.86680744589289        1.81105022439309       -1.77437655654424
H            0.98052251225039        1.81327174358938       -0.20907493036802
H            1.68135257454500        2.56171509657333        2.06205468364497
H            1.90196034305149        0.86927674759935        2.55370795402883
H           -0.38814886922284        0.65967717441963        2.19049790054687
H            1.61038437674987       -0.95835160114650        0.84363865607930
H           -0.11904625622813       -2.14605077665617        1.20502346921870
H           -2.27202594442749        0.77772426517195        1.00981289926258
H           -2.61616506144840        0.58983092355058        3.53248905202870
H           -3.94017705013646       -0.55088244442171        3.21244592033044
H           -3.83961105476704        2.14378563640912        2.40779822071273
H           -4.14167613365516       -1.64706899834060        1.00800956669632
H           -4.99263135564835        0.60344849559032        0.84839882393908
H           -2.42093071446763       -0.38957715916649       -1.18795024938424
H           -4.49345927614335       -1.44538097911039       -1.72631640231358
H           -2.24262496115213       -3.03987669892971        0.33459693244057
H           -1.67692337497652       -2.88776220399557       -2.00396614414784
H            1.09149140264289       -0.19473782493207       -2.04538244586302
H            0.73097938153015       -2.39734827905568       -1.44358593697379
H            3.79769405080921       -0.94347216659736       -0.82839695851951
H            3.31807157590482       -1.38684145028829       -3.05280002861500
48
 energy: -84.818616353756 gnorm: 0.004359794078 xtb: 6.7.1 (edcfbbe)
C            5.12159094933948        2.74547326547774       -0.96110104696393
O            4.76519416348243        1.38350537104772       -1.09768784383051
C            3.40915119784531        1.14597384341302       -1.06899866719722
O            2.94540621926058        1.36598789678541        0.25293373969135
C            1.57065994095593        1.15097476327447        0.44838685257492
C            1.31276626590200        1.51696937756716        1.92079217929204
O           -0.03567308244287        1.53504077351810        2.28913147209398
C            1.17194083286667       -0.29441384721429        0.07547337480202
O           -0.25028646199673       -0.38321956134924        0.10953542950401
C           -0.85348917673300       -1.44567198157078        0.78707553699475
O           -1.63823052341760       -0.98091884645419        1.85768488861711
C           -2.69414586824771       -0.10208262991770        1.49672358734321
C           -3.38669475020526        0.30819667242875        2.80399452720501
O           -4.32541482008199        1.33499630284008        2.59029804835566
C           -3.67251313686372       -0.77175753453278        0.52348881693331
O           -4.65578012132858        0.12233280044067        0.06903582513211
C           -2.87488646349682       -1.26734382928281       -0.68481326888227
O           -3.67938548857496       -1.97382190326877       -1.59813604109053
C           -1.77479870796130       -2.21223291651439       -0.19450185244237
O           -1.03634737346802       -2.71479277046331       -1.27657428181423
C            1.70071349693302       -0.70089558219087       -1.30325713771681
O            1.65506224874666       -2.09177019870199       -1.48988248071538
C            3.17288286404290       -0.30722733544057       -1.48572838370134
O            3.53513954866660       -0.46043789470205       -2.82929197487655
H            4.79159986484129        3.14188169159782        0.00223543464726
H            4.68591131541030        3.34273746224350       -1.77013789617573
H            6.20657293701033        2.77601869983617       -1.02476074967207
H            2.86602043779281        1.81848771830161       -1.76701167662147
H            0.98206744610491        1.82520607654307       -0.20078957550024
H            1.68597576079564        2.53301609345832        2.07073275630768
H            1.89827723931222        0.83892769128146        2.55592896315684
H           -0.39400476496514        0.64246510328224        2.19182527577698
H            1.60683930727456       -0.97757591531238        0.82247673034150
H           -0.11542742828740       -2.12893814543687        1.22386883264677
H           -2.28205249240845        0.79117303453759        1.00271528474169
H           -2.62176482184281        0.60307938651298        3.52954946728261
H           -3.94195829340507       -0.54119355575291        3.20869024075079
H           -3.84999703148350        2.15388611490988        2.40576026215895
H           -4.14072564507666       -1.64158189870110        1.01596583389206
H           -4.99602485351128        0.60524694993744        0.83979125370126
H           -2.41227705456923       -0.40051287942059       -1.18277014349774
H           -4.48376202569114       -1.45523887614820       -1.72400529572334
H           -2.24396353255656       -3.04338145103412        0.35552355270943
H           -1.67223658731631       -2.89731288758906       -1.98337386018624
H            1.09743539394245       -0.18374629753194       -2.06628641308276
H            0.72878530724463       -2.38739367796950       -1.45377258653342
H            3.79277451874847       -0.94343049572983       -0.83704468024256
H            3.32906819380925       -1.37468841838105       -3.06620658328788
48
 energy: -84.818995999111 gnorm: 0.006106380336 xtb: 6.7.1 (edcfbbe)
C            5.12126345975668        2.74972339304840       -0.95742461939878
O            4.76669382463657        1.38760547115376       -1.09629636920811
C            3.41125889169016        1.14817226343833       -1.06827274000137
O            2.94959104748301        1.35474556761424        0.25610961064891
C            1.57338833799177        1.14219769533872        0.44698529648203
C            1.31561079278546        1.49030671221845        1.92445633495673
O           -0.03314511574302        1.51495645514485        2.29286468014334
C            1.17073416935447       -0.30062793759529        0.06651533334149
O           -0.25261464690445       -0.37974711863769        0.10227357952091
C           -0.85267060913370       -1.43559816894567        0.79234225248993
O           -1.63434863359257       -0.95828379257660        1.85846641862976
C           -2.69680693223017       -0.08853362674014        1.49393107507291
C           -3.39218134426337        0.32331424177967        2.79962973038621
O           -4.33541868119624        1.34540946017036        2.58371643779497
C           -3.67194578135927       -0.76959033437218        0.52543105255932
O           -4.65638815218361        0.11841684998943        0.06108639708497
C           -2.87180342905156       -1.27650376213270       -0.67643812228493
O           -3.67328412939319       -1.98907371510126       -1.58779988658635
C           -1.77437826214235       -2.21923574243080       -0.17640384314874
O           -1.03376495005008       -2.73245851943753       -1.25170021943672
C            1.69803320845798       -0.69206086707217       -1.31920848361941
O            1.64865081270828       -2.08106940931452       -1.52143043248246
C            3.17238663537608       -0.30140967749763       -1.49589345850831
O            3.54294465989764       -0.44571318958543       -2.83831565442997
H            4.79075769199588        3.14464011920582        0.00641888745096
H            4.68479081193602        3.34741962004159       -1.76573995701121
H            6.20617291824000        2.78159362101000       -1.02094571563097
H            2.86560684897432        1.82754810115959       -1.75758179546654
H            0.98635156664806        1.82689408393631       -0.19248725382672
H            1.69715304674547        2.50143003816884        2.08943077337732
H            1.89381553536270        0.79916095839182        2.55232177060535
H           -0.39879480941918        0.62499050805883        2.19483805161208
H            1.60638639823756       -0.99565396967351        0.80154191678894
H           -0.11292809413044       -2.10982640908452        1.23966304159825
H           -2.29307023132686        0.80604423897326        0.99473580643347
H           -2.62905738496087        0.62222308883858        3.52547642616126
H           -3.94433820262505       -0.52782548621927        3.20500347125360
H           -3.86348152062927        2.16659983464854        2.40057741808837
H           -4.13963315592395       -1.63509335038455        1.02604348763534
H           -4.99990879020781        0.60622800451461        0.82721628622782
H           -2.40353814963856       -0.41560089399185       -1.17919073885452
H           -4.47541136955676       -1.46913806067420       -1.72187035872727
H           -2.24304802348768       -3.04454737039881        0.38235173030774
H           -1.66817848243139       -2.91505097607102       -1.95964652669313
H            1.09968344214190       -0.16708567171144       -2.08110052285898
H            0.72313750732422       -2.37778811380490       -1.46739096446554
H            3.78744185667385       -0.94370525033150       -0.84853187788599
H            3.33828036173609       -1.35840315485922       -3.08227199854159
48
 energy: -84.819278507554 gnorm: 0.005562624477 xtb: 6.7.1 (edcfbbe)
C            5.12064553780806        2.75456081010158       -0.95478589248319
O            4.76844311353463        1.39218045635677       -1.09688364794006
C            3.41364729120719        1.15094599875338       -1.06699617297635
O            2.95592774890731        1.34419288091836        0.26039479320849
C            1.57942853192341        1.13241867437675        0.44789876168085
C            1.32256373221702        1.46294942027570        1.93075136766490
O           -0.02622340484362        1.50092941937085        2.29859271956610
C            1.17236040305338       -0.30701796727427        0.06095512645529
O           -0.25175275104696       -0.37640849055123        0.10180027940576
C           -0.85309116478654       -1.42772902630911        0.79661552335840
O           -1.63071405022897       -0.93722623004939        1.86021552167181
C           -2.69921535064219       -0.07589328312869        1.49042008297147
C           -3.39858258040472        0.33904903493731        2.79364269999013
O           -4.34672502410949        1.35539790795113        2.57212578947850
C           -3.67088222816266       -0.76826594070964        0.52602373309722
O           -4.65538568695913        0.11405473918869        0.05048412555170
C           -2.86931063232140       -1.28698059393800       -0.66988743726865
O           -3.66913725781025       -2.00588081335491       -1.57761457314960
C           -1.77407509159074       -2.22552125107385       -0.15881415953782
O           -1.03207064489317       -2.75469434532957       -1.22520758379821
C            1.69420496577027       -0.68208095188752       -1.33421984502599
O            1.63913203425969       -2.06809081871652       -1.56012114949033
C            3.17106633495050       -0.29464214800737       -1.50615377580052
O            3.54541274616105       -0.42850960884224       -2.84846808550315
H            4.78968475147207        3.14706674202150        0.01002052506622
H            4.68291861726620        3.35337820357991       -1.76161329973036
H            6.20546779145124        2.78867759293172       -1.01821140557776
H            2.86488026856700        1.83697239802659       -1.74724409991290
H            0.99292851353986        1.82241081076554       -0.18431805122621
H            1.71764831261806        2.46622965838487        2.11326714722332
H            1.89002444145202        0.75300282980485        2.54816517452074
H           -0.40350024120330        0.61492545361111        2.20182227069976
H            1.60945417647238       -1.01180559728781        0.78368497535426
H           -0.11271065019175       -2.09467630808487        1.25359128503481
H           -2.30223617006851        0.81946919944650        0.98670009852642
H           -2.63805165580374        0.64455690404342        3.51943867405686
H           -3.94778721900177       -0.51288308088533        3.20149195566170
H           -3.87935507397335        2.17988322738536        2.39210797891423
H           -4.13917767873616       -1.62846818148769        1.03530194866888
H           -5.00426377895841        0.60608093361205        0.81130954814538
H           -2.39632708882995       -0.43181701527827       -1.17800280116512
H           -4.46897071147879       -1.48474773317663       -1.71982333336216
H           -2.24120633376477       -3.04235984033030        0.41327780514793
H           -1.66462042129476       -2.93969303608048       -1.93407542773620
H            1.09812324065517       -0.14367576866189       -2.08890365631683
H            0.71510026168070       -2.36640375392433       -1.48226639892754
H            3.78244085091079       -0.94423723327486       -0.86247574135131
H            3.34386417001109       -1.33962852043606       -3.10052764427058
48
 energy: -84.819493508176 gnorm: 0.003959311368 xtb: 6.7.1 (edcfbbe)
C            5.11994888948583        2.75884837007950       -0.95325296242969
O            4.76981324431530        1.39638302068349       -1.10008524958179
C            3.41545370200780        1.15394915871203       -1.06581757634036
O            2.96326148543546        1.33522045313733        0.26498038794938
C            1.58756773501737        1.12280411111416        0.45236331049580
C            1.33347841607305        1.43917159035904        1.93966132628632
O           -0.01476993376337        1.49751369971803        2.30641965453940
C            1.17631290138960       -0.31310111008228        0.05947392709321
O           -0.24788991119069       -0.37591633447026        0.10688207331894
C           -0.85396562128165       -1.42446894122109        0.80071115227377
O           -1.62874613797801       -0.92267884109474        1.86298424795481
C           -2.70065497220874       -0.06704496837748        1.48634260384389
C           -3.40459529018565        0.35344447552193        2.78593027679400
O           -4.35728138985573        1.36380005743813        2.55574546422713
C           -3.66950052424535       -0.76788421202022        0.52475217357623
O           -4.65250906529924        0.11036708012675        0.03845410136735
C           -2.86717581860985       -1.29746919786705       -0.66596258637910
O           -3.66661850738118       -2.02255947192056       -1.56864349213891
C           -1.77388716649283       -2.23090257560475       -0.14356997545605
O           -1.03132432268281       -2.77806944515457       -1.20042330200357
C            1.68959659652079       -0.67134690783074       -1.34536948213339
O            1.62645439038468       -2.05311709694189       -1.59784604533171
C            3.16846705792040       -0.28757777661791       -1.51612459648529
O            3.54114751299799       -0.41064755636032       -2.85956490734620
H            4.78879701611319        3.14759986704764        0.01314165345404
H            4.68070377428497        3.35987878683570       -1.75763743713203
H            6.20467804814806        2.79550099789121       -1.01687722644209
H            2.86334459206061        1.84586732121499       -1.73741326961034
H            1.00014809123942        1.81553698871032       -0.17384077229291
H            1.74719107582180        2.43203654403855        2.13794821042962
H            1.88718264706478        0.70827907200072        2.54592489949812
H           -0.40714891650751        0.61699396188388        2.21199754771739
H            1.61529721096926       -1.02540147136614        0.77148851840102
H           -0.11439169544770       -2.08769053655615        1.26485193202242
H           -2.30638358793644        0.82737619687826        0.97890329849347
H           -2.64702506104277        0.66739491778348        3.51114129839809
H           -3.95122504317786       -0.49799500928123        3.19827602191121
H           -3.89481302888818        2.19176934429361        2.37918964214682
H           -4.13969108430102       -1.62275935347998        1.04117858065475
H           -5.00818809911202        0.60501132920446        0.79420992786958
H           -2.39181150503452       -0.44693514792830       -1.17970866373626
H           -4.46480342643420       -1.50098936896093       -1.71762829657447
H           -2.24058191810073       -3.03819181917089        0.44253991978116
H           -1.66195868047849       -2.96836600914487       -1.90958006764533
H            1.09306014906232       -0.11607285705767       -2.08791426602459
H            0.70480703778353       -2.35291762484329       -1.49671194822738
H            3.77803031815719       -0.94466395563915       -0.87833860928903
H            3.34219376038047       -1.31998399830797       -3.11969568811341
48
 energy: -84.819648992715 gnorm: 0.003346338401 xtb: 6.7.1 (edcfbbe)
C            5.11939049054410        2.76163057496712       -0.95233715712290
O            4.77009679496629        1.39952830918914       -1.10539840087528
C            3.41587218339011        1.15687782519256       -1.06529479379546
O            2.97017096460161        1.32852723019643        0.26895784162224
C            1.59582948694934        1.11498328027931        0.45993064054037
C            1.34625134339747        1.42094064526822        1.95046623488696
O           -0.00109420895751        1.50198962440924        2.31516872085751
C            1.18090492695911       -0.31784086239755        0.06159351763739
O           -0.24290615767430       -0.37778747466698        0.11457672415811
C           -0.85438613832292       -1.42512460202599        0.80495291800616
O           -1.62818033331572       -0.91573821299159        1.86653808723286
C           -2.70025120290894       -0.06253601289040        1.48210773228442
C           -3.40853716682579        0.36554395606839        2.77723866767714
O           -4.36509155492014        1.37012383359781        2.53664731020429
C           -3.66761123315463       -0.76815313605312        0.52208033401933
O           -4.64782944331441        0.10806552699546        0.02683697461018
C           -2.86502037471344       -1.30682899282567       -0.66449458980810
O           -3.66473666386816       -2.03804629029889       -1.56140470785326
C           -1.77342908833895       -2.23549259386477       -0.13209694235825
O           -1.03095696827572       -2.79855521621467       -1.18053184069404
C            1.68427776276459       -0.66088076460639       -1.35118138161263
O            1.61188953010042       -2.03762736456314       -1.62698055113826
C            3.16416687717402       -0.28089961406842       -1.52517329461904
O            3.53027560206323       -0.39398031657818       -2.87088812679642
H            4.78870485205768        3.14540869983314        0.01627221362393
H            4.67872902866174        3.36618303300330       -1.75335548913755
H            6.20401838642362        2.80010665812129       -1.01666954579141
H            2.86071839475414        1.85381532428107       -1.72918204265159
H            1.00599338333816        1.80992635708565       -0.16065289868166
H            1.78006491347714        2.40255814588931        2.16029397798077
H            1.88480636381601        0.67161398783315        2.54791773240663
H           -0.40845904791884        0.62780320650099        2.22142212587958
H            1.62189113979270       -1.03578557323904        0.76557815878631
H           -0.11637380529105       -2.08785600723629        1.27323620031571
H           -2.30445570805392        0.82900526847164        0.97116090069817
H           -2.65394956128469        0.68878802926864        3.50137387493180
H           -3.95286320220763       -0.48447454719728        3.19552017413238
H           -3.90719372115526        2.20090625736509        2.36182737467606
H           -4.14064383103771       -1.61851210607227        1.04315001810244
H           -5.01022715559010        0.60386605535111        0.77847392180569
H           -2.38959837101588       -0.45975493595759       -1.18400572407262
H           -4.46233531185126       -1.51711879800324       -1.71528137134979
H           -2.24175900197847       -3.03412552617067        0.46487361606210
H           -1.66026276263369       -2.99725619205403       -1.88866169744426
H            1.08539620257344       -0.08927678028944       -2.07981381602478
H            0.69327977201694       -2.33882417074046       -1.50828549174236
H            3.77428896286595       -0.94460776489190       -0.89489255157801
H            3.33112959710649       -1.30111221620089       -3.13812784692842
48
 energy: -84.819764562514 gnorm: 0.003233176863 xtb: 6.7.1 (edcfbbe)
C            5.11904286385588        2.76274037496882       -0.95142085634808
O            4.76891545939099        1.40156304132991       -1.11166530966341
C            3.41458056277278        1.15974715385198       -1.06550694973325
O            2.97572333383481        1.32392343222315        0.27203282836678
C            1.60275389652351        1.10942792158834        0.46926182397509
C            1.35844385350537        1.40761309822363        1.96210782127054
O            0.01211555611139        1.50892265093202        2.32411175192860
C            1.18472872971339       -0.32099634074613        0.06597345533007
O           -0.23864926532521       -0.38060367444742        0.12213737430758
C           -0.85395351882290       -1.42776315886842        0.80932325279699
O           -1.62817521735023       -0.91437042945745        1.87026634261732
C           -2.69787142231086       -0.06097500169488        1.47800661157909
C           -3.40965920923427        0.37582854654082        2.76838312123900
O           -4.36959018038685        1.37492582132757        2.51737349437737
C           -3.66504194295191       -0.76854176118047        0.51871619051473
O           -4.64176060971335        0.10736256912638        0.01669679877524
C           -2.86256227469084       -1.31474277770172       -0.66463555380206
O           -3.66273062200269       -2.05215944983308       -1.55565340935999
C           -1.77243924793136       -2.23975570061195       -0.12430518253118
O           -1.03012177536408       -2.81433565045249       -1.16619237830166
C            1.67839284442207       -0.65160111358595       -1.35256968428100
O            1.59754570273907       -2.02324629811316       -1.64582140771521
C            3.15819233337192       -0.27465729930380       -1.53330907464120
O            3.51451041921548       -0.37892992338435       -2.88212277423773
H            4.78978887638792        3.14087928383157        0.01987556924320
H            4.67725589506839        3.37195018799326       -1.74835116740412
H            6.20356442422333        2.80164035956536       -1.01712676846424
H            2.85693960037792        1.86110985332720       -1.72260213289846
H            1.00952129000727        1.80712457877099       -0.14535073145013
H            1.81024767553378        2.37881718444486        2.17987002489202
H            1.88228751905958        0.64412857170901        2.55382439091235
H           -0.40744215292122        0.64110624965229        2.22725971320383
H            1.62755615521095       -1.04330343961981        0.76432181781535
H           -0.11733537527428       -2.09154284154867        1.27938909389572
H           -2.29778924215022        0.82637177196859        0.96334476188963
H           -2.65773304999285        0.70837035229644        3.49096748969435
H           -3.95162438666761       -0.47245145436806        3.19322110205422
H           -3.91562498185433        2.20740766111622        2.34105345392992
H           -4.14131504148569       -1.61532943145378        1.04247717018630
H           -5.00939717725142        0.60371798512884        0.76535814186962
H           -2.38835062470915       -0.47055497665664       -1.19000350374359
H           -4.46059230349549       -1.53266429040306       -1.71301557911281
H           -2.24388425321937       -3.03178892796035        0.47917354078336
H           -1.65900819365532       -3.02396781719386       -1.87172896269555
H            1.07624812238095       -0.06692421117724       -2.06821627122375
H            0.68197560286392       -2.32632643404797       -1.51463437399029
H            3.77098512358758       -0.94380978320575       -0.91151145431914
H            3.31133117394536       -1.28334070606119       -3.15529787922412
48
 energy: -84.819851790601 gnorm: 0.002648451388 xtb: 6.7.1 (edcfbbe)
C            5.11890991851745        2.76259254540876       -0.95003144588169
O            4.76629196641875        1.40287381721930       -1.11772988554581
C            3.41172057995766        1.16275999057738       -1.06612757433054
O            2.97958471851159        1.32056645511828        0.27447376179451
C            1.60772979288610        1.10559842662036        0.47897370300406
C            1.36886774120482        1.39719260575680        1.97373799512675
O            0.02347831489094        1.51474404440498        2.33330257671493
C            1.18710503576508       -0.32305945368168        0.07135580454173
O           -0.23613473568401       -0.38342812872845        0.12833978683121
C           -0.85294838874810       -1.43090877573962        0.81381815869937
O           -1.62838552766901       -0.91595270253930        1.87364761233886
C           -2.69408321444506       -0.06059175163790        1.47407853428765
C           -3.40819353382606        0.38535652803952        2.75984582240664
O           -4.37122025443852        1.37923311575592        2.49952560429036
C           -3.66186767710844       -0.76868046772831        0.51516084627985
O           -4.63487422845122        0.10798228363117        0.00801565799624
C           -2.85973312952418       -1.32166641078476       -0.66541155150779
O           -3.66035692679423       -2.06532228058126       -1.55075784900435
C           -1.77089083211164       -2.24425053341096       -0.11902011174838
O           -1.02808776655413       -2.82598993007741       -1.15598784096184
C            1.67215247354669       -0.64385090908894       -1.35145854905251
O            1.58496309856215       -2.01099008141232       -1.65691708247161
C            3.15092049035094       -0.26847951731403       -1.54086615979038
O            3.49583693716748       -0.36467596210170       -2.89326282476056
H            4.79225027978920        3.13501999670057        0.02426339305742
H            4.67622972120885        3.37723640686259       -1.74234253067064
H            6.20332267997165        2.80034851590383       -1.01793372501151
H            2.85213493927872        1.86839732828271       -1.71693932910623
H            1.01092811434983        1.80676908909405       -0.12909901894784
H            1.83515564903257        2.35960621495170        2.19749103203365
H            1.87967718438915        0.62302291489176        2.56185058318006
H           -0.40549294760970        0.65295306342975        2.22931457333347
H            1.63145427965468       -1.04897673540291        0.76546980132982
H           -0.11706981403274       -2.09564124231642        1.28443639697432
H           -2.28849597746245        0.82193789288423        0.95544143766798
H           -2.65829464040261        0.72676395823962        3.48030396711657
H           -3.94756247617474       -0.46117691971689        3.19142957347133
H           -3.92043190974924        2.21218484868093        2.31778636560759
H           -4.14138443472424       -1.61247256388213        1.04079055145170
H           -5.00560784805929        0.60523741584987        0.75461784481056
H           -2.38680142777198       -0.48049699540786       -1.19669397568552
H           -4.45876049178476       -1.54746427894240       -1.71110716338513
H           -2.24580670352653       -3.03187611653588        0.48753543192046
H           -1.65726039066922       -3.04793858840396       -1.85769287847881
H            1.06642546642541       -0.04991651690156       -2.05633204360061
H            0.67196230990453       -2.31661061178930       -1.51598975878140
H            3.76791695317327       -0.94219314929158       -0.92823281648466
H            3.28472157784193       -1.26577107824242       -3.17158696755487
48
 energy: -84.819907569648 gnorm: 0.001870273226 xtb: 6.7.1 (edcfbbe)
C            5.11894408529260        2.76186475908433       -0.94803120041211
O            4.76297321692636        1.40379760720720       -1.12201311816307
C            3.40818905144966        1.16564344391137       -1.06658649264302
O            2.98141582716175        1.31801106611253        0.27644763833677
C            1.61025285853530        1.10303197003502        0.48677395876692
C            1.37587263587846        1.38920218457742        1.98312088001193
O            0.03113373954038        1.51702279844037        2.34162800303212
C            1.18779974085341       -0.32447238227720        0.07608837684790
O           -0.23565589730114       -0.38559087494317        0.13249674473733
C           -0.85204178135941       -1.43349045728501        0.81781947973879
O           -1.62866912929332       -0.91814770583626        1.87609039448276
C           -2.69016690892669       -0.06019853911389        1.47080148369386
C           -3.40510080963440        0.39381601015685        2.75296209652394
O           -4.37048830783817        1.38354927862852        2.48588919226008
C           -3.65878642984538       -0.76849860715239        0.51227171752464
O           -4.62867326812508        0.10919984020555        0.00140709263764
C           -2.85709564975274       -1.32739312215863       -0.66591090986159
O           -3.65821808941378       -2.07620541137489       -1.54667880261299
C           -1.76920159631299       -2.24865511056382       -0.11542146842124
O           -1.02504768271367       -2.83366243875455       -1.14915404555908
C            1.66672391278786       -0.63857832795606       -1.34978356586509
O            1.57642918656333       -2.00283769239085       -1.66246067139670
C            3.14395247413032       -0.26285585539994       -1.54716284538027
O            3.47849111449696       -0.35206826199762       -2.90285359674350
H            4.79570446629461        3.12958764284556        0.02909626800237
H            4.67547698336303        3.38164222272048       -1.73590383311179
H            6.20324709088325        2.79744659682815       -1.01874994419672
H            2.84729905124874        1.87512804011811       -1.71204782590252
H            1.01082778739320        1.80739540480185       -0.11549638509581
H            1.85127632306002        2.34572416601019        2.21138619501444
H            1.87778570834301        0.60795126322330        2.56885567071563
H           -0.40418761391789        0.65997133640801        2.22884447597451
H            1.63311708171560       -1.05311638414188        0.76697672436161
H           -0.11616388006830       -2.09812819537827        1.28869239350686
H           -2.27969573828319        0.81800934916846        0.94855344668974
H           -2.65614877631760        0.74229216300897        3.47096496821480
H           -3.94213517133977       -0.45111505896874        3.19052006696526
H           -3.92160552402464        2.21573048128168        2.29587764653564
H           -4.14095648270890       -1.60977261406506        1.03962769467520
H           -5.00012478415338        0.60816846454724        0.74668561829496
H           -2.38459195429991       -0.48933786908471       -1.20226472266142
H           -4.45677175487806       -1.55938352662756       -1.70987812862751
H           -2.24655911632632       -3.03410596207604        0.49202464349598
H           -1.65465769925171       -3.06627438688072       -1.84701885020313
H            1.05767893413921       -0.03971180738816       -2.04756547410826
H            0.66512498348294       -2.31087829367899       -1.51503667695917
H            3.76551365583112       -0.94004375041767       -0.94301440448968
H            3.25750908230205       -1.24966769694202       -3.18538417410945
48
 energy: -84.819951517226 gnorm: 0.001642017782 xtb: 6.7.1 (edcfbbe)
C            5.11913720047176        2.76076755723034       -0.94447282714656
O            4.75845973186267        1.40485773235171       -1.12495845039672
C            3.40347518103452        1.16918012464999       -1.06659147292697
O            2.98158082801203        1.31535231396367        0.27873194849717
C            1.61090234416130        1.10059705871832        0.49370732281869
C            1.38060448115972        1.38139147618530        1.99159995447969
O            0.03637201226210        1.51462348538948        2.35088718234461
C            1.18721800917889       -0.32597822130377        0.08066855036834
O           -0.23670713084592       -0.38776925268285        0.13595921542084
C           -0.85146648086672       -1.43618002854410        0.82206313406055
O           -1.62906581664603       -0.92062134238035        1.87815352334201
C           -2.68569759528724       -0.05932499889575        1.46746517599872
C           -3.40002124452304        0.40372582278097        2.74631945037279
O           -4.36700907501113        1.39001565888827        2.47327962445957
C           -3.65542704586792       -0.76812558736314        0.50984750969014
O           -4.62225397319246        0.11073092041396       -0.00469644926472
C           -2.85446956847082       -1.33363910477659       -0.66571320885322
O           -3.65652077087516       -2.08714556752494       -1.54204085927612
C           -1.76729219448870       -2.25394962359032       -0.11191921176313
O           -1.02066478442939       -2.83979428826186       -1.14328126236955
C            1.66128639970949       -0.63483702629036       -1.34800435680711
O            1.57107727966625       -1.99763964986290       -1.66493626141863
C            3.13615279942599       -0.25627151633474       -1.55382123922370
O            3.45932551242800       -0.33739857675417       -2.91313783420631
H            4.80119761095756        3.12367069041403        0.03612503176514
H            4.67443461943811        3.38653763349774       -1.72685153822495
H            6.20326785808138        2.79300312427781       -1.01960814456684
H            2.84160763600277        1.88305776106000       -1.70627877536395
H            1.00955441583373        1.80780473884214       -0.10306364039477
H            1.86094247593474        2.33412989891013        2.22389571901365
H            1.87721514737295        0.59529866026565        2.57488327828154
H           -0.40324383489931        0.66161253488980        2.22750192374886
H            1.63321896465817       -1.05703576830579        0.76829156259955
H           -0.11502681249507       -2.09957358288971        1.29336821154973
H           -2.27027792216341        0.81420884805542        0.94118761023328
H           -2.65088487869846        0.75876187657155        3.46091300319336
H           -3.93499700177119       -0.43892639388611        3.19060355307031
H           -3.91870469945479        2.21967605246929        2.27035537508556
H           -4.14022760929061       -1.60647429004895        1.03957266324151
H           -4.99239163893179        0.61289700966017        0.73938463785707
H           -2.38140190476160       -0.49945387778105       -1.20719329665115
H           -4.45441400626625       -1.57049677093760       -1.70891851203143
H           -2.24595004413003       -3.03873748413809        0.49527713828392
H           -1.65054124256217       -3.08274776035394       -1.83707448603943
H            1.04788909499162       -0.03443211712489       -2.04072491044148
H            0.66097385469385       -2.30817963243725       -1.51361217396539
H            3.76355067794149       -0.93672247423445       -0.95947074142695
H            3.22520808635549       -1.23045028654751       -3.20018691141176
48
 energy: -84.819977310287 gnorm: 0.001312143192 xtb: 6.7.1 (edcfbbe)
C            5.11926667591441        2.76046901737895       -0.94116936092647
O            4.75607734156061        1.40575702531063       -1.12502605902457
C            3.40100440079569        1.17130559886737       -1.06605733672286
O            2.98058639450642        1.31381670544093        0.28012110011105
C            1.61000858681888        1.09908835725436        0.49534675754284
C            1.38078370645514        1.37786045076465        1.99383472658234
O            0.03659930385459        1.50869554869168        2.35517733410205
C            1.18652600689596       -0.32719669496354        0.08176568408694
O           -0.23752067417555       -0.38909690203482        0.13719533250841
C           -0.85175821169674       -1.43760972773683        0.82373775877150
O           -1.62920582600322       -0.92108376278245        1.87884459686559
C           -2.68388980152671       -0.05838730061755        1.46606792678791
C           -3.39698602927200        0.40970936901059        2.74366330527329
O           -4.36325371947837        1.39585372604946        2.46788259728673
C           -3.65427770793916       -0.76812381865586        0.50978001557767
O           -4.62008441919818        0.11085173616889       -0.00678821437506
C           -2.85396660960912       -1.33704878215587       -0.66457463774938
O           -3.65692472152759       -2.09182724679414       -1.53907988303002
C           -1.76675558485843       -2.25672203787744       -0.10978416459416
O           -1.01870654789364       -2.84211732493606       -1.14074005426805
C            1.65940797790822       -0.63454833197254       -1.34808206709700
O            1.57223101611281       -1.99805129188460       -1.66505782136269
C            3.13271903896105       -0.25253750566936       -1.55737758915914
O            3.45077286861653       -0.32862503287210       -2.91834593129425
H            4.80508639181641        3.12075279059255        0.04163739690515
H            4.67321982667166        3.38958295774240       -1.72003573556970
H            6.20322052708104        2.79107665650711       -1.01962167727003
H            2.83893484292837        1.88759278171051       -1.70283250695094
H            1.00852279198710        1.80671787557395       -0.10021801709295
H            1.85962622443542        2.33115681133543        2.22724989224909
H            1.87921734683913        0.59147794990552        2.57539347255067
H           -0.40278871296831        0.65614957389116        2.22876103861465
H            1.63287833100558       -1.05907243849754        0.76778564813210
H           -0.11494141763825       -2.09989170922165        1.29571146115756
H           -2.26663538871251        0.81295273749073        0.93767338930701
H           -2.64686315426858        0.76676461984088        3.45628639198523
H           -3.93221305371927       -0.43085667854123        3.19140664864536
H           -3.91366753545573        2.22289948071824        2.25717339647431
H           -4.14009073361164       -1.60469296962744        1.04132288777219
H           -4.98881449757425        0.61545248044632        0.73646730995279
H           -2.38008477330080       -0.50472274880188       -1.20804975084699
H           -4.45368768309828       -1.57428891536108       -1.70821784735276
H           -2.24467959091228       -3.04190190762462        0.49743606306010
H           -1.64827017392332       -3.08829854209207       -1.83336529670124
H            1.04281240065608       -0.03604439370569       -2.03985320349132
H            0.66229078813092       -2.30969956121301       -1.51387431650977
H            3.76333690604454       -0.93436952388699       -0.96815454317266
H            3.21093181814120       -1.21917334510402       -3.20793038158345
48
 energy: -84.820005690384 gnorm: 0.001089719378 xtb: 6.7.1 (edcfbbe)
C            5.11927333668191        2.76020570802749       -0.93591235033799
O            4.75353476686498        1.40687331392044       -1.12444970342638
C            3.39828689676006        1.17368850727135       -1.06545390952912
O            2.97858545095580        1.31255468602373        0.28124005068918
C            1.60802076988242        1.09756394673410        0.49547338181296
C            1.37903795360244        1.37621553485565        1.99404987658998
O            0.03499745609761        1.49877821949808        2.35921619876147
C            1.18560397700633       -0.32880604741348        0.08204682369142
O           -0.23826892499285       -0.39116954496025        0.13797834483149
C           -0.85234551279119       -1.43986841412137        0.82458474760821
O           -1.62946536496153       -0.92233952843040        1.87925393881936
C           -2.68220814544734       -0.05791957979815        1.46497684807465
C           -3.39322911741414        0.41649812454104        2.74135520396231
O           -4.35638477674648        1.40479883776463        2.46234847535632
C           -3.65384743502810       -0.76865969925713        0.51099130577069
O           -4.61914927248167        0.11015433494339       -0.00721424173810
C           -2.85469817612518       -1.34045180927415       -0.66279689721659
O           -3.65899757919312       -2.09566095319064       -1.53560782785914
C           -1.76675181633728       -2.25933514680380       -0.10836662638315
O           -1.01762430042550       -2.84278636378691       -1.14006954380483
C            1.65837207744627       -0.63623491148419       -1.34810906001786
O            1.57703050254665       -2.00159890752000       -1.66168667179868
C            3.12959274834887       -0.24858090959525       -1.56127485282257
O            3.44242138557978       -0.31823958319664       -2.92396399356064
H            4.81001648953992        3.11658691036756        0.04996519018698
H            4.67080777857089        3.39364384308795       -1.70985470478321
H            6.20294678121652        2.78955984671898       -1.01894704860925
H            2.83639359805869        1.89239247428437       -1.69956286257105
H            1.00673070973224        1.80449754496148       -0.10074954060387
H            1.85156874524123        2.33296090459648        2.22594013017715
H            1.88452096576555        0.59358929594418        2.57452254529587
H           -0.40080955764602        0.64429238540987        2.23374875556698
H            1.63260568876859       -1.06056913335622        0.76735261887282
H           -0.11521956805252       -2.10139419407514        1.29703875408603
H           -2.26287836527422        0.81091825355474        0.93415416327407
H           -2.64141459494091        0.77399590703806        3.45203672657177
H           -3.93094253541956       -0.42049329176446        3.19260379246946
H           -3.90349644612557        2.22792265404773        2.24354671092867
H           -4.14027896462075       -1.60340905168097        1.04463590112609
H           -4.98599390364774        0.61763769962520        0.73499805744563
H           -2.38044394286161       -0.50926270265297       -1.20769505755472
H           -4.45433601309138       -1.57670059115890       -1.70663500159857
H           -2.24305370917079       -3.04574011231007        0.49838132474889
H           -1.64682230256511       -3.09049956099144       -1.83231975181782
H            1.03743044905610       -0.04290334737384       -2.04039385853801
H            0.66709006715052       -2.31456279600625       -1.51347442251126
H            3.76422021484811       -0.93146022325624       -0.97767281048008
H            3.19956646149579       -1.20668677391050       -3.21674339243347
48
 energy: -84.820028882855 gnorm: 0.001080145010 xtb: 6.7.1 (edcfbbe)
C            5.11852634598947        2.76000930973637       -0.92925257972138
O            4.75058564353882        1.40822274952196       -1.12453279696568
C            3.39509369097121        1.17613299294039       -1.06510806638782
O            2.97646177288995        1.31103670481411        0.28220482877378
C            1.60589844249562        1.09585817896275        0.49564234191996
C            1.37761781405856        1.37536152466317        1.99427858655335
O            0.03362347617805        1.48871310491487        2.36331291149975
C            1.18497984844090       -0.33091944426510        0.08236079219656
O           -0.23858868980232       -0.39404970962628        0.13868227554785
C           -0.85276193646190       -1.44274257513634        0.82526855448731
O           -1.62984621176105       -0.92432462624450        1.87984181829346
C           -2.68026677730674       -0.05779726454701        1.46377655042771
C           -3.38917293449573        0.42435039920108        2.73840422368002
O           -4.34761085430315        1.41618782450676        2.45509398154646
C           -3.65359245663904       -0.76953551463097        0.51257633109308
O           -4.61865553668061        0.10879144359426       -0.00724984178268
C           -2.85593820802938       -1.34417970935059       -0.66099654236094
O           -3.66166561696598       -2.10029101294787       -1.53157880744550
C           -1.76694949187393       -2.26221696060697       -0.10722181495730
O           -1.01736250040483       -2.84399990452235       -1.13991396943726
C            1.65728973888104       -0.63850475517816       -1.34817325654706
O            1.58249548673536       -2.00579771832209       -1.65829955606883
C            3.12616581250033       -0.24439373264355       -1.56618208457653
O            3.43266686225242       -0.30593482741903       -2.93089248562864
H            4.81479116105743        3.11049842242115        0.06052640669227
H            4.66670686706786        3.39891323208935       -1.69674724614767
H            6.20180382907653        2.78883649521268       -1.01773476828963
H            2.83329685987921        1.89740343782692       -1.69639396152235
H            1.00477038025005        1.80207866870440       -0.10168842224929
H            1.84362110813657        2.33653029690490        2.22378228214154
H            1.89136880554294        0.59673847883297        2.57399086734459
H           -0.39797821159814        0.63109353301864        2.24147564456339
H            1.63292509226390       -1.06242783496328        0.76735506491959
H           -0.11558628955631       -2.10402498486736        1.29808862293747
H           -2.25810738219741        0.80786719784069        0.93006834294168
H           -2.63570097724959        0.78147084045217        3.44757436134915
H           -3.93112116341035       -0.40802626282582        3.19304233718584
H           -3.89035889240085        2.23503481062967        2.22940490895935
H           -4.14031107753848       -1.60247344644778        1.04867079867077
H           -4.98365148752431        0.61962531977181        0.73352887858125
H           -2.38214349375830       -0.51374594142305       -1.20764940006361
H           -4.45591900462417       -1.58017652444558       -1.70403746445124
H           -2.24195052325231       -3.04965200630085        0.49924833708653
H           -1.64638482575813       -3.09250299557523       -1.83204576796385
H            1.03140089205935       -0.05033348555804       -2.04062042218156
H            0.67277111476071       -2.32085962793769       -1.51155191774859
H            3.76562067069809       -0.92858354043766       -0.98934271938045
H            3.19113777382412       -1.19326480473571       -3.22750042013325
48
 energy: -84.820044104121 gnorm: 0.000932543191 xtb: 6.7.1 (edcfbbe)
C            5.11736982678454        2.75981036372972       -0.92299479557804
O            4.74814777105902        1.40941840788764       -1.12562879298483
C            3.39247026922795        1.17793550247919       -1.06547438953885
O            2.97512316678564        1.30995923593789        0.28230087075874
C            1.60468470594957        1.09435130663402        0.49597302397433
C            1.37676333327292        1.37517842849912        1.99438412953639
O            0.03323198815146        1.48107130296410        2.36656231395253
C            1.18449138392491       -0.33266350955347        0.08303849601669
O           -0.23886744686750       -0.39672045237464        0.13956085308963
C           -0.85292808062910       -1.44554386182384        0.82575326775857
O           -1.63032701055006       -0.92688577541905        1.88040141409962
C           -2.67830915306824       -0.05815231651268        1.46252599221522
C           -3.38558122251159        0.43092388604481        2.73533667364352
O           -4.33914035915829        1.42644625757659        2.44808390043301
C           -3.65335303732452       -0.77051431948600        0.51368751890800
O           -4.61825788053857        0.10741586161651       -0.00707334183876
C           -2.85717927195129       -1.34739985733619       -0.65992132825274
O           -3.66413641828918       -2.10467916448532       -1.52826338467763
C           -1.76721846451511       -2.26466382050297       -0.10673042628043
O           -1.01759475105231       -2.84549358250984       -1.13998776501601
C            1.65619348087200       -0.64015211763730       -1.34774543686664
O            1.58528322472058       -2.00842056031151       -1.65512235022399
C            3.12312147501944       -0.24112950789788       -1.57052180615038
O            3.42361724839860       -0.29560683508269       -2.93692476132529
H            4.81796805413874        3.10376480576173        0.07040648019132
H            4.66243754733006        3.40397286981511       -1.68423403772012
H            6.20026018445809        2.78888096158393       -1.01593547178875
H            2.83054347982798        1.90101607451575       -1.69454026757505
H            1.00318310663649        1.79955250490629       -0.10215744386049
H            1.83671476759134        2.33981316316267        2.22052797723091
H            1.89737054837792        0.60202923670887        2.57479134995726
H           -0.39372813700469        0.62038128919116        2.24969718444865
H            1.63330477978754       -1.06351174379655        0.76819058595757
H           -0.11587376559608       -2.10701899867770        1.29858791640030
H           -2.25317966958094        0.80443844547927        0.92625823166640
H           -2.63091093523595        0.78708806663216        3.44368330931026
H           -3.93196791420017       -0.39716576124164        3.19248068781685
H           -3.87781614780319        2.24188127786764        2.21848494401047
H           -4.14009434074634       -1.60212224789420        1.05179018650226
H           -4.98129612825418        0.62139980226354        0.73242513079609
H           -2.38434353647480       -0.51752635741283       -1.20833976060206
H           -4.45819979064434       -1.58438374304983       -1.70095644678875
H           -2.24160747802472       -3.05261923036565        0.49952820126929
H           -1.64667243075375       -3.09424141218501       -1.83201431539404
H            1.02663320014086       -0.05562763548530       -2.03982942189382
H            0.67618913981750       -2.32495121473245       -1.51044656051302
H            3.76671038451008       -0.92639126101603       -0.99970968711212
H            3.18676525003156       -1.18314800906502       -3.23642291002346
48
 energy: -84.820056096477 gnorm: 0.000754028914 xtb: 6.7.1 (edcfbbe)
C            5.11549839035495        2.75978611648807       -0.91750245880630
O            4.74598704310674        1.41051585609368       -1.12724048309388
C            3.39022780463435        1.17903531982783       -1.06605369054468
O            2.97433648989706        1.30852433670190        0.28226650372126
C            1.60398204410601        1.09309641104179        0.49647763885787
C            1.37719153983288        1.37474226624377        1.99500358439092
O            0.03389186614573        1.47739097542889        2.36867548606512
C            1.18450247699098       -0.33416701081097        0.08335759855691
O           -0.23873879019767       -0.39889673681227        0.14003242795187
C           -0.85275683889137       -1.44749154979001        0.82621753068153
O           -1.63049610906074       -0.92849191305548        1.88094976023627
C           -2.67661141652791       -0.05829438153305        1.46129308419341
C           -3.38308181216322        0.43626030775064        2.73231664818171
O           -4.33229346320069        1.43506091277373        2.44168575141319
C           -3.65293560359146       -0.77128179928683        0.51424721982377
O           -4.61783709503058        0.10606028188974       -0.00736782870295
C           -2.85787098119566       -1.35027327196045       -0.65920139227105
O           -3.66566512488649       -2.10906596449516       -1.52542619573078
C           -1.76740107164127       -2.26687593064362       -0.10582034365701
O           -1.01808868417262       -2.84825646081612       -1.13891136336896
C            1.65483894608110       -0.64066908448209       -1.34818911422799
O            1.58571118564849       -2.00893167754248       -1.65559538308209
C            3.12054934483456       -0.23880645494546       -1.57452798910421
O            3.41636095453158       -0.28743394870851       -2.94210835139456
H            4.81902329207395        3.09734344125416        0.07889125721584
H            4.65792937354149        3.40847452862428       -1.67322967110190
H            6.19805571571701        2.78989312083510       -1.01366283749026
H            2.82792761302321        1.90351658590907       -1.69325498367048
H            1.00226385748404        1.79839073926009       -0.10158475644776
H            1.83519052453637        2.34107733430053        2.21988260685097
H            1.90095090473942        0.60295893283935        2.57515463349819
H           -0.39113673617941        0.61489777154931        2.25523342951656
H            1.63399620575366       -1.06521598348477        0.76810374020462
H           -0.11596617990644       -2.10923746883519        1.29920520166914
H           -2.24909825699188        0.80172278747707        0.92293697258895
H           -2.62773540939855        0.79110460289944        3.44057573337973
H           -3.93350539049008       -0.38839939794198        3.19080874072792
H           -3.86761197417214        2.24828983828003        2.21136730272791
H           -4.13951536755853       -1.60187236521708        1.05411908742419
H           -4.97897712203816        0.62315753953317        0.73084306781005
H           -2.38592495012749       -0.52108921222892       -1.20951159971366
H           -4.46024982165825       -1.58936066187048       -1.69766138274158
H           -2.24177963543508       -3.05443356716428        0.50105181764127
H           -1.64729195299295       -3.09702515136898       -1.83092465190653
H            1.02281920908307       -0.05699278524039       -2.03873672202076
H            0.67731346969752       -2.32714391231291       -1.50861234821538
H            3.76695279111868       -0.92525608625394       -1.00850737561267
H            3.18706369068577       -1.17634147495445       -3.24358016404646
48
 energy: -84.820066127915 gnorm: 0.000469294544 xtb: 6.7.1 (edcfbbe)
C            5.11343752224638        2.75981474270137       -0.91219104386274
O            4.74419219366674        1.41161215983999       -1.12942559824683
C            3.38843934931869        1.17984166122669       -1.06704347436853
O            2.97415647919849        1.30723274698135        0.28178298695638
C            1.60391900382828        1.09199663797490        0.49694339722828
C            1.37792453669441        1.37349797773681        1.99567935194027
O            0.03489887570484        1.47574616152380        2.37005806767706
C            1.18433107194666       -0.33514194222129        0.08362177165498
O           -0.23889906551549       -0.40059081840349        0.14065165239898
C           -0.85249216153728       -1.44910530944584        0.82686012276655
O           -1.63046784857561       -0.92973852601059        1.88157354829801
C           -2.67493517326847       -0.05844722284347        1.45999921112515
C           -3.38089624510934        0.44079737816483        2.72937121231585
O           -4.32597276379124        1.44267752483658        2.43578456779411
C           -3.65225223663134       -0.77205239515741        0.51436478064152
O           -4.61705386835161        0.10483787660066       -0.00795114787983
C           -2.85814629919960       -1.35315816704187       -0.65875297825238
O           -3.66666195913201       -2.11362888781929       -1.52287752325301
C           -1.76741066179182       -2.26904276035558       -0.10465441827369
O           -1.01832739574304       -2.85176936811730       -1.13700136742283
C            1.65306787371088       -0.64012005921707       -1.34880932577300
O            1.58357888125332       -2.00775882063832       -1.65733024911497
C            3.11811415460184       -0.23694386370564       -1.57808377137849
O            3.41009486370209       -0.28107000386586       -2.94653008791727
H            4.81907501216011        3.09070231083488        0.08701442801632
H            4.65350542641053        3.41290310173705       -1.66264688568125
H            6.19572321087907        2.79128669227517       -1.01077884317280
H            2.82548087413506        1.90534236717927       -1.69253808596741
H            1.00181424466652        1.79732761156163       -0.10068745444531
H            1.83568741139451        2.34004787693594        2.21972993656275
H            1.90253627946257        0.60251563576219        2.57588867102657
H           -0.38950988336654        0.61265590242830        2.25843051037940
H            1.63452511061243       -1.06633585137738        0.76778181208090
H           -0.11575395562520       -2.11090235022677        1.29995785226130
H           -2.24544390310121        0.79929832362940        0.91966617139486
H           -2.62508452325628        0.79410538209917        3.43789053737905
H           -3.93505065410156       -0.38091964582784        3.18869685555540
H           -3.85815865613208        2.25434062066479        2.20613440048025
H           -4.13876368154907       -1.60173835241953        1.05578744854012
H           -4.97566355111707        0.62543215830384        0.72902454869456
H           -2.38687325020355       -0.52493181937168       -1.21107724823885
H           -4.46229224348301       -1.59508943474398       -1.69400073530840
H           -2.24203523280620       -3.05570956109847        0.50321461079053
H           -1.64760859348376       -3.10086714148800       -1.82891267399003
H            1.01978503826637       -0.05563818910588       -2.03745120840850
H            0.67611755057660       -2.32694147972319       -1.50873679014415
H            3.76633407955089       -0.92458061660564       -1.01581696874925
H            3.18900970905016       -1.17179450904738       -3.24912483540439
48
 energy: -84.820073257984 gnorm: 0.000435981553 xtb: 6.7.1 (edcfbbe)
C            5.11160738823453        2.75984674114913       -0.90734119668629
O            4.74262894785168        1.41264731232772       -1.13132626928607
C            3.38694661697217        1.18050116978323       -1.06795841376481
O            2.97400278459862        1.30598261909233        0.28135431222880
C            1.60387306408274        1.09104936983023        0.49726323527127
C            1.37869212550790        1.37198045892500        1.99620731185164
O            0.03587386095973        1.47566009991881        2.37065668740026
C            1.18427569627906       -0.33590355827751        0.08340458844545
O           -0.23896703696062       -0.40166888339922        0.14098299097285
C           -0.85212059390865       -1.45014074970414        0.82742012088774
O           -1.63006252619851       -0.93017927337405        1.88198643407130
C           -2.67351263471232       -0.05843431229324        1.45879976813204
C           -3.37922115413506        0.44445684913404        2.72681451849497
O           -4.32073265759575        1.44901034312823        2.43093388874522
C           -3.65149444497428       -0.77275177756040        0.51434885694962
O           -4.61609872932565        0.10384747551557       -0.00869719997471
C           -2.85808576442638       -1.35594240648063       -0.65823096583386
O           -3.66716828938491       -2.11792607298963       -1.52053688694263
C           -1.76728288000023       -2.27108465330384       -0.10307037130994
O           -1.01830173405639       -2.85544552432025       -1.13443434344990
C            1.65119804887539       -0.63886418476848       -1.35014082994175
O            1.58065101793556       -2.00566868429799       -1.66091537125892
C            3.11605122296943       -0.23543663318180       -1.58105941026351
O            3.40574097758458       -0.27668860073612       -2.95000332019476
H            4.81873094035744        3.08488414743719        0.09416037582274
H            4.64989594843771        3.41679355913810       -1.65328218877966
H            6.19369162582862        2.79254201429667       -1.00761509827881
H            2.82335220604871        1.90688752488689       -1.69192349794411
H            1.00156379421014        1.79697308006255       -0.09946790534307
H            1.83788544248798        2.33762029478200        2.22095965128860
H            1.90205493894984        0.59984203367598        2.57585059981691
H           -0.38923036396694        0.61307488626078        2.25858390957913
H            1.63509270177966       -1.06769022113867        0.76651003500453
H           -0.11523283349396       -2.11165896269532        1.30068800558031
H           -2.24288358374097        0.79767052554716        0.91679782793829
H           -2.62304814313636        0.79617932145735        3.43572225762470
H           -3.93649777666463       -0.37492866357948        3.18655975606914
H           -3.85015662609135        2.25946175849176        2.20247597676223
H           -4.13812823853915       -1.60159412870106        1.05703985767196
H           -4.97191104463958        0.62797447165949        0.72714031386697
H           -2.38711128675145       -0.52881038967457       -1.21240026298939
H           -4.46386592858380       -1.60059054052619       -1.69046314976020
H           -2.24204808968595       -3.05673156645248        0.50600537532554
H           -1.64758238754498       -3.10543018934975       -1.82605629856731
H            1.01723315634956       -0.05272303957065       -2.03675059240047
H            0.67386562871421       -2.32567155014180       -1.50919897804266
H            3.76501913532284       -0.92415998931352       -1.02113996202455
H            3.19081242438284       -1.16876574564623       -3.25316840385607
48
 energy: -84.820078099566 gnorm: 0.000477822575 xtb: 6.7.1 (edcfbbe)
C            5.11052565366312        2.75981808085994       -0.90331959125067
O            4.74160036960163        1.41349655023066       -1.13261118549505
C            3.38599043455721        1.18114482711126       -1.06872576700126
O            2.97386511729664        1.30523082644631        0.28090602996925
C            1.60376883577918        1.09059052824059        0.49714338334281
C            1.37912869524291        1.37026226444497        1.99644868367832
O            0.03631587716303        1.47644145318990        2.37057325828112
C            1.18391794010258       -0.33609593664248        0.08283098300496
O           -0.23931264481998       -0.40226686020583        0.14112347236208
C           -0.85194224901296       -1.45080689155906        0.82793312586120
O           -1.62957842555085       -0.93018857083444        1.88235932515693
C           -2.67253712842171       -0.05843912921779        1.45798185450644
C           -3.37792724690211        0.44709776403975        2.72509296504451
O           -4.31658148123775        1.45381123946648        2.42748582289988
C           -3.65085928381575       -0.77340260868746        0.51440445117285
O           -4.61525830507477        0.10305481857205       -0.00927300118918
C           -2.85797880986779       -1.35835727832421       -0.65768441151525
O           -3.66750097884107       -2.12157931632078       -1.51852707695034
C           -1.76704513129143       -2.27278493717092       -0.10162987607046
O           -1.01797046131353       -2.85844918556736       -1.13217303423452
C            1.64968379049940       -0.63742156588601       -1.35145333107278
O            1.57795603999862       -2.00358503978016       -1.66420567249763
C            3.11458781729614       -0.23424831577720       -1.58301877655642
O            3.40347732077393       -0.27422677456479       -2.95213718012852
H            4.81874263265087        3.08036343323369        0.09992105983010
H            4.64768625913122        3.41985761049056       -1.64579575661571
H            6.19247334327588        2.79324111238908       -1.00473181496178
H            2.82196106017793        1.90820864935825       -1.69154511830634
H            1.00140138060728        1.79696547107030       -0.09891983051304
H            1.84042372748613        2.33463964621896        2.22231400216098
H            1.90050812253646        0.59623909473768        2.57544601638508
H           -0.39043958545808        0.61490805530546        2.25675000339550
H            1.63535348205719       -1.06838046168550        0.76488151714630
H           -0.11466538004825       -2.11178731068399        1.30134336202575
H           -2.24142709183598        0.79657850552837        0.91461639343633
H           -2.62139997241738        0.79744326618104        3.43431426464719
H           -3.93765440404264       -0.37050626514465        3.18503884401643
H           -3.84371816816193        2.26317261694434        2.19976309204919
H           -4.13773080077440       -1.60147603410267        1.05811066310143
H           -4.96849959059528        0.63021287669527        0.72565444606577
H           -2.38710351468963       -0.53218397130376       -1.21334499252340
H           -4.46496884174674       -1.60512514504033       -1.68760916107471
H           -2.24167438027778       -3.05764771112154        0.50855542364061
H           -1.64720119762546       -3.10982967830458       -1.82332862340274
H            1.01560527783897       -0.04981343883221       -2.03667262494198
H            0.67162996524260       -2.32381061259512       -1.51101710895752
H            3.76359653901317       -0.92368269296394       -1.02409142179767
H            3.19077033805179       -1.16668720347418       -3.25569134715009
