48
 energy: -84.795526518435 gnorm: 0.072784757281 xtb: 6.7.1 (edcfbbe)
C            5.69711676515830       -0.81665928427916        0.26063880134272
O            4.88997617215966        0.29442932103568        0.60039464997384
C            3.59160026789733       -0.02257038048242        0.93371868048940
O            2.89069854554470       -0.35399230108948       -0.24914439232763
C            1.54190551349884       -0.71231486247093       -0.03265614052027
C            1.02406047161251       -1.23960340865607       -1.37764200747093
O            1.87322113281291       -2.22411597568519       -1.89078827978054
C            0.75355483808808        0.49289128856573        0.50767670965853
O           -0.57753337583289        0.09488547043536        0.80228820263012
C           -1.57572391680942        1.02110954509125        0.49130430348051
O           -1.91888147080895        1.02738352612274       -0.86911843284041
C           -2.52062876278897       -0.16942838861607       -1.35847093189017
C           -2.82420473980624        0.11136275708560       -2.83719138911807
O           -1.67116635101012        0.48401302686340       -3.53372922147454
C           -3.77327060166705       -0.54552840515053       -0.55382275177210
O           -4.27991863696379       -1.81200502217659       -0.90723131233524
C           -3.40415284425958       -0.61759980995208        0.93252530176150
O           -4.53233957723941       -0.86897103110229        1.73422412219367
C           -2.80973952785330        0.72478663214728        1.36011631840758
O           -2.44961977477908        0.73720889055687        2.70618090698446
C            1.43512410458741        1.04240594709926        1.77282549898184
O            0.89365494446916        2.27168717091061        2.19482333310697
C            2.95719063596340        1.20133469406482        1.60265444996364
O            3.55816522195566        1.38754074843661        2.85378442906464
H            5.32442578541959       -1.31884566258017       -0.63618099530945
H            5.73746793355179       -1.53387004635528        1.08757400182064
H            6.69007697659229       -0.41566495880570        0.07264806960713
H            3.55000807557551       -0.88027269073273        1.63667047897637
H            1.49224861652093       -1.51969401900814        0.71594374172927
H            0.92355290984485       -0.40325226663361       -2.08359319623520
H            0.05412155598817       -1.71474719517256       -1.23419433630480
H            2.76840235261455       -1.86232739077533       -1.87385615034497
H            0.74578836997008        1.27238867229623       -0.27003030480494
H           -1.23798624883612        2.04449480853637        0.70074720809912
H           -1.80556069279278       -0.99828027197544       -1.27949153072558
H           -3.58565728561550        0.90427834845074       -2.89449213186940
H           -3.19916547109360       -0.78858122489475       -3.33006480111199
H           -1.24877237662843        1.18778360664311       -3.02594295489026
H           -4.54568274931257        0.22948077532299       -0.68813290223491
H           -4.53226359227111       -1.81570398288908       -1.83597410103682
H           -2.64998093047986       -1.40572435664448        1.07378984733176
H           -4.97886891486327       -1.63977711224501        1.36355046539807
H           -3.55739011784985        1.51135671516698        1.15453520056899
H           -3.15148066115681        0.27931810632762        3.18798961175433
H            1.22997990173021        0.34915948257937        2.59580284101868
H            1.03653245986036        2.93538943746176        1.50764365283554
H            3.16111851893046        2.06418782766160        0.94402566707617
H            3.00999732184344        2.01065006508714        3.35115203090737
48
 energy: -84.800827992626 gnorm: 0.012029711258 xtb: 6.7.1 (edcfbbe)
C            5.69519881473839       -0.81741992865241        0.25842491842458
O            4.88711404179052        0.29325812993023        0.59693784580319
C            3.58809468519113       -0.02279505165568        0.92935245275848
O            2.88372831507014       -0.34323154890602       -0.25658474441634
C            1.53267245110611       -0.70215284451745       -0.04887693285855
C            1.01598141774998       -1.23057438298004       -1.39108002573265
O            1.86746579013622       -2.21667578383018       -1.89861971523728
C            0.75988559898682        0.48314435604583        0.55341505569019
O           -0.57947120179289        0.11747626189183        0.84947401204978
C           -1.57326928128568        1.02413082414481        0.47562258023951
O           -1.91367841073435        1.00630586245972       -0.88337248882656
C           -2.52144683120628       -0.18710397077891       -1.36438675010267
C           -2.82527477462195        0.10238460418921       -2.84136211168637
O           -1.67216167149289        0.47911668018859       -3.53589288516207
C           -3.77425769547066       -0.55079826041993       -0.55572369338552
O           -4.28577094006650       -1.81602437214591       -0.90512585068561
C           -3.40235552742354       -0.61568893310151        0.93014322665589
O           -4.52991023767993       -0.86495749990389        1.73363667108197
C           -2.80907014975997        0.73115375522243        1.34818181411660
O           -2.45028217530064        0.74963363152473        2.69518815281444
C            1.44618247445484        1.04165271350327        1.80299590510932
O            0.90325464890103        2.27410566706791        2.21407240203399
C            2.96354919746402        1.20050909106670        1.60941143992042
O            3.57191319520762        1.38786102923699        2.85622336197266
H            5.32349361852637       -1.32017413065715       -0.63835340921292
H            5.73564614143541       -1.53405964486165        1.08585875151721
H            6.68818492228066       -0.41591985113173        0.07129081635931
H            3.54617856141048       -0.88344572520455        1.62881822288598
H            1.49038442259675       -1.51909733643322        0.69128203482904
H            0.91624846748436       -0.39497772305786       -2.09695882408254
H            0.04762366012806       -1.70785888583752       -1.24443043341580
H            2.76325596377797       -1.85649285652370       -1.87704157883345
H            0.75002437977904        1.26516390205513       -0.22442712757664
H           -1.24512994009716        2.05298470122284        0.67404454216970
H           -1.80784826232635       -1.01643048353017       -1.28373980452729
H           -3.58538335855575        0.89724479322304       -2.89416159266970
H           -3.20141692458344       -0.79459136664927       -3.33782334074009
H           -1.25095741506454        1.18195986402713       -3.02553784635959
H           -4.54350338232840        0.22725062858063       -0.69171064982917
H           -4.53737216338155       -1.82045213832875       -1.83418246474303
H           -2.64780660962231       -1.40302766030341        1.07410499943008
H           -4.97639119604563       -1.63721762478016        1.36556370279653
H           -3.55956213231419        1.51408557039281        1.14033132408463
H           -3.14882614645376        0.28777541598309        3.17866842669655
H            1.24412247873040        0.35137399716554        2.62799791192867
H            1.03731880047005        2.92986838505388        1.51700709099248
H            3.16030336940720        2.06377183847534        0.94882114142028
H            3.02332178205958        2.00895311742462        3.35600372645680
48
 energy: -84.801640799563 gnorm: 0.005206856170 xtb: 6.7.1 (edcfbbe)
C            5.69420165511430       -0.81919383685110        0.25398547709048
O            4.88716145619965        0.29177887151259        0.59338109926034
C            3.58884493741456       -0.02299373218256        0.92895824052126
O            2.87816955682807       -0.33097971266987       -0.25641492021453
C            1.52881900475184       -0.69632622815401       -0.04343274905890
C            1.00788446993283       -1.20685346409880       -1.39112422636407
O            1.85623488787708       -2.19425537347025       -1.90157381157376
C            0.76012058541865        0.48931175088921        0.56933359342752
O           -0.58050476355650        0.12768465684574        0.86535229083382
C           -1.57099622650286        1.02626077656212        0.46436473001677
O           -1.90588274437429        0.98568965943288       -0.89350225074027
C           -2.52227203611881       -0.20458254796472       -1.36969255198194
C           -2.82691604003262        0.08719817131324       -2.84658869849441
O           -1.67409141291186        0.46672728866306       -3.53998262197069
C           -3.77612928531887       -0.55769972623510       -0.55907689685982
O           -4.29467900173980       -1.82231004639442       -0.90062198601666
C           -3.40189459202710       -0.61185183627713        0.92663311083470
O           -4.52801480815408       -0.85807790918452        1.73302101061575
C           -2.81137460053087        0.73947353540266        1.33615459527699
O           -2.45308314011891        0.76686939932653        2.68307612303831
C            1.45470125747030        1.03140435252727        1.82089930451627
O            0.91222574143009        2.26184721319270        2.23654282719482
C            2.96998176181663        1.19683027556132        1.61983181266110
O            3.59245589779096        1.38300047010024        2.86033233691723
H            5.32178077421996       -1.32193957643140       -0.64247749165526
H            5.73494300921752       -1.53560736344972        1.08161689760980
H            6.68715298879212       -0.41785101874559        0.06645648240131
H            3.54611631931837       -0.88995447133523        1.62040158471908
H            1.49435394108135       -1.52939163037234        0.68252903117035
H            0.90985050717500       -0.37070530236829       -2.09692889739297
H            0.03896475249471       -1.68435237138067       -1.24883540993835
H            2.75403497209309       -1.83926172648706       -1.87679953871284
H            0.75053201068958        1.28528006676239       -0.19739649985090
H           -1.24705577992027        2.06046084137350        0.64582094074109
H           -1.81572567873711       -1.04004108920454       -1.28990511427511
H           -3.58573185625197        0.88353743149348       -2.89485565544086
H           -3.20475259278623       -0.80662119154798       -3.34741670194783
H           -1.25397367102721        1.16918495902884       -3.02796329964843
H           -4.54120113429102        0.22371649451845       -0.69906853080349
H           -4.54612534150556       -1.82994166869276       -1.82976067570468
H           -2.64572313064313       -1.39673898104532        1.07579324759745
H           -4.97395006535819       -1.63272962796121        1.36919035460757
H           -3.56353406564437        1.51953700475094        1.12363029178439
H           -3.14788736588391        0.30125691938018        3.16827539955953
H            1.26125739620809        0.34189221798292        2.64899803554739
H            1.03634336510832        2.91721470883440        1.53710208714599
H            3.15836750967228        2.06196436091694        0.95911214373647
H            3.04700134626113        2.00213582245346        3.36610573905904
48
 energy: -84.802077395214 gnorm: 0.006130035018 xtb: 6.7.1 (edcfbbe)
C            5.69504933946067       -0.82204815068225        0.24868776722024
O            4.89055775585175        0.28977479945410        0.59067495366427
C            3.59262842308833       -0.02287292228495        0.92857324138685
O            2.87681069983200       -0.31735101484347       -0.25647899200058
C            1.52886297481012       -0.68619376673184       -0.03793754004043
C            1.00199536669592       -1.18078985907656       -1.38952217504859
O            1.84439299256324       -2.16887369900983       -1.90969329239527
C            0.76099227308699        0.49816216966567        0.57983121271898
O           -0.58000373641522        0.13229540488345        0.87052555794860
C           -1.56922065654279        1.02490550397132        0.45373757569645
O           -1.89399883455670        0.96293398038354       -0.90475175516325
C           -2.52376138745605       -0.22329479350061       -1.37549896559811
C           -2.83013750646285        0.06904621430433       -2.85266128394758
O           -1.67810579647527        0.44817493049559       -3.54724759288326
C           -3.77886319736102       -0.56349962463226       -0.56174651929829
O           -4.30531925905540       -1.82803127473206       -0.89215198381096
C           -3.40267859197726       -0.60611617118758        0.92386586234637
O           -4.52691199262723       -0.84897795658791        1.73387584216051
C           -2.81492325068460        0.74955084379057        1.32365172156329
O           -2.45941356283811        0.78874425458128        2.67077400262075
C            1.46143325700750        1.02197817750057        1.83861217292332
O            0.92020892595445        2.24724097369782        2.27185131211960
C            2.97604415323537        1.19174217026471        1.63019331396444
O            3.61132235184724        1.37342484844607        2.86509262441997
H            5.32060566632284       -1.32365271574698       -0.64768053286695
H            5.73583982595323       -1.53914233556657        1.07572401383096
H            6.68819540835085       -0.42189167521583        0.05994327819465
H            3.54811127472915       -0.89692290295205        1.61086589724444
H            1.49733316441409       -1.52876220316856        0.67708455004827
H            0.90742935513644       -0.33905245830544       -2.08902096561252
H            0.03060038984874       -1.65467762127388       -1.25209187015564
H            2.74431425895595       -1.81940056926455       -1.88221828948738
H            0.75649204080428        1.30583690267904       -0.17466271412544
H           -1.24763159908303        2.06353909255063        0.61632751894127
H           -1.82801854253298       -1.06829917325590       -1.29754853506182
H           -3.58807513847508        0.86639548917875       -2.89804849415595
H           -3.21004118519429       -0.82290230074196       -3.35518792901952
H           -1.25722932074056        1.15001796533447       -3.03495668513689
H           -4.53975575704677        0.22093288654691       -0.70758035823601
H           -4.55742935775614       -1.84122552551774       -1.82110390566767
H           -2.64400199932948       -1.38758241626745        1.07891796306600
H           -4.97243277371474       -1.62611976039726        1.37478609481596
H           -3.56680188639571        1.52753462208889        1.10261998705971
H           -3.15067396055284        0.31970471629104        3.15743758764314
H            1.27671552563990        0.32621644196459        2.66367267468181
H            1.03078981250733        2.90687252747735        1.57420106195223
H            3.15682543298268        2.06046858204626        0.97205187371755
H            3.07187939469417        1.99218421009848        3.37769097600935
48
 energy: -84.802406016190 gnorm: 0.005020147213 xtb: 6.7.1 (edcfbbe)
C            5.69732940362057       -0.82469625842480        0.24388101852541
O            4.89640819988958        0.28841071575099        0.58992709505010
C            3.59849111694548       -0.02233348991115        0.92833797496227
O            2.87955341326371       -0.30524792472256       -0.25687986645163
C            1.53273964144186       -0.67427553533999       -0.03354423580869
C            0.99906811952188       -1.15375738111271       -1.38802462163163
O            1.83361572966681       -2.14195636878140       -1.92162222533104
C            0.76437588564954        0.50805371569010        0.58584152249096
O           -0.57661198411910        0.13581146460798        0.86872701050325
C           -1.56777772384885        1.02142136093148        0.44280891097980
O           -1.88039401430859        0.93983034918200       -0.91784470906003
C           -2.52703278638559       -0.24176704411384       -1.38150985610636
C           -2.83681512189291        0.04920476300594       -2.85898803391220
O           -1.68646032305743        0.42452824796483       -3.55787163540726
C           -3.78293283756815       -0.56740425164214       -0.56291651141171
O           -4.31702615709797       -1.83223514881284       -0.88056521417310
C           -3.40461346943674       -0.59922186044599        0.92229212394954
O           -4.52662100312213       -0.83853099316951        1.73635074949269
C           -2.81792270441013        0.76007362118333        1.31020716090945
O           -2.46792855149770        0.81457248924395        2.65798641641789
C            1.46813535603596        1.01134105600026        1.85508538676820
O            0.92874933977673        2.22823774943956        2.31595491121676
C            2.98264954852228        1.18659910818464        1.64023903423935
O            3.62661894434046        1.36095290192524        2.87156065092663
H            5.31973180833796       -1.32414943529612       -0.65257430553787
H            5.73837638046089       -1.54349598519207        1.06943022457808
H            6.69091832560764       -0.42670397491638        0.05311677740298
H            3.55229147218002       -0.90252910718457        1.60253434477913
H            1.50103560325859       -1.51998538638969        0.67534316610511
H            0.90843507296658       -0.30350887082444       -2.07775422553666
H            0.02462907422867       -1.62152049801508       -1.25351951187305
H            2.73533016719787       -1.79732272117519       -1.89319743725757
H            0.76646311801924        1.32476243215020       -0.15681176849696
H           -1.24771986851635        2.06327792971311        0.58744388819789
H           -1.84360960969189       -1.09743372157715       -1.30578806908991
H           -3.59378252014387        0.84759472674295       -2.90323282956580
H           -3.21987457979299       -0.84253746607693       -3.35952456972221
H           -1.26138948442939        1.12459648005354       -3.04669373454849
H           -4.54017035880896        0.21933449293933       -0.71519510297410
H           -4.57122375312207       -1.85253946180491       -1.80886653320089
H           -2.64333492515053       -1.37723233954442        1.08233190080871
H           -4.97250570010714       -1.61758203740766        1.38186742913980
H           -3.56712955891912        1.53707003124147        1.07677607927928
H           -3.15603603961544        0.34267948711264        3.14610618215199
H            1.29070197780057        0.30179165778196        2.67014741190935
H            1.02203103307201        2.89707978891099        1.62454102601305
H            3.15678020123945        2.06031134107767        0.98688380510781
H            3.09445491199627        1.98042816816086        3.39068305244401
48
 energy: -84.802624329990 gnorm: 0.003677615871 xtb: 6.7.1 (edcfbbe)
C            5.70061058307794       -0.82568615217567        0.23996286642933
O            4.90350365348606        0.28833396099159        0.59226175738046
C            3.60520909133037       -0.02182126625536        0.92921514224248
O            2.88551711059554       -0.29728618616043       -0.25675604612047
C            1.53898062734727       -0.66340828029607       -0.03198784168408
C            0.99970857491902       -1.13080703471098       -1.38835914903967
O            1.82657198265890       -2.11799599942750       -1.93563054905369
C            0.76943732206416        0.51686884023342        0.58744002667261
O           -0.57141873080419        0.13942386666202        0.86293793135645
C           -1.56630497182067        1.01839197790853        0.43298544706726
O           -1.86974623971157        0.92220768488903       -0.93023887381219
C           -2.53129176948090       -0.25585636659986       -1.38591336108506
C           -2.84603749789514        0.03030020906032       -2.86380012827217
O           -1.69813730886770        0.39858621697967       -3.56992262313941
C           -3.78711321041905       -0.56913639729250       -0.56213485562141
O           -4.32647552156859       -1.83463601474386       -0.86834916179136
C           -3.40659225757111       -0.59205079413189        0.92237377374598
O           -4.52655837538836       -0.82713709644141        1.74016872924186
C           -2.81896242554785        0.76975989002784        1.29765967057207
O           -2.47602171939213        0.84107788981734        2.64634137560462
C            1.47382706243154        1.00029573110926        1.86689902731562
O            0.93541447083141        2.20628036197205        2.35846328068815
C            2.98844075695220        1.18178086088808        1.64936487463974
O            3.63470318919667        1.34757232399857        2.88012433241036
H            5.31875067071375       -1.32149639487819       -0.65690456104379
H            5.74239047933006       -1.54747195415448        1.06289626244300
H            6.69470289708729       -0.43010561274966        0.04685570555338
H            3.55818388059549       -0.90599309923592        1.59807863858849
H            1.50447067205355       -1.50871625385185        0.67483168632010
H            0.91242950044864       -0.27170444914531       -2.06765362681136
H            0.02249449216149       -1.59192740024471       -1.25467920591428
H            2.72938621235189       -1.77644466837619       -1.90854772967992
H            0.77697305029037        1.33969033996441       -0.14579766225839
H           -1.24703818450782        2.06195760040862        0.56472421248820
H           -1.85745506965272       -1.11934986287142       -1.31117722361045
H           -3.60171105673543        0.82991912250479       -2.90917254166006
H           -3.23341504427867       -0.86323106892257       -3.35815304635122
H           -1.26523648452451        1.09573830216679       -3.06138499445384
H           -4.54215188349731        0.21854414096397       -0.71986279639333
H           -4.58416776495671       -1.86198422045107       -1.79551529486837
H           -2.64391346662631       -1.36798936802655        1.08572849191214
H           -4.97409169446988       -1.60698365807478        1.38955860487752
H           -3.56407666024478        1.54663897836882        1.05021812961434
H           -3.16198604647850        0.36777462077510        3.13603312720251
H            1.30103087176202        0.27223085876177        2.66680794397996
H            1.01127309062397        2.88770811389750        1.67722919364147
H            3.15813775136233        2.06087513307874        1.00224075964719
H            3.10775616027612        1.96725939113895        3.40402053746223
48
 energy: -84.802751807556 gnorm: 0.003159655994 xtb: 6.7.1 (edcfbbe)
C            5.70373701683507       -0.82422904935797        0.23697138415753
O            4.90927614054561        0.28947899286130        0.59688328867266
C            3.61057025771352       -0.02191068263504        0.93150319994144
O            2.89195392074582       -0.29421965935742       -0.25570958027181
C            1.54479877570571       -0.65661679979957       -0.03341538415193
C            1.00325084311116       -1.11574170798233       -1.39158408199245
O            1.82492695747476       -2.10110555213303       -1.94854411126697
C            0.77395919771882        0.52225691657597        0.58601798038199
O           -0.56696918446900        0.14264622085836        0.85698041193771
C           -1.56477528261339        1.01748793567520        0.42571899546878
O           -1.86496341663842        0.91394031347093       -0.93921964907828
C           -2.53469428484877       -0.26303829366494       -1.38758304856525
C           -2.85478187045888        0.01562361501930       -2.86588799176880
O           -1.70952841439502        0.37525589296886       -3.58045759406414
C           -3.78974820938826       -0.56924232164612       -0.55984494579834
O           -4.33109085674785       -1.83566745243943       -0.85819436254467
C           -3.40753730755680       -0.58557861364982        0.92403817471883
O           -4.52614527967943       -0.81583385750924        1.74466112476567
C           -2.81822060848249        0.77780612606935        1.28854289852922
O           -2.48132353722185        0.86360049718362        2.63783953144137
C            1.47691722507727        0.99036796448925        1.87266570980335
O            0.93804524228408        2.18559513667620        2.38833468228758
C            2.99160820408343        1.17754599392081        1.65676845172682
O            3.63504578111792        1.33607373072808        2.88940978734096
H            5.31769787303814       -1.31549109200826       -0.66066360524926
H            5.74704460212836       -1.54980188827842        1.05655120509480
H            6.69796008789609       -0.42993645711650        0.04193394135107
H            3.56402402194091       -0.90805309935301        1.59783819060766
H            1.50617461764116       -1.50143475685625        0.67307661622171
H            0.91808104108334       -0.25024089891031       -2.06308175778374
H            0.02419223849535       -1.57222725134526       -1.25813687299505
H            2.72817525198183       -1.76075547969102       -1.92402159199056
H            0.78468814058714        1.34878587263473       -0.14147711252215
H           -1.24520397148658        2.06152499296636        0.55102260661480
H           -1.86499542130378       -1.12945961460042       -1.31172873505669
H           -3.60882313552335        0.81670311001978       -2.91386111011850
H           -3.24712175293185       -0.88077654014748       -3.35165566804274
H           -1.26737122712166        1.06931671616893       -3.07562985726641
H           -4.54430838811755        0.21807574507677       -0.72102892682705
H           -4.59275210434476       -1.86823493039722       -1.78404524272176
H           -2.64499379506946       -1.36118446477650        1.08953333411143
H           -4.97618005160280       -1.59558818894651        1.39703389119362
H           -3.55998091276728        1.55441058359750        1.02932099680903
H           -3.16631517193076        0.39057542601461        3.12921342893529
H            1.30629969994183        0.24590949762898        2.65797508113620
H            1.00096146237870        2.87854944322932        1.71782402914106
H            3.15970678100435        2.06104676052391        1.01553447282054
H            3.10872957328342        1.95378798568960        3.41605807080872
48
 energy: -84.802850782813 gnorm: 0.002569821401 xtb: 6.7.1 (edcfbbe)
C            5.70649202075605       -0.82038003456284        0.23401936419982
O            4.91315002954884        0.29149561621473        0.60270743677855
C            3.61428076007043       -0.02285980412353        0.93486086011199
O            2.89773722607810       -0.29424639327381       -0.25398984990573
C            1.54937087100915       -0.65336338311300       -0.03705238978767
C            1.00894576628284       -1.10600106605411       -1.39786617348650
O            1.82791598273125       -2.08900673870023       -1.96091181884375
C            0.77729026862973        0.52458467110216        0.58299091551232
O           -0.56415634686026        0.14538809970061        0.85165614867138
C           -1.56311473528347        1.01872602675791        0.41996216367257
O           -1.86424454054312        0.91263230917015       -0.94581973245074
C           -2.53674139961435       -0.26552291623068       -1.38709131851556
C           -2.86224938977515        0.00352631340901       -2.86582909907982
O           -1.71965190970766        0.35292742046030       -3.58959749844797
C           -3.79075743164075       -0.56846791366940       -0.55633751381278
O           -4.33173414630693       -1.83618643107053       -0.84895099079946
C           -3.40747978305354       -0.57889945203872        0.92715791659101
O           -4.52535288073271       -0.80352632601684        1.74998157300848
C           -2.81659428332420        0.78584173020119        1.28209816238501
O           -2.48421063968632        0.88424022969572        2.63151016862367
C            1.47747017647907        0.98065123547184        1.87485084128893
O            0.93681196201503        2.16555089566491        2.40864205976983
C            2.99220496395066        1.17300368075190        1.66338218731222
O            3.63013775527820        1.32567193078387        2.89931584517535
H            5.31679141731397       -1.30647790820744       -0.66475014297859
H            5.75237551325564       -1.55042563417450        1.04956102623082
H            6.70024388063906       -0.42565640281830        0.03754562061571
H            3.56932656945092       -0.91021698803369        1.59986413551312
H            1.50589751917223       -1.49896999165356        0.66872524328239
H            0.92542934097228       -0.23591334892992       -2.06367043284303
H            0.02862539828777       -1.55994765181782       -1.26594329408177
H            2.73126838404522       -1.74886792763505       -1.93879721895696
H            0.79011409359825        1.35386493166064       -0.14089127837946
H           -1.24187513077826        2.06257270316163        0.54253905290365
H           -1.86711387810684       -1.13154206213272       -1.30823548074220
H           -3.61399988750129        0.80662827361322       -2.91716825808269
H           -3.26047497808668       -0.89603475207158       -3.34150527767158
H           -1.26778657027716        1.04430736937988       -3.08969195472247
H           -4.54597970383093        0.21766541663005       -0.71994492721650
H           -4.59753671009463       -1.87267302363259       -1.77342769783186
H           -2.64598250625250       -1.35507386459702        1.09494288477901
H           -4.97821287811987       -1.58298052812772        1.40528606930312
H           -3.55622592938994        1.56144046716270        1.01319032078059
H           -3.16892283460016        0.41284143639121        3.12493431661820
H            1.30815122325130        0.22290095341111        2.64744265878454
H            0.98992023445094        2.86822316783601        1.74816889647542
H            3.16051991878269        2.06019416056288        1.02761648441936
H            3.09992798628783        1.93835832095012        3.42800025154385
48
 energy: -84.802943162206 gnorm: 0.002287267167 xtb: 6.7.1 (edcfbbe)
C            5.70900604985481       -0.81391162503933        0.23032364613098
O            4.91495732500582        0.29428255176003        0.60903594445971
C            3.61638281638294       -0.02485188762268        0.93887586559246
O            2.90242033971287       -0.29583890671775       -0.25200588304690
C            1.55248284588982       -0.65282670181314       -0.04265258467133
C            1.01669992990313       -1.09872307800255       -1.40780220523215
O            1.83541948285040       -2.07885004118008       -1.97418073095671
C            0.77924071178801        0.52428992700452        0.57888745465025
O           -0.56337921445528        0.14779392905952        0.84662724107901
C           -1.56135169695735        1.02204759529529        0.41445675392661
O           -1.86578278614132        0.91575803555323       -0.95145753862548
C           -2.53746723773082       -0.26558449860454       -1.38493439633743
C           -2.86832256922395       -0.00835501108189       -2.86420182090887
O           -1.72820346214456        0.32828893339217       -3.59790588237403
C           -3.79038395424732       -0.56714763486119       -0.55138318712037
O           -4.32943541148699       -1.83674061968428       -0.83854758181074
C           -3.40670076932540       -0.57060615535790        0.93200543303741
O           -4.52440434888856       -0.78840865046640        1.75669068817792
C           -2.81468116413806        0.79583555010926        1.27725221921340
O           -2.48505735649584        0.90636275615707        2.62614247844018
C            1.47573362950761        0.96944381126652        1.87549997913874
O            0.93176236455568        2.14393939445809        2.42428462781156
C            2.99042533994521        1.16716979536530        1.67016697379106
O            3.62152743938412        1.31486526212066        2.91025363182731
H            5.31650418337669       -1.29433116843859       -0.67006824192128
H            5.75877175769359       -1.54922705215189        1.04097448726021
H            6.70151143494014       -0.41653197737442        0.03300265348146
H            3.57397545279802       -0.91368044886442        1.60233917904548
H            1.50367706601104       -1.50106426551372        0.66058767689961
H            0.93547205385970       -0.22470988083724       -2.06885709498458
H            0.03530724763388       -1.55193300257874       -1.28055033597172
H            2.73874999609879       -1.73859075533619       -1.95287779550953
H            0.79426574674641        1.35650403341827       -0.14186770192009
H           -1.23686380616117        2.06534553265461        0.53566328504229
H           -1.86533527427449       -1.12928200716194       -1.30120835516168
H           -3.61656647432720        0.79783676465979       -2.91956567008742
H           -3.27392832015494       -0.91089023256936       -3.32838829675406
H           -1.26656315031450        1.01803060702253       -3.10482550514350
H           -4.54694595089313        0.21721942909300       -0.71755346445230
H           -4.59957221158626       -1.87677858898163       -1.76159797913295
H           -2.64665475464900       -1.34747039048587        1.10338627794317
H           -4.97998659565880       -1.56801273971529        1.41585727249102
H           -3.55323903489844        1.56958847960828        0.99982907255456
H           -3.16982613357239        0.43799694676201        3.12247327289550
H            1.30796386137538        0.20034196877884        2.63684429410806
H            0.97581855211586        2.85516262978731        1.77303046075658
H            3.15981960714802        2.05794241746916        1.03993385142389
H            3.08275721156010        1.91829778706860        3.44148778662947
48
 energy: -84.803026866104 gnorm: 0.002567132279 xtb: 6.7.1 (edcfbbe)
C            5.71122709357023       -0.80528366479084        0.22583391127539
O            4.91442411158094        0.29752856034934        0.61457567642374
C            3.61670558521144       -0.02772783057861        0.94255911029269
O            2.90522051973445       -0.29756035669073       -0.25051344484037
C            1.55372720806331       -0.65427013459057       -0.04961717658721
C            1.02573983718614       -1.09242092992974       -1.42083670085351
O            1.84681170471238       -2.06938091449645       -1.98810042581159
C            0.77949162077706        0.52171851169420        0.57422657387339
O           -0.56485879833400        0.14973213686092        0.84182011426218
C           -1.55986246555483        1.02688068280884        0.40896105864076
O           -1.86799942013899        0.92067280965341       -0.95646602848131
C           -2.53709095362966       -0.26512491207768       -1.38162849553956
C           -2.87227951258159       -0.02062320210164       -2.86158055933756
O           -1.73382995485004        0.30107470417234       -3.60461566924889
C           -3.78906301303847       -0.56550375308672       -0.54520180573285
O           -4.32548947578678       -1.83749762692136       -0.82616419299254
C           -3.40575837175348       -0.56036679560723        0.93834636200263
O           -4.52388666452370       -0.77061904039869        1.76444559895658
C           -2.81308123833328        0.80813997775649        1.27368944869536
O           -2.48392121012475        0.93017382389142        2.62138791908189
C            1.47215745920729        0.95642673835333        1.87579275707759
O            0.92353243224041        2.12114636048222        2.43742558676637
C            2.98659588404237        1.15991500162103        1.67702475270363
O            3.61105548661294        1.30348600303041        2.92128949593992
H            5.31756806043945       -1.28030143762396       -0.67667894177124
H            5.76580880988274       -1.54613531570632        1.03115906715982
H            6.70176913955530       -0.40297117799687        0.02861013907268
H            3.57734772429451       -0.91882717963247        1.60336217460060
H            1.49997448164009       -1.50674563322365        0.64877165087754
H            0.94836760912121       -0.21459553754836       -2.07750096224425
H            0.04325782153689       -1.54627357603447       -1.30244487315282
H            2.75008895527636       -1.72907678194324       -1.96430407823768
H            0.79752726674677        1.35743261686663       -0.14287566596139
H           -1.23086119988801        2.06941337552661        0.52857935358436
H           -1.86150060256696       -1.12582966985508       -1.29169224642378
H           -3.61562264020871        0.78985440030555       -2.92143588569121
H           -3.28634847127933       -0.92524583111540       -3.31425179057762
H           -1.26384341015808        0.99119685755702       -3.12031453380842
H           -4.54713459662740        0.21678690563142       -0.71485281162559
H           -4.59964947030812       -1.88128573180858       -1.74787327414266
H           -2.64703943901604       -1.33734126162286        1.11502788727868
H           -4.98128741900601       -1.55143284883300        1.42883596437810
H           -3.55126212513445        1.57965803555531        0.98912488858013
H           -3.16886072340113        0.46620682301904        3.12165880234453
H            1.30633951224227        0.17773497504216        2.62770258330173
H            0.95865650012543        2.83948101081582        1.79382902819498
H            3.15704493084962        2.05427214247660        1.05227838473599
H            3.06009218961402        1.89350550810670        3.45611152878506
48
 energy: -84.803097652962 gnorm: 0.002651234828 xtb: 6.7.1 (edcfbbe)
C            5.71309484485142       -0.79565706730876        0.22108133359888
O            4.91183695080184        0.30080958671432        0.61827919740069
C            3.61541411152224       -0.03103617622167        0.94492634967177
O            2.90582062271586       -0.29835348988293       -0.25017965560812
C            1.55312342845459       -0.65666319279964       -0.05706734832123
C            1.03479506227563       -1.08642158679807       -1.43523369230759
O            1.86029860562152       -2.06032973157675       -2.00141410498058
C            0.77811016430487        0.51767073083646        0.56954267573516
O           -0.56804399205406        0.15100622217826        0.83739321810857
C           -1.55904775320073        1.03209658915830        0.40397890607258
O           -1.86972416113397        0.92494223561888       -0.96053144590344
C           -2.53610154053045       -0.26545317187628       -1.37769867967010
C           -2.87360391016330       -0.03270121648178       -2.85852831241915
O           -1.73541759265517        0.27328254310681       -3.60858101564101
C           -3.78748654813143       -0.56368824143075       -0.53853493474216
O           -4.32144899480569       -1.83827858789231       -0.81238457388366
C           -3.40536040190182       -0.54899415355699        0.94535684658490
O           -4.52449118363816       -0.75188711460655        1.77213346640651
C           -2.81214208277067        0.82146321471338        1.27134631370585
O           -2.48122118336061        0.95344667531466        2.61741200656943
C            1.46752574866236        0.94265075674551        1.87612343266066
O            0.91378211473349        2.09931278848453        2.44827512035464
C            2.98142080194780        1.15184222082894        1.68332677883180
O            3.60054792244146        1.29201825051854        2.93104542257404
H            5.32040180412478       -1.26632144976416       -0.68397999396119
H            5.77251722647991       -1.54159132405404        1.02131241080992
H            6.70131170403277       -0.38691486824897        0.02519850765226
H            3.57905784891104       -0.92519203456159        1.60179718591857
H            1.49568575781918       -1.51403439462243        0.63491657469762
H            0.96312219467812       -0.20482877463947       -2.08765600913699
H            0.05115931134231       -1.54141779902200       -1.32911118919069
H            2.76352375756500       -1.72022650099724       -1.97105725313266
H            0.79987814925034        1.35717951419001       -0.14317995496845
H           -1.22507681871169        2.07371286240890        0.52117435957835
H           -1.85758659068279       -1.12347715850972       -1.28114904955231
H           -3.61102371059900        0.78285273219369       -2.92317630582358
H           -3.29612031058122       -0.93813803941689       -3.30134826384024
H           -1.25991742094340        0.96630712515419       -3.13427435482727
H           -4.54678672305301        0.21651374156680       -0.71273339424022
H           -4.59859017867527       -1.88629192478900       -1.73301694325229
H           -2.64758902201586       -1.32530694561866        1.12847329582282
H           -4.98218539581807       -1.53516711359585        1.44279918988763
H           -3.55008343381968        1.59112359393106        0.98150421813305
H           -3.16643577613641        0.49495387276070        3.12230949381577
H            1.30335001214378        0.15638127448031        2.62065738294482
H            0.94091860818992        2.82274348881436        1.81020377845162
H            3.15233808662324        2.04959402127086        1.06364402848516
H            3.03645065350059        1.86646483457486        3.47010523701755
48
 energy: -84.803149377358 gnorm: 0.002123954936 xtb: 6.7.1 (edcfbbe)
C            5.71458953092446       -0.78679815356934        0.21688038228212
O            4.90828983697093        0.30365029641350        0.61977985393138
C            3.61325908652356       -0.03410054589313        0.94545980500762
O            2.90472352636510       -0.29768714020709       -0.25122194980372
C            1.55134083045420       -0.65866594032806       -0.06387848773042
C            1.04223973076766       -1.08047298306351       -1.44836793155214
O            1.87263958217945       -2.05206150267452       -2.01249518195103
C            0.77574256981533        0.51358382407883        0.56554734593754
O           -0.57164264777710        0.15150401956586        0.83380645382736
C           -1.55903843559626        1.03630008021253        0.40025501657228
O           -1.87030722731661        0.92682584542371       -0.96326050685440
C           -2.53510386651717       -0.26715746911920       -1.37379001805689
C           -2.87241355527193       -0.04347576184143       -2.85571332178842
O           -1.73295366856005        0.24841001336669       -3.60926925754815
C           -3.78643866054822       -0.56195002827434       -0.53260221118195
O           -4.31886400669552       -1.83879864287511       -0.79919323327568
C           -3.40606925157437       -0.53832875559712        0.95171037718521
O           -4.52660944791590       -0.73499339245943        1.77828091346095
C           -2.81192355147390        0.83335824670867        1.27006261016525
O           -2.47804369780438        0.97263101577668        2.61455503529930
C            1.46299718230026        0.93033531815328        1.87654541958222
O            0.90502221668372        2.08153943808455        2.45640595893847
C            2.97617668709611        1.14415865520554        1.68834660165087
O            3.59194032275216        1.28122938411485        2.93834100385663
H            5.32466647509248       -1.25448549049516       -0.69093882712729
H            5.77769614670476       -1.53676317406640        1.01292998323698
H            6.70070995802807       -0.37172521759284        0.02351183051805
H            3.57932412811916       -0.93161938261201        1.59772113283060
H            1.49192480914689       -1.52041309892073        0.62174850197240
H            0.97735667263277       -0.19543389603603       -2.09683529266771
H            0.05744998177911       -1.53596168512410       -1.35515487384275
H            2.77585202331037       -1.71256945149203       -1.97261389318643
H            0.80111095704877        1.35659358104211       -0.14261627955110
H           -1.22070422866479        2.07699077287441        0.51442287920748
H           -1.85523303280264       -1.12355603685739       -1.27132015953206
H           -3.60388245347965        0.77699887907484       -2.92510555420020
H           -3.30195201981220       -0.94863292334989       -3.29168673112352
H           -1.25529620424942        0.94624515030335       -3.14451158231294
H           -4.54633692977179        0.21654108489295       -0.71184934769146
H           -4.59725944432077       -1.89139056947642       -1.71920409778600
H           -2.64897559717444       -1.31364155218288        1.14107779123011
H           -4.98311320135847       -1.52153510980878        1.45524178858718
H           -3.54926996787290        1.60221787998151        0.97700309327831
H           -3.16378582996120        0.51995446574392        3.12385647083394
H            1.29941561448160        0.13868874703090        2.61577471954686
H            0.92630411881882        2.80790198480519        1.82156400892230
H            3.14686724062700        2.04485952953313        1.07291722227584
H            3.01757846512781        1.84169650876147        3.48136279501973
48
 energy: -84.803179581447 gnorm: 0.001277690060 xtb: 6.7.1 (edcfbbe)
C            5.71575299569996       -0.78040468875097        0.21388460049866
O            4.90537554634585        0.30570074725613        0.61964134691188
C            3.61139405668441       -0.03622447033877        0.94450730289099
O            2.90318175695178       -0.29589446623158       -0.25312176342095
C            1.54955319538672       -0.65925606927577       -0.06897550059989
C            1.04680185215898       -1.07484814804139       -1.45775449233782
O            1.88043559994998       -2.04540053880766       -2.02017665761595
C            0.77348803256515        0.51094302372272        0.56286950393648
O           -0.57420857145145        0.15135888854868        0.83151234912121
C           -1.55957709400018        1.03853810310393        0.39827793072259
O           -1.86997421674585        0.92621256964529       -0.96454132699757
C           -2.53455702802426       -0.26978170938970       -1.37056763742334
C           -2.86972746590919       -0.05181769893050       -2.85372439526639
O           -1.72806139940038        0.22989298203027       -3.60755117610429
C           -3.78639093166761       -0.56062160753768       -0.52858585725766
O           -4.31843779339560       -1.83891778241239       -0.78923674976691
C           -3.40790414245698       -0.53049909060678        0.95613574311945
O           -4.52992849511936       -0.72257763621460        1.78184784108461
C           -2.81221875248235        0.84140977317606        1.26951439250319
O           -2.47577190996466        0.98480212484097        2.61300478516661
C            1.45978712163313        0.92184976998461        1.87692123515459
O            0.89950542890709        2.07029050017339        2.46155242864667
C            2.97239844482999        1.13831249768577        1.69162812934879
O            3.58672455501093        1.27218549145421        2.94272389229164
H            5.32916274998509       -1.24621695782283       -0.69647336557518
H            5.78054243701148       -1.53313855958455        1.00706461180798
H            6.70058070161185       -0.36085522101277        0.02355358901188
H            3.57898789467606       -0.93661516635923        1.59265927342374
H            1.48954707019010       -1.52397306512278        0.61201889463661
H            0.98820988309575       -0.18712120697331       -2.10299635855656
H            0.06091503897962       -1.52941009758421       -1.37449401578134
H            2.78373389417481       -1.70709253564903       -1.97086367737956
H            0.80121858257194        1.35654157146611       -0.14157790035410
H           -1.21834017410716        2.07849371708323        0.50973990747639
H           -1.85491403172207       -1.12575646010805       -1.26362740799093
H           -3.59653147298055        0.77230746063596       -2.92727778476976
H           -3.30377002797451       -0.95635139879891       -3.28605596358559
H           -1.25070577261220        0.93264855628001       -3.14998888721798
H           -4.54620464197688        0.21684596057600       -0.71228913744275
H           -4.59623957175327       -1.89579686007317       -1.70914880668525
H           -2.65154891356769       -1.30523702100347        1.15016010399229
H           -4.98465677596904       -1.51211392478691        1.46379245229424
H           -3.54850678606227        1.61062911485888        0.97491744965884
H           -3.16239101730605        0.53717639185783        3.12540751396583
H            1.29562374204974        0.12689732641999        2.61267830616189
H            0.91778897612617        2.79800347880720        1.82821597724365
H            3.14256267355650        2.04132587898160        1.07944872320229
H            3.00729552342519        1.82355327002905        3.48883083449501
48
 energy: -84.803200678185 gnorm: 0.001008843625 xtb: 6.7.1 (edcfbbe)
C            5.71717188152316       -0.77468559971708        0.21114532121578
O            4.90303785712132        0.30773462559819        0.61854548562060
C            3.60988350873543       -0.03782344973273        0.94224533784143
O            2.90167584772763       -0.29283750945168       -0.25608006118528
C            1.54795880076955       -0.65823106799584       -0.07403476122244
C            1.04993270985237       -1.06751365638575       -1.46620594389512
O            1.88481011774148       -2.03841007006903       -2.02736916895600
C            0.77128531848995        0.50953259598584        0.56063264235738
O           -0.57591239088392        0.15066170263194        0.82982928923214
C           -1.56060844074692        1.03937574934413        0.39751070328313
O           -1.86941258406118        0.92378272728473       -0.96482415545736
C           -2.53445783187565       -0.27355700872751       -1.36693962997749
C           -2.86522655791902       -0.06074065174936       -2.85195723790861
O           -1.72009097458077        0.21172831941596       -3.60363375688251
C           -3.78757980083598       -0.55931619861300       -0.52545864885733
O           -4.32015832227031       -1.83856306682117       -0.78035151005178
C           -3.41158110634512       -0.52364099868873        0.95983071091172
O           -4.53557933229780       -0.71072124394945        1.78396899212358
C           -2.81292253649812        0.84746246048940        1.26943751484643
O           -2.47432622453279        0.99322381569368        2.61235583457702
C            1.45727409451076        0.91528569961526        1.87710418701716
O            0.89610327687676        2.06229091495786        2.46527908358705
C            2.96956180278923        1.13287260034719        1.69437444039713
O            3.58334439007837        1.26176447956255        2.94612754944757
H            5.33484878333557       -1.23836224015474       -0.70233643949980
H            5.78181565077541       -1.53023869415487        1.00158739458320
H            6.70136698980490       -0.35172700832118        0.02523838955857
H            3.57868849154147       -0.94117042160189        1.58605929739301
H            1.48788488047333       -1.52545735523682        0.60304673460184
H            0.99873269733737       -0.17708572753223       -2.10810132768689
H            0.06236187562296       -1.51889779280714       -1.39173474643552
H            2.78849001801414       -1.70276442809202       -1.96754786922290
H            0.80021928100539        1.35747310301578       -0.14030175461209
H           -1.21710386083099        2.07862201056724        0.50648903393601
H           -1.85613764092367       -1.12981866101617       -1.25508288771777
H           -3.58762649756651        0.76655022484888       -2.93066989642463
H           -3.30247681261590       -0.96480122995794       -3.28187140701911
H           -1.24442525255526        0.91984617421043       -3.15255084299385
H           -4.54664400633905        0.21759940529294       -0.71398060365843
H           -4.59524368293338       -1.90057134848019       -1.70069701802218
H           -2.65681160800737       -1.29876723778769        1.15804053885070
H           -4.98831723255708       -1.50325026258829        1.47077035216180
H           -3.54735181925748        1.61817140769435        0.97402297634003
H           -3.16276065569925        0.55135290057487        3.12710001836749
H            1.29124938909732        0.11772960869510        2.60969445000145
H            0.91362632840710        2.79094870945368        1.83303836941146
H            3.13934865008325        2.03849058271249        1.08592019382190
H            3.00208329702456        1.80644992883360        3.49581508307113
48
 energy: -84.803213349437 gnorm: 0.000892589737 xtb: 6.7.1 (edcfbbe)
C            5.71815108228847       -0.77270819901750        0.20991753629387
O            4.90301924333278        0.30867511038828        0.61802494384450
C            3.60992275066046       -0.03805951407069        0.94080592943712
O            2.90177171112154       -0.29086129729100       -0.25780340659016
C            1.54793845209496       -0.65626960830314       -0.07645728452784
C            1.05053141806242       -1.06243951662148       -1.46960393398776
O            1.88341346645114       -2.03497832102146       -2.03091278556756
C            0.77086138134073        0.51031709870384        0.55984929637752
O           -0.57568696834432        0.15019176162561        0.82953678425151
C           -1.56126821504046        1.03875968897664        0.39803010295476
O           -1.86978944701309        0.92221835598371       -0.96430919120613
C           -2.53479085891674       -0.27566397134552       -1.36488070594967
C           -2.86220827115450       -0.06595877168361       -2.85124161768096
O           -1.71495830408199        0.20305833230388       -3.60089953993227
C           -3.78922833397667       -0.55878324606131       -0.52480333866986
O           -4.32265275446670       -1.83797454385703       -0.77789574766367
C           -3.41476628781486       -0.52164185807619        0.96091914254862
O           -4.54003203325659       -0.70539075820277        1.78400793639180
C           -2.81346419513845        0.84834543030453        1.26976476377459
O           -2.47476451995590        0.99399283041818        2.61281691306069
C            1.45695224808548        0.91425296738915        1.87691860697872
O            0.89645511488748        2.06109460584431        2.46615338154599
C            2.96952201121586        1.13091113483017        1.69557875968395
O            3.58306122186763        1.25563190144844        2.94773526616873
H            5.33793001427233       -1.23438975825705       -0.70550421917192
H            5.78114843695805       -1.53008173460880        0.99880603989027
H            6.70273533349643       -0.34932991377251        0.02710100529114
H            3.57911290167845       -0.94263951339508        1.58284672444800
H            1.48753669434774       -1.52452383580450        0.59937411211622
H            1.00345368784725       -0.17079274731513       -2.11005379654650
H            0.06137255281348       -1.51030396533201       -1.39753776429307
H            2.78776957330099       -1.70227163041291       -1.96727545640202
H            0.79901857456753        1.35915685054589       -0.13994474307860
H           -1.21729689827691        2.07783665787678        0.50654028223900
H           -1.85729846968510       -1.13215278115341       -1.24977745756519
H           -3.58322126297614        0.76207383443821       -2.93343090835831
H           -3.29970605081211       -0.97051015223514       -3.28008064506031
H           -1.23998892791447        0.91278400188252       -3.15164949351875
H           -4.54742150591171        0.21840647220734       -0.71545843167341
H           -4.59481205433742       -1.90261588422302       -1.69889164840986
H           -2.66186454746511       -1.29824166685710        1.16063617778206
H           -4.99275200033165       -1.49859027365196        1.47263445445969
H           -3.54655804783180        1.62031677059698        0.97412414846847
H           -3.16504968737923        0.55526030234379        3.12772332602571
H            1.28942763302693        0.11575772197434        2.60808097907651
H            0.91561288101762        2.79063603292232        1.83491939352225
H            3.14003626671523        2.03809555783791        1.08965762305587
H            3.00282575705779        1.79939685893786        3.49938874310169
48
 energy: -84.803233118639 gnorm: 0.000938817637 xtb: 6.7.1 (edcfbbe)
C            5.71950230475916       -0.77085865904610        0.20811873040045
O            4.90377762468023        0.30959347375068        0.61763088690293
C            3.61042009852410       -0.03810818227892        0.93891945310417
O            2.90251324241467       -0.28781824879254       -0.26021293866558
C            1.54838503075750       -0.65223333373658       -0.07982692351973
C            1.05074503382277       -1.05416708462576       -1.47388983596834
O            1.87824400529592       -2.03104948985299       -2.03524633026177
C            0.77081748966571        0.51282324952404        0.55896004501856
O           -0.57474854154238        0.14969928906811        0.82976718111605
C           -1.56245825095980        1.03720223312890        0.39983188847598
O           -1.87147391486061        0.92042316831473       -0.96263987884707
C           -2.53535525310351       -0.27846466460009       -1.36164603266629
C           -2.85683769497167       -0.07406867367122       -2.85014894478782
O           -1.70643720986370        0.19174313787944       -3.59603779664911
C           -3.79244813401749       -0.55811639196080       -0.52473931476075
O           -4.32772255916075       -1.83656552495108       -0.77710185039188
C           -3.42052059453607       -0.52062036854075        0.96173079910873
O           -4.54793618256736       -0.69883821830602        1.78302297298197
C           -2.81456175728764        0.84714976923387        1.27118427438986
O           -2.47615683669949        0.99053308082577        2.61466049751092
C            1.45724465216704        0.91550705763768        1.87619826541219
O            0.89873458692747        2.06314519321247        2.46514352007362
C            2.97072869119328        1.12885089396037        1.69733785826203
O            3.58340792033537        1.24608152765784        2.95049417239622
H            5.34236565444186       -1.22829929637609       -0.71071672075175
H            5.77863815756676       -1.53156263916452        0.99418132990364
H            6.70530213247403       -0.34784052840614        0.03093268038296
H            3.57977518534032       -0.94425424512107        1.57880085060742
H            1.48696881668302       -1.52187776250517        0.59442325405045
H            1.01042824376816       -0.16127367481813       -2.11309004658119
H            0.05847269897200       -1.49522344978079       -1.40367921854362
H            2.78445913218564       -1.70443668455644       -1.96843350299034
H            0.79654814503348        1.36256470582614       -0.13992261475150
H           -1.21880093068844        2.07635709722777        0.50861781444970
H           -1.85878976024016       -1.13494060609859       -1.24077765078546
H           -3.57722677639692        0.75376222000441       -2.93838860321887
H           -3.29269638988963       -0.98015385109305       -3.27749376281423
H           -1.23247703499824        0.90247333446686       -3.14744452900554
H           -4.54876165043808        0.22025882061385       -0.71786633290617
H           -4.59397102591963       -1.90422723003340       -1.69958039332147
H           -2.67136559545861       -1.30050181414133        1.16311329944092
H           -5.00219708137215       -1.49170860062453        1.47321785814058
H           -3.54576588340322        1.62118393798719        0.97610254532579
H           -3.17015364272058        0.55656155221755        3.12868243537884
H            1.28695060020469        0.11693044075743        2.60641614679978
H            0.92355393232134        2.79396050282053        1.83563405097939
H            3.14405445226813        2.03829854998782        1.09564698993620
H            3.00682563545482        1.79210280423120        3.50359367861386
48
 energy: -84.803253173575 gnorm: 0.000938611618 xtb: 6.7.1 (edcfbbe)
C            5.72083216430363       -0.76850983117597        0.20516571945990
O            4.90460183376667        0.31038711058599        0.61790617243227
C            3.61082263013168       -0.03843236021533        0.93712359552257
O            2.90341649051167       -0.28371326651735       -0.26296050855002
C            1.54870216763678       -0.64669891351236       -0.08471912907438
C            1.05196497767152       -1.04249616588048       -1.48075350563530
O            1.87193768443928       -2.02615157503446       -2.04094508947053
C            0.77072046658316        0.51643802210304        0.55737144530046
O           -0.57383992046585        0.14951103218026        0.82996933775445
C           -1.56407255453766        1.03553840835571        0.40244169937733
O           -1.87434809640356        0.91886480811217       -0.96011685591537
C           -2.53574322316295       -0.28204180283169       -1.35679983378762
C           -2.84887136906747       -0.08630715147832       -2.84822606146788
O           -1.69427778065570        0.17534647431512       -3.58922402700153
C           -3.79673328799725       -0.55701973047945       -0.52436882106778
O           -4.33524888650454       -1.83404265309339       -0.77675047528239
C           -3.42835571400898       -0.51955575270827        0.96307424708900
O           -4.55889028033726       -0.68993725603067        1.78181340749537
C           -2.81604912585354        0.84524019424974        1.27388871891563
O           -2.47739254584259        0.98474083070889        2.61778022929014
C            1.45737840476194        0.91766731916760        1.87503447819993
O            0.90133843598521        2.06680791819364        2.46297933947685
C            2.97224647810439        1.12601943085138        1.70014379699674
O            3.58302138097251        1.23282597237196        2.95523040044831
H            5.34786996289320       -1.21886741745281       -0.71888730507922
H            5.77462311185939       -1.53478085266162        0.98628189924375
H            6.70829919260732       -0.34585827174280        0.03620645248056
H            3.58004619080414       -0.94676861077355        1.57393905518518
H            1.48524366513509       -1.51874878063857        0.58648429962327
H            1.02214884263543       -0.14818097761445       -2.11873438592299
H            0.05521997940247       -1.47403736613201       -1.41435382164264
H            2.78097339531512       -1.70816227005144       -1.97149588602657
H            0.79310506962237        1.36756997632152       -0.14005458872287
H           -1.22139843445113        2.07503730141364        0.51169767311887
H           -1.86001959630505       -1.13801885257866       -1.22698700550640
H           -3.56896571398286        0.74084978931868       -2.94537308108085
H           -3.28205671564809       -0.99514479017719       -3.27271567788100
H           -1.22153651078460        0.88710664989491       -3.14091914681716
H           -4.54992797912047        0.22361183971571       -0.72061251121127
H           -4.59338329309772       -1.90453927416717       -1.70134686406100
H           -2.68459022296487       -1.30400882207278        1.16695710525697
H           -5.01651725092277       -1.48130690812915        1.47322299251795
H           -3.54508194368519        1.62194834803836        0.98025064214597
H           -3.17667715233146        0.55762797724729        3.13060379504852
H            1.28318795790143        0.11934016190611        2.60467076527541
H            0.93497617559799        2.79951569790700        1.83574162525444
H            3.15036622962937        2.03851921394527        1.10446763676174
H            3.01093547563130        1.78281199354547        3.50937830856457
48
 energy: -84.803266595122 gnorm: 0.000864815271 xtb: 6.7.1 (edcfbbe)
C            5.72112523369806       -0.76644390922262        0.20187166469151
O            4.90473959957927        0.31047431602230        0.61951236829448
C            3.61056187072450       -0.03932582404396        0.93664123441180
O            2.90403713429920       -0.28014213024042       -0.26473731179407
C            1.54859278196313       -0.64195727550319       -0.08955535522694
C            1.05447148370517       -1.03160195551873       -1.48829243497349
O            1.86830625642786       -2.02148444828971       -2.04632372743713
C            0.77025658774209        0.51924652873027        0.55561380682560
O           -0.57372620846078        0.14974071717636        0.82987850866377
C           -1.56565910016324        1.03463584687431        0.40472470309085
O           -1.87731421979946        0.91808004590382       -0.95781643070362
C           -2.53546906322690       -0.28535257590016       -1.35194651128186
C           -2.84104259585128       -0.09865681664375       -2.84590817650645
O           -1.68281800635488        0.15955323662900       -3.58240253237221
C           -3.80008361549693       -0.55569949722760       -0.52349280793391
O           -4.34233990345216       -1.83106154957334       -0.77631331589738
C           -3.43499019398266       -0.51835427297419        0.96475092503781
O           -4.56831602612607       -0.68191682739803        1.78114962226294
C           -2.81734847328869        0.84391432874955        1.27689861484001
O           -2.47738846772543        0.97950907724102        2.62084274293302
C            1.45674628317348        0.91925397974288        1.87388569482551
O            0.90268915689070        2.07029021635747        2.45957299149063
C            2.97282143948682        1.12290413700286        1.70354237247621
O            3.58091428838688        1.22102421583179        2.96080966066746
H            5.35150808451769       -1.20900871572917       -0.72729727835567
H            5.77050111527245       -1.53885358491982        0.97722453227350
H            6.70992779200506       -0.34390035816608        0.04045828077970
H            3.57926215132945       -0.94980066483257        1.57036115789096
H            1.48265644440032       -1.51661776994098        0.57797554558620
H            1.03549463215304       -0.13597264276405       -2.12498158980678
H            0.05372349841613       -1.45457433025452       -1.42755490074859
H            2.77967045248105       -1.71070212131148       -1.97557954769003
H            0.79016973932509        1.37166727017938       -0.14025841064565
H           -1.22408192064384        2.07453301472655        0.51424056447311
H           -1.85995157732116       -1.14019768486290       -1.21311982331462
H           -3.56125690463604        0.72733695321296       -2.95189391617810
H           -3.27116587534677       -1.01031902040562       -3.26731222876781
H           -1.21170171396312        0.87241982697040       -3.13420909387672
H           -4.54995428226633        0.22746892767597       -0.72242332821413
H           -4.59413985284075       -1.90283247723913       -1.70254858164957
H           -2.69592950980600       -1.30655006438776        1.17119232158989
H           -5.02975844094928       -1.47105745028812        1.47259817732983
H           -3.54484502639758        1.62285424372396        0.98537327684346
H           -3.18107316249531        0.55882105768619        3.13306044034735
H            1.27839149065426        0.12205628085920        2.60362916997617
H            0.94554200884210        2.80380379713269        1.83396196148167
H            3.15588516505271        2.03777808780782        1.11313697652570
H            3.01236021545308        1.77501467872892        3.51454024484490
48
 energy: -84.803276890908 gnorm: 0.000597820461 xtb: 6.7.1 (edcfbbe)
C            5.72017718941818       -0.76537748347027        0.19864951778215
O            4.90462732415602        0.30966608720375        0.62266491317332
C            3.60995678058388       -0.04059568134143        0.93759024713204
O            2.90457129982578       -0.27723994928394       -0.26520257896597
C            1.54835540344613       -0.63813400709104       -0.09372068830129
C            1.05801631126010       -1.02167119541789       -1.49562402571843
O            1.86721576751913       -2.01662325646078       -2.05133511136772
C            0.76987976833666        0.52166141831152        0.55373320374081
O           -0.57368904134581        0.15037651629493        0.82935053190514
C           -1.56672510401606        1.03430008824097        0.40606308141450
O           -1.87958476948090        0.91743238893716       -0.95645388963677
C           -2.53496188125427       -0.28846184057293       -1.34771124344632
C           -2.83431445413014       -0.11047124042581       -2.84372664960531
O           -1.67334502297329        0.14534798407237       -3.57684999827890
C           -3.80243413897227       -0.55438592901973       -0.52222686451602
O           -4.34900577038330       -1.82791594198442       -0.77543635906607
C           -3.43967543623313       -0.51715610606588        0.96651657205628
O           -4.57504602893672       -0.67567419426233        1.78116384851174
C           -2.81797385242847        0.84329005040713        1.27936617790151
O           -2.47615253226380        0.97600435349780        2.62314672504120
C            1.45568799597923        0.92025103831707        1.87308336282747
O            0.90275501133791        2.07287780825305        2.45736840686545
C            2.97271414693436        1.12009669886600        1.70700729670834
O            3.57784360105264        1.21169495242286        2.96636212478153
H            5.35216024097113       -1.19983819452058       -0.73493408902471
H            5.76635200549150       -1.54401925080519        0.96788134304342
H            6.71002857627165       -0.34318594467216        0.04308148824405
H            3.57759536942671       -0.95296383826276        1.56849465853769
H            1.47974159289523       -1.51538760294923        0.57000044386338
H            1.04939743354817       -0.12458318370034       -2.13054295898566
H            0.05393498443408       -1.43733247143903       -1.44167062576158
H            2.78033020184551       -1.71114518265677       -1.98028574363188
H            0.78813237188592        1.37553419756137       -0.14036853352125
H           -1.22620373739419        2.07465494975745        0.51522770936367
H           -1.85955775110671       -1.14208152513287       -1.20082313446822
H           -3.55522379739607        0.71392976133102       -2.95735344946567
H           -3.26139513481854       -1.02519282267523       -3.26171910759796
H           -1.20381556181508        0.85946833604003       -3.12886458855322
H           -4.54881906063830        0.23158183506895       -0.72329492920617
H           -4.59764290383539       -1.89948090183352       -1.70250891514803
H           -2.70408499219746       -1.30795595530345        1.17504563553611
H           -5.04034983069169       -1.46205820422005        1.47129944661348
H           -3.54453399370705        1.62389756105870        0.98987907807056
H           -3.18266316619315        0.56037079896757        3.13553170922656
H            1.27371532092252        0.12346657138191        2.60271398355526
H            0.95261500714804        2.80730303915823        1.83290470331782
H            3.15989553892106        2.03678531762206        1.12075064049248
H            3.01149948362371        1.76893696813235        3.51925689163543
48
 energy: -84.803287087589 gnorm: 0.000601800521 xtb: 6.7.1 (edcfbbe)
C            5.71770915769317       -0.76514715386601        0.19492876491819
O            4.90426149987015        0.30774350115190        0.62838230243823
C            3.60880183078626       -0.04246472623909        0.94027617386771
O            2.90544217997682       -0.27452789750431       -0.26454088311247
C            1.54817527306828       -0.63432147198517       -0.09817196898743
C            1.06335498471778       -1.01031693042637       -1.50430075469733
O            1.86858897561077       -2.00996611998622       -2.05743983450504
C            0.76917477579244        0.52360674054221        0.55169381616548
O           -0.57414845763990        0.15124449152262        0.82834855218265
C           -1.56792279987605        1.03437306172953        0.40685604641151
O           -1.88181033680419        0.91674611394422       -0.95559649588407
C           -2.53382805273409       -0.29214727465570       -1.34326572192784
C           -2.82739953190537       -0.12402582431050       -2.84129763860164
O           -1.66402029645501        0.13031071414064       -3.57108285038238
C           -3.80415799046294       -0.55265499916376       -0.52041164793518
O           -4.35604507373917       -1.82394597089108       -0.77367913722194
C           -3.44336701533424       -0.51554510280360        0.96872009307237
O           -4.58033955815720       -0.66999500065046        1.78196112575298
C           -2.81836003623137        0.84342931410116        1.28180922746757
O           -2.47359650706425        0.97376004047178        2.62506824714131
C            1.45393502635185        0.92051770724347        1.87235275350220
O            0.90192499480182        2.07494684945420        2.45413503597729
C            2.97186268153844        1.11690073355855        1.71173963410913
O            3.57321529524201        1.20323219338687        2.97339850013788
H            5.34977965701295       -1.18940392275285       -0.74338518526706
H            5.76110867891295       -1.55151909663634        0.95639023301730
H            6.70868138230831       -0.34369666550838        0.04470303107227
H            3.57448751763283       -0.95674730302432        1.56821984800788
H            1.47593375743027       -1.51453219815105        0.56095782592328
H            1.06661334668101       -0.11115037625144       -2.13635184966060
H            0.05577804527676       -1.41831595353684       -1.45957308897388
H            2.78328319092691       -1.70918000358912       -1.98588288622431
H            0.78650719256133        1.37880170236176       -0.14057273605928
H           -1.22824538046514        2.07511257878706        0.51525046108646
H           -1.85819500020013       -1.14409898663492       -1.18752969389625
H           -3.54986352039883        0.69787034054245       -2.96328997193529
H           -3.25027286755853       -1.04243041946990       -3.25534594544597
H           -1.19699990658193        0.84645716765896       -3.12367966156968
H           -4.54656634383734        0.23659289854696       -0.72341466801525
H           -4.60472958585224       -1.89406793857521       -1.70082656902566
H           -2.71049621991733       -1.30829295180035        1.17914392797236
H           -5.04978208928576       -1.45294328180443        1.46944710926530
H           -3.54432989255636        1.62545012540237        0.99473253204230
H           -3.18174464882429        0.56245250162831        3.13853074895354
H            1.26753366647354        0.12488776267513        2.60198130518358
H            0.95873132236956        2.80916852346520        1.83025302809959
H            3.16336954143303        2.03481140786980        1.12891659903342
H            3.00796790202254        1.76301791736432        3.52492252350790
48
 energy: -84.803295683257 gnorm: 0.000776497575 xtb: 6.7.1 (edcfbbe)
C            5.71383427709102       -0.76676420702711        0.19140634298361
O            4.90422022627475        0.30431188845894        0.63635397805226
C            3.60750818923307       -0.04478176340161        0.94443445213747
O            2.90672994479854       -0.27195832535953       -0.26273273762472
C            1.54832274621031       -0.63036990689297       -0.10238647299475
C            1.06978269911614       -0.99782498652728       -1.51311658049099
O            1.87145602392191       -2.00138864241317       -2.06449514918394
C            0.76901867726570        0.52616433831574        0.54946067095222
O           -0.57383394007076        0.15250880767198        0.82694245949323
C           -1.56853128788134        1.03459694537347        0.40663527622241
O           -1.88314268690059        0.91539805407171       -0.95575041746416
C           -2.53266939337389       -0.29626883333837       -1.33928526855926
C           -2.82105908222170       -0.13834693569575       -2.83922791385891
O           -1.65599690677855        0.11612585037391       -3.56635231636421
C           -3.80531989005652       -0.55116402375157       -0.51835979758234
O           -4.36335402855039       -1.81992002581703       -0.77114580315447
C           -3.44553863545927       -0.51393153141390        0.97096388589604
O           -4.58338061230797       -0.66586545349250        1.78347098714911
C           -2.81797385674165        0.84408827189483        1.28338167083499
O           -2.47019601831757        0.97336590346019        2.62600938232330
C            1.45194181911532        0.92089711125041        1.87208764636606
O            0.90021785155215        2.07645206885977        2.45305316721064
C            2.97067865884954        1.11401130473046        1.71669434978918
O            3.56786536662615        1.19632595304279        2.98061610869850
H            5.34399833699048       -1.17957955515628       -0.75120551104518
H            5.75471217427940       -1.56139797298850        0.94429121827226
H            6.70614043992850       -0.34711505945253        0.04528392981281
H            3.57016730119897       -0.96086959992732        1.56960394912760
H            1.47198802983666       -1.51382623092747        0.55174042296454
H            1.08486513585790       -0.09602905374194       -2.14114365843463
H            0.05898200752971       -1.39818891834137       -1.47826322845294
H            2.78747593093495       -1.70476890060019       -1.99185267176681
H            0.78558736125732        1.38314526867771       -0.14058783684678
H           -1.22960055179424        2.07577229081859        0.51356204143761
H           -1.85711485658127       -1.14670688362972       -1.17529252026978
H           -3.54625024176945        0.67995824275834       -2.96900771823693
H           -3.23877570709036       -1.06110319660370       -3.24891322793206
H           -1.19226089026127        0.83517563589348       -3.12008294979670
H           -4.54333685936618        0.24174608964050       -0.72308132243657
H           -4.61598966994903       -1.88744441653638       -1.69744489401320
H           -2.71429384227868       -1.30784385360062        1.18257705177769
H           -5.05660046140373       -1.44523148558626        1.46743024042656
H           -3.54368355317221        1.62707372952776        0.99823948521722
H           -3.17854168814616        0.56469140868096        3.14113283968183
H            1.26158094407822        0.12504178426341        2.60080656201372
H            0.96145735534883        2.81110493349897        1.82975593655916
H            3.16599877686493        2.03290160841833        1.13660256857226
H            3.00291515048304        1.75782908986486        3.53067162926744
48
 energy: -84.803298793834 gnorm: 0.000348816944 xtb: 6.7.1 (edcfbbe)
C            5.71298830721750       -0.76805174803601        0.19182239992101
O            4.90441640135161        0.30325293697726        0.63767738058375
C            3.60728420783976       -0.04493091475355        0.94498479141751
O            2.90711471512117       -0.27202693565395       -0.26245187271523
C            1.54855656288977       -0.62994105239633       -0.10263471159396
C            1.07016395270131       -0.99648598423008       -1.51342114873660
O            1.87183480044933       -1.99974459577698       -2.06536164391456
C            0.76893117288871        0.52631001519266        0.54925014873886
O           -0.57374922239655        0.15250019004343        0.82662241698260
C           -1.56872953467330        1.03457998089190        0.40629508109497
O           -1.88298749374371        0.91497216916520       -0.95601865898210
C           -2.53244359038243       -0.29675404873938       -1.33931364355478
C           -2.82101627674984       -0.13887939496119       -2.83930623747920
O           -1.65601786345151        0.11675166352658       -3.56625628107603
C           -3.80502445103034       -0.55125288659710       -0.51826145007246
O           -4.36300166814913       -1.81999948016680       -0.77036719008486
C           -3.44491625774665       -0.51387533609883        0.97103646279571
O           -4.58244098303628       -0.66657029041949        1.78390293852926
C           -2.81786624488057        0.84434988827753        1.28307698166424
O           -2.47001881491968        0.97419907432747        2.62561308463044
C            1.45196119127066        0.92099530472358        1.87171485400996
O            0.90025557544924        2.07632173082666        2.45264911503099
C            2.97067844044085        1.11438295717635        1.71678708006814
O            3.56778762204923        1.19723719776925        2.98067052167964
H            5.34252097222373       -1.17986781745936       -0.75083706716639
H            5.75335150855983       -1.56315163259502        0.94408661371869
H            6.70566857108556       -0.34921456955316        0.04554005883921
H            3.56907060895371       -0.96081853415930        1.57040553603733
H            1.47171099048446       -1.51329535887732        0.55148622416219
H            1.08581178610625       -0.09432590636158       -2.14056951522524
H            0.05923032389370       -1.39622505410306       -1.47906112233713
H            2.78782047181825       -1.70391139399706       -1.99059020149470
H            0.78552435480854        1.38303892277386       -0.14104789431763
H           -1.22948391604554        2.07558916230683        0.51314232771730
H           -1.85681331859336       -1.14712723804781       -1.17532733441389
H           -3.54702451543836        0.67868723624197       -2.96920290474960
H           -3.23765920619832       -1.06210721667534       -3.24897353573981
H           -1.19348798345934        0.83704180176034       -3.12080511161472
H           -4.54313238361412        0.24151410515091       -0.72301789878220
H           -4.61774154850848       -1.88726029923886       -1.69615557966509
H           -2.71306734998587       -1.30747787554523        1.18225267684629
H           -5.05482821084646       -1.44649435294516        1.46813122409253
H           -3.54360997870438        1.62720584028579        0.99772457237241
H           -3.17764686406892        0.56447666204428        3.14104383295513
H            1.26130691835713        0.12515236412451        2.60005839154024
H            0.96048129136409        2.81075505199784        1.82927770604132
H            3.16601063413814        2.03293678305845        1.13608350929169
H            3.00222705929640        1.75753569613493        3.53112532952020
