48
 energy: -84.829270931462 gnorm: 0.072126454693 xtb: 6.7.1 (edcfbbe)
C            5.70670524081110       -0.71161900227470        0.16856439471657
O            4.86824162150829        0.39643190410970        0.47078704247858
C            3.60981594893262        0.06313224188544        0.92384708849989
O            2.83789287615289       -0.39056376681408       -0.17081236774272
C            1.51965387284833       -0.76195919664146        0.17967954143276
C            0.90506137030600       -1.40708975002117       -1.06551802919852
O            1.65850950694337       -2.49574665454077       -1.51788478112597
C            0.73758282504642        0.46223367886642        0.68698154055278
O           -0.56106860842771        0.05518272736395        1.10020294153300
C           -1.60237697404811        0.94972505357299        0.79778325734424
O           -1.76882349264127        1.20436950591264       -0.56707496630221
C           -2.33960834476492        0.16756951869194       -1.36121578050475
C           -2.62575914975928        0.79422995092827       -2.73810177984753
O           -3.08853213280258       -0.15375486309130       -3.66649060006137
C           -3.62125064597068       -0.42376201175510       -0.75183679540354
O           -4.03425739978031       -1.57320118260842       -1.44591435614867
C           -3.36012984100873       -0.82202109304869        0.70413948113005
O           -4.52484874206352       -1.29550737222849        1.33265618577106
C           -2.88660326223910        0.42184110523199        1.45587631574242
O           -2.64635774929731        0.17739129046100        2.80992788288388
C            1.49026354515794        1.11896845578722        1.85698928177258
O            0.92364107831318        2.34739673564249        2.24413625857321
C            2.98507640580156        1.31742980258345        1.54662125041661
O            3.69390190520140        1.61281679709483        2.71919116044145
H            5.30181991919523       -1.29279735495972       -0.66220039784864
H            5.82254142353574       -1.35491964101710        1.04614805133953
H            6.66620615571141       -0.28321800572193       -0.10845151040975
H            3.65460287913300       -0.73449113617124        1.69528124723840
H            1.55165722775946       -1.50783871356952        0.99109686132864
H            0.81750916432484       -0.64198018814914       -1.84912639932581
H           -0.07788456257372       -1.80217517691777       -0.80603682169400
H            2.56933525770405       -2.19576310581608       -1.63963601529518
H            0.64570158079920        1.18318877177478       -0.13960023416244
H           -1.37146032955931        1.93607273972912        1.23043702131902
H           -1.62353148469813       -0.65790694421123       -1.47395736220713
H           -1.72201470129266        1.30281598689795       -3.08729464604505
H           -3.41817372569222        1.53864386931628       -2.63068707793506
H           -2.35034393318105       -0.69136050894175       -3.98247263635825
H           -4.41805912256748        0.33885566359937       -0.76163399635002
H           -4.11297721094032       -1.34485103151421       -2.38825517468954
H           -2.56881073494247       -1.58682513243493        0.73821012887484
H           -4.91352856002072       -1.97363172066064        0.76294465808539
H           -3.65934627353970        1.20261045395264        1.34297483248104
H           -3.37246769323302       -0.37656960149843        3.13410699358744
H            1.38620014700168        0.46953291780441        2.73366583474758
H            0.99955633423066        2.98365026927214        1.51827493182279
H            3.10222770229927        2.12960859346298        0.80908653277152
H            3.21450938508269        2.30585585648613        3.19807623812543
48
 energy: -84.834513264838 gnorm: 0.011072997657 xtb: 6.7.1 (edcfbbe)
C            5.70483608957026       -0.71244147245080        0.16673175671755
O            4.86538039550182        0.39511976109891        0.46782910413077
C            3.60615724260064        0.06273348254899        0.91981503859764
O            2.83021537812675       -0.37958627134898       -0.17893493822789
C            1.50916145096483       -0.75248893102882        0.16302931794828
C            0.89569932856371       -1.39876609697373       -1.07920212368101
O            1.65227708324746       -2.48825040155053       -1.52593460114650
C            0.74754588465469        0.45568682950644        0.73467113691211
O           -0.56059548624966        0.08081809470686        1.14615392347011
C           -1.60081399275674        0.95290427257309        0.78418050089719
O           -1.76383263452149        1.18366672876450       -0.58344071843449
C           -2.34070451872004        0.14966185101610       -1.37036063270529
C           -2.62681869895308        0.78555857647497       -2.74288894349250
O           -3.09169126697790       -0.15831216048017       -3.67363328951077
C           -3.62323761658273       -0.43004406760973       -0.75433024676129
O           -4.04155120495413       -1.57848381366005       -1.44605970107906
C           -3.35913206808215       -0.82241793827837        0.70267946697398
O           -4.52359325101931       -1.29324950648043        1.33371873279517
C           -2.88558278573061        0.42643988025353        1.44705676169825
O           -2.64647197659785        0.18852288962466        2.80299341946656
C            1.50412614762827        1.12040352182075        1.88758816170528
O            0.93509457394506        2.35133370044179        2.26349743989396
C            2.99218633009216        1.31737145851992        1.55345832172935
O            3.70865578618758        1.61404590348546        2.72047765689365
H            5.30113773222473       -1.29401453011032       -0.66417455334335
H            5.82065277413815       -1.35529398898414        1.04465286878297
H            6.66443860027606       -0.28349535048718       -0.10926204664981
H            3.65036398295971       -0.73853836688578        1.68765130846047
H            1.54852266561604       -1.50892935471703        0.96574211320828
H            0.80857942084632       -0.63460838876299       -1.86282627910835
H           -0.08524864101815       -1.79628403499902       -0.81622030649271
H            2.56410115421955       -2.18926493653827       -1.64300153252818
H            0.65349890401687        1.17956750237446       -0.09172367001970
H           -1.38323547651079        1.94825854451906        1.20401347742469
H           -1.62665733039198       -0.67694724339890       -1.48234948114989
H           -1.72238651913553        1.29450090476565       -3.09014587187679
H           -3.41714901028945        1.53190755219302       -2.63144554903114
H           -2.35400595131253       -0.69658679735152       -3.98939632915085
H           -4.41639995972387        0.33659269728640       -0.76449679536767
H           -4.11738168732829       -1.35038422819034       -2.38881332069478
H           -2.56785061803135       -1.58708162232264        0.73904501271550
H           -4.91330341214291       -1.97255260540031        0.76597096332811
H           -3.66043703733922        1.20450059742164        1.33098011321664
H           -3.36974403788950       -0.36855167601576        3.12884404151855
H            1.40336792633873        0.47427889811736        2.76590404893962
H            1.00195667264561        2.97869116873489        1.52847558188479
H            3.10158894095735        2.12958293557511        0.81441791214300
H            3.22827941549367        2.30442676808114        3.20254797500207
48
 energy: -84.835354992100 gnorm: 0.005695598505 xtb: 6.7.1 (edcfbbe)
C            5.70377995144490       -0.71421128869626        0.16279304722345
O            4.86528757066096        0.39374397676707        0.46458003142533
C            3.60698028200509        0.06291684443838        0.91968692779039
O            2.82382660645064       -0.36649181856490       -0.17898046530396
C            1.50545215640265       -0.74594421688664        0.16921897646827
C            0.88712053320925       -1.37542346012411       -1.07944753390262
O            1.64106914803662       -2.46533369777744       -1.52978084041053
C            0.74888596362082        0.46303289352850        0.75243867984282
O           -0.56081809056004        0.09247683205235        1.16323152129261
C           -1.59825728597146        0.95727330901151        0.77453146669196
O           -1.75414537242948        1.16302107589948       -0.59640073878221
C           -2.34194642498119        0.13218335611775       -1.37833420852850
C           -2.62840935105861        0.76997231334560       -2.74993850093137
O           -3.09873351608287       -0.16861610234146       -3.68326281820021
C           -3.62621901844704       -0.43756853190400       -0.75856983730147
O           -4.05288484476836       -1.58629688847171       -1.44503612211041
C           -3.35924012559253       -0.82135868567740        0.70018982528273
O           -4.52244529466313       -1.28933954905214        1.33561448072056
C           -2.88600412601466        0.43269178574461        1.43743840970459
O           -2.64802050153169        0.20195553562838        2.79480212015215
C            1.51488673003717        1.11191772907307        1.90735329268606
O            0.94672849067126        2.34138781246633        2.28735112201741
C            2.99969505567367        1.31487608300753        1.56437509558820
O            3.73014020344005        1.61043549146201        2.72343943270994
H            5.29971143668298       -1.29564133403433       -0.66799171458335
H            5.81966894466648       -1.35692922298065        1.04081444514704
H            6.66341245316839       -0.28537669254506       -0.11317565898961
H            3.65005934630637       -0.74574923851923        1.67965351994057
H            1.55282032244488       -1.52001115634334        0.95794057797301
H            0.80039856802780       -0.61079377695409       -1.86293477509710
H           -0.09382449005308       -1.77501786023839       -0.81961545762962
H            2.55449231954555       -2.17028036646360       -1.64437485157781
H            0.65545213485755        1.20142580346462       -0.06424209452825
H           -1.38829612301409        1.96240289160019        1.17755732469260
H           -1.63619236276250       -0.70078850635883       -1.49436673083853
H           -1.72273080046474        1.27732163028018       -3.09646922955274
H           -3.41525171611416        1.51933660686346       -2.63396968044593
H           -2.36308254497822       -0.70822009993853       -4.00141537035120
H           -4.41479774030401        0.33371144265355       -0.76982937925435
H           -4.12679576643185       -1.36086819604782       -2.38863638586543
H           -2.56772008443863       -1.58570283480901        0.74032935911758
H           -4.91363292740129       -1.97052061340267        0.77104542726391
H           -3.66185289573780        1.20911438021108        1.31723965657927
H           -3.36908624860176       -0.35722204019540        3.12183862210192
H            1.42350229095565        0.46763516532200        2.78841642807618
H            1.00499267599885        2.96796586140330        1.55077483911554
H            3.09994045032066        2.12880748615744        0.82576388172389
H            3.25208271604360        2.29810060774712        3.21183910834018
48
 energy: -84.835809981997 gnorm: 0.005903318077 xtb: 6.7.1 (edcfbbe)
C            5.70441327130311       -0.71697897665629        0.15771908810240
O            4.86864747042556        0.39214717146598        0.46213922937466
C            3.61096979855767        0.06363440685140        0.91980312527850
O            2.82152148243074       -0.35196837806981       -0.17895844148071
C            1.50570965207871       -0.73517560918221        0.17645319392359
C            0.87987446520440       -1.34933732214533       -1.07633294875231
O            1.62830884961536       -2.43878216815790       -1.53844161538343
C            0.75052093666298        0.47333970864092        0.76412542080393
O           -0.55993726132993        0.09876513407048        1.16987881686119
C           -1.59591944676901        0.95809540311085        0.76330619285539
O           -1.73898590094709        1.13943059339710       -0.61195519473626
C           -2.34386622607054        0.11312611974313       -1.38824583098739
C           -2.63103198629911        0.75138064174730       -2.75973829497020
O           -3.10922458731294       -0.18434768958428       -3.69178669142586
C           -3.63024730331424       -0.44422318827632       -0.76248017170218
O           -4.06676925053504       -1.59437789762940       -1.44088187364978
C           -3.36025872981814       -0.81881672012621        0.69803310812879
O           -4.52130731546544       -1.28377154696715        1.33968201694836
C           -2.88786589001083        0.44100352296163        1.42688770079398
O           -2.65230625221516        0.21887377995333        2.78595285928406
C            1.52393833643870        1.10430174397605        1.92700018529666
O            0.95878783573161        2.33006405136190        2.32468261440958
C            3.00723278413545        1.31096192111628        1.57635549243946
O            3.75073173610353        1.60180586734727        2.72855995463467
H            5.29855605560463       -1.29682468934311       -0.67339672847539
H            5.81993837956680       -1.36087965687423        1.03490707724667
H            6.66439586483971       -0.28939637918773       -0.11878561920104
H            3.65206225350053       -0.75337405267515        1.67080033328662
H            1.55648748714104       -1.51963684420153        0.95464061975299
H            0.79349771245309       -0.57862340698776       -1.85384742392083
H           -0.10185235692204       -1.74836979406298       -0.81855478038143
H            2.54286814876562       -2.14696727992498       -1.65191307436936
H            0.66294055178170        1.22386751014445       -0.04223648179249
H           -1.39063497369388        1.97192220872394        1.14765567680343
H           -1.65068598082201       -0.72971282458610       -1.51051627269672
H           -1.72341808853236        1.25389777760666       -3.10828974425258
H           -3.41351587541423        1.50485252527006       -2.64074511374062
H           -2.37669671381610       -0.72598289095449       -4.01382535518704
H           -4.41424316459404        0.33161077913384       -0.77601721687891
H           -4.14089729296041       -1.37401232987459       -2.38558869619896
H           -2.56778752916224       -1.58213864199493        0.74263243651553
H           -4.91470270006821       -1.96695506296958        0.77899896496952
H           -3.66353028259388        1.21668655808610        1.30038962538849
H           -3.37170146123754       -0.34169622271870        3.11393346207712
H            1.44128943764749        0.45437152520059        2.80493064277555
H            1.00708704515239        2.96135354065288        1.59160789380805
H            3.09936689379753        2.12868138377157        0.84081856355042
H            3.27823881889400        2.28817643468047        3.22412849980925
48
 energy: -84.836115459847 gnorm: 0.004432324095 xtb: 6.7.1 (edcfbbe)
C            5.70600253061712       -0.71931183513100        0.15285004477077
O            4.87422421820215        0.39153915445918        0.46193498224288
C            3.61674392062141        0.06472630195647        0.92045899360869
O            2.82342907419492       -0.34003573107208       -0.17875563654441
C            1.50968240583288       -0.72338147123659        0.18284142507962
C            0.87455651889263       -1.32469841954032       -1.07154596258296
O            1.61608314691313       -2.41227027808121       -1.55054891533561
C            0.75426585327373        0.48423845096625        0.76991112251887
O           -0.55658772242639        0.10394563555161        1.16902601868783
C           -1.59380119940383        0.95652609274084        0.75108792506785
O           -1.72272810675705        1.11706077356171       -0.62876898796862
C           -2.34736882724213        0.09560690932636       -1.39870285411199
C           -2.63584727502233        0.73252767554248       -2.77087507655238
O           -3.12243532725726       -0.20368917490542       -3.69794930505762
C           -3.63542133974805       -0.44904729016369       -0.76528709807720
O           -4.08098553659185       -1.60143525568779       -1.43446534558354
C           -3.36215497462866       -0.81552244076003        0.69639502091775
O           -4.52064211625502       -1.27784975164785        1.34458719399173
C           -2.88913284873401        0.44950236041303        1.41576240709967
O           -2.65731079874678        0.23797983996133        2.77695300444294
C            1.53211501536048        1.09659796612847        1.94393298124244
O            0.97162739155058        2.31669788759695        2.36815007245113
C            3.01491552604847        1.30725752622548        1.58787082023033
O            3.76646804516590        1.59014763433582        2.73668654880910
H            5.29703668494371       -1.29604206559770       -0.67912217642037
H            5.82119518166355       -1.36604620867301        1.02798817468144
H            6.66667729584168       -0.29403658153011       -0.12467329241255
H            3.65630944163893       -0.75897435870343        1.66410514809305
H            1.56098042585886       -1.50988374717722        0.95651767619925
H            0.78539829411314       -0.54511229258632       -1.84004863028493
H           -0.10694591644390       -1.72200357865723       -0.81126243969586
H            2.53071280360519       -2.12169859308428       -1.66573829857631
H            0.67397333065399        1.24268768202241       -0.02761852380837
H           -1.39071978568273        1.97662963719532        1.11868059666277
H           -1.66752798486620       -0.75753233334806       -1.52753521639967
H           -1.72603284303325        1.22794066675821       -3.12370652904809
H           -3.41364890193908        1.49071813896030       -2.65167968530105
H           -2.39332293766312       -0.74776571037882       -4.02376737622582
H           -4.41560337992055        0.33044648134921       -0.78184549868042
H           -4.15810550278982       -1.38745063202561       -2.38024599886772
H           -2.56832059060583       -1.57729051450041        0.74458008576481
H           -4.91668370769767       -1.96264654330022        0.78772015951410
H           -3.66278118056235        1.22582880699494        1.28115443419712
H           -3.37570921542926       -0.32317705595485        3.10594805981691
H            1.45474314250431        0.43331750409041        2.81242620024414
H            1.01027326237616        2.95831739361086        1.64369424618107
H            3.10145446852698        2.13029217373975        0.85754035444311
H            3.30094873866382        2.27636990598679        3.23882437497207
48
 energy: -84.836298174446 gnorm: 0.003215057780 xtb: 6.7.1 (edcfbbe)
C            5.70841541318646       -0.71978844101063        0.14889586290496
O            4.88089173653214        0.39249080602705        0.46485645372823
C            3.62316594265985        0.06571175673783        0.92239576351811
O            2.82879697539614       -0.33328947363337       -0.17760512130215
C            1.51586419518280       -0.71393631277357        0.18663365985174
C            0.87203496241547       -1.30717684363112       -1.06689745935119
O            1.60785238461626       -2.39064450218359       -1.56409250568348
C            0.75922715289021        0.49299417389211        0.77052254851741
O           -0.55190846804405        0.10850685588798        1.16376895950976
C           -1.59163240702841        0.95463352963434        0.73988448830158
O           -1.71085086068212        1.10116046014622       -0.64363848243629
C           -2.35168753486057        0.08309635784742       -1.40738852463853
C           -2.64238498121273        0.71632772102123       -2.78110522320044
O           -3.13667917328072       -0.22304593109398       -3.70107176837019
C           -3.64041445126452       -0.45151003790334       -0.76657466126856
O           -4.09245708138767       -1.60627701867162       -1.42738730896116
C           -3.36395065185891       -0.81184933942173        0.69562682612140
O           -4.52024090072587       -1.27144313199192        1.34941149137834
C           -2.88850666485967        0.45703455977816        1.40575246224781
O           -2.66066117809617        0.25667215159409        2.76916627658845
C            1.53824254793084        1.08947436522798        1.95473491274255
O            0.98191183677927        2.30243890284317        2.40598689777621
C            3.02134157161736        1.30406592672478        1.59783831325806
O            3.77420447856351        1.57793716420403        2.74745654051861
H            5.29524052326802       -1.29192334481861       -0.68437487135063
H            5.82363627339375       -1.37075770771579        1.02090861707769
H            6.66984330037448       -0.29698442641725       -0.12976089628625
H            3.66236910473611       -0.76162129565705        1.66192823363724
H            1.56566830586785       -1.49773326182330        0.96081305342412
H            0.77644508201343       -0.51870651968911       -1.82574311675057
H           -0.10782599841117       -1.70361621296461       -0.80032167277156
H            2.52132896744857       -2.09847721951438       -1.68362824021734
H            0.68478108357281        1.25512088617766       -0.02129282988010
H           -1.38911335123402        1.97817807998874        1.09623621058160
H           -1.68170480579062       -0.77739463167650       -1.54021590536355
H           -1.73103408410862        1.20456138778938       -3.13971042840223
H           -3.41615050986449        1.47879989076517       -2.66403532358158
H           -2.41088118176108       -0.76973534754543       -4.02993357235787
H           -4.41812811568303        0.33022894175475       -0.78592826208051
H           -4.17495307753328       -1.39823324810075       -2.37389570867537
H           -2.56940840801962       -1.57272579212471        0.74545495457366
H           -4.91926438727019       -1.95708543708677        0.79571360560049
H           -3.65883936821173        1.23523653026662        1.26283599457359
H           -3.37882280136690       -0.30404998332047        3.09955745995681
H            1.46207258894940        0.40906377829743        2.81017985950677
H            1.01440766258843        2.95771260207212        1.69358023984876
H            3.10585104233956        2.13256869680238        0.87360588902960
H            3.31390600765693        2.26399067081506        3.25434153215004
48
 energy: -84.836388875434 gnorm: 0.002700491428 xtb: 6.7.1 (edcfbbe)
C            5.71076901822512       -0.71794388712985        0.14617310235249
O            4.88602951065971        0.39447557432742        0.46963082118390
C            3.62800022796516        0.06590858276730        0.92536783187294
O            2.83458691169557       -0.33187558096936       -0.17569472685515
C            1.52123633856140       -0.70956185470809        0.18732500614249
C            0.87230909599913       -1.29948161501412       -1.06494380290886
O            1.60595891242885       -2.37760682566805       -1.57549992794657
C            0.76338180970788        0.49741171408503        0.76827741570053
O           -0.54816299451727        0.11186192885412        1.15828338825713
C           -1.58958935099713        0.95414029325978        0.73198089174508
O           -1.70628746285205        1.09485843963833       -0.65336462260373
C           -2.35479165324496        0.07726776263928       -1.41226595722507
C           -2.64814240894835        0.70561211482121       -2.78784515480043
O           -3.14818637391530       -0.23768628428631       -3.70103566087678
C           -3.64344113898951       -0.45196266684743       -0.76655966036040
O           -4.09887083638766       -1.60855339869216       -1.42159975682528
C           -3.36481583524690       -0.80828174526133        0.69595126377837
O           -4.51994640324970       -1.26487998620817        1.35339827940829
C           -2.88655733229554        0.46285436568341        1.39916653556516
O           -2.66138356605217        0.27123483153251        2.76422562005301
C            1.54096532335241        1.08402353022898        1.95879728612964
O            0.98663939426204        2.29056005926244        2.42759711685611
C            3.02474827842070        1.30140172210042        1.60504227424047
O            3.77420934631376        1.56810678768439        2.75810743937037
H            5.29382214950156       -1.28524862020011       -0.68856496452151
H            5.82679197966450       -1.37336653701911        1.01478794448588
H            6.67246756325004       -0.29626630664849       -0.13321810658018
H            3.66813628014520       -0.76256970826367        1.66364410864799
H            1.56884729387024       -1.49049743424172        0.96402908409406
H            0.76862224929639       -0.50543605737194       -1.81699955999491
H           -0.10502335859827       -1.69758374878555       -0.79193676929670
H            2.51762490485925       -2.08182528129562       -1.69996130771237
H            0.69213849635536        1.26051715480744       -0.02143888570590
H           -1.38655945083118        1.97892368606615        1.08354255283292
H           -1.68869007934820       -0.78606348105163       -1.54508649905701
H           -1.73646707535055        1.18875413842969       -3.15220487728249
H           -3.41945845308440        1.47083019245543       -2.67330240499481
H           -2.42503041390658       -0.78686097347583       -4.03147906518359
H           -4.42001959902452        0.33076959034699       -0.78772222388411
H           -4.18675013299331       -1.40435038732551       -2.36839353297793
H           -2.57067123221374       -1.56951597516839        0.74605606503363
H           -4.92160652722288       -1.95073737694224        0.80185806603169
H           -3.65413364007540        1.24277818063090        1.25006043327514
H           -3.37977385885235       -0.28834451189427        3.09628534092755
H            1.46349776863280        0.39042907135508        2.80349711071461
H            1.01822617505616        2.95713314775112        1.72584336791958
H            3.11042807528450        2.13401413123945        0.88588976437688
H            3.31492077206505        2.25263397979069        3.26778458044896
48
 energy: -84.836450159873 gnorm: 0.001878609198 xtb: 6.7.1 (edcfbbe)
C            5.71284614697719       -0.71439221573204        0.14378732043317
O            4.88936288363598        0.39686887980405        0.47498953356186
C            3.63124766101997        0.06527430832079        0.92889186146566
O            2.83955358224660       -0.33307510741295       -0.17347227615953
C            1.52513485023262       -0.70856649867908        0.18618356844879
C            0.87427785449935       -1.29760014179448       -1.06551753955830
O            1.60894628725821       -2.36945629847022       -1.58567172479701
C            0.76644022968592        0.49899812378139        0.76514126406043
O           -0.54586102335600        0.11462154781373        1.15355527238229
C           -1.58763388655650        0.95535072878078        0.72597844424871
O           -1.70596283176738        1.09455625046791       -0.66006193798510
C           -2.35646875783529        0.07506610916779       -1.41472226126415
C           -2.65267773406448        0.69781162699652       -2.79232556161456
O           -3.15774359423984       -0.24924381123383       -3.69920820586148
C           -3.64483247134725       -0.45150111867477       -0.76581516830590
O           -4.10201620973949       -1.60963869544855       -1.41648279972821
C           -3.36496754139225       -0.80436321815115        0.69721847894534
O           -4.51967247748526       -1.25759009954909        1.35725781968700
C           -2.88428984165756        0.46849064418516        1.39486620284133
O           -2.66052268891810        0.28386206759061        2.76106108341093
C            1.54133470965179        1.07927132576024        1.95979888500520
O            0.98724224714426        2.28030697502011        2.43874015972142
C            3.02595272614428        1.29849603163837        1.61100969327888
O            3.77039288227551        1.55960901306531        2.76845611379894
H            5.29294170707754       -1.27697485217519       -0.69254942102446
H            5.83050960997095       -1.37427782108497        1.00884946810885
H            6.67421868314995       -0.29224796692889       -0.13595194989264
H            3.67306927530210       -0.76364646445229        1.66681023695226
H            1.57031963972336       -1.48795693281662        0.96518453816563
H            0.76166801068407       -0.50031371976214       -1.81290666055357
H           -0.09998086384639       -1.70004380590017       -0.78744715150808
H            2.51840839488995       -2.06875072589497       -1.71491134567690
H            0.69738078311439        1.26261952766466       -0.02410446607916
H           -1.38324552244503        1.98058898885918        1.07575378240187
H           -1.69062501072549       -0.78869047403838       -1.54498444946392
H           -1.74141871144384        1.17712855776343       -3.16246822241067
H           -3.42232788917189        1.46496014318917       -2.67970423500576
H           -2.43701665377598       -0.80129109809558       -4.03004818821384
H           -4.42084272513152        0.33175344737440       -0.78838118238911
H           -4.19443192226915       -1.40794181129834       -2.36338236340044
H           -2.57181273973538       -1.56664139950607        0.74763397845594
H           -4.92356361496770       -1.94362387684594        0.80753615319981
H           -3.65008782282166        1.24942674319249        1.24111383311921
H           -3.37922777033220       -0.27422370458219        3.09510793043355
H            1.46208350985996        0.37679711593972        2.79676445470371
H            1.02091757723799        2.95513260002335        1.74532545583148
H            3.11436250920976        2.13432955945928        0.89609268850978
H            3.30861724144139        2.24073227768353        3.28049411363068
48
 energy: -84.836514282037 gnorm: 0.002037547888 xtb: 6.7.1 (edcfbbe)
C            5.71532907529018       -0.70732423341657        0.13984121599385
O            4.89147481373934        0.40043351230642        0.48225865202616
C            3.63378532970945        0.06319539632894        0.93399361740045
O            2.84461755259027       -0.33603045695844       -0.17050388365226
C            1.52839951258837       -0.71026189371973        0.18313432806868
C            0.87854757721491       -1.29922841535312       -1.06955514836790
O            1.61923728860674       -2.36052759333597       -1.60004719815660
C            0.76907342401581        0.49840151127053        0.76056441120366
O           -0.54498679916727        0.11820110809046        1.14786719308998
C           -1.58515874387220        0.95944103499540        0.71865695341441
O           -1.70831877397368        1.09887624463039       -0.66751040323010
C           -2.35697625171421        0.07406086964404       -1.41623403740058
C           -2.65711060361722        0.68788813242367       -2.79704077758076
O           -3.16966035183739       -0.26380245688337       -3.69521779480169
C           -3.64504442612392       -0.45035718873271       -0.76396911429343
O           -4.10351537840618       -1.61077730414071       -1.40900292955332
C           -3.36466696232858       -0.79749062823788        0.70043264830741
O           -4.51956379586076       -1.24527613276527        1.36337503842808
C           -2.88157823913680        0.47803808230118        1.39077880732625
O           -2.65817626944903        0.30217109945487        2.75806324135976
C            1.53957712726410        1.07230114984655        1.95983983465524
O            0.98409301333248        2.26704296633278        2.44672296572941
C            3.02545883673743        1.29321133167709        1.61913676574714
O            3.76255767511786        1.54756474218676        2.78307206054442
H            5.29268653126592       -1.26356707824149       -0.69904748981089
H            5.83658084471474       -1.37357785183041        0.99957057611086
H            6.67532505225326       -0.28205818418048       -0.13983685414213
H            3.67853599105695       -0.76684319972958        1.67088120650739
H            1.57028413157278       -1.48962579552258        0.96363410916956
H            0.75267509682547       -0.49899082058331       -1.81180059177549
H           -0.09069313068755       -1.71189410922872       -0.78747720746739
H            2.52505290711193       -2.05099461074638       -1.73493104969894
H            0.70316607793674        1.26312160653639       -0.02861971205580
H           -1.37768257063867        1.98509679213925        1.06711634020016
H           -1.68875974056141       -0.78880010322749       -1.54039538613591
H           -1.74677899104026        1.16213834559323       -3.17564414329839
H           -3.42434759653461        1.45777958986539       -2.68609649462686
H           -2.45272381344621       -0.82133262406859       -4.02504541099951
H           -4.42044719565191        0.33352416429118       -0.78890661160931
H           -4.20078795047027       -1.41180081775686       -2.35607686117975
H           -2.57317861484433       -1.56148031249230        0.75274945096429
H           -4.92596389849981       -1.93212923776230        0.81650249038234
H           -3.64605662892868        1.25936304031206        1.23168317796253
H           -3.37720324889465       -0.25340116612985        3.09563433789804
H            1.45817410088392        0.36178478011080        2.78950378931006
H            1.02296539644025        2.95023503212186        1.76222369540667
H            3.11874357951629        2.13320888886093        0.90979439207848
H            3.29303773740485        2.22049352826419        3.29941302480594
48
 energy: -84.836545757746 gnorm: 0.001909078746 xtb: 6.7.1 (edcfbbe)
C            5.71585928733389       -0.70381996238064        0.13739933477143
O            4.89059621029726        0.40159976119234        0.48376347793027
C            3.63351410666722        0.06179296597944        0.93524515557141
O            2.84467958747846       -0.33635114718697       -0.17007479899823
C            1.52808502497266       -0.71166214300910        0.18179689727217
C            0.88047618270468       -1.30009705368941       -1.07267856030151
O            1.62604633083678       -2.35652491536174       -1.60588280868165
C            0.76883644467298        0.49714232485832        0.75935099934480
O           -0.54621022341916        0.11950268238158        1.14639586301313
C           -1.58469410316989        0.96209704894552        0.71621612468568
O           -1.70902149524902        1.10091003270547       -0.66987384671060
C           -2.35623976196723        0.07332394689444       -1.41624414398513
C           -2.65716542674714        0.68348390684576       -2.79846156210878
O           -3.17307669385898       -0.26931609096101       -3.69344484939515
C           -3.64444039956541       -0.45003740701604       -0.76286267595824
O           -4.10307464526040       -1.61164638569678       -1.40547389159509
C           -3.36471898832653       -0.79381156751266        0.70252821348776
O           -4.52010274300626       -1.23929518200139        1.36622970416416
C           -2.88149216299054        0.48324586113162        1.38992045432221
O           -2.65748449928516        0.31061648710697        2.75744297734134
C            1.53819369769175        1.06890363603707        1.96045333011669
O            0.98171707171831        2.26256645786647        2.44843267519423
C            3.02444437207805        1.29016886967658        1.62250560818064
O            3.75979371594626        1.54200353455418        2.78837566589392
H            5.29335707918306       -1.25817908452262       -0.70269142926999
H            5.83906872226999       -1.37235954311819        0.99503038937187
H            6.67483902908779       -0.27594698311007       -0.14183950959429
H            3.67933856542222       -0.76969081676037        1.67046947417849
H            1.56937404767983       -1.49220856880549        0.96121590551181
H            0.75041502896892       -0.49887805216197       -1.81308471356638
H           -0.08675123657647       -1.71860415639841       -0.79195492983082
H            2.53031942831724       -2.04272125845989       -1.74098803171789
H            0.70479805838845        1.26292470785063       -0.02920228950476
H           -1.37550919431604        1.98807710268141        1.06341050077528
H           -1.68695206308038       -0.78925277843787       -1.53738862695875
H           -1.74680627342570        1.15520077762129       -3.18009765896858
H           -3.42283219708526        1.45506376683622       -2.68788084571657
H           -2.45794599213361       -0.83000238639319       -4.02190455820691
H           -4.41953144629925        0.33414792966249       -0.78952940126784
H           -4.20089804404836       -1.41382278147179       -2.35279861459001
H           -2.57362270127909       -1.55805351143771        0.75717359998913
H           -4.92679868161679       -1.92719409548433        0.82091838327189
H           -3.64587889823772        1.26428069794469        1.22910264081748
H           -3.37655814551540       -0.24371296746740        3.09683141000873
H            1.45616467868652        0.35723940129810        2.78916540718782
H            1.02264851930264        2.94718391751714        1.76550468358829
H            3.11940334955146        2.13190380881872        0.91540482164206
H            3.28583617473122        2.20980994674176        3.30755927382713
48
 energy: -84.836600023492 gnorm: 0.001388646902 xtb: 6.7.1 (edcfbbe)
C            5.71596045678979       -0.69652980652825        0.13172734831610
O            4.88627975484882        0.40346577916542        0.48396953645387
C            3.63086906796802        0.05848244605240        0.93574321701523
O            2.84177520861787       -0.33614722926252       -0.17082142305347
C            1.52499757225588       -0.71546701497681        0.17874139605012
C            0.88445848551529       -1.30309413793256       -1.08049560909523
O            1.64281489676154       -2.34981103201024       -1.61581068897522
C            0.76620704454295        0.49296412289909        0.75740945062398
O           -0.55058043999044        0.12110522636865        1.14479447958029
C           -1.58497309772881        0.96790303582893        0.71385712626589
O           -1.71048655248844        1.10570042307948       -0.67164507603801
C           -2.35350794914365        0.07252011510867       -1.41438346749928
C           -2.65400226096123        0.67604506782947       -2.79944942953074
O           -3.17576755728170       -0.27806487372136       -3.68918015943859
C           -3.64220890107749       -0.44927042809528       -0.76005164853915
O           -4.09968799019746       -1.61349836891893       -1.39854081367314
C           -3.36533713245214       -0.78608184819779        0.70759136287220
O           -4.52246906411987       -1.22761909940135        1.37123315820167
C           -2.88283800241787        0.49385861084777        1.39014915994267
O           -2.65711983924044        0.32644178480882        2.75789381174959
C            1.53422850366618        1.06243703611335        1.96093967781932
O            0.97578824223005        2.25672836567619        2.44678608327098
C            3.02100365443154        1.28351690929745        1.62787010149391
O            3.75410887740538        1.53080784186231        2.79668998435945
H            5.29573695585712       -1.24869613536124       -0.71086140771906
H            5.84319820564923       -1.36866902715386        0.98582193610014
H            6.67256297413304       -0.26223734224090       -0.14600744047183
H            3.67867346045101       -0.77653445010834        1.66663379506034
H            1.56655352601713       -1.49884841554513        0.95483026856754
H            0.74904694429200       -0.50044713917706       -1.81805868010103
H           -0.07922763615638       -1.73422184083999       -0.80633859855986
H            2.54427733396534       -2.02672430853681       -1.74742747282507
H            0.70578211239565        1.26077508489459       -0.02961300196169
H           -1.37191777605647        1.99392485852573        1.05902821447416
H           -1.68168054690876       -0.78905692676398       -1.52889889283882
H           -1.74269629569339        1.14237520498421       -3.18540047302994
H           -3.41601913940732        1.45152419516522       -2.69011450566191
H           -2.46401348147247       -0.84548419639864       -4.01357046565206
H           -4.41713892981234        0.33497793591567       -0.79114090198991
H           -4.19662369443934       -1.41778971098174       -2.34653738976078
H           -2.57456234655129       -1.55012585210540        0.76838195183955
H           -4.92812026807670       -1.91851551390231        0.82905083275999
H           -3.64725832996764        1.27413853266032        1.22685391564757
H           -3.37657202772973       -0.22491790121973        3.10098592872845
H            1.44979835157803        0.35193424157315        2.79057712466315
H            1.02074250577807        2.94055427209978        1.76334544334523
H            3.11896202734524        2.12835402153684        0.92478958696929
H            3.27098179442243        2.18731822090359        3.32213787953829
48
 energy: -84.836630382550 gnorm: 0.000981815728 xtb: 6.7.1 (edcfbbe)
C            5.71594495749332       -0.69160951210665        0.12677059821644
O            4.88347391311024        0.40493676827610        0.48288932410573
C            3.62924348635898        0.05634588913006        0.93490799052349
O            2.83944970510870       -0.33458014903489       -0.17234162093216
C            1.52291358849997       -0.71672209793105        0.17651334863884
C            0.88675179576684       -1.30308462829280       -1.08581864149700
O            1.65363350106901       -2.34292756391850       -1.62361616269095
C            0.76413592289141        0.49089016118662        0.75617048761912
O           -0.55316682894366        0.12186673089804        1.14387982462476
C           -1.58544655309976        0.97107012507729        0.71267469676027
O           -1.70984983828308        1.10682642678921       -0.67277501417306
C           -2.35184967910136        0.07073953054380       -1.41280694306536
C           -2.65044112356228        0.66953044236493       -2.80027681694934
O           -3.17611319459731       -0.28604601996573       -3.68601305982657
C           -3.64126891804203       -0.44882560950238       -0.75794860120593
O           -4.09784845227573       -1.61540856021478       -1.39297235863476
C           -3.36682478854213       -0.78049978903495        0.71130916930383
O           -4.52542691028311       -1.21918388512918        1.37449713798570
C           -2.88429334220674        0.50140968797307        1.39001478941505
O           -2.65882753573848        0.33860885201077        2.75841084069402
C            1.53178331462230        1.05775534279136        1.96177318074601
O            0.97330649013577        2.25285350093590        2.44800145941249
C            3.01896323994554        1.27842547808300        1.63192139503639
O            3.75071234479945        1.52078461861851        2.80281848012764
H            5.29739929485747       -1.24225549513157       -0.71778718481899
H            5.84544990996031       -1.36631920240806        0.97846978093579
H            6.67115574026751       -0.25343632958689       -0.14970153225487
H            3.67854015987867       -0.78160456718114        1.66214155734790
H            1.56539183694910       -1.50138503917822        0.95073531489908
H            0.74819450304250       -0.49847636303775       -1.82068338069477
H           -0.07453392698094       -1.74208546856619       -0.81613525145716
H            2.55337634526071       -2.01310418499390       -1.75078078990421
H            0.70578424144179        1.26008278694109       -0.02936362544177
H           -1.36985919830637        1.99702446221143        1.05615551400833
H           -1.67966311128261       -0.79101335409349       -1.52301782020223
H           -1.73743260632530        1.13083840368910       -3.18845445370894
H           -3.40927063940839        1.44849460703789       -2.69349367442696
H           -2.46665200457632       -0.85803867969175       -4.00741771664613
H           -4.41619754026343        0.33526751424282       -0.79292218051084
H           -4.19434698561766       -1.42213537024271       -2.34161751249622
H           -2.57633363609490       -1.54438088722874        0.77653767284409
H           -4.92982781886152       -1.91261177847297        0.83464543232240
H           -3.64780293820775        1.28194459606335        1.22382891054815
H           -3.37924288715810       -0.20990829758336        3.10391263459052
H            1.44456765778957        0.34661605191504        2.79090073444664
H            1.01998084629335        2.93665194214174        1.76431919306829
H            3.11864339611506        2.12615101442348        0.93245405365099
H            3.26372296359696        2.17052863263810        3.33277604556364
48
 energy: -84.836651593962 gnorm: 0.000788701342 xtb: 6.7.1 (edcfbbe)
C            5.71594227776425       -0.68858524164901        0.12290564444236
O            4.88219126126381        0.40616973087695        0.48137072401844
C            3.62863959543860        0.05539398990723        0.93352282738529
O            2.83815144593668       -0.33238069767207       -0.17406561903430
C            1.52197316129773       -0.71618588290936        0.17474217473546
C            0.88766154766807       -1.30125617170959       -1.08907290191319
O            1.65871566937335       -2.33705873816848       -1.62905818372751
C            0.76273698184833        0.49032408279092        0.75567488483240
O           -0.55432762987786        0.12171329786315        1.14380360712130
C           -1.58599794475575        0.97199806169714        0.71268276515965
O           -1.70883574584347        1.10595866235520       -0.67289675652692
C           -2.35108638841728        0.06873175256967       -1.41125779987748
C           -2.64682060349425        0.66427468917109       -2.80068515610144
O           -3.17388733771603       -0.29262272810369       -3.68410608478745
C           -3.64145934579402       -0.44851285071298       -0.75660370594136
O           -4.09737315478194       -1.61677700776083       -1.38923742508358
C           -3.36903607882449       -0.77710351969939        0.71369676862659
O           -4.52885147911818       -1.21345777197959        1.37632490970073
C           -2.88577975049404        0.50572009910118        1.38985541616136
O           -2.66170470669563        0.34617324689000        2.75889920073040
C            1.53070846961283        1.05505561772663        1.96236914862660
O            0.97302216005818        2.25059824779461        2.44959313777104
C            3.01830308732128        1.27513591357768        1.63467167255673
O            3.74939267758323        1.51274626024440        2.80684602177935
H            5.29830001405699       -1.23801077828291       -0.72299490630250
H            5.84617607123285       -1.36502462937719        0.97308645144615
H            6.67062443430289       -0.24866874244470       -0.15254786277109
H            3.67900195934202       -0.78472510028153        1.65804362923533
H            1.56535933309035       -1.50152132993286        0.94796901884546
H            0.74760618524829       -0.49514955253995       -1.82195660464809
H           -0.07230687601329       -1.74406576642933       -0.82180646510221
H            2.55770905964744       -2.00355434251080       -1.75187110353124
H            0.70478651907124        1.26045928545459       -0.02870518773079
H           -1.36882215990528        1.99777086434498        1.05526060209929
H           -1.67966484426536       -0.79387353069134       -1.51854795089228
H           -1.73202956828591        1.12177040084221       -3.18908457678363
H           -3.40352644749335        1.44564289298156       -2.69725626812946
H           -2.46539275063439       -0.86689608530166       -4.00339796619099
H           -4.41635135769060        0.33541432203304       -0.79463119027931
H           -4.19356488911608       -1.42567239196824       -2.33833561952377
H           -2.57914691853554       -1.54131485434623        0.78160172033477
H           -4.93228164656173       -1.90864448845175        0.83801253756987
H           -3.64794666644786        1.28701522206205        1.22111084491341
H           -3.38355112436107       -0.19973377635436        3.10550946707427
H            1.44114339154382        0.34312547218006        2.79050853828925
H            1.02011250980410        2.93441367512061        1.76595234693311
H            3.11902787109146        2.12519088394181        0.93819565478009
H            3.26245842892940        2.16000004096332        3.33939484606895
48
 energy: -84.836670779183 gnorm: 0.000727367277 xtb: 6.7.1 (edcfbbe)
C            5.71591693427050       -0.68610157337639        0.11917903434797
O            4.88161241415795        0.40756113763819        0.47969943456977
C            3.62846787928532        0.05511758103942        0.93182691266136
O            2.83735597690237       -0.32985793732757       -0.17600705658958
C            1.52165731159269       -0.71496566336872        0.17297149217811
C            0.88799069410549       -1.29861353666716       -1.09168042203349
O            1.66115779131743       -2.33154626272604       -1.63429017853214
C            0.76190480805448        0.49049585294676        0.75536571988212
O           -0.55464389264534        0.12107814454986        1.14415474271208
C           -1.58642233011715        0.97186206043877        0.71327664510055
O           -1.70811439975384        1.10454707572343       -0.67246249579301
C           -2.35071602158299        0.06654573109704       -1.40942537074710
C           -2.64254705542496        0.65894603624924       -2.80099468160560
O           -3.16939702956626       -0.29957665298146       -3.68282739355403
C           -3.64242979911632       -0.44821325643498       -0.75562055366443
O           -4.09807981513837       -1.61771625767852       -1.38638202399691
C           -3.37204016442910       -0.77456469029087        0.71558635886873
O           -4.53320924437208       -1.20803679261319        1.37769556591509
C           -2.88715054867055        0.50848233144778        1.38989372339174
O           -2.66517321289637        0.35144994717774        2.75959366932139
C            1.53013650315429        1.05339933225904        1.96290422192485
O            0.97341758200812        2.24901896103511        2.45144786977669
C            3.01829497421215        1.27270646791240        1.63689968837989
O            3.74887799934820        1.50490280410344        2.81027476034161
H            5.29878710638983       -1.23404360732589       -0.72800553908630
H            5.84620345596118       -1.36424220711827        0.96801160996955
H            6.67051605266731       -0.24533919275795       -0.15518123950045
H            3.67980666525353       -0.78686949408917        1.65404680157636
H            1.56595003092403       -1.50094106949681        0.94545919375143
H            0.74632409700408       -0.49092949501236       -1.82266997032112
H           -0.07103452640835       -1.74366552526536       -0.82510472507296
H            2.55995630815911       -1.99604837630588       -1.75310344191866
H            0.70323086433179        1.26151314279848       -0.02797709624154
H           -1.36806893399070        1.99744025757664        1.05545801597653
H           -1.68047007692438       -0.79727653658430       -1.51367590472316
H           -1.72586375677462        1.11338198462719       -3.18847472960534
H           -3.39789111813718        1.44205932086040       -2.70158229749069
H           -2.46105340108563       -0.87515534770779       -4.00001528528174
H           -4.41694566645521        0.33587401526895       -0.79635035444906
H           -4.19370725828750       -1.42874998727645       -2.33589689953211
H           -2.58340936026440       -1.53988743634874        0.78536875108085
H           -4.93619115205354       -1.90455615318264        0.84075174164713
H           -3.64761275784079        1.29091905249601        1.21855864374426
H           -3.38909172289854       -0.19146736552143        3.10664325359569
H            1.43889211314638        0.34030781604790        2.78985629399530
H            1.02051125719773        2.93330011473544        1.76826997359858
H            3.12018896102798        2.12520059647914        0.94357669352901
H            3.26410416164570        2.15225538594423        3.34444207473492
48
 energy: -84.836689535432 gnorm: 0.000670836402 xtb: 6.7.1 (edcfbbe)
C            5.71596505414091       -0.68335042965974        0.11506112427617
O            4.88144383568321        0.40932055131294        0.47817065350423
C            3.62860702489154        0.05523017552981        0.93013618403505
O            2.83705998140707       -0.32718158444515       -0.17804741645501
C            1.52180797369242       -0.71346904167676        0.17097393626724
C            0.88793424222928       -1.29569171786505       -1.09411922916792
O            1.66235567220097       -2.32596645608994       -1.63977580577840
C            0.76126166472627        0.49061128878545        0.75515044900197
O           -0.55492812357000        0.12012168136689        1.14462918377414
C           -1.58695552603200        0.97125410658425        0.71423354534342
O           -1.70815787964358        1.10328421690442       -0.67159796442081
C           -2.35037962620369        0.06415377842158       -1.40720209704082
C           -2.63756197454232        0.65284102960272       -2.80129624427387
O           -3.16263325188717       -0.30777793529179       -3.68193651630598
C           -3.64397904513896       -0.44751993717404       -0.75470546663128
O           -4.09983021225121       -1.61783118772290       -1.38389450599897
C           -3.37594026065896       -0.77224771536160        0.71735646432042
O           -4.53883245608617       -1.20178225066500        1.37898080024783
C           -2.88867106740907        0.51057709492547        1.39021755457389
O           -2.66876321519867        0.35525127526883        2.76038874899152
C            1.52984161575811        1.05202283140135        1.96320644693993
O            0.97383944507383        2.24737047596356        2.45286145680588
C            3.01874482451090        1.27060107039728        1.63925607656273
O            3.74871812212897        1.49671643522722        2.81406635880550
H            5.29910484951652       -1.22921455779405       -0.73361766894887
H            5.84601173505172       -1.36361259949391        0.96224656580952
H            6.67065280821333       -0.24194726551768       -0.15796248082574
H            3.68088780170784       -0.78853954641843        1.65018230838400
H            1.56685959600304       -1.50009888004524        0.94274933665166
H            0.74425954046014       -0.48671058777177       -1.82328452338514
H           -0.07015545545278       -1.74270595118154       -0.82754421201430
H            2.56112625547449       -1.98920428663418       -1.75547103461877
H            0.70156023467488        1.26240475240792       -0.02726796212062
H           -1.36749051550060        1.99659227741219        1.05636329772418
H           -1.68121903297921       -0.80094394281572       -1.50742817884577
H           -1.71899472729504        1.10484373884264       -3.18705536172069
H           -3.39220420977914        1.43718563175827       -2.70683036339611
H           -2.45376505953562       -0.88426801009994       -3.99625322365404
H           -4.41765938452007        0.33719823261131       -0.79804604956358
H           -4.19408561807461       -1.43106499360889       -2.33390033305242
H           -2.58932451626292       -1.53950626704637        0.78881290115818
H           -4.94204770383335       -1.89930603947917        0.84351778809029
H           -3.64719955586363        1.29444710499644        1.21665546462949
H           -3.39530415768716       -0.18410855607414        3.10760852796902
H            1.43727304302831        0.33792799088640        2.78905468225584
H            1.02120538065148        2.93239308326607        1.77051573596363
H            3.12218718440712        2.12569722195716        0.94943838865414
H            3.26737338691851        2.14600442686069        3.34888788487292
48
 energy: -84.836707987814 gnorm: 0.000634937980 xtb: 6.7.1 (edcfbbe)
C            5.71591621818748       -0.68015659582687        0.11041434014731
O            4.88121031846561        0.41132186676729        0.47680360339026
C            3.62870647745003        0.05544175493219        0.92858409592231
O            2.83668723870071       -0.32456221509009       -0.17995366637684
C            1.52199433121797       -0.71226976436608        0.16912641954709
C            0.88798488364595       -1.29309790672997       -1.09645546079531
O            1.66340121524802       -2.32058003742397       -1.64583454121070
C            0.76100431772416        0.49084869916627        0.75484874227825
O           -0.55486838777459        0.11924672431009        1.14509306701734
C           -1.58720688415662        0.97053623397784        0.71526768060750
O           -1.70866145166636        1.10238743537150       -0.67063506070159
C           -2.35018086599506        0.06175418882723       -1.40472144830442
C           -2.63192011498696        0.64587997835541       -2.80179404626105
O           -3.15406204115376       -0.31746517667169       -3.68126702028569
C           -3.64596817001199       -0.44648072910001       -0.75388712329807
O           -4.10298395825145       -1.61703157355000       -1.38183166929153
C           -3.38052594413898       -0.76973041658416        0.71905799830432
O           -4.54548180315481       -1.19438221751308        1.38021311990229
C           -2.88982040104617        0.51228260857502        1.39092996445827
O           -2.67159677311342        0.35785536351052        2.76141886812221
C            1.52939154258356        1.05083345107739        1.96377776772502
O            0.97381371051220        2.24577600562595        2.45443496339858
C            3.01903156277481        1.26856454217420        1.64161410312698
O            3.74827195139627        1.48821075715843        2.81803467284893
H            5.29923525060289       -1.22332277811767       -0.74006906200344
H            5.84577305577271       -1.36308077800722        0.95550156689618
H            6.67069161698488       -0.23795170814755       -0.16101854774000
H            3.68204727599243       -0.79008611431013        1.64650859574529
H            1.56801062433215       -1.49982647950993        0.93999144689881
H            0.74140180668955       -0.48259139304570       -1.82350270761153
H           -0.06881433062873       -1.74245008590049       -0.82909117499823
H            2.56195849302631       -1.98262491068701       -1.75982082919311
H            0.70011885877341        1.26358439815019       -0.02656901255792
H           -1.36686884888476        1.99574858893788        1.05735428293694
H           -1.68211678564144       -0.80466180515779       -1.50002703789702
H           -1.71156599360234        1.09608323840472       -3.18542682394213
H           -3.38652811357432        1.43087569789739       -2.71287373274938
H           -2.44423197625152       -0.89494465660369       -3.99165475984366
H           -4.41803507626400        0.33962997981723       -0.79966597194737
H           -4.19463791931708       -1.43246008314623       -2.33246345593974
H           -2.59664929924195       -1.53961581016871        0.79211678090986
H           -4.94973631089270       -1.89246703729482        0.84628662095152
H           -3.64638281513720        1.29773860109717        1.21576529502776
H           -3.40115278660865       -0.17741803594405        3.10876515704786
H            1.43587785545971        0.33564007167501        2.78859348193231
H            1.02198918940617        2.93178413086971        1.77319024602475
H            3.12428745294935        2.12646647793500        0.95564037704489
H            3.27119050060278        2.14076824676776        3.35271512280177
48
 energy: -84.836725933914 gnorm: 0.000532276668 xtb: 6.7.1 (edcfbbe)
C            5.71578641854554       -0.67634120720194        0.10529056730657
O            4.88092044246982        0.41367134806787        0.47576858396050
C            3.62885807883216        0.05576046222464        0.92733355820300
O            2.83657015525606       -0.32220597110911       -0.18164999551196
C            1.52231855596730       -0.71140839379483        0.16734953343040
C            0.88783412458446       -1.29099806891817       -1.09862086903696
O            1.66462957446097       -2.31535519387426       -1.65151663714402
C            0.76053367446091        0.49035132518171        0.75477870428927
O           -0.55540596352938        0.11826295150331        1.14547003489133
C           -1.58766799513795        0.96988001417225        0.71625236812965
O           -1.70959971059315        1.10180518799432       -0.66973197208979
C           -2.34973126976709        0.05919595627281       -1.40217822081754
C           -2.62597232310495        0.63825099807725       -2.80238992302402
O           -3.14416780087915       -0.32832081569839       -3.68069150673039
C           -3.64819343546665       -0.44455699788696       -0.75301579060578
O           -4.10723712912811       -1.61479475935258       -1.37996378209890
C           -3.38553233673490       -0.76703399238396        0.72066817390295
O           -4.55284439567050       -1.18603253584155        1.38133584462462
C           -2.89103726509541        0.51387695705331        1.39193993238337
O           -2.67338117103520        0.35918430176637        2.76241783166185
C            1.52898118663522        1.04929758531717        1.96420752340729
O            0.97339053633922        2.24378869846694        2.45535059475346
C            3.01935467552924        1.26660259991027        1.64427333623536
O            3.74795957766843        1.48022371087198        2.82226204921632
H            5.29922452824669       -1.21623510653296       -0.74731868084079
H            5.84560014924337       -1.36249142165896        0.94777921399885
H            6.67056671094138       -0.23301899059293       -0.16432889218995
H            3.68329428177321       -0.79147266975893        1.64317593725408
H            1.56917203850876       -1.49972965795127        0.93737962442437
H            0.73807790194480       -0.47932548644273       -1.82366850778987
H           -0.06749780884156       -1.74325557101439       -0.83068979183428
H            2.56257939747550       -1.97571306571281       -1.76544556120283
H            0.69904019680163        1.26387419354887       -0.02579743773119
H           -1.36643153989875        1.99501171133824        1.05823917345688
H           -1.68254573716034       -0.80851952387838       -1.49163783622444
H           -1.70401080911721        1.08719606017891       -3.18365252703751
H           -3.38110206230209        1.42346152667845       -2.71961889182549
H           -2.43306091617001       -0.90708508174682       -3.98587025723171
H           -4.41808453417111        0.34357809026298       -0.80096059474394
H           -4.19482405334502       -1.43238817665343       -2.33139162722163
H           -2.60490626643165       -1.54010195257481        0.79532004282158
H           -4.95892064348257       -1.88407910211570        0.84878452240062
H           -3.64563872251889        1.30115890474729        1.21631717299601
H           -3.40596104938757       -0.17175982251754        3.11011827520519
H            1.43462191891867        0.33344576573427        2.78830395331626
H            1.02295946859297        2.93076621027511        1.77522380798426
H            3.12631773692641        2.12708752786583        0.96194872680981
H            3.27516230572080        2.13649220987794        3.35633544471618
48
 energy: -84.836743865235 gnorm: 0.000495544126 xtb: 6.7.1 (edcfbbe)
C            5.71549212047126       -0.67190696440362        0.09957166673885
O            4.88028797348996        0.41620624870804        0.47488183251211
C            3.62882509242272        0.05595099500358        0.92635000192255
O            2.83613325341182       -0.32010902157773       -0.18298150056346
C            1.52245000707425       -0.71112883783939        0.16602544522400
C            0.88806813990819       -1.28974424737539       -1.10051876109404
O            1.66666749965911       -2.31047948347773       -1.65743720565509
C            0.76031146129480        0.48982795744579        0.75469360548629
O           -0.55563800917234        0.11748393278725        1.14581072082792
C           -1.58773654462832        0.96934377922701        0.71714316818643
O           -1.71041543799724        1.10137053223832       -0.66892677157386
C           -2.34944393116829        0.05676860888605       -1.39954662559154
C           -2.61959845814582        0.62981612343886       -2.80332100385661
O           -3.13341002669736       -0.34047723586459       -3.68016887228930
C           -3.65068628067675       -0.44198307642195       -0.75215036621021
O           -4.11314189416796       -1.61122591171689       -1.37841220296819
C           -3.39095018303763       -0.76378442115014        0.72225891683461
O           -4.56076972314209       -1.17675106458444        1.38236611205530
C           -2.89170616285999        0.51545228433573        1.39329211272112
O           -2.67363939978834        0.35964107244026        2.76356553498527
C            1.52825140367297        1.04761966674369        1.96513070262935
O            0.97234743070084        2.24171050870601        2.45665138976992
C            3.01914594811167        1.26453398606374        1.64684734297140
O            3.74712120781882        1.47269506217549        2.82625046569307
H            5.29902178130381       -1.20806585315503       -0.75539315251858
H            5.84547949305754       -1.36176160571883        0.93898428874070
H            6.67015427559875       -0.22710742867358       -0.16806825636036
H            3.68455084526045       -0.79297364901045        1.64011925183151
H            1.57042460164056       -1.50040117943531        0.93503225799008
H            0.73444535287332       -0.47669589176297       -1.82325037797158
H           -0.06540164340540       -1.74559283026875       -0.83193909368582
H            2.56349830071560       -1.96829059585121       -1.77267363677884
H            0.69841364083148        1.26422665770829       -0.02501573284589
H           -1.36569400705913        1.99451343587143        1.05872793056309
H           -1.68346285759424       -0.81243769929812       -1.48260506236376
H           -1.69615406821201        1.07777010326780       -3.18226614649088
H           -3.37555492134361        1.41492169017334       -2.72717501902130
H           -2.42102169630907       -0.92116567061811       -3.97884280639203
H           -4.41748028990315        0.34906038822089       -0.80197857190088
H           -4.19507103127816       -1.43092266048312       -2.33078844426938
H           -2.61397773909106       -1.54034451982250        0.79838779406480
H           -4.96938430184136       -1.87401243556140        0.85077616329653
H           -3.64452934624592        1.30458379595982        1.21833170832432
H           -3.40914334134975       -0.16684103995220        3.11188668058755
H            1.43322268516670        0.33109882748934        2.78860635426301
H            1.02377953752839        2.92961737587151        1.77762493011740
H            3.12756807722923        2.12751086078119        0.96801285083721
H            3.27834986263624        2.13248016229571        3.35961561098065
48
 energy: -84.836761038994 gnorm: 0.000475798862 xtb: 6.7.1 (edcfbbe)
C            5.71506708473215       -0.66690786893145        0.09344679949942
O            4.87949181680397        0.41903750734098        0.47418142133385
C            3.62877576441614        0.05618954155104        0.92561263095669
O            2.83578389173129       -0.31833912634551       -0.18402535670186
C            1.52265235450377       -0.71132809097223        0.16503146767476
C            0.88834870158075       -1.28900600589975       -1.10215576530330
O            1.66937358649212       -2.30574617774733       -1.66279825183490
C            0.75987694193931        0.48862804628752        0.75483556313596
O           -0.55626675808806        0.11654198949166        1.14607153232307
C           -1.58787100947652        0.96881534026172        0.71769112674577
O           -1.71087781308370        1.10061076810495       -0.66854718416763
C           -2.34896192140786        0.05400388485693       -1.39709340482671
C           -2.61308884661979        0.62093479967359       -2.80437512337900
O           -3.12258341508702       -0.35338758219424       -3.67932463855958
C           -3.65339056573115       -0.43841247026265       -0.75123337432312
O           -4.12039251379188       -1.60610802421562       -1.37694865179811
C           -3.39642558747771       -0.76019030751651        0.72371346572075
O           -4.56877749839472       -1.16695193304838        1.38325120066442
C           -2.89222873527567        0.51713227781660        1.39478619307867
O           -2.67266931070535        0.35942109734533        2.76466234779066
C            1.52751355533903        1.04546851187134        1.96604264886497
O            0.97105059911057        2.23914209119644        2.45796299493722
C            3.01878325754757        1.26258210893694        1.64947773528351
O            3.74633952565735        1.46639085149496        2.82998909733641
H            5.29866779498001       -1.19896311792481       -0.76409778149387
H            5.84552134899494       -1.36086969293178        0.92938945655285
H            6.66947548463193       -0.22033772300494       -0.17215029335652
H            3.68594992991558       -0.79432930288839        1.63738135807941
H            1.57176711741553       -1.50131088568760        0.93317847365614
H            0.73066408470346       -0.47473374599127       -1.82261998105828
H           -0.06307279147538       -1.74897595630782       -0.83320136633908
H            2.56464287339810       -1.96020231825562       -1.78020357262494
H            0.69815867062963        1.26384721518520       -0.02407380571267
H           -1.36491756612412        1.99408400956057        1.05860047661014
H           -1.68441813159535       -0.81694022431701       -1.47340808167883
H           -1.68809278894078        1.06763089500862       -3.18117990930619
H           -3.36981554246875        1.40601822908101       -2.73524056894880
H           -2.40917177280035       -0.93674769223518       -3.97047232117335
H           -4.41648365659213        0.35619156433579       -0.80258256213113
H           -4.19545063825762       -1.42791603338002       -2.33037693093989
H           -2.62328105641574       -1.54045451053582        0.80116867148263
H           -4.98055574399662       -1.86258202479100        0.85199310983712
H           -3.64323090839262        1.30839131023712        1.22149449124564
H           -3.41075045630058       -0.16272009829437        3.11401647063509
H            1.43186285111608        0.32836460957638        2.78895315966879
H            1.02441315096896        2.92795689294384        1.77998297445475
H            3.12811485654125        2.12764313621919        0.97352964899313
H            3.28047848202778        2.12843496671619        3.36314963986285
48
 energy: -84.836776262907 gnorm: 0.000436924449 xtb: 6.7.1 (edcfbbe)
C            5.71469973093961       -0.66163496851550        0.08714215127353
O            4.87874076028260        0.42198513341781        0.47354370212981
C            3.62887151540316        0.05645919450196        0.92510965259092
O            2.83555800723950       -0.31688474842691       -0.18467942813902
C            1.52296854523676       -0.71177854924303        0.16445558817593
C            0.88896362206093       -1.28883285442050       -1.10328868144831
O            1.67259346480567       -2.30142871921471       -1.66772481823870
C            0.75962299202119        0.48734393374225        0.75509842677966
O           -0.55662406649380        0.11561547482454        1.14638061703340
C           -1.58768868615515        0.96829801769560        0.71806314723515
O           -1.71074259698230        1.09946685957636       -0.66834031215293
C           -2.34863462210536        0.05131004949239       -1.39483140123952
C           -2.60666364009774        0.61175385174858       -2.80575131364397
O           -3.11300458841587       -0.36618150202753       -3.67859617947332
C           -3.65614203212812       -0.43433722155322       -0.75029628727177
O           -4.12884185523939       -1.59998168804567       -1.37555710724180
C           -3.40187227896660       -0.75634329879467        0.72508889073559
O           -4.57656896507711       -1.15728382881898        1.38408773526002
C           -2.89238345833629        0.51887292889723        1.39621598683886
O           -2.67070721240006        0.35891802383673        2.76556049650407
C            1.52682990399122        1.04306652361561        1.96727116596367
O            0.96962673330419        2.23620326233410        2.45985410101647
C            3.01819984645853        1.26079607550357        1.65182450127024
O            3.74545080264664        1.46155326463996        2.83307332185739
H            5.29823160628863       -1.18956068586439       -0.77289453082199
H            5.84576168122826       -1.35972720913031        0.91950268166303
H            6.66878019519004       -0.21320645000871       -0.17652593725434
H            3.68760244289868       -0.79545742448683        1.63508599960665
H            1.57319355750002       -1.50239911657366        0.93177258069990
H            0.72747382126928       -0.47325115405572       -1.82131291896763
H           -0.06045736563027       -1.75291628689750       -0.83437584142071
H            2.56614257675234       -1.95219813013612       -1.78723289272405
H            0.69825702736425        1.26323202153727       -0.02314090786738
H           -1.36371441975040        1.99370386055964        1.05801759211470
H           -1.68607611506171       -0.82167428919668       -1.46455806289724
H           -1.68005194318636        1.05663734303084       -3.18083884013931
H           -3.36353022787081        1.39726895426577       -2.74337519860927
H           -2.39933202663465       -0.95297111121650       -3.96224571701029
H           -4.41490974524017        0.36437267800100       -0.80282368893010
H           -4.19666953941487       -1.42379313324858       -2.33000001885404
H           -2.63245862219224       -1.54018017996670        0.80351259220281
H           -4.99189783210242       -1.85047896034504        0.85241274799252
H           -3.64167062365777        1.31224977909432        1.22526487803927
H           -3.41091701001668       -0.15928795852210        3.11616752019284
H            1.43081030629218        0.32526009073479        2.78954587789842
H            1.02454772586189        2.92587889258064        1.78286133496002
H            3.12779580823243        2.12756737989283        0.97813137721201
H            3.28083549651304        2.12397660617281        3.36683064893535
48
 energy: -84.836788449938 gnorm: 0.000400124271 xtb: 6.7.1 (edcfbbe)
C            5.71441440491973       -0.65661456622130        0.08129753433296
O            4.87812632214151        0.42484452067601        0.47292895589428
C            3.62912002513627        0.05683129921645        0.92478524723440
O            2.83549446979615       -0.31585595093463       -0.18498433708655
C            1.52347428719191       -0.71255234376120        0.16440124091236
C            0.88979892197976       -1.28872758096324       -1.10406309132226
O            1.67576833429674       -2.29767629597652       -1.67170647647979
C            0.75952913234447        0.48594213445979        0.75545224836048
O           -0.55679058090441        0.11455143465756        1.14665345203070
C           -1.58736675340741        0.96750028496533        0.71791940855004
O           -1.70996452961885        1.09752501055894       -0.66873488751970
C           -2.34828532892838        0.04816585724193       -1.39311131744078
C           -2.60091689065442        0.60344911198101       -2.80694204827139
O           -3.10576167042628       -0.37729707699437       -3.67747975340947
C           -3.65887393985046       -0.43026952600045       -0.74955550130565
O           -4.13752715979765       -1.59381838952923       -1.37419462328333
C           -3.40659592159823       -0.75265909056351        0.72612672554927
O           -4.58327107435015       -1.14845310942121        1.38470101426484
C           -2.89226983712144        0.52050239816743        1.39742600952025
O           -2.66848907835277        0.35860565128221        2.76632774278905
C            1.52638620306300        1.04066674276600        1.96843796982257
O            0.96847157101362        2.23306964361720        2.46230601094881
C            3.01766227938403        1.25947074592475        1.65369475897236
O            3.74475220186804        1.45856966139619        2.83534140865485
H            5.29778991261214       -1.18079864187097       -0.78093244132827
H            5.84626591591442       -1.35845461959413        0.91035224592750
H            6.66811726356432       -0.20647749495586       -0.18080557218533
H            3.68947608904252       -0.79615200689948        1.63335548720809
H            1.57480962940361       -1.50361909042095        0.93111957913984
H            0.72481230679964       -0.47199522152086       -1.81999105696964
H           -0.05780433887582       -1.75643395243584       -0.83511150541627
H            2.56779627457000       -1.94515491200736       -1.79267302429288
H            0.69864594974622        1.26252036857015       -0.02212331155389
H           -1.36244287220895        1.99311726555555        1.05669149908852
H           -1.68792458321717       -0.82695966912161       -1.45701017120026
H           -1.67241583976248        1.04546272239858       -3.18091297166898
H           -3.35700895663182        1.39020437127062       -2.75050025279907
H           -2.39260056723875       -0.96760732478055       -3.95495988368845
H           -4.41329372388728        0.37257878972853       -0.80296754596017
H           -4.19917860798574       -1.41960195298558       -2.32948140178563
H           -2.64052597255726       -1.53972437288473        0.80530846890510
H           -5.00220352640500       -1.83874734006857        0.85204789838182
H           -3.63986150764368        1.31595836376726        1.22864171153837
H           -3.41027754593989       -0.15637137065146        3.11826474925253
H            1.43033870743759        0.32188172047154        2.78988324938145
H            1.02413181523663        2.92368737769878        1.78630804251189
H            3.12692110728028        2.12747059020785        0.98149239684432
H            3.27954637922779        2.11944656455783        3.37046135181364
48
 energy: -84.836792512832 gnorm: 0.000238897245 xtb: 6.7.1 (edcfbbe)
C            5.71485160177791       -0.65551226143412        0.08089675237588
O            4.87831409078197        0.42544042028363        0.47324853060092
C            3.62940516553350        0.05684355663345        0.92487606738593
O            2.83594701944674       -0.31551526261165       -0.18512576021116
C            1.52386816013729       -0.71247209632095        0.16381653428241
C            0.89054206151080       -1.28795154245598       -1.10511323099498
O            1.67679809624556       -2.29647981968985       -1.67318962702301
C            0.75955493831478        0.48553868194464        0.75531302733385
O           -0.55666500074168        0.11408643105869        1.14652026901798
C           -1.58709522133881        0.96725991397778        0.71765876749801
O           -1.70913854899616        1.09647865426023       -0.66898804004254
C           -2.34836989467044        0.04738860134505       -1.39298360542375
C           -2.60002055629419        0.60174926955204       -2.80734196372815
O           -3.10654512881876       -0.37876121318973       -3.67710054624621
C           -3.65924211675767       -0.42964528138208       -0.74924899046132
O           -4.13912049305387       -1.59299295160037       -1.37317610432441
C           -3.40746307317468       -0.75170506750565        0.72659226935011
O           -4.58439273707130       -1.14664710260308        1.38522550682732
C           -2.89222514344632        0.52135234790171        1.39726782275585
O           -2.66843259940368        0.35986434903930        2.76619774218951
C            1.52632018642572        1.03944461337373        1.96878864013527
O            0.96822256341474        2.23130945747823        2.46377620567715
C            3.01744351081773        1.25902180752403        1.65421278666427
O            3.74437404338782        1.45832308773858        2.83598804616431
H            5.29833689244793       -1.17928464218669       -0.78164291902630
H            5.84693298405801       -1.35782030998403        0.90948331660834
H            6.66841888116102       -0.20495591258765       -0.18097398951901
H            3.68992794385443       -0.79645571374907        1.63306214488666
H            1.57506168758669       -1.50394422904843        0.93007264419627
H            0.72605395568571       -0.47068918461017       -1.82053493914842
H           -0.05726713405008       -1.75567946847323       -0.83701849440243
H            2.56890808156853       -1.94383922602991       -1.79311651943163
H            0.69877074253785        1.26242291831299       -0.02191054999962
H           -1.36158239671272        1.99286388312573        1.05589697321824
H           -1.68891509345869       -0.82835883426123       -1.45632019323478
H           -1.67086557769057        1.04187639734350       -3.18159716402341
H           -3.35465391492018        1.38976653852790       -2.75147596276341
H           -2.39441806815523       -0.97033527039053       -3.95419239593089
H           -4.41282053762293        0.37385589859133       -0.80312784859965
H           -4.20088675124707       -1.41935057935987       -2.32849083523235
H           -2.64183837760580       -1.53916386693072        0.80602034866857
H           -5.00396733012478       -1.83633226542059        0.85227073276973
H           -3.63925072543261        1.31727997802960        1.22831584265799
H           -3.41028446506130       -0.15479480244027        3.11844469389515
H            1.43037439582149        0.31993542034665        2.78958982385607
H            1.02331578158394        2.92240960270509        1.78825554618517
H            3.12627333272205        2.12726331676871        0.98215576775568
H            3.27744346563320        2.11691248881922        3.37220810982740
