48
 energy: -84.849227489035 gnorm: 0.082578620502 xtb: 6.7.1 (edcfbbe)
C            5.68156029569116       -0.05127365214491       -0.85858498143474
O            4.84825060309313        0.99663194764063       -0.37018148598686
C            3.57795302102923        0.60593429051302        0.01360223491432
O            2.85327833047251        0.16176774145905       -1.11300047032375
C            1.53802893158263       -0.24439407383930       -0.79268576353265
C            0.88572237219725       -0.75870081808471       -2.08450769855467
O            1.29249959485832       -2.05754075776857       -2.41973060915889
C            0.70241582333462        0.89735435938782       -0.17336432632834
O           -0.51746799509424        0.31969208339827        0.26013115066019
C           -1.72335603401595        0.78546414471335       -0.28279295806599
O           -2.36941008068935       -0.27270005005755       -0.94863682462616
C           -2.64616997797794       -1.38812268157289       -0.10763013135582
C           -3.28636273038916       -2.46257882828964       -1.00056105597685
O           -3.50184487318089       -3.66735330143152       -0.30834703049783
C           -3.57189391998789       -0.98891900689446        1.05274082984885
O           -3.74388419668809       -2.03583729912797        1.97495320037991
C           -2.96397861317434        0.20201709316683        1.80447091051741
O           -3.84279357446162        0.70803214473301        2.77957278529918
C           -2.67159949907172        1.32574492724526        0.80594593180313
O           -2.11505239809130        2.45392753785673        1.41039344457395
C            1.44247939194912        1.53481670477068        1.01048966179204
O            0.78431116896324        2.72070879970856        1.35881667592834
C            2.90271656681200        1.83442423616760        0.63758462274250
O            3.55982030829710        2.23679872197512        1.80978108008524
H            5.29514943789163       -0.43835299527998       -1.80152292390775
H            5.74697514709553       -0.85811038167156       -0.12388923439566
H            6.65623578552824        0.40362090154680       -1.00903644180273
H            3.62365493996755       -0.21578941909624        0.76067509394192
H            1.57253046206207       -1.06253200034388       -0.05523023311351
H            1.11510377883918       -0.04996828271640       -2.88860950218644
H           -0.19556028743089       -0.80619627585625       -1.94260507789985
H            2.23774088721931       -2.05069634372401       -2.62648774229684
H            0.51646501096718        1.67795388287544       -0.91969398519795
H           -1.54877508634643        1.56107015253676       -1.03586483105260
H           -1.70433444326286       -1.76283053792391        0.31874849090846
H           -2.65372140875960       -2.60355752111055       -1.88164136314866
H           -4.26595259263208       -2.11086431141291       -1.33220103289921
H           -2.66707130339256       -4.15012828855708       -0.22441800856232
H           -4.54537067599119       -0.67439152960170        0.64107311987300
H           -4.00226209841220       -2.83711056821519        1.48458555153536
H           -2.01758432175323       -0.11424321928034        2.26792109314429
H           -4.12628397909968       -0.02740669737271        3.34306546742179
H           -3.61609407590092        1.59089811843989        0.29973385817850
H           -2.62444268264124        2.63875922896157        2.21603023778644
H            1.43293540431488        0.82381480913289        1.85078125456632
H            1.25777722364752        3.12924309063134        2.10009404276591
H            2.91496654917329        2.63492540499153       -0.11704993372226
H            4.48269387495854        2.44599477706779        1.60056588278290
48
 energy: -84.854768044017 gnorm: 0.012790951941 xtb: 6.7.1 (edcfbbe)
C            5.68308716985768       -0.05323250811957       -0.85888002435011
O            4.84935576573826        0.99483436091756       -0.37241911950424
C            3.57979403651162        0.60362077803625        0.01274915213050
O            2.85488462555706        0.15148566338501       -1.11045308260520
C            1.54063624642389       -0.25629644867931       -0.78615034158731
C            0.88758917470787       -0.76636616230259       -2.07975104406981
O            1.29404080969485       -2.06388512330651       -2.41913561795642
C            0.70230439674206        0.89412679740965       -0.19262402712744
O           -0.51557606889406        0.35840486104776        0.29488245340799
C           -1.73241885848321        0.78766373591511       -0.25224346902435
O           -2.33831582424201       -0.26829255494015       -0.95877359223843
C           -2.63724953734376       -1.38240587146810       -0.11723150733039
C           -3.28080383042374       -2.45850524626518       -1.00618583157630
O           -3.49993395325835       -3.66125501319865       -0.31086765193935
C           -3.56793287002299       -0.98777121505181        1.04497144379763
O           -3.74180997137118       -2.03600725405101        1.96600766935867
C           -2.97041876588341        0.19989062820584        1.81087279676802
O           -3.85168552343075        0.70023057487017        2.78626114020156
C           -2.68774441439414        1.32926420377296        0.82010419141559
O           -2.12970347493336        2.45839110748017        1.42119423240023
C            1.44307607381186        1.53752752508706        0.99231682611623
O            0.78595806214925        2.72375675410059        1.34225772609192
C            2.90502328072903        1.83513440775910        0.62998828082649
O            3.55688179866931        2.23779955821919        1.80526112543348
H            5.29645321673760       -0.44144966524091       -1.80124308555158
H            5.74851545811052       -0.85883186376824       -0.12283627834051
H            6.65741011819279        0.40218724467006       -1.00992333029224
H            3.62581988234353       -0.21454828266000        0.76362833492634
H            1.57316453416714       -1.06926876762587       -0.04387703750403
H            1.11703992831663       -0.05561051324655       -2.88246673904063
H           -0.19386153347920       -0.81225691456090       -1.93880333589162
H            2.23912383359312       -2.05537579896019       -2.62648877505064
H            0.51590637334618        1.66910521250885       -0.94405006603128
H           -1.55793303130176        1.56627050147112       -1.00410800629801
H           -1.70130934766929       -1.76261874612919        0.31718613625724
H           -2.64936611046787       -2.60410802168246       -1.88697968723717
H           -4.26026314658349       -2.10588801205692       -1.33752559654126
H           -2.66701100851428       -4.14715308825132       -0.22602871270152
H           -4.54164965377683       -0.67334482212649        0.63375649243908
H           -4.00071222108589       -2.83706219183430        1.47597205970914
H           -2.02200415702598       -0.11321976810973        2.27258038026271
H           -4.13148000200304       -0.03715050585705        3.34847042908298
H           -3.62902649922877        1.59097220385519        0.30692165773269
H           -2.63654710736321        2.64428301333541        2.22755900701989
H            1.43079110664758        0.82855284554045        1.83523990960367
H            1.25607640012400        3.12783031438640        2.08851029444236
H            2.92065743651840        2.63513656267511       -0.12473026595405
H            4.48116524403643        2.44543176266176        1.60056746167199
48
 energy: -84.855350874582 gnorm: 0.003848197963 xtb: 6.7.1 (edcfbbe)
C            5.68376637452951       -0.05870740340396       -0.86027220814762
O            4.84963896903768        0.99083272834238       -0.37795429978199
C            3.58055707686913        0.60272636351179        0.01221881375540
O            2.85104017146616        0.14286076465733       -1.10528109362194
C            1.53605078967207       -0.26239675581377       -0.77886556515133
C            0.88730893889531       -0.78090815342893       -2.07196393315107
O            1.29668077561105       -2.07713806877540       -2.41351609663084
C            0.69978478825121        0.89541421552742       -0.19841650823215
O           -0.51615224591631        0.37429741122231        0.31064145853294
C           -1.73077010476033        0.80208872081935       -0.24167386052037
O           -2.32602965299713       -0.25694394844163       -0.95308010688168
C           -2.63066639556897       -1.37618522243489       -0.11763652388004
C           -3.27331469479287       -2.44917430312030       -1.01185016350412
O           -3.49483374056419       -3.65307013737879       -0.31911182198930
C           -3.56753647152190       -0.98729650134931        1.04219574084910
O           -3.74029553783010       -2.04229521220050        1.95526311923004
C           -2.97743843782467        0.19696469952585        1.81873612447967
O           -3.86493808103543        0.68503202035092        2.79463477753565
C           -2.69299389725799        1.32712943241433        0.83090983396238
O           -2.14223097385093        2.45834534579844        1.43370195074855
C            1.44683500624975        1.54751595929951        0.97924789873526
O            0.78783407321069        2.73430342123023        1.32315750540393
C            2.90983349882720        1.84007063378248        0.62133362208340
O            3.55800780670462        2.24367145847645        1.79839125216458
H            5.29735100322308       -0.45049532490102       -1.80120797317009
H            5.74989679526366       -0.86138786107088       -0.12112692738701
H            6.65786131673440        0.39676441741113       -1.01300808883632
H            3.62744892656084       -0.20971310019788        0.76934852983165
H            1.56766065470166       -1.06946114352140       -0.03101453725144
H            1.11591695529410       -0.06870979995796       -2.87369410973911
H           -0.19431799227640       -0.82758760749468       -1.93226769304760
H            2.24137565563532       -2.06501854869528       -2.62255269646616
H            0.51288242787349        1.65993932506747       -0.96001951334138
H           -1.55829607987043        1.58813675918026       -0.98853458340252
H           -1.69612420861889       -1.75937718171663        0.31812109441778
H           -2.64129899080215       -2.59492254896055       -1.89227411039394
H           -4.25243085619989       -2.09617774483631       -1.34395011568949
H           -2.66295352100246       -4.14054308158411       -0.23317453266686
H           -4.54057227958851       -0.67467315188148        0.62785994588015
H           -3.99849357460317       -2.84081317255110        1.46068113057588
H           -2.02894925027073       -0.11446784429248        2.28075783708148
H           -4.14005944248720       -0.05628348330627        3.35411069822330
H           -3.63459278705839        1.58675741886167        0.31759832349946
H           -2.65036120088927        2.64062960892601        2.24023497566664
H            1.42882826093649        0.83931751271988        1.82265728277105
H            1.25306261631019        3.13697165041986        2.07309973893555
H            2.93201932576812        2.63710014667838       -0.13634681165988
H            4.48400627162105        2.44687354523319        1.59737519548782
48
 energy: -84.855632730702 gnorm: 0.005098130773 xtb: 6.7.1 (edcfbbe)
C            5.68340828564617       -0.06733399412370       -0.86248316580486
O            4.84919537391419        0.98511055772698       -0.38657855929009
C            3.58085791847631        0.60191678257466        0.01110048904866
O            2.84658498651278        0.13290430521014       -1.09993455785280
C            1.53040806106346       -0.26797752339809       -0.77060005390057
C            0.88432983332502       -0.79671840298369       -2.06148274953129
O            1.29942052455806       -2.09201449722184       -2.39925622324100
C            0.69763942584579        0.89697432948194       -0.19928766881086
O           -0.51668717051843        0.38282195776058        0.32244604479420
C           -1.72897982074573        0.81493820060973       -0.23164377974764
O           -2.32158727090676       -0.24432984234739       -0.94576000570730
C           -2.62502024890327       -1.36983041058861       -0.11794847452275
C           -3.26365679883588       -2.43766621355437       -1.02108777333796
O           -3.48723143377067       -3.64447921474534       -0.33395533698148
C           -3.56644479886921       -0.98983011375033        1.04040519018758
O           -3.73907587379071       -2.05207756397270        1.94468745142440
C           -2.98216338796422        0.19172686954886        1.82490422677493
O           -3.87669311732000        0.66890425805879        2.79943164299497
C           -2.69707429013251        1.32716482259842        0.84322486085116
O           -2.15526111877663        2.45949004210926        1.45294577239413
C            1.45070627419117        1.56128324866154        0.96816500224735
O            0.79098566449324        2.75096295964438        1.30033097304611
C            2.91459281526749        1.84621239335966        0.61109577361475
O            3.56047425025298        2.25258117026432        1.78852962350521
H            5.29744076083686       -0.46495510094876       -1.80114570277106
H            5.75034777589897       -0.86555469161994       -0.11857676335703
H            6.65736175201245        0.38771165068894       -1.01795452241959
H            3.62917929808978       -0.20334881427667        0.77590738826793
H            1.56116899800756       -1.06811867465740       -0.01553242585382
H            1.11031886908254       -0.08576305993542       -2.86513275404375
H           -0.19722447877683       -0.84678246436915       -1.92155941899161
H            2.24320962437123       -2.07545903892262       -2.61232111779226
H            0.50853843862155        1.64960696443520       -0.97188855549479
H           -1.55969370615121        1.60955481696670       -0.97005021349781
H           -1.69077678632228       -1.75427441134459        0.31765598558729
H           -2.62876706215142       -2.58002927170731       -1.90003132811806
H           -4.24185805467848       -2.08351407080122       -1.35453285448069
H           -2.65560810561702       -4.13189131446158       -0.24546015428609
H           -4.53828650931045       -0.67770083243004        0.62308461866148
H           -3.99608114701470       -2.84724753795307        1.44353938514003
H           -2.03518483349193       -0.11954807290024        2.28980452882786
H           -4.14879232222803       -0.07661098187214        3.35513298695020
H           -3.63926569463701        1.58512163633765        0.32929271698549
H           -2.66715507131887        2.63650684412529        2.25852720794373
H            1.42904053440449        0.85791723260166        1.81547926951232
H            1.25058339416179        3.15487371688551        2.05281510831814
H            2.94450132764713        2.63872428353615       -0.15109558115217
H            4.48827297738402        2.45004333019625        1.59027646919847
48
 energy: -84.855865307461 gnorm: 0.004547992143 xtb: 6.7.1 (edcfbbe)
C            5.68197216400470       -0.07839924588344       -0.86492336636095
O            4.84801120682204        0.97809770917545       -0.39729858633836
C            3.58076655474526        0.60050589171504        0.00940096005650
O            2.84240840138824        0.12152260390488       -1.09490282375034
C            1.52487085598537       -0.27316746290655       -0.76157670640969
C            0.87927794323818       -0.81244897494392       -2.04847661632105
O            1.30156490270295       -2.10709477452442       -2.37910373515553
C            0.69694242439874        0.89904067106486       -0.19708767364946
O           -0.51701131181645        0.38918736703439        0.33103823494340
C           -1.72797147763885        0.82615153650709       -0.22207341578238
O           -2.32281330700163       -0.23058356470172       -0.93867629628680
C           -2.62000834532035       -1.36283615514905       -0.11920728945871
C           -3.25180337968414       -2.42549705426629       -1.03275928208944
O           -3.47778865471509       -3.63681111794592       -0.35413878665567
C           -3.56531782757925       -0.99387626983176        1.03840236448498
O           -3.73805975397449       -2.06283191084530        1.93432500755278
C           -2.98667710769946        0.18465144580525        1.83117734615275
O           -3.88808288355415        0.65276307517944        2.80370280537081
C           -2.70055923627464        1.32707820959652        0.85709524032611
O           -2.16751618901698        2.45854035359166        1.47735918415137
C            1.45415282296619        1.57736703161979        0.95890331874379
O            0.79587737442360        2.77280948803840        1.27357771988064
C            2.91910335276032        1.85235189907242        0.59977560294555
O            3.56451987172945        2.26292537832743        1.77614431246448
H            5.29655491039758       -0.48358814487158       -1.80059464225744
H            5.74950202790493       -0.87088552283209       -0.11492395164052
H            6.65587144395744        0.37573352766118       -1.02398881685034
H            3.63090886368126       -0.19687870789982        0.78237771761706
H            1.55445787958875       -1.06671941523070        0.00063322965626
H            1.10067438448979       -0.10451395578019       -2.85606061635053
H           -0.20184713290107       -0.86741610119863       -1.90671383689801
H            2.24398523073355       -2.08569748803049       -2.59805349744555
H            0.50491857160143        1.64028344383645       -0.97974667209210
H           -1.56161180943833        1.62824689354794       -0.95152418483833
H           -1.68495922734328       -1.74649083319024        0.31530639410949
H           -2.61184065396701       -2.56184966887069       -1.90901393881181
H           -4.22837467235330       -2.06991340343367       -1.36917172000144
H           -2.64562509849571       -4.12249697696632       -0.26133518850031
H           -4.53619491688285       -0.68129068861186        0.61932262499217
H           -3.99283148651225       -2.85437104593006        1.42561772587392
H           -2.04171713463623       -0.12721800491865        2.29972115138654
H           -4.15934465515472       -0.09701654114043        3.35432144654946
H           -3.64271516193821        1.58446151406749        0.34206198843509
H           -2.68547010230592        2.62972762163217        2.28061213583782
H            1.43044645811915        0.88419129710150        1.81465074181280
H            1.24894489237385        3.18063168960037        2.02765267362603
H            2.95649868097550        2.63939770813904       -0.16776737660278
H            4.49390836926533        2.45422293259569        1.57942206879759
48
 energy: -84.856083128427 gnorm: 0.003145716939 xtb: 6.7.1 (edcfbbe)
C            5.67901326140886       -0.09150171186171       -0.86690751533361
O            4.84617401422272        0.97025790935854       -0.40888819447268
C            3.58013029007620        0.59861027324145        0.00721245820301
O            2.83838533783916        0.10974383602363       -1.09030452275358
C            1.51970901246053       -0.27725416527356       -0.75153225181199
C            0.87186687952481       -0.82688943928808       -2.03253024134583
O            1.30089023934739       -2.12154200292149       -2.35406407617456
C            0.69724036852240        0.90183006148049       -0.19230950057595
O           -0.51748186012425        0.39461449352176        0.33742497177308
C           -1.72797885519344        0.83560972445494       -0.21275588349778
O           -2.32779715767086       -0.21635896280889       -0.93248104876307
C           -2.61562787234088       -1.35555854108671       -0.12175185165236
C           -3.23808713739160       -2.41381582677808       -1.04635030670436
O           -3.46641347034846       -3.63062976967336       -0.37832828234732
C           -3.56471825675405       -0.99919786491997        1.03566643561717
O           -3.73736578406755       -2.07461136984123        1.92362717703198
C           -2.99096854045969        0.17598346290583        1.83680781664631
O           -3.89813863690936        0.63695752671798        2.80756973675083
C           -2.70302485881457        1.32676237329918        0.87190691958102
O           -2.17571416676703        2.45407396045478        1.50518174315993
C            1.45685242727221        1.59477420333449        0.95155430992710
O            0.80248541138884        2.79873800348619        1.24350498446072
C            2.92324317320462        1.85805479071866        0.58800443526650
O            3.57096546846339        2.27427835916566        1.76133576811610
H            5.29361790116384       -0.50532563221958       -1.79883110325492
H            5.74644238187850       -0.87721689044211       -0.10978867705871
H            6.65316564376612        0.36064078845399       -1.03050777209283
H            3.63214520159028       -0.19080401324138        0.78810118874225
H            1.54821407127782       -1.06497612035256        0.01709820867081
H            1.08695889189649       -0.12370745880107       -2.84588507161313
H           -0.20842256100706       -0.88691319309735       -1.88703862468990
H            2.24165688471069       -2.09605187057042       -2.57967612093782
H            0.50267147353045        1.63384675036108       -0.98297937816373
H           -1.56355918124178        1.64333330575725       -0.93453824882061
H           -1.67873183425332       -1.73603704021403        0.31140081278200
H           -2.59111998784959       -2.54230762308660       -1.91879742976588
H           -4.21253476262568       -2.05719094739718       -1.38759377001055
H           -2.63291409841649       -4.11303944397823       -0.28009046977199
H           -4.53506517626385       -0.68566224519609        0.61603802590782
H           -3.98885091186408       -2.86239234374461        1.40709780763828
H           -2.04820053151808       -0.13733240773629        2.30887128497541
H           -4.17123939076532       -0.11701654491338        3.35165041277090
H           -3.64440099044136        1.58598295970153        0.35615226798239
H           -2.70121580409318        2.61969396868827        2.30491169226152
H            1.43186990410361        0.91735798954086        1.82003832768552
H            1.24845026034267        3.21343143168150        1.99788634258022
H            2.96612412087848        2.63888632114626       -0.18548680907794
H            4.50129727061481        2.45986719533373        1.56385699723529
48
 energy: -84.856267155079 gnorm: 0.002585811767 xtb: 6.7.1 (edcfbbe)
C            5.67421750961336       -0.10593414788452       -0.86759359721709
O            4.84392983969805        0.96223158233311       -0.41961090369676
C            3.57866031308877        0.59691593394112        0.00474189772484
O            2.83396794306262        0.09928592665389       -1.08627409053805
C            1.51482075460899       -0.27955935654856       -0.74067608333174
C            0.86194515556447       -0.83922630025536       -2.01410070894057
O            1.29464181266842       -2.13515084760056       -2.32578603255625
C            0.69786798438442        0.90565310803061       -0.18585168075647
O           -0.51805060483864        0.39994759280255        0.34316923415974
C           -1.72838264538470        0.84357579624877       -0.20385775888513
O           -2.33314255061710       -0.20281704463034       -0.92763284699569
C           -2.61161550571140       -1.34887112494626       -0.12579222255245
C           -3.22329964668809       -2.40374594994976       -1.06120587695368
O           -3.45326766122388       -3.62606624241722       -0.40421595621382
C           -3.56468112868367       -1.00509220834242        1.03153560803921
O           -3.73695148245781       -2.08682165720963        1.91192988755977
C           -2.99473707603727        0.16630959903294        1.84109085808556
O           -3.90600563101931        0.62165609786090        2.81108123295487
C           -2.70374200965566        1.32605521064523        0.88658151247551
O           -2.17705574704274        2.44535523499909        1.53417787650099
C            1.45883376511873        1.61278504008826        0.94605817543475
O            0.81025885821162        2.82676834567450        1.21230193611171
C            2.92683603758168        1.86357612342203        0.57642105255852
O            3.57979304995352        2.28670317232329        1.74460099430981
H            5.28765080031825       -0.52844366484013       -1.79512595114886
H            5.74050234405689       -0.88429871812901       -0.10283834482155
H            6.64918222142280        0.34254718717680       -1.03655466541036
H            3.63198134812432       -0.18507477972666        0.79274949502668
H            1.54298965394839       -1.06189855316436        0.03386344292582
H            1.07045092387904       -0.14251599435150       -2.83461725718671
H           -0.21724468817449       -0.90227869703749       -1.86322778358930
H            2.23388054485588       -2.10811160420985       -2.55704021364251
H            0.50169265657116        1.63116384731151       -0.98242130810637
H           -1.56482065751629        1.65522632483060       -0.92028492844856
H           -1.67254214839783       -1.72466992550836        0.30660509712968
H           -2.56848409059826       -2.52377834250173       -1.92923536772364
H           -4.19553873943064       -2.04685425482207       -1.40840539831148
H           -2.61802870834627       -4.10447308661205       -0.30075583713406
H           -4.53483611835181       -0.69062323279384        0.61204644827143
H           -3.98415495078085       -2.87116318877702        1.38823869336195
H           -2.05400886425501       -0.14945635659231        2.31570184329991
H           -4.18339641571311       -0.13632944309673        3.34741845259685
H           -3.64391254196343        1.59057221132143        0.37162729687121
H           -2.71002821401528        2.60620025410033        2.33001284354776
H            1.43222194893851        0.95476791622363        1.82933755395105
H            1.24933034211744        3.25079815554803        1.96544510898377
H            2.97204212473792        2.63768595789242       -0.20350641265811
H            4.51022795696403        2.46747036338820        1.54335765978875
48
 energy: -84.856403023440 gnorm: 0.002603639925 xtb: 6.7.1 (edcfbbe)
C            5.66825921197673       -0.11990721870485       -0.86641656885104
O            4.84186024282484        0.95496964881381       -0.42733345056863
C            3.57644462853645        0.59617404597034        0.00249948671430
O            2.82929147466273        0.09195354251847       -1.08313717889600
C            1.51047058730726       -0.27980504424276       -0.73033726180436
C            0.85070172657688       -0.84846210190791       -1.99565368700352
O            1.28149747518439       -2.14745243366796       -2.29786986723603
C            0.69830476911833        0.91038912889574       -0.17933042046560
O           -0.51832854238416        0.40525107567140        0.34896560131592
C           -1.72840591128866        0.85006814976100       -0.19616535855821
O           -2.33599256060780       -0.19170014281844       -0.92421312578369
C           -2.60779132347512       -1.34387407720695       -0.13057085287247
C           -3.20924785636389       -2.39627489501375       -1.07533440803484
O           -3.43944961684482       -3.62319476709106       -0.42778794969513
C           -3.56499079095795       -1.01057486593657        1.02609993067306
O           -3.73719840665440       -2.09794822121676        1.89977331733601
C           -2.99753551703646        0.15677249761103        1.84346155383495
O           -3.91130950213249        0.60753270979080        2.81369095531189
C           -2.70248051565765        1.32498594992152        0.89943347210547
O           -2.17139732867437        2.43378552912386        1.56082239523829
C            1.46036856203325        1.62999596390334        0.94215727030969
O            0.81787611493603        2.85307271569876        1.18411316065099
C            2.92966676225997        1.86917232237327        0.56606736343101
O            3.58947282110057        2.29952997199336        1.72786717482441
H            5.27936646457463       -0.54945103660000       -1.78963124693517
H            5.73241678625245       -0.89152522314695       -0.09473883359780
H            6.64459709903563        0.32349344661135       -1.04066897393555
H            3.62973494012976       -0.17970211346133        0.79633994842542
H            1.53931672205379       -1.05703252006327        0.04972515329783
H            1.05466600965294       -0.15942690779874       -2.82365515332934
H           -0.22747501095723       -0.91029069425585       -1.83886622376244
H            2.21974310692204       -2.12324575798989       -2.53261637104655
H            0.50115839370452        1.63154543521559       -0.98021061956963
H           -1.56526515024878        1.66447333135591       -0.90945704499056
H           -1.66717824568202       -1.71536595369886        0.30214884778284
H           -2.54745967149469       -2.50865115131339       -1.93926962273504
H           -4.17974913119465       -2.04001921298765       -1.42807456805311
H           -2.60262482372757       -4.09810572292683       -0.32108458655849
H           -4.53486709852993       -0.69531738648396        0.60653511700732
H           -3.97944833046432       -2.87967854834300        1.37030573896765
H           -2.05851971647642       -0.16225895028373        2.31940933371957
H           -4.19415507287306       -0.15399283340083        3.34213180384130
H           -3.64156939610620        1.59785803572661        0.38732183297341
H           -2.70977020065363        2.59105947927643        2.35364940142855
H            1.43146614649756        0.99094367702454        1.83870428467848
H            1.25164401971185        3.28730011007758        1.93445059560143
H            2.97447494276144        2.63666297269980       -0.22035020261494
H            4.51940877553469        2.47626430094513        1.52058281198848
48
 energy: -84.856500879794 gnorm: 0.002269445679 xtb: 6.7.1 (edcfbbe)
C            5.66171459939715       -0.13277968360696       -0.86352506411498
O            4.84042521400153        0.94881042368085       -0.43155697846802
C            3.57382780283544        0.59688589490154        0.00079740109103
O            2.82487494188013        0.08825025161943       -1.08100480088611
C            1.50695305239913       -0.27814953376949       -0.72154086008080
C            0.83955508371221       -0.85432331590575       -1.97909604127713
O            1.26255702333867       -2.15830798348772       -2.27176401092006
C            0.69841936447663        0.91583230559438       -0.17393161286129
O           -0.51801569498908        0.41040753111743        0.35457175365097
C           -1.72785038173093        0.85518588670392       -0.19005931006625
O           -2.33587472667951       -0.18360810048432       -0.92189830794028
C           -2.60409415985855       -1.34085782063381       -0.13526260625476
C           -3.19694632328449       -2.39136821709367       -1.08754461932206
O           -3.42595991553028       -3.62188477384756       -0.44720111668027
C           -3.56537170505332       -1.01517435181323        1.01991783014098
O           -3.73856504932836       -2.10717525255351        1.88785847125362
C           -2.99933341933758        0.14800848724316        1.84422877243772
O           -3.91453815071007        0.59472421793614        2.81531322419844
C           -2.69966902561077        1.32357174399638        0.90999231287041
O           -2.16072402555409        2.42110679816702        1.58348646169526
C            1.46180098377650        1.64570232228793        0.93916843499803
O            0.82435720695317        2.87533017892807        1.16126605837968
C            2.93174853082058        1.87540704490607        0.55706985624167
O            3.59845777212313        2.31300073931280        1.71217927768626
H            5.26947068006880       -0.56755386492093       -1.78277862626022
H            5.72321542428553       -0.89863623368007       -0.08598352007443
H            6.63983532865127        0.30463090767839       -1.04263229185569
H            3.62530233248409       -0.17426095082717        0.79931029668353
H            1.53723622074651       -1.05050297679640        0.06363486920593
H            1.04267691267793       -0.17390194499186       -2.81427967089756
H           -0.23800797168579       -0.90994472213290       -1.81714781629576
H            2.20058019735768       -2.14163005775229       -2.50753443002023
H            0.50029232605620        1.63373279392908       -0.97809746493783
H           -1.56538471016597        1.67168588815255       -0.90154930529359
H           -1.66296323448089       -1.70957918698362        0.29867416468715
H           -2.52991769781727       -2.49726073441157       -1.94831219495531
H           -4.16647584247648       -2.03652425076500       -1.44438690424757
H           -2.58802169500464       -4.09456054091928       -0.33988009495558
H           -4.53451504070183       -0.69897119300579        0.59949579723247
H           -3.97522495821809       -2.88723631602007        1.35381110071765
H           -2.06171782291921       -0.17479315229299        2.32055657169275
H           -4.20291719795408       -0.16986403979602        3.33628569715561
H           -3.63800263443932        1.60674459670487        0.40247006764457
H           -2.70145634650128        2.57592349182174        2.37501173464204
H            1.43057278263431        1.02230635284124        1.84554401268294
H            1.25530462741700        3.31911640445187        1.90749889830443
H            2.97467810375502        2.63662116983878       -0.23565774715801
H            4.52768928129422        2.48586002759263        1.49796530473918
48
 energy: -84.856570038990 gnorm: 0.001702515243 xtb: 6.7.1 (edcfbbe)
C            5.65518542671316       -0.14438841507256       -0.85920286807582
O            4.83994525583372        0.94372261347167       -0.43242648948920
C            3.57126759884803        0.59902431021168       -0.00013088176629
O            2.82136253193917        0.08778827924742       -1.07978332452849
C            1.50449020285711       -0.27500156002166       -0.71506407691137
C            0.83016986465388       -0.85686022937745       -1.96610453996597
O            1.24013132024260       -2.16757647810630       -2.24849792177677
C            0.69835603389329        0.92169351393830       -0.17031066181234
O           -0.51698725688086        0.41522373117826        0.35936611220261
C           -1.72691188455787        0.85899234851845       -0.18554606799660
O           -2.33355169595344       -0.17847548892809       -0.92026205147429
C           -2.60061289578079       -1.33964358568632       -0.13917732464882
C           -3.18703477277571       -2.38858009924070       -1.09716878544932
O           -3.41401438296471       -3.62186666696721       -0.46186498119932
C           -3.56570569824076       -1.01881496932113        1.01377908397565
O           -3.74146273713340       -2.11428454488072        1.87698846567165
C           -3.00034319057370        0.14031391707099        1.84412833962097
O           -3.91648566923650        0.58313641574118        2.81624942348699
C           -2.69612458187159        1.32178813139442        0.91844282850638
O           -2.14782526551049        2.40881390211187        1.60157822777411
C            1.46318820661893        1.65968649190170        0.93652726933976
O            0.82908619873393        2.89309956662645        1.14437065625416
C            2.93317322116759        1.88240377642720        0.54921539339864
O            3.60563157204477        2.32712587775047        1.69808055060905
H            5.25878557619157       -0.58274325480386       -1.77494756843827
H            5.71392364965500       -0.90561792965355       -0.07694957183238
H            6.63526664452427        0.28665254408592       -1.04272334986596
H            3.61904141549194       -0.16852417475893        0.80219540367024
H            1.53635543563029       -1.04300384714468        0.07449123175024
H            1.03718596412956       -0.18578363887693       -2.80776929578024
H           -0.24739852867066       -0.90145474179286       -1.80125951371377
H            2.17873508762054       -2.16282757391579       -2.48271758591221
H            0.49888951388100        1.63667334821834       -0.97712133768768
H           -1.56579667939879        1.67728416224401       -0.89573725528632
H           -1.65985129234520       -1.70741779389002        0.29637708693575
H           -2.51665323569017       -2.48923037449555       -1.95590821172648
H           -4.15638899696507       -2.03559954125763       -1.45632065947677
H           -2.57559310794919       -4.09394880551086       -0.35639515279990
H           -4.53350552245211       -0.70110002099638        0.59156888975537
H           -3.97194472075063       -2.89351834785335        1.33920047022318
H           -2.06383802776220       -0.18625051079049        2.32027968924388
H           -4.20905769319883       -0.18412289000309        3.33078483585576
H           -3.63399328139576        1.61570702552265        0.41650394999334
H           -2.68757902756099        2.56177602839850        2.39396498135240
H            1.43035057060077        1.04723855028595        1.84913881253762
H            1.25984235372668        3.34508560829207        1.88567787006114
H            2.97400213787728        2.63765271368042       -0.24955542535903
H            4.53429242605843        2.49574888843661        1.47751830452468
48
 energy: -84.856632329241 gnorm: 0.001896356058 xtb: 6.7.1 (edcfbbe)
C            5.64620510754587       -0.15995339743538       -0.85082668942973
O            4.84071326059027        0.93746776527076       -0.42954705814101
C            3.56802762742107        0.60385385172568       -0.00021068526761
O            2.81819145885721        0.09042719907214       -1.07891755409184
C            1.50239781652215       -0.26897994267626       -0.70948181779014
C            0.82053942314673       -0.85638056301134       -1.95363694117534
O            1.20483398736299       -2.17924304387446       -2.21819224050347
C            0.69814895530647        0.93036474925887       -0.16792686690028
O           -0.51464787608732        0.42143154706348        0.36445302655431
C           -1.72554968278410        0.86282872802679       -0.18070058716804
O           -2.32897517548253       -0.17428190743171       -0.91823083534670
C           -2.59621254076111       -1.33972251404423       -0.14336241464277
C           -3.17620202217258       -2.38653514725737       -1.10763169066273
O           -3.39899646747513       -3.62324165494225       -0.47745126304519
C           -3.56618618030262       -1.02297541281261        1.00584969991872
O           -3.74820986076840       -2.12209648112471        1.86323069057691
C           -3.00084043182200        0.13036079868276        1.84400896334545
O           -3.91787389612217        0.56762855527666        2.81772163966047
C           -2.69072828264914        1.31864099035957        0.92896494558227
O           -2.12866463138947        2.39232537785413        1.62272055923466
C            1.46505970259545        1.67772910914144        0.93214186826637
O            0.83342169578792        2.91366149828695        1.12647004493174
C            2.93449362703196        1.89380682883986        0.53859908341084
O            3.61270870597468        2.34946580331756        1.67945933385729
H            5.24292013342805       -0.60189287934717       -1.76193091807120
H            5.70107907386186       -0.91572138751625       -0.06295675851830
H            6.62917326595352        0.26162215404764       -1.04047206322671
H            3.60797473379196       -0.15935164953844        0.80702041940071
H            1.53576290291633       -1.03183524710428        0.08502551039731
H            1.04126857390340       -0.20045775654252       -2.80385553478648
H           -0.25808126358133       -0.87840878911899       -1.78989366225526
H            2.14523320375491       -2.19780241732187       -2.44634703398645
H            0.49606341798039        1.64107430976978       -0.97797447043313
H           -1.56753753885427        1.68368734931796       -0.88889982608861
H           -1.65661916543623       -1.70807276372732        0.29430504629669
H           -2.50336843077973       -2.48082289273051       -1.96504425541595
H           -4.14641971341620       -2.03668173142956       -1.46748421593345
H           -2.56029822831679       -4.09611304964394       -0.37819536361145
H           -4.53118787861294       -0.70163054068410        0.58009492729936
H           -3.96926300898890       -2.90083779104217        1.32063494371792
H           -2.06566257137086       -0.20157279166745        2.31937798443605
H           -4.21444194107911       -0.20327235684646        3.32426644925406
H           -3.62814490455596        1.62734003614907        0.43554632061723
H           -2.66279392684238        2.54241589610191        2.41941213938226
H            1.43138057379058        1.07497758899405        1.85023885782165
H            1.26737817179149        3.37541539639901        1.85984138213695
H            2.97283445273838        2.64049575781317       -0.26869496924499
H            4.54109381113407        2.51085908030251        1.45196485256590
48
 energy: -84.856669030363 gnorm: 0.001665560861 xtb: 6.7.1 (edcfbbe)
C            5.64269427286891       -0.16697638586449       -0.84471329796198
O            4.84227058725628        0.93493382691487       -0.42543683163880
C            3.56713959236569        0.60728029081086        0.00085974047504
O            2.81866709245145        0.09318124443088       -1.07882088188638
C            1.50235387391076       -0.26541116505827       -0.71048451599950
C            0.82060986132475       -0.85336954931421       -1.95431870465988
O            1.18753863860447       -2.18365370561833       -2.20591378498865
C            0.69802024091789        0.93442415829885       -0.16938267201693
O           -0.51308031092176        0.42366420546672        0.36478591887793
C           -1.72543439703515        0.86358251809573       -0.17913227854299
O           -2.32765747841309       -0.17376274716255       -0.91699826101159
C           -2.59501735901451       -1.34043012175014       -0.14397831274491
C           -3.17400461243004       -2.38631387257913       -1.10990946207194
O           -3.39379317278913       -3.62460515674613       -0.48118094824450
C           -3.56645910989975       -1.02425870970553        1.00366077550537
O           -3.75341084012709       -2.12443638628263        1.85854245973287
C           -3.00020659661505        0.12617259515663        1.84511949271456
O           -3.91719164011051        0.56072077840410        2.81988237576361
C           -2.68865794938973        1.31667632786863        0.93381134378681
O           -2.12189159737679        2.38633328611271        1.62998602881006
C            1.46575290991639        1.68466003980005        0.92857742812519
O            0.83359066472180        2.92019136029383        1.12204862283321
C            2.93462056634526        1.90033781926759        0.53322154534508
O            3.61277536466979        2.36256410468963        1.67130850647957
H            5.23571041631487       -0.61021234945510       -1.75363462231863
H            5.69603182294928       -0.92049958074466       -0.05449686393166
H            6.62687426062476        0.25010691203960       -1.03740807410845
H            3.60165264421458       -0.15377453978981        0.81046497261779
H            1.53474576632589       -1.02728005893777        0.08486973276026
H            1.05625602294455       -0.20716232938068       -2.80806974100926
H           -0.25936798800219       -0.85933430580206       -1.79804845309786
H            2.12910607642277       -2.21807635472268       -2.42745515002607
H            0.49393771519919        1.64297313999293       -0.98055901055891
H           -1.56992705942945        1.68597504761344       -0.88575172991581
H           -1.65584836234850       -1.70972985857030        0.29380344919009
H           -2.50174212060240       -2.47797831725846       -1.96797089583871
H           -4.14545512647397       -2.03804516963692       -1.46798468466297
H           -2.55487794601302       -4.09836763581182       -0.38748899033897
H           -4.52959861701795       -0.69956351535287        0.57610401021377
H           -3.97018022798809       -2.90287847151435        1.31365981884925
H           -2.06543298516479       -0.20824897076661        2.31961747618861
H           -4.21434062710706       -0.21206193970265        3.32323864427651
H           -3.62605587403373        1.63021523979431        0.44407810093518
H           -2.65054627620994        2.53364545014455        2.43102999204904
H            1.43339574179869        1.08215384118465        1.84740384056802
H            1.27206581081020        3.38458995231217        1.85106448102396
H            2.97261577948896        2.64265636134621       -0.27807361600111
H            4.54175061564088        2.51938896022806        1.44355599869462
48
 energy: -84.856712880773 gnorm: 0.001677616676 xtb: 6.7.1 (edcfbbe)
C            5.63884991801222       -0.17674317368535       -0.83321019646071
O            4.84524872547838        0.93172607243034       -0.41777665743194
C            3.56637105423291        0.61289904970008        0.00319687313739
O            2.82117474044572        0.09783473412909       -1.07881202026193
C            1.50271494090202       -0.25955221001920       -0.71584985778277
C            0.82575836672435       -0.84667873596471       -1.96283616192294
O            1.16341813714838       -2.18908018867734       -2.19070515297767
C            0.69761862607666        0.93995417968606       -0.17368853726981
O           -0.51096703150209        0.42590190443118        0.36299485758486
C           -1.72609760819415        0.86367429329111       -0.17737100424546
O           -2.32778924192893       -0.17354051151556       -0.91520350744072
C           -2.59455732937435       -1.34135243969625       -0.14388062848221
C           -3.17373627151989       -2.38628623530307       -1.11084646636432
O           -3.38869925490549       -3.62664783993812       -0.48362071275220
C           -3.56677082715204       -1.02560928206555        1.00275814146265
O           -3.76142266681763       -2.12692637376617        1.85423053188208
C           -2.99774644636505        0.12052435073622        1.84822599996956
O           -3.91320409201937        0.55167864095736        2.82572060034109
C           -2.68644889477233        1.31365037111656        0.94060681623722
O           -2.11592238680707        2.38021141987493        1.63846711688710
C            1.46621307496107        1.69190017029329        0.92228924132737
O            0.83179435461318        2.92560567264383        1.12019030983171
C            2.93394443127822        1.91012424060092        0.52487434499458
O            3.60965366044607        2.38357454777463        1.65979505778229
H            5.22672833904719       -0.62286461644669       -1.73856490802252
H            5.69024510027163       -0.92636929743146       -0.03895838845006
H            6.62462180604117        0.23409298526288       -1.03075172333877
H            3.59222344192533       -0.14467678250644        0.81634008968400
H            1.53123666787064       -1.02227430782199        0.07877654143306
H            1.09179775931361       -0.21716594756579       -2.82080203694298
H           -0.25705757994240       -0.82426102082352       -1.82435853839484
H            2.10671090399462       -2.25038459074251       -2.39994020294410
H            0.48992643937146        1.64638291630033       -0.98550413133183
H           -1.57460428866745        1.68844165709003       -0.88156013184616
H           -1.65528730625124       -1.71135922716821        0.29294207836037
H           -2.50361742911534       -2.47455479644054       -1.97078932226961
H           -4.14737376236280       -2.03997338536804       -1.46500376696389
H           -2.54923509081753       -4.10128110898964       -0.39885380273289
H           -4.52730838611325       -0.69494718116900        0.57355250790647
H           -3.97296690327222       -2.90467216798472        1.30628623445006
H           -2.06295716153206       -0.21718843569083        2.32043282282558
H           -4.21106464253136       -0.22382318070536        3.32468635030724
H           -3.62456202083633        1.63065765831936        0.45472297418990
H           -2.63581477276508        2.52105317736540        2.44663798612029
H            1.43764124135393        1.08656507953997        1.84036301104464
H            1.27975629470264        3.39244135619222        1.84214966555920
H            2.97132218181629        2.64576673583426       -0.29240963287446
H            4.54023925308908        2.53354808765041        1.43454030706086
48
 energy: -84.856727514470 gnorm: 0.000910006461 xtb: 6.7.1 (edcfbbe)
C            5.63832995183453       -0.18055458184983       -0.82701203495524
O            4.84617710122612        0.93041921416850       -0.41526282537150
C            3.56611467913885        0.61462104756502        0.00408088337322
O            2.82245398168834        0.09857376364200       -1.07857250200922
C            1.50262178579254       -0.25797350104225       -0.71897875000497
C            0.82903022715191       -0.84402834938315       -1.96864476161634
O            1.15491796446266       -2.19016376414796       -2.18711305296583
C            0.69746412431753        0.94128801506270       -0.17584331845744
O           -0.51058144053049        0.42642551188472        0.36165811395134
C           -1.72661837495067        0.86391488867707       -0.17665560551327
O           -2.32920103175218       -0.17264953717944       -0.91445796417782
C           -2.59472985841638       -1.34103508271624       -0.14370802791183
C           -3.17440122570908       -2.38546808116023       -1.11096698986555
O           -3.38823398833010       -3.62648958085558       -0.48464326521411
C           -3.56635840847907       -1.02621544929480        1.00380820986224
O           -3.76243083190832       -2.12821578613025        1.85390160442253
C           -2.99579186685772        0.11846548319719        1.85014604892322
O           -3.90948434000210        0.54857616470023        2.82986411175908
C           -2.68622665202034        1.31249245457640        0.94305161528059
O           -2.11717810101299        2.37960764745916        1.64115326455552
C            1.46613011388002        1.69317927946356        0.91972339564536
O            0.83060885373063        2.92632988512016        1.12048101746230
C            2.93327005361962        1.91330449234720        0.52115268328440
O            3.60752265298933        2.39203875274084        1.65474282019632
H            5.22528070466566       -0.62940719061129       -1.73056317304178
H            5.68917952819529       -0.92738034730554       -0.03003465086797
H            6.62443195339580        0.22838890357862       -1.02646158189835
H            3.58922433464587       -0.14111789815540        0.81889006775940
H            1.52852450815368       -1.02205808472891        0.07458656144207
H            1.10834519172239       -0.22186656030913       -2.82696591024872
H           -0.25424603608322       -0.81062775863648       -1.83983897214961
H            2.09795890588140       -2.26131536396309       -2.39193551101292
H            0.48827181974717        1.64774617827929       -0.98735259816396
H           -1.57653809123365        1.68962676070396       -0.87999174183661
H           -1.65480259638041       -1.71066612731539        0.29189676722251
H           -2.50498521231993       -2.47259819337574       -1.97157524501948
H           -4.14853635924815       -2.03917947455470       -1.46384139718370
H           -2.54844551908157       -4.10068518289883       -0.40169138363320
H           -4.52655321412106       -0.69362048794583        0.57526739222848
H           -3.97285519624179       -2.90554862017817        1.30499643326049
H           -2.06031060204407       -0.21986946176342        2.32045246679925
H           -4.20797478583827       -0.22785700119419        3.32705265637584
H           -3.62515734890298        1.62828259245494        0.45771809381048
H           -2.63486339816666        2.51625452826656        2.45135255167014
H            1.43951873666508        1.08680273348416        1.83757062054467
H            1.28258582225486        3.39380055829912        1.83960161729448
H            2.96982917927818        2.64616680954087       -0.29856935304070
H            4.53871036870200        2.54028206575815        1.43101458916557
48
 energy: -84.856737523643 gnorm: 0.000588670502 xtb: 6.7.1 (edcfbbe)
C            5.63836862491318       -0.18437534734123       -0.81987264027624
O            4.84646340928211        0.92898403415917       -0.41400227508037
C            3.56550240930687        0.61564436790496        0.00439281131081
O            2.82309278825224        0.09817808198443       -1.07831789129392
C            1.50190472375870       -0.25643073954121       -0.72144318106735
C            0.83057766858341       -0.84120398999877       -1.97338508791520
O            1.14384494814073       -2.19187962897084       -2.18242600883622
C            0.69712803210683        0.94257018937094       -0.17725772629077
O           -0.51071021593994        0.42714986884508        0.36064146651803
C           -1.72719920022846        0.86469646711806       -0.17583927894005
O           -2.33090384480846       -0.17090943678036       -0.91411956625974
C           -2.59454390919327       -1.34026533540015       -0.14434592385765
C           -3.17439215994246       -2.38394675654784       -1.11221647273034
O           -3.38805204530323       -3.62554924579557       -0.48730561324300
C           -3.56501875405425       -1.02740759678374        1.00491946457649
O           -3.76028829751218       -2.13057413999565        1.85356112983733
C           -2.99291445582775        0.11610507971588        1.85167430686171
O           -3.90415150043603        0.54515141349312        2.83433639342902
C           -2.68628381700825        1.31152565861913        0.94513652158016
O           -2.11954816769672        2.37930928316418        1.64411591757995
C            1.46606105545095        1.69434138098473        0.91766201766039
O            0.82971175554460        2.92712575015295        1.11981989252595
C            2.93251461766183        1.91573537740504        0.51731193388629
O            3.60664274653840        2.39961011558836        1.64873793617825
H            5.22538357892383       -0.63767506280935       -1.72120285375721
H            5.68856049468011       -0.92709130683162       -0.01902188476459
H            6.62472584131121        0.22307486115080       -1.02111190933811
H            3.58677183488400       -0.13813896135799        0.82093930110150
H            1.52496811719404       -1.02181728684989        0.07112880928102
H            1.12276059576670       -0.22627024782302       -2.83247457042224
H           -0.25317913313285       -0.79586567990563       -1.85170125134053
H            2.08658304388061       -2.27379944919010       -2.38478411147425
H            0.48697459324734        1.64959125212517       -0.98819104759393
H           -1.57807048035810        1.69120450899716       -0.87855484248538
H           -1.65367404836736       -1.70919594854541        0.28969001639425
H           -2.50502331229798       -2.47006691436988       -1.97296569148651
H           -4.14845762996527       -2.03705213724367       -1.46468956030144
H           -2.54786530485064       -4.09884099578461       -0.40394675951451
H           -4.52571082111092       -0.69405146179099        0.57807521246073
H           -3.97076139306641       -2.90723549927249        1.30382492515447
H           -2.05623458538567       -0.22243277291689        2.31944853268627
H           -4.20361271944552       -0.23211275823551        3.32959181447963
H           -3.62625622675215        1.62549579882150        0.46019157283535
H           -2.63635635173192        2.51144878462918        2.45549391194263
H            1.44102997201897        1.08838678996481        1.83562946364506
H            1.28446924949539        3.39574199815865        1.83645454701419
H            2.96727323322037        2.64571915576634       -0.30502100575540
H            4.53789310372669        2.54739474688876        1.42490222435256
48
 energy: -84.856745226612 gnorm: 0.000652903014 xtb: 6.7.1 (edcfbbe)
C            5.63931944468668       -0.18743550388026       -0.81266059789555
O            4.84594985680155        0.92764514303631       -0.41441422132591
C            3.56466050342985        0.61563684495137        0.00417426400364
O            2.82274498343116        0.09646504744197       -1.07791421244365
C            1.50058931154029       -0.25620188532144       -0.72276333220577
C            0.82976220274197       -0.83931693033940       -1.97618972257360
O            1.13285792335252       -2.19273907701394       -2.17985244221034
C            0.69689761946544        0.94324657429303       -0.17798394074761
O           -0.51114435900513        0.42813408525285        0.36008022395273
C           -1.72753098893507        0.86629070741983       -0.17530719978730
O           -2.33228469187191       -0.16854375082740       -0.91419866906064
C           -2.59364511153872       -1.33910208510884       -0.14556942380486
C           -3.17401953121641       -2.38165350642879       -1.11421239222198
O           -3.38890221504486       -3.62355263115807       -0.49071976258840
C           -3.56229790720822       -1.02894894663703        1.00626434621084
O           -3.75411159851503       -2.13350847917577        1.85383979014786
C           -2.98952007300051        0.11431340269333        1.85274601081253
O           -3.89822428676735        0.54179405962126        2.83863237890359
C           -2.68688055877025        1.31091015052916        0.94621030294901
O           -2.12400983169112        2.38043628087519        1.64552195259145
C            1.46589271969645        1.69511710077626        0.91656568106165
O            0.82905153864402        2.92791420692085        1.11858082729351
C            2.93171131920794        1.91687432514508        0.51412059290467
O            3.60664568175257        2.40449531308066        1.64325712651468
H            5.22787435451175       -0.64677906412786       -1.71165292399682
H            5.68928188355035       -0.92509859300484       -0.00715844964398
H            6.62556139721451        0.21966590372701       -1.01518759935879
H            3.58551800771562       -0.13640143336430        0.82226871530416
H            1.52137727055468       -1.02261165803323        0.06899750571244
H            1.13100097336521       -0.22972541719975       -2.83532306543272
H           -0.25391317291192       -0.78511881616602       -1.86000038481159
H            2.07469843487850       -2.28268334453211       -2.38188905567982
H            0.48641565369433        1.65087727193840       -0.98853440962142
H           -1.57887409677637        1.69345104685512       -0.87751143151035
H           -1.65162802937469       -1.70756309288937        0.28632894704119
H           -2.50429593970211       -2.46750894059716       -1.97475896827998
H           -4.14753694608152       -2.03343295918517       -1.46689726639311
H           -2.54844466814661       -4.09587326578582       -0.40467164107803
H           -4.52445685096536       -0.69642746480826        0.58211390813134
H           -3.96666322727941       -2.90920843032548        1.30357593082311
H           -2.05107390055779       -0.22334131279475        2.31757007669107
H           -4.19764235877669       -0.23620091723850        3.33262274056063
H           -3.62806265553573        1.62166867120202        0.46136230363646
H           -2.64105944581815        2.50862740926809        2.45731835260749
H            1.44183046377876        1.09019656913934        1.83501514000843
H            1.28444237971991        3.39744466683976        1.83413374716782
H            2.96470999583268        2.64448284808049       -0.31040989575328
H            4.53742658936453        2.55328614247986        1.41796311178144
48
 energy: -84.856750808533 gnorm: 0.000613664816 xtb: 6.7.1 (edcfbbe)
C            5.64013049836142       -0.19013643896057       -0.80616167890908
O            4.84506265051929        0.92627852535256       -0.41524524619499
C            3.56355812382929        0.61539784208772        0.00366535275005
O            2.82180312202161        0.09488090014424       -1.07786748891818
C            1.49906605058694       -0.25586624957453       -0.72317792043178
C            0.82751891688399       -0.83757393375565       -1.97708234628355
O            1.12158926499622       -2.19379508727867       -2.17676421895684
C            0.69632990961564        0.94410558256314       -0.17823938515743
O           -0.51187507745174        0.42931212054965        0.35980512510872
C           -1.72802378181191        0.86801180467752       -0.17519736836285
O           -2.33308399322706       -0.16648157133387       -0.91473597263088
C           -2.59223028645293       -1.33823818468471       -0.14726877152247
C           -3.17353013165355       -2.37951042208033       -1.11661937740184
O           -3.38989591797238       -3.62159344503013       -0.49420390752867
C           -3.55885319891079       -1.03069669901664        1.00708093298760
O           -3.74625232207990       -2.13648940182547        1.85408831917806
C           -2.98607130211573        0.11285537017746        1.85308763444778
O           -3.89291864633320        0.53818640808614        2.84161174634157
C           -2.68761513893389        1.31065956186077        0.94665590892919
O           -2.12751163390429        2.38165716377328        1.64591869442289
C            1.46577484725058        1.69634368427691        0.91573470369746
O            0.82875080060855        2.92905477953307        1.11699509082216
C            2.93115156164496        1.91774627817281        0.51168351968194
O            3.60741731328057        2.40783205520953        1.63882333032993
H            5.23034202093879       -0.65539584293748       -1.70286810470083
H            5.69007761260574       -0.92294921211766        0.00371341078392
H            6.62615881427708        0.21696824377081       -1.00988823833796
H            3.58418678390798       -0.13533322640744        0.82294487635180
H            1.51838806426797       -1.02252012217167        0.06841838312910
H            1.13502636036169       -0.23187864443603       -2.83685102612897
H           -0.25611819876156       -0.77568647418617       -1.86350711946075
H            2.06273621545542       -2.29097922143760       -2.37930100358766
H            0.48610014852491        1.65186074620372       -0.98878196586488
H           -1.57962417658577        1.69571984630167       -0.87683084654669
H           -1.64915740583488       -1.70670520039930        0.28234041036679
H           -2.50365430751708       -2.46553930402712       -1.97706636975557
H           -4.14654824660743       -2.02993244264852       -1.46929274037291
H           -2.54943888894788       -4.09350925706204       -0.40582651913357
H           -4.52272568146308       -0.69982941786920        0.58556965364104
H           -3.96142336485554       -2.91133916202895        1.30358023827157
H           -2.04587550269801       -0.22353921829932        2.31532645274274
H           -4.19093611011467       -0.24066334514576        3.33501500699255
H           -3.62987593195570        1.61882606186957        0.46217411189039
H           -2.64425759168345        2.50738914752616        2.45830980400536
H            1.44226161986779        1.09228470043536        1.83456591428513
H            1.28374787335135        3.39931476146710        1.83228970253785
H            2.96281800770821        2.64350745708653       -0.31453126244136
H            4.53749832042994        2.55798474990234        1.41139352249468
48
 energy: -84.856755275561 gnorm: 0.000537645368 xtb: 6.7.1 (edcfbbe)
C            5.64116243647064       -0.19206114079671       -0.80068490790438
O            4.84387731853816        0.92504311074688       -0.41661996616066
C            3.56243407741030        0.61468713311013        0.00291649363385
O            2.82026972907781        0.09344543455103       -1.07804206984060
C            1.49736967912557       -0.25600046053462       -0.72292884238048
C            0.82390808195559       -0.83689116721310       -1.97623685738678
O            1.11324920732296       -2.19396984287439       -2.17552056649774
C            0.69571865760051        0.94492888932107       -0.17838586180583
O           -0.51270185712660        0.43076843984287        0.35944914383459
C           -1.72854642196413        0.86989959143559       -0.17581754237150
O           -2.33349548718545       -0.16459608698361       -0.91580730349374
C           -2.59038304929368       -1.33747355182504       -0.14934286759597
C           -3.17349919286730       -2.37738893260556       -1.11899777188970
O           -3.39196728011045       -3.61941547638154       -0.49716505330261
C           -3.55438444398190       -1.03253805403402        1.00790634811584
O           -3.73581239822864       -2.13927367065419        1.85510593657492
C           -2.98267372636216        0.11231280704809        1.85292971364403
O           -3.88846883141612        0.53494776992316        2.84344787384990
C           -2.68868035768456        1.31083662665353        0.94605394518632
O           -2.13122111868201        2.38387498954371        1.64428268079307
C            1.46540394167810        1.69738469701467        0.91537693329531
O            0.82865802207563        2.93019573414684        1.11559570787947
C            2.93060100736669        1.91773941696134        0.51022968901780
O            3.60817242091348        2.40819118628128        1.63629139881732
H            5.23335876071748       -0.66301740559180       -1.69530320268822
H            5.69144944925065       -0.92035044516873        0.01318139265934
H            6.62678284381301        0.21566031455180       -1.00538329540117
H            3.58319759004819       -0.13536008185065        0.82279125775407
H            1.51621860732668       -1.02234535293106        0.06890980615188
H            1.13297015134192       -0.23261945263639       -2.83629423108004
H           -0.25935584110474       -0.77150648777018       -1.86265455407432
H            2.05352733772571       -2.29455419127661       -2.37953878914211
H            0.48616386698387        1.65244876108169       -0.98926681047875
H           -1.58019178898830        1.69800401721392       -0.87691529256305
H           -1.64621239666883       -1.70637327649333        0.27752246004912
H           -2.50387720003287       -2.46432402977515       -1.97957813631404
H           -4.14597373046132       -2.02603677277812       -1.47133164315081
H           -2.55193889420077       -4.09174164864329       -0.40693980871145
H           -4.52049341084611       -0.70449115120304        0.58940258134159
H           -3.95455664016421       -2.91344507515676        1.30493126302873
H           -2.04061959792081       -0.22191595570242        2.31295830458209
H           -4.18311548163736       -0.24475452622756        3.33750330680844
H           -3.63206422838875        1.61605382291051        0.46196139811384
H           -2.64761612647870        2.50879639706952        2.45704651193577
H            1.44192636408343        1.09374222135872        1.83446130866270
H            1.28201549926743        3.40042250478743        1.83190212084572
H            2.96198154880911        2.64272105603817       -0.31664834087472
H            4.53743096630383        2.56033558250442        1.40672910534348
