48
 energy: -84.797404416793 gnorm: 0.080328835537 xtb: 6.7.1 (edcfbbe)
C            3.31976043653066       -3.08195324521339       -1.54310136036162
O            3.01333074709492       -2.42008767292191       -0.32926818410184
C            2.11288087906713       -1.37822414320609       -0.46389106924106
O            2.70786493051296       -0.29794457019563       -1.16102572628344
C            1.72117490626184        0.61369327116779       -1.62429195040750
C            2.46170380458095        1.85251661378960       -2.14424157285319
O            3.40168208314368        1.50967262897619       -3.12502900370407
C            0.67491369685408        0.93840720060666       -0.52706312426089
O           -0.46316197977045        0.15161112932864       -0.84355149875521
C           -1.80402311064140        0.58650277534118       -0.75922718582605
O           -2.57184545554034       -0.46289445135426       -0.25572155025820
C           -2.35801259031727       -0.74348558717611        1.12693914785821
C           -3.16550313370210       -2.00975307941633        1.42944660498251
O           -2.64580362986734       -3.11612069817287        0.74703078792542
C           -2.79461805568293        0.44590760394080        1.98902513647920
O           -2.56332250097011        0.22912931034941        3.35924673193292
C           -2.07805654021454        1.72344644829838        1.51903923017870
O           -2.66312761904145        2.87454122622987        2.08910276390777
C           -2.17996991413251        1.87628406145191       -0.00203033320507
O           -1.45083466576520        2.98139946831658       -0.46499788893881
C            1.30694740777429        0.59329303396117        0.84855955249250
O            2.39189976854445        1.44252897196197        1.09798124621832
C            1.72758757835269       -0.88681682253529        0.93805955353034
O            0.68901856584920       -1.63111299985829        1.51593866008320
H            3.79435707585139       -2.40047313203614       -2.25270231613370
H            2.41313415432580       -3.50022053470680       -1.99408450008749
H            4.00755970804715       -3.88244288592467       -1.28237613149327
H            1.20463160065047       -1.69749350808018       -1.01145850408849
H            1.18037922905857        0.14354441084925       -2.46087666070319
H            2.94568302903056        2.37516309548681       -1.30706047675388
H            1.74703056045488        2.52954959413325       -2.61578084281752
H            3.93525298168596        0.78538229471113       -2.77540150183293
H            0.43521695182707        2.00344608657931       -0.54680975792325
H           -2.15641698755160        0.70963233916204       -1.79702226682608
H           -1.29222537900746       -0.95299405560670        1.29327565661128
H           -4.21269052860662       -1.83240335071733        1.14701943276333
H           -3.11392475726226       -2.23860314323947        2.49531433445706
H           -2.55112743682975       -2.85492918387355       -0.17740325440551
H           -3.87638681362083        0.59812226078210        1.88990151378592
H           -1.67230129036391       -0.12589513163988        3.47327167087886
H           -1.02087733122626        1.67645280784298        1.81896290230425
H           -2.85001492124563        2.67877774791521        3.01589092730082
H           -3.25178442442898        2.02208562269841       -0.22526114286945
H           -1.69848473179887        3.73130403344990        0.09292498672257
H            0.59539980296678        0.77376803661144        1.65710777081827
H            3.11383813957575        1.18182650327321        0.50953441991191
H            2.63089453679803       -0.94449321531689        1.56722565789953
H            0.90236388635069       -2.56965060194944        1.45236362269534
48
 energy: -84.802885685896 gnorm: 0.012426890215 xtb: 6.7.1 (edcfbbe)
C            3.32092869383736       -3.07913914936062       -1.54325578071156
O            3.01621403810044       -2.41162217637734       -0.33240110521331
C            2.11212272810300       -1.37229490867298       -0.46584783050406
O            2.69621537694685       -0.29014718683568       -1.17247849076587
C            1.70504881907774        0.62329781748142       -1.63097507076787
C            2.45172600178669        1.85876883240508       -2.14876754428053
O            3.39193316336926        1.51244382709785       -3.12864995720632
C            0.68223400038215        0.91394546955853       -0.50242384157615
O           -0.46793447428998        0.13480648017681       -0.78922958123833
C           -1.80730525084418        0.58257652089513       -0.77854006790181
O           -2.58149740352363       -0.45348500400467       -0.25269170062078
C           -2.36041590714002       -0.73870013147564        1.12736049719734
C           -3.16600476685883       -2.00656014979804        1.43063449884655
O           -2.64695244810833       -3.11313844462854        0.74775066261872
C           -2.79462225723957        0.44986995506880        1.98892956481521
O           -2.55908273473392        0.23437923773134        3.35873894859101
C           -2.07865060802256        1.72348426220442        1.50798151090074
O           -2.66006540195190        2.87537228931482        2.08040844611270
C           -2.18133905696840        1.87393157341588       -0.01626778848563
O           -1.44880046609088        2.97909374396469       -0.47359010996218
C            1.31918246308385        0.58821216777226        0.86759900088114
O            2.40208062693918        1.44263286393736        1.10532350020285
C            1.73591841108440       -0.89064629234337        0.94328929409196
O            0.69677144179643       -1.63381021431360        1.52186510028536
H            3.79503596069673       -2.40030622110033       -2.25554146354486
H            2.41399755559741       -3.49986320023234       -1.99128551467994
H            4.00910431431001       -3.87846547019146       -1.27934983239612
H            1.20186467510170       -1.69668099073195       -1.00707460773947
H            1.16153005850854        0.15156081930547       -2.46439709782886
H            2.93864197238471        2.37748793045949       -1.31075034435922
H            1.73981482136101        2.53826342680440       -2.61976868910323
H            3.92531309788015        0.78842039439387       -2.77756021485052
H            0.43917184595749        1.97939151259054       -0.52757631190424
H           -2.14201783872231        0.69055425564483       -1.82258225977323
H           -1.29417761193247       -0.94981018549147        1.28996092423472
H           -4.21390472668376       -1.83045988142157        1.15011973717999
H           -3.11257052999075       -2.23612643063337        2.49632288428801
H           -2.55378690798981       -2.85278953969916       -0.17705053541970
H           -3.87658055337312        0.60153364362978        1.89249360542236
H           -1.66895857420075       -0.12368350026532        3.47053115876154
H           -1.02142860827233        1.67552332395407        1.80814381713818
H           -2.84330555494867        2.67993488481989        3.00826077430463
H           -3.25282058497746        2.02352031818217       -0.23746920638847
H           -1.69598343477496        3.72734096462603        0.08697903196014
H            0.60733418968474        0.77065740525072        1.67497840615666
H            3.11897847566597        1.18433205120698        0.50984976390390
H            2.64114465008522       -0.95088406053657        1.56859805646388
H            0.90589098350808       -2.57272626840561        1.45289026911204
48
 energy: -84.803482195025 gnorm: 0.004295129549 xtb: 6.7.1 (edcfbbe)
C            3.32534117455506       -3.07831241905182       -1.54593264980104
O            3.02467718571779       -2.40895166363147       -0.33546806085929
C            2.11568700239138       -1.37358774733015       -0.46410761004588
O            2.69112328266427       -0.29011805545653       -1.17581921482478
C            1.69224957603787        0.62682124017879       -1.61972263340215
C            2.43381486010134        1.86306098741741       -2.14251445660296
O            3.36836898770520        1.51361372202713       -3.12671250197596
C            0.67481105894316        0.91687632290446       -0.48436953206754
O           -0.46673113074003        0.12403157398259       -0.76907419563899
C           -1.80476207719036        0.57365926988331       -0.78176226622557
O           -2.58836755785859       -0.45350451379703       -0.24990538448035
C           -2.36218782048585       -0.73785012255853        1.12817099710178
C           -3.16797805312242       -2.00479716596839        1.43307372962068
O           -2.64983499201090       -3.11152373184101        0.74969114030677
C           -2.79240471064336        0.45407134333105        1.98595096452986
O           -2.55116434739219        0.24662287240144        3.35598105409861
C           -2.07644660095448        1.72387636924239        1.49417299428990
O           -2.65360058920522        2.87984094176743        2.06299991025516
C           -2.18256135063073        1.87221932086934       -0.03093205788248
O           -1.44774052428279        2.97570656635792       -0.48965020239197
C            1.32882119029182        0.58258597729351        0.87405624545661
O            2.41144581063984        1.43738105191460        1.10930249675323
C            1.74809285182893       -0.89536804711535        0.94857230703638
O            0.70891187332298       -1.63785256495541        1.52757680827473
H            3.79659262906190       -2.40081823716287       -2.26139020720387
H            2.41708412936042       -3.50087094224999       -1.98950218951274
H            4.01483604026638       -3.87631608799021       -1.28153979240244
H            1.20205953438879       -1.70058855207153       -0.99808075414113
H            1.14144348833992        0.15956151939209       -2.45091474941166
H            2.92573037887270        2.38254109277504       -1.30821208449405
H            1.72186960646195        2.54345173841767       -2.61264107480479
H            3.90547215182386        0.79199933417796       -2.77620686113024
H            0.42299691005416        1.98154225686728       -0.50334222698756
H           -2.12719777619385        0.67590567159352       -1.82870255717589
H           -1.29537683192239       -0.94891823489874        1.28672113882771
H           -4.21636870359794       -1.82864897035317        1.15437321770138
H           -3.11190471821115       -2.23321881147593        2.49882705500108
H           -2.55784990664438       -2.85127151534921       -0.17524724354115
H           -3.87462198163733        0.60661573110015        1.89346366685509
H           -1.66261680299028       -0.11603514446287        3.46571838449366
H           -1.01798206791902        1.67569512707432        1.78990470719332
H           -2.83376298900561        2.68780192854384        2.99223794108662
H           -3.25405284955032        2.02211171360366       -0.25243986776798
H           -1.69307967540222        3.72463487107358        0.07085911585841
H            0.62186908840861        0.76141897939456        1.68644898363568
H            3.12438719621030        1.18448513902973        0.50671284580265
H            2.65649110467672       -0.96237682519800        1.56891321180669
H            0.91440960910716       -2.57720674265519        1.45394596269559
48
 energy: -84.803790174702 gnorm: 0.004707879925 xtb: 6.7.1 (edcfbbe)
C            3.33216683886582       -3.07607225973072       -1.55101276661286
O            3.03590024237306       -2.40520500019099       -0.34037506427920
C            2.11970015097949       -1.37555009125621       -0.46275770204490
O            2.68628914949291       -0.28899473078394       -1.17617974166929
C            1.68156969983379        0.63026382201666       -1.60620908008630
C            2.41446459292084        1.86988533971327       -2.13231694277179
O            3.34152158938993        1.52194244526599       -3.12423823345456
C            0.66714402166523        0.91395831747440       -0.46610419647291
O           -0.46419723677907        0.10732676519384       -0.75788613962308
C           -1.79941787995397        0.56072155130826       -0.78183022941241
O           -2.59545212255257       -0.45640894794375       -0.24774735176187
C           -2.36450460811487       -0.73717087159452        1.12919822965804
C           -3.17093079190020       -2.00218083836510        1.43875769294792
O           -2.65526516381302       -3.10959268904853        0.75460666931212
C           -2.78798975157406        0.46100243051133        1.98165033213743
O           -2.53991424394842        0.26504813581374        3.35215148744482
C           -2.07142337167062        1.72665508954354        1.47868650513145
O           -2.64343375832136        2.88833361994832        2.04177962269840
C           -2.18122480841522        1.86764945299787       -0.04675733347329
O           -1.44924694128493        2.97023356660524       -0.51269778874764
C            1.33352040815930        0.57619860587651        0.88657192854993
O            2.41788655056319        1.43081902451189        1.11461178349957
C            1.75641930224601       -0.90105342790960        0.95256755856124
O            0.71948778992010       -1.64571876278341        1.53259692861354
H            3.79882595492295       -2.39977701189190       -2.27063761266996
H            2.42264750533303       -3.50139492597638       -1.98932244213806
H            4.02414410575448       -3.87226778772160       -1.28756375547500
H            1.20435497022861       -1.70687291424763       -0.99094530081723
H            1.12402295630572        0.16676741846090       -2.43495036876041
H            2.91078322519460        2.39086240046015       -1.30173793079093
H            1.69800266892284        2.54882488156375       -2.59805486653151
H            3.88230137270368        0.80105321553802       -2.77789739729962
H            0.40616781284580        1.97599936346689       -0.47589733292465
H           -2.11129494820046        0.65677221201017       -1.83169195637175
H           -1.29724936071117       -0.94914814469532        1.28405512237177
H           -4.21966639230704       -1.82517387789738        1.16214295929380
H           -3.11214461658000       -2.22937590067267        2.50460775126708
H           -2.56475990499566       -2.84949946517842       -0.17057234179186
H           -3.87042226754312        0.61511481632553        1.89355660027432
H           -1.65356035244445       -0.10362425870140        3.45975281088300
H           -1.01113336110012        1.67705742574267        1.76790246525454
H           -2.82073925900068        2.70183726062418        2.97265418077350
H           -3.25255462160281        2.01387315567542       -0.27027847191520
H           -1.69341936851142        3.72088936293142        0.04603539058840
H            0.63509590621517        0.75048603074393        1.70860461516821
H            3.12534917976398        1.18192296908849        0.50360796192201
H            2.66771091090341       -0.97157049225788        1.56824553970610
H            0.92446088951423       -2.58484971223414        1.45480271228966
48
 energy: -84.803962219914 gnorm: 0.003895686488 xtb: 6.7.1 (edcfbbe)
C            3.33951950701097       -3.07224090365905       -1.55650896493891
O            3.04763606477765       -2.40132050523905       -0.34469458110290
C            2.12455688325634       -1.37720054752051       -0.46138849145321
O            2.68483314222300       -0.28612079264205       -1.17206275493625
C            1.67667955088168        0.63207623702320       -1.59413580438125
C            2.39906373598544        1.87734482926344       -2.12042997856633
O            3.31932409035115        1.53686661675618       -3.12134793950961
C            0.66157596764655        0.90890811541429       -0.45407318590861
O           -0.46319367830078        0.09386004619352       -0.75194895852163
C           -1.79657580431082        0.54774079942652       -0.78170616960167
O           -2.60020229425638       -0.46257630642993       -0.24606496579677
C           -2.36630792327726       -0.73619157516369        1.13158212992185
C           -3.17424042500356       -1.99833613322578        1.44840345249495
O           -2.66265306976667       -3.10744804820494        0.76386747945787
C           -2.78296287066091        0.46934340930605        1.97814513393605
O           -2.52835569368862        0.28396146990291        3.34899438861965
C           -2.06607442220690        1.73110127796589        1.46451271737171
O           -2.63286970293833        2.89803814123674        2.02199720128960
C           -2.18066053536664        1.86081691476765       -0.06088310435880
O           -1.45485547105995        2.96273190987066       -0.53855847149310
C            1.33508731423576        0.56790970115694        0.89640343950732
O            2.42008635937943        1.42370177174367        1.11732927478669
C            1.76116292715748       -0.90875884378187        0.95620705980108
O            0.72576100659681       -1.65692339634456        1.53465402816770
H            3.80081842857328       -2.39605659159194       -2.27976898111559
H            2.42899245028609       -3.50049141127124       -1.98994023533488
H            4.03480392163643       -3.86650544699649       -1.29579125371574
H            1.21013695280076       -1.71274846241243       -0.98830813484628
H            1.11644257119952        0.17027661346942       -2.42189153431136
H            2.89849366984972        2.39936908860955       -1.29242989891249
H            1.67442000223054        2.55328649874324       -2.57835413298150
H            3.86290217694429        0.81440380673688       -2.78276658693177
H            0.39343693117318        1.96796840326751       -0.45773138345615
H           -2.10177450842345        0.63569469799317       -1.83455345109843
H           -1.29887926805275       -0.95004719780872        1.28412142020383
H           -4.22342068080949       -1.82000846032925        1.17437564358490
H           -3.11257138979576       -2.22406875035568        2.51434566004844
H           -2.57396479055098       -2.84822785250078       -0.16183347163987
H           -3.86548315780704        0.62509562314917        1.89375675522590
H           -1.64394112491359       -0.08984523270729        3.45461736907443
H           -1.00442357158921        1.68029421503891        1.74825033265287
H           -2.80690443779319        2.71803989348894        2.95468558236187
H           -3.25220292699387        1.99977671545104       -0.28622247127801
H           -1.69826238665280        3.71612721856378        0.01685520661287
H            0.64497577110707        0.73874158632373        1.72699445287861
H            3.12366246699759        1.17681758956621        0.50105086920631
H            2.67348736663630       -0.97979055586039        1.57033875893936
H            0.93291353905289       -2.59538960703654        1.45539104656905
48
 energy: -84.804102484400 gnorm: 0.002628752083 xtb: 6.7.1 (edcfbbe)
C            3.34713763727200       -3.06751194770862       -1.56269813870162
O            3.05999543863361       -2.39794604528901       -0.34884025807184
C            2.13111195087412       -1.37847761782350       -0.46030172567927
O            2.68702336475722       -0.28172488363270       -1.16510581532223
C            1.67620593653368        0.63199395159906       -1.58416106198348
C            2.38689824187587        1.88505408332249       -2.10728448154479
O            3.30147974708198        1.55790385421873       -3.11797356998896
C            0.65814366579550        0.90226706236513       -0.44669499899131
O           -0.46277739930942        0.08277029052432       -0.74865811154235
C           -1.79565091582697        0.53429730432266       -0.78185741700526
O           -2.60147705705265       -0.47235203918350       -0.24388417609874
C           -2.36709248158621       -0.73531800712839        1.13617580559016
C           -3.17786529806915       -1.99329798875702        1.46246147280343
O           -2.67233385140791       -3.10564966602413        0.77850014524111
C           -2.77757311667510        0.47851570641837        1.97530777799237
O           -2.51688511033406        0.30288483262723        3.34632576682051
C           -2.06054607674650        1.73608804946037        1.45037219617714
O           -2.62228971410748        2.90798082769372        2.00188820288648
C           -2.18248687480451        1.85195518636496       -0.07464502772666
O           -1.46449219934213        2.95263911524013       -0.56769545250932
C            1.33415089222959        0.55913284845757        0.90394979562397
O            2.41937810606207        1.41590956333646        1.12023298205013
C            1.76297584250210       -0.91716646549718        0.95862518399196
O            0.72802673430679       -1.66969590253826        1.53233933547357
H            3.80204746544780       -2.39000468403836       -2.28886857474519
H            2.43545130236393       -3.49849366629401       -1.99106930605123
H            4.04647788945894       -3.85977549968327       -1.30660571258766
H            1.21932387876191       -1.71711134196173       -0.98955034297947
H            1.11769713438295        0.17027790077237       -2.41320756515475
H            2.88869371452610        2.40635271454959       -1.28025318711124
H            1.65205459623846        2.55794264116635       -2.55410365557728
H            3.84765114805335        0.83223240323708       -2.79047446241475
H            0.38472139311220        1.95880051881278       -0.44656475898798
H           -2.09785572971119        0.61299655529593       -1.83713852369948
H           -1.29987154074139       -0.95160564524896        1.28806070305842
H           -4.22765540572134       -1.81287007391098        1.19194463704588
H           -3.11255086726609       -2.21647254254760        2.52863118695981
H           -2.58538312905670       -2.84827106868934       -0.14798864605427
H           -3.86009929130337        0.63587454058672        1.89416525868097
H           -1.63400931159648       -0.07476757126704        3.45035694153451
H           -0.99766918770347        1.68467782023861        1.72917165849727
H           -2.79207531552989        2.73572059580625        2.93676961677042
H           -3.25514795119855        1.98213684483972       -0.29924278000250
H           -1.70723271557377        3.70994239475639       -0.01726499554095
H            0.64962398553874        0.72788988112296        1.73968345090633
H            3.12085690274364        1.16901941922676        0.50176816885002
H            2.67421582682696       -0.98752078740653        1.57444094124917
H            0.93967040916269       -2.60722689144512        1.45444600995225
48
 energy: -84.804225564789 gnorm: 0.002702571404 xtb: 6.7.1 (edcfbbe)
C            3.35526224806334       -3.06231975713792       -1.56851998674393
O            3.07202846518859       -2.39525717147736       -0.35228028741784
C            2.13912274708702       -1.37910496381472       -0.46002834458260
O            2.69246551795881       -0.27638686337669       -1.15783383813286
C            1.67890346785337        0.63054427323866       -1.57802476735799
C            2.37861938633506        1.89196115853684       -2.09578000882185
O            3.28866039515902        1.58104768858119       -3.11584177674467
C            0.65667755458046        0.89547053460790       -0.44413869477801
O           -0.46235571757502        0.07414065566929       -0.74727415240742
C           -1.79626349050565        0.52113594865733       -0.78234529751298
O           -2.59922459774057       -0.48494220606751       -0.24074409612575
C           -2.36712818018876       -0.73493886345486        1.14300420794681
C           -3.18220842631880       -1.98748660765906        1.47978624084488
O           -2.68481555998059       -3.10485076958096        0.79780769802529
C           -2.77305590231476        0.48711514262065        1.97346566888546
O           -2.50789099463015        0.32003667425091        3.34462618615564
C           -2.05647570456606        1.74075693808930        1.43780087088144
O           -2.61425824871944        2.91701718734098        1.98301354726697
C           -2.18621415801431        1.84205439527528       -0.08675722233088
O           -1.47565488343018        2.94047476683537       -0.59612914109258
C            1.33207657124717        0.55093009999859        0.90771014425574
O            2.41680703447159        1.40833964716589        1.12403492012508
C            1.76321801048327       -0.92505595597157        0.95933054740850
O            0.72735691640318       -1.68199132750338        1.52555231297510
H            3.80334071497918       -2.38210222153787       -2.29650227986588
H            2.44274479301836       -3.49614385367974       -1.99230238575347
H            4.05921767451495       -3.85229012335625       -1.31796774627226
H            1.23070556049242       -1.71930003473996       -0.99398992371513
H            1.12531756631574        0.16730803331932       -2.40986299352323
H            2.88246175315884        2.41018608422636       -1.26799398290497
H            1.63406364582593        2.56275357502791       -2.53005643202715
H            3.83797251139501        0.85225082471308       -2.80062869276136
H            0.38013312013539        1.95066977332479       -0.44269522492198
H           -2.09867716612860        0.59103722576987       -1.83902541269508
H           -1.30060620766036       -0.95391214236943        1.29647551403506
H           -4.23258198813408       -1.80378318259707        1.21344381003249
H           -3.11281711318336       -2.20666454769850        2.54645599542733
H           -2.59860997309967       -2.85025730689542       -0.12959173705610
H           -3.85550341731203        0.64580215182324        1.89465419127821
H           -1.62592774882568       -0.05961249552379        3.44812110219398
H           -0.99272651430452        1.68994442378865        1.71273649933859
H           -2.77900675668070        2.75315144001484        2.92030087424089
H           -3.26058161915962        1.96426246557382       -0.30799427483530
H           -1.71834904842985        3.70267403914659       -0.05240202315320
H            0.64897070045657        0.71793361037824        1.74439371235672
H            3.11854852849725        1.16042816243686        0.50639074522433
H            2.67154154615669       -0.99448222701071        1.57962540303636
H            0.94470965113682       -2.61854772755735        1.45146501904206
48
 energy: -84.804332349621 gnorm: 0.003058310289 xtb: 6.7.1 (edcfbbe)
C            3.36450422785743       -3.05675229095361       -1.57420689992202
O            3.08337729815685       -2.39307885954195       -0.35564524860781
C            2.14787493670263       -1.37923768652463       -0.46114061612825
O            2.69968271543313       -0.27073264090859       -1.15212721866899
C            1.68279691062871        0.62898973108202       -1.57537828024416
C            2.37324458731473        1.89826908598474       -2.08647812922976
O            3.27932655663250        1.60389133146466       -3.11496077116017
C            0.65610664247226        0.88897652199054       -0.44464189596996
O           -0.46125958785409        0.06580072193448       -0.74628327503233
C           -1.79735637380052        0.50716760663302       -0.78286228740884
O           -2.59468901033844       -0.49987520399266       -0.23597767510332
C           -2.36663445137540       -0.73531559954801        1.15200040432293
C           -3.18750303387155       -1.98101486116805        1.50047512256917
O           -2.70054782298677       -3.10544637905818        0.82243439255213
C           -2.76933338662576        0.49490070637910        1.97243094357116
O           -2.50113498724343        0.33656499267876        3.34397905165777
C           -2.05370062163428        1.74465365038804        1.42615661273748
O           -2.60934336930455        2.92494045114835        1.96392978500494
C           -2.19079957367640        1.83135648207312       -0.09806807137157
O           -1.48658751661673        2.92634372659649       -0.62345210252848
C            1.32920024348665        0.54355897302619        0.90861693373687
O            2.41248607960052        1.40160513473778        1.12960389536768
C            1.76283947443114       -0.93203794891915        0.95798231311873
O            0.72519530316968       -1.69337244189747        1.51479976018679
H            3.80553389690293       -2.37267638870031       -2.30293912266681
H            2.45194365541475       -3.49409760059357       -1.99428080834304
H            4.07365817499329       -3.84377168965549       -1.32917020308203
H            1.24282095780529       -1.71966978115267       -1.00071565984570
H            1.13554142921109        0.16349312429074       -2.41056347668086
H            2.87922575381652        2.41112285211307       -1.25653065422420
H            1.62121137698942        2.56850036155768       -2.50840552206726
H            3.83347288958552        0.87394483874214       -2.81134304662641
H            0.37750005930481        1.94383562875450       -0.44315359351389
H           -2.10130968029597        0.56878793859080       -1.84012088332328
H           -1.30118761387872       -0.95707006449905        1.30886032250477
H           -4.23834301341059       -1.79274768715542        1.23887848372182
H           -3.11367749612634       -2.19424538440592        2.56806824948113
H           -2.61370484006111       -2.85494545254026       -0.10604649077176
H           -3.85174151949940        0.65441304457817        1.89526065822576
H           -1.61945282181286       -0.04336073619423        3.44816302368606
H           -0.98925209577806        1.69592756698660        1.69807114715554
H           -2.76824266029281        2.77025564270289        2.90381846288956
H           -3.26700779626191        1.94698784882264       -0.31471079455556
H           -1.73058052442775        3.69441435099126       -0.08855121186904
H            0.64347262096066        0.70790344192660        1.74313921626444
H            3.11666890543368        1.15297475026162        0.51486278433269
H            2.66717618737080       -1.00116950985301        1.58423608592440
H            0.94852157767293       -2.62896572629244        1.44547077236085
48
 energy: -84.804418640348 gnorm: 0.002578424666 xtb: 6.7.1 (edcfbbe)
C            3.37466563184082       -3.05112543685600       -1.57967085848711
O            3.09301252864538       -2.39117675615717       -0.35928403850696
C            2.15572448879515       -1.37913974844303       -0.46383707226555
O            2.70642468154642       -0.26580454000027       -1.14933998424636
C            1.68605107176832        0.62830114905214       -1.57539073331251
C            2.37016844773480        1.90365238099257       -2.07987978174620
O            3.27264171590021        1.62292374352559       -3.11503111132696
C            0.65540321705087        0.88332171022404       -0.44671984707721
O           -0.45941364208437        0.05661971340099       -0.74504886303983
C           -1.79806846264238        0.49257096714460       -0.78295179088132
O           -2.58971865854748       -0.51520990637395       -0.22959443698381
C           -2.36593901815697       -0.73635734029693        1.16215762255369
C           -3.19331068159355       -1.97440152415595        1.52294758329980
O           -2.71804200169016       -3.10734390230037        0.85082444469521
C           -2.76630708912162        0.50158807991605        1.97210913776567
O           -2.49620862991895        0.35269812998093        3.34440582519914
C           -2.05235905598619        1.74775726901228        1.41566338383628
O           -2.60815396949285        2.93159626145292        1.94501903859753
C           -2.19483749385412        1.82063046257072       -0.10850133537865
O           -1.49554070327169        2.91157727140994       -0.64791538382622
C            1.32614651421386        0.53730778231303        0.90752975049916
O            2.40681018047680        1.39667290268882        1.13617626898142
C            1.76262893788487       -0.93771075697886        0.95480343753006
O            0.72330435070533       -1.70317993695243        1.50247786025599
H            3.80915065992915       -2.36270811370170       -2.30824586512783
H            2.46326568116634       -3.49297330241525       -1.99756378700527
H            4.08930490686893       -3.83440607263192       -1.33885020140396
H            1.25343937685356       -1.71923589772204       -1.00831713462185
H            1.14460262846351        0.16095966061592       -2.41351751210795
H            2.87837446899582        2.41007486569452       -1.24720535407667
H            1.61391456761584        2.57488707671602       -2.49171627461401
H            3.83378243858208        0.89509264860766       -2.82004504758330
H            0.37469605906559        1.93814742296277       -0.44551841181070
H           -2.10342544925485        0.54632798895965       -1.84032545213356
H           -1.30170957350769       -0.96080108767468        1.32309524527502
H           -4.24439988240869       -1.78084708789138        1.26600642750479
H           -3.11524656222537       -2.18002163463439        2.59184956838432
H           -2.62939429903472       -2.86234432235946       -0.07895562358930
H           -3.84878651698926        0.66119399757053        1.89603795817079
H           -1.61420225026830       -0.02597007571869        3.45032949163923
H           -0.98741871614494        1.70263866497715        1.68556532805291
H           -2.76087329695607        2.78621619720662        2.88744410833991
H           -3.27248422397966        1.93107033767957       -0.32131508663786
H           -1.74262740172381        3.68583102190173       -0.12335850575944
H            0.63539469405409        0.69738090487506        1.73864888767889
H            3.11486935378062        1.14881901534003        0.52524666546540
H            2.66316061580304       -1.00721461626905        1.58651256621553
H            0.95152302547181       -2.63788899240351        1.43673337082735
48
 energy: -84.804488235389 gnorm: 0.001835513332 xtb: 6.7.1 (edcfbbe)
C            3.38559133890049       -3.04563034947688       -1.58496926718856
O            3.10059805364070       -2.38945497082487       -0.36337715680015
C            2.16163152983162       -1.37920086318707       -0.46791208909982
O            2.71118678604878       -0.26243016766588       -1.14967848407451
C            1.68778794024879        0.62843329443196       -1.57706357219614
C            2.36874743984763        1.90775473262258       -2.07568085442111
O            3.26806024263178        1.63647591645846       -3.11551051283118
C            0.65415124345859        0.87846993367954       -0.44943310334172
O           -0.45719578780459        0.04648291826054       -0.74350390607330
C           -1.79813304032522        0.47795679685131       -0.78224164549950
O           -2.58561285702791       -0.52932640260759       -0.22193085047056
C           -2.36530396647653       -0.73764657666078        1.17261852404683
C           -3.19909774165208       -1.96789996577844        1.54568312680976
O           -2.73530574080435       -3.10989973687394        0.88120915390734
C           -2.76388567005000        0.50737744817164        1.97245477874789
O           -2.49257143935630        0.36850980030761        3.34574243220696
C           -2.05221051418284        1.75030889883052        1.40645393058724
O           -2.61047099146426        2.93706449059275        1.92675896441733
C           -2.19768254811522        1.81041650978298       -0.11790606105167
O           -1.50206144448926        2.89738740580082       -0.66879925673892
C            1.32313630666263        0.53221355686799        0.90541816668775
O            2.40020272369386        1.39378257840976        1.14248556262739
C            1.76289721395112       -0.94202164957057        0.95029396517066
O            0.72288551156653       -1.71120977858723        1.49105318942437
H            3.81448279153071       -2.35283199135966       -2.31263939856174
H            2.47666330541634       -3.49290595745118       -2.00252529300211
H            4.10577141055997       -3.82445089717412       -1.34645843942863
H            1.26139709131587       -1.71927252802116       -1.01576186552920
H            1.15065777198775        0.16051568097999       -2.41750998119204
H            2.87899513605923        2.40799832562374       -1.24044076183225
H            1.61114669016693        2.58116544064612       -2.48047961392300
H            3.83803038822843        0.91391475678150       -2.82528442016178
H            0.37059545353971        1.93291874726149       -0.44844318283480
H           -2.10442274991562        0.52400683286400       -1.83952479384641
H           -1.30223768281288       -0.96456978102064        1.33739210339560
H           -4.25016451754580       -1.76911471953964        1.29253439079366
H           -3.11754418013732       -2.16482055207317        2.61612615471178
H           -2.64443432657153       -2.87183328401410       -0.05015556942533
H           -3.84656464898820        0.66630927467762        1.89706723648198
H           -1.60972421860674       -0.00761085135975        3.45406040926309
H           -0.98698100589867        1.71006930455979        1.67550836209817
H           -2.75739263733478        2.80056500440139        2.87139993986892
H           -3.27619356025510        1.91652801807105       -0.32871086938131
H           -1.75380188453023        3.67741109613463       -0.15509637729502
H            0.62680472918669        0.68683265664407        1.73321820412625
H            3.11258268128382        1.14845037933571        0.53530098943409
H            2.66078765037594       -1.01202460114629        1.58556803672088
H            0.95419438876948       -2.64516759730491        1.42617417666654
48
 energy: -84.804558767458 gnorm: 0.001997871474 xtb: 6.7.1 (edcfbbe)
C            3.40241641851981       -3.03799720672071       -1.59219186512199
O            3.10885587892882       -2.38732286059806       -0.36963182259981
C            2.16684430204767       -1.38007622207191       -0.47499910160051
O            2.71416371962646       -0.26057234540695       -1.15407020985933
C            1.68765835841391        0.62881280904695       -1.58072297456605
C            2.36797122233382        1.91117382788874       -2.07264643787152
O            3.26402697823066        1.64717100430378       -3.11625708815289
C            0.65149993196580        0.87232300838341       -0.45356805367214
O           -0.45446589154568        0.03147742165527       -0.74112416904006
C           -1.79768078057551        0.45837592918070       -0.77997505414883
O           -2.58205660010702       -0.54613661633080       -0.20994504195042
C           -2.36487900899772       -0.73910098674782        1.18710416824764
C           -3.20669783653061       -1.95902095635147        1.57646416474131
O           -2.75678854647843       -3.11339359905422        0.92477206105045
C           -2.76144857947009        0.51485036878075        1.97393776992503
O           -2.48901385833383        0.39029535610083        3.34867551585501
C           -2.05356861788637        1.75372843628469        1.39548027482654
O           -2.61792652218500        2.94368789717733        1.90263604744664
C           -2.20002859575974        1.79726364959523       -0.12941344044104
O           -1.50819985725009        2.87942124147753       -0.69295413002092
C            1.31942348995087        0.52639045310702        0.90169662261779
O            2.39067315122036        1.39209592201965        1.14908596036261
C            1.76427207302803       -0.94653248298238        0.94297782018322
O            0.72536791841154       -1.72018497320964        1.47894670759506
H            3.82507794864700       -2.33910885828352       -2.31754594723299
H            2.49879315406175       -3.49389568176512       -2.01209268733329
H            4.13029171854112       -3.80972766983434       -1.35416373726753
H            1.26861515876827       -1.72163246748211       -1.02507156391565
H            1.15405091281581        0.16229881275377       -2.42372409393446
H            2.88027033765010        2.40449948827356       -1.23459916381565
H            1.61123808099960        2.58841006356746       -2.47194860409570
H            3.84770452612658        0.93525388492691       -2.82721844769452
H            0.36265025867170        1.92536531984683       -0.45283106549772
H           -2.10504806329999        0.49364882352374       -1.83702545718002
H           -1.30318789248381       -0.96903073836780        1.35627124642563
H           -4.25728935053511       -1.75390237360809        1.32634705647959
H           -3.12207033138292       -2.14293428069721        2.64919288557028
H           -2.66342448454197       -2.88703391106274       -0.00927875601897
H           -3.84452478555806        0.67197667552476        1.89897185279777
H           -1.60441584287003        0.01922329507262        3.46078150493611
H           -0.98823218892264        1.72159742689241        1.66504815646531
H           -2.75833429530179        2.81868082646689        2.84971818587418
H           -3.27902777273921        1.89804313288286       -0.34003178000796
H           -1.76773729962726        3.66618878955954       -0.19376826210012
H            0.61651490833480        0.67285009901736        1.72599463782521
H            3.10851269123089        1.15232345925006        0.54606672816217
H            2.66092142568099       -1.01645999044160        1.57972999705923
H            0.95822510302608       -2.65336661988786        1.41038405546873
48
 energy: -84.804596047677 gnorm: 0.001495445605 xtb: 6.7.1 (edcfbbe)
C            3.41397776145867       -3.03322729605935       -1.59632537354876
O            3.11298233287304       -2.38647530516501       -0.37335178430011
C            2.16783996209863       -1.38187144657956       -0.47920365702128
O            2.71265168482683       -0.26210530406422       -1.15850942135058
C            1.68539316131658        0.62770902435035       -1.58269701399412
C            2.36657655465009        1.91087916802786       -2.07235712558104
O            3.26275204291271        1.64736769597987       -3.11591616288599
C            0.64931328842048        0.86854751892940       -0.45552726689855
O           -0.45433152254698        0.02311689919461       -0.73969632118105
C           -1.79773147379179        0.44882877992873       -0.77773668067589
O           -2.58235018462689       -0.55271593830647       -0.20279745881180
C           -2.36532553070151       -0.73876389513756        1.19492188282782
C           -3.21005037485812       -1.95409191923307        1.59201372048797
O           -2.76408466888208       -3.11414594594260        0.94883870196774
C           -2.76099737091925        0.51961551776391        1.97553309473649
O           -2.48795673778097        0.40288221820037        3.35080127127057
C           -2.05521115291510        1.75632070334518        1.39045090303051
O           -2.62376234958273        2.94772834199079        1.89004796028093
C           -2.20079689542696        1.79102833346785       -0.13473410763626
O           -1.51058647069270        2.87149592441355       -0.70367701460495
C            1.31817227693161        0.52347766926148        0.89974318478104
O            2.38656429000218        1.39173904969563        1.14915145733273
C            1.76608158949812       -0.94870188198633        0.93918683058441
O            0.72971618602339       -1.72425650341313        1.47724717649126
H            3.83447275276283       -2.33070139521113       -2.31935157702046
H            2.51462390874033       -3.49415507529155       -2.01982941001452
H            4.14595861203660       -3.80066386840117       -1.35701311362569
H            1.27036760657803       -1.72641683232079       -1.02863937498368
H            1.15180242634193        0.16352512433435       -2.42684985307503
H            2.87850055034144        2.40301605194470       -1.23359610043893
H            1.61069869256038        2.58939756910348       -2.47169794690838
H            3.85268843855130        0.94178033109834       -2.82410373140868
H            0.35666496439432        1.92003877652862       -0.45497030735434
H           -2.10614695471674        0.47793752213010       -1.83471255939350
H           -1.30402887126065       -0.96967573357703        1.36543852554867
H           -4.26000940322749       -1.74730427192078        1.34062531668096
H           -3.12593712400344       -2.13065602889462        2.66594729717136
H           -2.67117067306984       -2.89584056757561        0.01291295590180
H           -3.84430074848394        0.67546059029288        1.90047209233736
H           -1.60219037023139        0.03524916773422        3.46483914851288
H           -0.98995653724122        1.72889677770941        1.66122113241975
H           -2.76313402959916        2.82848208672241        2.83784988297100
H           -3.27975178098607        1.88895887684325       -0.34666154562197
H           -1.77404630633571        3.66049340406653       -0.21069261943872
H            0.61437738222398        0.66656687075851        1.72382687043965
H            3.10571010245017        1.15555961377411        0.54668680037196
H            2.66436371618185       -1.01709571327467        1.57388304523294
H            0.96159991272908       -2.65723810040275        1.40249273715453
48
 energy: -84.804626277316 gnorm: 0.000926128012 xtb: 6.7.1 (edcfbbe)
C            3.42617718410043       -3.02794815006358       -1.59998016593527
O            3.11632581077487       -2.38641834336107       -0.37630033862488
C            2.16772339307829       -1.38459654277787       -0.48270155873034
O            2.70946926220773       -0.26531523501282       -1.16348571608573
C            1.68210338894455        0.62483898759700       -1.58515624542455
C            2.36432702055943        1.90829916107778       -2.07390071746181
O            3.26390285141507        1.64320622419585       -3.11426894842666
C            0.64717875977736        0.86489966450382       -0.45772082674072
O           -0.45579232308806        0.01686831327426       -0.73876507465121
C           -1.79877347981679        0.44235049799149       -0.77538261211560
O           -2.58373711168032       -0.55658615406281       -0.19636170026239
C           -2.36610580060021       -0.73730981290240        1.20183592162600
C           -3.21183272566346       -1.95006766235588        1.60435859226529
O           -2.76513473958164       -3.11438186649873        0.97018680539713
C           -2.76179487062780        0.52432874920955        1.97767545884239
O           -2.48880009160080        0.41381121564090        3.35321743924507
C           -2.05754891696752        1.75925284567916        1.38737576739112
O           -2.62945255415354        2.95194874920065        1.88034050655845
C           -2.20180137588042        1.78684666798759       -0.13795520591009
O           -1.51213212213349        2.86618444895764       -0.71033870490239
C            1.31771757002965        0.52123464076563        0.89732372230377
O            2.38458252728772        1.39139036020341        1.14587417414948
C            1.76798685509449       -0.95047716594182        0.93617675071433
O            0.73471279424688       -1.72708672206504        1.47876244059323
H            3.84623509587578       -2.32123000532167       -2.31915196796500
H            2.53156277445196       -3.49272137145799       -2.02912408681306
H            4.16133357833065       -3.79184654061045       -1.35913685514417
H            1.27074665027124       -1.73301182182137       -1.03058153957373
H            1.14759788796436        0.16280442185853       -2.42996464236246
H            2.87343256292922        2.40191824540273       -1.23447274980469
H            1.60959598131314        2.58613393379835       -2.47673098484630
H            3.85583394589015        0.94146251202055       -2.81765413979661
H            0.35176533156546        1.91517148009203       -0.45768124826811
H           -2.10903229930537        0.46680267694687       -1.83212453987187
H           -1.30480573005120       -0.96803472683438        1.37305352290446
H           -4.26098101311817       -1.74384823270568        1.34878967202787
H           -3.13076016807704       -2.11967143877190        2.67958867975610
H           -2.67410409505864       -2.90441677230741        0.03223175298590
H           -3.84524727064040        0.67898854659418        1.90189748143300
H           -1.60181690256695        0.04975537134153        3.46908194152794
H           -0.99241696318314        1.73533168852128        1.65962712088197
H           -2.77099766110521        2.83713065662697        2.82826686635251
H           -3.28053024243783        1.88333898987847       -0.35125623031781
H           -1.77823102214872        3.65644345655507       -0.22105333162532
H            0.61446988330466        0.66304821107827        1.72199355580992
H            3.10364894909408        1.15765318217538        0.54269408188439
H            2.66878522420635       -1.01650654852262        1.56788337751208
H            0.96460686196141       -2.65997219751750        1.39649895679340
48
 energy: -84.804648978147 gnorm: 0.000929280972 xtb: 6.7.1 (edcfbbe)
C            3.43856616827720       -3.02189635569299       -1.60337793507790
O            3.11978949400117       -2.38678999838883       -0.37850387006517
C            2.16802563377869       -1.38759517213099       -0.48534899965691
O            2.70678147047173       -0.26860561486855       -1.16780097341413
C            1.67889875197260        0.62084848462478       -1.58795405153869
C            2.36100745655963        1.90468904666103       -2.07680548254598
O            3.26625559541157        1.63834611353249       -3.11227986498962
C            0.64533785025603        0.86130791822965       -0.45997992688875
O           -0.45787311039781        0.01206681376734       -0.73793779289334
C           -1.80051553265869        0.43744357035653       -0.77322306018002
O           -2.58503772530598       -0.55970908418722       -0.19040507205183
C           -2.36697521643389       -0.73521651195545        1.20848515649430
C           -3.21265470861341       -1.94654932257232        1.61555374998315
O           -2.76218725578990       -3.11443740341600        0.99085487162761
C           -2.76347745719041        0.52923655646295        1.97981822900253
O           -2.49129933531249        0.42416759418686        3.35575438442904
C           -2.05988161572832        1.76238502321676        1.38502839053391
O           -2.63369806984854        2.95652997112379        1.87221265788670
C           -2.20335200792881        1.78397233134555       -0.14041235628028
O           -1.51394876725473        2.86215925696541       -0.71613561122577
C            1.31758338470868        0.51898968389172        0.89462913681263
O            2.38394895813946        1.39023789490588        1.14143478107098
C            1.76944554112162       -0.95244847771905        0.93374031402584
O            0.73836135250245       -1.72960548659190        1.47972488827843
H            3.85902851135946       -2.31031002509009       -2.31756221679245
H            2.54845576587958       -3.48910874256088       -2.03909837125528
H            4.17616250583280       -3.78321037145991       -1.36179173020372
H            1.27156379704808       -1.73955530803192       -1.03194484846112
H            1.14350541734405        0.15942097327191       -2.43262252929484
H            2.86525882273633        2.40140038161308       -1.23626519280899
H            1.60673939343877        2.58016358853916       -2.48471878310473
H            3.85695727309436        0.93745401461098       -2.81102035487412
H            0.34861685478413        1.91102346485776       -0.46059766983499
H           -2.11273472242514        0.45818072418854       -1.82970568815467
H           -1.30552732541380       -0.96501410032292        1.38045472473982
H           -4.26094314174715       -1.74288600503627        1.35420958946855
H           -3.13588052419330       -2.10920679262716        2.69216230047407
H           -2.67289581939177       -2.91249027862868        0.05103085888367
H           -3.84702843583672        0.68281359913835        1.90279572309043
H           -1.60325238246756        0.06340620650106        3.47371496456921
H           -0.99480813608197        1.74078600213004        1.65833930860464
H           -2.77916679118684        2.84518491995589        2.81996662428153
H           -3.28200441924147        1.87958045004921       -0.35451592199422
H           -1.78111739759399        3.65352302078442       -0.22919389272105
H            0.61519633928464        0.66074898497460        1.72000793280827
H            3.10242437371041        1.15732042246821        0.53736683619263
H            2.67189267298876       -1.01636391212444        1.56357342804098
H            0.96644917868965       -2.66239145713292        1.39182779905646
48
 energy: -84.804670479628 gnorm: 0.001046646171 xtb: 6.7.1 (edcfbbe)
C            3.45211330205123       -3.01446302889784       -1.60688972160521
O            3.12393471921417       -2.38718923352704       -0.38036313723663
C            2.16912793215892       -1.39071903914258       -0.48758753647072
O            2.70488497024497       -0.27141017044131       -1.17135667891810
C            1.67565288247817        0.61597391897681       -1.59126300617990
C            2.35625478591521        1.90031582961325       -2.08130534967516
O            3.26919116148193        1.63268563478986       -3.10988936169003
C            0.64349352666817        0.85751838182667       -0.46247324727358
O           -0.46027352262643        0.00778214013728       -0.73709996073132
C           -1.80279120243316        0.43299420060521       -0.77103335721104
O           -2.58618985800612       -0.56272482999602       -0.18422055345230
C           -2.36804147216451       -0.73241059176151        1.21553856403178
C           -3.21260925380148       -1.94298709102981        1.62722830543977
O           -2.75582393037350       -3.11443847806742        1.01358720902430
C           -2.76612211491107        0.53490133234708        1.98167047830885
O           -2.49604118542128        0.43541530425250        3.35829361575700
C           -2.06228800987588        1.76594506058943        1.38295735485484
O           -2.63656926681254        2.96191059806289        1.86488750425206
C           -2.20531189173410        1.78148378208583       -0.14254416493676
O           -1.51579599111209        2.85787166706362       -0.72187766323944
C            1.31755262616956        0.51644592641907        0.89152621492979
O            2.38416117581899        1.38811937852980        1.13625912126452
C            1.77017541664806       -0.95494504915941        0.93134423668764
O            0.73996549781248       -1.73231450952407        1.47852364690667
H            3.87375722478062       -2.29725177928865       -2.31475490474648
H            2.56652008812021       -3.48288587083681       -2.05037236112528
H            4.19149849103103       -3.77396788970433       -1.36525647624686
H            1.27345499232511       -1.74583077782897       -1.03360257581573
H            1.13971234492987        0.15308815797858       -2.43485109688309
H            2.85372201084707        2.40214526568972       -1.23966081343436
H            1.60216335139878        2.57155888346432       -2.49644325258804
H            3.85590020824352        0.93053152231357       -2.80360288843997
H            0.34652176020833        1.90716529238784       -0.46385158340277
H           -2.11699639599707        0.45030612071052       -1.82713887242324
H           -1.30641114945966       -0.96064091973679        1.38866056458583
H           -4.25994816804617       -1.74374440655443        1.35866123211378
H           -3.14116868756264       -2.09760008274809        2.70540584448124
H           -2.66699597834030       -2.92085612327501        0.07203114520555
H           -3.84963777515160        0.68759505831970        1.90251346870617
H           -1.60711602392667        0.07781719920629        3.47920134505801
H           -0.99726875051161        1.74535218620692        1.65697638147125
H           -2.78736277111634        2.85324962318174        2.81213702856513
H           -3.28390913873308        1.87669142917967       -0.35709538286713
H           -1.78276132616637        3.65056504766246       -0.23684964064554
H            0.61605121051580        0.65882870166645        1.71755904045417
H            3.10184618256030        1.15467547037926        0.53143331626308
H            2.67304232001644       -1.01750129773415        1.56086271899024
H            0.96672834816817       -2.66505534864834        1.38760970048874
48
 energy: -84.804692730068 gnorm: 0.000989007288 xtb: 6.7.1 (edcfbbe)
C            3.46886573458794       -3.00464690582323       -1.61108750597568
O            3.13005191035426       -2.38712206678516       -0.38242754226428
C            2.17170785872681       -1.39407792391447       -0.48992236603625
O            2.70407410631939       -0.27340282374119       -1.17417275380271
C            1.67207661429044        0.61003294742237       -1.59490569558243
C            2.34912486826992        1.89501247516917       -2.08793110255649
O            3.27186743510304        1.62636063071867       -3.10779971546063
C            0.64129386642724        0.85281356267662       -0.46506593323496
O           -0.46306038209332        0.00284266409810       -0.73567868972191
C           -1.80573647691223        0.42768188682310       -0.76826488510135
O           -2.58732168059388       -0.56664432570381       -0.17671613182434
C           -2.36945428317436       -0.72859069466515        1.22422220378741
C           -3.21193959234483       -1.93858775249510        1.64194938229749
O           -2.74606947211724       -3.11408630991455        1.04246246395983
C           -2.77015152632136        0.54219301113522        1.98339400825888
O           -2.50409376369870        0.44978517619629        3.36130134744058
C           -2.06465072032985        1.77001171238170        1.38004689708833
O           -2.63779017432166        2.96859319330632        1.85642193964799
C           -2.20776518255828        1.77893688414653       -0.14543831955182
O           -1.51826671532324        2.85266218215329       -0.72995422467637
C            1.31746988322735        0.51285258852505        0.88813567935180
O            2.38496500697923        1.38428228100247        1.13046320569699
C            1.77006192657667       -0.95874537542327        0.92852519123127
O            0.73893473651103       -1.73602030091241        1.47378124577798
H            3.89244276445413       -2.28065846884698       -2.31091641681834
H            2.58812817356571       -3.47321726207327       -2.06400049999597
H            4.20964284512989       -3.76292098973839       -1.36997245654728
H            1.27750454065492       -1.75231813691149       -1.03651313167016
H            1.13606419846554        0.14337400224849       -2.43639013405674
H            2.83735092850977        2.40435761956107       -1.24514429819033
H            1.59425632829249        2.55968489746087       -2.51239872444151
H            3.85284353987554        0.92160541840227       -2.79588415579257
H            0.34478760171371        1.90268219508076       -0.46714248740126
H           -2.12188192905309        0.44083244384340       -1.82396471087956
H           -1.30753702607614       -0.95427026340844        1.39906362961191
H           -4.25820599767097       -1.74622460006495        1.36429895589921
H           -3.14709415520551       -2.08278919334116        2.72202178779687
H           -2.65513103487348       -2.93013645469217        0.09923923433590
H           -3.85351650267325        0.69406849300350        1.90051476454280
H           -1.61448477768880        0.09547319655853        3.48674361781815
H           -0.99959461546860        1.74934782673898        1.65439365779465
H           -2.79510604003834        2.86236919055252        2.80299867603707
H           -3.28648772900829        1.87345835922100       -0.36006733134504
H           -1.78368534526823        3.64735976528908       -0.24714606123793
H            0.61697773053605        0.65628225726566        1.71491240418835
H            3.10157498325136        1.14938876873939        0.52474987432616
H            2.67180433458787       -1.02105712306297        1.55973562191924
H            0.96514587214306       -2.66883205759508        1.38301393164878
48
 energy: -84.804708429246 gnorm: 0.000749149002 xtb: 6.7.1 (edcfbbe)
C            3.48517219973262       -2.99497057015740       -1.61475943858779
O            3.13716441295640       -2.38615246938435       -0.38432553175105
C            2.17529591892608       -1.39673487038455       -0.49215768563364
O            2.70442534248212       -0.27374475159780       -1.17554486964670
C            1.66884716567964        0.60463340833683       -1.59810092172958
C            2.34108052319255        1.89054490817410       -2.09481764191697
O            3.27234464786261        1.62109609610879       -3.10670985291404
C            0.63914129242966        0.84843408444032       -0.46729949370201
O           -0.46526158293372       -0.00204600021258       -0.73421115973899
C           -1.80837890142163        0.42221364730006       -0.76582969123244
O           -2.58807971883328       -0.57067135728009       -0.16958166191413
C           -2.37103557629426       -0.72475943829287        1.23252963680457
C           -3.21088121184319       -1.93432948434463        1.65659707401803
O           -2.73624201312661       -3.11368795965733        1.07121042573569
C           -2.77465237069218        0.54971929624722        1.98399083268973
O           -2.51416970944075        0.46449296644388        3.36345089632366
C           -2.06641446651523        1.77399900555285        1.37721394236272
O           -2.63674646673373        2.97562495878945        1.84914958994607
C           -2.20990812946220        1.77604195811447       -0.14829057298158
O           -1.52022677761131        2.84652222829080       -0.73800755974645
C            1.31735591814178        0.50891016109596        0.88511337941679
O            2.38590660477834        1.37957748118182        1.12572758534829
C            1.76897203331905       -0.96314325555149        0.92559332862492
O            0.73517039911330       -1.74012409165846        1.46583178477762
H            3.91106745748042       -2.26527088869338       -2.30715627670850
H            2.60845446922696       -3.46269978316285       -2.07624396340901
H            4.22646193618645       -3.75286471736235       -1.37421793952907
H            1.28316468626263       -1.75763600856299       -1.04058973619209
H            1.13337265454263        0.13267168012518       -2.43698369759607
H            2.82089661962977        2.40787252715275       -1.25189256720422
H            1.58508638569584        2.54814919266119       -2.52813296428496
H            3.84863521458885        0.91457751073172       -2.78972998358810
H            0.34316299858993        1.89858860140599       -0.46974020433394
H           -2.12603612986073        0.43113100351601       -1.82115502730450
H           -1.30886383375383       -0.94763643988948        1.40936341893462
H           -4.25617813524811       -1.74914435991820        1.37075645314666
H           -3.15202568119322       -2.06797838426994        2.73839101486626
H           -2.63994217500414       -2.93827736256091        0.12695301473847
H           -3.85765666375717        0.70126727944383        1.89626873517690
H           -1.62438679443903        0.11264441420573        3.49442540980036
H           -1.00137009366993        1.75163618137819        1.65165207240769
H           -2.79975525387213        2.87106280945468        2.79498777750861
H           -3.28870873550039        1.87020834977626       -0.36283620587403
H           -1.78366148883003        3.64355174156657       -0.25779117560355
H            0.61774939100164        0.65313139392352        1.71257931781288
H            3.10144134009475        1.14339057943474        0.51902635975548
H            2.66822366917779       -1.02670349605660        1.56019409354176
H            0.96198129489444       -2.67312117064404        1.37858412141151
48
 energy: -84.804716445501 gnorm: 0.000534301612 xtb: 6.7.1 (edcfbbe)
C            3.49536201718855       -2.98936597086156       -1.61646271921153
O            3.14284515458193       -2.38460488775689       -0.38545590554347
C            2.17851708621845       -1.39784325170799       -0.49366567887096
O            2.70559510240069       -0.27270907608215       -1.17549906216940
C            1.66725989380883        0.60193023841200       -1.59936923491643
C            2.33554129362192        1.88840997996733       -2.09931157097283
O            3.27036614339887        1.61945991373848       -3.10797885088870
C            0.63782277513284        0.84550927282620       -0.46810262086669
O           -0.46645378554869       -0.00526203950286       -0.73293356361655
C           -1.80989540565550        0.41866686236718       -0.76399213793782
O           -2.58854880749448       -0.57342593749109       -0.16523968295580
C           -2.37224255542774       -0.72229956807717        1.23760125391796
C           -3.21033556108303       -1.93146142432882        1.66589677531307
O           -2.73055616721733       -3.11275350955978        1.08899094725077
C           -2.77809729862679        0.55431260059872        1.98398244896016
O           -2.52247127410661        0.47382160944193        3.36473002699787
C           -2.06667969317055        1.77553977084740        1.37485033028062
O           -2.63390942640655        2.97938247335072        1.84466534629592
C           -2.21090648906688        1.77455166297664       -0.15045956351601
O           -1.52140434697829        2.84290221764227       -0.74397327689195
C            1.31704644157042        0.50597922613393        0.88391973359356
O            2.38636839953664        1.37574860475390        1.12400170594885
C            1.76753634478629       -0.96651615831207        0.92352453742092
O            0.73077722672693       -1.74328226234142        1.45817848458815
H            3.92304192631915       -2.25721869538419       -2.30506008920703
H            2.62042763974623       -3.45597807638996       -2.08234701642303
H            4.23628123121947       -3.74764950411406       -1.37598771416724
H            1.28831384500268       -1.76040050698131       -1.04423562225049
H            1.13259489638639        0.12613014234368       -2.43651847227154
H            2.81110091250538        2.41021746106225       -1.25678210989199
H            1.57794963471886        2.54153991124784       -2.53647208268632
H            3.84606401782213        0.91345484872906       -2.78875015020067
H            0.34219071049174        1.89576379844809       -0.47029672855365
H           -2.12813625053412        0.42501462364878       -1.81906006770635
H           -1.30986935879667       -0.94305324989931        1.41581497646147
H           -4.25520809319681       -1.75103045375973        1.37584734776851
H           -3.15443120777733       -2.05859495038393        2.74855023223840
H           -2.62811031416389       -2.94154650216333        0.14466763796558
H           -3.86074394796754        0.70596842930975        1.89201754038939
H           -1.63301230105279        0.12288019223335        3.50001444474499
H           -1.00157360089849        1.75109570359469        1.64903317793189
H           -2.79935508126450        2.87557544552190        2.79020151701936
H           -3.28991437358585        1.86814668699991       -0.36457801213882
H           -1.78317893466237        3.64152583440135       -0.26555620007884
H            0.61781175877299        0.65053556336433        1.71170892270083
H            3.10104681209071        1.13935822687333        0.51622598222506
H            2.66417323273448       -1.03201825521428        1.56151261310622
H            0.95899244397529       -2.67641041272798        1.37563659018299
48
 energy: -84.804721127047 gnorm: 0.000424082728 xtb: 6.7.1 (edcfbbe)
C            3.50114995822474       -2.98708212905948       -1.61651137400573
O            3.14704894639845       -2.38292499299378       -0.38576491818278
C            2.18095566737704       -1.39811803365657       -0.49463196958919
O            2.70664611076088       -0.27139528034659       -1.17507278915806
C            1.66644469458004        0.60075907482109       -1.59978350829308
C            2.33190503234207        1.88800785508261       -2.10142056045323
O            3.26624025223189        1.61998481637696       -3.11057860549899
C            0.63712378905461        0.84422410122775       -0.46832057825644
O           -0.46670519909990       -0.00712777158691       -0.73231116175604
C           -1.81041042117424        0.41655501028137       -0.76339030312503
O           -2.58867679628870       -0.57490716157205       -0.16318243521056
C           -2.37322622831669       -0.72101646457975        1.24005450577609
C           -3.21014536830510       -1.92999127295879        1.67078747443647
O           -2.72843268434264       -3.11236240339014        1.09813445221673
C           -2.78038664035875        0.55705542767265        1.98310177195087
O           -2.52870054359021        0.47924292382733        3.36467955359489
C           -2.06644988039733        1.77648194264183        1.37385388673666
O           -2.63074095637047        2.98194899200592        1.84317255016989
C           -2.21107941129969        1.77327331827287       -0.15146247206464
O           -1.52151142025660        2.84025318937972       -0.74676087056189
C            1.31693104063705        0.50396756240793        0.88340936680217
O            2.38657776811895        1.37306187171185        1.12383038869913
C            1.76639294443059       -0.96884985696365        0.92217330775233
O            0.72719233068147       -1.74553379767711        1.45207372641886
H            3.93022372512517       -2.25479487400942       -2.30406670432902
H            2.62664845329869       -3.45294434537260       -2.08397788271038
H            4.24129945712137       -3.74597973441902       -1.37546900810778
H            1.29234968402337       -1.76193530425481       -1.04699430909846
H            1.13237711422274        0.12259116054405       -2.43593277475525
H            2.80705843581042        2.41154894596694       -1.25980410497791
H            1.57274516985418        2.53911601984216       -2.53872769091184
H            3.84473759576448        0.91650653722563       -2.79093507237036
H            0.34138940596984        1.89445704434227       -0.47016685098456
H           -2.12880744679046        0.42128565746311       -1.81843266980041
H           -1.31078577776438       -0.94054029374473        1.41919130036199
H           -4.25491839973488       -1.75163809768698        1.37924310465519
H           -3.15536572472632       -2.05355488181145        2.75390300878760
H           -2.62030178669224       -2.94248312052933        0.15418251944561
H           -3.86265173568900        0.70919888918280        1.88782349547463
H           -1.63982099642952        0.12815602054299        3.50319753105992
H           -1.00141893995239        1.74955381358847        1.64792473715875
H           -2.79646437643512        2.87842823428876        2.78870500036075
H           -3.29010517788260        1.86689443408685       -0.36543606945190
H           -1.78266614592816        3.63986406415955       -0.26968818137527
H            0.61794479291276        0.64825725185139        1.71146177782876
H            3.10060698594750        1.13745151354533        0.51494740663611
H            2.66093323423437       -1.03624422293104        1.56277538208007
H            0.95684213484055       -2.67870502386278        1.37368105457181
