48
 energy: -84.790242031222 gnorm: 0.082483990062 xtb: 6.7.1 (edcfbbe)
C            5.67025912358208        0.93630818136488        0.11292050411215
O            4.48161228718286        1.06140647767597       -0.64588211953196
C            3.33068299262696        1.05176696828433        0.11104772246537
O            3.12725960187090       -0.24891845692301        0.62248341392416
C            1.96633787660343       -0.35038444151348        1.40367118100279
C            1.98365533197045       -1.70948722714030        2.12312679764477
O            1.28734696150858       -1.66777858945894        3.33699898830126
C            0.69213257709874       -0.17233451140580        0.54042766725048
O           -0.38116351657526       -0.24078746708466        1.47833313519639
C           -1.61745388569182       -0.88805190751523        1.30748210818712
O           -2.68333116156445        0.00921393257974        1.18879545434062
C           -2.93857258808581        0.59266631999942       -0.08849225974340
C           -4.14943349326290        1.50755995422672        0.14039684523821
O           -3.85201276897175        2.52343302274697        1.05202019539161
C           -3.20989569797919       -0.50491537152680       -1.12567557123785
O           -3.34003541978726       -0.01224283206912       -2.44003933678663
C           -2.02141535716926       -1.47044317468940       -1.15157342852282
O           -2.27611389455735       -2.58539841328604       -1.97325783942289
C           -1.74252144439105       -2.00887387507468        0.25530131585033
O           -0.61018091258365       -2.83345938259274        0.27894199796953
C            0.78486209509886        1.19801709657836       -0.16138045247811
O           -0.18637092201466        1.40790777892953       -1.16631359678671
C            2.16449751195947        1.44955261894653       -0.79878514264285
O            2.29421197712850        2.80728888502969       -1.11782994034771
H            5.68892794572859       -0.01223614148591        0.65467831528532
H            5.76302540000962        1.76458085854574        0.82397836913413
H            6.48622551611668        0.97290262966183       -0.60453188091624
H            3.39444015526272        1.77311115896400        0.95331885810682
H            1.95949173814149        0.44212761657209        2.17119207274672
H            3.01971460774647       -1.95731820036904        2.36263627949398
H            1.57390041090572       -2.48152655161398        1.45987092733625
H            0.40925220555737       -1.31350736680523        3.14974960632247
H            0.64404843766188       -0.98329862285100       -0.19074476554217
H           -1.79954560152408       -1.34473754144917        2.29370628675687
H           -2.08388111222458        1.19817880322119       -0.41138111180317
H           -4.98967681037984        0.89406784434738        0.50024541896181
H           -4.43742304550844        2.00748514030872       -0.78798970436385
H           -3.42819955851112        2.10842094242684        1.81411735858586
H           -4.11373393992668       -1.06507916944290       -0.83264709603482
H           -4.03039838655682        0.65767103309406       -2.46708942522106
H           -1.15021251297772       -0.92326201492611       -1.53736217508019
H           -2.64877877144925       -2.25380933480804       -2.79927751268723
H           -2.63499697297966       -2.58951417331337        0.54530375358077
H           -0.73607716309826       -3.50535139023441       -0.40442974860683
H            0.58767198733824        1.97276675682532        0.58882805719318
H            0.02440111539706        0.86242086130291       -1.93579667866154
H            2.25541134281943        0.82757235732109       -1.70770663535694
H            1.47205369709464        3.09628771769512       -1.53790472411673
48
 energy: -84.795670106785 gnorm: 0.011315910635 xtb: 6.7.1 (edcfbbe)
C            5.66965006899270        0.93293249456083        0.11341469255615
O            4.48053136822585        1.05663593599346       -0.64473632760973
C            3.32889976399554        1.04538516184579        0.11140051665684
O            3.12029658394852       -0.25965403913110        0.61438628910605
C            1.95954987011136       -0.36913553407319        1.39638605433196
C            1.97630155706937       -1.72412548188602        2.11845229243835
O            1.28460893337970       -1.67423836866803        3.33471908971714
C            0.68853522581383       -0.13448955769520        0.54267647413630
O           -0.40415332650775       -0.19599526677123        1.45654607445240
C           -1.61708814371432       -0.89507735343413        1.32516488261093
O           -2.69119613406610       -0.00795469718367        1.18244957410611
C           -2.93952461837762        0.58523922078766       -0.09084555678299
C           -4.14862010787510        1.50327226089549        0.13912050974614
O           -3.85070409063503        2.51899429334486        1.05102888514695
C           -3.20973033780094       -0.51046729485430       -1.12753814888380
O           -3.33716804205290       -0.01628152062552       -2.44153784022915
C           -2.01953027885640       -1.47407845943993       -1.14435296037784
O           -2.27217442561356       -2.58819720515633       -1.96791024049794
C           -1.73769710030480       -2.01205187135610        0.26496137512986
O           -0.60352331270854       -2.83368097910085        0.28290400543324
C            0.78697743101165        1.22433605262664       -0.16571336930202
O           -0.18413189791366        1.42554252612585       -1.17237048653476
C            2.16878959309773        1.45595716550298       -0.80114312086381
O            2.30509757766703        2.81226652621308       -1.12166750263264
H            5.68938854002246       -0.01545757666012        0.65520605666290
H            5.76225595511208        1.76163745997740        0.82404053670305
H            6.48519188629613        0.97040356605831       -0.60456651707556
H            3.39397027730534        1.76378283977418        0.95628301448051
H            1.96314319471964        0.42000141918988        2.16883810964797
H            3.01344707116614       -1.96982720884310        2.35639083905834
H            1.56368689167077       -2.49585308675680        1.45780469009873
H            0.40795837277913       -1.31541679809832        3.14958843285653
H            0.63665523406331       -0.94713669096990       -0.18835601713073
H           -1.78880800118316       -1.33880512792426        2.31767428641672
H           -2.08334308486941        1.19160459021517       -0.40899291493110
H           -4.99043344936680        0.89168680364926        0.49839396328831
H           -4.43575237159750        2.00482161221997       -0.78871226477342
H           -3.42829459080198        2.10420054524608        1.81394911962177
H           -4.11457232100299       -1.06935664454275       -0.83560213666302
H           -4.02698745872996        0.65440395893205       -2.46877190596659
H           -1.14962318891137       -0.92506788000204       -1.53100908371703
H           -2.64496707313322       -2.25582902939986       -2.79380688493203
H           -2.62862955622655       -2.59614068110382        0.55266050302333
H           -0.73052777868523       -3.50373363310975       -0.40222595454276
H            0.59100931818603        2.00046526762822        0.58241711187717
H            0.02400110432026        0.86930752615329       -1.93511769215840
H            2.25483837055091        0.83152267415156       -1.70894486577703
H            1.48239446005605        3.10365088560742       -1.53945410290318
48
 energy: -84.796266309569 gnorm: 0.004450831478 xtb: 6.7.1 (edcfbbe)
C            5.66934326375403        0.92613005588882        0.11345253241120
O            4.48087240735165        1.05062213796623       -0.64550107459879
C            3.32825696485499        1.04213022100939        0.10895877294798
O            3.10928989500286       -0.26477683376501        0.60230626846984
C            1.95083206157610       -0.36710874129833        1.38984861780412
C            1.95748658396582       -1.72847354712628        2.09950407059849
O            1.27347974050123       -1.67947615011922        3.32058903551423
C            0.67789356192984       -0.12165722961768        0.53784257581142
O           -0.41039385356867       -0.17683451004249        1.45718295287873
C           -1.61597274551695       -0.89046332623366        1.33323024200946
O           -2.70106312126472       -0.01559748460304        1.18310524121778
C           -2.94036393038949        0.57972670949825       -0.08951877267683
C           -4.14874931086697        1.49895495412739        0.13771507339291
O           -3.85016346498151        2.51417695679236        1.04989531862386
C           -3.20649174144473       -0.51606425032359       -1.12630401596401
O           -3.32902657164452       -0.02617530962315       -2.44247023634141
C           -2.01402804894461       -1.47710166348328       -1.13477088165232
O           -2.26187937489030       -2.59499130671389       -1.95490441482289
C           -1.73110511408035       -2.01258158488306        0.27640557157674
O           -0.59433612864853       -2.83109504788586        0.29202525792127
C            0.79040389005547        1.23995074604424       -0.16191089476622
O           -0.18124743990225        1.44603308017802       -1.16635851392984
C            2.17123748890999        1.46421709947731       -0.80199738673242
O            2.32169258765691        2.81906066046111       -1.12412163603109
H            5.68858818632587       -0.02205207601633        0.65558353221563
H            5.76209271168318        1.75514862560496        0.82374747822497
H            6.48516932149605        0.96328662900955       -0.60421755212739
H            3.39670692778559        1.75326809392556        0.95963503352804
H            1.97046986009797        0.41402812323260        2.17284719304489
H            2.99436609075638       -1.98049916994464        2.33267883443565
H            1.53890430071706       -2.49866993461337        1.44056099121807
H            0.39865196541288       -1.31220892025408        3.14489897678735
H            0.61408345378020       -0.92816062008336       -0.20145456901807
H           -1.78262859201536       -1.33336348674756        2.32530247519429
H           -2.08146110091892        1.18509798975567       -0.40244411398691
H           -4.99186550521691        0.88847671110753        0.49577463139121
H           -4.43284359520163        2.00054021658027       -0.79102898052734
H           -3.42888690316468        2.09874144786388        1.81309581722127
H           -4.11181168030600       -1.07556601472678       -0.83699351117520
H           -4.01826345088263        0.64502051283915       -2.47320987785635
H           -1.14444655225683       -0.92743044503725       -1.52152808736229
H           -2.63510973816670       -2.26551500872707       -2.78185189679519
H           -2.62057272179684       -2.59885484106471        0.56508141039891
H           -0.72024769752024       -3.50073209417319       -0.39384130633532
H            0.60160937814638        2.02060456765420        0.58367302161929
H            0.01984191238334        0.88424109446648       -1.92714594085548
H            2.25109366199025        0.83858587808254       -1.70960265905502
H            1.50059012608192        3.11740588724905       -1.54028311782242
48
 energy: -84.796627293063 gnorm: 0.005156263246 xtb: 6.7.1 (edcfbbe)
C            5.66875218256955        0.91544855908001        0.11280342379373
O            4.48166538201317        1.04233327119257       -0.64784309648487
C            3.32778313324367        1.03620006309401        0.10423867561292
O            3.09733217282879       -0.27321711337019        0.58460952064444
C            1.94204144677396       -0.36651273021693        1.37859532195774
C            1.93501173673040       -1.73441656772544        2.07598102679328
O            1.25855077267893       -1.68782476296819        3.30231354322223
C            0.66507883816925       -0.10544573444768        0.53490392960017
O           -0.41323507914089       -0.15791375823376        1.46691697082354
C           -1.61332419503547       -0.88008367518743        1.34071336109242
O           -2.71249826262590       -0.02183681140608        1.18606499346122
C           -2.94082422406780        0.57365442986518       -0.08701737861016
C           -4.14893391640431        1.49429211477786        0.13370127902644
O           -3.85131957347485        2.50867010474407        1.04696976191124
C           -3.19988167645617       -0.52404519773777       -1.12381804282891
O           -3.31584613154862       -0.04060750081815       -2.44311581751926
C           -2.00503240021304       -1.48208515674353       -1.12403292564201
O           -2.24598287889174       -2.60681371797677       -1.93729061969803
C           -1.72063490379420       -2.00978965163311        0.29022064229664
O           -0.58174773833943       -2.82537188775073        0.30672327712959
C            0.79037597085709        1.26070621583887       -0.15694105033754
O           -0.18357731105507        1.48071637766602       -1.15689226612224
C            2.17216744104062        1.47285364426286       -0.80184037294850
O            2.34004541156496        2.82607028238704       -1.12351969467809
H            5.68631520475796       -0.03290333026558        0.65484029459452
H            5.76183195054689        1.74416092763974        0.82346877066906
H            6.48558356105877        0.95164809708327       -0.60374720750536
H            3.40067077564014        1.73726469966722        0.96285705949998
H            1.97583217506213        0.40674977276009        2.16936556365879
H            2.97016324131824       -2.00170882989499        2.30161055463680
H            1.50311334731686       -2.49531967498858        1.41495923693216
H            0.38771334153164       -1.30602323962459        3.13800202388030
H            0.58795921033492       -0.90267937670314       -0.21315243036803
H           -1.77695563810195       -1.32329968284222        2.33216739872958
H           -2.07840195305109        1.17761122551554       -0.39316477551594
H           -4.99345900482794        0.88452211287377        0.48945315520088
H           -4.42905474929256        1.99544773175660       -0.79643252640251
H           -3.43185980117190        2.09209791557062        1.81065207635960
H           -4.10539289787641       -1.08497629735593       -0.83781698927484
H           -4.00438228487577        0.63102725458761       -2.47933966158639
H           -1.13650428154282       -0.93158625835207       -1.51222714754280
H           -2.61999458545799       -2.28350826929732       -2.76631329897319
H           -2.60795797867569       -2.59755147951445        0.58250898303147
H           -0.70563540354926       -3.49570457389628       -0.37893619718897
H            0.61375303771310        2.04398357741025        0.58913607069324
H            0.00531610614448        0.91329374802252       -1.91686887818316
H            2.24275788843919        0.84768991058394       -1.71060524203023
H            1.52262049984222        3.13478204744442       -1.53937980805696
48
 energy: -84.796771295325 gnorm: 0.003801973701 xtb: 6.7.1 (edcfbbe)
C            5.66718542469425        0.90602377282778        0.11075540489368
O            4.48139332155897        1.03654581966559       -0.65130805511343
C            3.32732656049981        1.03134455976030        0.10000799075537
O            3.09075791996478       -0.27930289163262        0.57292902747630
C            1.93836441136170       -0.36616538222685        1.37110131911855
C            1.92103908993001       -1.73845170745377        2.06043663511115
O            1.25036129117363       -1.69361602847870        3.29046559577962
C            0.65938691589425       -0.09657312667429        0.53407537626238
O           -0.41352037546614       -0.14886800912352        1.47286436093578
C           -1.61197853639015       -0.87211799023462        1.34514203566706
O           -2.71755125261121       -0.02279584585034        1.18912266241537
C           -2.94039024655924        0.57026427755634       -0.08568455499170
C           -4.14935231869460        1.49121346198752        0.12822245998965
O           -3.85476871027826        2.50517874988028        1.04284859986081
C           -3.19393707588203       -0.53003427685556       -1.12214423284047
O           -3.30524121018362       -0.05005657027159       -2.44319096204451
C           -1.99787751866718       -1.48627891012390       -1.11749413333202
O           -2.23452039084169       -2.61643319498705       -1.92444811004752
C           -1.71366954269140       -2.00637704539849        0.29928988268850
O           -0.57400815452512       -2.82039537288827        0.31948716720753
C            0.79002913121004        1.27439630931880       -0.15123096657881
O           -0.18716406568930        1.50932361049434       -1.14557169878283
C            2.17173125202153        1.47819956323164       -0.80140644399633
O            2.34979656216904        2.83077444290108       -1.12003372798923
H            5.68215270370672       -0.04296178818777        0.65202089574966
H            5.76127257783302        1.73368310092888        0.82254370895189
H            6.48517603611606        0.94084230327773       -0.60451539961123
H            3.40354558194612        1.72605268384931        0.96338509914461
H            1.97858891570009        0.40376884691690        2.16334705859977
H            2.95398034904207       -2.01985864816091        2.27895269058071
H            1.47655888277821       -2.48902446006229        1.39606803066062
H            0.38333300492373       -1.30008938927139        3.13355317002083
H            0.57467686765549       -0.88739985909743       -0.21804067097778
H           -1.77453783489840       -1.31335910268725        2.33825212752461
H           -2.07620687702166        1.17371588908943       -0.38774901352744
H           -4.99509778472841        0.88144524673177        0.48111878645540
H           -4.42602244502330        1.99190543156237       -0.80308287588601
H           -3.43755647538883        2.08793629792431        1.80752414004638
H           -4.09942860610774       -1.09200427321959       -0.83819567862989
H           -3.99351562073247        0.62151774006482       -2.48365778991152
H           -1.13037384772064       -0.93579459603899       -1.50845459628088
H           -2.60790643752318       -2.29918959914015       -2.75598901769559
H           -2.59969117368968       -2.59410744316183        0.59485597993201
H           -0.69539439781499       -3.49179486301665       -0.36558961422322
H            0.62342176206557        2.05584335143799        0.59910155460875
H           -0.01009021318299        0.94083789783893       -1.90754615819313
H            2.23385255924720        0.85484172676588       -1.71207138235567
H            1.53586794966642        3.14739409788182       -1.53658518820500
48
 energy: -84.796850371491 gnorm: 0.001981009174 xtb: 6.7.1 (edcfbbe)
C            5.66540140010551        0.89741089690115        0.10715263347379
O            4.48061356357811        1.03306639369809       -0.65562506905575
C            3.32715757845415        1.02831094965247        0.09633106351143
O            3.08784172313159       -0.28266196549834        0.56605778688985
C            1.93791085457598       -0.36607792964789        1.36688891219761
C            1.91487256931295       -1.74053448379547        2.05220857239924
O            1.24924990174270       -1.69608928221362        3.28503506737681
C            0.65833779100199       -0.09235609918141        0.53417451706837
O           -0.41284233528518       -0.14586769423804        1.47504578224681
C           -1.61178923091218       -0.86687881083562        1.34703927440910
O           -2.71807733091759       -0.02026254910791        1.19109308012519
C           -2.93967236248016        0.56908425511676       -0.08600940582430
C           -4.15040870596298        1.48899667418617        0.12197259630841
O           -3.86058832403715        2.50314651294514        1.03793500371819
C           -3.18931178764539       -0.53380336269344       -1.12165628875501
O           -3.29713743371871       -0.05488217645519       -2.44333448258618
C           -1.99317187900921       -1.48963638701193       -1.11356238585886
O           -2.22794661857085       -2.62352523030839       -1.91545717858416
C           -1.71107496179797       -2.00413202488268        0.30502531850210
O           -0.57166085995221       -2.81791221215139        0.33009530978253
C            0.79049446278986        1.28278606191761       -0.14490838811191
O           -0.19080559519975        1.53099482682583       -1.13240871218624
C            2.17072504424156        1.48204036759562       -0.80066357362962
O            2.35390431017885        2.83451214664283       -1.11523880984454
H            5.67669823054371       -0.05255796636888        0.64700682044521
H            5.76129314205527        1.72346499118480        0.82057615004287
H            6.48441153421409        0.93053066983368       -0.60699705112932
H            3.40601079460529        1.71989356621014        0.96183097951038
H            1.98119737456441        0.40260188992106        2.15868660689524
H            2.94590127789120       -2.03222834556924        2.26422613522537
H            1.46058046881488       -2.48299600201259        1.38580447186449
H            0.38491106114669       -1.29557363151134        3.13230994161248
H            0.57051997771484       -0.87894852157911       -0.22009421113561
H           -1.77438600907822       -1.30553406436089        2.34226522164485
H           -2.07529291260689        1.17300147399520       -0.38631598357018
H           -4.99727152972691        0.87860482144265        0.47134183809873
H           -4.42357430370186        1.98924965798086       -0.81049905255818
H           -3.44561779194093        2.08599835972181        1.80395461329004
H           -4.09497894181497       -1.09613095161452       -0.83919643174057
H           -3.98568568227460        0.61611814661268       -2.48696184017869
H           -1.12584955328423       -0.94026439636529       -1.50703207713081
H           -2.59869293481214       -2.31140154653028       -2.74997536451088
H           -2.59714165043966       -2.59097593700018        0.60170256396046
H           -0.69045367648087       -3.49025904393656       -0.35447260420876
H            0.63201620576946        2.05962746880613        0.61177713619477
H           -0.02467478423030        0.96443690757160       -1.89810771110187
H            2.22553709887813        0.86102892848525       -1.71331768150983
H            1.54251878961064        3.15658345764169       -1.53222160313757
48
 energy: -84.796922292853 gnorm: 0.002716442536 xtb: 6.7.1 (edcfbbe)
C            5.66308286310264        0.88356210034351        0.09882347201340
O            4.47910189784066        1.02965306628329       -0.66348526239561
C            3.32755845132101        1.02595035495259        0.09124486998371
O            3.08640946072360       -0.28499661960058        0.55936666866377
C            1.93983810770095       -0.36616035466450        1.36375808435204
C            1.91323567586791       -1.74201682866854        2.04660338006633
O            1.25612306684655       -1.69568201636821        3.28374574380515
C            0.65982860439709       -0.08886719962946        0.53550491293414
O           -0.41184124864430       -0.14473190482133        1.47568199302331
C           -1.61280752897899       -0.86132859294736        1.34814546214067
O           -2.71615430727380       -0.01362500606073        1.19249079181193
C           -2.93914731777412        0.56920209146339       -0.08854136864449
C           -4.15374123795650        1.48575206657962        0.11125736938988
O           -3.87360280438602        2.50089679429113        1.02923509451436
C           -3.18376723298445       -0.53710241322116       -1.12270569701844
O           -3.28629425623987       -0.05800140697374       -2.44461361324680
C           -1.98873156435959       -1.49401072111361       -1.10983431324941
O           -2.22319642534745       -2.63192979946750       -1.90551737419692
C           -1.71156540602098       -2.00202276146524        0.31110457964876
O           -0.57356742335189       -2.81698440402482        0.34446964565569
C            0.79250457794666        1.29172200727646       -0.13375821740888
O           -0.19575572874530        1.55791411264989       -1.10933311711141
C            2.16885264363562        1.48752791810440       -0.79879726711262
O            2.35614963895502        2.84029195438643       -1.10689323470796
H            5.66737439366572       -0.06839189768949        0.63546567990262
H            5.76361055689867        1.70637430948501        0.81540138003395
H            6.48294754724663        0.91358918881159       -0.61438796531721
H            3.41085749418256        1.71554165102161        0.95791081257146
H            1.98682095668117        0.40175831374018        2.15507095739488
H            2.94255104236978       -2.04354721677673        2.24907350610418
H            1.44739360798934       -2.47688676681553        1.38064008783960
H            0.39362749427253       -1.29069921832471        3.13527628212748
H            0.57095530425509       -0.87089741929269       -0.22198866959640
H           -1.77593426987121       -1.29646988591344        2.34598237410356
H           -2.07614177801121        1.17522350554779       -0.38828633745642
H           -5.00203593718948        0.87345693021870        0.45415870024890
H           -4.42110392111493        1.98531931162974       -0.82323299997309
H           -3.46146223760296        2.08509371046667        1.79751387912810
H           -4.09032663184135       -1.09915385401403       -0.84289628595053
H           -3.97626746263103        0.61117973011375       -2.49246703134534
H           -1.12021516109523       -0.94769956562246       -1.50564448874564
H           -2.58718509497682       -2.32624787549324       -2.74522452387472
H           -2.59933731637338       -2.58651939504506        0.60718870743876
H           -0.68890878181196       -3.49103584618995       -0.33895825080875
H            0.64558328076335        2.06018784238926        0.63358314770872
H           -0.04581282788832        0.99578455108073       -1.88152531899529
H            2.21364686147650        0.87044446447333       -1.71447437787944
H            1.54684833377716        3.16858180848474       -1.52265037531413
48
 energy: -84.796956909800 gnorm: 0.002168802412 xtb: 6.7.1 (edcfbbe)
C            5.66291374483341        0.87643698684525        0.09308480769056
O            4.47840227680226        1.02851081020214       -0.66735491472401
C            3.32828877669127        1.02603478322042        0.08965253045665
O            3.08650456219211       -0.28490445279943        0.55766315047804
C            1.94113528848959       -0.36607052684990        1.36394531948141
C            1.91535506045687       -1.74191572779195        2.04692644638195
O            1.26259803901267       -1.69383709976496        3.28627179127734
C            0.66051999645300       -0.08743456810404        0.53692875540413
O           -0.41204670230885       -0.14367839086102        1.47595095488395
C           -1.61369851923685       -0.85958270982082        1.34829945809930
O           -2.71578273962464       -0.01048895055552        1.19194981223149
C           -2.93978905914667        0.56978492526096       -0.09053978361736
C           -4.15666228658019        1.48392275709376        0.10624446973567
O           -3.88169109720753        2.49985905783766        1.02486870857293
C           -3.18213002832802       -0.53739044341231       -1.12424260192725
O           -3.28172864699465       -0.05803089061803       -2.44629119701895
C           -1.98789674209354       -1.49533629752627       -1.10906257890789
O           -2.22324109103117       -2.63426887043960       -1.90293492765061
C           -1.71305700733259       -2.00150346346613        0.31288552382062
O           -0.57594643072274       -2.81749716801507        0.34962692140146
C            0.79388611137948        1.29476868128721       -0.12828805351516
O           -0.19699150027500        1.56673503499431       -1.09882305856160
C            2.16820637953331        1.49030482223223       -0.79713740776085
O            2.35637773233865        2.84338889915160       -1.10291141552014
H            5.66399511921570       -0.07665498424351        0.62760540474813
H            5.76712947028910        1.69734345811198        0.81135444704799
H            6.48210925552699        0.90499129685999       -0.62089454483852
H            3.41445464998028        1.71534369516533        0.95645101792470
H            1.99029702730431        0.40149327151768        2.15595315706609
H            2.94503157102216       -2.04425605123433        2.24575501914323
H            1.44644779907536       -2.47673616123914        1.38328921452745
H            0.39920950040311       -1.29011710308417        3.13956064483886
H            0.57203328297199       -0.86821763022255       -0.22251051400316
H           -1.77698454906515       -1.29396123940950        2.34636939842656
H           -2.07797761411135        1.17747109261394       -0.39046738312240
H           -5.00512133187366        0.87020765606177        0.44616386915901
H           -4.42167016861181        1.98301907274882       -0.82924147772607
H           -3.46983312354174        2.08541850054684        1.79396866197074
H           -4.08950173524186       -1.09909136680227       -0.84635989214994
H           -3.97318748218271        0.60952393031953       -2.49606183026674
H           -1.11820218859768       -0.95077450132367       -1.50477914295675
H           -2.58342540056991       -2.33020604313451       -2.74482211242865
H           -2.60212493195480       -2.58455139525183        0.60833043051460
H           -0.69073851919962       -3.49286973133286       -0.33257985559396
H            0.65154523434306        2.06042957667736        0.64261075378683
H           -0.05303710926482        1.00582758694093       -1.87294851842821
H            2.20959388148379        0.87497107540396       -1.71404577655260
H            1.54642920499502        3.17358761154112       -1.51593218867578
48
 energy: -84.797007301673 gnorm: 0.001222070573 xtb: 6.7.1 (edcfbbe)
C            5.66352669922059        0.86237506983813        0.08062220507563
O            4.47701148331697        1.02610925696102       -0.67455055316236
C            3.33010048140133        1.02662185248847        0.08754498297556
O            3.08686842688874       -0.28415787599717        0.55567943820868
C            1.94346705806906       -0.36540826800970        1.36556729968097
C            1.92055823311179       -1.74078744048252        2.04951101000716
O            1.27540808037168       -1.68987501601039        3.29271479987118
C            0.66153563900160       -0.08481500314805        0.54038348347090
O           -0.41265859031767       -0.14097434926023        1.47717916008196
C           -1.61532685202322       -0.85631214263223        1.34843507691993
O           -2.71585658346509       -0.00489206444357        1.19006581730955
C           -2.94162881910928        0.57116959865505       -0.09456555123200
C           -4.16329149845901        1.48006529600186        0.09718476672444
O           -3.89829074618536        2.49763462958981        1.01678484822567
C           -3.17933205563909       -0.53709127024403       -1.12785738604974
O           -3.27283695127753       -0.05725245114250       -2.45032882548944
C           -1.98668302124960       -1.49708999847436       -1.10833182092324
O           -2.22421215530932       -2.63748448423985       -1.89937813052793
C           -1.71573475592637       -2.00017150201072        0.31549134491499
O           -0.58038447574622       -2.81827685595485        0.35783027675216
C            0.79645557949311        1.29981116443126       -0.11833320408532
O           -0.19853574269857        1.58084702605995       -1.08065490076494
C            2.16742277292624        1.49538764896553       -0.79327434693531
O            2.35624371174923        2.84930947651052       -1.09514915689148
H            5.65939397430432       -0.09300903788099        0.61074853097001
H            5.77610542763403        1.67939896768096        0.80214425625290
H            6.48021721848279        0.88835470182395       -0.63625806161225
H            3.42237551985377        1.71542614201928        0.95441874225381
H            1.99630460775564        0.40173440100093        2.15853802841128
H            2.95163008861819       -2.04241922828183        2.24266501459653
H            1.44775285203200       -2.47733075415380        1.39065624479284
H            0.40904426886677       -1.29108711031928        3.14924332907640
H            0.57392716698719       -0.86376314679472       -0.22223446462854
H           -1.77927716400916       -1.28945675686549        2.34652887590317
H           -2.08237287007589        1.18252499941376       -0.39467386153841
H           -5.01132372994839        0.86300256122008        0.43199179026677
H           -4.42486211402837        1.97796085559533       -0.84008069478752
H           -3.48579437040662        2.08622424202680        1.78705772551316
H           -4.08842654627186       -1.09819532306989       -0.85432826092803
H           -3.96804701077817        0.60622960295521       -2.50400782941783
H           -1.11474848291572       -0.95581556179678       -1.50361501721526
H           -2.57756874126643       -2.33530541926940       -2.74480313167163
H           -2.60722744664321       -2.58026359564783        0.61018740222904
H           -0.69543514258736       -3.49693659257581       -0.32107144838560
H            0.66174857248072        2.06131564282450        0.65799045608018
H           -0.06447508057579        1.02077642143022       -1.85705340376353
H            2.20368333142002        0.88342998671914       -1.71250886224083
H            1.54354771314581        3.18246052324743       -1.50062449951173
48
 energy: -84.797046466475 gnorm: 0.001697881242 xtb: 6.7.1 (edcfbbe)
C            5.66504598676768        0.84127713807905        0.06142467255759
O            4.47464997300487        1.02094109751460       -0.68442953111857
C            3.33274825137728        1.02669566043967        0.08545803724956
O            3.08613806982417       -0.28366307913457        0.55341457861257
C            1.94539055649696       -0.36335785251730        1.36835741103674
C            1.92563084564308       -1.73829895297477        2.05313184448253
O            1.28925677217915       -1.68525230655902        3.30079371380525
C            0.66159963402124       -0.08003509075999        0.54585394040065
O           -0.41397666728375       -0.13535926810758        1.48057424983658
C           -1.61720446971190       -0.85066715329802        1.34919049410418
O           -2.71761563453134        0.00162819664851        1.18716921297747
C           -2.94447850981754        0.57283872383654       -0.09963293556990
C           -4.17321626652194        1.47391347903579        0.08549441910570
O           -3.92164593352170        2.49381997097603        1.00605502102359
C           -3.17461939598052       -0.53670276582755       -1.13302649290945
O           -3.25905951464911       -0.05662211288862       -2.45637795677818
C           -1.98357699919567       -1.49868015697480       -1.10699041614042
O           -2.22312308103437       -2.64138754716340       -1.89412321140052
C           -1.71723536281310       -1.99723635093085        0.31943066380119
O           -0.58376409387269       -2.81748031773457        0.36854541510285
C            0.79939223261944        1.30760197008720       -0.10535080487961
O           -0.20010706668798        1.60001229226658       -1.05852963819835
C            2.16684053507253        1.50254311230119       -0.78717232806331
O            2.35684890526269        2.85772351171378       -1.08399301161291
H            5.65527418912408       -0.11737327707786        0.58530072703832
H            5.79049364007253        1.65267427160943        0.78732650242647
H            6.47680652921822        0.86411416045512       -0.66118056213015
H            3.43458975427829        1.71402034190308        0.95268441791947
H            2.00317563112152        0.40341815549895        2.16178064840227
H            2.95847941535071       -2.03908365062658        2.24001944346567
H            1.44869294721252       -2.47671567046894        1.39918827371218
H            0.41851857707565       -1.29378552820108        3.16202378022756
H            0.57383631690201       -0.85629548546851       -0.22032481235876
H           -1.78284654543437       -1.28183527822590        2.34740235363494
H           -2.08862360261966        1.18954301257084       -0.39891474225828
H           -5.01960712157412        0.85145095806260        0.41448467703512
H           -4.43169900865101        1.96953191990134       -0.85401934553439
H           -3.50739797000338        2.08675880657096        1.77763375276313
H           -4.08591618888283       -1.09748777641343       -0.86614794872454
H           -3.96023127529689        0.60023942353170       -2.51629212226947
H           -1.10918481795464       -0.96127592040061       -1.50208323958194
H           -2.56866635481959       -2.34135065517505       -2.74357592293347
H           -2.61131419163352       -2.57386845212602        0.61366362724637
H           -0.69991894395333       -3.50130284943323       -0.30502553585848
H            0.67385936917914        2.06457227807861        0.67706612551301
H           -0.07830028625813        1.03927358519756       -1.83650024243361
H            2.19673395225083        0.89522738400725       -1.70966231969015
H            1.53932517964387        3.19529687219637       -1.47663338569431
48
 energy: -84.797070851206 gnorm: 0.001307665423 xtb: 6.7.1 (edcfbbe)
C            5.66584942418827        0.83040372321475        0.05078399073465
O            4.47274486479860        1.01674414410360       -0.68886270463396
C            3.33382444732081        1.02600513060953        0.08543468163609
O            3.08456829171154       -0.28379984561107        0.55344306839860
C            1.94493342261899       -0.36121446497254        1.37032470926030
C            1.92534362563396       -1.73619138581457        2.05500111473356
O            1.28983663217577       -1.68425441673389        3.30298203955851
C            0.66062214603721       -0.07699734706338        0.54895848452053
O           -0.41506054831515       -0.13165673926845        1.48346828325129
C           -1.61773718323670       -0.84725939584170        1.35007825786006
O           -2.71951308858231        0.00338005554175        1.18586477763556
C           -2.94574143023611        0.57334508335604       -0.10124843308427
C           -4.17780186117975        1.47051285957242        0.08145170310866
O           -3.93130624477524        2.49174631049648        1.00163244388673
C           -3.17159238222346       -0.53671545136094       -1.13520231989305
O           -3.25194708391532       -0.05686998800219       -2.45902859013192
C           -1.98053865799691       -1.49845952676224       -1.10597875133507
O           -2.21941117588891       -2.64246037789008       -1.89154832761196
C           -1.71576369432211       -1.99494565792349        0.32145664631749
O           -0.58239892458713       -2.81508758518885        0.37274971141062
C            0.79986961622593        1.31149864913472       -0.10054723755457
O           -0.20014104584359        1.60711767810028       -1.05229240449239
C            2.16682649157455        1.50583317518074       -0.78359213911902
O            2.35769544236019        2.86157910977963       -1.07817320029312
H            5.65522402061870       -0.12977299678211        0.57174925307937
H            5.79806409727608        1.63897607115410        0.77843267174814
H            6.47397808493761        0.85243543565701       -0.67595721781748
H            3.44106769322073        1.71219071374389        0.95274305238477
H            2.00447194677963        0.40576450803606        2.16298520531104
H            2.95833115954852       -2.03690666520428        2.24140144336920
H            1.44849447558032       -2.47437024898987        1.40079902034160
H            0.41756424569105       -1.29595035701659        3.16551060627370
H            0.57183843904948       -0.85205948642620       -0.21779809668494
H           -1.78508147593423       -1.27730160221125        2.34855944846803
H           -2.09128715123706        1.19255665580286       -0.39929928303322
H           -5.02228829298730        0.84508273224837        0.40969944627759
H           -4.43689922427146        1.96433545626662       -0.85880674540003
H           -3.51594980299787        2.08677695690505        1.77373888658571
H           -4.08343150948079       -1.09793360871139       -0.87138832306186
H           -3.95601145410384        0.59647714827030       -2.52234217298255
H           -1.10579080323017       -0.96183425772594       -1.50125992387780
H           -2.56340741690978       -2.34324800513343       -2.74185955985053
H           -2.61009218652559       -2.57114179400070        0.61548353375914
H           -0.69908992104212       -3.50124443070128       -0.29830629838891
H            0.67609938325885        2.06738575265428        0.68306695985498
H           -0.08127945108844        1.04542726908377       -1.82980808479977
H            2.19466737306978        0.90065080970908       -1.70753907237210
H            1.53764464861946        3.20144903349875       -1.46347905468933
48
 energy: -84.797100164884 gnorm: 0.000698420418 xtb: 6.7.1 (edcfbbe)
C            5.66649249694974        0.81856500786373        0.03763613781250
O            4.46947091498605        1.01117506697808       -0.69354212221909
C            3.33461742433773        1.02507456186258        0.08666415450927
O            3.08237317869459       -0.28368574550922        0.55576486249143
C            1.94356487254053       -0.35792536004772        1.37381954859273
C            1.92311002275233       -1.73304473013397        2.05837565083274
O            1.28338181676623       -1.68388856838230        3.30402400608247
C            0.65938631085523       -0.07382165994895        0.55277582680489
O           -0.41668503009027       -0.12786009860809        1.48703609097330
C           -1.61817146876725       -0.84387160216694        1.35137818621036
O           -2.72161020223070        0.00424366551651        1.18466582440960
C           -2.94669687703504        0.57375370147477       -0.10237735982317
C           -4.18198496652689        1.46681294895874        0.07905373814738
O           -3.93883751749263        2.49043835743171        0.99721383775366
C           -3.16807442487488       -0.53676373585239       -1.13717320101998
O           -3.24501936314732       -0.05733317867246       -2.46133923241842
C           -1.97614932803127       -1.49707697333553       -1.10481774781589
O           -2.21253257918094       -2.64226469242002       -1.88963894106526
C           -1.71280377619240       -1.99227092381446        0.32328562846027
O           -0.57864888653758       -2.81120250260751        0.37611900650850
C            0.79904780378730        1.31473152245571       -0.09710491939357
O           -0.19987364770840        1.61013900639113       -1.05066183600324
C            2.16665163214311        1.50909851108035       -0.77885857098655
O            2.35839493317217        2.86553162049394       -1.07044865455366
H            5.65685150584782       -0.14349330935790        0.55529572289614
H            5.80660891994313        1.62395604907116        0.76714733649949
H            6.46955883968660        0.84061437908270       -0.69481031723766
H            3.44860782045116        1.71043236287486        0.95346493056829
H            2.00409007387320        0.40974211458109        2.16515728591892
H            2.95567669976079       -2.03282112531653        2.24812657375086
H            1.44970033355480       -2.47053861528300        1.40093004570629
H            0.41016064094058       -1.29868508110282        3.16505941501976
H            0.56977855195500       -0.84841391875838       -0.21348050174091
H           -1.78806972099881       -1.27298217775171        2.35012786320067
H           -2.09357343441851        1.19541246513323       -0.39900913914011
H           -5.02337696607658        0.83819695364150        0.40932327995376
H           -4.44424149607060        1.95755720451649       -0.86186775983369
H           -3.52258737692641        2.08810570334637        1.77027100190186
H           -4.07993013758647       -1.09894601315613       -0.87583770552518
H           -3.95178968021902        0.59252256487885       -2.52821845254251
H           -1.10160173114187       -0.96002072904455       -1.49990362951618
H           -2.55685229870395       -2.34368368115964       -2.74003253416143
H           -2.60666444414517       -2.56937665811251        0.61645568087524
H           -0.69506319871706       -3.49901735983358       -0.29318049593942
H            0.67370924538803        2.07065486886956        0.68619616936904
H           -0.08003665578913        1.04770284120326       -1.82733975924419
H            2.19377623693183        0.90645918122836       -1.70454090727625
H            1.53586289509682        3.20806661128791       -1.44770251773275
48
 energy: -84.797122652150 gnorm: 0.000848759805 xtb: 6.7.1 (edcfbbe)
C            5.66675477062184        0.80526525026626        0.02254241441802
O            4.46540594921557        1.00516137610871       -0.69930794896384
C            3.33529088565387        1.02427260111312        0.08784556846012
O            3.08051404754741       -0.28320810319210        0.55903688337961
C            1.94240800988697       -0.35440079341094        1.37816131752494
C            1.92124014488612       -1.72935041771563        2.06332391791315
O            1.27491427182872       -1.68230255501666        3.30545454646713
C            0.65841653927477       -0.07086848490991        0.55713660675292
O           -0.41860210497352       -0.12482778765863        1.49057271495254
C           -1.61904649251669       -0.84122277529648        1.35272638174869
O           -2.72337225328307        0.00517418105110        1.18374299511479
C           -2.94779923395203        0.57400606125956       -0.10356028301569
C           -4.18622063831342        1.46304364197128        0.07659169040032
O           -3.94589888435108        2.49011689673821        0.99160356353389
C           -3.16457110053328       -0.53704603640039       -1.13907975361656
O           -3.23835626644299       -0.05783306109373       -2.46342659907786
C           -1.97151917276927       -1.49568842676441       -1.10379161203299
O           -2.20462721023463       -2.64161237937330       -1.88870473738741
C           -1.71031169182156       -1.99010695781583        0.32490917816159
O           -0.57521275897696       -2.80763670164693        0.37984469203187
C            0.79792863997085        1.31760134849873       -0.09315569767270
O           -0.19998994226659        1.61183693460111       -1.04864966057937
C            2.16600839286120        1.51304776167962       -0.77350311921733
O            2.35892197137450        2.87040757144591       -1.06062253449011
H            5.65771072049655       -0.15895129192630        0.53635200094823
H            5.81535112554882        1.60705143691524        0.75428979593138
H            6.46444486782135        0.82744018924884       -0.71586573172393
H            3.45696236561085        1.70949459152239        0.95355331530809
H            2.00386462696477        0.41414916417155        2.16828173111609
H            2.95334413071895       -2.02711735121750        2.25849252894325
H            1.45312301958576       -2.46731708582718        1.40259730300160
H            0.40106177576886       -1.30013996382504        3.16244061055333
H            0.56922905165289       -0.84552247328550       -0.20867561237358
H           -1.79128917564036       -1.26990981793074        2.35148868492345
H           -2.09606722787249        1.19811450423409       -0.39902321753646
H           -5.02438746811210        0.83168737623771        0.40997226679950
H           -4.45213264242037        1.94994873670471       -0.86527340302692
H           -3.52941680156456        2.09109134347057        1.76627726133943
H           -4.07632890227803       -1.10044774044365       -0.88011943298853
H           -3.94742418058432        0.58910070456944       -2.53352116216155
H           -1.09706320417167       -0.95762714193371       -1.49767427019852
H           -2.54879326733317       -2.34362700850140       -2.73940137014328
H           -2.60380947675516       -2.56839175868394        0.61656082373001
H           -0.69006614685792       -3.49629941859882       -0.28880272288940
H            0.67015378456602        2.07361760353299        0.68976953535082
H           -0.07784013046469        1.04985664497887       -1.82537394831007
H            2.19239640458830        0.91380759537450       -1.70155124311674
H            1.53469884031857        3.21616084999136       -1.43100276667224
48
 energy: -84.797139350079 gnorm: 0.000875000793 xtb: 6.7.1 (edcfbbe)
C            5.66625156814033        0.79359294000582        0.00976674870272
O            4.46168977817267        1.00004995983437       -0.70474010208883
C            3.33568811999868        1.02354201162656        0.08837091004010
O            3.07912033292463       -0.28280144971022        0.56156574104931
C            1.94173461195992       -0.35166540308572        1.38187962931280
C            1.92016635233284       -1.72604279875889        2.06823556691826
O            1.26740315829314       -1.67960542359444        3.30700575455197
C            0.65789707966245       -0.06866887321137        0.56061391587477
O           -0.42015097573161       -0.12300086396470        1.49295666863683
C           -1.62004331883062       -0.83986085399926        1.35368033989263
O           -2.72461618599456        0.00569939422794        1.18322296571380
C           -2.94877430375188        0.57371601379505       -0.10458069059910
C           -4.18938232117272        1.45988695555960        0.07438943495750
O           -3.95080890038243        2.49041443811274        0.98605375298646
C           -3.16207885561365       -0.53774472422235       -1.14048125338586
O           -3.23376475876107       -0.05851876733571       -2.46486413959243
C           -1.96780613075612       -1.49476148055880       -1.10299740868489
O           -2.19772138073480       -2.64085363433762       -1.88861318302769
C           -1.70875556611615       -1.98906800150126        0.32605637816651
O           -0.57294694936687       -2.80549999269643        0.38324268198792
C            0.79678922974072        1.31991814266670       -0.08945233921831
O           -0.20090906463130        1.61348043243116       -1.04569461952607
C            2.16503823406622        1.51653441601467       -0.76894191191153
O            2.35939657526721        2.87479165644617       -1.05093241622224
H            5.65682586207052       -0.17241575298658        0.52020742822400
H            5.82174619712484        1.59228986834437        0.74338534869227
H            6.45977265648694        0.81567427861214       -0.73310995808369
H            3.46399162159504        1.70894292350735        0.95294402001615
H            2.00430615531236        0.41772366560601        2.17106358152081
H            2.95191568160890       -2.02154682157819        2.26883603120914
H            1.45700160180442       -2.46526635035880        1.40532225901651
H            0.39368050140801       -1.29890412429234        3.15908046762689
H            0.56967914720824       -0.84339818972017       -0.20522840736119
H           -1.79359096900043       -1.26852401208650        2.35231869955962
H           -2.09808868647194        1.19964847090220       -0.39921974890881
H           -5.02527519393881        0.82711803929185        0.41073338560904
H           -4.45796472278617        1.94329614447699       -0.86849571596946
H           -3.53471714800514        2.09450996576324        1.76251419204379
H           -4.07360881868905       -1.10233686372935       -0.88328584942809
H           -3.94375077776315        0.58713661868583       -2.53675796263491
H           -1.09336680350752       -0.95539309335414       -1.49510415435383
H           -2.54093818454872       -2.34328383959750       -2.73984785868527
H           -2.60217582218131       -2.56820185912280        0.61620796183060
H           -0.68543636791542       -3.49393608873744       -0.28602413365409
H            0.66751061770960        2.07569829424858        0.69360157535967
H           -0.07646724348553        1.05324068710022       -1.82343108085984
H            2.19027006390400        0.92102151398259       -1.69951813413544
H            1.53526226602008        3.22337126744114       -1.41845286818929
48
 energy: -84.797155518286 gnorm: 0.000699457522 xtb: 6.7.1 (edcfbbe)
C            5.66500278246777        0.78219865973477       -0.00196277722399
O            4.45797368414878        0.99523623534529       -0.71033369668647
C            3.33575849981244        1.02261428405575        0.08815118087086
O            3.07779504812594       -0.28268355810807        0.56321112927209
C            1.94129917606787       -0.34929127404829        1.38507014138322
C            1.91948638743472       -1.72263052896391        2.07336686305399
O            1.26055906067591       -1.67551138196939        3.30893146381085
C            0.65731731384049       -0.06686868281880        0.56388441299690
O           -0.42174094983539       -0.12207687114586        1.49502900301877
C           -1.62134346287155       -0.83955631085813        1.35448768952411
O           -2.72579587206757        0.00562560339072        1.18301207641936
C           -2.94986678340275        0.57281823629224       -0.10539377873858
C           -4.19195826794480        1.45708056763433        0.07220004582957
O           -3.95442516335960        2.49114290186003        0.98026744926910
C           -3.16016726844074       -0.53901797405758       -1.14148298075877
O           -3.23056776885901       -0.05967902091217       -2.46584422343125
C           -1.96456061050802       -1.49434097685737       -1.10253235850347
O           -2.19099626838431       -2.64022002016391       -1.88938824569106
C           -1.70779561995313       -1.98879571426393        0.32680156552086
O           -0.57142568746791       -2.80423716031268        0.38627640189921
C            0.79588254009065        1.32208211681952       -0.08535292106467
O           -0.20207928969642        1.61563128723249       -1.04132562602640
C            2.16381932895208        1.52021412924550       -0.76490287148921
O            2.36021621863234        2.87944540557300       -1.04088251456508
H            5.65423114406395       -0.18536834559223        0.50543740246038
H            5.82669045408164        1.57800878092655        0.73340785130740
H            6.45519325157780        0.80375340820759       -0.74836447603819
H            3.47022064139736        1.70824992784791        0.95160168371609
H            2.00528485374083        0.42121698488674        2.17310077288787
H            2.95091184454997       -2.01566574642539        2.27941212825563
H            1.46111327537078       -2.46390350562561        1.40934393417599
H            0.38771655159746       -1.29466592419633        3.15569306867200
H            0.57064915064909       -0.84157141994252       -0.20230888357580
H           -1.79553601118066       -1.26845450664735        2.35290549488246
H           -2.09994813523703        1.20011288678518       -0.39936057611147
H           -5.02615218378813        0.82373050283098        0.41148473697058
H           -4.46261730763174        1.93707848490269       -0.87183457839155
H           -3.53887692389895        2.09838068487544        1.75855853000482
H           -4.07128025884324       -1.10493622042169       -0.88568379690369
H           -3.94034250440350        0.58613194102554       -2.53840558277540
H           -1.09023809866552       -0.95316388531747       -1.49239718400589
H           -2.53262651466593       -2.34286912162829       -2.74133234473691
H           -2.60130068969460       -2.56866569533067        0.61532387439326
H           -0.68093571313861       -3.49161694833429       -0.28459331111964
H            0.66598676133427        2.07721240928334        0.69828576784709
H           -0.07557148567134        1.05815368420069       -1.82084652350918
H            2.18738790843246        0.92886751919968       -1.69820493670705
H            1.53765092562287        3.23080299077701       -1.40902897604008
48
 energy: -84.797171173118 gnorm: 0.000474041858 xtb: 6.7.1 (edcfbbe)
C            5.66323454469756        0.77000374962239       -0.01336065663849
O            4.45423094680806        0.99011937154682       -0.71623138208412
C            3.33568615713811        1.02126068503915        0.08742378341739
O            3.07598255095641       -0.28306451106203        0.56382379837010
C            1.94086435459208       -0.34698883147632        1.38795558169817
C            1.91884901736676       -1.71881805641462        2.07896467104965
O            1.25442168097777       -1.66980315416460        3.31164631377748
C            0.65670813930431       -0.06493143901025        0.56681247413526
O           -0.42323852998801       -0.12131621429774        1.49671077952486
C           -1.62260405182771       -0.83975785043559        1.35494796735861
O           -2.72708315162709        0.00491517201433        1.18272746417611
C           -2.95095825372952        0.57127925513432       -0.10629477342371
C           -4.19424449458166        1.45405455733563        0.06985890768373
O           -3.95727048026789        2.49175103982413        0.97403862288006
C           -3.15873356257901       -0.54087274512633       -1.14245568530261
O           -3.22855362786633       -0.06140879693194       -2.46680486587615
C           -1.96136308824963       -1.49404822607248       -1.10218715539024
O           -2.18393299053033       -2.63955872509942       -1.89049647459076
C           -1.70669703342249       -1.98907084814716        0.32725465457561
O           -0.56979137119774       -2.80353192601634        0.38894853781593
C            0.79464026565402        1.32481791219128       -0.08085863470983
O           -0.20420511518439        1.61941548394620       -1.03552049370348
C            2.16228278198607        1.52389433131942       -0.76076890862977
O            2.36125503268656        2.88411341833215       -1.02971161023933
H            5.65017119130631       -0.19894896688665        0.49125723878268
H            5.83103216438788        1.56303002879306        0.72363353717997
H            6.45056260803147        0.79040900156140       -0.76278288650865
H            3.47634132053535        1.70677856835387        0.95005484965002
H            2.00712604724125        0.42492404696793        2.17456760407007
H            2.94997486854438       -2.00961962457909        2.29006691828741
H            1.46451680159889       -2.46246931442640        1.41468978209816
H            0.38326115072753       -1.28687049399190        3.15343352742901
H            0.57144351662921       -0.83923464368260       -0.20017999497187
H           -1.79700171424476       -1.26913470019940        2.35305725661839
H           -2.10156843153019        1.19969659091810       -0.39951396550718
H           -5.02718794325656        0.82072894276642        0.41210366454780
H           -4.46659300372129        1.93062151504190       -0.87542807551004
H           -3.54201727516180        2.10229354426641        1.75408288237304
H           -4.06922245217639       -1.10832070331023       -0.88770274888577
H           -3.93708986916986        0.58584793570320       -2.53908549133967
H           -1.08732075368089       -0.95067630648254       -1.48965130751834
H           -2.52363973183726       -2.34231499129094       -2.74323373506897
H           -2.60035950829849       -2.56964734415125        0.61413794172928
H           -0.67602157483994       -3.48931343316166       -0.28413036516765
H            0.66536729750345        2.07885604658409        0.70399514213000
H           -0.07625127817344        1.06530721335945       -1.81733216591447
H            2.18337389269777        0.93747829106279       -1.69722601731616
H            1.54162091922906        3.23812398680117       -1.40175500119052
48
 energy: -84.797183200912 gnorm: 0.000426992426 xtb: 6.7.1 (edcfbbe)
C            5.66133865746273        0.75874919675365       -0.02311958564987
O            4.45091076204914        0.98554489169887       -0.72153277776261
C            3.33546418644511        1.01978709158931        0.08639303508872
O            3.07414972305839       -0.28377449206252        0.56365444065729
C            1.94048363947454       -0.34485474643872        1.39014779026719
C            1.91804178611554       -1.71491334236148        2.08433274082328
O            1.25027401107060       -1.66312099047637        3.31519361691148
C            0.65580552438777       -0.06322551511520        0.56973551157059
O           -0.42488168898896       -0.12103201024767        1.49858004105711
C           -1.62386652663164       -0.84050198238253        1.35529166354243
O           -2.72848763630573        0.00360320331655        1.18240949373188
C           -2.95221726728470        0.56949662222277       -0.10699262805233
C           -4.19622747764815        1.45141367058161        0.06788796765210
O           -3.95958791225869        2.49207632457460        0.96880151859811
C           -3.15770857488651       -0.54287965646756       -1.14329712424702
O           -3.22764945008043       -0.06330860163397       -2.46761690779161
C           -1.95872959973939       -1.49402035027137       -1.10257532783337
O           -2.17771856155703       -2.63916085924825       -1.89232803707850
C           -1.70561391257632       -1.98937568593446        0.32700519058194
O           -0.56813076912433       -2.80277455204052        0.39016449771246
C            0.79404084971338        1.32731372965659       -0.07633993494580
O           -0.20547777111500        1.62336847005454       -1.02952415855770
C            2.16105177029985        1.52756143259924       -0.75737817462547
O            2.36255734553206        2.88869487594136       -1.01992304470871
H            5.64566279959206       -0.21127621200556        0.47930123628407
H            5.83478454940494        1.54940627623395        0.71514176492967
H            6.44635565806721        0.77750520758155       -0.77499844900254
H            3.48148523119676        1.70486640080018        0.94850340567118
H            2.00898529694785        0.42877345327881        2.17489072500653
H            2.94895327603175       -2.00406243508647        2.29889249519580
H            1.46624964564000       -2.46091175641408        1.42088768762211
H            0.38093618168278       -1.27725893706910        3.15373972528988
H            0.57204917330558       -0.83700259116518       -0.19802155947758
H           -1.79844731948226       -1.27048575495725        2.35305088819362
H           -2.10324964503350        1.19879721883678       -0.39956417756461
H           -5.02811545229095        0.81812377415098        0.41261587567671
H           -4.47002953976112        1.92508359543944       -0.87845927139971
H           -3.54388222477979        2.10546273989982        1.74996457231620
H           -4.06742116122765       -1.11186042368342       -0.88920206912494
H           -3.93459217357526        0.58587469072146       -2.53897205076918
H           -1.08519469916834       -0.94837470526025       -1.48800287529135
H           -2.51602323577012       -2.34186110419403       -2.74557570234310
H           -2.59922366935609       -2.57082926487656        0.61244646635607
H           -0.67170714653348       -3.48713667754271       -0.28480326233670
H            0.66567920169232        2.08018905896538        0.70968196530411
H           -0.07694796466688        1.07207483561001       -1.81324595937291
H            2.17971514927942        0.94550959117070       -1.69652078425055
H            1.54615492522237        3.24472514021965       -1.39723894651584
48
 energy: -84.797191304994 gnorm: 0.000396321167 xtb: 6.7.1 (edcfbbe)
C            5.66006862937595        0.75046614801213       -0.02963508598961
O            4.44881670176441        0.98203335597630       -0.72504706457794
C            3.33543147444134        1.01849393647935        0.08571631213607
O            3.07251071513514       -0.28454538435690        0.56327456179592
C            1.94009258301746       -0.34320048841058        1.39166386806159
C            1.91722327681332       -1.71173467309454        2.08863124085557
O            1.24868451295158       -1.65694421968557        3.31896113182007
C            0.65529024001392       -0.06174837831175        0.57139017562958
O           -0.42576396024842       -0.12068223428899        1.49957591388989
C           -1.62428568299274       -0.84106820822026        1.35496263477380
O           -2.72935398587304        0.00234444620764        1.18179626852410
C           -2.95297457275782        0.56811871147847       -0.10768540538079
C           -4.19763578111206        1.44922011370190        0.06666252881967
O           -3.96111680198917        2.49161087988205        0.96557171054678
C           -3.15728170296802       -0.54429303619571       -1.14412692510101
O           -3.22779238453726       -0.06459726093885       -2.46840829664781
C           -1.95692500382912       -1.49372456717614       -1.10314940131055
O           -2.17359745118749       -2.63862709065074       -1.89377909077818
C           -1.70431860905326       -1.98972062004342        0.32630180670306
O           -0.56625418894444       -2.80222905486038        0.38994975884385
C            0.79328036973213        1.32952129964329       -0.07328939196841
O           -0.20693814775926        1.62707734925257       -1.02517148271247
C            2.16021158022207        1.52971731669058       -0.75482091254219
O            2.36349856637543        2.89135338642134       -1.01307928436689
H            5.64211933376676       -0.22003188538374        0.47171266920188
H            5.83761469501071        1.53968573574635        0.70913287915956
H            6.44351618082718        0.76747683685954       -0.78319274680083
H            3.48518600244299        1.70298936922464        0.94765487085822
H            2.01062534721256        0.43185448197879        2.17485164459544
H            2.94797453651051       -2.00067977283666        2.30441522887461
H            1.46560029001408       -2.45910654754239        1.42657894876781
H            0.38078768654441       -1.26824394547647        3.15644961757749
H            0.57222546882154       -0.83496621751137       -0.19703748976569
H           -1.79903070351824       -1.27176083307214        2.35233802237741
H           -2.10427204905657        1.19807648426803       -0.39974471990220
H           -5.02887907656320        0.81595179264526        0.41295553224826
H           -4.47244261563630        1.92116659718960       -0.88025505785352
H           -3.54445721664689        2.10681837703713        1.74709784151873
H           -4.06631872028635       -1.11447533038536       -0.89021831741085
H           -3.93348409698091        0.58611498697212       -2.53876983980032
H           -1.08386680090832       -0.94654256973314       -1.48751239417936
H           -2.51145759196953       -2.34123974662666       -2.74716199026876
H           -2.59773169210361       -2.57199420683698        0.61084532214031
H           -0.66840643216265       -3.48579860624292       -0.28603705980341
H            0.66614045457022        2.08152254888035        0.71375964542131
H           -0.07883960513297        1.07713914426906       -1.80990769499401
H            2.17688078826838        0.95072580027919       -1.69581540134661
H            1.54964340449516        3.24847462595244       -1.39492357315591
48
 energy: -84.797197468441 gnorm: 0.000362442021 xtb: 6.7.1 (edcfbbe)
C            5.65925477205970        0.74485320724163       -0.03362347525841
O            4.44757258438088        0.97963216479268       -0.72720086920931
C            3.33545667373247        1.01753328403105        0.08525108246032
O            3.07142906861338       -0.28517552823049        0.56300217045066
C            1.93978985575809       -0.34187688575604        1.39257362136842
C            1.91608022913076       -1.70913262642536        2.09191521858727
O            1.24882240104388       -1.65125240105719        3.32281831763002
C            0.65483139151315       -0.06064958113640        0.57256654645602
O           -0.42648904420199       -0.12059574706615        1.50032693878611
C           -1.62442884206230       -0.84175668387266        1.35460111947073
O           -2.73000057156378        0.00103298440157        1.18125080886757
C           -2.95360580829978        0.56706849557312       -0.10808238429042
C           -4.19860550527502        1.44767448723121        0.06627156531895
O           -3.96223661375713        2.49074559808706        0.96439713605596
C           -3.15710450896287       -0.54518758120242       -1.14482827028714
O           -3.22835121545153       -0.06529193641608       -2.46902168308194
C           -1.95585702637459       -1.49347054834604       -1.10418655149785
O           -2.17121890264133       -2.63819628780503       -1.89542796598157
C           -1.70307694682129       -1.98984053983593        0.32514606814346
O           -0.56440147550030       -2.80150025081294        0.38851026466396
C            0.79310163055684        1.33098556143572       -0.07130467715708
O           -0.20734867794046        1.62959364116387       -1.02248551424616
C            2.15991533234576        1.53104657158372       -0.75342615011213
O            2.36446367482938        2.89292940302689       -1.00941725185111
H            5.63962125282212       -0.22577493549609        0.46739476214808
H            5.83985459677262        1.53335997839604        0.70516514274135
H            6.44164136444753        0.76015527595104       -0.78831274064275
H            3.48758135931634        1.70154788162222        0.94713659023132
H            2.01164313649200        0.43438140445294        2.17441882269668
H            2.94674288465497       -1.99877734086268        2.30719880520845
H            1.46297697214924       -2.45722202094811        1.43166277567020
H            0.38179691897814       -1.26041094829525        3.16081582193993
H            0.57232337723570       -0.83346449517510       -0.19627371197378
H           -1.79936717065037       -1.27313960206688        2.35163473995482
H           -2.10515314075159        1.19755352447980       -0.39977723477425
H           -5.02932909732540        0.81413415434921        0.41330072974035
H           -4.47415365490757        1.91885899243651       -0.88081830930496
H           -3.54440598512902        2.10681830850097        1.74571683799305
H           -4.06558245054125       -1.11624613784875       -0.89088604216147
H           -3.93340243199748        0.58623143166870       -2.53853470903474
H           -1.08324609205048       -0.94524368834993       -1.48810060610381
H           -2.50950660128345       -2.34067015487229       -2.74859178202155
H           -2.59606658381432       -2.57300302833244        0.60917028745714
H           -0.66601509224470       -3.48480970804370       -0.28781560956775
H            0.66672916396730        2.08254955351326        0.71621731035017
H           -0.08016951180627        1.07972903684364       -1.80737613813504
H            2.17528566027894        0.95363269150719       -1.69535202808748
H            1.55220661458345        3.25063987470905       -1.39413827028463
48
 energy: -84.797203712834 gnorm: 0.000300866283 xtb: 6.7.1 (edcfbbe)
C            5.65880791697533        0.74009047629330       -0.03664257831859
O            4.44680007722342        0.97734664168621       -0.72876182562008
C            3.33561729901995        1.01660006448092        0.08493092550256
O            3.07055893873173       -0.28574231050880        0.56311558502444
C            1.93941004189962       -0.34051447173837        1.39340582157537
C            1.91458188814657       -1.70646901398264        2.09522181262265
O            1.25010155911617       -1.64478958831135        3.32746439127527
C            0.65452558608892       -0.05954770603825        0.57329496570782
O           -0.42692373991229       -0.12059253861560        1.50079517551674
C           -1.62415452986748       -0.84252829524467        1.35386627145629
O           -2.73035988080666       -0.00041999692198        1.18057878284198
C           -2.95404338946075        0.56624886528147       -0.10838433265732
C           -4.19947704034014        1.44618476017756        0.06638426068602
O           -3.96331486432402        2.48924502836452        0.96453053361297
C           -3.15702356018593       -0.54567806033668       -1.14556418511409
O           -3.22910473893103       -0.06542477840336       -2.46959642635872
C           -1.95504826546069       -1.49302476193032       -1.10552899622575
O           -2.16970355327219       -2.63755339778601       -1.89726562499433
C           -1.70169340706878       -1.99000158229681        0.32354162520708
O           -0.56228764299403       -2.80073810218088        0.38608295695211
C            0.79298766898477        1.33231387044560       -0.06997711559293
O           -0.20756686475799        1.63176088521731       -1.02073840376823
C            2.15985633533106        1.53175503354822       -0.75246809830953
O            2.36548996636298        2.89367643818924       -1.00740833537998
H            5.63763170066218       -0.23034673066530        0.46466726322249
H            5.84207083371328        1.52835338386189        0.70172124807051
H            6.44028797130144        0.75343883488560       -0.79231824002407
H            3.48953411448689        1.70037795764252        0.94664624620940
H            2.01229637013892        0.43696637769170        2.17390963805462
H            2.94509868364412       -1.99783675977372        2.30883061490227
H            1.45848010293227       -2.45485782274186        1.43740962814638
H            0.38363905421459       -1.25213525957125        3.16685627352186
H            0.57255592470534       -0.83206197763548       -0.19584179184924
H           -1.79930014083501       -1.27480709891786        2.35046138818884
H           -2.10584671279250        1.19728647595001       -0.39969876537912
H           -5.02973671806661        0.81215123698062        0.41364867331552
H           -4.47564934311477        1.91729105772335       -0.88056972870615
H           -3.54424655074158        2.10556319323876        1.74531623435105
H           -4.06498089287815       -1.11754505171018       -0.89154179641897
H           -3.93410988088517        0.58623838481340       -2.53841339147849
H           -1.08285562411580       -0.94404694938785       -1.48936577130700
H           -2.50902921251844       -2.33982884245891       -2.74996234462783
H           -2.59410455802476       -2.57421741646379        0.60718515146706
H           -0.66377543812658       -3.48400598966984       -0.29029881198626
H            0.66729115942215        2.08371534951564        0.71777039658785
H           -0.08168709020757        1.08113512657336       -1.80525938055710
H            2.17421124421923        0.95510880091233       -1.69484073559919
H            1.55418716685444        3.25186510998816       -1.39370767364358
48
 energy: -84.797210719219 gnorm: 0.000276590540 xtb: 6.7.1 (edcfbbe)
C            5.65851425887400        0.73509845249389       -0.03958824962543
O            4.44617581112110        0.97465945902898       -0.73031330814271
C            3.33593983476342        1.01558489221849        0.08461448855660
O            3.06987613763697       -0.28624392122432        0.56366296787522
C            1.93897653298234       -0.33882035767820        1.39434829759960
C            1.91233812761229       -1.70321374519463        2.09913763506815
O            1.25208737596976       -1.63658828097662        3.33346982545179
C            0.65430370684574       -0.05830239788890        0.57386971268536
O           -0.42734558370270       -0.12069883556095        1.50101967000428
C           -1.62369651731061       -0.84356750723004        1.35296963509025
O           -2.73068791789175       -0.00226708026320        1.17986589226565
C           -2.95445059736559        0.56536894522887       -0.10858051150656
C           -4.20032992352849        1.44451306257783        0.06699737073333
O           -3.96465521963571        2.48699429203008        0.96593697763348
C           -3.15686735354025       -0.54593982600525       -1.14651755203196
O           -3.22980825698925       -0.06503726506274       -2.47027975450945
C           -1.95421496561443       -1.49242605053983       -1.10732453696893
O           -2.16844107460623       -2.63664740993511       -1.89967022865321
C           -1.69992062330871       -1.99013211094873        0.32138137290608
O           -0.55967262311468       -2.79985461329094        0.38273013723725
C            0.79299189859507        1.33364410236375       -0.06898157220828
O           -0.20761219919234        1.63397185101848       -1.01943631778860
C            2.15997962636945        1.53196634792116       -0.75185941985583
O            2.36676584364254        2.89378194188770       -1.00646761056640
H            5.63575127537994       -0.23491374527572        0.46248576661967
H            5.84468873018279        1.52347589011281        0.69792704222609
H            6.43899236774309        0.74598675367783       -0.79633329887095
H            3.49169129382618        1.69940156614718        0.94597915745955
H            2.01271184814718        0.44007303250763        2.17334588639813
H            2.94261100798254       -1.99731364977791        2.31002178697422
H            1.45164634602737       -2.45158813808800        1.44455449488109
H            0.38603533224388       -1.24217363175768        3.17491465233133
H            0.57302199222650       -0.83056224900052       -0.19553909347204
H           -1.79893995683358       -1.27695203614403        2.34907430938495
H           -2.10659042493574        1.19713235340365       -0.39935483585502
H           -5.03011549322099        0.80966607040997        0.41393209103110
H           -4.47699134545991        1.91611328879135       -0.87956808431344
H           -3.54448724850934        2.10302237189431        1.74600576230852
H           -4.06430507740335       -1.11862237246872       -0.89245961575815
H           -3.93541018276668        0.58604391848064       -2.53850842661928
H           -1.08243754803670       -0.94277247821062       -1.49117234990689
H           -2.50923008513129       -2.33862085633742       -2.75170201816403
H           -2.59159007414172       -2.57558856521110        0.60466201848924
H           -0.66110956702065       -3.48301601638536       -0.29376884385631
H            0.66800667879615        2.08506653774195        0.71884433922743
H           -0.08339076723480        1.08208509761131       -1.80330219846371
H            2.17329565724251        0.95562182084592       -1.69444673578229
H            1.55589690696680        3.25258994381551       -1.39309521654866
48
 energy: -84.797214194916 gnorm: 0.000188515123 xtb: 6.7.1 (edcfbbe)
C            5.65844142391997        0.73313447384924       -0.04122117561975
O            4.44574550116120        0.97311430776052       -0.73125524993017
C            3.33597172755327        1.01507495989307        0.08425670801804
O            3.06967976317221       -0.28635530165220        0.56433471919405
C            1.93869504722038       -0.33818345351874        1.39493772126759
C            1.91148545278613       -1.70221660467208        2.10042855909386
O            1.25189453929551       -1.63437500471170        3.33501752032593
C            0.65413668400495       -0.05779378252633        0.57425611255462
O           -0.42748956241348       -0.12059762210265        1.50141409359179
C           -1.62359481085377       -0.84369724834489        1.35295424255132
O           -2.73086953270373       -0.00282137324183        1.17999052773546
C           -2.95455593383091        0.56544435621458       -0.10820446039954
C           -4.20112583079008        1.44361323170303        0.06747863877650
O           -3.96655496261507        2.48540291050651        0.96753030298590
C           -3.15607079085454       -0.54542064412274       -1.14682345249128
O           -3.22845974803615       -0.06378036306581       -2.47031634956036
C           -1.95318197797544       -1.49161103567799       -1.10764068112355
O           -2.16687568115414       -2.63556159364344       -1.90054440752334
C           -1.69928067829057       -1.98991967054277        0.32091500135352
O           -0.55872595079224       -2.79923530500795        0.38222088677344
C            0.79295938753573        1.33405101964267       -0.06871743434103
O           -0.20775609013859        1.63459078345072       -1.01906367271319
C            2.15980293241193        1.53158717093660       -0.75201587531166
O            2.36700265345769        2.89321036355339       -1.00757420930772
H            5.63553996216976       -0.23674677065536        0.46114961088245
H            5.84548182735965        1.52163353807773        0.69595371202900
H            6.43842878982159        0.74339598176453       -0.79846900969221
H            3.49241499931189        1.69943528474394        0.94507727022388
H            2.01249055700780        0.44107138166767        2.17357947281596
H            2.94153955060318       -1.99708407775065        2.31097028405850
H            1.44981151298858       -2.45044374534685        1.44652277104792
H            0.38576598669751       -1.24008544200365        3.17644280626348
H            0.57305704887032       -0.83015820376469       -0.19506830356782
H           -1.79885592208617       -1.27756333566501        2.34886161840285
H           -2.10694621650942        1.19782117713810       -0.39832433114246
H           -5.03068041975079        0.80794506660070        0.41344736789131
H           -4.47760701835745        1.91593130399675       -0.87879152753321
H           -3.54688570921934        2.10085548734617        1.74760374009985
H           -4.06343388882865       -1.11855365179677       -0.89354960751257
H           -3.93487079040281        0.58629965490922       -2.53890358942725
H           -1.08141427313830       -0.94160461757935       -1.49102546449477
H           -2.50745439283254       -2.33729843638469       -2.75258437814096
H           -2.59080611801626       -2.57585431990976        0.60366519229204
H           -0.65958938657628       -3.48201847103799       -0.29475204314127
H            0.66831121626508        2.08566320125978        0.71901668107694
H           -0.08387791727996        1.08259335063668       -1.80291085845117
H            2.17268165976652        0.95465586135972       -1.69430557144810
H            1.55562334485361        3.25245406019470       -1.39248239695819
