48
 energy: -84.785934361494 gnorm: 0.083303534314 xtb: 6.7.1 (edcfbbe)
C            5.60420055993889        1.12283716377216        0.29231371827459
O            4.44715771197734        1.31719991390129       -0.49768788424242
C            3.26091271079896        1.11401218832563        0.17486338331710
O            3.07874803260517       -0.26954217088509        0.37833587954945
C            1.93394973159101       -0.56944027417404        1.14482637328350
C            1.98720201003933       -2.07779190668645        1.41361850119793
O            3.15061976527659       -2.42378453173894        2.11092913419590
C            0.61438479156703       -0.14313178045019        0.46018066786994
O           -0.32586650012707       -0.17957225012283        1.52772858676102
C           -1.65121964115004       -0.62692661121778        1.48573676077026
O           -2.59812048046829        0.36597811104986        1.19234686613493
C           -2.95308577850695        0.66402197083030       -0.15636201099061
C           -4.08518289004369        1.69441252417371       -0.02689479260577
O           -3.64490187467292        2.85673265120166        0.61036656411147
C           -3.39509866956861       -0.60159719155143       -0.89878920080728
O           -3.61072196237372       -0.38777711581350       -2.27605566102603
C           -2.27700285830365       -1.63952965354743       -0.79435631815516
O           -2.65412088283799       -2.87109707459789       -1.36311497740126
C           -1.94870161483982       -1.91295393775498        0.67862429420686
O           -0.88411524583605       -2.81225864060016        0.80251626142705
C            0.72699610916906        1.26786719835723       -0.15986088559796
O           -0.19607257604723        1.47122378041218       -1.21177515913678
C            2.12246010485547        1.64505189760229       -0.69701690067250
O            2.23473689160011        3.03851723282478       -0.78090477958221
H            5.67924274735283        0.08774481302988        0.63633208677811
H            5.59951180881271        1.79333692216602        1.15865856306812
H            6.44749852727596        1.35941481341858       -0.35184986237230
H            3.25356995779611        1.63796008503701        1.15297333956869
H            1.98180474845686       -0.02960361149807        2.10413151152965
H            1.93929860656400       -2.60526720270768        0.45142800325387
H            1.13686984923221       -2.37465386166065        2.02524767929969
H            3.89504259374015       -2.05561308516605        1.61897671654038
H            0.37145886150718       -0.87347996066456       -0.31927855729471
H           -1.83756829625983       -0.84188363768272        2.54725627708407
H           -2.11009273153592        1.12364485301856       -0.68501177781599
H           -4.91475091431786        1.23439902366155        0.53191310698078
H           -4.44082638357180        2.00388593859370       -1.01308590392918
H           -3.16393253138155        2.58102572785866        1.40101486530969
H           -4.30356578535738       -1.00900099083573       -0.42513033650219
H           -4.27327758598998        0.30006680587665       -2.39514331387380
H           -1.39941510760051       -1.24465161609480       -1.32789379533114
H           -3.05557031691895       -2.67943492258374       -2.21953326318861
H           -2.86310194667379       -2.34712484578106        1.11914305144499
H           -1.09284810543127       -3.57254920705537        0.24301287407332
H            0.44680546765853        1.99070724577854        0.61497867879489
H            0.05255767274011        0.91734679946002       -1.96347994524334
H            2.26063032640984        1.18497863279163       -1.69177519754796
H            1.45350099315538        3.37629852121499       -1.23896577524016
48
 energy: -84.791200926580 gnorm: 0.011453073387 xtb: 6.7.1 (edcfbbe)
C            5.60346317404505        1.11904535874723        0.29335528725977
O            4.44572341428823        1.31017271095024       -0.49608069764082
C            3.25857871824754        1.10724560050074        0.17544108567846
O            3.06987500488096       -0.27820064181308        0.37335812485418
C            1.92348659372313       -0.58541469374450        1.13746009510025
C            1.97871990225069       -2.09095631988867        1.40751441379683
O            3.14361883447364       -2.43054848025832        2.10675307771967
C            0.61567935787211       -0.10530095362509        0.46667179138246
O           -0.34452229081825       -0.13002209200128        1.51516468124902
C           -1.65075114895969       -0.63229757563234        1.50317116440661
O           -2.60820159854117        0.34655599815301        1.18779390494339
C           -2.95439022876751        0.65571297181996       -0.15934783673619
C           -4.08410457132481        1.68971935863775       -0.02844109173020
O           -3.64295475025490        2.85139133793800        0.60992636005714
C           -3.39522125827384       -0.60827996924174       -0.90107263490062
O           -3.60854119228061       -0.39297356756844       -2.27833490225679
C           -2.27438071763962       -1.64259416347593       -0.78848964303204
O           -2.64992204258510       -2.87394422442285       -1.35882548155057
C           -1.94169668445940       -1.91572424549055        0.68611255498061
O           -0.87546127229181       -2.81306514235476        0.80452750937336
C            0.72967909712454        1.29382378372196       -0.16305307403488
O           -0.19384859171189        1.48728872287001       -1.21638284848743
C            2.12783263376213        1.65134588874975       -0.69916591643946
O            2.24664305989290        3.04376582769736       -0.78459125563403
H            5.68033988660146        0.08450381658727        0.63815190610245
H            5.59848595073923        1.79079620186519        1.15871433047113
H            6.44591117268406        1.35670979723722       -0.35168991660718
H            3.25227540912348        1.62978941826925        1.15438494479162
H            1.98005828966567       -0.04920051323304        2.09926495160973
H            1.93320454314581       -2.61793912002047        0.44542056891425
H            1.12926503478104       -2.38572306111292        2.02096569131321
H            3.88737475865296       -2.05872272919320        1.61629813375091
H            0.36827531074083       -0.83720796428240       -0.31185253878899
H           -1.83017871281962       -0.83725171663202        2.56662626618763
H           -2.10889368509943        1.11711694898509       -0.68293550322509
H           -4.91530630646337        1.23152707593148        0.52945124180537
H           -4.43890411759820        2.00171626119777       -1.01421080419909
H           -3.16327868610648        2.57559655580728        1.40133100133547
H           -4.30460441515974       -1.01423571900603       -0.42815177687331
H           -4.27029623091811        0.29586574529661       -2.39738281692096
H           -1.39820680143478       -1.24606162293678       -1.32331981273272
H           -3.05264969152660       -2.68145213373156       -2.21468769913888
H           -2.85515353917811       -2.35381197902494        1.12487941255728
H           -1.08601161487237       -3.57229021488247        0.24411932508899
H            0.45039903548963        2.01868085617752        0.60936142275763
H            0.05224567412450        0.92328023987429       -1.96162765236247
H            2.26193922982873        1.18819703225054       -1.69303040497739
H            1.46440596321960        3.38337006865935       -1.24005749301904
48
 energy: -84.791751201063 gnorm: 0.004584813069 xtb: 6.7.1 (edcfbbe)
C            5.60415753661713        1.11219317605519        0.29487499678506
O            4.44723564206724        1.30280254094477       -0.49559578581719
C            3.25849699829633        1.10481395998198        0.17429219586903
O            3.05980141474628       -0.28013832809791        0.36477855458945
C            1.91255683547898       -0.58303973177926        1.13191127351506
C            1.96121333002823       -2.09090131296734        1.39066555260840
O            3.12458387480459       -2.43191980849201        2.09208717360562
C            0.60480960630181       -0.09133091323253        0.46347898948105
O           -0.35040734556010       -0.11189393556707        1.51655771690798
C           -1.65108918288409       -0.62883607082044        1.51117136139925
O           -2.62014731535373        0.33918509043126        1.18934932592527
C           -2.95535616603564        0.64968991037671       -0.15882797646133
C           -4.08395171281530        1.68503603386563       -0.03138440728907
O           -3.64103032440749        2.84509861251729        0.60858823052992
C           -3.39186067547890       -0.61479392820829       -0.90097105776802
O           -3.60070247575396       -0.40526182987435       -2.27991002896942
C           -2.26819784813039       -1.64543630818670       -0.78004837246562
O           -2.63960088356267       -2.88005811200005       -1.34643340202311
C           -1.93541443560549       -1.91605771131763        0.69621869578871
O           -0.86829880711915       -2.81309352375285        0.81170024696045
C            0.73430580365374        1.30889522816169       -0.15933702324856
O           -0.18971766188695        1.50680391495067       -1.21074801580026
C            2.13239213753286        1.65943458078116       -0.69941481759750
O            2.26594849901907        3.05082553028014       -0.78678679359170
H            5.68117349566481        0.07815125378242        0.64105183962095
H            5.59871746108868        1.78527345451433        1.15919989527488
H            6.44669301725580        1.34948737907509       -0.35020394491001
H            3.25440318284112        1.62143230474051        1.15625498406154
H            1.98080865349937       -0.05806709032526        2.10105853485626
H            1.91773491866465       -2.61901342678690        0.42902651638525
H            1.11267569283040       -2.38909404584151        2.00381529504377
H            3.87023520936383       -2.05861410474201        1.60565102690400
H            0.34568146904448       -0.81506511958333       -0.32110126209340
H           -1.82821529102930       -0.83368617921096        2.57355676416160
H           -2.10626421191596        1.11076328728946       -0.67711095592296
H           -4.91688596543850        1.22793298352513        0.52478106296256
H           -4.43527503900381        1.99785836487877       -1.01815046130665
H           -3.16311094553886        2.56747251617997        1.40049084714261
H           -4.30209557212857       -1.02149940770116       -0.43032889946667
H           -4.26183399269788        0.28360798178134       -2.40267819915371
H           -1.39152250345186       -1.24912706778577       -1.31453642200777
H           -3.04339292343203       -2.69042048326297       -2.20253910996008
H           -2.84822957322068       -2.35543335455970        1.13541081583697
H           -1.07894176466191       -3.57177586093173        0.25044441615652
H            0.46081970520540        2.03875763834685        0.61064364236199
H            0.04992859038754        0.93800808321181       -1.95463507258221
H            2.26228518937353        1.19445306025892       -1.69304477062373
H            1.48488425361159        3.39657950505465       -1.23978572966270
48
 energy: -84.792069609337 gnorm: 0.005053646267 xtb: 6.7.1 (edcfbbe)
C            5.60553370504812        1.10261521486839        0.29709239353344
O            4.45037952818451        1.29350490372215       -0.49566763775469
C            3.25947007959503        1.10119681657137        0.17160778124836
O            3.04949068537909       -0.28291916751832        0.35179974031319
C            1.90152016219640       -0.57984737186058        1.12165893190611
C            1.94122159356635       -2.08983244930987        1.37021944806388
O            3.10254384293343       -2.43806805481877        2.07245666492973
C            0.59261169767872       -0.07504004782255        0.46177025205475
O           -0.35278350186498       -0.09687114490153        1.52437186276552
C           -1.65016714432567       -0.62158674983580        1.51743582341828
O           -2.63357325271515        0.33323358737147        1.19309418379880
C           -2.95529196073227        0.64297553395570       -0.15721052799381
C           -4.08318444995366        1.67963442660618       -0.03725414716292
O           -3.63997352779431        2.83761144739200        0.60602850769775
C           -3.38582318048211       -0.62340497307465       -0.90000418918072
O           -3.58800481272533       -0.42163644176058       -2.28125730539717
C           -2.26072499724187       -1.65135505713733       -0.77036660419619
O           -2.62662750214151       -2.89114885889401       -1.32963325441929
C           -1.92868624649867       -1.91434996064185        0.70802616337323
O           -0.86225729464811       -2.81196254481340        0.82399350700791
C            0.73568807172091        1.32863785061682       -0.15395038709825
O           -0.19000748354849        1.53922632541824       -1.20202740219576
C            2.13607711253509        1.66725798222559       -0.69814377363457
O            2.28688377921999        3.05713534248312       -0.78640176626477
H            5.68176652982886        0.06906051946531        0.64512630317340
H            5.59920263702559        1.77701500676898        1.16038663574613
H            6.44912889915637        1.33851391754863       -0.34709767592489
H            3.25825903971626        1.60987807384448        1.15756761524785
H            1.97876114880624       -0.06532006432060        2.09606007471869
H            1.89796081379016       -2.61406663473885        0.40661661526560
H            1.09209153714893       -2.39097580835968        1.98117757727736
H            3.85022459988536       -2.06292276711777        1.59061653079760
H            0.32174856148695       -0.78778418243565       -0.32888432196722
H           -1.82705867049057       -0.82676469290937        2.57890649919975
H           -2.10142873103080        1.10324484670034       -0.66852764724696
H           -4.91886976969503        1.22329625657571        0.51529302863705
H           -4.42930011808244        1.99326152823225       -1.02555716418404
H           -3.16504220177571        2.55711050195628        1.39888511656897
H           -4.29726108743691       -1.03120510656587       -0.43258870130244
H           -4.24811048387276        0.26715871950706       -2.40988927891050
H           -1.38375236070581       -1.25663242108650       -1.30547825471584
H           -3.03099911450466       -2.70705061050900       -2.18668625869369
H           -2.84098286042208       -2.35300329147571        1.14900820276626
H           -1.07240891608250       -3.57030880682407        0.26199290951355
H            0.47236900314224        2.06208829514572        0.61646153541223
H            0.04032772928637        0.96707781692130       -1.94644986529303
H            2.25960519180870        1.20152315743082       -1.69229947377145
H            1.50945361994328        3.41179787581044       -1.23879082132818
48
 energy: -84.792233196210 gnorm: 0.003854121238 xtb: 6.7.1 (edcfbbe)
C            5.60606192364435        1.09455408097314        0.29862338915620
O            4.45296482676065        1.28704414889841       -0.49673124359218
C            3.26069032167968        1.09840289645182        0.16873301752291
O            3.04325623655017       -0.28492935088912        0.34145726024090
C            1.89567502190215       -0.57657393193172        1.11318873924246
C            1.92770719727379       -2.08801697601488        1.35436462265954
O            3.08756117455103       -2.44572127464754        2.05482923372069
C            0.58610146505946       -0.06521887433443        0.46010656093611
O           -0.35371672070623       -0.08912956036978        1.52821787021449
C           -1.64969176262609       -0.61570419777519        1.52118823013094
O           -2.64171083343946        0.33030516380150        1.19681032681855
C           -2.95393226255529        0.63784167890894       -0.15580263434682
C           -4.08197192904466        1.67521881500446       -0.04425746542135
O           -3.64108503034500        2.83178506768309        0.60298755799338
C           -3.38006039802014       -0.63058862577087       -0.89916206714478
O           -3.57556600367231       -0.43312751105287       -2.28209363681186
C           -2.25557921227760       -1.65795433998590       -0.76270832029537
O           -2.61863672003685       -2.90184114420315       -1.31486729366965
C           -1.92585370172862       -1.91270913963869        0.71746742756033
O           -0.86182957084153       -2.81197769598483        0.83808544497143
C            0.73641761957629        1.34341731511612       -0.14771119412942
O           -0.19185085864286        1.56961877290878       -1.19113544917941
C            2.13822038082552        1.67305739272211       -0.69653007475297
O            2.30019134463394        3.06173361423556       -0.78367537376529
H            5.68026362641039        0.06114579501162        0.64799550443635
H            5.59921420378888        1.76955806417814        1.16144470746516
H            6.45147545294430        1.32823312757089       -0.34397161774400
H            3.26212075037398        1.60122761232490        1.15759611656744
H            1.97680097433272       -0.06647401852033        2.08871322436763
H            1.88236957657724       -2.60601189735265        0.38745816144134
H            1.07742677946392       -2.38946371517414        1.96326148027327
H            3.83630735694384       -2.07006492951269        1.57521784923643
H            0.30795996539989       -0.76967844974531       -0.33381847568233
H           -1.82548424901317       -0.81858744616867        2.58365427853780
H           -2.09620377673363        1.09712752223257       -0.66141989330784
H           -4.92115737607303        1.21910558815974        0.50321908130511
H           -4.42208602739406        1.98950760451651       -1.03433536727428
H           -3.17000036332219        2.54897196654856        1.39748086429116
H           -4.29320227872500       -1.03824552411847       -0.43490377927263
H           -4.23468471953353        0.25553392501055       -2.41604488084904
H           -1.37808487376088       -1.26654459385715       -1.29932991738933
H           -3.02133998584604       -2.72361926023294       -2.17385670377206
H           -2.83878526887083       -2.34782076006721        1.16036349393582
H           -1.07069644853831       -3.56988953307777        0.27498899501199
H            0.48274763215538        2.07584926529749        0.62700210739858
H            0.02991354606589        0.99925742291234       -1.93943535518951
H            2.25467979543156        1.20759725729667       -1.69172311800220
H            1.52708309978830        3.42379739317639       -1.23745423826346
48
 energy: -84.792361817981 gnorm: 0.002414894859 xtb: 6.7.1 (edcfbbe)
C            5.60612579445270        1.08753200059750        0.29923258441342
O            4.45534761681712        1.28340192049529       -0.49873491532160
C            3.26221093115853        1.09701048296942        0.16554584542773
O            3.03957038679848       -0.28563611155836        0.33300513659061
C            1.89321466296235       -0.57348540466348        1.10612373731643
C            1.91931152437481       -2.08591367811703        1.34202606437038
O            3.07879103290301       -2.45385369758748        2.03781916975154
C            0.58353146056044       -0.05924376164623        0.45778249299003
O           -0.35424158028203       -0.08563142816114        1.52814649729019
C           -1.64980261927743       -0.61138313563017        1.52331281551046
O           -2.64593624340623        0.32934302681256        1.19990989197445
C           -2.95169443337867        0.63385130100460       -0.15504265543741
C           -4.08052169267523        1.67128774033087       -0.05242722483004
O           -3.64456668382222        2.82699887751472        0.59963007533006
C           -3.37438596149128       -0.63645850145519       -0.89889141474745
O           -3.56234159268460       -0.44049958996101       -2.28306338030726
C           -2.25243319657103       -1.66525610235988       -0.75562510324866
O           -2.61555811985038       -2.91218642279775       -1.30072828948964
C           -1.92709708104462       -1.91206526860820        0.72627946344717
O           -0.86729635668000       -2.81454873924105        0.85509528632083
C            0.73795639075324        1.35492550133948       -0.14040269681574
O           -0.19447822965298        1.59836474226876       -1.17684750789568
C            2.13967823817941        1.67841471206792       -0.69495423490145
O            2.30848617671283        3.06603384736130       -0.77979194967761
H            5.67647561914237        0.05395781079550        0.64941214092472
H            5.59924327386969        1.76264766988796        1.16196275799404
H            6.45401472139876        1.31807036787543       -0.34121636764976
H            3.26596767835711        1.59566294509135        1.15645359942278
H            1.97610677222251       -0.06477569298342        2.08116057305277
H            1.86962461263674       -2.59701408908514        0.37148577232832
H            1.06845376039303       -2.38621095238877        1.95019623767692
H            3.82762905462805       -2.07919566615160        1.55781843846177
H            0.30156100962805       -0.75694070976087       -0.33886263798222
H           -1.82324414141778       -0.81058362468564        2.58770391626267
H           -2.09081865474965        1.09212735326561       -0.65584449520181
H           -4.92418084532730        1.21477148671844        0.48805526825316
H           -4.41291748121382        1.98625968186553       -1.04483675133621
H           -3.17815767308538        2.54249939242130        1.39638963955983
H           -4.29011773290581       -1.04263452422827       -0.43846355232699
H           -4.22062454914240        0.24787246223260       -2.42207512788894
H           -1.37349066102939       -1.27903459426404       -1.29368441807408
H           -3.01377076002849       -2.74000734378249       -2.16292143683443
H           -2.84249137702565       -2.34099321281161        1.17009404428653
H           -1.07434939787109       -3.57182880625649        0.29047900770093
H            0.49397582410480        2.08223171050994        0.64213446455881
H            0.01907865541255        1.03440183338764       -1.93225168753859
H            2.24859954947442        1.21377134826298       -1.69139134370832
H            1.53956221816237        3.43394158552628       -1.23571028464938
48
 energy: -84.792481349391 gnorm: 0.002660212526 xtb: 6.7.1 (edcfbbe)
C            5.60620153935474        1.08048632936970        0.29844133190597
O            4.45777595070119        1.28222721942332       -0.50161514497596
C            3.26417240057635        1.09721391021014        0.16210919825846
O            3.03747316492258       -0.28496048117127        0.32541347738588
C            1.89285938557194       -0.57074176085050        1.09987456653197
C            1.91424597970977       -2.08411724838700        1.33093966197977
O            3.07488573012261       -2.46209113175662        2.01884575233789
C            0.58331951944778       -0.05480317142531        0.45496007613076
O           -0.35485697765098       -0.08387978386405        1.52540810717868
C           -1.65061232702594       -0.60789188235669        1.52474348208821
O           -2.64786434228514        0.33006006502847        1.20233642833724
C           -2.94886081805231        0.63048545916405       -0.15520024978228
C           -4.07914109111220        1.66720665261414       -0.06260582931888
O           -3.65103472369296        2.82250785094953        0.59538245363701
C           -3.36820796530724       -0.64155891588221       -0.89949033973598
O           -3.54644225421612       -0.44551927850650       -2.28487198806197
C           -2.25073995492039       -1.67391445406652       -0.74801490632523
O           -2.61704911354543       -2.92316636814871       -1.28554893945093
C           -1.93193102344649       -1.91229269481005        0.73596620199818
O           -0.87854542928171       -2.82002543687197        0.87685705970549
C            0.74083034605423        1.36527799630051       -0.13107372064774
O           -0.19751709995604        1.62803309611688       -1.15755296981938
C            2.14086492536669        1.68458962455206       -0.69308213976202
O            2.31407595478884        3.07125393930394       -0.77491129638683
H            5.67047348260271        0.04640729335076        0.64867313813053
H            5.60048624058612        1.75522223003716        1.16148103910374
H            6.45695633761856        1.30673121895675       -0.33969638959302
H            3.27035825555370        1.59265088671620        1.15464219633514
H            1.97725941188678       -0.06258945234924        2.07448346273468
H            1.85763233617305       -2.58871116241813        0.35709485767272
H            1.06415624826046       -2.38260838145493        1.94066234701671
H            3.82289468580105       -2.09008406556930        1.53566128009669
H            0.30000935217328       -0.74612311521218       -0.34554519378408
H           -1.82035724119965       -0.80267521751663        2.59137787673267
H           -2.08535127992372        1.08791294689243       -0.65171996426751
H           -4.92844603396211        1.20960752855018        0.46841019534742
H           -4.40133530604705        1.98294943549669       -1.05815861167659
H           -3.19004131547063        2.53700609839781        1.39496720875440
H           -4.28784777600589       -1.04494454470079       -0.44443093174165
H           -4.20420533532808        0.24216825320376       -2.42937732859158
H           -1.36896709655019       -1.29515373974942       -1.28686819198917
H           -3.00758879708900       -2.75740875316887       -2.15242521488625
H           -2.85188505195905       -2.33194194022412        1.17965624367281
H           -1.08376730270838       -3.57693787610070        0.31108690394197
H            0.50790974596311        2.08430595838226        0.66237963047261
H            0.00771541336298        1.07470346835908       -1.92318057848371
H            2.24166497239088        1.22116476825397       -1.69092678033402
H            1.54837417839798        3.44396737136759       -1.23207002276765
48
 energy: -84.792581229456 gnorm: 0.002983343342 xtb: 6.7.1 (edcfbbe)
C            5.60677165268609        1.07344464530513        0.29572009805835
O            4.45991513750791        1.28309168551393       -0.50477975545494
C            3.26636572752528        1.09887143188520        0.15928513565854
O            3.03654205408594       -0.28317188135975        0.31913617179408
C            1.89350367720164       -0.56881057135993        1.09489803889807
C            1.91169351474489       -2.08322856129559        1.32095185030668
O            3.07518222312246       -2.46930378854629        1.99867538959336
C            0.58402050382667       -0.05078964875754        0.45254836484351
O           -0.35570726925700       -0.08219417278392        1.52196637871941
C           -1.65203951727492       -0.60480933109697        1.52588757470532
O           -2.64865183095549        0.33234485442175        1.20366100860488
C           -2.94613201589401        0.62791027829715       -0.15645944554816
C           -4.07850074803815        1.66306233159393       -0.07392316372588
O           -3.66008835133671        2.81833838162169        0.59030490415370
C           -3.36180092835668       -0.64564064330454       -0.90108848046140
O           -3.52853294060092       -0.44912686264382       -2.28784440761325
C           -2.24997144256284       -1.68296162725075       -0.74031602518852
O           -2.62203168874582       -2.93375260254684       -1.27036510071581
C           -1.93880014849294       -1.91283346155729        0.74605740317152
O           -0.89308597378639       -2.82697074928551        0.90108341788488
C            0.74457208369062        1.37460460419472       -0.12047913475660
O           -0.20022526174478        1.65621935406711       -1.13545557770327
C            2.14184145730666        1.69129347600732       -0.69059325139308
O            2.31786666780078        3.07728173770644       -0.76965546641449
H            5.66373210812186        0.03860569262179        0.64503726351235
H            5.60418397698630        1.74731754834910        1.15947940407375
H            6.45980437486824        1.29478474815993       -0.34101231876740
H            3.27517806861034        1.59174633731403        1.15319223849900
H            1.97990375037914       -0.06209731029593        2.07014094262963
H            1.84631832746497       -2.58293204791503        0.34488606376024
H            1.06406259714718       -2.38028563737654        1.93473301581121
H            3.82154898194318       -2.10095953132754        1.51008664075234
H            0.30108064658625       -0.73622887352434       -0.35307642049677
H           -1.81765001904899       -0.79536305756184        2.59436455268982
H           -2.08074623397175        1.08504037125546       -0.64955657665392
H           -4.93363471566716        1.20376119468868        0.44644867910924
H           -4.38944804075755        1.97956630221884       -1.07292172088346
H           -3.20407261715259        2.53265546480797        1.39262008159440
H           -4.28630173946281       -1.04563147064966       -0.45286451637563
H           -4.18644658068169        0.23721050480551       -2.43809724442777
H           -1.36433537407597       -1.31304452049638       -1.27903624037577
H           -3.00300071595789       -2.77391023792455       -2.14258932868702
H           -2.86448435879121       -2.32144067181022        1.18893801210480
H           -1.09742709638276       -3.58464644028894        0.33604563105258
H            0.52327243132314        2.08455232765026        0.68445375869118
H           -0.00226278097266        1.11556503219967       -1.91224515354143
H            2.23512950453855        1.22929486259652       -1.68980419244646
H            1.55288882337744        3.45356928024774       -1.22495105417478
48
 energy: -84.792654545447 gnorm: 0.002343754881 xtb: 6.7.1 (edcfbbe)
C            5.60805819941914        1.06692037526825        0.29109785790002
O            4.46127174061795        1.28485905115120       -0.50750186988006
C            3.26839791307932        1.10116780405421        0.15796117056106
O            3.03632024424091       -0.28100957588961        0.31504531144756
C            1.89417276129812       -0.56784085510705        1.09187570064051
C            1.91075113791325       -2.08331241512338        1.31280110707693
O            3.07820050906635       -2.47468110193336        1.97996112214624
C            0.58452281417138       -0.04706871214974        0.45155010087019
O           -0.35664737140711       -0.07986247223626        1.51976898042179
C           -1.65371907454457       -0.60183132511064        1.52685496257864
O           -2.64911028117846        0.33572474109000        1.20362045378158
C           -2.94417500335055        0.62638858007122       -0.15862134781106
C           -4.07906546065938        1.65930800667766       -0.08450418304278
O           -3.67010112472410        2.81486996982367        0.58491276351738
C           -3.35589396255174       -0.64841536767027       -0.90342614238030
O           -3.51114366320579       -0.45193718092791       -2.29165061490481
C           -2.24950573345639       -1.69064715153067       -0.73367044802383
O           -2.62809190350828       -2.94223513817674       -1.25732882755795
C           -1.94534305526722       -1.91287833709686        0.75498476790841
O           -0.90669310545010       -2.83270350931095        0.92300526225984
C            0.74813575211033        1.38214931534735       -0.11040521212394
O           -0.20189782492204        1.67885320997380       -1.11507908071682
C            2.14257594531390        1.69730043651328       -0.68738298802117
O            2.32021760154729        3.08302900208157       -0.76471193810969
H            5.65839984311232        0.03127122418213        0.63873633857156
H            5.61053455166005        1.73959522737235        1.15584997040840
H            6.46182557802988        1.28375972789227       -0.34608447426414
H            3.27993378142672        1.59197641185326        1.15299001801150
H            1.98281573675266       -0.06391000184233        2.06869357374926
H            1.83644598992047       -2.57998457983402        0.33570813920015
H            1.06682689292232       -2.38004983843149        1.93211534424491
H            3.82232647781084       -2.10952374026295        1.48535672885255
H            0.30246342278850       -0.72765091158451       -0.35912839959573
H           -1.81623976921428       -0.78887575753677        2.59640598811740
H           -2.07788628401100        1.08399107851506       -0.64949763571435
H           -4.93871827685163        1.19790894910617        0.42646281089921
H           -4.38039199696285        1.97630684368838       -1.08636894812559
H           -3.21734632067406        2.52972456270010        1.38915102811168
H           -4.28515844134664       -1.04544098959676       -0.46242920700178
H           -4.16998879418020        0.23237375106748       -2.44729484771624
H           -1.35999441379178       -1.32918472844455       -1.27158427837074
H           -3.00004982693800       -2.78684147688307       -2.13420297549554
H           -2.87621782729018       -2.31133960274117        1.19686133029514
H           -1.11177589047862       -3.59280765978049        0.36153675067625
H            0.53693361270132        2.08468469659203        0.70361803785789
H           -0.00886471239060        1.14966737865291       -1.90101997288758
H            2.23028797150914        1.23668360808963       -1.68770234476481
H            1.55260154208722        3.46151722607096       -1.21384243891075
48
 energy: -84.792706353555 gnorm: 0.001399222712 xtb: 6.7.1 (edcfbbe)
C            5.60996962710917        1.06096275293635        0.28499808072428
O            4.46173325727889        1.28626208397961       -0.50961106541662
C            3.27009599103557        1.10318367200369        0.15822019789531
O            3.03625447938026       -0.27918493725470        0.31318932819681
C            1.89435035786497       -0.56756726192270        1.09077490365107
C            1.91038565368277       -2.08400290531838        1.30661916583860
O            3.08213755214687       -2.47861635719946        1.96400831382194
C            0.58441275186283       -0.04383659776171        0.45221651502243
O           -0.35756287944446       -0.07689046769552        1.51955635506323
C           -1.65536277772389       -0.59863389957451        1.52770078219439
O           -2.64966038995694        0.33965817992369        1.20241725636704
C           -2.94309871917401        0.62584407954247       -0.16133830392704
C           -4.08079768311243        1.65610825148589       -0.09342780164764
O           -3.67977623740535        2.81225305886469        0.57944362353224
C           -3.35077690155171       -0.65009878536530       -0.90614142852452
O           -3.49585411930802       -0.45442978359235       -2.29577999024099
C           -2.24876672380419       -1.69611590266947       -0.72850803318891
O           -2.63298858034534       -2.94814112662615       -1.24705608197371
C           -1.95010390721121       -1.91199841129906        0.76203448245689
O           -0.91665584538263       -2.83557108406577        0.94018828929792
C            0.75089180361520        1.38779244646019       -0.10178372124719
O           -0.20255780767976        1.69515822494984       -1.09883837236452
C            2.14312255273055        1.70190333079311       -0.68353449546519
O            2.32152455787124        3.08772198299048       -0.76016434011911
H            5.65553803192152        0.02459025311971        0.63065125856932
H            5.61876540807804        1.73230103909864        1.15081132225647
H            6.46278719444761        1.27429659192646       -0.35455465131951
H            3.28449008455093        1.59226771382866        1.15412452704746
H            1.98503696836614       -0.06715152284975        2.06942642017441
H            1.82807101965180       -2.57859254675699        0.32911245489172
H            1.07065944919022       -2.38154130452891        1.93160852979996
H            3.82361157483635       -2.11493165990726        1.46418192691655
H            0.30262136477334       -0.72066513053638       -0.36231024431017
H           -1.81663971228307       -0.78272110860737        2.59772769520462
H           -2.07674759633456        1.08458370175834       -0.65104847488860
H           -4.94306306019438        1.19240862120998        0.41073668357289
H           -4.37549569147749        1.97306740161990       -1.09725879086898
H           -3.22836619805894        2.52813299474452        1.38470615515686
H           -4.28400535865526       -1.04505510070355       -0.47178640749928
H           -4.15613537780702        0.22743858402082       -2.45626246749984
H           -1.35606577745164       -1.34167404733141       -1.26545550263639
H           -2.99796631734109       -2.79580112690575       -2.12729439325974
H           -2.88469990616805       -2.30284831623253        1.20298970591899
H           -1.12392058687321       -3.59956771443185        0.38479510396867
H            0.54727010067472        2.08531386686004        0.71825947134984
H           -0.01234260921659        1.17450811066541       -1.89095318667461
H            2.22731123541863        1.24248989782864       -1.68469509921278
H            1.54836964890672        3.46738900907841       -1.19920825202306
48
 energy: -84.792757975832 gnorm: 0.001529801195 xtb: 6.7.1 (edcfbbe)
C            5.61343931013968        1.05243552433741        0.27429022985867
O            4.46137762309174        1.28673209279937       -0.51226528773186
C            3.27221729547723        1.10507172734946        0.16027397996923
O            3.03584224178559       -0.27742601223346        0.31292845378804
C            1.89381544827526       -0.56767528522378        1.09127248047752
C            1.90973374137001       -2.08535498998070        1.29982335548691
O            3.08767327148871       -2.48351640316600        1.94409297203061
C            0.58347663248819       -0.03991233551764        0.45529175192286
O           -0.35895861484846       -0.07185594232020        1.52187399804441
C           -1.65766787231281       -0.59325976175203        1.52889024535424
O           -2.65077772305556        0.34582467813311        1.19948701687201
C           -2.94248405643599        0.62609206197070       -0.16582801234092
C           -4.08468822303993        1.65200395401576       -0.10443574544748
O           -3.69307384346228        2.80956981598258        0.57099823530304
C           -3.34418671096461       -0.65163095811905       -0.91038522974473
O           -3.47655432488293       -0.45805955125353       -2.30189294688786
C           -2.24689131618836       -1.70123457380426       -0.72273318752051
O           -2.63710043924220       -2.95401172908767       -1.23496635587282
C           -1.95423454020851       -1.90934142500213        0.77002979707121
O           -0.92539003684741       -2.83541928516771        0.95910338687259
C            0.75375477438952        1.39399741578582       -0.09093325431532
O           -0.20258611871402        1.71241628887495       -1.08059279641800
C            2.14377056560557        1.70680074781073       -0.67704791372484
O            2.32243814802021        3.09303198416952       -0.75348432704181
H            5.65477306815539        0.01511729118587        0.61699879299715
H            5.63247830378873        1.72174715551177        1.14158485458980
H            6.46294942235386        1.26209973948512       -0.37086963018015
H            3.29132888336450        1.59193892134858        1.15717793098059
H            1.98693456551034       -0.07241076171753        2.07227450003793
H            1.81715314489763       -2.57685605542240        0.32174792547300
H            1.07617040630836       -2.38511194811420        1.93233751075492
H            3.82480382856826       -2.11886986355605        1.43848039575314
H            0.30057111692692       -0.71245917891526       -0.36276234101881
H           -1.81981960422167       -0.77327467169701        2.59920191427896
H           -2.07687321252763        1.08718655094642       -0.65479581057633
H           -4.94834136462449        1.18474708044155        0.39361917871761
H           -4.37388268695608        1.96783768045078       -1.11014416739666
H           -3.24156695231070        2.52753549057602        1.37690325928957
H           -4.28195227686868       -1.04469955630904       -0.48441247670425
H           -4.13913381532800        0.22004117509498       -2.46896712743617
H           -1.35066983433148       -1.35492630424966       -1.25856837660098
H           -2.99481554593532       -2.80511906741850       -2.11863411760204
H           -2.89225798178784       -2.29292821266698        1.20977602034335
H           -1.13705120649565       -3.60644334045707        0.41497847086353
H            0.55785680102213        2.08676691593633        0.73482335542252
H           -0.01481724513365        1.20022290624222       -1.87849722433448
H            2.22483780497812        1.24893880193129       -1.67922889972950
H            1.53837905059953        3.47363996603852       -1.17332733939547
48
 energy: -84.792788416066 gnorm: 0.005432694766 xtb: 6.7.1 (edcfbbe)
C            5.61604834594205        1.04586400861001        0.26570148385272
O            4.46057131201846        1.28484062356373       -0.51434057291048
C            3.27352007867401        1.10506992471828        0.16235154771043
O            3.03468975468989       -0.27718924947585        0.31377578712560
C            1.89273698954768       -0.56759066397367        1.09261333385844
C            1.90823271409624       -2.08600186021220        1.29635949027207
O            3.08967264595354       -2.48720543038925        1.93257083326164
C            0.58228876183338       -0.03772481880089        0.45871569602942
O           -0.36019515718591       -0.06799197265207        1.52524170178576
C           -1.65921223124576       -0.58873292793953        1.52986022388205
O           -2.65202799935210        0.34993088785872        1.19713650727986
C           -2.94260427725853        0.62661885940885       -0.16900912695175
C           -4.08811860314633        1.64930324419706       -0.11079645470103
O           -3.70120298705149        2.80866106991826        0.56403676581465
C           -3.34024695175595       -0.65269574028408       -0.91314427846936
O           -3.46597203373003       -0.46108172380910       -2.30561820504615
C           -2.24465252455552       -1.70291446639398       -0.71974667849451
O           -2.63624982328119       -2.95688289334013       -1.22800977481598
C           -1.95471187275298       -1.90652818243407        0.77416461357345
O           -0.92642098562793       -2.83196708774335        0.96802044021347
C            0.75486222302880        1.39744873602197       -0.08436222099819
O           -0.20220111068125        1.72134138293621       -1.07171546772400
C            2.14415332367215        1.70933236513025       -0.67181983298652
O            2.32284914313277        3.09582578810656       -0.74779928028409
H            5.65652878914184        0.00788268185017        0.60647749883458
H            5.64210109418033        1.71367191671464        1.13389453077308
H            6.46234585432772        1.25421460127144       -0.38417477237101
H            3.29683042960973        1.59043713777546        1.15983242772564
H            1.98709678277740       -0.07500023507397        2.07452715844121
H            1.80982753174427       -2.57428788407993        0.31729192334424
H            1.07824375728722       -2.38746585955528        1.93257099949487
H            3.82370599248265       -2.11909779918954        1.42502741870676
H            0.29713665290599       -0.70792290951274       -0.36007502164231
H           -1.82394781343118       -0.76592928446847        2.60036519675671
H           -2.07775809319657        1.08956231035060       -0.65767286920662
H           -4.95106877193089        1.17975530614588        0.38635897440204
H           -4.37680878514474        1.96299098356320       -1.11733573536617
H           -3.24876925229631        2.52873310024823        1.37024155152529
H           -4.28001865821629       -1.04521255467594       -0.49132646618416
H           -4.12961283983439        0.21483542531597       -2.47706027003742
H           -1.34705296667575       -1.36030175184275       -1.25545033424074
H           -2.99113390383657       -2.81056124756825       -2.11326254738235
H           -2.89366068070866       -2.28840845513114        1.21315108355332
H           -1.14072935734910       -3.60762528740566        0.43168829217378
H            0.56162401841705        2.08811727582111        0.74394302558907
H           -0.01580901163528        1.21211465756294       -1.87192137301750
H            2.22374662518278        1.25259662687932       -1.67475596100730
H            1.53137377343797        3.47717012717330       -1.15303381755460
48
 energy: -84.792718312445 gnorm: 0.005666258233 xtb: 6.7.1 (edcfbbe)
C            5.61900640093833        1.03365108535430        0.25449822592822
O            4.45929998347820        1.28104260965863       -0.51691885059718
C            3.27503998128539        1.10436704113491        0.16551618972046
O            3.03036050594718       -0.27757887323033        0.31439914288339
C            1.89101750978931       -0.56638049671948        1.09879988713253
C            1.90458870475896       -2.08536117279731        1.30040314804434
O            3.11708846218978       -2.49716572206323        1.87525018750440
C            0.58050020575870       -0.03343890796729        0.46737413539191
O           -0.36418337095267       -0.06204066815034        1.53155840579520
C           -1.66412890338841       -0.58114967479845        1.53164120225811
O           -2.65453276320899        0.35811710148516        1.19269475842034
C           -2.94195823997455        0.62732399365561       -0.17587004954366
C           -4.09317384607434        1.64454928999888       -0.12646312762184
O           -3.71741839280635        2.80665337991761        0.54978924832947
C           -3.33187892683563       -0.65460964814901       -0.91980777717403
O           -3.44218525913007       -0.46521005072703       -2.31432756868791
C           -2.24129206562606       -1.70807143530208       -0.71395738205453
O           -2.63796823358920       -2.96363321517393       -1.21452697869867
C           -1.95948885889482       -1.90214355289299        0.78276519438531
O           -0.93531259251043       -2.82918004884343        0.99021169243273
C            0.75738168376435        1.40364387647578       -0.06999010925109
O           -0.20209486946750        1.73962119120519       -1.05040447437530
C            2.14428226573131        1.71341592765428       -0.66283288298077
O            2.32368102310309        3.10011745545565       -0.73867486109819
H            5.65573239266429       -0.00507589299269        0.59312676090867
H            5.65605117537529        1.69984606544556        1.12366150222411
H            6.46162391944995        1.23800225566165       -0.40158309619234
H            3.30520398799762        1.58758275389837        1.16386916009225
H            1.99289064468438       -0.07559842866585        2.08055649567376
H            1.76196683070270       -2.57090186214430        0.32251147549935
H            1.10488747748508       -2.38156566276880        1.98533204706837
H            3.82960228105131       -2.11997958464584        1.34321907041724
H            0.29440431269725       -0.69970085350698       -0.35397342943479
H           -1.83250902208965       -0.75325510099833        2.60251430051726
H           -2.07764025278253        1.09302721500612       -0.66294777003872
H           -4.95739102720908        1.17098916206946        0.36481451753384
H           -4.37635173995892        1.95537761207343       -1.13557261487349
H           -3.26527332622103        2.53014394186322        1.35738598696212
H           -4.27697392980729       -1.04504113715263       -0.50785609065339
H           -4.10802072532402        0.20642924583588       -2.49446029781639
H           -1.33967477276694       -1.37442803284048       -1.24840867731798
H           -2.98378558319704       -2.82258900313029       -2.10439013870072
H           -2.90245218966526       -2.27724319552786        1.21907652693626
H           -1.15291704977774       -3.61242135735437        0.46602559731805
H            0.57177918328765        2.08925336614210        0.76428283077888
H           -0.01828887116410        1.23937056873892       -1.85695708802782
H            2.21993632334750        1.25812493728314       -1.66685544898351
H            1.52056945987065        3.48311226181246       -1.12101153139568
48
 energy: -84.792785903546 gnorm: 0.002344456938 xtb: 6.7.1 (edcfbbe)
C            5.61885398282004        1.03284154359820        0.25437204104387
O            4.45942160374326        1.27952355271210       -0.51746291215542
C            3.27518562571969        1.10376887860361        0.16511400465875
O            3.02997021321008       -0.27791762579424        0.31359554906944
C            1.89064082000321       -0.56583994584373        1.09782471267008
C            1.90346253204812       -2.08513135718367        1.29848294148459
O            3.11080338423941       -2.49626681164768        1.87940854746575
C            0.58012973941333       -0.03285951762203        0.46696376544360
O           -0.36421468279699       -0.06108382452536        1.53173838993340
C           -1.66373253946559       -0.58084844898050        1.53216975561622
O           -2.65525031678929        0.35709788806734        1.19317795499727
C           -2.94228506304249        0.62685326668445       -0.17529021670003
C           -4.09317497513218        1.64424652333948       -0.12562968146010
O           -3.71628965211852        2.80684930569226        0.54907279095730
C           -3.33205240490467       -0.65532650505537       -0.91901131363524
O           -3.44374719133108       -0.46627621148347       -2.31325838198260
C           -2.24030948792688       -1.70747485360708       -0.71369920508190
O           -2.63496421183020       -2.96346215159622       -1.21472633053947
C           -1.95747284111205       -1.90204777113898        0.78275588071002
O           -0.93143489907115       -2.82722322811444        0.98881815629746
C            0.75701945184446        1.40448648582259       -0.07022964618720
O           -0.20240023694238        1.73925568680318       -1.05139783357057
C            2.14433477171968        1.71385064802913       -0.66255672050415
O            2.32468553931059        3.10035740308283       -0.73742951875783
H            5.65619577113713       -0.00583865685017        0.59328942494691
H            5.65495127771961        1.69911616663895        1.12333744124230
H            6.46156488358444        1.23765303149962       -0.40133202496294
H            3.30594498977522        1.58623711854850        1.16378165976718
H            1.99130722829126       -0.07382936188756        2.07910371635908
H            1.76094654291379       -2.57308061060514        0.32413261050734
H            1.10183260743007       -2.38194511614357        1.97456119630537
H            3.82433756977556       -2.11910614801579        1.34937196135718
H            0.29333914236694       -0.69923202636382       -0.35406836316924
H           -1.83243890775729       -0.75347338995105        2.60295175378823
H           -2.07776070355825        1.09243412286203       -0.66201314399911
H           -4.95673692275429        1.17127327632797        0.36728516471872
H           -4.37768968303033        1.95425240668583       -1.13456795729312
H           -3.26436285964793        2.53082270230023        1.35694643778912
H           -4.27634378468274       -1.04634074837676       -0.50604977645889
H           -4.10889632700071        0.20598456541415       -2.49312548240935
H           -1.33945157224227       -1.37221841434607       -1.24834307505161
H           -2.98206083197253       -2.82272170509267       -2.10399546911619
H           -2.89949383021559       -2.27923392121968        1.21918217795016
H           -1.14753429020906       -3.60949396886184        0.46306027813981
H            0.57058374885202        2.09078730426520        0.76334419922397
H           -0.01879251571766        1.23759912174433       -1.85706469360474
H            2.21925227530757        1.25891832643773       -1.66683896113453
H            1.52412693293005        3.48406175447204       -1.12226435999195
48
 energy: -84.792811057757 gnorm: 0.001270734438 xtb: 6.7.1 (edcfbbe)
C            5.61859005008215        1.03115061038850        0.25336316790396
O            4.45922737912620        1.27733054503741       -0.51858710706395
C            3.27520060517832        1.10273801001701        0.16455513033459
O            3.02900802238516       -0.27858780649684        0.31266912527654
C            1.88982243573271       -0.56551437095536        1.09677982691309
C            1.90189266204634       -2.08479355784434        1.29767460701470
O            3.10434620465777       -2.49596008607667        1.88522447358514
C            0.57940294632268       -0.03217016766937        0.46659674593335
O           -0.36429774587543       -0.06015772808872        1.53230415714734
C           -1.66338915254834       -0.58026780290637        1.53265281611080
O           -2.65597082387534        0.35626797530986        1.19378514908506
C           -2.94278293178156        0.62627889886946       -0.17464685458458
C           -4.09347781666006        1.64366799611270       -0.12480134957105
O           -3.71506165737508        2.80756461679043        0.54682105316211
C           -3.33244180606376       -0.65637035028621       -0.91785670886185
O           -3.44612113789630       -0.46810454404181       -2.31180983873672
C           -2.23895339204415       -1.70664247621740       -0.71353626807781
O           -2.63078384905736       -2.96334347341040       -1.21497909675421
C           -1.95493536853007       -1.90178596283906        0.78256863313974
O           -0.92635570827155       -2.82456748123537        0.98658149820194
C            0.75648804686841        1.40531293456762       -0.07058445353551
O           -0.20254155472710        1.73891075953495       -1.05291648396649
C            2.14435593490907        1.71472388292356       -0.66197979867531
O            2.32648558720753        3.10099284498445       -0.73461506263392
H            5.65669661003609       -0.00764216036688        0.59216437801570
H            5.65400089173667        1.69718984938551        1.12244333474766
H            6.46133147958595        1.23657066473379       -0.40204497127308
H            3.30708421429554        1.58445434520939        1.16350310787772
H            1.98991012809055       -0.07310580394678        2.07802362835951
H            1.76022829623210       -2.57176756047548        0.32386299751135
H            1.09614799638643       -2.38156730779088        1.96490854867633
H            3.81922534017614       -2.11881446102906        1.35731900390807
H            0.29153825165892       -0.69827997990831       -0.35417615523471
H           -1.83259977304502       -0.75343507585668        2.60335839482144
H           -2.07813906447425        1.09170435483071       -0.66118692297137
H           -4.95589090690252        1.17160245492545        0.37097228488974
H           -4.38027524534792        1.95176805302044       -1.13365201191535
H           -3.26329560811215        2.53293465277375        1.35524306054397
H           -4.27561655330372       -1.04821659659142       -0.50327375316385
H           -4.11030020672710        0.20507414550105       -2.49141716317332
H           -1.33901816870648       -1.36919032003594       -1.24846211533160
H           -2.97935580584959       -2.82316921769666       -2.10368194240435
H           -2.89556894113222       -2.28197685433025        1.21933816971583
H           -1.14042856416328       -3.60589371409403        0.45890572023217
H            0.56863894001409        2.09210842181232        0.76229280705395
H           -0.01917074392387        1.23541218986107       -1.85747759969750
H            2.21847651346334        1.26094736308127       -1.66684568335063
H            1.52867389308482        3.48661805001822       -1.12189303442301
48
 energy: -84.792824600070 gnorm: 0.001319406950 xtb: 6.7.1 (edcfbbe)
C            5.61865921801829        1.02823392119748        0.25046956239952
O            4.45872081533614        1.27505632737676       -0.52036992753057
C            3.27537506227769        1.10175044353549        0.16428374353557
O            3.02803649142795       -0.27916110376171        0.31221096596306
C            1.88922202135733       -0.56487614016453        1.09661577241338
C            1.90018492096925       -2.08433117255830        1.29734183349888
O            3.09817697798088       -2.49574248842115        1.89200332797679
C            0.57897223039687       -0.03139995747218        0.46702078145439
O           -0.36444749329622       -0.05932940490774        1.53326036329727
C           -1.66325082741736       -0.57947811905859        1.53287997632376
O           -2.65638400621055        0.35605203743731        1.19397067143274
C           -2.94358385121007        0.62571303940471       -0.17447383776332
C           -4.09443168248203        1.64275796743088       -0.12449622171427
O           -3.71436977336923        2.80903904051752        0.54216059427549
C           -3.33320520501351       -0.65763339843119       -0.91677403371834
O           -3.44928821287089       -0.47050220274586       -2.31047838309572
C           -2.23780184866977       -1.70588628724092       -0.71355380645651
O           -2.62650012387353       -2.96337773322827       -1.21539630703112
C           -1.95261434263369       -1.90133321580515        0.78217708973532
O           -0.92144359558094       -2.82176735211306        0.98412320650413
C            0.75582655966074        1.40607459776217       -0.07045213796642
O           -0.20252653313054        1.73840423636556       -1.05420803564015
C            2.14434661041046        1.71618580102300       -0.66038899251582
O            2.32820450343670        3.10227531148854       -0.72906785603795
H            5.65732808457978       -0.01100182395306        0.58815316600337
H            5.65448310062517        1.69327519069614        1.12029266655516
H            6.46098990213654        1.23443497401588       -0.40522622944169
H            3.30919634885248        1.58287041748371        1.16340754998794
H            1.98925795130475       -0.07216827257070        2.07775188210835
H            1.76272311828439       -2.56936563965065        0.32208014739934
H            1.08905787460829       -2.38091211926928        1.95765366346254
H            3.81527898304724       -2.11935049236057        1.36665358244680
H            0.29027637449235       -0.69725111338442       -0.35335327530766
H           -1.83323349880723       -0.75288290149698        2.60357209450640
H           -2.07913239203513        1.09110738399590       -0.66133703616111
H           -4.95498104400776        1.17180991198060        0.37558690868539
H           -4.38472689545038        1.94754734483392       -1.13335177963723
H           -3.26235435428266        2.53717125931117        1.35135740872000
H           -4.27510312322202       -1.05037776980112       -0.50012099481714
H           -4.11241467284060        0.20372030916657       -2.48982591292168
H           -1.33885222533629       -1.36605169409810       -1.24880375083727
H           -2.97628493683943       -2.82382665936272       -2.10370312408013
H           -2.89173094961633       -2.28475150980018        1.21939063110834
H           -1.13334205249512       -3.60246006664230        0.45468444282326
H            0.56601568624028        2.09301616414184        0.76185358575720
H           -0.01897499881341        1.23323655880094       -1.85769546645643
H            2.21799132906378        1.26495775088410       -1.66640994700406
H            1.53265437789740        3.49052740931778       -1.11798111732613
48
 energy: -84.792841598196 gnorm: 0.001102813497 xtb: 6.7.1 (edcfbbe)
C            5.61928405688110        1.02326535443877        0.24416035612195
O            4.45762683829517        1.27302975876470       -0.52319624707522
C            3.27581471061982        1.10108997205603        0.16462323271169
O            3.02716707365504       -0.27939759769761        0.31235918733284
C            1.88896303544773       -0.56401798238732        1.09748855125093
C            1.89944019239456       -2.08350408381140        1.29814237541701
O            3.09292092045256       -2.49535129303720        1.90160847382998
C            0.57887737944586       -0.03066141736643        0.46839893870892
O           -0.36482516244316       -0.05866598725332        1.53456489015096
C           -1.66355324824906       -0.57857312271903        1.53264788543887
O           -2.65643496126141        0.35668183136022        1.19324436174215
C           -2.94502073321490        0.62515462618381       -0.17523227678187
C           -4.09657361806213        1.64128590108198       -0.12496730625898
O           -3.71443429026891        2.81174276103190        0.53337106953078
C           -3.33468345484567       -0.65921142866632       -0.91598067166276
O           -3.45387028904630       -0.47369533824771       -2.30949672954299
C           -2.23702103040668       -1.70513158961589       -0.71391424939774
O           -2.62228007566735       -2.96341175055504       -1.21627407438444
C           -1.95102855806062       -1.90071897975594        0.78147016235816
O           -0.91763014523878       -2.81924165478916        0.98166328107754
C            0.75498018413850        1.40687615775298       -0.06937631666548
O           -0.20233620419404        1.73745624087971       -1.05496660443230
C            2.14427016403001        1.71905848791987       -0.65686145549859
O            2.32945698128445        3.10518334079100       -0.71865631455368
H            5.65815782258075       -0.01703273157768        0.57876036915115
H            5.65757562356665        1.68576786187013        1.11585885560400
H            6.46026298621214        1.23073084685528       -0.41292063702925
H            3.31308220399670        1.58162215088597        1.16388995569824
H            1.98953841720896       -0.07129845480413        2.07846395376932
H            1.77072010414284       -2.56648982726772        0.32008991322871
H            1.08198666650824       -2.38046827060592        1.95208517696811
H            3.81385850353347       -2.12097757261142        1.37996291381858
H            0.28979414608645       -0.69647500465094       -0.35148647318464
H           -1.83478276658584       -0.75183543741919        2.60333997469114
H           -2.08128125833261        1.09072675343155       -0.66327682846653
H           -4.95393727608791        1.17190580050010        0.38211665299444
H           -4.39261337909095        1.94039877010327       -1.13390129368598
H           -3.26124665283799        2.54495606630760        1.34358333889455
H           -4.27510315927078       -1.05290023377955       -0.49667477227584
H           -4.11587643392224        0.20171507491932       -2.48846572847266
H           -1.33901040852185       -1.36264863008266       -1.24929386428425
H           -2.97283559817538       -2.82438984444050       -2.10438109289362
H           -2.88873988335267       -2.28711983095595        1.21913172758548
H           -1.12715556462688       -3.59933801271201        0.45032034713598
H            0.56238301939083        2.09364740883101        0.76244979087830
H           -0.01772684660530        1.23099728730688       -1.85742936808307
H            2.21795520819496        1.27267899158547       -1.66501633759426
H            1.53588466328338        3.49658339249575       -1.10853964867797
48
 energy: -84.792859859414 gnorm: 0.001250231796 xtb: 6.7.1 (edcfbbe)
C            5.62077391076363        1.01526280030389        0.23297243925145
O            4.45589795021423        1.27166489155077       -0.52740542561792
C            3.27680785510907        1.10112147027154        0.16580207636309
O            3.02658687785129       -0.27896571627641        0.31285015357928
C            1.88933997160774       -0.56312373829269        1.09937772277049
C            1.90011825252826       -2.08240205430757        1.30008798750686
O            3.08862024906516       -2.49320934245254        1.91506970439043
C            0.57924147103286       -0.02995842726261        0.47081165495138
O           -0.36554901792136       -0.05796787088782        1.53607450036918
C           -1.66440749741927       -0.57756409609744        1.53190373154129
O           -2.65632066273754        0.35818277131630        1.19118680999241
C           -2.94735592108601        0.62444358077881       -0.17733328519647
C           -4.10027941095915        1.63893790812496       -0.12657940665450
O           -3.71556173473246        2.81567065187430        0.51928535196746
C           -3.33677002471257       -0.66134970637147       -0.91585368014789
O           -3.45941470641463       -0.47800956206457       -2.30929369396494
C           -2.23661571568932       -1.70465744484294       -0.71458644197522
O           -2.61821203787341       -2.96369971354288       -1.21764335081373
C           -1.95049501125409       -1.89998365923327        0.78064547478698
O           -0.91583143653890       -2.81741540413991        0.98025856051940
C            0.75418162543587        1.40800059052882       -0.06653250207515
O           -0.20207888786177        1.73657538787601       -1.05399128714389
C            2.14421085011625        1.72420524446590       -0.65050941746926
O            2.33008775705496        3.11074448471043       -0.70157243872560
H            5.65910616761638       -0.02702834241065        0.56150435181025
H            5.66465972664874        1.67283616295677        1.10818711517412
H            6.45899666307728        1.22460349328526       -0.42708722007400
H            3.31967101634594        1.58050092149580        1.16543496546377
H            1.99086481527645       -0.07041441040450        2.08012452198673
H            1.78311828437541       -2.56481934522339        0.31975955586289
H            1.07672186754889       -2.38074536427009        1.94687540843663
H            3.81486584497056       -2.12225499811861        1.39822125404307
H            0.29031489566411       -0.69568996170582       -0.34905249369700
H           -1.83742622936534       -0.75029663787675        2.60251248154193
H           -2.08498913890347        1.09055707162498       -0.66749922066781
H           -4.95276577967100        1.17172285634038        0.39079195728554
H           -4.40484366972847        1.92948657637902       -1.13559193913120
H           -3.25973313472266        2.55678854573984        1.33055892368375
H           -4.27560147799136       -1.05605521136572       -0.49372527933665
H           -4.12044096712751        0.19848940122758       -2.48785815355471
H           -1.33939640157501       -1.35932849057621       -1.24962614562468
H           -2.96907749362435       -2.82507745379947       -2.10569659785573
H           -2.88743113025805       -2.28815835021055        1.21845674573244
H           -1.12303532553641       -3.59671755006362        0.44677911805627
H            0.55799008046630        2.09392859046232        0.76524811662440
H           -0.01529315496675        1.22995058604229       -1.85591073216441
H            2.21831763385977        1.28564644945005       -1.66208137848255
H            1.53843210519342        3.50557117669885       -1.09186314768037
48
 energy: -84.792876142016 gnorm: 0.001034628897 xtb: 6.7.1 (edcfbbe)
C            5.62267649191084        1.00553183884935        0.21926458460286
O            4.45393749394033        1.27136539905284       -0.53200201912551
C            3.27810953726061        1.10184115936900        0.16743469235950
O            3.02608920457873       -0.27797374220159        0.31298714380995
C            1.88989699797195       -0.56229259159719        1.10134410713977
C            1.90189138860799       -2.08110733681435        1.30298157748945
O            3.08661743603327       -2.48943265491711        1.92829857969569
C            0.57964540035205       -0.02909769328220        0.47313952106783
O           -0.36649756506605       -0.05726676747023        1.53707390404722
C           -1.66554380176204       -0.57675538033286        1.53078686381805
O           -2.65627665063424        0.35995156133005        1.18836465075863
C           -2.94985886086334        0.62345466523275       -0.18025130092116
C           -4.10446509307837        1.63600088546927       -0.12914985931785
O           -3.71751912936519        2.81924467557345        0.50352860351076
C           -3.33849773180641       -0.66378784089065       -0.91660574268163
O           -3.46326197016876       -0.48253159105032       -2.31017408100095
C           -2.23636474416486       -1.70494305770853       -0.71519864731026
O           -2.61522874315050       -2.96457242217565       -1.21873302741370
C           -1.95131287510183       -1.89952837641441        0.78026937471378
O           -0.91715937960377       -2.81726622925493        0.98126774413312
C            0.75374309235066        1.40979979646127       -0.06214624664052
O           -0.20191241834129        1.73744569298558       -1.05050787337517
C            2.14419605615408        1.73076135553628       -0.64267512937649
O            2.33024389508629        3.11792859792378       -0.68162434433065
H            5.65944396602370       -0.03930457960274        0.53976427973994
H            5.67432955894059        1.65655285430137        1.09897499720154
H            6.45738983486189        1.21686793880310       -0.44463345667406
H            3.32740406505572        1.57936318521456        1.16769845108425
H            1.99269559781435       -0.06958009256040        2.08191267378012
H            1.79488747194174       -2.56456026125534        0.32191125884326
H            1.07477872461406       -2.38108978371320        1.94421845990202
H            3.81746404152492       -2.12175320520533        1.41565524701065
H            0.29155040896865       -0.69428962553947       -0.34760082153336
H           -1.84015159454709       -0.74867756669720        2.60125459850398
H           -2.08907529116918        1.09036911919964       -0.67269650311025
H           -4.95178991077068        1.17112686762383        0.39873197904632
H           -4.41775968731558        1.91746347816843       -1.13814285035740
H           -3.25797638034634        2.56889648346155        1.31532254893893
H           -4.27630495690646       -1.05928918356495       -0.49283561689473
H           -4.12396775476329        0.19434496366181       -2.48868002510594
H           -1.33942542031495       -1.35762917559610       -1.24945134940334
H           -2.96599861462120       -2.82624020921759       -2.10686606244952
H           -2.88867813162899       -2.28711184768072        1.21774765080220
H           -1.12302680707886       -3.59577165098555        0.44608289592770
H            0.55452710282625        2.09393293767981        0.77050962572842
H           -0.01245271793468        1.23256308715037       -1.85293503308873
H            2.21873151407960        1.30125056296897       -1.65808991855806
H            1.54025685298340        3.51579452292999       -1.07203865880894
48
 energy: -84.792887995202 gnorm: 0.000617203592 xtb: 6.7.1 (edcfbbe)
C            5.62423506943765        0.99600101704835        0.20667103576602
O            4.45232590174401        1.27169093360287       -0.53599380923169
C            3.27941186933432        1.10279662495601        0.16876208846508
O            3.02548471263333       -0.27683532375180        0.31236223463479
C            1.89025810004434       -0.56110177384878        1.10271443183649
C            1.90303936996891       -2.07955027577349        1.30589037860692
O            3.08599832747163       -2.48488355846679        1.93718888980400
C            0.57983147238989       -0.02780944134803        0.47473474876772
O           -0.36755836848269       -0.05655206542634        1.53732315932530
C           -1.66659858955184       -0.57637761450194        1.52980095547597
O           -2.65665164374692        0.36100143752587        1.18589474478854
C           -2.95168343422002        0.62207898995753       -0.18292535109532
C           -4.10763198414183        1.63310808619046       -0.13208857933774
O           -3.71946106410841        2.82109416073771        0.49066591187129
C           -3.33905673870695       -0.66625112611667       -0.91793557859628
O           -3.46388850411346       -0.48638321196019       -2.31177200334198
C           -2.23604902712128       -1.70630871311432       -0.71539793677981
O           -2.61351722023372       -2.96636333716815       -1.21894612290437
C           -1.95271662228830       -1.89958984659849        0.78057608768422
O           -0.92039905895149       -2.81861197887668        0.98446170188214
C            0.75378427956073        1.41232647614954       -0.05725663680692
O           -0.20194747617071        1.74125215024233       -1.04504811144737
C            2.14428991591286        1.73711302971028       -0.63550097393050
O            2.33069027745259        3.12473784226776       -0.66406481860511
H            5.65868459367529       -0.05127551726978        0.51917364975037
H            5.68355471551132        1.64037692843028        1.09072564414066
H            6.45582559748776        1.20898735158620       -0.46059043709588
H            3.33437767239687        1.57801088184588        1.16983171037203
H            1.99431002815030       -0.06774636031698        2.08284938837006
H            1.80119151606790       -2.56528898792106        0.32570175555111
H            1.07476673165235       -2.38024809620371        1.94466022181903
H            3.81915442656927       -2.11892738125181        1.42680014302372
H            0.29288752386185       -0.69176402838346       -0.34765669823705
H           -1.84201844628244       -0.74743978935326        2.60019188176152
H           -2.09202455926643        1.08972607366524       -0.67683655932236
H           -4.95112287644332        1.17009781484515        0.40330720604134
H           -4.42705488182061        1.90756913085231       -1.14103630677302
H           -3.25620050446894        2.57727973348769        1.30222764250399
H           -4.27664126256049       -1.06221061975353       -0.49417002568300
H           -4.12505840133798        0.18996480564036       -2.49072542377328
H           -1.33893399797265       -1.35829371726323       -1.24875352484389
H           -2.96413478045430       -2.82833287673794       -2.10718499292363
H           -2.89141969540254       -2.28481088820727        1.21734049723987
H           -1.12602524140020       -3.59662941049831        0.44843666053133
H            0.55334684112937        2.09397212413434        0.77720995243690
H           -0.01046010931338        1.23977236173774       -1.84915127688202
H            2.21860893292480        1.31549755885179       -1.65416940237329
H            1.54219651677505        3.52512919144193       -1.05481070577283
48
 energy: -84.792896296256 gnorm: 0.000611371122 xtb: 6.7.1 (edcfbbe)
C            5.62509820043387        0.98711588698890        0.19629925282833
O            4.45104815504176        1.27184933737011       -0.53935152398656
C            3.28040208860556        1.10352291975487        0.16940749573020
O            3.02431785932600       -0.27591563761246        0.31101301735008
C            1.88989776184859       -0.55934639447640        1.10319256122714
C            1.90297902274950       -2.07736714604555        1.30884933273131
O            3.08562905930426       -2.48086878378728        1.94206136814930
C            0.57941578052239       -0.02587556369216        0.47537713500054
O           -0.36866072266282       -0.05578590019332        1.53713649320614
C           -1.66742152758338       -0.57636426130470        1.52904630564425
O           -2.65750943754401        0.36098860583232        1.18425685359574
C           -2.95255394897837        0.62031464279669       -0.18488903025625
C           -4.10934823897243        1.63043557645097       -0.13502954994739
O           -3.72068720871844        2.82132106020953        0.48152884727877
C           -3.33858400606804       -0.66873249191014       -0.91930065681793
O           -3.46213552322008       -0.48963049570545       -2.31342376280600
C           -2.23529943732227       -1.70827795849537       -0.71519816063200
O           -2.61228680355960       -2.96872123683523       -1.21822454376191
C           -1.95396580161096       -1.90016427407096        0.78134397261397
O           -0.92361933032583       -2.82047923843268        0.98836000975443
C            0.75392990081261        1.41577903508967       -0.05245581278980
O           -0.20223176471788        1.74760703234622       -1.03870782968054
C            2.14436065032727        1.74267045329681       -0.62978457976065
O            2.33189414091148        3.13041574670161       -0.65033316052981
H            5.65699750893680       -0.06229209625512        0.50163884420117
H            5.69081809673694        1.62537574537422        1.08424337270608
H            6.45443850751161        1.20146139325589       -0.47329339355326
H            3.33996293781450        1.57639599047800        1.17131459976585
H            1.99528450428104       -0.06498142823524        2.08273425481772
H            1.80178073098409       -2.56525427319401        0.32995170483095
H            1.07473470557374       -2.37743980741235        1.94729962451990
H            3.81917136696875       -2.11507892062127        1.43225663084499
H            0.29349064156873       -0.68814432039590       -0.34891304930316
H           -1.84303916754846       -0.74680456955997        2.59943414112977
H           -2.09326981719057        1.08838216280964       -0.67918047155550
H           -4.95075309612620        1.16874127142200        0.40459647333962
H           -4.43191042869590        1.90029413005533       -1.14415820099462
H           -3.25447266759625        2.58165954887021        1.29255628285660
H           -4.27648528372663       -1.06487477570403       -0.49648166644889
H           -4.12423066468791        0.18561833013008       -2.49321277028153
H           -1.33770971838526       -1.36051662830811       -1.24783726763107
H           -2.96297565197857       -2.83114483033851       -2.10651098199762
H           -2.89410307103204       -2.28282938313553        1.21738272060416
H           -1.12936773991913       -3.59835408637238        0.45214715511481
H            0.55387478704787        2.09477787993486        0.78427412673354
H           -0.00969431651612        1.25015264101398       -1.84502896220919
H            2.21765300977838        1.32709136867604       -1.65092379238909
H            1.54513586136719        3.53327250957124       -1.04197596207642
48
 energy: -84.792899341099 gnorm: 0.000260876353 xtb: 6.7.1 (edcfbbe)
C            5.62478886358033        0.98572101503806        0.19557084206549
O            4.45086962519359        1.27172669563559       -0.53952499947518
C            3.28035631254615        1.10349654035739        0.16936903409867
O            3.02381553403217       -0.27584337875306        0.31068646834660
C            1.88959070217796       -0.55855891471104        1.10317219990034
C            1.90183916081178       -2.07663154198622        1.30931122947147
O            3.08498041694693       -2.48069187852730        1.94064126774326
C            0.57915472186880       -0.02524119831136        0.47549287796474
O           -0.36893099741473       -0.05567577496750        1.53726663703548
C           -1.66747779943817       -0.57647550327553        1.52906039753148
O           -2.65788765381161        0.36041304578087        1.18436956037197
C           -2.95225510293308        0.61982327500083       -0.18487632806029
C           -4.10873800724495        1.63029685877934       -0.13562766987554
O           -3.72007630315825        2.82088289271541        0.48153639977879
C           -3.33818590450905       -0.66927596528932       -0.91934383648588
O           -3.46165678152637       -0.49029283731845       -2.31343228540901
C           -2.23495189914963       -1.70881988921617       -0.71518943699469
O           -2.61176850006405       -2.96939762525893       -1.21802893286914
C           -1.95337654315803       -1.90041965404048        0.78130293599976
O           -0.92249698819231       -2.82015058547276        0.98824639824622
C            0.75380335697272        1.41655662963922       -0.05178832227142
O           -0.20238905751402        1.74949926132517       -1.03752616712798
C            2.14427350127870        1.74323490389174       -0.62922992845284
O            2.33246488100524        3.13076442672893       -0.64934638223039
H            5.65633837232260       -0.06400379421969        0.49964608534273
H            5.69086613802352        1.62276782908893        1.08424619563588
H            6.45419012543977        1.20056761482215       -0.47381099579371
H            3.34025674779731        1.57588582016164        1.17144228590964
H            1.99511992855029       -0.06357351171110        2.08241035235784
H            1.79864386546655       -2.56437292474585        0.33051796735352
H            1.07383301044863       -2.37574952374877        1.94881246243913
H            3.81758075981954       -2.11400527351210        1.43010010286065
H            0.29318924216570       -0.68703756397070       -0.34898203069660
H           -1.84314027919957       -0.74701380588754        2.59949190843537
H           -2.09263945912817        1.08762021091148       -0.67876926804216
H           -4.95059668438923        1.16868736747491        0.40335466612844
H           -4.43059243233805        1.90048226288166       -1.14488719951213
H           -3.25387533341459        2.58072956111391        1.29246916894976
H           -4.27602106634873       -1.06544840501194       -0.49647779328883
H           -4.12408525267793        0.18452821109996       -2.49344407713803
H           -1.33745097557252       -1.36107807934395       -1.24797098282076
H           -2.96312876828115       -2.83192540382366       -2.10610330532740
H           -2.89325015046894       -2.28366071298095        1.21738959437207
H           -1.12818133693495       -3.59841282938220        0.45258391699306
H            0.55419670657006        2.09498669091666        0.78536785257447
H           -0.01017263188294        1.25281409875602       -1.84428376807642
H            2.21700443393007        1.32794323514992       -1.65046367843303
H            1.54616940559627        3.53432689490043       -1.04126397221618
