100 seed=col frame=0 Ef=-84.847315486 Eb=-84.847315486
110 seed=col frame=1 Ef=-84.846668348 Eb=-84.843781513
120 seed=col frame=2 Ef=-84.845034346 Eb=-84.841963442
130 seed=col frame=3 Ef=-84.843079131 Eb=-84.840597865
140 seed=col frame=4 Ef=-84.841231079 Eb=-84.840692558
150 seed=colb frame=31 Ef=-84.841457049 Eb=-84.841735545
160 seed=colb frame=30 Ef=-84.841809593 Eb=-84.842569813
170 seed=colb frame=29 Ef=-84.841304454 Eb=-84.842494020
-180 seed=colb frame=28 Ef=-84.839621724 Eb=-84.841476692
-170 seed=colb frame=27 Ef=-84.836909765 Eb=-84.840225772
-160 seed=colb frame=26 Ef=-84.834425170 Eb=-84.839621572
-150 seed=colb frame=25 Ef=-84.832711000 Eb=-84.839821178
-140 seed=colb frame=24 Ef=-84.831688176 Eb=-84.840144261
-130 seed=colb frame=23 Ef=-84.830473430 Eb=-84.839802770
-120 seed=colb frame=22 Ef= Eb=-84.829014039
-110 seed=colb frame=21 Ef= Eb=-84.829045904
-100 seed=colb frame=20 Ef= Eb=-84.829349968
-90 seed=colb frame=19 Ef=-84.821549287 Eb=-84.830328552
-80 seed=col frame=18 Ef=-84.822422115 Eb=-84.819041740
-70 seed=col frame=19 Ef=-84.824105968 Eb=-84.821863543
-60 seed=col frame=20 Ef=-84.824950075 Eb=-84.823299320
-50 seed=col frame=21 Ef=-84.824806008 Eb=-84.823514282
-40 seed=col frame=22 Ef= Eb=
-30 seed=col frame=23 Ef= Eb=
-20 seed=col frame=24 Ef= Eb=
-10 seed=colb frame=11 Ef= Eb=-84.825432954
0 seed=colb frame=10 Ef= Eb=-84.826498732
10 seed=col frame=27 Ef=-84.825432955 Eb=
20 seed=col frame=28 Ef=-84.826961656 Eb=
30 seed=col frame=29 Ef= Eb=
40 seed=colb frame=6 Ef= Eb=-84.834952298
50 seed=colb frame=5 Ef= Eb=-84.838634872
60 seed=colb frame=4 Ef=-84.832206873 Eb=-84.842794919
70 seed=colb frame=3 Ef=-84.833294697 Eb=-84.845953338
80 seed=colb frame=2 Ef=-84.836398563 Eb=-84.845576439
90 seed=colb frame=1 Ef=-84.837547774 Eb=-84.846926174
