48
 energy: -84.842365224770 gnorm: 0.073928350373 xtb: 6.7.1 (edcfbbe)
C            3.84808903936417       -0.44964366225138        1.01398714025544
O            3.20026950324391       -0.73242359598653       -0.22227078866152
C            3.18867886223556        0.34300788168048       -1.12433822673770
O            2.47905551096678        1.44888952294440       -0.64481820552564
C            1.07534336178055        1.48554330670401       -0.91858617410080
C            0.45696274115418        2.33010567783176        0.20085272983255
O            0.83437079142722        3.67815927279640        0.11318411370524
C            0.49335728883845        0.07098466278067       -0.98794922124515
O           -0.90014453311516        0.14153324000728       -1.24252869262724
C           -1.76017187907014       -0.76620153911561       -0.55227511345291
O           -1.22594849266034       -1.28985049824190        0.61276306877951
C           -1.48377098535740       -0.49279864472252        1.77487877660473
C           -0.63758676401489       -1.06286028696546        2.91797820064731
O            0.73505585953218       -1.06717310363967        2.61041986022976
C           -2.98793137682482       -0.49461463535050        2.11999130842523
O           -3.35733102385898        0.67238225121151        2.80255308968505
C           -3.83227902804873       -0.69361895572911        0.83790952516246
O           -4.04424724188681       -2.04111091646572        0.51236655002457
C           -3.11544581727947       -0.04569061045465       -0.35277038167913
O           -2.97302768646713        1.32443171152816       -0.08398661789621
C            1.17652913769527       -0.73446927578960       -2.12212447203617
O            1.20910097134259       -2.10765303674489       -1.84212354746529
C            2.58625666253507       -0.19205940434168       -2.43251270291463
O            2.48727649473932        0.80658002435612       -3.41025162346438
H            3.30765049473890        0.32133148955893        1.56565946224326
H            4.87583366466701       -0.12406114431764        0.83450733423844
H            3.83896352793836       -1.37908627142679        1.57474717540350
H            4.21708248766998        0.71708570918788       -1.26771025115507
H            0.91194421308516        1.98239967666161       -1.88468873705660
H            0.76185895347501        1.90516803394870        1.16782373201716
H           -0.62982829346997        2.31137096998083        0.11592942219853
H            1.80123526175068        3.72738669487745        0.11662463754532
H            0.67800674067347       -0.43668119105456       -0.03518090839333
H           -1.91290422656664       -1.64718374467601       -1.19693011376676
H           -1.17305456170962        0.54093767035829        1.57699808603457
H           -0.98344512113765       -2.07708854124405        3.14669708033166
H           -0.76260299339945       -0.42776505578874        3.79628272187856
H            0.87046280398805       -1.70896106332943        1.90002880827045
H           -3.20040150547181       -1.31770307492221        2.81070131651723
H           -3.27226862321096        1.42868213751944        2.20044522646133
H           -4.78681537041535       -0.16793749946526        0.98790655068394
H           -4.59300579542747       -2.45966902520539        1.19243486298997
H           -3.71527342835504       -0.20660472353266       -1.25611404185071
H           -2.63978329479710        1.75888017577283       -0.88211537251693
H            0.56590666874219       -0.61987163493029       -3.02441913648823
H            1.82678434195213       -2.25502513529201       -1.10866481299258
H            3.19559474078186       -1.03651842122579       -2.78160303676732
H            3.36559375065907        1.03946522027787       -3.74622367718716
48
 energy: -84.847491635974 gnorm: 0.009423093264 xtb: 6.7.1 (edcfbbe)
C            3.84724530373632       -0.45142071218310        1.01208413538640
O            3.20175330667565       -0.73561960361861       -0.22544603601008
C            3.18500535675824        0.34314619190558       -1.12345958221594
O            2.47087255286554        1.44172471257531       -0.63167874622795
C            1.06529373985304        1.47896972707619       -0.89720310752270
C            0.44803350070860        2.32447689556503        0.21841561550596
O            0.82891982622860        3.67172060685738        0.12444977946558
C            0.49495150950075        0.06434318854081       -1.03615950871126
O           -0.90141191957681        0.10405371641112       -1.27940878785400
C           -1.75840155904679       -0.76826270566959       -0.54342791273255
O           -1.22450318966237       -1.27106444004673        0.62968891199169
C           -1.48519952781940       -0.47583036931255        1.78765887311976
C           -0.63736718280141       -1.05511980412765        2.92485463447818
O            0.73460970918053       -1.06254076744912        2.61340883393899
C           -2.99041373280360       -0.48788884213641        2.12525538311994
O           -3.36498219902699        0.67760132583248        2.80662751672245
C           -3.83073645808701       -0.68985011690058        0.84050432291090
O           -4.04065127407460       -2.03809194083206        0.51559669185603
C           -3.11289448154826       -0.04429662622743       -0.35123325196769
O           -2.97120439000283        1.32680566753866       -0.08789686004894
C            1.18739769810021       -0.74266544398111       -2.15290378007283
O            1.21939608054456       -2.11352443689492       -1.86130767607536
C            2.59575268285706       -0.19009645389591       -2.43986915138841
O            2.49631358307422        0.81028582504356       -3.41538043637048
H            3.30478904461655        0.31839479181933        1.56369383648481
H            4.87448159028212       -0.12317232709102        0.83397944939250
H            3.83982715706729       -1.38079173991750        1.57297091953771
H            4.21225793045123        0.72248306651014       -1.26257334988264
H            0.90862745305968        1.98943900362559       -1.85861338829680
H            0.75379366383566        1.90049165681583        1.18482058811860
H           -0.63815134701405        2.30788933419465        0.12896751557762
H            1.79599134547577        3.71994663306109        0.12277840999028
H            0.67829133924604       -0.44627782518638       -0.08241276825072
H           -1.91990158801743       -1.66191340396985       -1.16923833815723
H           -1.17501928858862        0.55715210070714        1.58833745939625
H           -0.98488947112729       -2.07020862926530        3.14844794384847
H           -0.75945467324654       -0.42423718942664        3.80610072626628
H            0.86719640953067       -1.70378248764611        1.90178090416580
H           -3.20157153789068       -1.31290981165581        2.81416010101434
H           -3.27763744372705        1.43366767097361        2.20460835787051
H           -4.78658529154375       -0.16578118768285        0.98748962565475
H           -4.59199264230813       -2.45674801186970        1.19353830643327
H           -3.71281595068229       -0.20989043220910       -1.25382667822180
H           -2.63676107001615        1.75831536861650       -0.88695493629549
H            0.58024454892397       -0.63070376390576       -3.05693727996336
H            1.82643648686954       -2.25391412542385       -1.11722486273267
H            3.21020555560409       -1.03157441425754       -2.78649897442138
H            3.37485467630483        1.04727076670476       -3.74707850455097
48
 energy: -84.848362446711 gnorm: 0.006274272968 xtb: 6.7.1 (edcfbbe)
C            3.84494315615392       -0.45696652447527        1.00833939263316
O            3.20339896781584       -0.74165005902847       -0.23140175769794
C            3.18360023773436        0.34207190949983       -1.12367310272119
O            2.46158966065443        1.43270802159469       -0.62674329356794
C            1.05685065725629        1.46927513946614       -0.89931436825159
C            0.43818094899592        2.30026692351960        0.22676200587265
O            0.81681643683932        3.64839163650617        0.13561001700239
C            0.49102022323960        0.05107468635085       -1.05315281901541
O           -0.90551027025325        0.08629751457044       -1.29715137155716
C           -1.75558945451392       -0.77575348256093       -0.53963333084077
O           -1.21355767983278       -1.25187805633471        0.64079398530066
C           -1.48573860276760       -0.45911839658500        1.79706845187723
C           -0.63876306151278       -1.04093518877493        2.93428556948076
O            0.73278988063351       -1.04973596647711        2.62123860166957
C           -2.99179601877336       -0.47813040005657        2.13119413925322
O           -3.37666997474716        0.68493050379655        2.81160682774838
C           -3.82694964603475       -0.68542977149362        0.84369187605159
O           -4.03522692651238       -2.03492893793798        0.52248971101574
C           -3.10688758819444       -0.04524227218611       -0.34982338057871
O           -2.96265931185386        1.32694122230893       -0.09279078248245
C            1.19481942971440       -0.73694879302157       -2.17492735527683
O            1.22894075257701       -2.10828728492002       -1.88806288088511
C            2.60514305636425       -0.18295032135773       -2.44841602892476
O            2.51059860363652        0.82415617468114       -3.41741538944780
H            3.29876750569450        0.31071636452461        1.55939995558003
H            4.87143958023623       -0.12466854038403        0.83285482737436
H            3.83946187572079       -1.38672791905440        1.56847040568586
H            4.20883482507451        0.72935860613193       -1.25621641685436
H            0.90442678154769        2.00034428848472       -1.85290164858956
H            0.74573499784870        1.87754681573674        1.19332694655258
H           -0.64830648243562        2.28563456658612        0.14036364964377
H            1.78381235214187        3.69992741428073        0.13048729613672
H            0.67252807688671       -0.47521380781112       -0.10472894710968
H           -1.92469997887231       -1.68166991185080       -1.14723416048545
H           -1.18005044482305        0.57610403808750        1.60402773881178
H           -0.98743057615240       -2.05683867387696        3.15228805459762
H           -0.75879640265923       -0.41498050270648        3.81933473666377
H            0.86368030591403       -1.68945750357871        1.90786998282099
H           -3.20101064226114       -1.30484707433770        2.81865991232315
H           -3.28856592744113        1.44179888946798        2.21083565141242
H           -4.78364869853036       -0.16169862995764        0.98637273756020
H           -4.59058574763997       -2.45147101959353        1.19846743786164
H           -3.70674350763292       -0.21358343566440       -1.25191239206163
H           -2.63081772612223        1.75472230703971       -0.89501148892039
H            0.59785296946484       -0.62677081402051       -3.08625663671066
H            1.82711798715959       -2.24954847145106       -1.13666036004530
H            3.22719787128586       -1.01949917599627       -2.79435299676432
H            3.39045336223358        1.06266455033420       -3.74457407792578
48
 energy: -84.848824193107 gnorm: 0.004980557232 xtb: 6.7.1 (edcfbbe)
C            3.84126471556507       -0.46619753340559        1.00267369757670
O            3.20599988305635       -0.74824868772737       -0.24104904550950
C            3.18440247731657        0.34233913602696       -1.12506596185752
O            2.45417404241165        1.42478601354498       -0.62430610674981
C            1.05052089729223        1.45717336363453       -0.90470519398763
C            0.42681817983373        2.27173805749966        0.23167690602201
O            0.79901067836765        3.62307459335090        0.15274414778644
C            0.49028002824086        0.03636387065506       -1.06376011249267
O           -0.90642881496515        0.07297175063287       -1.30787413848235
C           -1.75065308666754       -0.78242602134594       -0.53326788191292
O           -1.19901893046735       -1.23155193983000        0.65369412762437
C           -1.48704504335046       -0.44067722175061        1.80791598286383
C           -0.64138286325643       -1.02214770062282        2.94722262726824
O            0.73038949841776       -1.02893175502740        2.63548954118702
C           -2.99450582329499       -0.46770356974519        2.13594972008090
O           -3.39039726277929        0.69276487558383        2.81510136303814
C           -3.82460092042875       -0.68128103505323        0.84598074701381
O           -4.03003128453255       -2.03292192021699        0.53192675545376
C           -3.10055819657553       -0.04848524683893       -0.34914828418533
O           -2.95164775275375        1.32436140448020       -0.09865402885947
C            1.20168402027031       -0.73154906891341       -2.19697344010544
O            1.24049316046767       -2.10729892098378       -1.92854092167168
C            2.61304673991213       -0.17159667585643       -2.45704719573311
O            2.52647885290711        0.84589787923059       -3.41618076541540
H            3.28936568652173        0.29740448742623        1.55379404080165
H            4.86699117298785       -0.12868516593905        0.83222179957581
H            3.83761634761881       -1.39783691658660        1.55958755341631
H            4.20793199283929        0.73707825138160       -1.24966800989187
H            0.89724560090014        2.00108240157551       -1.85094179794766
H            0.73921727912207        1.84316417079597        1.19415789404528
H           -0.66017252065265        2.25425896099794        0.15021987211143
H            1.76575671473956        3.67919155657283        0.14484406380665
H            0.67401564725223       -0.50348915997966       -0.12322395245067
H           -1.92438112422110       -1.70001442467760       -1.12175420065362
H           -1.18740765390377        0.59761878295653        1.62282753479647
H           -0.98983033471550       -2.03887367811414        3.16159433152261
H           -0.76183324939929       -0.39947148705106        3.83440723998791
H            0.86187738895395       -1.66577829298937        1.91975551289661
H           -3.20118064789717       -1.29515788794048        2.82325961443092
H           -3.30117457990245        1.45135624025644        2.21685010369879
H           -4.78209849399417       -0.15733683373325        0.98253427990574
H           -4.59064919154410       -2.44536255417398        1.20610347012686
H           -3.69860101814892       -0.21864751897289       -1.25205671836614
H           -2.62368624770353        1.74790476044395       -0.90491479053938
H            0.61372954222324       -0.61575667492504       -3.11374233649045
H            1.83043036622538       -2.25480520737846       -1.17182877752328
H            3.24020011416880       -1.00314042644059       -2.80613665585622
H            3.40833984758828        1.08484360651899       -3.73820768620171
48
 energy: -84.849071516190 gnorm: 0.003136335920 xtb: 6.7.1 (edcfbbe)
C            3.83675736842365       -0.47652827267077        0.99668476319905
O            3.20817015178418       -0.75329719629939       -0.25173304779506
C            3.18663460309730        0.34345271577568       -1.12813895384353
O            2.45191929673712        1.42093241778723       -0.62486264722448
C            1.04926664583824        1.44750458904353       -0.91019476643813
C            0.41900637913668        2.24813354906663        0.23331249964174
O            0.78223466170506        3.60325921975380        0.16975467501110
C            0.49433216916983        0.02554090830778       -1.06736071656739
O           -0.90280229552289        0.06230662511699       -1.30937703517500
C           -1.74554401375326       -0.78740360519558       -0.52517676948496
O           -1.18870398767574       -1.21913597542892        0.66593051187745
C           -1.48980626133007       -0.42777400312968        1.81753621808763
C           -0.64573388285451       -1.00404560014976        2.96133615025957
O            0.72687519942964       -1.00474975657993        2.65360932391274
C           -2.99846421713640       -0.46067908686652        2.13910929060089
O           -3.40198807272552        0.69844715081528        2.81636499555299
C           -3.82353751686191       -0.67960745915192        0.84674030121315
O           -4.02679015464091       -2.03322251063930        0.53984822693700
C           -3.09519435197482       -0.05250682387813       -0.34867401378776
O           -2.94404494772744        1.32100137158747       -0.10321609792440
C            1.20759752591494       -0.72565555189546       -2.21359937360323
O            1.24996282751360       -2.10693910185326       -1.96908953895539
C            2.61948046349970       -0.16068407889455       -2.46520215212494
O            2.53750870246963        0.86679159252086       -3.41441919335391
H            3.27912478084984        0.28177773095015        1.54941629227687
H            4.86190194878774       -0.13399418839605        0.83267069234305
H            3.83458021154830       -1.41135269499444        1.54825581158017
H            4.20945693610846        0.74166039394139       -1.24644103404564
H            0.89271836270838        1.99354245964593       -1.85292467335498
H            0.73550909946118        1.81051319039819        1.19058708956271
H           -0.66795214230731        2.22416515687462        0.15315528280728
H            1.74855112381146        3.66394856102375        0.16225126594671
H            0.68376322401658       -0.52125464940935       -0.13379241980698
H           -1.91849978840516       -1.71220066193757       -1.10077540199025
H           -1.19526575492689        0.61247323471422        1.63645931788221
H           -0.99098059946211       -2.02178777823859        3.17578469641976
H           -0.77035911052559       -0.38107426708545        3.84763283679731
H            0.86217903099632       -1.63805777674432        1.93558961761143
H           -3.20393518071317       -1.28776197992074        2.82717445090693
H           -3.31076948678079        1.45869352192664        2.22063647096833
H           -4.78149463454983       -0.15508580054840        0.97713986359919
H           -4.59279023202918       -2.44091892953517        1.21247188118219
H           -3.68953896315946       -0.22467364936079       -1.25354005887102
H           -2.61951525537300        1.74137732699090       -0.91264501766971
H            0.62186426521975       -0.59771325285205       -3.13010291668454
H            1.83570510777956       -2.26547093000515       -1.21170019717611
H            3.24792609906736       -0.98864598876042       -2.82048575824847
H            3.42068050028060        1.10670049138853       -3.73251581787866
48
 energy: -84.849259691163 gnorm: 0.003213246258 xtb: 6.7.1 (edcfbbe)
C            3.83067966049448       -0.48904698242846        0.98996240498545
O            3.20993497064323       -0.75786888480021       -0.26424619655183
C            3.19057000432833        0.34487048057970       -1.13309459384128
O            2.45397129847217        1.41934665798492       -0.62717143754650
C            1.05194610560164        1.43936281468752       -0.91393809319003
C            0.41434572548455        2.22822056929159        0.23391097759976
O            0.76688480759497        3.58698510634528        0.18704303644879
C            0.50238119483561        0.01643986462487       -1.06672628065206
O           -0.89536424087407        0.05177142381535       -1.30480678917940
C           -1.73893005733612       -0.79281202341083       -0.51549564247398
O           -1.18076246160984       -1.21340806752124        0.67890686848122
C           -1.49345544231794       -0.41888717085825        1.82656344989666
C           -0.65187766294187       -0.98423707787208        2.97796304103092
O            0.72235175392604       -0.97467320743351        2.67764224925161
C           -3.00320832875137       -0.45624190200184        2.14127566838893
O           -3.41239797474544        0.70272587505627        2.81539520493325
C           -3.82291482867137       -0.68026199160785        0.84642934721860
O           -4.02490066282207       -2.03559877637802        0.54653374816448
C           -3.08912549698245       -0.05845440765022       -0.34825253468013
O           -2.93914138291112        1.31612575884706       -0.10760371825628
C            1.21279580137646       -0.71848116241673       -2.22789805920769
O            1.25615610423124       -2.10544563668598       -2.01175450373161
C            2.62495955676305       -0.14939493953097       -2.47393645987011
O            2.54434107572434        0.88761792277854       -3.41321296299963
H            3.26659417894794        0.26195479551938        1.54625943814750
H            4.85517366038730       -0.14060969870612        0.83444705254326
H            3.83015907240978       -1.42877230657405        1.53334548881892
H            4.21364920560341        0.74352938765959       -1.24587819351378
H            0.89094940462986        1.98228097914714       -1.85579699875805
H            0.73307080688749        1.78046902272282        1.18596581436384
H           -0.67207216795478        2.19549010652221        0.15099043363095
H            1.73265661344218        3.65276380069056        0.18295701236122
H            0.69963826881589       -0.53468864675183       -0.13955557824600
H           -1.90859339756699       -1.72218750464798       -1.08263750177102
H           -1.20365110592979        0.62220451134922        1.64466505098716
H           -0.99046508459394       -2.00350695339936        3.19569274067462
H           -0.78557078794266       -0.35772487441928        3.86050032142536
H            0.86508810115218       -1.60367815838892        1.95734548976867
H           -3.20907568992943       -1.28206641721195        2.83068861915765
H           -3.31784113002025        1.46419337999753        2.22179809921148
H           -4.78112288414484       -0.15470843343934        0.97006687508973
H           -4.59712890230521       -2.43771815617755        1.21731388657510
H           -3.67841426546110       -0.23396174289080       -1.25566169267089
H           -2.61867391484766        1.73432492267025       -0.91977856507630
H            0.62397277265685       -0.57212643333964       -3.13966201785760
H            1.84132706676393       -2.28023579000934       -1.25784858691345
H            3.25288588263424       -0.97399130206931       -2.83762526850619
H            3.42820061282547        1.13011190551587       -3.72759571953313
48
 energy: -84.849386616212 gnorm: 0.003594877126 xtb: 6.7.1 (edcfbbe)
C            3.82440791048327       -0.50182852621600        0.98352700779915
O            3.21099848319298       -0.76204338529172       -0.27617645081413
C            3.19484225707026        0.34569055438977       -1.13862642969581
O            2.45897143593850        1.41913017769229       -0.62934999303699
C            1.05689513421780        1.43444547322812       -0.91387261948130
C            0.41395597507967        2.21635234511973        0.23530072708804
O            0.75810163394970        3.57704695514361        0.20052337941344
C            0.51111428156034        0.01048489008670       -1.06354070769176
O           -0.88723954461305        0.04314503297977       -1.29735495192270
C           -1.73197390130389       -0.79844136189469       -0.50686675596777
O           -1.17569695641958       -1.21475745886737        0.69004153790571
C           -1.49663864190203       -0.41488113574844        1.83281081647756
C           -0.65815787098066       -0.96556064561880        2.99339306459350
O            0.71822094989012       -0.94372187831642        2.70296636495359
C           -3.00719293466684       -0.45519319299885        2.14207261338639
O           -3.41984546087878        0.70467430227245        2.81236962263625
C           -3.82231016030739       -0.68342871057855        0.84520766786705
O           -4.02432223365374       -2.03984498099586        0.55045939285269
C           -3.08353255468558       -0.06580008360817       -0.34840725826049
O           -2.93757044440825        1.31014344434192       -0.11209205316486
C            1.21605621271894       -0.71137646876517       -2.23747948060577
O            1.25664388137888       -2.10204786464041       -2.04660782707159
C            2.62832157149553       -0.14036490077088       -2.48174539100295
O            2.54577072365952        0.90349406488565       -3.41346146740847
H            3.25397042015524        0.24081803365538        1.54478417740815
H            4.84791639799976       -0.14686644022760        0.83662744393551
H            3.82633921419860       -1.44718161321700        1.51736521532472
H            4.21885920082845        0.74257987080673       -1.24779829169253
H            0.89188495126028        1.97313775226458       -1.85674119327582
H            0.73175590374331        1.76159814799177        1.18434822041589
H           -0.67170301942619        2.17648648291632        0.14673228481399
H            1.72341934834641        3.64741209653084        0.20239131392821
H            0.71547591503318       -0.54361524988122       -0.14089065401164
H           -1.89786867054748       -1.73000421451475       -1.07082396505018
H           -1.21077588419663        0.62602394503793        1.64506947868983
H           -0.98793696787395       -1.98664786252853        3.21648917038981
H           -0.80457800639396       -0.33356340655792        3.87029554472251
H            0.87077079381051       -1.56921352134921        1.98157102697709
H           -3.21432486183748       -1.27942859450020        2.83301243950627
H           -3.32155979465417        1.46630910446019        2.21957560178671
H           -4.78048163762548       -0.15654669357245        0.96291752922290
H           -4.60232366340474       -2.43695118035495        1.21928007577118
H           -3.66787377950318       -0.24582509898106       -1.25805326001465
H           -2.62153842893961        1.72756261499356       -0.92629987254348
H            0.62160505118927       -0.54591953102072       -3.14255390298946
H            1.84441673134548       -2.29413347226089       -1.29899913791209
H            3.25518496480376       -0.96204015744594       -2.85343767123265
H            3.42954191189430        1.15069297935939       -3.72446745916669
48
 energy: -84.849470885798 gnorm: 0.002438118530 xtb: 6.7.1 (edcfbbe)
C            3.81965170054409       -0.51309104911904        0.97807182275565
O            3.21168065851219       -0.76596941585383       -0.28567599043301
C            3.19820374017598        0.34551070135627       -1.14323426387591
O            2.46452124285469        1.41897578718201       -0.62995800423612
C            1.06185586010928        1.43286197772840       -0.91040378591663
C            0.41710105062431        2.21306658273940        0.23822993590463
O            0.75779472821216        3.57368719261032        0.20831495821750
C            0.51756988857938        0.00796271104103       -1.05973153845778
O           -0.88116907999210        0.03761833698457       -1.29051574230197
C           -1.72615783927284       -0.80350973946711       -0.50127510018687
O           -1.17313379653777       -1.22037772334337        0.69743676624119
C           -1.49864129636631       -0.41447059730382        1.83531511080887
C           -0.66304501850988       -0.95006589646220        3.00441026010970
O            0.71539945689497       -0.91644934465765        2.72411859030479
C           -3.00964541829182       -0.45697342896195        2.14148718158046
O           -3.42434754726487        0.70400008926493        2.80850276172653
C           -3.82183034552647       -0.68825179919907        0.84348943910860
O           -4.02449097248227       -2.04512648320061        0.55145085927908
C           -3.07960407658708       -0.07331623943351       -0.34923602882734
O           -2.93850000235715        1.30390347684196       -0.11657023424012
C            1.21678422750137       -0.70574895647248       -2.24191895634839
O            1.25218731287814       -2.09742328065367       -2.06769900819757
C            2.62907469770773       -0.13485426171026       -2.48723734503895
O            2.54304495201034        0.91238674529575       -3.41483759594767
H            3.24351134790003        0.22124662721974        1.54463655221897
H            4.84162478584978       -0.15125665112219        0.83798122918136
H            3.82542508999752       -1.46361411136857        1.50283525392554
H            4.22323914579773        0.74005485559910       -1.25098485316067
H            0.89425843358902        1.96923845991705       -1.85458095056767
H            0.73189256194148        1.75585569574775        1.18697658097699
H           -0.66801120858225        2.17032649080524        0.14420701050140
H            1.72285773066718        3.64690408820761        0.21661760963095
H            0.72635398490498       -0.54840108448684       -0.13945626204942
H           -1.88886880152414       -1.73575052553073       -1.06587053547191
H           -1.21597191225065        0.62574254941106        1.63908537727432
H           -0.98392890336762       -1.97284840590493        3.23315024357189
H           -0.82289247089761       -0.31272924196868        3.87544840132099
H            0.87814093565369       -1.54064321560133        2.00372697068455
H           -3.21751885549811       -1.28004501038423        2.83360951889983
H           -3.32344906111609        1.46491226144159        2.21518383586730
H           -4.77982032166185       -0.16022428904186        0.95721087227459
H           -4.60667401713684       -2.43898494200132        1.21844869347218
H           -3.66009666531451       -0.25807492045474       -1.26032733951919
H           -2.62654749742926        1.72153085544562       -0.93210109358622
H            0.61751982503294       -0.52592148864467       -3.14120624084576
H            1.84341686598854       -2.30280888995680       -1.32635889826731
H            3.25499458148697       -0.95449228562783       -2.86458855220817
H            3.42623614044905        1.16563843106525       -3.72269259285601
48
 energy: -84.849526779962 gnorm: 0.001372637107 xtb: 6.7.1 (edcfbbe)
C            3.81706157562496       -0.52286419552924        0.97348040519508
O            3.21248418896222       -0.77012933035804       -0.29280023042326
C            3.20014197820083        0.34441357515221       -1.14627318083113
O            2.46869047507015        1.41769501707024       -0.62842029488551
C            1.06530564260157        1.43310316554805       -0.90532748934154
C            0.42181600406459        2.21490014231358        0.24257831267243
O            0.76396576287553        3.57432096315554        0.21206715347792
C            0.52067989871637        0.00767651236341       -1.05665429201790
O           -0.87819364484841        0.03465886368013       -1.28619470547039
C           -1.72218302581046       -0.80769045661608       -0.49868280703657
O           -1.17183317914692       -1.22632997862209        0.70141012755224
C           -1.49971509731794       -0.41497059825356        1.83494851213290
C           -0.66606979892304       -0.93693834501201        3.01073735361838
O            0.71394281259444       -0.89255337514497        2.73925499948444
C           -3.01089952445760       -0.46013823912495        2.14003329941864
O           -3.42755828961785        0.70134632433239        2.80499281961151
C           -3.82157757234738       -0.69369102651422        0.84163895240531
O           -4.02454470348556       -2.05076201475449        0.55072543306471
C           -3.07768856268173       -0.08023334810583       -0.35066735776856
O           -2.94073364064250        1.29795549355618       -0.12112529006260
C            1.21572361521793       -0.70177506187185       -2.24314300810017
O            1.24582922378718       -2.09292043175188       -2.07753239218190
C            2.62807500769299       -0.13201763273926       -2.49052197919685
O            2.53885016228814        0.91640548786174       -3.41639061641451
H            3.23564215584225        0.20333915823671        1.54528804412412
H            4.83685164988839       -0.15347808156137        0.83794401224259
H            3.82847800962225       -1.47776069636411        1.49023276191428
H            4.22578687029591        0.73747366090162       -1.25400476544939
H            0.89681067478700        1.97008779885418       -1.84984736119929
H            0.73323686744550        1.75815842081778        1.19262959758129
H           -0.66319301874402        2.17358480031649        0.14547385523872
H            1.72896172898983        3.64819794282063        0.22559681248853
H            0.73114678711007       -0.55087141493947       -0.13748199627628
H           -1.88225452241996       -1.74029613248857       -1.06499873609832
H           -1.22018381509637        0.62459591852221        1.63023213531471
H           -0.97883557390973       -1.96121904349156        3.24418240398909
H           -0.83805502557895       -0.29571527876187        3.87674727222296
H            0.88640594734336       -1.51804367820640        2.02220627629396
H           -3.21801327445551       -1.28287585223795        2.83277033841000
H           -3.32595206618131        1.46119464332804        2.21041655947860
H           -4.77950892021763       -0.16513591248595        0.95318893098354
H           -4.60935758753693       -2.44314195802697        1.21614535596194
H           -3.65554326394050       -0.26928421260604       -1.26248284432926
H           -2.63181522461919        1.71589129921107       -0.93752701269417
H            0.61416184726855       -0.51348464041692       -3.13904545523468
H            1.83900177451873       -2.30612294001971       -1.34013706604848
H            3.25330163239546       -0.95058858792243       -2.87115688189458
H            3.42135287735926        1.17603391462738       -3.72102103944581
48
 energy: -84.849575093458 gnorm: 0.002424929258 xtb: 6.7.1 (edcfbbe)
C            3.81621441787910       -0.53596697757157        0.96772063228128
O            3.21433276171602       -0.77682837142416       -0.30081199060116
C            3.20121287936472        0.34202788932824       -1.14843802926668
O            2.47175059764791        1.41359162723282       -0.62346468791988
C            1.06768407187017        1.43366003968317       -0.89819670214063
C            0.42836519620975        2.21915416922157        0.24974215807735
O            0.77747737183862        3.57652812704609        0.21519480367759
C            0.52126181462489        0.00838466645642       -1.05375124759964
O           -0.87755115741511        0.03245524331244       -1.28369540858578
C           -1.71901816519188       -0.81235401527881       -0.49771406817386
O           -1.17031671420303       -1.23150662303665        0.70403778998471
C           -1.50094190006068       -0.41398596714979        1.83234283759368
C           -0.66811152716488       -0.91887278884944        3.01508901500862
O            0.71334601076741       -0.85913759829640        2.75371342280105
C           -3.01213466736257       -0.46493144334768        2.13744847010363
O           -3.43280932166916        0.69576652461971        2.80149530602111
C           -3.82177957301256       -0.70143289620298        0.83906116169029
O           -4.02372471841823       -2.05889911443376        0.54908419293147
C           -3.07740255211515       -0.08899607243560       -0.35325906184672
O           -2.94485199383375        1.29014223951142       -0.12772421723562
C            1.21311652012223       -0.69752838352068       -2.24362819553028
O            1.23759299825654       -2.08803031863009       -2.08419712413255
C            2.62576353191036       -0.12953109693070       -2.49305036215076
O            2.53380261142942        0.91988060927480       -3.41738871722178
H            3.22709738068035        0.17802735133044        1.54729182330089
H            4.83188430337959       -0.15401587909484        0.83622889989210
H            3.83860501694531       -1.49645730529648        1.47383580539302
H            4.22694536713918        0.73496152239261       -1.25665806618047
H            0.89991850830569        1.97436517037908       -1.84153953526110
H            0.73608477945505        1.76416191628544        1.20194442617431
H           -0.65705896465778        2.18402937652226        0.15201527633888
H            1.74260481070603        3.64829105987828        0.23372901611018
H            0.73178877188694       -0.55358219481687       -0.13584102823453
H           -1.87548074139603       -1.74603934104868       -1.06509053159907
H           -1.22688973688669        0.62521440544515        1.61772770976222
H           -0.96989281555777       -1.94533966507339        3.25340560981355
H           -0.85509826101388       -0.27445906164501        3.87555955290667
H            0.89957329672745       -1.48962093837392        2.04442812356543
H           -3.21575372811568       -1.28849099458238        2.83019374517850
H           -3.33299921116621        1.45451550203056        2.20521286926921
H           -4.78011890603178       -0.17332130356150        0.94906924475716
H           -4.61095217318107       -2.45082104582168        1.21253960030034
H           -3.65269970071588       -0.28324580552241       -1.26552613249232
H           -2.63800063124738        1.70768213681305       -0.94497917157729
H            0.61119719806657       -0.50283506901964       -3.13780311663980
H            1.83029083924370       -2.30697988586581       -1.34838403979696
H            3.25009628459641       -0.94757386286919       -2.87653613267712
H            3.41557565905152        1.18794508301289       -3.71694900509505
48
 energy: -84.849600860733 gnorm: 0.002010875530 xtb: 6.7.1 (edcfbbe)
C            3.81752659924296       -0.54171025765377        0.96564521453585
O            3.21555169351877       -0.78012575106038       -0.30328722287698
C            3.20090776688418        0.34073418356181       -1.14816599535374
O            2.47137604438832        1.41059089499273       -0.62013791649729
C            1.06745449828236        1.43331161107893       -0.89625933892538
C            0.43024423862370        2.21999498478808        0.25240200571783
O            0.78412955781903        3.57660878025271        0.21671700129993
C            0.51997316294803        0.00879455072830       -1.05331162367596
O           -0.87872751631400        0.03224728531542       -1.28430528432691
C           -1.71910041343605       -0.81333475761907       -0.49813971702116
O           -1.16967399702874       -1.23062088645344        0.70411296910696
C           -1.50190421077393       -0.41162237401448        1.83078125042614
C           -0.66784826099286       -0.91049067870737        3.01500321710761
O            0.71362305948962       -0.84340964339486        2.75590319168265
C           -3.01293221670416       -0.46672467646951        2.13635135775980
O           -3.43649061297156        0.69249444590002        2.80125774024978
C           -3.82232238354230       -0.70460333213243        0.83804021369759
O           -4.02256500229907       -2.06245741932535        0.54855680822785
C           -3.07859884934117       -0.09192007946663       -0.35450191220232
O           -2.94746473594760        1.28744094389308       -0.13025071347264
C            1.21195844077117       -0.69605128162632       -2.24404415914343
O            1.23580599333601       -2.08697205470381       -2.08560743691150
C            2.62486083799439       -0.12857065614232       -2.49318905467342
O            2.53314711418083        0.92175710856622       -3.41643993902845
H            3.22501031749881        0.16622009519928        1.54914867403411
H            4.83077084125150       -0.15322006987302        0.83473397578455
H            3.84646125450205       -1.50445148750280        1.46711569523101
H            4.22631067649793        0.73461323608548       -1.25637136224517
H            0.90106539117715        1.97588214489001       -1.83857566532124
H            0.73724865986164        1.76486604791709        1.20477564572803
H           -0.65547429338310        2.18892083246960        0.15582848587225
H            1.74945031240917        3.64546639124535        0.23605134642208
H            0.73005557630931       -0.55455739640292       -0.13620358681441
H           -1.87385378520066       -1.74788328712998       -1.06448714356080
H           -1.23120151205559        0.62789302571858        1.61376969618928
H           -0.96462471949602       -1.93811759031279        3.25437244898424
H           -0.85973864803148       -0.26596092022255        3.87414183042592
H            0.90587548712018       -1.47766880424466        2.05167539456702
H           -3.21371756456234       -1.29140838259029        2.82855355815916
H           -3.33909867276723        1.45149129401597        2.20489702489127
H           -4.78130810745176       -0.17762626459836        0.94783891406704
H           -4.61031776472213       -2.45482649560297        1.21132560568639
H           -3.65328760207908       -0.28774437898325       -1.26682338120403
H           -2.63932737863274        1.70408910431451       -0.94745259101558
H            0.61054619638857       -0.50078987346129       -3.13850729006503
H            1.82663525070887       -2.30634298817565       -1.34842446614660
H            3.24865915799721       -0.94674189409698       -2.87757095153565
H            3.41492595822897        1.19253736178653       -3.71345759369370
48
 energy: -84.849647600907 gnorm: 0.001272415243 xtb: 6.7.1 (edcfbbe)
C            3.82265579377315       -0.55376369880031        0.96168015639077
O            3.21845888928455       -0.78700770631746       -0.30720824099548
C            3.19972835506658        0.33779575207363       -1.14661986635447
O            2.46969207657779        1.40373049876194       -0.61233616949724
C            1.06646375830225        1.43272457571413       -0.89308376409446
C            0.43354388535396        2.22206697917683        0.25674782548419
O            0.79942344729678        3.57668133139147        0.22009363176039
C            0.51628344021550        0.01035897421011       -1.05261459749840
O           -0.88210418454493        0.03301229715154       -1.28633782995117
C           -1.72079400367414       -0.81408646220069       -0.49979388839410
O           -1.16953534799724       -1.22715113885754        0.70305883086297
C           -1.50486503609752       -0.40578991419004        1.82679840873587
C           -0.66617655234646       -0.89278350308034        3.01256695981935
O            0.71472029845504       -0.80899263024690        2.75575861048806
C           -3.01523590861409       -0.47092652272663        2.13403458307482
O           -3.44556698441142        0.68407433821633        2.80204545774981
C           -3.82417351541548       -0.71132136552344        0.83582280180170
O           -4.01982789196589       -2.07001017634494        0.54686275564706
C           -3.08249546927751       -0.09694999763482       -0.35710583674558
O           -2.95476191105838        1.28279029298552       -0.13455466315119
C            1.20935634282425       -0.69369167245233       -2.24381261697460
O            1.23361633290716       -2.08539076409876       -2.08453170513184
C            2.62256840357556       -0.12704754518311       -2.49234281075884
O            2.53198927432988        0.92528161472514       -3.41317932562687
H            3.22307029358710        0.14000980017637        1.55500984999279
H            4.82994398705459       -0.15009510164777        0.83043288318903
H            3.86774668626350       -1.52152794044784        1.45250485024936
H            4.22433590003908        0.73388264249494       -1.25505559601443
H            0.90425067561559        1.97839007380978       -1.83369688297021
H            0.73841193269710        1.76528791682764        1.20889581820646
H           -0.65263530598614        2.20086523183696        0.16200554521717
H            1.76535997095252        3.63679978280803        0.24058639667633
H            0.72504372183216       -0.55502907451699       -0.13685872324043
H           -1.87203589880114       -1.75009248980832       -1.06393012265505
H           -1.24201009628741        0.63473260219661        1.60556850861915
H           -0.95148204381788       -1.92321161817212        3.25334510330605
H           -0.86724495459814       -0.24896415778657        3.86994133657815
H            0.91995159850821       -1.45268174345516        2.06380567177658
H           -3.20926106951334       -1.29874649137660        2.82439155648464
H           -3.35458446419562        1.44448210746217        2.20643897571965
H           -4.78493930086685       -0.18762036235873        0.94565228668696
H           -4.60796201222753       -2.46408165860003        1.20837655384141
H           -3.65644234136945       -0.29530772641652       -1.26942631348896
H           -2.64041365422547        1.69716127531854       -0.95056567735900
H            0.60867635456574       -0.49987560971797       -3.13906295656086
H            1.82018107364334       -2.30304394429054       -1.34350099117803
H            3.24500951039748       -0.94567565710136       -2.87850358670406
H            3.41406178440592        1.20073922825103       -3.70481827475647
48
 energy: -84.849683952249 gnorm: 0.002388089367 xtb: 6.7.1 (edcfbbe)
C            3.83097545246639       -0.57359205529253        0.95547726943919
O            3.22224445231962       -0.79738750010343       -0.31322907110552
C            3.19844802816397        0.33337095127758       -1.14446086945356
O            2.46795929943248        1.39388872520398       -0.60100072795244
C            1.06605603558536        1.43173287574207       -0.88916900308970
C            0.43714796721304        2.22383539659598        0.26132490094142
O            0.82051978456571        3.57498869712182        0.22817629086855
C            0.51198310126522        0.01233893048917       -1.05138169250458
O           -0.88598663777150        0.03402500525655       -1.28845616911530
C           -1.72318729732226       -0.81464107470287       -0.50122281524556
O           -1.16987235769731       -1.22158586070535        0.70249802931969
C           -1.51063038979114       -0.39629318750250        1.82162398558940
C           -0.66356859256162       -0.86375966200408        3.00968712321036
O            0.71611736162560       -0.75264246426559        2.75462991103434
C           -3.01979502518350       -0.47758118495073        2.13107382316187
O           -3.46117205968591        0.67034107006574        2.80417531385522
C           -3.82722992255011       -0.72166004110836        0.83239613019756
O           -4.01554295497812       -2.08157121166333        0.54387706558783
C           -3.08818802983060       -0.10410957705346       -0.36066822669878
O           -2.96715488390540        1.27642816140761       -0.14000351267190
C            1.20620824515104       -0.69042612743789       -2.24359068752103
O            1.23203198956905       -2.08321281490881       -2.08404198131849
C            2.61941411267646       -0.12402467937159       -2.49150218479001
O            2.53008965542349        0.93234595185125       -3.40758329076588
H            3.22122424144216        0.09704984365486        1.56568467698755
H            4.82867864425736       -0.14623502461647        0.82377173329252
H            3.90143976159940       -1.54959461988413        1.42808713681989
H            4.22230023995974        0.73176883368336       -1.25287336931650
H            0.91069156912486        1.98009663943484       -1.82865930865616
H            0.73561302798211        1.76157534760969        1.21264728957388
H           -0.64908229920705        2.21671793263641        0.16499069635264
H            1.78738925884637        3.62095191817295        0.25187346163256
H            0.71931834851398       -0.55538114031457       -0.13730746487737
H           -1.86940495576262       -1.75251926238345       -1.06263569513575
H           -1.26060401997145        0.64588571861985        1.59319523161654
H           -0.92939986003063       -1.89879842768959        3.25303144599838
H           -0.87873185409840       -0.22085943296735        3.86457699504993
H            0.94138673122601       -1.40975551039727        2.08115328835746
H           -3.20387561921013       -1.31039296858897        2.81820104055439
H           -3.37948969598453        1.43383160904010        2.21109961142825
H           -4.79087506309289       -0.20315584793061        0.94161389865152
H           -4.60423745621123       -2.47813501452868        1.20351523743085
H           -3.66075327512017       -0.30607602367553       -1.27328918950680
H           -2.64034485350865        1.68748034088863       -0.95302578786242
H            0.60533641933318       -0.49785130517984       -3.13905467470795
H            1.81390881268599       -2.29885738823995       -1.33858788081418
H            3.23984060263481       -0.94255554887949       -2.88171346034280
H            3.41279980150056        1.21400165208790       -3.69143960818268
48
 energy: -84.849699253659 gnorm: 0.001684117198 xtb: 6.7.1 (edcfbbe)
C            3.83278331130328       -0.57874896159281        0.95406812878246
O            3.22208182376983       -0.79942434934650       -0.31429432347450
C            3.19856413907274        0.33238329149154       -1.14404538735028
O            2.46829644580864        1.39235922050305       -0.59914823160542
C            1.06681921329568        1.43158400192059       -0.88889097902587
C            0.43686610071544        2.22325262438680        0.26106041875210
O            0.82319375864191        3.57334249048733        0.23209515871995
C            0.51193997976283        0.01252419716337       -1.05116810221792
O           -0.88598105677759        0.03424861253019       -1.28841256914114
C           -1.72336908574148       -0.81428004283922       -0.50082443032103
O           -1.17003461506752       -1.22013295889330        0.70309503231783
C           -1.51239017494648       -0.39383573146442        1.82117210083700
C           -0.66308112583099       -0.85615831845141        3.00961372415643
O            0.71586797167844       -0.73885626699338        2.75360737420377
C           -3.02112367657603       -0.47920803971784        2.13085134168970
O           -3.46537252291935        0.66672461452159        2.80523976797284
C           -3.82779669430566       -0.72393027766035        0.83171318743359
O           -4.01437423869139       -2.08402454511984        0.54290663748077
C           -3.08907096043199       -0.10531017191081       -0.36109991927802
O           -2.97036686068855        1.27550002164483       -0.14051168143550
C            1.20610572296805       -0.69001549475238       -2.24361734791926
O            1.23261429134489       -2.08277554830516       -2.08454843597635
C            2.61907792345360       -0.12309169163721       -2.49154036383001
O            2.52955366882207        0.93467027963621       -3.40602412838810
H            3.22259461859143        0.08707163024462        1.56814981785684
H            4.82842845869590       -0.14775690546663        0.82246304454884
H            3.90753275026791       -1.55599244937563        1.42217013482206
H            4.22261838475719        0.73038589756919       -1.25208897515846
H            0.91308419863802        1.97953496142432       -1.82894025571396
H            0.73143133535636        1.75798898427695        1.21211475440168
H           -0.64893051501579        2.21845780000573        0.16127551621676
H            1.79009775637849        3.61636061407307        0.25760814279527
H            0.71919088964473       -0.55518971386703       -0.13709514820221
H           -1.86877426420525       -1.75240805463252       -1.06208458536108
H           -1.26562811807355        0.64860713070672        1.59066885049608
H           -0.92385260743689       -1.89195255260734        3.25407460465964
H           -0.88076857619339       -0.21342550054605        3.86394160200377
H            0.94475072264534       -1.39709004595756        2.08325031020979
H           -3.20320702633799       -1.31319113233732        2.81701691441233
H           -3.38523231035034        1.43140355868557        2.21359837189467
H           -4.79211709125902       -0.20664469185859        0.94047582135460
H           -4.60295679952526       -2.48119839397062        1.20224490749037
H           -3.66112012494595       -0.30794474953295       -1.27395661641853
H           -2.63937257471104        1.68607720654787       -0.95211928952597
H            0.60465058410115       -0.49721488157450       -3.13863303858261
H            1.81512572824223       -2.29846709532723       -1.33959416713744
H            3.23928578603820       -0.94096571750574       -2.88336682539282
H            3.41236129732798        1.21675779041927       -3.68898594942773
48
 energy: -84.849722814390 gnorm: 0.001234495533 xtb: 6.7.1 (edcfbbe)
C            3.83854333420583       -0.59806910606468        0.94891645602774
O            3.22136634535424       -0.80659800501107       -0.31874216293045
C            3.19948760669138        0.32912529983630       -1.14294902637751
O            2.47021284394955        1.38795269357825       -0.59337184575920
C            1.07023693799853        1.43093221358896       -0.88806292660910
C            0.43448723246162        2.22001775381647        0.25946497227939
O            0.83070430728886        3.56607107515427        0.24895719901099
C            0.51291544149359        0.01238604445233       -1.05042805747191
O           -0.88489075275139        0.03449994966179       -1.28771331448347
C           -1.72304162664005       -0.81313186276702       -0.49865117039753
O           -1.16997797083602       -1.21548633018300        0.70611955230205
C           -1.51910079099288       -0.38529117721929        1.82018650510584
C           -0.66184872173049       -0.82757759683368        3.01036024067415
O            0.71478328522921       -0.68639762700610        2.75203036832699
C           -3.02622372981308       -0.48540027243983        2.13034739069267
O           -3.48077345694000        0.65315636517122        2.80967091060346
C           -3.82971614338143       -0.73155686191813        0.82917628364276
O           -4.01090021660243       -2.09207538680159        0.53886270008198
C           -3.09110381328900       -0.10930437598557       -0.36223605632960
O           -2.98071784880123        1.27245452159035       -0.14195887936809
C            1.20652208897211       -0.68905942611493       -2.24400917320135
O            1.23497449594172       -2.08140383608274       -2.08808480896595
C            2.61848041271247       -0.11958636796672       -2.49224238320061
O            2.52701012934610        0.94333647990860       -3.40076297924599
H            3.22417223479021        0.04861788111572        1.57889373629317
H            4.82696965570092       -0.15150828177244        0.81771726525166
H            3.93012973704420       -1.58255572955496        1.39799527671186
H            4.22440876901897        0.72524809238108       -1.24939301633302
H            0.92160016387363        1.97732750794809       -1.83029687202174
H            0.71223458623301        1.74227061903711        1.20970245743621
H           -0.64968062474133        2.22290669267091        0.14403339756258
H            1.79759210013496        3.59985174414887        0.28277195834057
H            0.72009043278688       -0.55515942135151       -0.13613071235805
H           -1.86584212972530       -1.75224200090330       -1.05962392912890
H           -1.28476191476045        0.65808024761779        1.58133639965642
H           -0.90342336165032       -1.86627229231214        3.26033408407220
H           -0.88996449068645       -0.18415332365631        3.86168510743517
H            0.95781717679783       -1.34720937184302        2.09072982969063
H           -3.20137737682881       -1.32390805464299        2.81268628344943
H           -3.40433842884784        1.42268070766006        2.22412861581812
H           -4.79608277336479       -0.21793521941169        0.93615232257676
H           -4.59870377599265       -2.49138519956209        1.19748618350152
H           -3.66095066788964       -0.31427580629573       -1.27611650106596
H           -2.63491451124896        1.68177473448651       -0.94826371777839
H            0.60298039463266       -0.49431639515011       -3.13717693530041
H            1.82222381800086       -2.29882584433865       -1.34724430286779
H            3.23850935719986       -0.93425889786451       -2.89043959212565
H            3.40987808172001        1.22625409398923       -3.68236222106295
48
 energy: -84.849726521134 gnorm: 0.000643312066 xtb: 6.7.1 (edcfbbe)
C            3.83768927319649       -0.59598250753920        0.94977605192237
O            3.22033390834463       -0.80549634669708       -0.31747107998430
C            3.19912129736863        0.32939916086295       -1.14272455948726
O            2.46987419706255        1.38897942798595       -0.59440612106775
C            1.06969564590302        1.43132154689599       -0.88831279447048
C            0.43407479658866        2.22050120154643        0.25952487968440
O            0.83010319301103        3.56664170529872        0.24846532295478
C            0.51265819728458        0.01255664016300       -1.05085716469935
O           -0.88515645726970        0.03473971515028       -1.28827332904632
C           -1.72293947920364       -0.81305704593275       -0.49931230744699
O           -1.16960647762217       -1.21589709486182        0.70536642487835
C           -1.51805226247738       -0.38635170569126        1.81999991837601
C           -0.66177166508826       -0.83004155735455        3.00994698148208
O            0.71488425149056       -0.69167189385849        2.75181860545743
C           -3.02526771186370       -0.48546738989884        2.13031602539939
O           -3.47879791851482        0.65332231576835        2.81001160933690
C           -3.82927317537264       -0.73053080279955        0.82931533973495
O           -4.01152082165375       -2.09076320795584        0.53835527232008
C           -3.09066585717950       -0.10844168319082       -0.36210709127724
O           -2.97883630370410        1.27302325143355       -0.14163091154234
C            1.20646887866629       -0.68971933951499       -2.24370847004669
O            1.23448190999036       -2.08181862714949       -2.08653483286984
C            2.61855983781399       -0.12048005458874       -2.49185057149708
O            2.52704911277779        0.94142960440942       -3.40150263879555
H            3.22526580760908        0.05404308408318        1.57746840894530
H            4.82738940252147       -0.15267794220548        0.81801855697983
H            3.92637230319627       -1.57907217339845        1.40166990181756
H            4.22402227970097        0.72554059119082       -1.24912214135659
H            0.92013998542850        1.97841695180826       -1.82994778041188
H            0.71193642796172        1.74351172622796        1.20985921447423
H           -0.65022418626953        2.22359376913136        0.14467882414227
H            1.79695692449053        3.60162765107592        0.28257044756145
H            0.71949211446744       -0.55489781853978       -0.13635632289559
H           -1.86625333740886       -1.75210222447658       -1.06029017924404
H           -1.28293110015022        0.65691709606170        1.58185100108418
H           -0.90537342278972       -1.86817541693251        3.26007182226330
H           -0.88862337958804       -0.18631305925408        3.86122451369169
H            0.95593331670839       -1.35161434945498        2.08816061931626
H           -3.20077994235201       -1.32410170840987        2.81248483879034
H           -3.40129776891038        1.42284048972965        2.22451685287360
H           -4.79524652506079       -0.21623880219106        0.93689707960207
H           -4.59840123200602       -2.49045072762752        1.19759310347646
H           -3.66083867756455       -0.31295044557808       -1.27583637181231
H           -2.63555197839627        1.68286875624935       -0.94851928754826
H            0.60373467399892       -0.49583093436762       -3.13756688704606
H            1.82251570920150       -2.29882264238198       -1.34620522454826
H            3.23893893998723       -0.93542116940376       -2.88878678640971
H            3.40971313762933        1.22311463282054       -3.68515385072922
