48
 energy: -84.794089405036 gnorm: 0.073743036721 xtb: 6.7.1 (edcfbbe)
C            5.54721283897225       -0.36744282584891        0.16395841270833
O            4.62123716548397        0.67291664772675        0.40846478943677
C            3.44849679938454        0.26879067371940        1.00791601431406
O            2.66645417703304       -0.41025525877615        0.04214466243514
C            1.40402001015867       -0.84841154400136        0.50447248202298
C            0.83087778070198       -1.69931642690433       -0.63093909027304
O            1.62807826290543       -2.82213099821852       -0.87102978141708
C            0.53934649931451        0.35721592682211        0.91109046811580
O           -0.70077876514415       -0.08995538498736        1.42171012358087
C           -1.85859195379538        0.64922939022684        1.09836401467155
O           -1.83938556581776        1.28314640851728       -0.14684631317627
C           -2.04453292171126        0.46386455249459       -1.29292274994019
C           -2.16644074517999        1.42229207103098       -2.48925036867407
O           -2.25364112330275        0.73611536205116       -3.71432790319703
C           -3.28960216967326       -0.42827237259336       -1.16835923747259
O           -3.38147601593558       -1.34137154949026       -2.23287547724479
C           -3.20663547180436       -1.23159846380928        0.13263915097171
O           -4.35760447383847       -2.01353046833967        0.33162980532816
C           -3.09126066761064       -0.24722214488862        1.29636345219964
O           -3.01044605905169       -0.88944932212443        2.53051706135499
C            1.28834069940148        1.17529358644065        1.97511937699609
O            0.61321642111812        2.36001221486935        2.32653938723682
C            2.71835644331054        1.51548262347540        1.52055315640029
O            3.44523461397976        2.04950453318991        2.59123901577991
H            5.14654303649121       -1.09665690916271       -0.54576466538875
H            5.81412870727909       -0.87692227236566        1.09619846992399
H            6.42728685331030        0.11152840240472       -0.25839884923968
H            3.64192563954882       -0.40981427761079        1.86423873955284
H            1.53109852722178       -1.48790688745016        1.39301420181824
H            0.77213158614117       -1.07642711851213       -1.53654845569210
H           -0.15810351649733       -2.06692733950071       -0.35686876397701
H            2.53832988093992       -2.51216430073284       -0.95705191687264
H            0.38219728975139        0.99638781565838        0.02943719391997
H           -1.93141396857117        1.49190018298354        1.80922746704403
H           -1.18096772433531       -0.20067811301445       -1.44617235852852
H           -1.31894226637219        2.11708381117881       -2.47563178808124
H           -3.08698448440186        2.00235241932893       -2.39665273193964
H           -1.40565136031245        0.31989084416744       -3.91003739455125
H           -4.18958385175601        0.20823411230034       -1.12852618711861
H           -3.33166321323133       -0.83994278043232       -3.06179641127474
H           -2.31361868953118       -1.87475990845821        0.10723784430742
H           -4.52928971275165       -2.48134312409149       -0.49510636440818
H           -3.97896641183316        0.41029000525358        1.26617814472228
H           -3.63061596182939       -1.63075641900097        2.50078836365667
H            1.33246856547689        0.58945810761430        2.90001898935357
H            0.38247695521720        2.84548594563459        1.52482379301069
H            2.67657822327944        2.23543620525521        0.68490238156957
H            2.86016071562096        2.66133870971565        3.05980487432959
48
 energy: -84.799215467867 gnorm: 0.009747612503 xtb: 6.7.1 (edcfbbe)
C            5.54506820037259       -0.36893199004275        0.16255284948266
O            4.61833378004445        0.67094921105343        0.40641530308884
C            3.44444381856486        0.26743247016005        1.00445823782734
O            2.65686432846944       -0.40066327855296        0.03290417572033
C            1.39112710030416       -0.84128211410692        0.48659112298667
C            0.82001359593871       -1.69356744023190       -0.64570939899343
O            1.62089432674950       -2.81566040168473       -0.87997313984792
C            0.55123638770890        0.35750171213541        0.95970348112164
O           -0.70155955590830       -0.05905457065721        1.46402931209539
C           -1.85946169066331        0.65316403527510        1.08951962294467
O           -1.83905553226314        1.26755818138916       -0.16396069866906
C           -2.04350938368151        0.44868356819340       -1.30544131575025
C           -2.16660242638648        1.41496843451812       -2.49526816337403
O           -2.25393312607383        0.73356944487253       -3.72244236056093
C           -3.29089752062578       -0.43668853329943       -1.17286491586866
O           -3.38662554291085       -1.34913110240438       -2.23695316332906
C           -3.20528749318265       -1.23527629445539        0.13118313456580
O           -4.35689875835207       -2.01542769668955        0.33298767546374
C           -3.08949541362879       -0.24702458844058        1.29186408559878
O           -3.01021835088512       -0.88361043442260        2.52919864296212
C            1.30353187137890        1.18134436105372        2.00539665076506
O            0.62575241238147        2.36795959928102        2.34494236157006
C            2.72550104493102        1.51669298257856        1.52744336185329
O            3.45928072863496        2.05174576370286        2.59232797195407
H            5.14561042187653       -1.09786040376553       -0.54789473437865
H            5.81155844545858       -0.87848609623034        1.09488093436265
H            6.42555019550844        0.11059809438870       -0.25836537441420
H            3.63740298181595       -0.41573083134840        1.85744905765131
H            1.52604158459483       -1.49206571078675        1.36717495787271
H            0.76148176611398       -1.07205839774687       -1.55158556542069
H           -0.16673761195142       -2.06395184159503       -0.36750637974863
H            2.53172477396526       -2.50575196667994       -0.96168852132485
H            0.39203657443794        0.99889302255271        0.07743259250130
H           -1.94927405543295        1.50644919426767        1.78661605785251
H           -1.17931066139478       -0.21448614421012       -1.45693796551619
H           -1.31935709188962        2.11030975741875       -2.47832275978337
H           -3.08674799178719        1.99541656334293       -2.39902755828214
H           -1.40587218681383        0.31747065492683       -3.91788340357409
H           -4.18834790763009        0.20361474290254       -1.13160528631339
H           -3.33369522156955       -0.84653002956772       -3.06512790497671
H           -2.31248386969567       -1.87855106434729        0.10699411197537
H           -4.53002358307181       -2.48396201797557       -0.49305540901417
H           -3.97854008127375        0.40865543118319        1.25808169843515
H           -3.62842831457144       -1.62676022680561        2.50128688623896
H            1.35076938048229        0.59927615057897        2.93141330650083
H            0.38713183218620        2.84152691092365        1.53762636520546
H            2.67623782516306        2.23595886768732        0.69124835342777
H            2.87477059231978        2.66276836342428        3.06337673531937
48
 energy: -84.800002447285 gnorm: 0.005715078325 xtb: 6.7.1 (edcfbbe)
C            5.54251690943329       -0.37161729773484        0.15923166983134
O            4.61669979530866        0.66884632468787        0.40384673522727
C            3.44335814018446        0.26719700174741        1.00393571280799
O            2.64676812194307       -0.38760291293746        0.03069840854108
C            1.38429116528188       -0.83346929229147        0.49093301738861
C            0.80807622064272       -1.67207112029997       -0.64939677516006
O            1.60712702850246       -2.79497321410193       -0.88608866326969
C            0.54980227334046        0.36742412504462        0.97799282697241
O           -0.70434463933147       -0.04461035318959        1.48258806716337
C           -1.85942618971117        0.66158992887853        1.08602495857412
O           -1.83020739505520        1.25520264224331       -0.17668179233266
C           -2.04117433143127        0.43484977209208       -1.31475206615505
C           -2.16602854949567        1.40154578494214       -2.50408836506368
O           -2.25629573794696        0.72440045177828       -3.73341875266421
C           -3.29063181736746       -0.44594737831773       -1.17868830788576
O           -3.39356836828022       -1.36078689258732       -2.24031867912707
C           -3.20348679989846       -1.23831669314400        0.12914186770208
O           -4.35508057978523       -2.01749174337476        0.33533151445223
C           -3.08743644208937       -0.24453773175852        1.28624204286397
O           -3.00937825731869       -0.87789503421673        2.52525852761749
C            1.31452609875916        1.17598284819837        2.02567193697958
O            0.63996030676779        2.36235271263097        2.36961378999870
C            2.73220090532686        1.51563036280165        1.53857063625661
O            3.47974236750631        2.04933267166333        2.59518576617884
H            5.14299603525092       -1.09977608489399       -0.55188190133283
H            5.80846640450934       -0.88182219504370        1.09137657771730
H            6.42346282357576        0.10786474742720       -0.26072763339070
H            3.63539792160568       -0.42515231600879        1.84965442397384
H            1.52854376057119       -1.50263086470113        1.35931891938609
H            0.75083745242226       -1.05157190903361       -1.55626173301027
H           -0.17877789910399       -2.04499665119097       -0.37454263973964
H            2.51937854666132       -2.48844267445418       -0.96522922270300
H            0.38704356550729        1.02431847275869        0.10431786394882
H           -1.96205663539875        1.52557152583864        1.76963972418476
H           -1.18025826500552       -0.23087635502762       -1.47091877254732
H           -1.31869264468292        2.09677624261149       -2.48589822942878
H           -3.08547248204890        1.98240793624813       -2.40342783377879
H           -1.40818335274821        0.30972920141392       -3.93151839885895
H           -4.18557941464479        0.19772711818101       -1.13584126107998
H           -3.33813863978860       -0.85959094422515       -3.06924236877571
H           -2.31124063859570       -1.88259510378273        0.10650117522184
H           -4.53038387983499       -2.48778179165637       -0.48930410468518
H           -3.97790095161967        0.40911820957860        1.24957319361801
H           -3.62678348721094       -1.62174144391690        2.49864826502011
H            1.37175867244991        0.59684229658897        2.95338351374199
H            0.39311640183729        2.83392125454456        1.56335098331099
H            2.67392689545835        2.23622498868732        0.70400230875108
H            2.90053018333506        2.66143571898731        3.07167810170561
48
 energy: -84.800368713205 gnorm: 0.004683690966 xtb: 6.7.1 (edcfbbe)
C            5.54059997170620       -0.37554642907345        0.15499533690288
O            4.61749117914926        0.66651312297394        0.40239586426298
C            3.44430034238706        0.26727743356141        1.00380532324978
O            2.63952845424628       -0.37312792855856        0.02855563947891
C            1.37999135404773       -0.82150102016856        0.49578907717524
C            0.79756626602643       -1.64828381670672       -0.65050813099945
O            1.59199264957846       -2.77316316501428       -0.89569893499424
C            0.54758829972507        0.37964190530456        0.98926574841634
O           -0.70683423280224       -0.03616008535583        1.49062447836234
C           -1.85928171529209        0.66769448015824        1.07928591478633
O           -1.81774774508806        1.24456686612559       -0.19077197773418
C           -2.03929265282791        0.42195947242716       -1.32546969866363
C           -2.16625218777560        1.38678629893037       -2.51629861584380
O           -2.26092243335832        0.70900753853522       -3.74483023524849
C           -3.29086543715814       -0.45454333083991       -1.18353187034618
O           -3.40037219857866       -1.37383414180893       -2.24095433410799
C           -3.20193538843841       -1.24016738828332        0.12814300084370
O           -4.35262537865677       -2.01920208484210        0.34060029306577
C           -3.08755620882650       -0.24025356877151        1.28098991774085
O           -3.00878711154290       -0.87082438006676        2.52123588009083
C            1.32265499825153        1.17156345987760        2.04529154181934
O            0.65442060999641        2.35678516302804        2.40673197674757
C            2.73843611647280        1.51287959923965        1.55119161586663
O            3.49885937844058        2.04087449518053        2.60180753172267
H            5.13955034940699       -1.10133237843208       -0.55780323010833
H            5.80542618009941       -0.88836255617112        1.08602086165713
H            6.42243612661369        0.10307094415090       -0.26399644933070
H            3.63430318940564       -0.43571503056055        1.84117206206093
H            1.52787419037663       -1.50156768207777        1.35514350829625
H            0.74431370329383       -1.02245460594005       -1.55386331220999
H           -0.19122077782936       -2.02017719523935       -0.38038604227667
H            2.50549762830339       -2.47002795178935       -0.97344365554145
H            0.38643826607945        1.04993556969098        0.12488997077162
H           -1.97032955488846        1.54101042758515        1.74955705631397
H           -1.18305708373874       -0.24774270752794       -1.48803430677233
H           -1.31802842414775        2.08090705853042       -2.50030670678904
H           -3.08498604090981        1.96824290943725       -2.41274614027860
H           -1.41253576584939        0.29679714822814       -3.94698541232777
H           -4.18412547526421        0.19141200512252       -1.14070806285201
H           -3.34398245492325       -0.87636352909780       -3.07197192534596
H           -2.30977316406132       -1.88492449934992        0.10819172260446
H           -4.53056884373535       -2.49190069925775       -0.48216230477188
H           -3.98006072700826        0.41070344627896        1.24151629730702
H           -3.62592209619042       -1.61492367189647        2.49657561741434
H            1.38853782939497        0.58730279894118        2.96942155644275
H            0.39890157930975        2.83318058294114        1.60619125618997
H            2.67258945705452        2.23763044417804        0.72082492246998
H            2.92776557740732        2.65635101796125        3.08374240245619
48
 energy: -84.800575358657 gnorm: 0.003180226115 xtb: 6.7.1 (edcfbbe)
C            5.53917475001387       -0.37900830637722        0.15138564213997
O            4.61994254700441        0.66526453069173        0.40363806160773
C            3.44654688979390        0.26738693838482        1.00489988984778
O            2.63696264994846       -0.36222611271643        0.02761772647297
C            1.37927116558376       -0.80988848368965        0.49968753644256
C            0.79104778335622       -1.62749734549727       -0.65038645523129
O            1.57934635447674       -2.75492223845568       -0.90543375483187
C            0.54759247917682        0.39082201269012        0.99369395965621
O           -0.70765924125876       -0.02887028082063        1.49005319421969
C           -1.85947411777161        0.67174855991014        1.07033923858617
O           -1.80865037598955        1.23847764585257       -0.20410019948677
C           -2.04046350857980        0.41306142878364       -1.33586219098438
C           -2.16967282217456        1.37389853713268       -2.52997176401395
O           -2.26832783516262        0.69116827894635       -3.75540351995670
C           -3.29301994074738       -0.46096608107008       -1.18688808944242
O           -3.40611854811130       -1.38544240277285       -2.23957216462501
C           -3.20180583901686       -1.24079689988836        0.12777396567043
O           -4.35095037699285       -2.02072603801835        0.34611616924359
C           -3.08798638330500       -0.23571933292018        1.27632361881834
O           -3.00709557615709       -0.86252538381113        2.51811840348188
C            1.32907232156934        1.16667213613644        2.06097094585420
O            0.66838910334638        2.34988506019584        2.44558386466140
C            2.74438254995036        1.50997902864780        1.56340853562713
O            3.51251467974017        2.02904181745793        2.61271452435703
H            5.13531110152894       -1.10094292956486       -0.56400267494042
H            5.80294223866241       -0.89646300949648        1.08014260393618
H            6.42220824283398        0.09810378206769       -0.26673352906925
H            3.63475749542481       -0.44377457470398        1.83570028372249
H            1.52680461528876       -1.49208682284245        1.35550324639264
H            0.74212544832881       -0.99360822733171       -1.54841903806151
H           -0.19980715008184       -1.99569171935026       -0.38287589518423
H            2.49360023584716       -2.45450581598069       -0.98410071326292
H            0.39149485217988        1.06960130614258        0.13664010602600
H           -1.97363462578266        1.55139220218459        1.73061475165972
H           -1.18814086073909       -0.25985920779923       -1.50376245799364
H           -1.32015830466768        2.06636014487954       -2.51853038152260
H           -3.08751591463844        1.95657640581040       -2.42636009754668
H           -1.41950087806271        0.28163495722500       -3.96129367862665
H           -4.18577725200000        0.18568094395763       -1.14551957815619
H           -3.35040853532855       -0.89279387772163       -3.07338153758828
H           -2.30901525185562       -1.88479005161893        0.11056500869621
H           -4.53103272779337       -2.49592646886884       -0.47476520174002
H           -3.98188390931061        0.41314162669333        1.23500687579773
H           -3.62422467021552       -1.60676007408003        2.49626141779337
H            1.39884383053904        0.57006203695648        2.97699094736052
H            0.40621114827909        2.83680607606621        1.65378567219229
H            2.67441072926954        2.24060604616913        0.73854073475585
H            2.94937203164071        2.64841452404186        3.09877102466301
48
 energy: -84.800714118654 gnorm: 0.002673372650 xtb: 6.7.1 (edcfbbe)
C            5.53827904106739       -0.38172454551230        0.14828476401855
O            4.62426059328567        0.66525462498385        0.40845906274751
C            3.45025067069374        0.26730920236063        1.00815241608469
O            2.63862796019557       -0.35461480917300        0.02851980707621
C            1.38115229548167       -0.79938734825517        0.50176149759566
C            0.78826807214380       -1.61017872733935       -0.65048811564438
O            1.57001465451691       -2.73993310437068       -0.91537744566365
C            0.54963967686277        0.40113330618593        0.99332104386125
O           -0.70717038862895       -0.02059983124551        1.48404053872715
C           -1.85973809373270        0.67596501060160        1.06001042275216
O           -1.80440857826058        1.23696109889386       -0.21707468369441
C           -2.04452284878776        0.40777522193403       -1.34581448273135
C           -2.17685909113496        1.36253898713867       -2.54477626530344
O           -2.27863909057261        0.67147488956452       -3.76545724329943
C           -3.29669456273833       -0.46578950096471       -1.18923977402935
O           -3.41079226003023       -1.39602779639387       -2.23679923566296
C           -3.20225122013705       -1.24019498488672        0.12799048614980
O           -4.34953283992358       -2.02146626733533        0.35171598517698
C           -3.08762368181843       -0.23029700097655        1.27187957844050
O           -3.00380547337399       -0.85183741653683        2.51599676944804
C            1.33432229107796        1.16102079284697        2.07279451601553
O            0.68091813632025        2.34065477187409        2.48245673334353
C            2.75039581082542        1.50674295780968        1.57640084829236
O            3.52106773560456        2.01444541228468        2.62882132685634
H            5.12977867021862       -1.09773513352506       -0.57073092200893
H            5.80108427807655       -0.90621155124532        1.07339880386221
H            6.42283431357359        0.09341030382940       -0.26882946231578
H            3.63717904267701       -0.44952974409809        1.83424280850174
H            1.52594885836696       -1.47975854797102        1.35754074512116
H            0.74264770431357       -0.96763534068919       -1.54263790960891
H           -0.20421850474431       -1.97361998367867       -0.38340371728061
H            2.48461446125357       -2.44160927181978       -0.99691776567262
H            0.40014363838826        1.08538991030435        0.14174714939006
H           -1.97440241789762        1.55957627410715        1.71385092293981
H           -1.19457651478883       -0.26692316298947       -1.51684097857108
H           -1.32641915907649        2.05376011765626       -2.53974085974524
H           -3.09404073672910        1.94645256665398       -2.44351964143738
H           -1.42922424772434        0.26456381458606       -3.97411800412580
H           -4.19012967103753        0.17998139323651       -1.15008076769299
H           -3.35698278077722       -0.90882610882181       -3.07385547285852
H           -2.30843163226256       -1.88270126664010        0.11264988970604
H           -4.53103858494298       -2.49954273230835       -0.46717486886663
H           -3.98211455000423        0.41747661018329        1.22948015703979
H           -3.62078647566622       -1.59639650556772        2.49796506550353
H            1.40385028218438        0.54707835842256        2.97746617393864
H            0.41518242037546        2.84241964448680        1.70130378054941
H            2.67982219668328        2.24454933610718        0.75806127631367
H            2.96412119887869        2.63660041822974        3.11805007318298
48
 energy: -84.800793962595 gnorm: 0.002480158269 xtb: 6.7.1 (edcfbbe)
C            5.53799708876870       -0.38291504450006        0.14644492863976
O            4.62887619788389        0.66620240556873        0.41570391113793
C            3.45403048274048        0.26684245632793        1.01301111217057
O            2.64292017828864       -0.35119955098207        0.03083715095454
C            1.38394710604415       -0.79297066826885        0.50108171679324
C            0.78921058463818       -1.59989392163554       -0.65257686646323
O            1.56675070134180       -2.73057252776722       -0.92394202880182
C            0.55237494482137        0.40795427664037        0.99010232304343
O           -0.70608391000357       -0.01326459590812        1.47684152020335
C           -1.85962152296853        0.68033456740931        1.05167149618224
O           -1.80508646492573        1.23949636641204       -0.22661984127120
C           -2.04909264103510        0.40637313650429       -1.35261662914358
C           -2.18485584233422        1.35482231927954       -2.55637322707951
O           -2.28838099203743        0.65537250127154       -3.77246892419381
C           -3.29997785786157       -0.46835080623426       -1.19018003737477
O           -3.41347256336305       -1.40334958383583       -2.23356479990366
C           -3.20261852216000       -1.23853844535625        0.12906308053018
O           -4.34857169749374       -2.02054819772318        0.35675372683030
C           -3.08649556244905       -0.22479620997986        1.26886624470295
O           -3.00029679355406       -0.84101561266836        2.51553479445635
C            1.33700830207373        1.15621785852191        2.07851627440643
O            0.68801130660543        2.33169873566841        2.50550255703322
C            2.75477320980261        1.50380864930807        1.58744529729392
O            3.52327565904818        2.00138632033245        2.64575267053330
H            5.12451669912101       -1.09232408153649       -0.57640005834212
H            5.80028052183732       -0.91495059046091        1.06745338921033
H            6.42386153501038        0.09073677256099       -0.26953274732776
H            3.64052688463716       -0.45279575623377        1.83675100602036
H            1.52507823670630       -1.47159363031994        1.35835699135753
H            0.74432857838014       -0.95181063156124       -1.54076015101772
H           -0.20387718847836       -1.96032541152540       -0.38446819455550
H            2.48138013592634       -2.43333580699006       -1.00856147649168
H            0.40802275543922        1.09492378087041        0.14110068980414
H           -1.97354976239256        1.56556066087823        1.70340097736610
H           -1.19939722872938       -0.26839941233329       -1.52363725688160
H           -1.33458972518457        2.04614797092588       -2.55763093423863
H           -3.10215146707873        1.93896265993593       -2.45815496269522
H           -1.43856774234003        0.24984999407794       -3.98201358867956
H           -4.19469952017957        0.17573567300539       -1.15289830711471
H           -3.36168514115176       -0.92045122851332       -3.07324918836125
H           -2.30801460750268       -1.87987572575776        0.11421454265945
H           -4.53053871725559       -2.50143198543694       -0.46038467222381
H           -3.98096041007525        0.42289365733082        1.22572519373433
H           -3.61672664734791       -1.58616788947429        2.50122888289574
H            1.40351363794330        0.52782048946397        2.97347983655882
H            0.42320461117566        2.84656875851860        1.73278509079128
H            2.68707598182541        2.24787772279009        0.77464353823641
H            2.96834778637353        2.62328392369612        3.13724997399975
48
 energy: -84.800854152989 gnorm: 0.001701661396 xtb: 6.7.1 (edcfbbe)
C            5.53797072363333       -0.38307331127517        0.14515392431043
O            4.63337048719926        0.66741823092142        0.42486104932493
C            3.45757836199457        0.26571846617881        1.01925586213870
O            2.64823993807151       -0.34981320091125        0.03395643999177
C            1.38660970492510       -0.78912741345456        0.49838675764901
C            0.79246483159519       -1.59344719478677       -0.65715596897545
O            1.56815023809840       -2.72378434949327       -0.93248591635596
C            0.55506414509071        0.41271691890716        0.98565990997409
O           -0.70500111024236       -0.00634378729535        1.46988849449445
C           -1.85905586090741        0.68555226057886        1.04463829033323
O           -1.80794098139387        1.24417398615358       -0.23445419442776
C           -2.05322966216333        0.40679182050191       -1.35757303769506
C           -2.19313945178188        1.34878160447282       -2.56593921368223
O           -2.29796787117380        0.64155493453778       -3.77780050481832
C           -3.30240620488865       -0.46990510766312       -1.19023843487537
O           -3.41494524265325       -1.40914499929292       -2.22988799568308
C           -3.20254226570751       -1.23610763342842        0.13108585438711
O           -4.34761149067088       -2.01819198629995        0.36233724479773
C           -3.08503164876609       -0.21850058098807        1.26675053314106
O           -2.99711053390809       -0.82907138600931        2.51624913143145
C            1.33781564467602        1.15207460816828        2.08097409618706
O            0.69114553615603        2.32338650984517        2.51892392685967
C            2.75809868051083        1.50056427366861        1.59810214288269
O            3.52188454608344        1.98863997684032        2.66403309892756
H            5.11951597703580       -1.08496649863360       -0.58210365382267
H            5.80013207889407       -0.92346104714016        1.06139820342141
H            6.42485810607991        0.08998733212314       -0.26925086938675
H            3.64400861769144       -0.45587659987995        1.84143416367268
H            1.52329519639719       -1.46763899773006        1.35695106010031
H            0.74679123545822       -0.94218216325040       -1.54293340906666
H           -0.20064591201123       -1.95298923777317       -0.38816573130624
H            2.48272723665039       -2.42701221362958       -1.01913975673090
H            0.41460423281461        1.10145312239867        0.13767031462707
H           -1.97177724074848        1.57163260957372        1.69611348155352
H           -1.20250052023061       -0.26707717616152       -1.52685054562095
H           -1.34408654664427        2.04146061162901       -2.57358725834870
H           -3.11130859914944        1.93196210168038       -2.47024945854519
H           -1.44805549026041        0.23618773086017       -3.98702312463488
H           -4.19855816876799        0.17230724980075       -1.15450076678523
H           -3.36506115658566       -0.92972578168138       -3.07174156380774
H           -2.30740795216081       -1.87669569464098        0.11630622630341
H           -4.52944170298319       -2.50229400196619       -0.45294262685592
H           -3.97932263936138        0.42941316754386        1.22239828925767
H           -3.61245261938203       -1.57517084289860        2.50564460897840
H            1.40003025446557        0.51282597642014        2.96837760137792
H            0.43077467978816        2.84928225116244        1.75243112153711
H            2.69581655293720        2.25050545468472        0.79034801718069
H            2.96565446511243        2.60720435027230        3.15817921093800
48
 energy: -84.800917239684 gnorm: 0.001914849252 xtb: 6.7.1 (edcfbbe)
C            5.53789444246520       -0.38241903422651        0.14320358504657
O            4.63937547738381        0.66871711246828        0.44069201519438
C            3.46212219842589        0.26267797704098        1.03014211615507
O            2.65588819020588       -0.34835347914639        0.03896743122455
C            1.38939429103725       -0.78528157609462        0.49238582581331
C            0.79940279714510       -1.58570646123550       -0.66798912966964
O            1.57574758727062       -2.71394956231354       -0.94668713570399
C            0.55826126797253        0.41828465389967        0.97847046115296
O           -0.70409890765818        0.00387429550847        1.46067098237981
C           -1.85775981732776        0.69499185049670        1.03495428765153
O           -1.81225524170439        1.25198695271114       -0.24565912715120
C           -2.05808780858768        0.40776729628125       -1.36394218052853
C           -2.20566066110323        1.34019366127149       -2.57869507875794
O           -2.31283006660157        0.62274961448954       -3.78480286488254
C           -3.30451050856740       -0.47224804884576       -1.18947317991435
O           -3.41600024132755       -1.41771678978225       -2.22353171492404
C           -3.20155201894704       -1.23164222196717        0.13570037171533
O           -4.34562277305999       -2.01322208211801        0.37264731072006
C           -3.08309317683095       -0.20710424559590        1.26434232393067
O           -2.99365846655038       -0.80811278600194        2.51863490338943
C            1.33717195757826        1.14647344624523        2.08276514232020
O            0.69205429789298        2.31263143428013        2.53029848741227
C            2.76234635537550        1.49450359616039        1.61510668055073
O            3.51741781834987        1.96804006426514        2.69416360271265
H            5.11268356995280       -1.07144058146312       -0.59219805039585
H            5.80022750566417       -0.93700256581458        1.05103686406766
H            6.42590165118889        0.09162470413812       -0.26759160717934
H            3.64817025520361       -0.46278957058804        1.84934430214349
H            1.51844934902827       -1.46661922480700        1.35106629674918
H            0.75227944732671       -0.93146288941422       -1.55153552554607
H           -0.19351870044173       -1.94715824542498       -0.40016777295085
H            2.49035931126314       -2.41713922730216       -1.03280434435720
H            0.42246684063038        1.10991524582226        0.13143769821832
H           -1.96827827357825        1.58285402096737        1.68586857692762
H           -1.20501882769698       -0.26409152773086       -1.53000365595602
H           -1.35958784620116        2.03626123030861       -2.59621265776558
H           -3.12597114984080        1.92040822597575       -2.48487769474633
H           -1.46333184738396        0.21582380061906       -3.99258516057711
H           -4.20258944791119        0.16744863412966       -1.15584839358797
H           -3.36894306685495       -0.94280789782291       -3.06824427003544
H           -2.30575580661263       -1.87140652314933        0.12190193858516
H           -4.52671090035443       -2.50328204651272       -0.43927855189153
H           -3.97720385200013        0.44099226060362        1.21658695141380
H           -3.60659371357267       -1.55615284638850        2.51373920985326
H            1.39193238409343        0.49580275778218        2.96212534655592
H            0.44249862257786        2.85244883797059        1.77015378122526
H            2.71105989404008        2.25351466897088        0.81503325229933
H            2.95552820794759        2.57711743442627        3.19417337394634
48
 energy: -84.800958297534 gnorm: 0.001880739023 xtb: 6.7.1 (edcfbbe)
C            5.53762224790175       -0.38169793929818        0.14155029695687
O            4.64144489726777        0.66810646616760        0.45020512670875
C            3.46349608003286        0.25944813417808        1.03662821070024
O            2.65822253050652       -0.34636685031921        0.04118433348895
C            1.38924249534483       -0.78343319279531        0.48843262601639
C            0.80416312688562       -1.58029082859752       -0.67724861058282
O            1.58387640553888       -2.70617778137364       -0.95664543344997
C            0.55870015800150        0.42071032424209        0.97492508792255
O           -0.70473843517249        0.00917906119844        1.45710767074765
C           -1.85698919602227        0.70122091523491        1.02972711256074
O           -1.81202976378638        1.25474078702580       -0.25247769547645
C           -2.05926106183772        0.40675851836690       -1.36763016285326
C           -2.21223754065094        1.33467708145800       -2.58499942946053
O           -2.32180356967933        0.61340228427307       -3.78856416203181
C           -3.30434690874242       -0.47463878516225       -1.18846364558344
O           -3.41590974867462       -1.42387073409432       -2.21900481208601
C           -3.20032742892379       -1.22876441259843        0.13975247759657
O           -4.34374966723404       -2.01010699952475        0.38049124590088
C           -3.08306572567131       -0.19876596043975        1.26336203218176
O           -2.99407286563727       -0.79308419855460        2.52083175520426
C            1.33590403620939        1.14366736398544        2.08398787095199
O            0.69102561412731        2.30931264240310        2.53240858645082
C            2.76451949075763        1.48942023252069        1.62619369800351
O            3.51487777085787        1.95375786952157        2.71302585175535
H            5.11034047038918       -1.06226806677960       -0.60019818066329
H            5.79982843276010       -0.94572271231896        1.04349665293948
H            6.42600923657973        0.09498845582014       -0.26539362366513
H            3.64835321046943       -0.47040898019655        1.85231308415329
H            1.51384436363812       -1.46853386856404        1.34483510362564
H            0.75820723642934       -0.92405266324107       -1.55952743474674
H           -0.18898292501565       -1.94545074363809       -0.41439682937936
H            2.49871019012737       -2.40839162138398       -1.03718550737230
H            0.42507282699615        1.11492433723390        0.12931404662958
H           -1.96586808993071        1.59151418950362        1.67798815096753
H           -1.20531339389675       -0.26413814732808       -1.53334656838836
H           -1.36810696694076        2.03285375069524       -2.60790325153192
H           -3.13382303838204        1.91272988151139       -2.48985370607398
H           -1.47315596428269        0.20409021589895       -3.99542477661886
H           -4.20305287030306        0.16426386887965       -1.15624693225799
H           -3.37098574933525       -0.95126371693132       -3.06519903650191
H           -2.30391954011742       -1.86778024902328        0.12865656947695
H           -4.52420288752857       -2.50457804951402       -0.42888664513461
H           -3.97710225796854        0.44913067884696        1.21174163166338
H           -3.60538284226130       -1.54236853896032        2.51928022936403
H            1.38528548302587        0.49039480810160        2.96181406122703
H            0.45066677180944        2.85463468967509        1.77323651140865
H            2.72102990132171        2.25412198358186        0.83115247120377
H            2.94798606064403        2.55410084353457        3.21843897011260
48
 energy: -84.801004773867 gnorm: 0.001302276460 xtb: 6.7.1 (edcfbbe)
C            5.53701435806521       -0.38047084268182        0.13908158416988
O            4.64300697126290        0.66619678774011        0.46361279097733
C            3.46409994847685        0.25359112105037        1.04521013588298
O            2.65979042204044       -0.34310424783181        0.04339532846178
C            1.38796143878297       -0.78146968512049        0.48270423535125
C            0.81190455525957       -1.57235939711845       -0.69206115618465
O            1.59886780664875       -2.69366804051379       -0.97220723520548
C            0.55804219382568        0.42244337264138        0.96982677508741
O           -0.70641222327484        0.01472049579321        1.45301141494166
C           -1.85622477234506        0.70910132855086        1.02340991697399
O           -1.80947322974105        1.25679826724466       -0.26093546222901
C           -2.06005282841581        0.40438739978040       -1.37199011235643
C           -2.22060956177033        1.32760280384375       -2.59185408931972
O           -2.33434067168784        0.60239723312545       -3.79246856005110
C           -3.30326601536964       -0.47876165802519       -1.18613456275738
O           -3.41418351908500       -1.43348264968112       -2.21158885175071
C           -3.19843106653518       -1.22471394544233        0.14661367463946
O           -4.34049340981252       -2.00661616114883        0.39200048255413
C           -3.08436825144651       -0.18631178089378        1.26264250719015
O           -2.99806740129795       -0.77013409347481        2.52500989551201
C            1.33291163040246        1.14039152169017        2.08452785322875
O            0.68873158530298        2.30858486055878        2.52907769672010
C            2.76696749153987        1.48096228031188        1.64194766810617
O            3.51067902682921        1.93113222454552        2.74004600894008
H            5.10922222562611       -1.04813776794753       -0.61405567529956
H            5.79799042316979       -0.95942538076968        1.03188937624147
H            6.42632123995754        0.10159398444914       -0.25973880847945
H            3.64633800943423       -0.48351817999655        1.85481931996978
H            1.50692904542858       -1.47162895509266        1.33527513043379
H            0.77013476733377       -0.91159531959532       -1.57126414288803
H           -0.18171545191248       -1.94427268301224       -0.44000306259079
H            2.51385471338746       -2.39249579197735       -1.03947136871395
H            0.42695247632215        1.11961838554957        0.12655044184261
H           -1.96156431073230        1.60306607894148        1.66692344788591
H           -1.20552027129925       -0.26549070658533       -1.53903520660677
H           -1.37852790825344        2.02798004264819       -2.62128807759643
H           -3.14327624121077        1.90350148797244       -2.49368092031437
H           -1.48732396298071        0.18891520852315       -3.99823936757944
H           -4.20290757371538        0.15901366238927       -1.15670911630615
H           -3.37414757422259       -0.96405962196976       -3.05986363008727
H           -2.30045840005771       -1.86160195153122        0.14139110995725
H           -4.51958070815011       -2.50745674515956       -0.41367301717426
H           -3.97766124375424        0.46188048778472        1.20389155945148
H           -3.60767733007021       -1.52070783460677        2.52793072263732
H            1.37126957565580        0.48650686579834        2.96278296411627
H            0.46462433210317        2.85909501455839        1.76844722752818
H            2.73582881761160        2.25378084899299        0.85422322305119
H            2.93684147276075        2.51821601901850        3.25350495271508
48
 energy: -84.801021546843 gnorm: 0.000774795825 xtb: 6.7.1 (edcfbbe)
C            5.53687661897794       -0.38000848436553        0.13781392669008
O            4.64396496944383        0.66441702372123        0.47177479537007
C            3.46433183027308        0.24930096762800        1.04998754043588
O            2.66033215277729       -0.34057149431453        0.04414855462599
C            1.38717255206408       -0.77987592974251        0.47924248308447
C            0.81654826099579       -1.56601090551806       -0.70152787470009
O            1.60814960651857       -2.68388354156633       -0.98402449479878
C            0.55744479178439        0.42345447751118        0.96690685860881
O           -0.70725406975637        0.01734414222248        1.45092551716895
C           -1.85599718884681        0.71298586731747        1.02003241161622
O           -1.80736698571377        1.25696537607279       -0.26556053487713
C           -2.06082776547507        0.40224055440739       -1.37433690819850
C           -2.22512891144240        1.32309974976054       -2.59549703505963
O           -2.34184308932716        0.59557170724149       -3.79433338827095
C           -3.30277163255688       -0.48201933853052       -1.18438131287125
O           -3.41222944008030       -1.44070051590585       -2.20633584512227
C           -3.19752644122984       -1.22264124246381        0.15119701163047
O           -4.33830609430981       -2.00562646377092        0.39899031942365
C           -3.08581911803314       -0.17879166747375        1.26224776068636
O           -3.00274279775270       -0.75563139663556        2.52790235938861
C            1.33078281099426        1.13902420268145        2.08503227061591
O            0.68788453128135        2.31025777873217        2.52576782346886
C            2.76840896376239        1.47478623268529        1.65203089320590
O            3.50839350423459        1.91496541531196        2.75679477878842
H            5.10988814472055       -1.03879261963530       -0.62360397623481
H            5.79513865362983       -0.96916230571819        1.02459285127161
H            6.42769181884955        0.10524272874503       -0.25381598359842
H            3.64467906516078       -0.49270732709476        1.85539686897321
H            1.50353094870516       -1.47284397619193        1.32952865353508
H            0.77775098038096       -0.90051605999905       -1.57728900416912
H           -0.17718337925540       -1.94203567805695       -0.45674037678300
H            2.52277022670093       -2.37944068505857       -1.04165298483532
H            0.42739157104296        1.12209867446836        0.12505363230491
H           -1.95885590299859        1.60905331538995        1.66076419166772
H           -1.20631115967742       -0.26726429469037       -1.54301067524818
H           -1.38330426140942        2.02367573908921       -2.62836704973216
H           -3.14764819620977        1.89890151884410       -2.49578882913336
H           -1.49577176163971        0.18010473424327       -4.00010241165846
H           -4.20338161211296        0.15451787576683       -1.15755570081753
H           -3.37694859972878       -0.97377761879930       -3.05619789684194
H           -2.29812029754650       -1.85748265591800        0.15009988597683
H           -4.51634814953819       -2.50996417064236       -0.40467122783814
H           -3.97811773575116        0.47023176343201        1.19820071723569
H           -3.61224983179003       -1.50627205765789        2.53336770188245
H            1.36071338650112        0.48520745808833        2.96389809460215
H            0.47479729792756        2.86310128326293        1.76351374316020
H            2.74480148130270        2.25290836436108        0.86933680447502
H            2.93261085450907        2.49655782214631        3.27373008137101
48
 energy: -84.801028936318 gnorm: 0.000572469079 xtb: 6.7.1 (edcfbbe)
C            5.53690572774845       -0.38014770636669        0.13794218313156
O            4.64473458919623        0.66332189456935        0.47644597906885
C            3.46438453880811        0.24696288182938        1.05225281838410
O            2.66070813775896       -0.33884095196076        0.04418767385916
C            1.38702964024106       -0.77873017963573        0.47732375464286
C            0.81852735716682       -1.56159646527006       -0.70655434841208
O            1.61255076360369       -2.67702120857662       -0.99221308626125
C            0.55700889799265        0.42383918462996        0.96556067173257
O           -0.70763675226775        0.01791049424000        1.45000088616256
C           -1.85619568330508        0.71411675745066        1.01876438664684
O           -1.80660451311674        1.25656918089043       -0.26725292066525
C           -2.06156336927564        0.40078151980845       -1.37503638324018
C           -2.22701962037280        1.32065757422112       -2.59681123127009
O           -2.34553502997050        0.59192817854885       -3.79470415430038
C           -3.30269465314429       -0.48426232483359       -1.18341856957663
O           -3.41043266519930       -1.44543027648537       -2.20329616499731
C           -3.19733526878614       -1.22201120713685        0.15366688052880
O           -4.33723423172017       -2.00587915275663        0.40245155441681
C           -3.08708954040407       -0.17537656513298        1.26208023137413
O           -3.00695326657867       -0.74835833848538        2.52959501065289
C            1.32978188804432        1.13867487645528        2.08497455704970
O            0.68813941857593        2.31219522759565        2.52246858727844
C            2.76952898958516        1.47151717152998        1.65747025674776
O            3.50799781273407        1.90498662519388        2.76573320747633
H            5.11127147873722       -1.03299331004031       -0.62936951415733
H            5.79185827442690       -0.97586828403667        1.02120282856203
H            6.42956575871122        0.10641544716871       -0.24777562512712
H            3.64350671788798       -0.49779864561249        1.85528472022213
H            1.50238902526518       -1.47297980782009        1.32651574988161
H            0.78051971490007       -0.89249171202102       -1.57953407795131
H           -0.17495986007378       -1.93989359929192       -0.46504123854955
H            2.52658204102267       -2.37018061217131       -1.04504230083648
H            0.42711158775345        1.12295500207629        0.12431863460824
H           -1.95748034118416        1.61087643554286        1.65860089694355
H           -1.20720925668311       -0.26869622914347       -1.54451143631167
H           -1.38456819709099        2.02043117489266       -2.63115674412815
H           -3.14889286580361        1.89735358090908       -2.49668756134686
H           -1.49978576348519        0.17620592310828       -4.00120820203488
H           -4.20413503590816        0.15112758217114       -1.15862420777776
H           -3.37874942185743       -0.98028070370798       -3.05417000255399
H           -2.29700682940260       -1.85549783816198        0.15474699457946
H           -4.51451921961579       -2.51171605775620       -0.40041024918181
H           -3.97841646817610        0.47463868561944        1.19456439937032
H           -3.61724835943431       -1.49836742264346        2.53613530261672
H            1.35418825699183        0.48551306082045        2.96443774752996
H            0.48118211752498        2.86555300155119        1.75901351338174
H            2.75020747091014        2.25259730074099        0.87766860871954
H            2.93358660774442        2.48728418092067        3.28289500323640
48
 energy: -84.801034320182 gnorm: 0.000540153561 xtb: 6.7.1 (edcfbbe)
C            5.53725594710957       -0.38097722266769        0.13900580522789
O            4.64572390445866        0.66214360373980        0.47992858085474
C            3.46440672479348        0.24522629617780        1.05346981616487
O            2.66101075564535       -0.33734964477533        0.04372875469972
C            1.38711420221374       -0.77769060859215        0.47572350234474
C            0.81939200565619       -1.55790207257683       -0.71013821906378
O            1.61501467125020       -2.67103237139213       -1.00003220636609
C            0.55694220148941        0.42441343696520        0.96462112133794
O           -0.70736452595492        0.01796619615747        1.44959675164151
C           -1.85637882130339        0.71416981398150        1.01860410417815
O           -1.80684078966318        1.25609255797048       -0.26752110465658
C           -2.06230117868349        0.39964248274250       -1.37485571384396
C           -2.22768143073530        1.31897580981539       -2.59707590109588
O           -2.34767522988282        0.58954620709104       -3.79438731667033
C           -3.30275013946298       -0.48625896935578       -1.18268739051219
O           -3.40835670953302       -1.44931385054081       -2.20107215723944
C           -3.19745539261020       -1.22221400641104        0.15536937669162
O           -4.33677066218089       -2.00674991355497        0.40456249068057
C           -3.08809046226152       -0.17379502290198        1.26206311229501
O           -3.01102071453838       -0.74424968828754        2.53083110665408
C            1.32883803012041        1.13943440032829        2.08479889678766
O            0.68815709895238        2.31488719899164        2.51921022360651
C            2.77039090848959        1.46911224056304        1.66100309148378
O            3.50807412430737        1.89684722320639        2.77168045995851
H            5.11353265237624       -1.02849527635496       -0.63384044165638
H            5.78736882899254       -0.98236096799538        1.01972671004750
H            6.43252038696673        0.10601275186949       -0.24014496988757
H            3.64225039927228       -0.50138671030802        1.85500450553211
H            1.50217901896063       -1.47292729695155        1.32411689272288
H            0.78040247047859       -0.88553808278247       -1.58053899894290
H           -0.17350260251354       -1.93812959456124       -0.46965964533809
H            2.52841070565070       -2.36211556361065       -1.05060367687492
H            0.42642676362837        1.12365238010948        0.12366256327802
H           -1.95671356480803        1.61103956736008        1.65842707188513
H           -1.20797402311247       -0.26972998267504       -1.54447759509435
H           -1.38428676721163        2.01761082886682       -2.63217405685117
H           -3.14871675858376        1.89693195297531       -2.49683065944754
H           -1.50196632356357        0.17443668176860       -4.00217732198375
H           -4.20505929850026        0.14788981800932       -1.15980389289997
H           -3.37968188731485       -0.98564850470622       -3.05273047336364
H           -2.29651701910092       -1.85479879926257        0.15770708936924
H           -4.51333665016085       -2.51342185198576       -0.39794849630589
H           -3.97849086867370        0.47724950071322        1.19166851018463
H           -3.62270047010137       -1.49317316788744        2.53775790375872
H            1.34932045085236        0.48712913568746        2.96494281835189
H            0.48553011169499        2.86819306627978        1.75459661118244
H            2.75428542882337        2.25255645428642        0.88353884836215
H            2.93708509879678        2.48409390801264        3.28683853863149
48
 energy: -84.801037669769 gnorm: 0.000424064464 xtb: 6.7.1 (edcfbbe)
C            5.53748517109694       -0.38233118487909        0.14082119770317
O            4.64673369519978        0.66115478431203        0.48284847526105
C            3.46431226789694        0.24433591446566        1.05432326975713
O            2.66144229626922       -0.33608067782062        0.04314501156211
C            1.38732504347156       -0.77671201897992        0.47427292301300
C            0.81945791575669       -1.55519991206496       -0.71261797231891
O            1.61631952020567       -2.66626249751042       -1.00633330221176
C            0.55677630729992        0.42480845424517        0.96395620448346
O           -0.70735345271906        0.01772381470164        1.44923442594208
C           -1.85682648730584        0.71381618131930        1.01886109526046
O           -1.80800608425045        1.25610099765934       -0.26711729255636
C           -2.06286552737000        0.39906493597172       -1.37426455548590
C           -2.22799887349011        1.31802468961971       -2.59681549898268
O           -2.34886580938276        0.58818430078406       -3.79378739281061
C           -3.30273708402850       -0.48777278792283       -1.18233625128964
O           -3.40641686221580       -1.45196689183791       -2.19987851024044
C           -3.19759007554566       -1.22275586224134        0.15631479853461
O           -4.33673078568659       -2.00747489838779        0.40569842413113
C           -3.08886464052919       -0.17352569362111        1.26225452917176
O           -3.01384418536851       -0.74270986987174        2.53169540900524
C            1.32842153502896        1.14021186048470        2.08414281577715
O            0.68835324734775        2.31688249205275        2.51584662206060
C            2.77139301638781        1.46814414422029        1.66320378388075
O            3.50865430591818        1.89131215148306        2.77584470385844
H            5.11579206627461       -1.02518068679442       -0.63705531928427
H            5.78245028888718       -0.98854748235785        1.01971264349949
H            6.43552753156439        0.10442152207050       -0.23201231087721
H            3.64085856435868       -0.50353305101470        1.85502592580640
H            1.50213602278307       -1.47259240551791        1.32217796951418
H            0.77832528029380       -0.88074757584393       -1.58130393505723
H           -0.17262513053997       -1.93735644105350       -0.47163239091166
H            2.52918358858477       -2.35576638705028       -1.05702158615421
H            0.42569659893282        1.12401648464548        0.12303128479144
H           -1.95671305086143        1.61037066178633        1.65924595713233
H           -1.20828884390246       -0.27002970157804       -1.54327189924384
H           -1.38392148511805        2.01581847838173       -2.63234693463437
H           -3.14844871207273        1.89690897023032       -2.49656153423042
H           -1.50303141827795        0.17397166726274       -4.00278149675906
H           -4.20576810188819        0.14532281891136       -1.16079019550328
H           -3.37939891618150       -0.98922360440952       -3.05200035703166
H           -2.29646702501400       -1.85507599389384        0.15916812349589
H           -4.51264896534609       -2.51483594699151       -0.39655109410599
H           -3.97862395563439        0.47826520205685        1.19003268609847
H           -3.62677017140832       -1.49065888448979        2.53871386941016
H            1.34636944968764        0.48892182819501        2.96503918959874
H            0.48821406025511        2.86981654132086        1.75031093799907
H            2.75789642705109        2.25328453910938        0.88735296126380
H            2.94168204411234        2.48545136453884        3.28768961116939
