48
 energy: -84.846901163485 gnorm: 0.073455516967 xtb: 6.7.1 (edcfbbe)
C            5.47498252286852       -1.58774047645736        0.22568680795251
O            4.87515968695862       -0.37370773428392        0.66941904166075
C            3.49398925795215       -0.39498235830945        0.73890795545104
O            2.95001900996225       -0.47473332756403       -0.56147856823970
C            1.53871010740480       -0.56142452518743       -0.55945197721870
C            1.08298553764060       -0.65304680563918       -2.02210401958217
O            1.34132459634624       -1.90774070698937       -2.58840246634873
C            0.87533971546491        0.63332007259126        0.14980810793675
O           -0.48545115736179        0.27702973133647        0.33182637162959
C           -1.45583005478160        1.27544624588943        0.15354741987096
O           -2.19103531936756        1.06028906683312       -1.01999094727580
C           -2.86861021680523       -0.19459418221636       -1.07342825199794
C           -3.59629419363809       -0.24023613487890       -2.42307206895181
O           -2.70925865605267       -0.20007558716561       -3.50903214737543
C           -3.85161993312849       -0.34543021428910        0.09536700668377
O           -4.48886824458700       -1.59656557630927        0.09983037071360
C           -3.12055238112062       -0.09054241987245        1.42175916448549
O           -4.01455111356212       -0.06948743301047        2.50980867504531
C           -2.41145116779388        1.26747866648962        1.36464458101120
O           -1.68140443327253        1.52350146831011        2.52868792497118
C            1.52592348554281        0.99778436946708        1.49062091486506
O            1.12881486580503        2.31025280096575        1.79655698853672
C            3.05675121214422        0.91125047953886        1.41477271931475
O            3.55168877174048        1.00215002160543        2.72400237904841
H            5.19823138228817       -1.79656453173659       -0.80767208732841
H            5.16863562282169       -2.41863490933009        0.86704165857224
H            6.54591395141627       -1.42460679522018        0.30306311552497
H            3.13918277761704       -1.26327339051579        1.33422360732611
H            1.22887767466106       -1.47514972783731       -0.02625106146935
H            1.57569201485458        0.14684243396921       -2.58653598789081
H            0.00177192452361       -0.51603615001508       -2.06715561937971
H            2.29822974387141       -2.03862767460566       -2.64286130105255
H            0.94975402391906        1.51895299761106       -0.49612948875597
H           -0.99451060361483        2.26250057696711        0.05467192666752
H           -2.12217758301198       -1.00149964181682       -1.02703693099574
H           -4.30275087767893        0.59724581299584       -2.46466342830113
H           -4.14605601572276       -1.17901725590595       -2.50296934285364
H           -2.23999386156169        0.64552834559663       -3.48499646454412
H           -4.65503085118654        0.39318243743461       -0.00715406454402
H           -3.82530070614587       -2.30268112966977        0.08628820144728
H           -2.35412011633736       -0.86735237258256        1.57569148632001
H           -4.64572625048656       -0.79883474030838        2.40818583016991
H           -3.16730567816025        2.05215052778755        1.20017447399515
H           -2.26865011740950        1.37185355694181        3.28697995104864
H            1.16905353302961        0.29779694353163        2.25921668782627
H            1.47931077916104        2.54460563122569        2.66901026157343
H            3.42742769928980        1.74100689869943        0.79427919037517
H            4.51878036889443        0.94241572619516        2.69979628259990
48
 energy: -84.852282802063 gnorm: 0.012809538362 xtb: 6.7.1 (edcfbbe)
C            5.47333378370932       -1.58832578576225        0.22303267197396
O            4.87209340774532       -0.37421639092553        0.66427161237572
C            3.49069053486400       -0.39451326431880        0.73371137804105
O            2.94420975389834       -0.46419192913790       -0.56816227193518
C            1.53148096406109       -0.54967062567076       -0.57321965063836
C            1.07611867882131       -0.64190404489162       -2.03317775259939
O            1.33760060341174       -1.89841864810388       -2.59515680459735
C            0.87862500985312        0.61598048109387        0.19048455195203
O           -0.48747159400851        0.28890196047889        0.38364319623112
C           -1.45287038351900        1.27691938603681        0.13506347084473
O           -2.18829398695928        1.04022462426442       -1.03199550084609
C           -2.87065876355822       -0.20946960030699       -1.07542905999937
C           -3.59856984439720       -0.24814764701791       -2.42499517727183
O           -2.71126558823395       -0.20509104993870       -3.51070366207265
C           -3.85272479515128       -0.34874332102644        0.09466885304488
O           -4.49108032411647       -1.59903507448818        0.10539365413908
C           -3.11847164017908       -0.08493657612792        1.41730059723860
O           -4.01131102978746       -0.06200142515856        2.50655877542999
C           -2.41186042356484        1.27570508701470        1.34902063997459
O           -1.68367980189194        1.53574929384453        2.51414808992806
C            1.53440348370270        0.99194315951767        1.51812557863457
O            1.13326613056007        2.30586125376863        1.81271541711167
C            3.06229545960755        0.90866164909763        1.42192489815444
O            3.56463349359472        0.99739263864454        2.72819485758869
H            5.19790146035632       -1.79834798285857       -0.81028558703701
H            5.16715613869691       -2.41853779450766        0.86533524662691
H            6.54410970688450       -1.42435133923970        0.30173030996729
H            3.13615288208261       -1.26488297129131        1.32627120912560
H            1.22834329300127       -1.47105782931966       -0.04772133380035
H            1.56971128939790        0.15754499962618       -2.59657497993874
H           -0.00524855501531       -0.50824074073943       -2.07590215427034
H            2.29476966854743       -2.03055994374920       -2.64449329230565
H            0.95051113539071        1.50388186342704       -0.45567527616883
H           -0.99366457394231        2.26384569156376        0.02766043293377
H           -2.12558664395556       -1.01700178018288       -1.02711964083841
H           -4.30212806009069        0.59216354910206       -2.46360880441516
H           -4.15085416466829       -1.18487933843155       -2.50727925783650
H           -2.24116503756139        0.64020775127565       -3.48374653686992
H           -4.65498579286457        0.39082088066645       -0.01028372065638
H           -3.82775207960505       -2.30532918441022        0.09104952354597
H           -2.35159974630116       -0.86094440619109        1.57389495987685
H           -4.64056020598073       -0.79375638466943        2.40893666881884
H           -3.17061885047715        2.05690521907831        1.18400115332017
H           -2.26917109126422        1.37938478324646        3.27325218731066
H            1.18069055565400        0.29425138201208        2.28903068231348
H            1.48575948784723        2.54945991469056        2.68139584597515
H            3.42636622571482        1.74050645014454        0.79999805755862
H            4.53137056306975        0.94024207032526        2.69819882214907
48
 energy: -84.853017957885 gnorm: 0.004428410109 xtb: 6.7.1 (edcfbbe)
C            5.47360686166316       -1.59081975704516        0.21784906835849
O            4.87345056242334       -0.37626216560037        0.65875338480307
C            3.49249704841571       -0.39556361162889        0.73233652876305
O            2.94186998970972       -0.45429260694353       -0.56813957179290
C            1.52824159865306       -0.54540798428669       -0.56787420133495
C            1.07072240625735       -0.61942917353561       -2.02832338485772
O            1.32999640296613       -1.87413204577186       -2.59549500973877
C            0.87753641396200        0.61793698774040        0.20507157808845
O           -0.48820295265300        0.28990425486809        0.40042506866885
C           -1.45115784389693        1.27294737984212        0.12364772277559
O           -2.18174060383910        1.01987484343482       -1.04055822971191
C           -2.87118063404588       -0.22535675327791       -1.07775352053914
C           -3.60046801017780       -0.26147682999112       -2.42708680335127
O           -2.71350419971253       -0.21582207497590       -3.51290757997324
C           -3.85408968629936       -0.35360450037373        0.09237964282742
O           -4.49422661313966       -1.60293468359792        0.11359934151441
C           -3.11902085072747       -0.07705969318633        1.41189542738485
O           -4.00973072899008       -0.04899559390444        2.50286944834394
C           -2.41797080118656        1.28655920641239        1.33455624720955
O           -1.69018665619621        1.55587001679913        2.49777668175180
C            1.54012474107201        0.98117073742459        1.53301000147890
O            1.13785869669872        2.29395031794296        1.83029269480240
C            3.06744414205092        0.90314141558578        1.43087226749483
O            3.58156872699939        0.98501849941987        2.73293198452146
H            5.19796247002465       -1.80146689028284       -0.81524080024531
H            5.16713722264935       -2.42023413686690        0.86104657991506
H            6.54436794698506       -1.42696667047700        0.29661969021462
H            3.13749961034401       -1.27038305720106        1.31777279725952
H            1.23009982722899       -1.47970032617092       -0.05824887013549
H            1.56404585354439        0.18034339937703       -2.59166212556056
H           -0.01070139302463       -0.48571538137388       -2.07266455042935
H            2.28680362931006       -2.00982317573511       -2.64381931743160
H            0.94676978263863        1.51601908473497       -0.43014530728347
H           -0.99219141522043        2.25837307446514        0.00268343213443
H           -2.13204824535330       -1.03835585035723       -1.02650592425237
H           -4.30132637174370        0.58122431645391       -2.46230679867973
H           -4.15586491139460       -1.19605638067411       -2.51280822087265
H           -2.24363838144818        0.62967920705115       -3.48380533800602
H           -4.65519179778085        0.38631079515457       -0.01852812351050
H           -3.83170475362899       -2.30996240874941        0.10088979530278
H           -2.34848061032669       -0.84825189594878        1.57376032999867
H           -4.63542266670856       -0.78478714447739        2.41227257036750
H           -3.17881447958193        2.06471937988425        1.16460482664837
H           -2.27319610113997        1.39548140799296        3.25784271263004
H            1.19415301551558        0.28413665672420        2.30828194625468
H            1.49277040770139        2.53841507921324        2.69780114039340
H            3.42504417571234        1.73897302230456        0.81056623478490
H            4.54848990904255        0.93281072036076        2.69494741041737
48
 energy: -84.853411229953 gnorm: 0.006046182216 xtb: 6.7.1 (edcfbbe)
C            5.47525253350196       -1.59482819673855        0.21144107174563
O            4.87729705772824       -0.37942093274421        0.65264465544209
C            3.49686557018581       -0.39707113917937        0.73031020725743
O            2.94275257798680       -0.44399036955934       -0.56867313163537
C            1.52868716486774       -0.53720142161341       -0.56171957274740
C            1.06553101853239       -0.59477722826591       -2.02159865323529
O            1.31896954529189       -1.84555675951604       -2.60155081856827
C            0.87712577106766        0.62279645964490        0.21660469946855
O           -0.48801296345828        0.28727617899121        0.40671062217868
C           -1.45017354207282        1.26648884430792        0.11412848634321
O           -2.17158200980281        0.99744344943061       -1.05077223337627
C           -2.87081630234398       -0.24281832296726       -1.08021402135579
C           -3.60209628861846       -0.27786235736976       -2.42920244754850
O           -2.71684285941217       -0.23070077201537       -3.51627263261341
C           -3.85498799214175       -0.35817846906864        0.09034912321910
O           -4.49667054774295       -1.60654099672976        0.12463087542637
C           -3.12133170282810       -0.06757602650155        1.40776284255087
O           -4.01072540937923       -0.03327058302246        2.49984641074304
C           -2.42532338335224        1.29790355704145        1.31931003910654
O           -1.70195910455317        1.58274671802869        2.48147088298006
C            1.54484409344584        0.97137364544218        1.54835371506667
O            1.14311824189292        2.28209841265272        1.85762883246329
C            3.07247334219679        0.89599078871780        1.43961117550826
O            3.59750238064357        0.96895031279469        2.73777544780259
H            5.19888907035762       -1.80581356997415       -0.82139984058388
H            5.16796921261671       -2.42350915220054        0.85520273824479
H            6.54621770300130       -1.43224374364239        0.28953294244737
H            3.14129205216553       -1.27651194803696        1.30817874023302
H            1.23237154534054       -1.47837435493091       -0.06382134579703
H            1.55952797204001        0.20784838248245       -2.58017450132063
H           -0.01564826538260       -0.45692378019500       -2.06411338624946
H            2.27513553637429       -1.98574205568889       -2.64982690078003
H            0.94742214082075        1.52913866785797       -0.40610642643853
H           -0.99134310346353        2.25001168554266       -0.02157775572990
H           -2.13983190067415       -1.06342874063193       -1.02587528992314
H           -4.30176085402321        0.56595383842609       -2.46148956212715
H           -4.15933026800151       -1.21113812547551       -2.51690207820986
H           -2.24785346621141        0.61528881193861       -3.48653195073213
H           -4.65546597329658        0.38113229265367       -0.02932583210028
H           -3.83519695249308       -2.31455066955092        0.11382455406779
H           -2.34612765664052       -0.83257965222252        1.57608913077353
H           -4.63133929264456       -0.77452696100490        2.41832078017426
H           -3.18672645885402        2.07267888652435        1.13728427159757
H           -2.28378014548620        1.41890854190837        3.24147649589746
H            1.20555298203514        0.26999768920179        2.32279853352086
H            1.50105311997571        2.52219296194358        2.72517322229171
H            3.42444199066002        1.73683942747842        0.82289409069712
H            4.56463455345712        0.92207578694096        2.69127667037271
48
 energy: -84.853721452641 gnorm: 0.005419362559 xtb: 6.7.1 (edcfbbe)
C            5.47753598457467       -1.59968306477867        0.20459197231023
O            4.88250289980463       -0.38308159574549        0.64655083537649
C            3.50256037215281       -0.39928180812387        0.72773093640958
O            2.94548127622970       -0.43510814420248       -0.56984645988128
C            1.53173958895530       -0.52707709809166       -0.55573109674571
C            1.06053994401218       -0.56820049162653       -2.01416470428318
O            1.30421311739404       -1.81378154090859       -2.61092202607700
C            0.87975294309944        0.63002230064632        0.22577655527290
O           -0.48495981389887        0.28663830536485        0.40693476197761
C           -1.44986978448858        1.26035736378578        0.10564371490198
O           -2.15948657968010        0.97431258208969       -1.06252066214361
C           -2.86985836869798       -0.26077918915965       -1.08236944877853
C           -3.60422487417037       -0.29640114238856       -2.43054300552704
O           -2.72218847502472       -0.24842698945893       -3.52006095745911
C           -3.85525111297941       -0.36252746103373        0.08892626065461
O           -4.49752742511764       -1.61019653132604        0.13689091405794
C           -3.12405890402595       -0.05758504306719        1.40463436025933
O           -4.01333516989771       -0.01662752946465        2.49662583686691
C           -2.43312706471482        1.30899403058630        1.30247715558651
O           -1.71901789430061        1.61579750608913        2.46483121192249
C            1.54999228381622        0.96138379262430        1.56375256780455
O            1.15053055109105        2.26880425318503        1.89236047164751
C            3.07833660712493        0.88791520482594        1.44783662844950
O            3.61178253157411        0.95132072210142        2.74306339875763
H            5.19976451579650       -1.81091305334635       -0.82793655655623
H            5.16944495222317       -2.42769379118761        0.84885708156397
H            6.54892966883799       -1.43928175559479        0.28115171564551
H            3.14708780292260       -1.28313660651968        1.29873846197348
H            1.23525262282230       -1.46993242422836       -0.06397199499326
H            1.55585608592685        0.23852399777218       -2.56582395452480
H           -0.02008241137980       -0.42337134329246       -2.05003005630983
H            2.25942026769557       -1.95950863511763       -2.66102112185721
H            0.95294538460976        1.54279871286273       -0.38458126043929
H           -0.99276076564538        2.24259424681636       -0.04402840935897
H           -2.14743951389521       -1.08914857635996       -1.02525144137908
H           -4.30455927556475        0.54696289135634       -2.46071445305496
H           -4.16133685137706       -1.22973639930914       -2.51811647430456
H           -2.25442268127206        0.59821648213430       -3.49140386967062
H           -4.65586347388658        0.37510417130027       -0.04076713024429
H           -3.83695244632924       -2.31903848255616        0.12745993828663
H           -2.34455745255926       -0.81655089817933        1.57987062941818
H           -4.62753713373456       -0.76441303193300        2.42560061718045
H           -3.19449701606987        2.07931221264457        1.10144051662040
H           -2.30119117341185        1.44888705482424        3.22372557402935
H            1.21493207998348        0.25077107319535        2.33160668053782
H            1.51118888333650        2.49905163553978        2.76159031118952
H            3.42537524047194        1.73429789773197        0.83583076635055
H            4.57894079092646        0.90941520103533        2.68878808400371
48
 energy: -84.853933292126 gnorm: 0.003541878337 xtb: 6.7.1 (edcfbbe)
C            5.47994555394695       -1.60393515121997        0.19810918153666
O            4.88771644920067       -0.38668441993782        0.64244791576826
C            3.50798938455539       -0.40207941794792        0.72571381758057
O            2.94889798295342       -0.42926902667682       -0.57093078359661
C            1.53597464810125       -0.51696580160941       -0.55209677515277
C            1.05716384351100       -0.54490831715307       -2.00866607260285
O            1.28989124803320       -1.78504516801830       -2.62120473280555
C            0.88439023220483        0.63828968793779        0.23131585007555
O           -0.48027851679603        0.29005871943840        0.40342742383415
C           -1.45016016097242        1.25781374456052        0.09926389534960
O           -2.14987220828206        0.95719411490862       -1.07268017477154
C           -2.86840871994823       -0.27437438435711       -1.08321976051800
C           -3.60616945055432       -0.31425827759754       -2.43013113191415
O           -2.72807231972750       -0.26715690072270       -3.52268534168842
C           -3.85451098837944       -0.36586799282862        0.08860743257842
O           -4.49585521741406       -1.61347881248042        0.14752248720099
C           -3.12594608639764       -0.04875580283624        1.40290819074252
O           -4.01630814408288       -0.00161426448374        2.49341810645788
C           -2.43975289021949        1.31827268167292        1.28702797264277
O           -1.73782808805386        1.64873499154829        2.45047832135709
C            1.55464505670988        0.95219128285714        1.57543375854535
O            1.15760614647907        2.25472928943276        1.92665418580812
C            3.08363716253997        0.88008954891531        1.45472510031076
O            3.62065333403097        0.93533341284429        2.74885024080152
H            5.19987671540876       -1.81421009803422       -0.83415411011731
H            5.17157899484700       -2.43198479883979        0.84222190370481
H            6.55186514842084       -1.44591580233720        0.27253472629136
H            3.15320607052163       -1.28946216732590        1.29162611048880
H            1.23733487782905       -1.45842528078003       -0.06182698036716
H            1.55417856262692        0.26569527213216       -2.55336484421272
H           -0.02266462094147       -0.39243958328318       -2.03563275879528
H            2.24404022513105       -1.93601158597468       -2.67499141915659
H            0.96106343441384        1.55538234159137       -0.36953427939551
H           -0.99595636214574        2.23988955808068       -0.06010751128804
H           -2.15164339174257       -1.10742324860157       -1.02350952940793
H           -4.30909370044374        0.52694784542600       -2.46041062385281
H           -4.16097994468544       -1.24934276339440       -2.51423318323469
H           -2.26103543153415        0.57988414516674       -3.49713414883063
H           -4.65614733470130        0.36918367839549       -0.04927622854921
H           -3.83556049685779       -2.32256520488067        0.13976325764795
H           -2.34388470626922       -0.80350012193997        1.58437941840227
H           -4.62457270143683       -0.75500121885688        2.43164585548112
H           -3.20161716769741        2.08298631892031        1.06515275346944
H           -2.32204409661456        1.48043903543815        3.20750195820376
H            1.22074467703965        0.22887363950794        2.33188788971408
H            1.52061922781402        2.47109606565427        2.79875705275709
H            3.42774593962335        1.73119294196700        0.84768735123396
H            4.58759856315241        0.89639630762956        2.69021110660801
48
 energy: -84.854052490707 gnorm: 0.002561510611 xtb: 6.7.1 (edcfbbe)
C            5.48161107355658       -1.60618237000432        0.19253533097151
O            4.89101475183353       -0.38950130610859        0.64106238844176
C            3.51121576596728       -0.40491319002026        0.72497753086986
O            2.95126650760618       -0.42660753376029       -0.57138978993275
C            1.53904974004067       -0.50950856298420       -0.55164700757458
C            1.05638642047468       -0.52932644539620       -2.00706032493484
O            1.28086315992521       -1.76534627212489       -2.62944599233090
C            0.88814808399691        0.64497928176566        0.23321089784850
O           -0.47676163691405        0.29559950615275        0.39977924705285
C           -1.45071437078783        1.25927947425238        0.09566745080026
O           -2.14562318462089        0.95017591563053       -1.07863184961048
C           -2.86630741332798       -0.28078672005082       -1.08262704147970
C           -3.60666596124053       -0.32793117506431       -2.42819890915161
O           -2.73211500514319       -0.28354648072686       -3.52351068286871
C           -3.85255667330394       -0.36793469282838        0.08934071340867
O           -4.49139665782952       -1.61641055303171        0.15511576487092
C           -3.12622988034297       -0.04208052002959        1.40260748108066
O           -4.01861982864205        0.00998675957348        2.49063752439549
C           -2.44412907109028        1.32530393476793        1.27669871084262
O           -1.75302497993135        1.67415530836426        2.44109645154543
C            1.55704725010589        0.94466048840908        1.58143136708420
O            1.16104486612574        2.24167014254272        1.95197187316007
C            3.08639451653224        0.87381044430707        1.45963312491184
O            3.62243904732305        0.92360004359924        2.75439714232666
H            5.19894499694742       -1.81397538605731       -0.83962131970872
H            5.17400731008542       -2.43544647363457        0.83547965632694
H            6.55390159790525       -1.44957074899913        0.26482797138281
H            3.15731361765336       -1.29474150470552        1.28766963048252
H            1.23728826650139       -1.44947557703370       -0.06115128473546
H            1.55498531616837        0.28366894804676       -2.54694019126678
H           -0.02264298110074       -0.37118043367265       -2.02740768757946
H            2.23415483223330       -1.91992074264135       -2.68745354880755
H            0.96760825109596        1.56468511791902       -0.36221695927202
H           -0.99887657971889        2.24184958994556       -0.06816030446059
H           -2.15041210219096       -1.11406803692474       -1.02041807600486
H           -4.31298601926618        0.51036710432265       -2.46083973908463
H           -4.15824523581652       -1.26559912845869       -2.50630380544627
H           -2.26488314253584        0.56342837471377       -3.50214140047283
H           -4.65599685197719        0.36418002798096       -0.05304598070638
H           -3.83041394363583       -2.32485299658049        0.15027312969433
H           -2.34331809423674       -0.79467521691137        1.58911479371069
H           -4.62356619886866       -0.74603591424853        2.43361603851189
H           -3.20759390757404        2.08414083038213        1.03918551785624
H           -2.33999928900932        1.50668413681070        3.19630007474363
H            1.22266408922978        0.20931312519547        2.32619960975594
H            1.52649151030690        2.44486720880283        2.82645982138021
H            3.43004033143019        1.72791988742735        0.85673617239305
H            4.58919843917996        0.88529134330870        2.69566935301287
48
 energy: -84.854136933854 gnorm: 0.002334943391 xtb: 6.7.1 (edcfbbe)
C            5.48227537054627       -1.60654745851724        0.18726833831177
O            4.89207169295594       -0.39158776435911        0.64136831669697
C            3.51208349501603       -0.40769252352174        0.72520471369863
O            2.95207190643367       -0.42582505721051       -0.57131926141452
C            1.54020916977772       -0.50476713648303       -0.55328870131396
C            1.05741429666517       -0.51995750705812       -2.00859897564161
O            1.27683585980893       -1.75335006015869       -2.63580346002373
C            0.88983261124351        0.64948105698490        0.23295803018308
O           -0.47554993811667        0.30124064669498        0.39721207812794
C           -1.45137520307344        1.26326835016065        0.09390407847107
O           -2.14537789071410        0.95083053410816       -1.08138149853971
C           -2.86323254442254       -0.28200006167920       -1.08122663956030
C           -3.60523235750404       -0.33808007257988       -2.42554801980846
O           -2.73358239554304       -0.29771194628217       -3.52312980025853
C           -3.84940478298985       -0.36901228917072        0.09070482714608
O           -4.48435948283184       -1.61918144184324        0.16008781279710
C           -3.12546000861618       -0.03667581802096        1.40354214054376
O           -4.02016309934928        0.01897511993680        2.48899983189703
C           -2.44697816239612        1.33137614490977        1.27099783273280
O           -1.76397715112631        1.69291769986167        2.43567325237637
C            1.55691358574252        0.93814735950241        1.58369768886608
O            1.16047806067251        2.22963063363976        1.96943890563320
C            3.08644205170185        0.86864049458086        1.46326622224189
O            3.61908835973492        0.91488228924571        2.75962717872247
H            5.19707576929806       -1.81074856303909       -0.84492763101807
H            5.17647396007014       -2.43810599899167        0.82814820966972
H            6.55471610732920       -1.45004887707414        0.25758049733922
H            3.15902471939131       -1.29935941421739        1.28561040774035
H            1.23513889649458       -1.44411296334856       -0.06297833137229
H            1.55772552543075        0.29416630383911       -2.54535205978935
H           -0.02094726076795       -0.35797985039989       -2.02596787115890
H            2.22950704770739       -1.91021037078471       -2.69753499056378
H            0.97147926358355        1.57088958610829       -0.35958431958742
H           -1.00051704997303        2.24627323604806       -0.07115401737483
H           -2.14460457823742       -1.11249621673691       -1.01638139090630
H           -4.31487287771694        0.49733129995107       -2.46189446029812
H           -4.15365617580730       -1.27835854488004       -2.49643970728391
H           -2.26576836516854        0.54902519422678       -3.50644415941958
H           -4.65535275751554        0.35985175362670       -0.05387906019872
H           -3.82163867518193       -2.32601671396383        0.15963143932821
H           -2.34217471759591       -0.78782499354178        1.59443438926416
H           -4.62403282252583       -0.73762364546044        2.43327109522153
H           -3.21277841560618        2.08467924292425        1.02344605235956
H           -2.35378699679954        1.52817947878345        3.18940772687213
H            1.22194574971559        0.19279520547102        2.31846084324786
H            1.52901571566443        2.42215398832785        2.84506489044396
H            3.43114194640904        1.72457535282481        0.86371842579216
H            4.58586328121743        0.87596333004632        2.70359200257111
48
 energy: -84.854219002931 gnorm: 0.002309539508 xtb: 6.7.1 (edcfbbe)
C            5.48195808797983       -1.60539582452507        0.18073449465999
O            4.89113915055537       -0.39341706253994        0.64233270749853
C            3.51096682762844       -0.41090973247765        0.72592172788527
O            2.95128903517150       -0.42572097490993       -0.57098189841592
C            1.53945821398887       -0.50153094844820       -0.55619299866427
C            1.05935971373148       -0.51314639544739       -2.01241856985281
O            1.27567542180130       -1.74487062471615       -2.64192249110232
C            0.88950995134584        0.65255050228335        0.23174138850674
O           -0.47666256044271        0.30692458269111        0.39542705097262
C           -1.45224218404327        1.26927950464007        0.09281712368164
O           -2.14740105270087        0.95639531265640       -1.08269340319649
C           -2.85854290079766       -0.28040832091840       -1.07922222260533
C           -3.60145107127299       -0.34751659846405       -2.42230739938460
O           -2.73227896551630       -0.31266624091300       -3.52185214198834
C           -3.84462300044710       -0.36988514715994        0.09266577916515
O           -4.47380322962471       -1.62280147922514        0.16438424911026
C           -3.12383457785006       -0.03082783644192        1.40545997614079
O           -4.02141174206859        0.02771704350978        2.48808996391982
C           -2.44949223639011        1.33860505841949        1.26774267378793
O           -1.77302353333197        1.71057155305498        2.43205195816244
C            1.55447984586006        0.93080526714603        1.58465580361357
O            1.15644028330148        2.21636276701937        1.98449885331157
C            3.08415045291741        0.86307696172860        1.46697966859851
O            3.61203414767283        0.90600925346263        2.76552781197967
H            5.19404169125756       -1.80471782468401       -0.85162441127692
H            5.17914461492193       -2.44050907206307        0.81846637243859
H            6.55436074571502       -1.44774094272082        0.24891659408497
H            3.15879865558196       -1.30452628157673        1.28386084211463
H            1.23097582303319       -1.44117746719633       -0.06748526315159
H            1.56213233267362        0.30137599365621       -2.54646733027038
H           -0.01844727316785       -0.34798334456660       -2.02993910189867
H            2.22783686953297       -1.90357086902980       -2.70682125092178
H            0.97342942367619        1.57558370055771       -0.35843042065150
H           -1.00107017774763        2.25237344240788       -0.07200205737083
H           -2.13446218590327       -1.10589331400126       -1.01108673958659
H           -4.31429865242969        0.48503456934458       -2.46366724124951
H           -4.14685052139152       -1.29032198658285       -2.48469706421746
H           -2.26415364196586        0.53401199537052       -3.51096659994462
H           -4.65407692128225        0.35480836524586       -0.05362048404802
H           -3.80796908257464       -2.32673914283247        0.17063339789447
H           -2.33981081932394       -0.77999277398316        1.60136915629576
H           -4.62556772156503       -0.72839471132020        2.43144377452670
H           -3.21832344685219        2.08621880158947        1.01259298177316
H           -2.36584389089797        1.55056028269215        3.18457844359122
H            1.21935804814320        0.17601970457272        2.30998752113719
H            1.52944370230802        2.39950672801059        2.86012604773139
H            3.43062622052408        1.72067961957164        0.87090836187260
H            4.57903286318682        0.86619291987678        2.71396723749697
48
 energy: -84.854298535105 gnorm: 0.002230132177 xtb: 6.7.1 (edcfbbe)
C            5.48063468875895       -1.60294302703736        0.17207501415430
O            4.88840248936307       -0.39512639155881        0.64300047874725
C            3.50816243434273       -0.41465393035634        0.72659082331122
O            2.94886733379459       -0.42535880374037       -0.57070594222512
C            1.53679453301038       -0.49916056459725       -0.55954234295856
C            1.06123729926400       -0.50694600165337       -2.01748780527468
O            1.27585584515422       -1.73780241908894       -2.64820351871218
C            0.88730160547327        0.65443647544344        0.23049079907796
O           -0.47997227199715        0.31232646715621        0.39424515166156
C           -1.45340683313776        1.27656721731138        0.09182199033944
O           -2.15034690224641        0.96439193561508       -1.08350135993169
C           -2.85216159982501       -0.27787485780257       -1.07686164442396
C           -3.59505228904692       -0.35748158508174       -2.41889188566974
O           -2.72745961544855       -0.32946756299250       -3.51973834107034
C           -3.83823240786340       -0.37097553705949        0.09510123635136
O           -4.45965497118186       -1.62767820273546        0.16936806725388
C           -3.12177445667836       -0.02371073187422        1.40809583667480
O           -4.02294405396449        0.03707571710306        2.48759428312307
C           -2.45232926496480        1.34778643555084        1.26560371644648
O           -1.78092706497283        1.72930624355507        2.42892539713823
C            1.55011374641532        0.92190813579572        1.58596552894972
O            1.14976232380643        2.20151173561332        1.99949300511587
C            3.07991591026205        0.85638019186338        1.47151854658253
O            3.60281663080037        0.89513035846385        2.77235946067612
H            5.18987352976977       -1.79624134490874       -0.86056672569173
H            5.18181604097635       -2.44276482632619        0.80556213318886
H            6.55283666994588       -1.44301352565717        0.23798097034841
H            3.15695520448856       -1.31071679647973        1.28124570429971
H            1.22531591303076       -1.43994987287071       -0.07423045186917
H            1.56748312484415        0.30743006405414       -2.54866026953767
H           -0.01612897228621       -0.33881008427914       -2.03788713509952
H            2.22759922927025       -1.89819967737910       -2.71524389429138
H            0.97395982086485        1.57945149872530       -0.35650987374232
H           -1.00080932504578        2.25922330688776       -0.07245757087760
H           -2.12098818911552       -1.09692763387554       -1.00474747193950
H           -4.31059434568258        0.47253211507604       -2.46639020142531
H           -4.13782085776164       -1.30244324426458       -2.47228202686815
H           -2.26015620530268        0.51777369311268       -3.51595745331826
H           -4.65217581553695        0.34835087804015       -0.05360650295058
H           -3.78926086224947       -2.32728049936323        0.18494574465611
H           -2.33615622708812       -0.76962265362669        1.61010135449692
H           -4.62831448355564       -0.71787436171830        2.42826301632648
H           -3.22443081236548        2.08983124931751        1.00400966232955
H           -2.37666937130644        1.57569717040886        3.18057201707870
H            1.21527729521424        0.15817190629834        2.30238553330145
H            1.52846966448132        2.37665149180172        2.87418593000212
H            3.42816129911496        1.71613847021596        0.87957336119275
H            4.57015529897112        0.85495039203392        2.72588052658767
48
 energy: -84.854365611591 gnorm: 0.001960996694 xtb: 6.7.1 (edcfbbe)
C            5.47864525967734       -1.59976584070726        0.16214965837088
O            4.88471933909384       -0.39653012259956        0.64272238121919
C            3.50457064291827       -0.41835511820703        0.72672841647569
O            2.94543659966793       -0.42423575849053       -0.57076646641246
C            1.53300862996015       -0.49738960965940       -0.56226877566893
C            1.06209035434644       -0.50113297938940       -2.02205230873866
O            1.27605906014456       -1.73174900005916       -2.65371879092007
C            0.88409947019113        0.65528027723865        0.22996584397380
O           -0.48429858443546        0.31669805808001        0.39361926659491
C           -1.45474289772400        1.28339651543749        0.09094863740468
O           -2.15278936867897        0.97163009050777       -1.08408435336857
C           -2.84529043460589       -0.27606792709340       -1.07457488569866
C           -3.58702359675704       -0.36710272465815       -2.41609605311724
O           -2.71943847997626       -0.34601247824314       -3.51707668073675
C           -3.83148828388705       -0.37242899853740        0.09751411719431
O           -4.44446006126651       -1.63323225388351        0.17534815241891
C           -3.12005689051826       -0.01604211100105        1.41075844826007
O           -4.02527761906791        0.04625893015516        2.48698273920233
C           -2.45526327713547        1.35745252389040        1.26399155237274
O           -1.78697281841999        1.74690052354986        2.42599696184585
C            1.54507197755221        0.91280363430507        1.58824991989381
O            1.14259870109663        2.18765128806048        2.01291251267762
C            3.07494428061043        0.84917702013577        1.47661231874157
O            3.59400229277000        0.88264932770485        2.77921979218041
H            5.18539803419197       -1.78680680984954       -0.87087707782115
H            5.18388036428511       -2.44459486795954        0.79088628415883
H            6.55055947205285       -1.43718839874842        0.22607001477345
H            3.15431952962846       -1.31720774822670        1.27746123658314
H            1.21970543881016       -1.43969167171421       -0.08120362347193
H            1.57214277454193        0.31273034576304       -2.55038449019719
H           -0.01492559667093       -0.33051653334444       -2.04663357504210
H            2.22752851433994       -1.89344650917002       -2.72152706318686
H            0.97373056976065        1.58246687092262       -0.35299966918286
H           -1.00024769914239        2.26521234277803       -0.07322629806994
H           -2.10741091837586       -1.08884576102585       -0.99858187791550
H           -4.30419612446502        0.46115394055832       -2.46994250711317
H           -4.12796653442508       -1.31347169944428       -2.46194053741323
H           -2.25467633183586        0.50267596114587       -3.52091520771676
H           -4.65012282522158        0.34099594656718       -0.05464236538438
H           -3.76895351402069       -2.32778448907890        0.20162473908444
H           -2.33232311787343       -0.75788159640232        1.61927633440523
H           -4.63256029638272       -0.70689862385155        2.42356563641933
H           -3.22983754940862        2.09516172060687        0.99736249485015
H           -2.38500610583429        1.60007511382751        3.17717749502513
H            1.21031042127780        0.14212036874099        2.29745605360456
H            1.52647262337122        2.35727763069660        2.88635328172449
H            3.42441016617826        1.71157684844997        0.88921424613321
H            4.56162514233768        0.84303336572631        2.73682694255337
48
 energy: -84.854439434825 gnorm: 0.001665456203 xtb: 6.7.1 (edcfbbe)
C            5.47543756854502       -1.59480274171452        0.14694182224641
O            4.87932990654645       -0.39809929703424        0.64094863211381
C            3.49946075435868       -0.42319611836923        0.72598897791962
O            2.94013955762102       -0.42139367554939       -0.57141125359880
C            1.52726115706074       -0.49508230566094       -0.56465481521955
C            1.06132005123757       -0.49314493983731       -2.02644515770766
O            1.27505642482975       -1.72374943190577       -2.65985370132688
C            0.87943624987546        0.65585987428990        0.23056754743919
O           -0.49024875199004        0.32153610331279        0.39332777842487
C           -1.45670889054549        1.29134937942430        0.08995997512289
O           -2.15462427424941        0.97860967273637       -1.08482235352655
C           -2.83590402103059       -0.27558675444954       -1.07160820482480
C           -3.57452038835674       -0.38001644761441       -2.41335608003780
O           -2.70459276925852       -0.36809534453150       -3.51278170297868
C           -3.82256746952032       -0.37503249405040        0.10049758362129
O           -4.42352912923120       -1.64146430793893        0.18507028903311
C           -3.11888795308227       -0.00503169395007        1.41408268748534
O           -4.03035705781599        0.05911331347789        2.48538557896079
C           -2.45936856864430        1.37043072218356        1.26169328574866
O           -1.79333531165761        1.76880824543121        2.42184906066798
C            1.53834794781555        0.90106807317084        1.59282459125546
O            1.13423742120159        2.17144790803029        2.02896241801812
C            3.06821361422241        0.83871644153093        1.48441194535775
O            3.58377402468043        0.86286667849127        2.78863728575562
H            5.17938257413941       -1.77283331831334       -0.88681987027173
H            5.18562971154298       -2.44667502907974        0.76841885206287
H            6.54693244981982       -1.42886333859920        0.20877842702516
H            3.15057054311351       -1.32634883924277        1.27051002375361
H            1.21311347526668       -1.43952469364467       -0.08940507073612
H            1.57619224753101        0.31989745222627       -2.55111422071379
H           -0.01524585177066       -0.31990663632887       -2.05658613731140
H            2.22634015594357       -1.88649234508802       -2.72745270929704
H            0.97329960488798        1.58615791552369       -0.34597386386269
H           -0.99961564268713        2.27174917597018       -0.07511995058439
H           -2.09048735129066       -1.08087957928050       -0.99075656713945
H           -4.29251259885814        0.44684511958200       -2.47608549468066
H           -4.11395921187946       -1.32744295242514       -2.45133430647923
H           -2.24569088546085        0.48372520079513       -3.52757040878666
H           -4.64762852895803        0.32973110638348       -0.05786300770714
H           -3.74078193169837       -2.32840773685319        0.22669488463291
H           -2.32816599789980       -0.74081769981116        1.63218931428450
H           -4.64114874153183       -0.69074514039402        2.41502862756479
H           -3.23578808788284        2.10412029854320        0.98947994795512
H           -2.39371306966631        1.63110665641958        3.17275936831841
H            1.20257553437459        0.12378318584201        2.29434505602751
H            1.52290826914913        2.33611912408077        2.90119455380821
H            3.41878322339676        1.70540663947824        0.90401715215901
H            4.55164075034806        0.82518358882322        2.74993208027131
48
 energy: -84.854485849875 gnorm: 0.001279198431 xtb: 6.7.1 (edcfbbe)
C            5.47363999438310       -1.59136843753045        0.13556200028608
O            4.87674123005887       -0.39904683950097        0.63886579407504
C            3.49705886438120       -0.42614211235055        0.72468849337420
O            2.93728739262367       -0.41822798778881       -0.57230272930692
C            1.52434863628743       -0.49266712651986       -0.56481532051276
C            1.05886302109384       -0.48694693360849       -2.02683505072032
O            1.27194523892634       -1.71697962119426       -2.66283129704770
C            0.87740827321938        0.65700464140296        0.23223483097410
O           -0.49263209497832        0.32427064922989        0.39337930684771
C           -1.45791972485460        1.29484376078641        0.08938985406506
O           -2.15385943502044        0.97920267067648       -1.08568863717384
C           -2.83031502579865       -0.27773886107238       -1.06973100007785
C           -3.56579860323930       -0.38917788102983       -2.41248551411369
O           -2.69252392013505       -0.38298456311810       -3.50952985341001
C           -3.81795719279364       -0.37707164315833        0.10173726074477
O           -4.41180812077913       -1.64642667196597        0.19179869303016
C           -3.12001349970297        0.00238938115488        1.41558933767960
O           -4.03599041406170        0.06876373891416        2.48318100278793
C           -2.46219042254685        1.37791220143063        1.25912940339913
O           -1.79729199974018        1.78137542469887        2.41857637939984
C            1.53533949311322        0.89504879471175        1.59690546055344
O            1.13231752996255        2.16434045545198        2.03789294702228
C            3.06517615809341        0.83130547362431        1.49032850474795
O            3.57935398431747        0.84668296507179        2.79519325319661
H            5.17630155346758       -1.76248568353442       -0.89898158648348
H            5.18587611512273       -2.44802269690200        0.75126932740410
H            6.54495099214179       -1.42429091248180        0.19688341256643
H            3.14913723558179       -1.33252966234973        1.26442677659739
H            1.21069525048002       -1.43810122322714       -0.09209551084955
H            1.57543584306674        0.32614818075190       -2.54942663576932
H           -0.01738895273150       -0.31260230030475       -2.05807948447518
H            2.22320551519568       -1.87972696441867       -2.73055102684108
H            0.97393103447345        1.58928992698822       -0.33992448761072
H           -0.99982564512632        2.27444602606175       -0.07750083444181
H           -2.08219902872649       -1.07988794550695       -0.98579177337693
H           -4.28344021608564        0.43733086381562       -2.48140450403800
H           -4.10486200506163       -1.33689751153461       -2.44710772336830
H           -2.23874984782233        0.47133112360407       -3.53171541824047
H           -4.64668823512690        0.32198941569598       -0.06200501610127
H           -3.72512466929572       -2.32857786077706        0.24437767040677
H           -2.32810724937294       -0.72986045451572        1.64080038276559
H           -4.64906837717600       -0.67900247824583        2.40901815731835
H           -3.23835205540928        2.11043760535698        0.98313943807784
H           -2.39896273202771        1.64895373402227        3.16923022668851
H            1.19719656349860        0.11545773674772        2.29466287802020
H            1.52074813599692        2.32621656957165        2.91085818233342
H            3.41686165137961        1.70136205283482        0.91573628793093
H            4.54725049323260        0.81065999452789        2.75743101145321
48
 energy: -84.854527904138 gnorm: 0.000971868263 xtb: 6.7.1 (edcfbbe)
C            5.47268795334831       -1.58801929596837        0.12424203843656
O            4.87561262972507       -0.39984061628624        0.63685051297721
C            3.49598733568000       -0.42846018296303        0.72320127612754
O            2.93574225174651       -0.41464774159562       -0.57325957182952
C            1.52300009297918       -0.48993989622584       -0.56395845971555
C            1.05535028268426       -0.48134227717424       -2.02527163368613
O            1.26751208886413       -1.71014016887909       -2.66455738541487
C            0.87675114547167        0.65879518254649        0.23447186920169
O           -0.49317329541929        0.32618429552651        0.39385858724667
C           -1.45861729029969        1.29648689077930        0.08917317425185
O           -2.15202856502193        0.97729504074399       -1.08640430877220
C           -2.82605757752142       -0.28102039560230       -1.06789590008094
C           -3.55776205157824       -0.39778281108905       -2.41233412625491
O           -2.68050541603636       -0.39669391390436       -3.50646019626651
C           -3.81572381728219       -0.37882137900058        0.10201929756241
O           -4.40477764521940       -1.64993590604921        0.19709573089738
C           -3.12281067753237        0.00844987260803        1.41615914718913
O           -4.04331230279648        0.07887596205597        2.47974938851826
C           -2.46434285557155        1.38291415016467        1.25653937981984
O           -1.80039872743260        1.78919782606315        2.41595573862968
C            1.53425656118913        0.89220236610833        1.60057500605864
O            1.13426575071410        2.16220197564588        2.04295607516810
C            3.06415512360884        0.82468203787355        1.49607161751922
O            3.57670038436652        0.83029697325128        2.80167345120552
H            5.17501924656187       -1.75130212519800       -0.91149081125743
H            5.18540803013658       -2.44953346567228        0.73333717136647
H            6.54396505885784       -1.42109437510087        0.18628523894634
H            3.14895499324577       -1.33788382426337        1.25839132675960
H            1.21037284023760       -1.43587066793238       -0.09199608187978
H            1.57146464838671        0.33270444534075       -2.54668486304052
H           -0.02081166053318       -0.30681258456190       -2.05476054359097
H            2.21878805421242       -1.87216248449938       -2.73361873957673
H            0.97492063198741        1.59240070417955       -0.33474688166873
H           -1.00028523541257        2.27564002801142       -0.07972925485450
H           -2.07696668295363       -1.08175712392329       -0.98059966814345
H           -4.27459011032510        0.42873033826634       -2.48711592492489
H           -4.09693645257687       -1.34551719617554       -2.44490037854962
H           -2.23101829870345        0.45952881988087       -3.53493219904421
H           -4.64676927475590        0.31600833191521       -0.06714228713647
H           -3.71568023638485       -2.32861668259881        0.26064470083087
H           -2.33137775468832       -0.72214847588271        1.64817311035059
H           -4.65861160677428       -0.66682562210815        2.40330285683119
H           -3.23910250194844        2.11565664240152        0.97749773324698
H           -2.40346808451239        1.66083380947945        3.16609075323760
H            1.19255710470156        0.11272086531967        2.29652522391843
H            1.51886300270415        2.32141182601266        2.91818321016768
H            3.41817227847505        1.69768598842819        0.92753648075615
H            4.54462136385740        0.79526385492921        2.76478198792062
48
 energy: -84.854569532113 gnorm: 0.000900709226 xtb: 6.7.1 (edcfbbe)
C            5.47233962579308       -1.58388284273971        0.11064617926480
O            4.87534898671531       -0.40077398076973        0.63497295663383
C            3.49563923362792       -0.43074990639647        0.72169792343260
O            2.93492851127063       -0.41040176821486       -0.57418184960019
C            1.52257013815140       -0.48676625633557       -0.56273923755863
C            1.05126421328130       -0.47581233707213       -2.02284063762204
O            1.26228098999190       -1.70271896028464       -2.66605721727414
C            0.87687900441690        0.66128156851421        0.23690108599622
O           -0.49273142317603        0.32798007364741        0.39497557925041
C           -1.45897664760857        1.29743344280455        0.08944435814652
O           -2.15000771277897        0.97453729216015       -1.08661521927447
C           -2.82180700295903       -0.28498591595343       -1.06578730593189
C           -3.54865273521973       -0.40783847443754       -2.41245182641860
O           -2.66687590392207       -0.41275304233443       -3.50311025974302
C           -3.81456025181833       -0.38025013791014        0.10173112926032
O           -4.40005663439944       -1.65255680092368        0.20126226219557
C           -3.12758014645137        0.01446273909928        1.41672915100610
O           -4.05345430710604        0.09169794922601        2.47533068688446
C           -2.46615919253032        1.38688506961579        1.25437260661541
O           -1.80334027785568        1.79455044149616        2.41428626021958
C            1.53416500758106        0.89136576454941        1.60391516473113
O            1.13892057923358        2.16328710253317        2.04594922750462
C            3.06427852155820        0.81779149479641        1.50241892822640
O            3.57347324830921        0.81141949260128        2.80942695710428
H            5.17512112879106       -1.73648720021145       -0.92689147552764
H            5.18440698979646       -2.45154357717275        0.71070541345010
H            6.54365746063815       -1.41803133090112        0.17482603901988
H            3.14948147983105       -1.34347964869416        1.25188428809149
H            1.21118469108399       -1.43303784181447       -0.09072066695784
H            1.56528658380587        0.34005834834906       -2.54351009646595
H           -0.02500877554067       -0.30181740773169       -2.04872268199031
H            2.21352074137122       -1.86350864495307       -2.73829692196653
H            0.97586112998489        1.59583202114086       -0.33039668539839
H           -1.00076608667733        2.27634134659959       -0.08145494062804
H           -2.07186376138312       -1.08434216247320       -0.97376403489437
H           -4.26460474107904        0.41865822596156       -2.49409622124261
H           -4.08796797471067       -1.35562454872799       -2.44249704337117
H           -2.22084049227768        0.44490679598161       -3.53801076821875
H           -4.64719907687818        0.31102226710269       -0.07353445339706
H           -3.70942262161915       -2.32840740363905        0.27781419196217
H           -2.33828685250310       -0.71598259409410        1.65661037005333
H           -4.67209180008371       -0.65098868902931        2.39717199714947
H           -3.23897408749102        2.12053547607496        0.97242404124438
H           -2.40846763462254        1.67045102047739        3.16346327354929
H            1.18790962927666        0.11321933763595        2.29909033588932
H            1.51700676810425        2.31890737920651        2.92476975841865
H            3.42271916534032        1.69386877089694        0.94144558710530
H            4.54145304518711        0.77624706763455        2.77489666026224
48
 energy: -84.854603976036 gnorm: 0.000869617731 xtb: 6.7.1 (edcfbbe)
C            5.47242450887085       -1.57925436790413        0.09687790462810
O            4.87565322367379       -0.40156368007449        0.63359158482155
C            3.49580391121303       -0.43252625942813        0.72046238902434
O            2.93478215662594       -0.40607870249061       -0.57495299671019
C            1.52286676681969       -0.48374944114883       -0.56176641727291
C            1.04804096845477       -0.47107675477227       -2.02075445839196
O            1.25820422403106       -1.69596784430116       -2.66749324479413
C            0.87731806697494        0.66371907484552        0.23884785748852
O           -0.49207060278210        0.32937722588752        0.39630178196577
C           -1.45903529920090        1.29800796438593        0.09008662920527
O           -2.14849382736658        0.97238940064587       -1.08631357207569
C           -2.81811301548833       -0.28832918998502       -1.06312866806164
C           -3.53980721480388       -0.41828371457744       -2.41198718818509
O           -2.65391910633863       -0.42995345630569       -3.49930721381918
C           -3.81488182900044       -0.38067638022143        0.10125211244143
O           -4.39875410234466       -1.65345534431462        0.20347315238801
C           -3.13318450758692        0.01964701271759        1.41725138322246
O           -4.06419200494331        0.10488205453841        2.47078140892025
C           -2.46753946504986        1.38980886589505        1.25306863340697
O           -1.80558369033393        1.79730498084331        2.41365822329437
C            1.53475913809354        0.89195616106785        1.60616668676623
O            1.14467382105944        2.16625948334559        2.04647769810617
C            3.06514578290294        0.81159982561947        1.50875913716217
O            3.56953693479443        0.79265281821979        2.81763927096923
H            5.17657430322146       -1.71974624832154       -0.94276818961409
H            5.18283893333071       -2.45347157561784        0.68658288966706
H            6.54379918784680       -1.41508248532105        0.16443331467891
H            3.15029486621170       -1.34822999376346        1.24598659722183
H            1.21267977223801       -1.43032631370404       -0.08945499490390
H            1.55934918813966        0.34691119970979       -2.54094667845665
H           -0.02847135273356       -0.29815107187105       -2.04282955579779
H            2.20934351092507       -1.85524752978447       -2.74419645865242
H            0.97632243543866        1.59876323885624       -0.32760832846923
H           -1.00110639869386        2.27681756832892       -0.08229637335078
H           -2.06728939657621       -1.08619092404677       -0.96549476767386
H           -4.25512150430582        0.40794153942497       -2.50102378326308
H           -4.07921909968883       -1.36617116524595       -2.43866853250789
H           -2.20946887508749        0.42818800031854       -3.54001778516748
H           -4.64798379347368        0.30846918953407       -0.07984558878915
H           -3.70775446979772       -2.32734281208654        0.29139206461955
H           -2.34716484133671       -0.71185831149469        1.66494390629641
H           -4.68642062761743       -0.63475967275157        2.39231980474756
H           -3.23813615951609        2.12494689788230        0.96897252213788
H           -2.41306229770767        1.67759734673992        3.16167442495173
H            1.18380878505418        0.11611091333021        2.30146504844276
H            1.51541692853739        2.31824568858573        2.92905180992662
H            3.42961042598554        1.69062557747580        0.95628589966358
H            4.53752637376698        0.75527022700000        2.78653352881424
48
 energy: -84.854629987707 gnorm: 0.000738687320 xtb: 6.7.1 (edcfbbe)
C            5.47287806185896       -1.57456265518793        0.08512022587296
O            4.87622565814119       -0.40192326542803        0.63289134296493
C            3.49623393040486       -0.43365010948056        0.71962523331314
O            2.93513621204561       -0.40215790065849       -0.57548493918230
C            1.52359797489446       -0.48123643211812       -0.56143678070463
C            1.04645737883028       -0.46754606800493       -2.01972482609160
O            1.25630426780809       -1.69078694621571       -2.66902072481582
C            0.87802495939911        0.66583880278773        0.23988255155639
O           -0.49120735550862        0.33033666074134        0.39749629190977
C           -1.45884563200262        1.29810828389059        0.09081758901281
O           -2.14767868633889        0.97070110255766       -1.08576313228605
C           -2.81558765110617       -0.29085012244486       -1.06063581217051
C           -3.53262330662330       -0.42785297267093       -2.41123450795196
O           -2.64341073406756       -0.44641389005153       -3.49567903185611
C           -3.81616491879784       -0.37948914393625        0.10081493488811
O           -4.40121337830713       -1.65162457348627        0.20420464959382
C           -3.13858297075719        0.02370112086648        1.41795366959412
O           -4.07330513516389        0.11596087876778        2.46754969695976
C           -2.46818596371909        1.39155076083508        1.25277484718027
O           -1.80665067060969        1.79790267014534        2.41403287162772
C            1.53531403466796        0.89339328564812        1.60741681811875
O            1.14956632327293        2.16995930392231        2.04564709022688
C            3.06591839535782        0.80669507372695        1.51407313942101
O            3.56505938022039        0.77622647233841        2.82489745542461
H            5.17914016884209       -1.70352154485396       -0.95657590779413
H            5.18093792126678       -2.45464229535929        0.66481849194688
H            6.54430614686766       -1.41238282495568        0.15679130645858
H            3.15109859664553       -1.35179157850020        1.24126156022717
H            1.21439781730715       -1.42824729277915       -0.08915979589409
H            1.55553347132727        0.35225914525289       -2.53939490915668
H           -0.03029950651178       -0.29574860868190       -2.03910301999282
H            2.20731096576357       -1.84853574961443       -2.75021355405060
H            0.97637404025383        1.60116768661928       -0.32633116349884
H           -1.00135935825084        2.27700305932211       -0.08250831728991
H           -2.06400069236797       -1.08723552741359       -0.95691305836294
H           -4.24740906883252        0.39804506334302       -2.50723822028196
H           -4.07228388023920       -1.37573601623463       -2.43399396848853
H           -2.19850438782628        0.41122578559860       -3.54074769800258
H           -4.64817343794094        0.30963319371145       -0.08489625442542
H           -3.71122841379096       -2.32526472814191        0.30027546443772
H           -2.35595132536922       -0.70942456574598        1.67129835072295
H           -4.69787630303942       -0.62175099694589        2.39007212483619
H           -3.23685828912407        2.12824096513783        0.96742275920156
H           -2.41634244159034        1.68244527790194        3.16095052471570
H            1.18043309319303        0.11969560512063        2.30319129827601
H            1.51412896751433        2.31920354026688        2.93117310982072
H            3.43634734294947        1.68821713092860        0.96963000602287
H            4.53301913146495        0.73486395542510        2.79745508694365
48
 energy: -84.854649809086 gnorm: 0.000645449437 xtb: 6.7.1 (edcfbbe)
C            5.47352819548920       -1.56994050139761        0.07605284196166
O            4.87668477085336       -0.40180431879649        0.63309209959496
C            3.49659466099229       -0.43430562536219        0.71921011891797
O            2.93590143645346       -0.39888411879863       -0.57588551867588
C            1.52459712983067       -0.47930796528225       -0.56176179470939
C            1.04657196977395       -0.46477047272169       -2.01985923920917
O            1.25665894852968       -1.68690056748943       -2.67068456643207
C            0.87841506966604        0.66703005609752        0.24014690359233
O           -0.49084036062884        0.33069686656411        0.39808492344961
C           -1.45873842790474        1.29798675718250        0.09137242508746
O           -2.14754045373808        0.96964095548458       -1.08525635283931
C           -2.81438332532762       -0.29244602913451       -1.05800427098380
C           -3.52743911634099       -0.43604656704448       -2.40989653014112
O           -2.63560477210791       -0.46140960137235       -3.49194862326509
C           -3.81855282570941       -0.37709708309803        0.10065915832741
O           -4.40700148474633       -1.64777201191136        0.20441203956595
C           -3.14269106313987        0.02661495653033        1.41847878426750
O           -4.07962328820658        0.12435669546029        2.46544773136470
C           -2.46837301494972        1.39270931060992        1.25303096842766
O           -1.80643445120560        1.79734539927010        2.41458777942705
C            1.53567527379674        0.89438420889230        1.60774578440303
O            1.15324601652083        2.17278790460890        2.04360382905761
C            3.06645279795929        0.80288480191073        1.51860249031428
O            3.56066828888140        0.76327223708036        2.83114865793411
H            5.18258404218193       -1.68856360094129       -0.96760925677097
H            5.17894233731419       -2.45511563241061        0.64655991714719
H            6.54495769248893       -1.40972473335234        0.15223991909729
H            3.15168300945660       -1.35441771734631        1.23765269316176
H            1.21612121633133       -1.42675186694582       -0.08982698021113
H            1.55423993983744        0.35631883113840       -2.53895520549616
H           -0.03038817282890       -0.29397457148560       -2.03786435492906
H            2.20755752142520       -1.84317894791124       -2.75558414691569
H            0.97611113191835        1.60250875625980       -0.32601042407517
H           -1.00157947550032        2.27694677168424       -0.08259528216813
H           -2.06239382627757       -1.08769397525591       -0.94858629363226
H           -4.24153617563813        0.38970365093831       -2.51231940417737
H           -4.06773359663415       -1.38366596986916       -2.42874241688739
H           -2.18867507281679        0.39503160210513       -3.53999699042084
H           -4.64831991089392        0.31384962113067       -0.08849388743866
H           -3.71902130118010       -2.32268133045127        0.30490399646381
H           -2.36296215282683       -0.70843634519250        1.67532236089079
H           -4.70520746791260       -0.61262438640673        2.38985126106923
H           -3.23528403504792        2.13110543770801        0.96729768287510
H           -2.41775221592148        1.68575238875735        3.16076899801329
H            1.17733236986065        0.12283236520019        2.30406813715123
H            1.51311782830810        2.32049642412268        2.93119194358486
H            3.44188759728640        1.68618136466727        0.98068674779227
H            4.52854747470086        0.71707559270181        2.80714421546797
48
 energy: -84.854665992902 gnorm: 0.000607154134 xtb: 6.7.1 (edcfbbe)
C            5.47460872572348       -1.56546247017945        0.06918464465511
O            4.87712466777772       -0.40146963163659        0.63399458136004
C            3.49692102847819       -0.43479672857717        0.71909765981701
O            2.93688208003678       -0.39594355900791       -0.57610219166928
C            1.52572000498761       -0.47778476668904       -0.56266715548516
C            1.04793035370446       -0.46252567915694       -2.02089768291762
O            1.25883779608346       -1.68379248317512       -2.67292330071319
C            0.87897040170632        0.66792249323557        0.23971347228239
O           -0.49015499766857        0.33061085735243        0.39820600632289
C           -1.45845384783085        1.29731415387364        0.09152146480853
O           -2.14762410597732        0.96816425130417       -1.08497925465345
C           -2.81431723880546       -0.29393247405107       -1.05569393469092
C           -3.52398995156111       -0.44328670184742       -2.40856076635428
O           -2.62985481320496       -0.47554349977978       -3.48846090754343
C           -3.82127278776796       -0.37352935073621        0.10088609924415
O           -4.41525409591060       -1.64169525529897        0.20461581750339
C           -3.14612837001019        0.02903306175503        1.41942996096462
O           -4.08365087540729        0.13076611115013        2.46538835017854
C           -2.46780013610296        1.39321014919436        1.25352719185393
O           -1.80486036605973        1.79610071446054        2.41508712273397
C            1.53537485545630        0.89513786144986        1.60781195446621
O            1.15510293368552        2.17491222142016        2.04196630732805
C            3.06622161268864        0.79975712666692        1.52215560974651
O            3.55610331519742        0.75292507900995        2.83606996314892
H            5.18700402120351       -1.67479466812343       -0.97635422444254
H            5.17709769052626       -2.45504819820365        0.63114905037886
H            6.54597470536536       -1.40711389776591        0.15031744036705
H            3.15207430421087       -1.35666912383282        1.23460110608559
H            1.21786876233055       -1.42595886342733       -0.09170744447287
H            1.55488213861785        0.35958589411357       -2.53909787722492
H           -0.02920520718314       -0.29263686464569       -2.03853989325032
H            2.20971269818512       -1.83858543268105       -2.76036937498238
H            0.97577601530238        1.60376942487869       -0.32608792431443
H           -1.00164570201164        2.27635810371375       -0.08320695056575
H           -2.06237287730451       -1.08844206540923       -0.94077104401307
H           -4.23692888345053        0.38273508240236       -2.51687319675342
H           -4.06552969432776       -1.39025706734611       -2.42363571687117
H           -2.17983764129911        0.37920816616920       -3.53850398349889
H           -4.64771925972764        0.32074399039020       -0.09048383908115
H           -3.73028183807710       -2.31942347211893        0.30623469936388
H           -2.36883801160791       -0.70808457840284        1.67740211200024
H           -4.70946295186058       -0.60622568369866        2.39222962448412
H           -3.23328169075086        2.13319463666408        0.96808100627444
H           -2.41731421312109        1.68825470628665        3.16089799242529
H            1.17430030404910        0.12492488290948        2.30431437392577
H            1.51186957485759        2.32180450400093        2.93088572932142
H            3.44558102291661        1.68467596961958        0.98972676264789
H            4.52384127625445        0.70189209000057        2.81490342898141
48
 energy: -84.854679960617 gnorm: 0.000560373118 xtb: 6.7.1 (edcfbbe)
C            5.47597523240963       -1.56080066969075        0.06394712361155
O            4.87738606052102       -0.40081780331791        0.63569900844067
C            3.49708230308064       -0.43508385871136        0.71911208769514
O            2.93823683695730       -0.39315567715403       -0.57644258363266
C            1.52712351632956       -0.47644625438468       -0.56401104062343
C            1.05015992504479       -0.46008717594564       -2.02257256656870
O            1.26252230827816       -1.68055830158395       -2.67562304681198
C            0.87907027168352        0.66795699717300        0.23900674691742
O           -0.49003426821481        0.33001602674499        0.39775173968273
C           -1.45853140271474        1.29636742236187        0.09127909979805
O           -2.14795785698559        0.96648924777085       -1.08503809942071
C           -2.81535546398800       -0.29525722564803       -1.05308312505292
C           -3.52194815696398       -0.45000070522757       -2.40679518335075
O           -2.62537839968567       -0.48991030553962       -3.48443105534997
C           -3.82495728010869       -0.36922704109186        0.10148816877550
O           -4.42567869232498       -1.63432854475011        0.20542461910155
C           -3.14841838443805        0.03111798600763        1.42011585528244
O           -4.08546166073777        0.13598808088616        2.46604519798141
C           -2.46703497182153        1.39381133351426        1.25399560936344
O           -1.80220732648022        1.79500726931671        2.41506160718362
C            1.53486571328726        0.89478486296017        1.60754628150348
O            1.15596655416786        2.17545462738030        2.04019749955949
C            3.06578229798650        0.79700937482770        1.52559284133478
O            3.55208749779488        0.74412536022136        2.84064453477829
H            5.19264034687950       -1.66116074805075       -0.98365062910386
H            5.17530011699494       -2.45468588883932        0.61733848250071
H            6.54717032648547       -1.40420182149845        0.15075221329983
H            3.15218071381271       -1.35857909165914        1.23174214960301
H            1.21981234055971       -1.42530760627471       -0.09421534040046
H            1.55657833398552        0.36297968219090       -2.53973671671549
H           -0.02717531747486       -0.29135610809273       -2.04042132691341
H            2.21350115148126       -1.83370038054543       -2.76462746777138
H            0.97538558915883        1.60416826376532       -0.32621112377570
H           -1.00186425505352        2.27532741478018       -0.08437627970850
H           -2.06396225491372       -1.08953810670443       -0.93289011927640
H           -4.23300503719965        0.37687024996964       -2.52114471114954
H           -4.06547487808071       -1.39587841967579       -2.41824645149018
H           -2.17173370784728        0.36289281661859       -3.53641660302083
H           -4.64744235308558        0.32940259837889       -0.09168304280058
H           -3.74418025182372       -2.31588927491039        0.30551390726474
H           -2.37308387786616       -0.70817767860131        1.67814741229227
H           -4.71130649101414       -0.60120100448207        2.39549373727528
H           -3.23112280511917        2.13553658698537        0.96918951614942
H           -2.41508992968770        1.69060009028863        3.16096980101983
H            1.17118007305443        0.12570299634463        2.30388762985706
H            1.51057386281996        2.32214706303165        2.92997349563900
H            3.44822472123729        1.68328384375576        0.99766608881085
H            4.51959966186281        0.68830851338749        2.82151692758910
48
 energy: -84.854690815552 gnorm: 0.000476591567 xtb: 6.7.1 (edcfbbe)
C            5.47773949997737       -1.55632746070962        0.05992264877788
O            4.87758949747627       -0.40015848878449        0.63761846101518
C            3.49716329381908       -0.43543016290187        0.71914069159760
O            2.93951547608049       -0.39059466031203       -0.57674699174311
C            1.52843856211828       -0.47535175309073       -0.56553211124115
C            1.05264653425032       -0.45772563674383       -2.02447541059756
O            1.26711167556545       -1.67714049117161       -2.67901920875259
C            0.87937868708139        0.66803577288405        0.23803054034557
O           -0.48946586661881        0.32916883051353        0.39695818023246
C           -1.45836267403864        1.29512366444019        0.09060005100083
O           -2.14807901981315        0.96423019341167       -1.08531969712648
C           -2.81699938758060       -0.29675494581247       -1.05065498582783
C           -3.52089883515956       -0.45612835006791       -2.40509906618439
O           -2.62195636280962       -0.50421049499569       -3.48049454379797
C           -3.82848968888839       -0.36462332656885        0.10255754658533
O           -4.43643574184246       -1.62621411454535        0.20706323144557
C           -3.15038304349558        0.03326078247799        1.42124157788316
O           -4.08614085035420        0.14035489092352        2.46808831167785
C           -2.46581366905765        1.39420909297567        1.25412947528696
O           -1.79883518365401        1.79402499169839        2.41442550742555
C            1.53386762410537        0.89396637356948        1.60751392973237
O            1.15547074880388        2.17499731741573        2.03974997333849
C            3.06475270544359        0.79445104103455        1.52834285904933
O            3.54830857658320        0.73687361497873        2.84417688241552
H            5.19908499296977       -1.64840615895823       -0.98967361839041
H            5.17374183895862       -2.45409499896391        0.60506801150205
H            6.54868439044836       -1.40134891539445        0.15279473388852
H            3.15212320223259       -1.36039895019286        1.22904336929731
H            1.22170671907215       -1.42513323838216       -0.09728169849267
H            1.55849723410919        0.36660630019263       -2.54016788315628
H           -0.02492291103663       -0.29040379355865       -2.04280349280439
H            2.21833555320052       -1.82851824313534       -2.76827893896620
H            0.97513946969701        1.60489521925145       -0.32617874456643
H           -1.00172931923440        2.27393463582646       -0.08632124394208
H           -2.06661097486056       -1.09126466611794       -0.92573897647700
H           -4.22922766310446        0.37223782092951       -2.52525149397329
H           -4.06729373105104       -1.40038067806453       -2.41317468056814
H           -2.16464791653472        0.34651977876212       -3.53470072347341
H           -4.64678869036339        0.33860107360860       -0.09170602636372
H           -3.75866605244748       -2.31209338631780        0.30339090308888
H           -2.37667106349318       -0.70811151480397        1.67807729400925
H           -4.71250601233043       -0.59655717363982        2.39951091355628
H           -3.22863324700824        2.13756196421823        0.97025413068811
H           -2.41174536593111        1.69282104645121        3.16075135115330
H            1.16824256051488        0.12510575355146        2.30312522364578
H            1.50889768631378        2.32147629209520        2.93004712045998
H            3.44928424294380        1.68203186660392        1.00413737089655
H            4.51558323110250        0.67688230172009        2.82634211606887
48
 energy: -84.854694249143 gnorm: 0.000250971806 xtb: 6.7.1 (edcfbbe)
C            5.47806702366121       -1.55603340438510        0.05994617340382
O            4.87744410154535       -0.40033545482520        0.63811349132796
C            3.49701771964195       -0.43581983604858        0.71911545442878
O            2.93978545132590       -0.39029892774633       -0.57690459737695
C            1.52866332860101       -0.47508800173240       -0.56604803648414
C            1.05332964773572       -0.45626402083246       -2.02510035422327
O            1.26880804594036       -1.67494580971604       -2.68076914293292
C            0.87917845514127        0.66769040618689        0.23791414650757
O           -0.48965411501724        0.32892043024143        0.39650417529703
C           -1.45867010615169        1.29485836953248        0.09019334136538
O           -2.14800264189283        0.96338705713704       -1.08565556344413
C           -2.81744150632444       -0.29733049460181       -1.05022453250622
C           -3.52125644205977       -0.45707731780299       -2.40470436533773
O           -2.62188276629267       -0.50713765032932       -3.47957627737810
C           -3.82885676515010       -0.36414436763062        0.10307349262195
O           -4.43705378279665       -1.62540679242681        0.20861613094726
C           -3.15028782338717        0.03418527138801        1.42145142734350
O           -4.08575315266390        0.14153807925467        2.46862004051821
C           -2.46576800537593        1.39495956988167        1.25380065243213
O           -1.79832124831999        1.79525982604162        2.41374462831052
C            1.53341090138716        0.89255761351142        1.60771078616663
O            1.15454405756382        2.17299534194728        2.04107684941384
C            3.06430106283364        0.79370862565525        1.52874578877493
O            3.54805115177091        0.73605279739667        2.84458148890547
H            5.20018052944361       -1.64728091021705       -0.98987683772811
H            5.17383555859129       -2.45422975688469        0.60408223852234
H            6.54889999439532       -1.40109539822391        0.15366972242930
H            3.15189410127782       -1.36111611610273        1.22833774790526
H            1.22183559090886       -1.42510950481019       -0.09850896194188
H            1.55902013609026        0.36873709028141       -2.53981640259821
H           -0.02432870139568       -0.28949813407315       -2.04375601334238
H            2.22025015893297       -1.82586932858911       -2.76900525912620
H            0.97529759914496        1.60487092218925       -0.32552495700696
H           -1.00184964042261        2.27345556964447       -0.08722092207286
H           -2.06738966534286       -1.09211882045097       -0.92493525729675
H           -4.22860534394761        0.37189477920729       -2.52593502171152
H           -4.06860190180051       -1.40077094947146       -2.41225495853128
H           -2.16467947893243        0.34344283892712       -3.53530450308004
H           -4.64698767492222        0.33916477020392       -0.09158082194585
H           -3.75929971954143       -2.31168214145282        0.30390409591011
H           -2.37645899752219       -0.70710525647697        1.67843449890401
H           -4.71294505878712       -0.59466965271522        2.39941930872341
H           -3.22842734083186        2.13842839011845        0.96968040333655
H           -2.41086107528235        1.69428566940072        3.16040052015801
H            1.16773937417066        0.12298876815647        2.30239777221546
H            1.50810970153537        2.31897030249858        2.93142867612720
H            3.44840502059058        1.68160313923704        1.00464235497667
H            4.51531497406164        0.67647143576245        2.82658024874795
