48
 energy: -84.837337449726 gnorm: 0.073598485690 xtb: 6.7.1 (edcfbbe)
C            5.32472281033139        1.51897109951274       -0.43716319722661
O            4.53961343036835        0.41503975732647       -0.87718941864348
C            3.22512489845424        0.71345499653722       -1.17348029042466
O            2.52936951159252        0.93916459764144        0.03693164591201
C            1.14716252572665        1.19818259021858       -0.12886462250770
C            0.60457188296766        1.59023799524325        1.24751788780158
O            1.06749107704455        2.84242954266038        1.66995414867484
C            0.44814046544110       -0.02900270650683       -0.74096388861907
O           -0.92410573957294        0.26087291533461       -0.95866745680272
C           -1.87362057839032       -0.76161955795402       -0.70275822578619
O           -1.54451944503507       -1.64938663461738        0.31415221855622
C           -1.70724999751371       -1.19781584009947        1.66675314901543
C           -1.52006129273206       -2.42390559552710        2.57378697075546
O           -0.18827664882675       -2.86301808443897        2.62772237543474
C           -3.08196893752469       -0.55990843887983        1.91245116406472
O           -3.20309720967132       -0.05154861469506        3.21439358211008
C           -3.35658855148264        0.52578582244581        0.86249568479360
O           -4.65018084980013        1.05975025712469        1.00190444715553
C           -3.25342856336466       -0.11060615976794       -0.52471223197336
O           -3.45773623530826        0.80446491693940       -1.56097618670170
C            1.11937372768023       -0.36790911793148       -2.08473437186701
O            0.59907898228949       -1.53395796624315       -2.67342658622114
C            2.64531313571010       -0.48090683093752       -1.94146260611547
O            3.26398753978340       -0.51117751414597       -3.19943764768055
H            4.96383036438827        1.88898499935082        0.52360980897920
H            5.30177951936199        2.32174777337670       -1.17919740007724
H            6.33359480795441        1.12992103566677       -0.33546190106314
H            3.15169918259404        1.61760433155593       -1.81233284119195
H            1.00605577001120        2.04692273187144       -0.81702306938006
H            0.88356740842913        0.81058863515324        1.96829031054147
H           -0.47965651084660        1.68122454861752        1.17237741162209
H            2.03328251178210        2.81745538155651        1.72104363562225
H            0.55244145119573       -0.88178015639596       -0.05802081463444
H           -1.91410146823818       -1.40158118161768       -1.60236250458281
H           -0.92696261887135       -0.46183452016342        1.90070247512198
H           -2.18756214275284       -3.21935277010811        2.22725791471609
H           -1.79355396935256       -2.14236477492401        3.59251381720998
H            0.03344554607390       -3.29950805988726        1.79494316233978
H           -3.86077594559815       -1.32693481791615        1.82818146914474
H           -2.50129521544401        0.59324298272145        3.39026777564896
H           -2.60807066804892        1.33120757364053        0.94152824113689
H           -4.84128108541745        1.17244381574453        1.94639936306763
H           -4.00257753728757       -0.91866632166175       -0.57841520653956
H           -4.25338918058803        1.32015012788683       -1.35065810827330
H            0.88157747622853        0.43479173145393       -2.79195339290573
H            0.77156910440298       -2.29670170405416       -2.10123409224898
H            2.89958534491914       -1.38497187139984       -1.36461117675319
H            2.80368434168965       -1.16018566737858       -3.75658666644102
48
 energy: -84.842473744978 gnorm: 0.009677687074 xtb: 6.7.1 (edcfbbe)
C            5.32258795170531        1.51938111096796       -0.43472675472762
O            4.53680074592821        0.41578170307964       -0.87419493830372
C            3.22153287290718        0.71294611338269       -1.16920572076507
O            2.52324742672350        0.92571028986648        0.04420588701218
C            1.13896455978575        1.18437010667662       -0.11234127613019
C            0.59709571609366        1.57910469740298        1.26088199954246
O            1.06311562114365        2.83286779597757        1.67710391992791
C            0.45168694542832       -0.01523433400684       -0.78868582190919
O           -0.92657460815329        0.24096932513450       -1.00717697753589
C           -1.87208140324034       -0.76779354308845       -0.69467387503976
O           -1.54378399816568       -1.63852905054698        0.33551865802922
C           -1.70659035971863       -1.18664919892074        1.68365569387962
C           -1.51983714425812       -2.41922213532756        2.58214729412549
O           -0.18869266755224       -2.86123415990021        2.63190704830325
C           -3.08375822906440       -0.55332308383213        1.91954617047511
O           -3.20824093297818       -0.04400304293286        3.22028758491808
C           -3.35535689731587        0.52889470588581        0.86477431722187
O           -4.64959384925220        1.06198190490300        1.00120390882256
C           -3.25077650293486       -0.11183500881798       -0.52053526658675
O           -3.45607631228612        0.79830705942411       -1.56112880925794
C            1.12969104915608       -0.36268668666009       -2.11764219729055
O            0.60929015178120       -1.53383467766866       -2.69602157731207
C            2.65127726325635       -0.47859230722913       -1.94937436872463
O            3.27847648720490       -0.50991456784816       -3.20250897111964
H            4.96277961266115        1.88913852018661        0.52633436296043
H            5.29940226377212        2.32219149673488       -1.17663597964753
H            6.33159509266646        1.13021265105787       -0.33434658236932
H            3.14746759471662        1.62042180875447       -1.80348022552424
H            1.00513110807552        2.04344612056369       -0.79091796222284
H            0.87626949720874        0.80075299409861        1.98206397276394
H           -0.48637443958076        1.67395703481729        1.18210505813989
H            2.02923436934390        2.80899500717419        1.72395747382885
H            0.55479373575305       -0.87093251183854       -0.10601110963533
H           -1.92484454584581       -1.42478923689984       -1.58206717690787
H           -0.92572778208650       -0.45144410143312        1.91551706655700
H           -2.18799415231241       -3.21243052601766        2.23081732710758
H           -1.79290185625426       -2.14299395312329        3.60204742504967
H            0.03113412864643       -3.29487449146930        1.79696373310116
H           -3.86029571850468       -1.32262297261839        1.83306405547877
H           -2.50489909815650        0.59887123483856        3.39674475432377
H           -2.60714588533345        1.33453309596431        0.94239015002178
H           -4.84216948913852        1.17549521517288        1.94530422705167
H           -4.00112196736040       -0.91915114896345       -0.57010563857585
H           -4.25031529003557        1.31672321198437       -1.35164366970624
H            0.89515729531833        0.43785289751537       -2.82692807162301
H            0.77262975652879       -2.29014514496833       -2.11186516409630
H            2.89809544511816       -1.38385617887750       -1.37071922421073
H            2.81769886347734       -1.15681878607333       -3.76211997435114
48
 energy: -84.843280002559 gnorm: 0.005923213841 xtb: 6.7.1 (edcfbbe)
C            5.32022318832122        1.52012398825130       -0.42982090075661
O            4.53545617580551        0.41648703061553       -0.87072754381732
C            3.22072543289749        0.71261810798167       -1.16855045587461
O            2.51608787013566        0.91052279792587        0.04369722634364
C            1.13299953872868        1.17636773086861       -0.11843451691714
C            0.58946933045280        1.55557538109775        1.25880806866840
O            1.05389323954304        2.80909124110903        1.67774688517512
C            0.44911650251996       -0.02067897432090       -0.80914098184427
O           -0.92981661119655        0.23102126099227       -1.02818763275827
C           -1.86961008319805       -0.77688654682700       -0.69239927808828
O           -1.53483540668310       -1.62802427445795        0.35144962133322
C           -1.70519808081209       -1.17551973276527        1.69754190704258
C           -1.52036147492289       -2.41019639563542        2.59413616024344
O           -0.18994523818836       -2.85455951130895        2.64083672098369
C           -3.08399413935536       -0.54521843578968        1.92869494253203
O           -3.21687283886675       -0.03168849710468        3.22716052184930
C           -3.35322952795769        0.53164399262321        0.86761319848977
O           -4.64786473287149        1.06508041831674        0.99961790028644
C           -3.24706237850534       -0.11548295553707       -0.51546844326758
O           -3.45319064426021        0.79149681560966       -1.55864995066357
C            1.13594432708212       -0.35002075053324       -2.13743945512354
O            0.61777035805487       -1.51910604726418       -2.72056576596236
C            2.65578996298388       -0.47338722415013       -1.96038062867599
O            3.29798735543044       -0.50267159851386       -3.20635405116097
H            4.96027837062554        1.88884473533388        0.53151007534355
H            5.29678944975432        2.32344039327286       -1.17117267332591
H            6.32942129174505        1.13132955943342       -0.33001253249161
H            3.14562217272667        1.62663110063218       -1.79313772774953
H            1.00720794463401        2.05157278446644       -0.78180129424307
H            0.86926071275848        0.77828615604628        1.98115067064798
H           -0.49407786432699        1.65222914771526        1.18299322508033
H            2.02017931150821        2.78868358765299        1.72379423460759
H            0.55083933711277       -0.88955537768788       -0.13876239172818
H           -1.93086047580425       -1.45032461833533       -1.56807670755034
H           -0.92682081122601       -0.44005983056365        1.93532805307415
H           -2.18908922923253       -3.20076193214715        2.23798963203789
H           -1.79333973492005       -2.13949164974670        3.61559760995920
H            0.02836111121612       -3.28517621067716        1.80383307171603
H           -3.85824994148497       -1.31650027537394        1.84011836149311
H           -2.51271538981563        0.60950591962997        3.40629447587579
H           -2.60584179082272        1.33828271469740        0.94372889121778
H           -4.84277647297676        1.18061221897951        1.94303258397929
H           -3.99873047747950       -0.92181887037222       -0.56154140743079
H           -4.24675934533621        1.31126963422105       -1.34995444032215
H            0.91115935546876        0.45038710955912       -2.85050015027550
H            0.77273733657318       -2.27561705113250       -2.13409948849210
H            2.89360714502136       -1.38148855872145       -1.38222080162112
H            2.84031829419967       -1.14687325531284       -3.77179006246041
48
 energy: -84.843658089541 gnorm: 0.004786751979 xtb: 6.7.1 (edcfbbe)
C            5.31856084355839        1.52144068342328       -0.42353158427561
O            4.53623596383498        0.41774821033254       -0.86822629050860
C            3.22196783078271        0.71224642274102       -1.16850569191493
O            2.51191490776762        0.89499021997338        0.04232093550522
C            1.13016230453605        1.16554627058050       -0.12712055966804
C            0.58262394565193        1.53096596231833        1.25267118594167
O            1.04283610823883        2.78331273412526        1.68135513237946
C            0.44726840136574       -0.02991603016504       -0.82367150181388
O           -0.93196684918816        0.22450841661797       -1.03807777064509
C           -1.86691242539822       -0.78420989321140       -0.68648821376007
O           -1.52135191616855       -1.61762174144214        0.36807988362631
C           -1.70402217295915       -1.16496911408885        1.71295026321079
C           -1.52189025549464       -2.40075513368077        2.60899915748780
O           -0.19181585508552       -2.84589725697750        2.65484723704486
C           -3.08495008236759       -0.53716550612997        1.93708496260250
O           -3.22729260536485       -0.01722470445532        3.23222454191463
C           -3.35144438886666        0.53376674755851        0.86925736724961
O           -4.64608631873239        1.06881373827058        0.99529839403602
C           -3.24522395557258       -0.12100819125093       -0.51080644474477
O           -3.45052399404676        0.78342668274444       -1.55629441886522
C            1.13982950752109       -0.33916052726167       -2.15637889112639
O            0.62448284366870       -1.50139363623369       -2.75669474329284
C            2.65942178132874       -0.46662989362830       -1.97219851127256
O            3.31495186631680       -0.48989007858540       -3.21160728736183
H            4.95750861128318        1.88714792224454        0.53858964083908
H            5.29428280408679        2.32659164819021       -1.16285878106784
H            6.32823795920502        1.13390393256372       -0.32400683132891
H            3.14504014660252        1.63350234418234       -1.78204446378448
H            1.00783216976160        2.04913949808518       -0.77993894617627
H            0.86527227784749        0.75077238184262        1.97073328761189
H           -0.50140353930798        1.62532326546022        1.17933325546511
H            2.00910697310612        2.76592848063498        1.72815802335499
H            0.55167476309042       -0.90905642172691       -0.16652095504437
H           -1.93224631295236       -1.47219852594615       -1.55035106151261
H           -0.92921839822004       -0.42921115796856        1.95997628703057
H           -2.19125026379686       -3.18946134137533        2.25002867817293
H           -1.79496803379799       -2.13284807626477        3.63113365048971
H            0.02685384987833       -3.27165374022233        1.81543470903732
H           -3.85723557300491       -1.31030233079589        1.84800928351249
H           -2.52259889608892        0.62237266331212        3.41502320603007
H           -2.60459465479380        1.34131472205840        0.94273448264355
H           -4.84379252008790        1.18669870578507        1.93790085749716
H           -3.99887883656599       -0.92587453490565       -0.55314798755859
H           -4.24358632414654        1.30442648120115       -1.34892077921125
H            0.92332733710834        0.46689098734370       -2.86581422164731
H            0.77028918855931       -2.26239348689996       -2.17387602445389
H            2.88938835045907       -1.37905988610560       -1.39766532690131
H            2.86418586179702       -1.13288265914714       -3.78391237901134
48
 energy: -84.843844617690 gnorm: 0.003089081154 xtb: 6.7.1 (edcfbbe)
C            5.31765858919360        1.52204550426574       -0.41846821289399
O            4.53823222668871        0.41854911095746       -0.86868055034377
C            3.22423445347874        0.71225811365722       -1.16966460168743
O            2.51165095047937        0.88536890388228        0.04032800894405
C            1.13106220684021        1.15675431906205       -0.13472772961540
C            0.57890636099198        1.51257171316359        1.24581006157556
O            1.03365815322609        2.76342570683939        1.68578106232936
C            0.44850887811598       -0.03833486331100       -0.83066190478821
O           -0.93112319075837        0.21834466785605       -1.03935503098616
C           -1.86478929445283       -0.78907822957140       -0.67865383794874
O           -1.51085612505697       -1.61159786807076        0.38178929955639
C           -1.70526159191920       -1.15882561003859        1.72618491103412
C           -1.52541770014917       -2.39432919553155        2.62325457354606
O           -0.19522568826653       -2.83873528766286        2.67036275808134
C           -3.08774574196816       -0.53178082824087        1.94270525875331
O           -3.23655215517258       -0.00590038459105        3.23477829544535
C           -3.35140910726016        0.53471999995605        0.86993958151706
O           -4.64566919907789        1.07205499576784        0.99094325726345
C           -3.24398576514182       -0.12589942761209       -0.50721217898723
O           -3.44727212457434        0.77565261864048       -1.55545238237781
C            1.14241474159812       -0.33039943182264       -2.16957752740013
O            0.62939305324527       -1.48387209915111       -2.79042986310146
C            2.66253209975010       -0.46079597111925       -1.98228514699067
O            3.32406552549776       -0.47581604701534       -3.21849088690097
H            4.95484589448931        1.88331636254737        0.54481869039174
H            5.29255881097075        2.33025332550292       -1.15443139363205
H            6.32798229211709        1.13625686876569       -0.31897924715161
H            3.14619244650641        1.63834339151743       -1.77558410847294
H            1.00889006744677        2.04044340702976       -0.78484079937861
H            0.86415832314058        0.72755571052496        1.95768497428823
H           -0.50533738326919        1.60276710551463        1.17139444705337
H            1.99970531990064        2.74758294802008        1.73562296630064
H            0.55770524982948       -0.92187708828323       -0.18242269077841
H           -1.92980877828578       -1.48601571461343       -1.53433006192224
H           -0.93331463835619       -0.42314815915696        1.98125246000645
H           -2.19465657318553       -3.18301911068290        2.26422511296639
H           -1.79884038997747       -2.12596341762271        3.64513103719021
H            0.02620556623065       -3.25781440021358        1.82825829845892
H           -3.85905034725398       -1.30595954031320        1.85461082174237
H           -2.53169415557104        0.63274084513104        3.42040498986012
H           -2.60429025135289        1.34224757032533        0.94080231876605
H           -4.84580284101303        1.19149506615160        1.93286271506945
H           -3.99875604927604       -0.92974827091369       -0.54722906700483
H           -4.24006002961394        1.29782428904892       -1.34995574869574
H            0.92896691769306        0.48512632458490       -2.86909692550031
H            0.76804342810653       -2.25209629176024       -2.21560284452220
H            2.88846655427739       -1.37760828704634       -1.41312924036761
H            2.88088343683769       -1.11908809092332       -3.79619916244567
48
 energy: -84.843948931022 gnorm: 0.002340809105 xtb: 6.7.1 (edcfbbe)
C            5.31749062494886        1.52154229757672       -0.41428608151822
O            4.54118594966772        0.41902258898550       -0.87250320326155
C            3.22720516420080        0.71308137371556       -1.17265962724373
O            2.51421265310134        0.88099116170297        0.03723075776082
C            1.13428850340595        1.15052082094112       -0.14022794314723
C            0.57782186268615        1.50029310354419        1.23987332314667
O            1.02718587570684        2.74930783640952        1.69037344049318
C            0.45197789824586       -0.04525166033338       -0.83291789498163
O           -0.92827525907622        0.21152146575287       -1.03638933087532
C           -1.86264838864747       -0.79349168220501       -0.67064914999319
O           -1.50446589588454       -1.61024668116888        0.39299321831786
C           -1.70846255369199       -1.15651551254907        1.73701239792228
C           -1.53128161933479       -2.39045710837801        2.63675205370229
O           -0.20090571880327       -2.83387102174297        2.68687829212631
C           -3.09163100707609       -0.52858734552614        1.94637001206765
O           -3.24397416195851        0.00241151321071        3.23587551921729
C           -3.35189153100015        0.53466508402132        0.86988084427194
O           -4.64557802252631        1.07437407914654        0.98668191467813
C           -3.24205280633927       -0.13063558428107       -0.50449669215818
O           -3.44282573773668        0.76729305302169       -1.55628228943166
C            1.14416282557439       -0.32323116094222       -2.17772442385101
O            0.63216525680126       -1.46727022944151       -2.81749449674537
C            2.66512808599077       -0.45526003407596       -1.99185956603941
O            3.32637038571728       -0.46083381578024       -3.22785911224472
H            4.95198941521444        1.87644205878740        0.55051976896721
H            5.29176395837811        2.33419296446271       -1.14535133758007
H            6.32853487636252        1.13767567024268       -0.31485202200659
H            3.14899229803529        1.64187890205966       -1.77421500192417
H            1.01057974457440        2.03125750281086       -0.79171138943929
H            0.86419653842928        0.71015511591074        1.94574862494232
H           -0.50635531955620        1.58631630398844        1.16172367422101
H            1.99289404364223        2.73370740182480        1.74503019695668
H            0.56668247111704       -0.92979126039848       -0.18983360703007
H           -1.92615785313112       -1.49530119755375       -1.52162905271326
H           -0.93827315475113       -0.42112324526470        1.99734939977218
H           -2.19980730311701       -3.18053454266486        2.27951066608064
H           -1.80551120287112       -2.11927539750871        3.65769189911292
H            0.02528155991691       -3.24432522133793        1.84163715496589
H           -3.86312138663679       -1.30274312060510        1.85989180171183
H           -2.53913787150167        0.64070747546160        3.42284276723482
H           -2.60397445464649        1.34152749391732        0.93911289110433
H           -4.84791623326217        1.19493393470794        1.92799440576935
H           -3.99691005719108       -0.93429060503569       -0.54342209103282
H           -4.23542881190721        1.29081626791890       -1.35329052788568
H            0.92982811627737        0.50323392638535       -2.86409083784437
H            0.76651398292043       -2.24393372525223       -2.25318715830750
H            2.89053819017432       -1.37609637152164       -1.42917224663078
H            2.88959849567269       -1.10480761923229       -3.80938518369962
48
 energy: -84.844001714784 gnorm: 0.002041204364 xtb: 6.7.1 (edcfbbe)
C            5.31783503817956        1.51983335638380       -0.41119552746866
O            4.54386227688362        0.41928353918381       -0.87845653692919
C            3.22973862393455        0.71477351572753       -1.17690852337229
O            2.51776668041930        0.88078914110033        0.03366928839902
C            1.13778419898773        1.14770316697617       -0.14260583048242
C            0.57897582666778        1.49464997655871        1.23698568096413
O            1.02492243356217        2.74202039608675        1.69400045232443
C            0.45572853223073       -0.04931897856101       -0.83247058474467
O           -0.92521435690380        0.20552196679558       -1.03271377297154
C           -1.86037948440094       -0.79769327705784       -0.66478246076924
O           -1.50201701273800       -1.61269935296472        0.40039254643903
C           -1.71165894881327       -1.15706213637907        1.74378139785286
C           -1.53762093283917       -2.38876936371096        2.64705561650880
O           -0.20750228856250       -2.83251365196727        2.70151666198263
C           -3.09477564656930       -0.52735065361646        1.94804475305329
O           -3.24832668451980        0.00710526181242        3.23590790985316
C           -3.35205346687842        0.53385675827051        0.86905913635643
O           -4.64529806644910        1.07524401953094        0.98257646646800
C           -3.23961905216295       -0.13499632218750       -0.50304938790217
O           -3.43839903348004        0.75934249524470       -1.55835440766871
C            1.14466561823779       -0.31842954397761       -2.18116846753159
O            0.63240434089400       -1.45528664389424       -2.83230620854109
C            2.66647937852415       -0.45040429763565       -2.00000897685334
O            3.32345298859772       -0.44757469276789       -3.23792934606938
H            4.94957048446292        1.86752479759965        0.55525752564997
H            5.29205962743199        2.33752519362091       -1.13668058302446
H            6.32935332193066        1.13716399183934       -0.31217566719060
H            3.15223947955140        1.64480670981354       -1.77669907051987
H            1.01189616356484        2.02620472364525       -0.79619215388412
H            0.86453505633456        0.70114700112069        1.93944492902156
H           -0.50500827918164        1.57836646153973        1.15484558956453
H            1.99031507744837        2.72591834919393        1.75345886092332
H            0.57481770892116       -0.93343736604428       -0.19104267507028
H           -1.92274886681689       -1.50127449203236       -1.51433343297740
H           -0.94200404199384       -0.42183260752327        2.00582933015413
H           -2.20556883388512       -3.18033119314021        2.29183585284561
H           -1.81338737536793       -2.11388669053668        3.66666455014706
H            0.02381711974550       -3.23491990229533        1.85366540249212
H           -3.86722837064426       -1.30069258389338        1.86283011181789
H           -2.54368888055975        0.64571231424157        3.42255712615403
H           -2.60334142413311        1.33998196575067        0.93789750685967
H           -4.84945428382950        1.19693818683505        1.92336006484650
H           -3.99401108589486       -0.93908294854156       -0.54137401125474
H           -4.23077529944887        1.28424761843331       -1.35788597861136
H            0.92759960067948        0.51605067165089       -2.85689885039777
H            0.76625523418227       -2.23850746636426       -2.27716472429711
H            2.89429574036158       -1.37412719644818       -1.44325765601499
H            2.88971359086151       -1.09152496351999       -3.82149716845083
48
 energy: -84.844036943948 gnorm: 0.001375793654 xtb: 6.7.1 (edcfbbe)
C            5.31828893275074        1.51715392579958       -0.40842093224541
O            4.54589196048229        0.41958686135831       -0.88566067947928
C            3.23156808262971        0.71718759285916       -1.18192583025361
O            2.52134255908362        0.88229735952178        0.02991899756406
C            1.14078177838247        1.14676059914763       -0.14296255495849
C            0.58154853524826        1.49231304772172        1.23665072831840
O            1.02594237812494        2.73825712689651        1.69726373902974
C            0.45903525649013       -0.05165884067034       -0.83107408350461
O           -0.92260433173147        0.20024981709281       -1.02955006704704
C           -1.85782875817578       -0.80212616182163       -0.66057157317835
O           -1.50111250698770       -1.61690593739425        0.40564186532219
C           -1.71405786820637       -1.15864078387596        1.74805648112081
C           -1.54387019611074       -2.38777200164185        2.65535445815267
O           -0.21450995905099       -2.83319148812985        2.71528877746108
C           -3.09687316572319       -0.52691794560083        1.94861498744243
O           -3.25085415988213        0.01007380303936        3.23536479713397
C           -3.35172470682007        0.53261635618762        0.86751325617338
O           -4.64472750356630        1.07502881261520        0.97795515997512
C           -3.23701227241872       -0.13960231529555       -0.50249540818160
O           -3.43439219487447        0.75108758275202       -1.56126576675756
C            1.14415662706809       -0.31506450790127       -2.18242560218513
O            0.63107147054391       -1.44702223630312       -2.83913915900966
C            2.66685261823533       -0.44550713283685       -2.00775577485049
O            3.31779755993045       -0.43472197386060       -3.24871249600445
H            4.94755217006535        1.85673831712017        0.55994025445026
H            5.29292570777280        2.34053785468051       -1.12753047820565
H            6.33001902781440        1.13483996204175       -0.31045705741042
H            3.15511914667780        1.64816340458326       -1.78064155712800
H            1.01229672629077        2.02447795133778       -0.79769616633441
H            0.86526561119870        0.69680433678700        1.93757309752300
H           -0.50228213357212        1.57537141459225        1.15152703341453
H            1.99106197586929        2.72145065991949        1.76099459280721
H            0.58157887163428       -0.93532386662905       -0.18979797210167
H           -1.91933675359550       -1.50632930239075       -1.51011402718825
H           -0.94430295396219       -0.42336924184594        2.00983526114788
H           -2.21157575725321       -3.18034307698573        2.30156507165218
H           -1.82200938098249       -2.10900877718442        3.67334775681143
H            0.02205924010767       -3.22815796065530        1.86534732110342
H           -3.87041011754741       -1.29928920866347        1.86422820967379
H           -2.54676937378103        0.64968144404297        3.42068108508370
H           -2.60243432409808        1.33821806007586        0.93636177621958
H           -4.85053468695711        1.19834611867925        1.91817313165319
H           -3.99080759697644       -0.94436931750328       -0.53989422641423
H           -4.22639583540043        1.27748245313186       -1.36325515207596
H            0.92384207636735        0.52441930992193       -2.85074973019545
H            0.76718751412447       -2.23479762443690       -2.29124782980376
H            2.89895789556122       -1.37152973448227       -1.45676057886127
H            2.88428524215731       -1.07749948171858       -3.83360837750172
48
 energy: -84.844069031684 gnorm: 0.001617816322 xtb: 6.7.1 (edcfbbe)
C            5.31876316760000        1.51214723763686       -0.40419336529985
O            4.54747258090491        0.42028049923018       -0.89658835572725
C            3.23289999710285        0.72146243086160       -1.18936844585997
O            2.52557567386589        0.88474306896571        0.02478771164305
C            1.14376350662501        1.14674208930157       -0.14171388942314
C            0.58666867007537        1.49099642348681        1.23913479373275
O            1.03154712869398        2.73532887532181        1.70165076626124
C            0.46247938568580       -0.05334419748350       -0.82876874524301
O           -0.92010128478708        0.19391067073972       -1.02630457726361
C           -1.85402153773561       -0.80870086029799       -0.65641864931124
O           -1.50003940559533       -1.62327605384503        0.41129598856753
C           -1.71584472838417       -1.16081127842339        1.75192735376682
C           -1.55196706246722       -2.38629368254201        2.66498480957731
O           -0.22427432556630       -2.83544086744945        2.73390916424810
C           -3.09831121681528       -0.52645507685872        1.94835615869732
O           -3.25281689488646        0.01352633803415        3.23385550602822
C           -3.35077375081726        0.53054067049094        0.86422370814070
O           -4.64371367166883        1.07364491573833        0.97035179140245
C           -3.23369151578960       -0.14688344503809       -0.50277212567482
O           -3.43003297930315        0.73841458073023       -1.56633888818336
C            1.14225676720456       -0.31170944552497       -2.18289290834104
O            0.62795494535261       -1.44041517509560       -2.84104467642894
C            2.66628700929620       -0.43789456278673       -2.01873049234840
O            3.30783283401049       -0.41578052006822       -3.26473451217742
H            4.94551399464660        1.83896557739377        0.56747928819007
H            5.29437155290040        2.34454654070545       -1.11300814432343
H            6.33043967847897        1.12902910165278       -0.30909158279682
H            3.15776725319615        1.65424240583793       -1.78588470266906
H            1.01129373289127        2.02519980522674       -0.79590443387130
H            0.86786640039343        0.69402436275759        1.93941033331042
H           -0.49715145597240        1.57510008295991        1.15279460702349
H            1.99638119168915        2.71756434105696        1.76962362912908
H            0.58882042057049       -0.93696386851907       -0.18727816332752
H           -1.91412474729767       -1.51367212214790       -1.50628300320888
H           -0.94557484411929       -0.42531752195836        2.01219534566586
H           -2.21977594464024       -3.17931845731129        2.31176564636510
H           -1.83461519783043       -2.10243401968420        3.68041481992109
H            0.01968842806604       -3.22125386881614        1.88191351516620
H           -3.87291867830398       -1.29787152084090        1.86477802886271
H           -2.55013232302393        0.65550305841558        3.41637958262728
H           -2.60105042558532        1.33584059989960        0.93258985463667
H           -4.85157217141631        1.20039762236000        1.90964997474290
H           -3.98657682919144       -0.95276132364447       -0.53784973595421
H           -4.22133998968721        1.26698038764284       -1.37160744625240
H            0.91689463850873        0.53082839188085       -2.84551971727436
H            0.77033407218753       -2.23171734884018       -2.30006165362345
H            2.90634769771338       -1.36683696950852       -1.47612549031170
H            2.87120268076794       -1.05481263725955       -3.85150391363036
48
 energy: -84.844090636896 gnorm: 0.001493070218 xtb: 6.7.1 (edcfbbe)
C            5.31879712493623        1.50845147391591       -0.40094937360008
O            4.54697180504571        0.42093426073011       -0.90180891561634
C            3.23243519090768        0.72431294230056       -1.19269509237297
O            2.52640115860840        0.88463667673309        0.02272830636873
C            1.14396075532224        1.14679637458932       -0.14069592758960
C            0.59028840564712        1.49017734090164        1.24198280523760
O            1.03761068867785        2.73417589262368        1.70337730728622
C            0.46285451661014       -0.05343154064028       -0.82795147919114
O           -0.92011766827736        0.19171539891939       -1.02583384478380
C           -1.85219640070107       -0.81206304879791       -0.65519750176344
O           -1.49815273986654       -1.62507894330328        0.41376976901166
C           -1.71539696960431       -1.16077903448657        1.75333882243440
C           -1.55528492817871       -2.38493937245018        2.66871392690622
O           -0.22873269966252       -2.83624735268303        2.74298159631435
C           -3.09802714275477       -0.52559944301910        1.94774215233258
O           -3.25332288739673        0.01611036247275        3.23245182909536
C           -3.35026379150987        0.52935541949015        0.86157417418517
O           -4.64334932313814        1.07241292712523        0.96557582630074
C           -3.23286324240192       -0.15156227764651       -0.50363837313956
O           -3.42966170418636        0.73055018621803       -1.56963133381847
C            1.14055316302561       -0.31054982233108       -2.18335682315606
O            0.62649157014322       -1.44115949984078       -2.83851032510015
C            2.66531426071810       -0.43268621843790       -2.02485866763263
O            3.30229478450383       -0.40390109637812       -3.27341300752688
H            4.94573480349617        1.82752455344526        0.57322479651774
H            5.29491225116041        2.34641510967527       -1.10308477775493
H            6.33019310820522        1.12377135519336       -0.30903154757200
H            3.15745618887789        1.65904768182668       -1.78623814294504
H            1.00976410506229        2.02654922856272       -0.79280934229356
H            0.87196272792783        0.69317932038799        1.94205611446016
H           -0.49377210540584        1.57590406768120        1.15880065589126
H            2.00245914276193        2.71604367765876        1.77054727702689
H            0.59045408820768       -0.93774879342433       -0.18725902510112
H           -1.91080969721231       -1.51845889208421       -1.50417903000531
H           -0.94498018429364       -0.42530705826264        2.01354387319441
H           -2.22323808226325       -3.17741535316291        2.31423883233787
H           -1.84111424130152       -2.09930772626973        3.68271883874018
H            0.01875483819215       -3.22004668293858        1.89131633948383
H           -3.87240330312836       -1.29730073989940        1.86467030879720
H           -2.55181449969886        0.65987300384029        3.41326258716114
H           -2.60060866218099        1.33487395217037        0.92833619250135
H           -4.85186741327998        1.20224102432664        1.90427690130844
H           -3.98506498510310       -0.95817667588117       -0.53643515563651
H           -4.22068856898401        1.25997467199558       -1.37635692470907
H            0.91159795291007        0.53060893009477       -2.84666783401714
H            0.77430287952716       -2.23171960995204       -2.29785366035637
H            2.91040126747042       -1.36328904389113       -1.48737665654640
H            2.86176689046350       -1.03887235248092       -3.86191171121206
48
 energy: -84.844118250356 gnorm: 0.000973207045 xtb: 6.7.1 (edcfbbe)
C            5.31860314084639        1.50149748830913       -0.39437574207319
O            4.54534663016458        0.42194197311926       -0.90978712281054
C            3.23096258083850        0.72926419799564       -1.19715991274324
O            2.52679494015237        0.88318688922240        0.02012855310669
C            1.14366661453792        1.14649435229823       -0.13926505569546
C            0.59693172608023        1.48850854520828        1.24684959984082
O            1.04953157459134        2.73213288687589        1.70564984794413
C            0.46249136903171       -0.05326418197923       -0.82632971832672
O           -0.92092036668622        0.18918160218839       -1.02518970708348
C           -1.85000159272012       -0.81665197337451       -0.65355752834539
O           -1.49424300090391       -1.62618605184540        0.41741661632761
C           -1.71453549119265       -1.15974022087674        1.75555447273602
C           -1.55994207788534       -2.38261499473635        2.67367611704814
O           -0.23482424926687       -2.83584750195618        2.75666612906885
C           -3.09748630883058       -0.52334444853408        1.94645758295420
O           -3.25385968175034        0.02210401211132        3.22941327242829
C           -3.35000443182271        0.52751144364276        0.85652012566455
O           -4.64325638323508        1.07055660826336        0.95788653846871
C           -3.23264435472490       -0.15954554539984       -0.50557538004563
O           -3.43136486558093        0.71678588593028       -1.57570098243001
C            1.13734410733869       -0.30940265862359       -2.18378077098338
O            0.62558122220797       -1.44596841167534       -2.83235134556534
C            2.66336697848654       -0.42312767344935       -2.03514130620486
O            3.29250861409770       -0.38178771143221       -3.28788341737927
H            4.94758080896401        1.80628828876118        0.58521385596810
H            5.29469084397371        2.34992771798681       -1.08388858776132
H            6.32969281036518        1.11409555310811       -0.30983291351343
H            3.15595098888183        1.66777333665038       -1.78456679752862
H            1.00762344889121        2.02765995344203       -0.78842063129789
H            0.88162809601919        0.69133785519017        1.94543649228185
H           -0.48753864663800        1.57680767209263        1.17136249929179
H            2.01468622975088        2.71285980428988        1.76788768755692
H            0.59166904309893       -0.93835382253295       -0.18728303501155
H           -1.90519333796400       -1.52564811160202       -1.50046493481098
H           -0.94401271428832       -0.42474520372620        2.01694715492399
H           -2.22723920653530       -3.17445222880359        2.31623972148084
H           -1.85144101207876       -2.09508612439327        3.68551993108439
H            0.01820706034797       -3.21979481695604        1.90679614714217
H           -3.87126419295847       -1.29584841911606        1.86515589490470
H           -2.55405497525638        0.66852447161114        3.40737964516059
H           -2.60035408540803        1.33335122718829        0.91924368331450
H           -4.85200533947463        1.20612856449777        1.89566334278685
H           -3.98297527078963       -0.96798156353752       -0.53414762286071
H           -4.22240900829632        1.24686312396522       -1.38446591653369
H            0.89957481018071        0.52784043987097       -2.84935319332125
H            0.78446755908116       -2.23358673853853       -2.29019743515833
H            2.91748738067990       -1.35672273045328       -1.50695665394200
H            2.84518444410220       -1.00892750523390       -3.87990444029238
48
 energy: -84.844129852166 gnorm: 0.000763738034 xtb: 6.7.1 (edcfbbe)
C            5.31850413818118        1.49661216924210       -0.38895699877076
O            4.54459670103664        0.42263515788493       -0.91473923611506
C            3.23030607739667        0.73269562325674       -1.19965202851071
O            2.52706798883540        0.88125842971945        0.01862514967646
C            1.14373926727247        1.14526872049795       -0.13890231446847
C            0.60097060639390        1.48608235648395        1.24911872907291
O            1.05676102175360        2.72906092266049        1.70735815905711
C            0.46236449662076       -0.05416831816010       -0.82545818705992
O           -0.92118516159735        0.18721298568831       -1.02481302471932
C           -1.84900283754491       -0.81942276190807       -0.65204979420823
O           -1.49173484371259       -1.62613075356096        0.42045770652870
C           -1.71477693981477       -1.15843955729891        1.75784082035193
C           -1.56286355627105       -2.38076565042008        2.67729694921451
O           -0.23797670788396       -2.83325615429559        2.76547164941335
C           -3.09771716942894       -0.52098864578150        1.94607828282237
O           -3.25440677008795        0.02822151751787        3.22734242039809
C           -3.35027050726218        0.52668041055410        0.85315298247912
O           -4.64345638751028        1.07012943482812        0.95309615847223
C           -3.23284791547032       -0.16485713143268       -0.50656802468593
O           -3.43346667956644        0.70716960615973       -1.57977616199374
C            1.13530741809950       -0.30897684002775       -2.18454496386658
O            0.62632862757387       -1.44954759964777       -2.82975283228835
C            2.66219873586557       -0.41581826031603       -2.04265326329985
O            3.28577734440279       -0.36435775706231       -3.29794584010802
H            4.94931190476896        1.79045141706638        0.59472375061749
H            5.29312477731139        2.35258695424519       -1.06891378545895
H            6.32980862863270        1.10840646388770       -0.31064476811576
H            3.15542762423361        1.67409149341317       -1.78235305842380
H            1.00713527477405        2.02689571050988       -0.78693447990040
H            0.88799832640518        0.68805396523849        1.94571288345214
H           -0.48360634345078        1.57548644267237        1.17829569584030
H            2.02224453034265        2.70854776232450        1.76461127359215
H            0.59237119563369       -0.93954309651577       -0.18738025625224
H           -1.90195455801134       -1.53033535432932       -1.49741290883127
H           -0.94420419638527       -0.42399831360871        2.02062989893852
H           -2.22866062646075       -3.17301052041664        2.31801457508495
H           -1.85804136838785       -2.09248727956254        3.68786999523716
H            0.01831647430057       -3.21933853331728        1.91748763524817
H           -3.87156659358751       -1.29367539302451        1.86694630833161
H           -2.55488875437249        0.67542137691182        3.40353109686668
H           -2.60037660895589        1.33252642459850        0.91276981548069
H           -4.85193375313867        1.20934997925058        1.89037779746669
H           -3.98161452703558       -0.97482613125270       -0.53213837486654
H           -4.22490680911770        1.23712809478786       -1.38976909125095
H            0.89037269283975        0.52605133540272       -2.85040490794394
H            0.79311371990293       -2.23541183558261       -2.28719968770160
H            2.92252291398339       -1.35177609036984       -1.52168803853265
H            2.83579155727243       -0.98689752157803       -3.89267294629350
48
 energy: -84.844136251749 gnorm: 0.000556792637 xtb: 6.7.1 (edcfbbe)
C            5.31819435001955        1.49352508996478       -0.38513642175284
O            4.54432747890858        0.42287077619192       -0.91747685744221
C            3.23005791341397        0.73455927879558       -1.20075462967840
O            2.52729459894626        0.87956123319594        0.01796251993958
C            1.14397858658591        1.14382027202081       -0.13891479127538
C            0.60266874372812        1.48387875993412        1.24974980292343
O            1.06016707451853        2.72607600093624        1.70851169876609
C            0.46226601379515       -0.05542877506423       -0.82499307376472
O           -0.92133019673759        0.18589358899317       -1.02451180828537
C           -1.84904759907325       -0.82081489584754       -0.65108479825946
O           -1.49113732559791       -1.62597994372702        0.42220668574880
C           -1.71554667056399       -1.15740472869784        1.75926078606847
C           -1.56412126700779       -2.37933988221648        2.67942662792937
O           -0.23872968185102       -2.82983384590117        2.77004049866676
C           -3.09808902258303       -0.51890949780883        1.94625342116379
O           -3.25413448181467        0.03334534983629        3.22626365727251
C           -3.35065805177938        0.52663610628962        0.85128293616980
O           -4.64365914127794        1.07060003267652        0.95067842632706
C           -3.23340419169638       -0.16766614353366       -0.50690182381463
O           -3.43564888608275        0.70162059286517       -1.58204920633778
C            1.13439661065028       -0.30918899047445       -2.18487779348955
O            0.62809385451218       -1.45203941772060       -2.82854624697085
C            2.66192800693147       -0.41128036687333       -2.04746048047872
O            3.28168577217804       -0.35206193363600       -3.30417886887881
H            4.95083916411922        1.77929861648784        0.60156132547868
H            5.29059245189495        2.35472169112592       -1.05822955750908
H            6.33005724637906        1.10584149543531       -0.31187812092205
H            3.15546030323616        1.67785651551700       -1.78035864840154
H            1.00729265380106        2.02531848602555       -0.78698823384064
H            0.89042523425136        0.68491778547573        1.94496936633445
H           -0.48185173473011        1.57383972247594        1.18058095420071
H            2.02588763686002        2.70456923660035        1.76169467320034
H            0.59251511423620       -0.94078296557790       -0.18721993871696
H           -1.90082465414626       -1.53253780112098       -1.49576450183686
H           -0.94482679577781       -0.42336103240785        2.02263039765046
H           -2.22821180990639       -3.17248421375531        2.31920273962330
H           -1.86140343834604       -2.09101978345400        3.68938287757413
H            0.01864157448696       -3.21947408277605        1.92395931695544
H           -3.87249326085777       -1.29126329545493        1.86928200726922
H           -2.55381131871451        0.67995581104078        3.40132195035720
H           -2.60048437586547        1.33236362804038        0.90894227301121
H           -4.85160573278721        1.21170417549270        1.88779977938255
H           -3.98104803285938       -0.97873761200655       -0.53047928852861
H           -4.22763931433211        1.23100866824739       -1.39262011112702
H            0.88438267805029        0.52461121936593       -2.85028318232005
H            0.80009715885348       -2.23708322540487       -2.28649626467088
H            2.92651720137963       -1.34883639635087       -1.53161131080885
H            2.83194199161262       -0.97287004773317       -3.90066400280235
48
 energy: -84.844140299499 gnorm: 0.000357748771 xtb: 6.7.1 (edcfbbe)
C            5.31784231550977        1.49172309481707       -0.38215875898070
O            4.54435674652290        0.42300195937698       -0.91873805936713
C            3.22997683205941        0.73546848167638       -1.20094918522147
O            2.52729258627044        0.87802135379778        0.01790047654161
C            1.14408227580360        1.14222926617473       -0.13903138847725
C            0.60262827783547        1.48211307928039        1.24945582657652
O            1.06104615407033        2.72346134792269        1.70940077171629
C            0.46233861965996       -0.05710014451667       -0.82489178025270
O           -0.92121425497020        0.18469536811989       -1.02454090367907
C           -1.84956785719018       -0.82157083796189       -0.65071259595084
O           -1.49186843057873       -1.62613264300947        0.42294494333937
C           -1.71623261723795       -1.15657426108579        1.75983132960682
C           -1.56420784936152       -2.37810618289923        2.68052159407566
O           -0.23799180975816       -2.82627754018229        2.77208721481987
C           -3.09822708875042       -0.51708903791897        1.94671068680294
O           -3.25288178268732        0.03749156331589        3.22589019560076
C           -3.35089438500999        0.52716381025373        0.85045727890376
O           -4.64370800249303        1.07161912681003        0.94982497815586
C           -3.23396456987247       -0.16877467146659       -0.50682415968685
O           -3.43754862263659        0.69890425890486       -1.58305900924401
C            1.13388261288707       -0.31013878793362       -2.18527649481803
O            0.62966123747250       -1.45413825543677       -2.82847082803376
C            2.66194712126150       -0.40846304751605       -2.05036118709979
O            3.27921492938235       -0.34328690237767       -3.30778148498246
H            4.95240628065004        1.77116783850697        0.60703574380002
H            5.28720300328313        2.35671340472507       -1.05014036603696
H            6.33056820073942        1.10538792991652       -0.31356407921846
H            3.15554345486506        1.67994116097320       -1.77864970640953
H            1.00755904856255        2.02349066242422       -0.78752745354227
H            0.88967525410556        0.68227885252377        1.94400878050923
H           -0.48177048506150        1.57265673579854        1.17982894681389
H            2.02691334935134        2.70126557462823        1.75973632235105
H            0.59233273958960       -0.94240064307195       -0.18710165663228
H           -1.90117338839931       -1.53353676188083       -1.49521522921518
H           -0.94518252821155       -0.42276926247452        2.02278106677272
H           -2.22673722321278       -3.17234510304631        2.32008392386452
H           -1.86258132696458       -2.08985576481320        3.69018658119259
H            0.01913558960283       -3.22010025181556        1.92777183534076
H           -3.87345399858276       -1.28882166774837        1.87173798232093
H           -2.55106340114428        0.68269535447895        3.40014548057781
H           -2.60047807240213        1.33275290554302        0.90691016987965
H           -4.85103656588065        1.21365848948783        1.88696251389307
H           -3.98104727849211       -0.98043058280552       -0.52896051833384
H           -4.23005763355196        1.22761464838610       -1.39378118191453
H            0.88085039248156        0.52319597893013       -2.85005795943421
H            0.80522858867790       -2.23903092462684       -2.28741730619807
H            2.92949569252700       -1.34716664787978       -1.53825520450172
H            2.83171029830116       -0.96460706875746       -3.90526338606150
