48
 energy: -84.818021344528 gnorm: 0.018344961007 xtb: 6.7.1 (edcfbbe)
C            5.64156949117100        0.93972236943709        0.60453944780470
O            4.94636742068589       -0.12050132371895       -0.04627124795937
C            3.62639928283194        0.15265930105486       -0.34213939277063
O            2.89913661533533        0.18842820158033        0.87077194471024
C            1.50643989501567        0.39368881106443        0.72929884903623
C            0.90828523441938        0.44781615434444        2.14955508915211
O            0.49175109249222        1.73459267280309        2.52725538800378
C            0.88606492872322       -0.72741473705667       -0.12193207928230
O           -0.47614208835743       -0.44800522454283       -0.40392112582673
C           -1.45508721001085       -1.29130453432926        0.13488006463158
O           -1.98784697711973       -0.77704991339661        1.32333598004332
C           -2.61272144780793        0.49819095203129        1.15685179115909
C           -3.02827691295054        1.01292635507281        2.54711883132928
O           -2.38012796753835        2.20207880960527        2.91127018816042
C           -3.79158717942277        0.36568514480382        0.18205073298758
O           -4.50641920827227        1.56066113546428        0.01451668842768
C           -3.26893530678943       -0.15887136239078       -1.16712076791324
O           -4.31670065749119       -0.38572600604617       -2.07928221280377
C           -2.54141534439525       -1.48616940031210       -0.93624221275596
O           -1.90951413586479       -1.96248248224021       -2.09463423518297
C            1.60314690501557       -0.82882735967152       -1.47531890456362
O            1.17451898366828       -1.95336577551148       -2.20097102586338
C            3.11990801173824       -0.94779883296721       -1.28446674235210
O            3.79254584388697       -0.79671674072724       -2.50373416104663
H            5.20202369062394        1.14243073260592        1.58240638924705
H            5.61693992721724        1.84316808128623       -0.01110681523645
H            6.66275467972870        0.58740937445950        0.71477586229383
H            3.52774424948967        1.13144729523255       -0.85753316426934
H            1.31652953275211        1.34856932019379        0.21286718732301
H            1.65952228355446        0.04953277020612        2.83899294353319
H            0.01632943331364       -0.17922458540990        2.19802023236624
H            1.26103577107788        2.30418909134622        2.66925551132643
H            0.98656306783667       -1.68287988599666        0.40742253083174
H           -1.02887865417905       -2.26621182812873        0.40492418813500
H           -1.87676620780791        1.19522357870587        0.72802507414969
H           -2.83547847192359        0.21188178693497        3.27065592672941
H           -4.09488921521540        1.24756386380098        2.54883267397743
H           -1.41616032194149        2.06359119428327        2.92898946328271
H           -4.51088511521391       -0.35847191305431        0.58300713337982
H           -3.89368043624014        2.29909001006265       -0.11738531717735
H           -2.55048546334737        0.56239264939346       -1.58945896212024
H           -4.95647152321802        0.33898194092293       -1.99921849911499
H           -3.26917431133784       -2.22105620797527       -0.56153806691242
H           -2.56763552649000       -1.97950757294848       -2.80774902995509
H            1.39300186931020        0.09173599038918       -2.04311092041495
H            0.20385212859436       -1.93624103101645       -2.27897572118845
H            3.35233999933930       -1.91841697078416       -0.82423053903596
H            3.48050734511558       -1.48741789885965       -3.10979596827170
48
 energy: -84.818559068678 gnorm: 0.009062468463 xtb: 6.7.1 (edcfbbe)
C            5.63709986075097        0.93614229087701        0.60397869214435
O            4.94555805705675       -0.12154792363000       -0.04353458944855
C            3.62773468561902        0.15372768284768       -0.34076351765630
O            2.89709734372011        0.19051533220508        0.87112165662953
C            1.50690039988226        0.39459421156629        0.72908215502214
C            0.90724567855818        0.44629623459357        2.14863465726754
O            0.49846766139301        1.73510448775482        2.53301913857213
C            0.88580892944180       -0.72595135180688       -0.12210153960564
O           -0.47603597801426       -0.44716508675500       -0.40288120760543
C           -1.45219492260477       -1.29146878066963        0.13538729585661
O           -1.98975544368499       -0.77943085204943        1.32194393354633
C           -2.61363964412916        0.49429389401419        1.15552607505939
C           -3.02778641582160        1.01464956423127        2.54445765138023
O           -2.37374558620049        2.20043905638728        2.90017179523596
C           -3.79131013288681        0.36170644361556        0.17923351038757
O           -4.50329418851622        1.55822406612105        0.00680282986628
C           -3.26398971591859       -0.16234204193524       -1.16811461205286
O           -4.31229195540503       -0.38599865998829       -2.08040631473580
C           -2.53778027204216       -1.48946874189227       -0.93612406882650
O           -1.90905909431526       -1.96443559424027       -2.09696972287499
C            1.60353082502237       -0.82654487592030       -1.47502836224662
O            1.16848160518892       -1.94789616908269       -2.20024015761100
C            3.12027501364100       -0.94644437066603       -1.28300401528153
O            3.78593542486259       -0.79582910332729       -2.50511308856752
H            5.19907241148191        1.14416553646293        1.58226759774043
H            5.61575091316145        1.84138084144533       -0.01065693857125
H            6.65996921513012        0.58814154595943        0.71792002268108
H            3.52867268921957        1.13285055056162       -0.85652553879532
H            1.31572943868355        1.35168627025731        0.21547690177279
H            1.65830992533437        0.04420439868906        2.83702835170529
H            0.01044626114479       -0.17383350434425        2.19904683504576
H            1.27174085975785        2.29907765741697        2.65644953007140
H            0.98719202270088       -1.68142758395059        0.40755290261273
H           -1.02540964840739       -2.26665795397401        0.40503454611554
H           -1.87852178438688        1.19216799032469        0.72481348002730
H           -2.83642705892765        0.21402673984037        3.26978300860086
H           -4.09390053851229        1.25273546549986        2.54753766126458
H           -1.41350462059133        2.05272876284165        2.91188981505384
H           -4.51555258610531       -0.35947999379452        0.57681411651846
H           -3.88464645105356        2.29168596122463       -0.10818457502825
H           -2.54645520929402        0.56236674814229       -1.58787784460365
H           -4.95161717960862        0.33370685199100       -1.98294095878957
H           -3.26878773219897       -2.22308755745740       -0.56383593060140
H           -2.56785661606873       -1.96272871438724       -2.80566529183621
H            1.39182110666247        0.09569627635380       -2.04070148013610
H            0.19828877481145       -1.92818699315500       -2.25846619639830
H            3.35039785859189       -1.91890928940412       -0.82523773394300
H            3.46203381287901       -1.48348371879360       -3.10311747495844
48
 energy: -84.818903534643 gnorm: 0.002949650767 xtb: 6.7.1 (edcfbbe)
C            5.63049668933002        0.93110849901736        0.60426820956029
O            4.94248710542303       -0.12244587839202       -0.03857730032529
C            3.62758773218553        0.15449716718856       -0.33910121244759
O            2.89320541619997        0.19475628409087        0.87251503900429
C            1.50628313667949        0.39683643348386        0.73107648595132
C            0.90665743001411        0.44352946189935        2.15008109222513
O            0.51244522062667        1.73623746937494        2.54457633878172
C            0.88432585370847       -0.72287160185072       -0.12001218668013
O           -0.47751256566226       -0.44739204839510       -0.39914634466271
C           -1.44929705828252       -1.29439069205187        0.13717094041046
O           -1.99330287606163       -0.78455708336065        1.32122983979808
C           -2.61543864483597        0.48693184310676        1.15257299609331
C           -3.02474356827091        1.01822090533998        2.53944295277747
O           -2.36208587616823        2.20019966378114        2.88300970954608
C           -3.79106232983094        0.35531857705658        0.17440809651422
O           -4.49761879577524        1.55524887738706       -0.00651027520184
C           -3.25815968527086       -0.16902383564698       -1.17024589591263
O           -4.30484649897919       -0.38670249310918       -2.08635356554029
C           -2.53272893991390       -1.49529705930881       -0.93643966584724
O           -1.90640084366459       -1.96961116930792       -2.09956027044458
C            1.60076160828084       -0.82117161109946       -1.47334089391012
O            1.15914353264801       -1.93716914696063       -2.20170446275039
C            3.11759496515342       -0.94362196479408       -1.28245151269825
O            3.77649105773195       -0.79523024325772       -2.50808328077475
H            5.19402775900746        1.14755289566250        1.58293592091239
H            5.61411128906011        1.83851403153355       -0.00997624703759
H            6.65550887196344        0.58846173901859        0.72444971219637
H            3.52956378039035        1.13415465397512       -0.85503456247226
H            1.31139206182176        1.35565159939013        0.21970795189889
H            1.65434081667812        0.03102807742467        2.83706580468196
H            0.00198598952757       -0.16493889688352        2.19839968496135
H            1.29386703049534        2.29287055208522        2.63470884775878
H            0.98880958466117       -1.67832758147041        0.40957348254951
H           -1.02012802517945       -2.26876527347818        0.40790845794902
H           -1.88169014267296        1.18488140814727        0.71724342194652
H           -2.83846818933895        0.21920329734678        3.26903771125230
H           -4.09008808624488        1.26084637776019        2.54245259277568
H           -1.40552947364225        2.04105913049342        2.88909446185353
H           -4.52114660452042       -0.36230823414803        0.56775749865486
H           -3.86959248770619        2.28346848530121       -0.09058901598844
H           -2.53964940626985        0.55807186764971       -1.58569659443536
H           -4.94782149783662        0.32358161451633       -1.96027694083716
H           -3.26569924959463       -2.22830475276083       -0.56588252994596
H           -2.56393898436199       -1.93381555216598       -2.80637599408403
H            1.39114974190895        0.10451114582937       -2.03570131908141
H            0.18847551104154       -1.91731159495925       -2.23143408389587
H            3.34547591019138       -1.91761767291809       -0.82647001903116
H            3.43075973535801       -1.47587167154033       -3.09824007604462
48
 energy: -84.818990666096 gnorm: 0.003630950451 xtb: 6.7.1 (edcfbbe)
C            5.62794907552423        0.92981096540699        0.60560180381276
O            4.94023016895615       -0.12256833698922       -0.03609467248459
C            3.62647315288430        0.15535681941889       -0.33895406595619
O            2.89109528818859        0.19734816393305        0.87304930575011
C            1.50472346412414        0.39775012605638        0.73309403053895
C            0.90604831308881        0.44214863703921        2.15213526462101
O            0.52254908834593        1.73690104549568        2.55267162996079
C            0.88324546231207       -0.72206674502054       -0.11813333438262
O           -0.47899491718989       -0.44908087885390       -0.39625287779469
C           -1.44933844149824       -1.29783262776156        0.13862988393053
O           -1.99566250833719       -0.78779230581192        1.32180969982559
C           -2.61575407905606        0.48344307067957        1.15020376525594
C           -3.02256270549015        1.02122991934552        2.53556222632192
O           -2.35501894722172        2.20183213897626        2.87334766026985
C           -3.79068515759941        0.35180117750552        0.17189799948357
O           -4.49419526321101        1.55365216973077       -0.01269294682209
C           -3.25541928855642       -0.17328664533828       -1.17133873025234
O           -4.30015563993764       -0.38739000187775       -2.09090427646207
C           -2.53150327231372       -1.49992596680123       -0.93624177451749
O           -1.90438851063924       -1.97395667493703       -2.09948244910203
C            1.59811285872357       -0.81696794837891       -1.47197375082535
O            1.15424846121997       -1.92952842216043       -2.20433987376816
C            3.11475595767304       -0.94221028142779       -1.28196037250903
O            3.77187086420630       -0.79568173772178       -2.50905634675966
H            5.19110128733184        1.14958910452697        1.58387966934019
H            5.61411348117680        1.83734642633319       -0.00945451087190
H            6.65291957415349        0.58743562234235        0.72868036631093
H            3.52993824700112        1.13542281957331       -0.85461916443623
H            1.30701033425735        1.35666100939391        0.22238218057802
H            1.65032266652447        0.02110896256239        2.83773908858382
H           -0.00333557792375       -0.15920833672504        2.19787145308059
H            1.30874127444579        2.29020290406928        2.62359811921532
H            0.99021405359061       -1.67773873590276        0.41070563642457
H           -1.01897069453583       -2.27132881531361        0.41070237150139
H           -1.88162620017342        1.17957328700734        0.71177010469284
H           -2.83955510030245        0.22416368641873        3.26827939623444
H           -4.08729328218574        1.26706524784887        2.53797161728121
H           -1.39897953041165        2.03874698127997        2.88074240143995
H           -4.52238371294899       -0.36473320185883        0.56425910899075
H           -3.86323598975443        2.28151430415392       -0.07840152528019
H           -2.53485423663929        0.55299756270734       -1.58480350503192
H           -4.94805252829812        0.31629048064209       -1.95153130119999
H           -3.26401692555549       -2.23364844580077       -0.56613767359814
H           -2.55761308492681       -1.91723572594728       -2.80967919698710
H            1.39056247086719        0.11117374983002       -2.03151046130249
H            0.18314258365610       -1.91245280186461       -2.22347265512743
H            3.34205647947824       -1.91662611101675       -0.82631388421251
H            3.41216898697882       -1.46930963476675       -3.09975243375701
48
 energy: -84.819072896418 gnorm: 0.004127514798 xtb: 6.7.1 (edcfbbe)
C            5.62553034712009        0.92945981869586        0.60837765141987
O            4.93681410678967       -0.12244897160564       -0.03315812537443
C            3.62415573252526        0.15711923089843       -0.33907402948085
O            2.88816185238296        0.20134230215648        0.87358760005176
C            1.50129807049795        0.39832729285742        0.73598779946887
C            0.90458791866465        0.44003674488502        2.15537025561982
O            0.53846123335327        1.73723136477756        2.56489953194034
C            0.88148404097974       -0.72234238759667       -0.11551044140844
O           -0.48156342686635       -0.45284431126104       -0.39208935730625
C           -1.45050343049688       -1.30397242575978        0.14135320285865
O           -1.99886701064990       -0.79227719182954        1.32362925228440
C           -2.61529965019976        0.47962438008612        1.14678132712444
C           -3.01874802533505        1.02687133547486        2.52948583916973
O           -2.34485821165601        2.20638913776774        2.85976723940908
C           -3.78967218528180        0.34748401271417        0.16876493818222
O           -4.49041685271133        1.55093494704661       -0.01940717467391
C           -3.25231230742470       -0.17958499461165       -1.17263141526587
O           -4.29373827859018       -0.38896803455288       -2.09746801436652
C           -2.53094354887624       -1.50710075101250       -0.93530844348610
O           -1.90147466449983       -1.98080612082900       -2.09788939101637
C            1.59419620835532       -0.81076610776487       -1.47001197683741
O            1.14841788865514       -1.91772058442344       -2.21012855817281
C            3.11030327236619       -0.94000047523551       -1.28121814332019
O            3.76628899638820       -0.79654295855158       -2.50983105605259
H            5.18683583393650        1.15222955135689        1.58535307805473
H            5.61513108869976        1.83605836148804       -0.00851415765422
H            6.64928121669843        0.58485360970548        0.73475402257552
H            3.53009990745781        1.13739920450369       -0.85463201490089
H            1.29937776990130        1.35677750333046        0.22584577081401
H            1.64296489603999        0.00457415807156        2.83849366269420
H           -0.01218298293395       -0.15023548076982        2.19662343870048
H            1.33053990291275        2.28554879819221        2.61234373824100
H            0.99219451386261       -1.67850531981024        0.41165881771529
H           -1.01873469141980       -2.27608303145193        0.41551384331164
H           -1.87952776569096        1.17151577327790        0.70398381126757
H           -2.84026328997217        0.23345290175990        3.26707298229260
H           -4.08230417103804        1.27813452080123        2.53056691186373
H           -1.38878068969766        2.03962345165855        2.87407391220999
H           -4.52187354904956       -0.36845313059725        0.56125735059656
H           -3.85899867123617        2.28071951676993       -0.06043088419426
H           -2.52779616047453        0.54392677161771       -1.58382358450927
H           -4.94964942864627        0.30502340839048       -1.94478440484041
H           -3.26238866460136       -2.24215742790980       -0.56603948204661
H           -2.54535202504119       -1.89675288762019       -2.81531120754598
H            1.38925358973200        0.12134321595995       -2.02415973337349
H            0.17681132080680       -1.90645062558147       -2.22024475455121
H            3.33698005705022       -1.91456795799633       -0.82538387609195
H            3.38707791721542       -1.45742413747236       -3.10501275139274
48
 energy: -84.819114971587 gnorm: 0.002804959400 xtb: 6.7.1 (edcfbbe)
C            5.62466227982932        0.93013672178477        0.61054894688744
O            4.93450448805594       -0.12198150940847       -0.03210123601106
C            3.62219077916091        0.15892680108431       -0.33928353634263
O            2.88630801187748        0.20413727297065        0.87364750471769
C            1.49829486561846        0.39785818836180        0.73742434870386
C            0.90301622886295        0.43799206264919        2.15714903923728
O            0.54956131428669        1.73618572893558        2.57320056171786
C            0.88029133738089       -0.72376842635774       -0.11432925441140
O           -0.48328511883546       -0.45610396077715       -0.39000380596271
C           -1.45181804866466       -1.30811199158239        0.14347125385146
O           -2.00054455731724       -0.79445843821409        1.32525806217884
C           -2.61420944245553        0.47858021494982        1.14469110210838
C           -3.01558704685684        1.03186583380407        2.52536370870580
O           -2.33843285508186        2.21140548293097        2.85093674830532
C           -3.78884584250362        0.34537550638230        0.16742420674181
O           -4.48967740181940        1.54850727312132       -0.02174535260629
C           -3.25092410800109       -0.18334626307546       -1.17305974015731
O           -4.29014464879513       -0.39076963442707       -2.10074932678022
C           -2.53128967188152       -1.51159882909857       -0.93417295418891
O           -1.89978884871021       -1.98522424805681       -2.09583090218908
C            1.59193814260012       -0.80693212359509       -1.46923111870056
O            1.14607592916791       -1.90978572169539       -2.21552349243199
C            3.10753351541000       -0.93811144372438       -1.28094600386207
O            3.76348218043806       -0.79625995891629       -2.50995141129610
H            5.18388664666870        1.15347862365498        1.58615787307148
H            5.61656301971308        1.83551101842869       -0.00765132830781
H            6.64693419162205        0.58244871058097        0.73853739123528
H            3.52971369014665        1.13907815720912       -0.85498051338674
H            1.29360766205263        1.35571683731938        0.22755442321713
H            1.63704406071142       -0.00835668677343        2.83802706073414
H           -0.01907094385181       -0.14419757358759        2.19519919068688
H            1.34458019850330        2.28023606955667        2.61166830495283
H            0.99320358425710       -1.68036247581332        0.41138944303528
H           -1.01959819380274       -2.27942391889717        0.41893291332905
H           -1.87674916211663        1.16676552516732        0.69921762260541
H           -2.83938383579290        0.24138943019644        3.26624872165200
H           -4.07821973106635        1.28689184046895        2.52558928237282
H           -1.38222563516224        2.04327731686361        2.87326210395031
H           -4.51996163956540       -0.37104219536190        0.56122522605295
H           -3.86111513074404        2.28099197527979       -0.04996064916831
H           -2.52374032769288        0.53784726786679       -1.58339636031162
H           -4.95076609812310        0.29780454899227       -1.94522479103901
H           -3.26228794455762       -2.24737049170642       -0.56574516108742
H           -2.53633749645299       -1.88956554768251       -2.81785222026198
H            1.38776969682644        0.12803796536957       -2.01881508875918
H            0.17422626697551       -1.90296716374564       -2.22401039758518
H            3.33400437295465       -1.91253434760617       -0.82464033414139
H            3.37460926673338       -1.44817742382544       -3.10943706105864
48
 energy: -84.819140401169 gnorm: 0.001396653456 xtb: 6.7.1 (edcfbbe)
C            5.62405530052610        0.93119819629890        0.61231914611709
O            4.93260321436777       -0.12098508799385       -0.03196161083936
C            3.62038310547387        0.16120725699679       -0.33933809840336
O            2.88466714220202        0.20663707823129        0.87342128158018
C            1.49536570118079        0.39671773630607        0.73793366433970
C            0.90120123190676        0.43509320211063        2.15804247479329
O            0.55919263482351        1.73353038915713        2.58086825295360
C            0.87937660320725       -0.72580715571114       -0.11419095047367
O           -0.48453134630289       -0.45930836547330       -0.38937519770759
C           -1.45299732747753       -1.31102307945279        0.14536266380888
O           -2.00145471365240       -0.79519584551050        1.32654278189617
C           -2.61296074669590        0.47901808625317        1.14312762313275
C           -3.01240428206028        1.03720266870828        2.52207551968124
O           -2.33332819984310        2.21729193707839        2.84321428708450
C           -3.78832909038359        0.34408397548346        0.16683380468003
O           -4.49110093650540        1.54563978884860       -0.02256779838193
C           -3.25021016571401       -0.18594594901929       -1.17318333628857
O           -4.28798059396317       -0.39309182914209       -2.10211295194403
C           -2.53186441525562       -1.51480438754124       -0.93282300212712
O           -1.89895116616869       -1.98916035821462       -2.09336453053322
C            1.59071896915606       -0.80428087612356       -1.46938435192718
O            1.14562816135186       -1.90373454827240       -2.22076265945321
C            3.10591289004812       -0.93583517445335       -1.28110218104519
O            3.76216969705224       -0.79456302720225       -2.50982794538850
H            5.18113353971411        1.15437140687493        1.58654506299456
H            5.61823319055843        1.83547342233669       -0.00670014580116
H            6.64490031613034        0.58041594257873        0.74160744471416
H            3.52887716943222        1.14111943516738       -0.85530406168174
H            1.28832491850381        1.35412193549978        0.22852224311597
H            1.63176282832563       -0.02125159330042        2.83608716174861
H           -0.02565886396507       -0.13962504577345        2.19362526722685
H            1.35685856406648        2.27272840864833        2.61746571552632
H            0.99370449433857       -1.68283303606665        0.41015537035090
H           -1.02087318134694       -2.28190100481320        0.42187112985449
H           -1.87410405948499        1.16392144917957        0.69545535310613
H           -2.83693779763944        0.24944766342522        3.26562169889475
H           -4.07431940290523        1.29487299499073        2.52216189869905
H           -1.37744862706918        2.04809490477838        2.87357952505456
H           -4.51763333741446       -0.37341518681257        0.56235680438692
H           -3.86653415880327        2.28107544089131       -0.04308324718551
H           -2.52150941259051        0.53387021277080       -1.58319355369509
H           -4.95119435359069        0.29275389692784       -1.94830856834188
H           -3.26355830800487       -2.25028171997533       -0.56537500516237
H           -2.53015768422216       -1.88937648578401       -2.81816600934357
H            1.38597300426021        0.13304002236706       -2.01470249640618
H            0.17360970913843       -1.90016847079032       -2.22970601935234
H            3.33223989628142       -1.91010479641486       -0.82433638512558
H            3.36914788901581       -1.44023842806741       -3.11244306912863
48
 energy: -84.819157695167 gnorm: 0.001926876854 xtb: 6.7.1 (edcfbbe)
C            5.62283076806566        0.93261715121664        0.61402435781048
O            4.93062634524350       -0.11900193691857       -0.03191709528892
C            3.61852681594493        0.16434137466248       -0.33906421338871
O            2.88265038606227        0.20947144214686        0.87308701639683
C            1.49221899097734        0.39511978293473        0.73802180912669
C            0.89916693447666        0.43015125429775        2.15862898108106
O            0.57032262626071        1.72857095897107        2.59059244578839
C            0.87855038707889       -0.72803198848682       -0.11486613763458
O           -0.48559949000599       -0.46292508383709       -0.39001917941677
C           -1.45400771852623       -1.31324078218867        0.14724413050072
O           -2.00194629349510       -0.79478851821976        1.32737352477485
C           -2.61180813767650        0.48026799323837        1.14122305199020
C           -3.00841406628710        1.04395696455858        2.51856628656693
O           -2.32751978742489        2.22488824652147        2.83345058464300
C           -3.78832422581986        0.34260648986236        0.16636119914076
O           -4.49433819720462        1.54176459725329       -0.02367744460001
C           -3.24982859510830       -0.18847433106434       -1.17337919733362
O           -4.28670624458047       -0.39648719388028       -2.10245289336831
C           -2.53251897004068       -1.51776807123795       -0.93112605186420
O           -1.89895101792387       -1.99418561410478       -2.09031949224172
C            1.59004832240788       -0.80187006463433       -1.47039100913352
O            1.14616485100681       -1.89835365796696       -2.22597897442025
C            3.10505259090077       -0.93261463486101       -1.28165979677681
O            3.76184420075538       -0.79111795343630       -2.50961133137498
H            5.17765766065259        1.15613289118706        1.58681797692432
H            5.62008875270751        1.83615603021187       -0.00549276344097
H            6.64244431201379        0.57921901567396        0.74541757521336
H            3.52760148817858        1.14413272189565       -0.85524190883634
H            1.28233242081661        1.35240549324857        0.22972821635537
H            1.62611585515003       -0.03802462156327        2.83271043793622
H           -0.03325685114092       -0.13564542089277        2.19131236868985
H            1.37243205614411        2.26074294322516        2.62866398160721
H            0.99410233906677       -1.68563512907064        0.40792861850345
H           -1.02225875406669       -2.28383047976736        0.42515726128325
H           -1.87220781534466        1.16217402355409        0.69062124526820
H           -2.83241864632625        0.25926616298505        3.26497888975520
H           -4.06984759043721        1.30333987649049        2.51954338908163
H           -1.37268520898195        2.05354688722696        2.87157876067390
H           -4.51534237417030       -0.37639861895185        0.56375993612066
H           -3.87359769968250        2.28020435432594       -0.03727660832064
H           -2.52065414946310        0.53102580752947       -1.58324224691224
H           -4.95091400454098        0.28867507767591       -1.95139341733184
H           -3.26605705435633       -2.25175640270652       -0.56436611780828
H           -2.52683423432396       -1.89216393906747       -2.81694939808891
H            1.38387006934264        0.13759365707968       -2.01160097393844
H            0.17402376216446       -1.89711024295869       -2.23426637444777
H            3.33111098392207       -1.90691144162127       -0.82464398702601
H            3.36625220759105       -1.43203907053586       -3.11437243223501
48
 energy: -84.819176415104 gnorm: 0.001857494553 xtb: 6.7.1 (edcfbbe)
C            5.62129694028433        0.93445071392422        0.61523095250915
O            4.92936569962951       -0.11627966283457       -0.03163714385304
C            3.61729983980051        0.16717146316109       -0.33865290029231
O            2.88106275696780        0.21138154776834        0.87286267033615
C            1.49016631569739        0.39370216212314        0.73802487962318
C            0.89779584814242        0.42444072121336        2.15896081934092
O            0.57934426916016        1.72255799479282        2.59923552187964
C            0.87820566310495       -0.72924404384821       -0.11615530409175
O           -0.48601635659849       -0.46541957912873       -0.39212680228428
C           -1.45453818554394       -1.31368314088424        0.14793886217193
O           -2.00152172566963       -0.79299416172615        1.32715515967297
C           -2.61116983881546        0.48198125217511        1.13919536935323
C           -3.00462185617567        1.04977987751740        2.51581126725008
O           -2.32248920798269        2.23152005558905        2.82476236747990
C           -3.78911178402137        0.34149857606262        0.16635230343473
O           -4.49805426362974        1.53874789907858       -0.02435429014994
C           -3.25078189117821       -0.19013647872997       -1.17353232322727
O           -4.28787263311731       -0.39987760280427       -2.10155273152552
C           -2.53339472453113       -1.51925908503310       -0.92986613383454
O           -1.90031109470110       -1.99791582452221       -2.08825420074410
C            1.59011956709165       -0.80050108467353       -1.47187245317206
O            1.14752312339410       -1.89612386759525       -2.22879860487037
C            3.10525983885748       -0.92965585900192       -1.28244299716293
O            3.76277241021276       -0.78698327288254       -2.50951295722262
H            5.17454373137413        1.15905314341707        1.58707822758154
H            5.62126217491497        1.83791441320677       -0.00446586583493
H            6.64034885683812        0.58009591929328        0.74907235582194
H            3.52631079716542        1.14716945010528       -0.85463307027760
H            1.27778056311921        1.35138542890713        0.23147916947412
H            1.62147362842114       -0.05370853691259        2.82955712886363
H           -0.03897924112390       -0.13403180390847        2.18849103704803
H            1.38635001306821        2.24716109563150        2.64330460295380
H            0.99433896639918       -1.68749654244707        0.40530822308709
H           -1.02325080978913       -2.28416016999649        0.42729487079833
H           -1.87212156824958        1.16244464936313        0.68553774185007
H           -2.82681296021290        0.26745142012351        3.26425705828923
H           -4.06609666386583        1.30899181741956        2.51864626677711
H           -1.36873081733572        2.05780232482097        2.86733943893775
H           -4.51400206769931       -0.37882461244081        0.56540130143290
H           -3.87931743318765        2.27872203475048       -0.03561675433716
H           -2.52240532024427        0.52993267055690       -1.58391679051705
H           -4.95038290080067        0.28769579625802       -1.95340569091558
H           -3.26810985133560       -2.25172095934074       -0.56226518594822
H           -2.52903026123077       -1.89820444453992       -2.81441106356568
H            1.38263840979425        0.13974455418532       -2.01135092371137
H            0.17542594428261       -1.89568707389043       -2.23549101400632
H            3.33143612734717       -1.90409483486535       -0.82556149772563
H            3.36699997197521       -1.42679833943712       -3.11493789669355
48
 energy: -84.819203755573 gnorm: 0.001524337650 xtb: 6.7.1 (edcfbbe)
C            5.61825820253467        0.93916063836750        0.61748132649559
O            4.92755206236997       -0.11068097172867       -0.03038429753303
C            3.61536441420157        0.17189507124787       -0.33800702457060
O            2.87841558210561        0.21373148339067        0.87279048698377
C            1.48696191326791        0.39130728853710        0.73873447314129
C            0.89546679200947        0.41388628571492        2.16007469595090
O            0.59485463263079        1.71138949609276        2.61509810405845
C            0.87775427121431       -0.73060878329689       -0.11861167572077
O           -0.48652066028979       -0.46896301940264       -0.39676754920617
C           -1.45536596392820       -1.31384557622327        0.14776298160291
O           -2.00020023221381       -0.78929300611916        1.32590555488679
C           -2.61004888551595        0.48506411981669        1.13492604075372
C           -2.99724098216756        1.05961276707748        2.51074370731775
O           -2.31254687910633        2.24238222259900        2.80999904061913
C           -3.79097826957119        0.33995368887478        0.16658589056864
O           -4.50358280991585        1.53500610707036       -0.02511318192523
C           -3.25424916817350       -0.19330334033624       -1.17363323538686
O           -4.29277397033080       -0.40617700665978       -2.09910897240884
C           -2.53571486692845       -1.52158177233983       -0.92815592506839
O           -1.90415697444173       -2.00309871305947       -2.08600721268886
C            1.59066927200942       -0.79839861140658       -1.47415441947606
O            1.15012347336458       -1.89392002614064       -2.23219795724394
C            3.10605251763074       -0.92475506000461       -1.28370306415014
O            3.76451957411842       -0.77940550060774       -2.50978366576009
H            5.16882987134309        1.16612079541264        1.58776914193114
H            5.62221705310957        1.84244326709989       -0.00288579756449
H            6.63655083095047        0.58396674461067        0.75578568681787
H            3.52382978171615        1.15243002249271       -0.85315319841507
H            1.27041399657276        1.35019574447324        0.23620594651016
H            1.61270860436089       -0.08198639133540        2.82480326011704
H           -0.04874724854178       -0.13212069760611        2.18305884634251
H            1.41082422316645        2.22171486866709        2.67189514786359
H            0.99453191528403       -1.69014052064287        0.40051183510532
H           -1.02477401558751       -2.28406717347924        0.42959634681027
H           -1.87255336203698        1.16348901778000        0.67548016672904
H           -2.81621533034027        0.28096605369387        3.26224743674392
H           -4.05883780358475        1.31855367556757        2.51724006333697
H           -1.35996580961315        2.06488560444666        2.85880106262110
H           -4.51259366935424       -0.38176240569237        0.56901754670480
H           -3.88678685578237        2.27666455910822       -0.03493777549270
H           -2.52751699072651        0.52715867408047       -1.58620386344884
H           -4.95071179982933        0.28730728367821       -1.95629760489452
H           -3.27035583565799       -2.25268924697441       -0.55755133564119
H           -2.53685003697818       -1.91073686792990       -2.81008380803769
H            1.38161097060984        0.14219702782640       -2.01244059098705
H            0.17819864338142       -1.89500261369181       -2.23639587805089
H            3.33345545632451       -1.89934159384286       -0.82752184115833
H            3.37012236634230       -1.41960760920528       -3.11593191517942
48
 energy: -84.819223612540 gnorm: 0.001397803164 xtb: 6.7.1 (edcfbbe)
C            5.61501019056470        0.94504000787087        0.61987166189227
O            4.92589633139698       -0.10488429348550       -0.02854139157712
C            3.61347332698436        0.17620231441385       -0.33721223936710
O            2.87581597792341        0.21500035478392        0.87330704206671
C            1.48389696741060        0.38889081121387        0.74026302357332
C            0.89344517735129        0.40297103695462        2.16200465805384
O            0.60939673653990        1.69925242366903        2.63124865274717
C            0.87707580485542       -0.73160631781164       -0.12072333026365
O           -0.48719675868544       -0.47188529230330       -0.40128926390552
C           -1.45619657734653       -1.31415410076982        0.14676299549210
O           -1.99899918175174       -0.78598764204289        1.32428358590705
C           -2.60849748894062        0.48794303404450        1.13037679265047
C           -2.98925757417027        1.06902298571509        2.50543318686267
O           -2.30087920272919        2.25179789750720        2.79633624527224
C           -3.79254184199788        0.33929979563751        0.16671577834950
O           -4.50667082059069        1.53343009891668       -0.02632349278020
C           -3.25881282882002       -0.19704892827864       -1.17360577730134
O           -4.29960361258703       -0.41322293574385       -2.09589747157566
C           -2.53850648486734       -1.52414225047255       -0.92681844963014
O           -1.90882054916988       -2.00753119250627       -2.08481965273298
C            1.59123413387327       -0.79608491685032       -1.47566972292624
O            1.15246557759399       -1.89174095615261       -2.23501060403658
C            3.10673527752156       -0.91997673397740       -1.28478225793574
O            3.76554180091334       -0.77136636918249       -2.51046406828443
H            5.16306106033982        1.17397032936115        1.58867688838718
H            5.62165370251004        1.84782557042467       -0.00144939384432
H            6.63274380322912        0.58965313043256        0.76202498544075
H            3.52103116861561        1.15734877841953       -0.85094639295257
H            1.26371432592760        1.34924726625092        0.24215781317998
H            1.60406115217681       -0.10932155453578        2.82118434859112
H           -0.05746042914878       -0.13126247938993        2.17888616669819
H            1.43314164445533        2.19614116197537        2.69899045962520
H            0.99427144697079       -1.69236446978788        0.39620414112278
H           -1.02604268748560       -2.28398835689892        0.43079394853161
H           -1.87235142770261        1.16405708956626        0.66513125259287
H           -2.80665851866640        0.29339700599847        3.25960141180625
H           -4.05049142019038        1.32957465201820        2.51497500358030
H           -1.34910351563743        2.07093350996792        2.85014525570717
H           -4.51212543004102       -0.38214164282210        0.57312752183665
H           -3.89048144922444        2.27560984966783       -0.03658651832747
H           -2.53366128067383        0.52289815103017       -1.58975328005552
H           -4.95331196105043        0.28554584957747       -1.95777906434359
H           -3.27164326955866       -2.25504493984596       -0.55277714447208
H           -2.54611566282377       -1.92344808082979       -2.80637449717823
H            1.38110974988335        0.14455295345601       -2.01339000989318
H            0.18068858612878       -1.89454795924303       -2.23763193692778
H            3.33610851749497       -1.89476580922598       -0.83005337879966
H            3.37385551320180       -1.41309283671587       -3.11712048085289
48
 energy: -84.819240083946 gnorm: 0.001077225376 xtb: 6.7.1 (edcfbbe)
C            5.61189997429476        0.95098917140252        0.62192774542945
O            4.92455232085139       -0.09994331351913       -0.02657486396867
C            3.61184458403510        0.17934632035968       -0.33613569219793
O            2.87359115014627        0.21470485612282        0.87444315100583
C            1.48135516568800        0.38638446852370        0.74241318136167
C            0.89191350382720        0.39372987786198        2.16444474898673
O            0.62034757469945        1.68851836010619        2.64492271639469
C            0.87629511437482       -0.73248549949808       -0.12215429527326
O           -0.48792502521634       -0.47403482513800       -0.40464274212507
C           -1.45692802390671       -1.31471081043396        0.14550034539921
O           -1.99840626004813       -0.78386653671684        1.32275082735686
C           -2.60664895523791        0.49012533305161        1.12646187883793
C           -2.98228164010158        1.07655574447703        2.50071076932036
O           -2.28905725568842        2.25774890746415        2.78647204621211
C           -3.79327795653894        0.33982920323980        0.16649941170193
O           -4.50628861517371        1.53451203630957       -0.02834366198722
C           -3.26311886983461       -0.20057733096136       -1.17358257788663
O           -4.30666911411577       -0.41994871313317       -2.09227289161023
C           -2.54110409999323       -1.52655575651825       -0.92587065842833
O           -1.91317315909453       -2.01086462718176       -2.08446069264159
C            1.59160644363259       -0.79403207836313       -1.47638278596253
O            1.15415182874588       -1.88970312680963       -2.23714397857027
C            3.10714589813538       -0.91611044835782       -1.28541237250119
O            3.76575167841896       -0.76402779867229       -2.51106987027647
H            5.15819102901219        1.18085192488503        1.58973444650613
H            5.61920529137976        1.85318627795334       -0.00029793546980
H            6.62952998534734        0.59632376134402        0.76638434658659
H            3.51812426357161        1.16115967357757       -0.84809920517693
H            1.25882614985890        1.34822571948767        0.24836343183827
H            1.59781076645187       -0.13080951257387        2.81866437363588
H           -0.06374764802216       -0.13174391708518        2.17706492930208
H            1.44916420340898        2.17588040532070        2.71745277680685
H            0.99366410539301       -1.69425313985407        0.39295673492289
H           -1.02703694936843       -2.28418202234291        0.43108378899546
H           -1.87103503772160        1.16382872116565        0.65678331650273
H           -2.80080282480709        0.30256620485105        3.25672228805376
H           -4.04258959023162        1.34089311821154        2.51170971628843
H           -1.33790254526371        2.07348367081685        2.84352672073023
H           -4.51269045905962       -0.37960777105066        0.57661725817326
H           -3.88904008138090        2.27590463268761       -0.04050288026344
H           -2.53950789662755        0.51836076426099       -1.59412488996395
H           -4.95803215000569        0.28155447042951       -1.95664016031592
H           -3.27235000093031       -2.25785978619769       -0.54891922651326
H           -2.55420055282182       -1.93328359574214       -2.80377495096026
H            1.38074305030162        0.14667704109696       -2.01359962924331
H            0.18247937624172       -1.89388796829449       -2.23929492975510
H            3.33851615165262       -1.89127844739092       -0.83267856543212
H            3.37710310172387       -1.40757763917098       -3.11814849382257
48
 energy: -84.819259461464 gnorm: 0.000977330164 xtb: 6.7.1 (edcfbbe)
C            5.60774959433028        0.95899549096281        0.62434578882397
O            4.92287659179515       -0.09388057493707       -0.02413853774492
C            3.60967819868322        0.18265077522260       -0.33427872797201
O            2.87087733048212        0.21310996522869        0.87649259003053
C            1.47828761941396        0.38287372561877        0.74536364782943
C            0.89019618617207        0.38240030212759        2.16785915353520
O            0.63221136409758        1.67536532533085        2.66025409735406
C            0.87508847089239       -0.73398538037303       -0.12338432595880
O           -0.48903180193720       -0.47672242424323       -0.40798134289667
C           -1.45801135663528       -1.31579301099063        0.14415980053201
O           -1.99816776467057       -0.78196973259285        1.32116855038166
C           -2.60380578589995        0.49268835134381        1.12209479167121
C           -2.97402249611131        1.08519606843840        2.49519370449853
O           -2.27295323698234        2.26267562189051        2.77711856983459
C           -3.79319949130583        0.34185817415917        0.16583434515560
O           -4.50286862030500        1.53823619754985       -0.03172635300638
C           -3.26836151638856       -0.20490136643811       -1.17368267421714
O           -4.31585662970969       -0.42862784971365       -2.08719949259848
C           -2.54424517403275       -1.52951084731517       -0.92475598787708
O           -1.91833737170987       -2.01481490925023       -2.08411836206023
C            1.59184365874700       -0.79165403274554       -1.47676359414768
O            1.15611224186631       -1.88700079702343       -2.23964924161915
C            3.10746913121303       -0.91156878069196       -1.28599992863479
O            3.76573041258314       -0.75478990246476       -2.51158461026138
H            5.15245219007437        1.18877571815090        1.59138490058567
H            5.61397807667017        1.86053472007974        0.00124467484405
H            6.62574956212211        0.60617347240048        0.77023506411525
H            3.51372721534831        1.16538445566775       -0.84369030663406
H            1.25378019791804        1.34648146370257        0.25576778375823
H            1.59132486310825       -0.15507843409549        2.81654252605165
H           -0.07045404559435       -0.13387300883300        2.17633463051134
H            1.46579623377709        2.15380755588963        2.73323892691314
H            0.99259490673536       -1.69700580776807        0.38944471560537
H           -1.02844715469466       -2.28488060729558        0.43135796016855
H           -1.86802286362587        1.16293575671801        0.64774277158366
H           -2.79716014008070        0.31207654149531        3.25313194001102
H           -4.03251129950812        1.35681558666069        2.50617548125176
H           -1.32278215915940        2.07293192595578        2.83785340726646
H           -4.51377288351410       -0.37366149027328        0.58062912681637
H           -3.88322463914564        2.27749422914703       -0.04865023800926
H           -2.54683417389873        0.51236049684534       -1.60063812302975
H           -4.96627751177383        0.27385700378649       -1.95278959907690
H           -3.27342662868645       -2.26122931608659       -0.54472029746405
H           -2.56281202523679       -1.94354422634656       -2.80113492932339
H            1.37996711700974        0.14935256865405       -2.01292830314907
H            0.18452575694468       -1.89272798126746       -2.24225301977232
H            3.34121116160201       -1.88733799954139       -0.83605374771787
H            3.38135668902359       -1.40047701273840       -3.11936420595479
48
 energy: -84.819279772754 gnorm: 0.001240434441 xtb: 6.7.1 (edcfbbe)
C            5.60194180135908        0.96992691198629        0.62725513113615
O            4.92070253232514       -0.08549280890126       -0.02179056438056
C            3.60658655266342        0.18685934822808       -0.33164437213810
O            2.86751802716041        0.21001488572677        0.87933108281405
C            1.47431441989081        0.37684062592351        0.74933949061802
C            0.88808196758117        0.36767915565314        2.17231296959888
O            0.64659185003118        1.65821760207000        2.67926621442066
C            0.87366193109920       -0.73716707464714       -0.12499927070040
O           -0.49029977904332       -0.48109110630083       -0.41201321331396
C           -1.45965302514734       -1.31742023120853        0.14316909139835
O           -1.99805356092115       -0.77941943888042        1.31954468470563
C           -2.59970370645835        0.49651254099891        1.11676236214752
C           -2.96405224529504        1.09652673852744        2.48813149818194
O           -2.25131187359221        2.26763212061361        2.76740078480508
C           -3.79241992382003        0.34544162278782        0.16467171293690
O           -4.49716646631710        1.54413655999133       -0.03690595562284
C           -3.27434983981173       -0.21000039196742       -1.17386423090499
O           -4.32716348370736       -0.43978469925094       -2.08008366421154
C           -2.54828925122088       -1.53325558835408       -0.92280914669919
O           -1.92465740286955       -2.02045779156695       -2.08267561937942
C            1.59205131465075       -0.78915929463834       -1.47763270006195
O            1.15896997570950       -1.88360776799269       -2.24370021372533
C            3.10788924209341       -0.90578724188564       -1.28681750142287
O            3.76590967220695       -0.74245369948292       -2.51186973464668
H            5.14517117962710        1.19800910739250        1.59390980746995
H            5.60530403858514        1.87119806975414        0.00391621070106
H            6.62090741603538        0.62033562465128        0.77365617518705
H            3.50685509377611        1.17095093734758       -0.83746371876558
H            1.24735368113021        1.34254742936493        0.26518177651509
H            1.58416209589996       -0.18485951584171        2.81382389247969
H           -0.07818857551346       -0.13787031925862        2.17682040347337
H            1.48557733681082        2.12727940768416        2.74937290446218
H            0.99133770180215       -1.70190746672665        0.38456472963992
H           -1.03098102404633       -2.28621267197285        0.43256000080159
H           -1.86301963001022        1.16206712267751        0.63727707713294
H           -2.79579483148043        0.32364295387637        3.24824225264062
H           -4.01966624023919        1.37941561199259        2.49751196371979
H           -1.30298962902409        2.06913257909609        2.83353231170994
H           -4.51509610187241       -0.36448716810847        0.58540453974292
H           -3.87389110624523        2.28024159312725       -0.06223874319517
H           -2.55567123199614        0.50493519974919       -1.60960809792513
H           -4.97773832088626        0.26248390656053       -1.94624862379268
H           -3.27582635625542       -2.26480281033971       -0.53932147818969
H           -2.57223638235885       -1.95553839788062       -2.79751719764489
H            1.37824820776115        0.15269378990660       -2.01148900943091
H            0.18742004576938       -1.89135767278314       -2.24715046340988
H            3.34452701652217       -1.88243068667819       -0.84050505022669
H            3.38713488764456       -1.39016160101902       -3.12112749864789
48
 energy: -84.819296589626 gnorm: 0.001272200092 xtb: 6.7.1 (edcfbbe)
C            5.59592786970072        0.98087477994146        0.62967057749149
O            4.91878829840006       -0.07658253736963       -0.02090312429189
C            3.60340499586712        0.19098323985238       -0.32925720773713
O            2.86473472476693        0.20634747748803        0.88193167862703
C            1.47094088073829        0.37011432042683        0.75289597133240
C            0.88692171732081        0.35208703515163        2.17647617273191
O            0.65891755105669        1.63990657991166        2.69526623935915
C            0.87251279674165       -0.74131628534859       -0.12630698559671
O           -0.49125836925100       -0.48610308781679       -0.41554868067004
C           -1.46141365875688       -1.31879293983410        0.14340790603647
O           -1.99771187143842       -0.77598365319646        1.31869355552573
C           -2.59560564397817        0.50118487911519        1.11215849725964
C           -2.95546921118559        1.10774230141236        2.48176377422084
O           -2.23063171299004        2.27148213140580        2.76050500560816
C           -3.79093994246168        0.34990329216868        0.16333735344500
O           -4.49137988617831        1.55037883548300       -0.04231557064668
C           -3.27947447336538       -0.21441803421397       -1.17399443906875
O           -4.33716330003562       -0.44985288665796       -2.07326203826303
C           -2.55195338909738       -1.53647688020530       -0.92020395525723
O           -1.93037875106001       -2.02657837971655       -2.07997553901839
C            1.59233093717197       -0.78724109177828       -1.47854324517026
O            1.16219710650031       -1.88052592258398       -2.24782231198718
C            3.10856823589425       -0.90009356609810       -1.28816047005836
O            3.76648850648315       -0.73022315904726       -2.51237123213159
H            5.13842926724234        1.20534372846437        1.59676039245279
H            5.59506910894615        1.88295040142602        0.00759666945539
H            6.61638033580359        0.63534126959032        0.77510839970924
H            3.49902305136112        1.17643741402679       -0.83144682620548
H            1.24154296719888        1.33764967355082        0.27346635907905
H            1.57872832913967       -0.21258749403301        2.81189370448896
H           -0.08397208059364       -0.14433597409694        2.17800669727092
H            1.50160628678858        2.10212424950575        2.76216934954050
H            0.99032796910862       -1.70808143936011        0.37944568978368
H           -1.03400978286970       -2.28740051196743        0.43536497926729
H           -1.85793781309070        1.16236180841709        0.62832404105180
H           -2.79774408089874        0.33438689304547        3.24371041980705
H           -4.00784396190408        1.40265974617590        2.48793394284408
H           -1.28473016719208        2.06328833100984        2.83224372794250
H           -4.51552112418455       -0.35462473614701        0.58971897190164
H           -3.86469152157271        2.28305340138518       -0.07974699717370
H           -2.56338802922810        0.49802196426009       -1.61798481644084
H           -4.98825878220525        0.25181693365346       -1.93964487826224
H           -3.27892806214204       -2.26690179534709       -0.53359047100854
H           -2.58013259687165       -1.96693751381136       -2.79314668810828
H            1.37603102705341        0.15559671457945       -2.00960326376905
H            0.19069379658890       -1.89028309234552       -2.25195404003483
H            3.34800908387407       -1.87749206974687       -0.84513250919205
H            3.39296136880755       -1.37920835072360       -3.12345178613776
48
 energy: -84.819312387503 gnorm: 0.001054006833 xtb: 6.7.1 (edcfbbe)
C            5.58971729804991        0.99140784868542        0.63168972096200
O            4.91696502565303       -0.06726521867431       -0.02157853265650
C            3.60006720746238        0.19520807014687       -0.32766298414689
O            2.86229499802697        0.20264985589173        0.88379447710953
C            1.46775820625609        0.36244439152258        0.75636105984691
C            0.88607898153011        0.33723353685840        2.18049040764536
O            0.67158200034031        1.62277075243373        2.71162635254064
C            0.87173617402201       -0.74630172998838       -0.12777685084962
O           -0.49190755253564       -0.49189353742020       -0.41859542537708
C           -1.46314883559806       -1.32022602136679        0.14492587989964
O           -1.99734229583595       -0.77198461984728        1.31853368093341
C           -2.59187271011851        0.50619748473918        1.10789120685363
C           -2.94871515491108        1.11906140669971        2.47546533127512
O           -2.21159803989383        2.27480973663412        2.75502399625455
C           -3.78931136905288        0.35385006755302        0.16175815375280
O           -4.48656498305843        1.55529101690056       -0.04823450957359
C           -3.28249481209492       -0.21818251107508       -1.17401420337020
O           -4.34374459847884       -0.45781638147792       -2.06788121337439
C           -2.55515366007073       -1.53982658681635       -0.91676501705211
O           -1.93504829553550       -2.03359780614534       -2.07573799647853
C            1.59234754824848       -0.78577851253788       -1.47999294578553
O            1.16502933235535       -1.87730820838730       -2.25300007352088
C            3.10896859947807       -0.89475151556204       -1.28981288232266
O            3.76650578900496       -0.71910073251602       -2.51317955371324
H            5.13200555255364        1.21070338413926        1.59987515007114
H            5.58397775150817        1.89534748332877        0.01234328107368
H            6.61195770958102        0.65030487452131        0.77514685409024
H            3.49060808552302        1.18195769183687       -0.82639262077308
H            1.23532187979787        1.33148818375161        0.28144341921292
H            1.57478096956429       -0.23960336771601        2.80911959408557
H           -0.08929945007664       -0.15059813851534        2.17981231164323
H            1.51822617057341        2.07901683211460        2.77300683446146
H            0.98994029550701       -1.71503789988556        0.37404965432168
H           -1.03735494514546       -2.28864683745276        0.44000745509442
H           -1.85311462844797        1.16342377980356        0.62048007023662
H           -2.80277894572999        0.34501582514005        3.23911502057280
H           -3.99761817521743        1.42629866277145        2.47728861778308
H           -1.26856427933741        2.05611892074506        2.83315977251485
H           -4.51532961136215       -0.34613167579697        0.59309883213534
H           -3.85704464089533        2.28497363940835       -0.09806782823767
H           -2.56788567937757        0.49156707016338       -1.62463387062899
H           -4.99590119359708        0.24259767257578       -1.93348923970697
H           -3.28249176458105       -2.26849740175816       -0.52746064385816
H           -2.58524007326666       -1.97578436380354       -2.78838883381289
H            1.37328187283462        0.15853444040062       -2.00738644846594
H            0.19352356393502       -1.88982686752632       -2.25604242903691
H            3.35116390048389       -1.87270288623741       -0.84947686280357
H            3.39568478193262       -1.36741380825726       -3.12645316882281
48
 energy: -84.819330577472 gnorm: 0.000973540246 xtb: 6.7.1 (edcfbbe)
C            5.58306064710117        1.00256617005100        0.63304479317318
O            4.91581489909629       -0.05654528202710       -0.02496580657545
C            3.59677881442342        0.19963236222990       -0.32708069413581
O            2.86112300909470        0.19770976425824        0.88506035310538
C            1.46583615993394        0.35337194252704        0.75978821841237
C            0.88737339519814        0.32000207242763        2.18478016192843
O            0.68123436465499        1.60192303729074        2.72538498474727
C            0.87155427425969       -0.75236540564924       -0.12914549419437
O           -0.49191586241764       -0.49814767235062       -0.42125848973531
C           -1.46482961585503       -1.32073083919397        0.14802967362412
O           -1.99640413005797       -0.76582125667122        1.31928040007538
C           -2.58837887534909        0.51298323210146        1.10424315282008
C           -2.94409568056941        1.13096108936150        2.46969187610857
O           -2.19381104952230        2.27694903719507        2.75336198089193
C           -3.78721932942466        0.35883273808475        0.15993753745104
O           -4.48236864358396        1.56039366599026       -0.05488694764499
C           -3.28428023143169       -0.22106692425169       -1.17379658692010
O           -4.34838442034165       -0.46414416913645       -2.06313394990218
C           -2.55813413770530       -1.54261405052941       -0.91189114700412
O           -1.93958335871573       -2.04172405853239       -2.06932195527750
C            1.59250773197147       -0.78492093890666       -1.48171029701247
O            1.16818680325429       -1.87475250730668       -2.25820068475210
C            3.10974541484572       -0.88926618486218       -1.29264658379725
O            3.76637224697998       -0.70733616136809       -2.51524700616773
H            5.12634307544320        1.21296149673841        1.60373717266589
H            5.56981059716994        1.91032210730641        0.01928841311437
H            6.60797311397718        0.66751302290604        0.77192227137068
H            3.48071021311196        1.18785110909357       -0.82174166453105
H            1.22997367519794        1.32391164291465        0.28950920203358
H            1.57437814485221       -0.26408157473056        2.80733743571148
H           -0.09008528708473       -0.16229170787980        2.18379851552040
H            1.52929272599622        2.05535560317430        2.78279566157424
H            0.98995915809099       -1.72347761217152        0.36803028721474
H           -1.04116107438021       -2.28894063500443        0.44713521272872
H           -1.84871408638851        1.16702747837063        0.61426225210408
H           -2.81276340191571        0.35522137764401        3.23433710268215
H           -3.98887980968152        1.45188568610549        2.46496713220276
H           -1.25441766124807        2.04648805189813        2.83763574291436
H           -4.51437826609619       -0.33685057540120        0.59607929236652
H           -3.85024297568861        2.28658698169099       -0.12411606956229
H           -2.57024941814509        0.48554776253338       -1.63015023668151
H           -5.00112057482993        0.23566890849443       -1.92856995225296
H           -3.28676198595144       -2.26839499906275       -0.51950118576804
H           -2.59010604349855       -1.98620793482027       -2.78166001272218
H            1.36991674376437        0.16072912056632       -2.00528194767829
H            0.19680663060943       -1.89025397366715       -2.25976595930873
H            3.35523334274646       -1.86769911754532       -0.85507292684784
H            3.39829873811240       -1.35476587988366       -3.13081022806731
48
 energy: -84.819352072987 gnorm: 0.001300458384 xtb: 6.7.1 (edcfbbe)
C            5.57390615778459        1.01678189289493        0.63465844471410
O            4.91384879317052       -0.04215930705105       -0.03045470776600
C            3.59212518888220        0.20602309458283       -0.32756182565978
O            2.85937611209556        0.19289094020356        0.88570284322989
C            1.46305507964317        0.34269322951550        0.76398581029566
C            0.88930772240690        0.29724311064027        2.19047326511584
O            0.69895147053557        1.57580108766308        2.74660422870186
C            0.87107728933152       -0.75976823846845       -0.13053143079782
O           -0.49233861609579       -0.50644110802458       -0.42373797372572
C           -1.46687881957575       -1.32176559041398        0.15346713737543
O           -1.99538016700735       -0.75752390194788        1.32118567367131
C           -2.58461550277088        0.52160258529733        1.09943648719708
C           -2.93910976609240        1.14758040569731        2.46166362550322
O           -2.17085498619264        2.28065171365348        2.74963548131015
C           -3.78459439748627        0.36368963633689        0.15693778365329
O           -4.47908319015098        1.56420045869987       -0.06445514748854
C           -3.28460457084454       -0.22552825107382       -1.17370637679917
O           -4.35010511489925       -0.47051176026693       -2.06055462313764
C           -2.56122193426879       -1.54729644219113       -0.90478493369040
O           -1.94431216643125       -2.05420365976943       -2.05964672456106
C            1.59196365058288       -0.78294178718394       -1.48361699184202
O            1.17097393668504       -1.86988894316883       -2.26540700434365
C            3.10991820307121       -0.88188717025994       -1.29678165059909
O            3.76466258412826       -0.69355544174254       -2.51906597017138
H            5.11860404325534        1.21475416315408        1.60879312985425
H            5.55095890923588        1.93007917867198        0.02917395452223
H            6.60224096881469        0.68949615876017        0.76735870412995
H            3.46781682492905        1.19579150635487       -0.81744637718486
H            1.22195288343848        1.31526139483095        0.30018046368611
H            1.57306270379991       -0.30216639946062        2.80418165011969
H           -0.09411142155936       -0.17463068068907        2.18641303395573
H            1.55119087659827        2.02285866800489        2.79842957611432
H            0.99041604123850       -1.73397055829859        0.36049958696327
H           -1.04550161654325       -2.28920172252383        0.45862902486879
H           -1.84403169607089        1.17157373553675        0.60546992196982
H           -2.82784826368661        0.37037385902095        3.22831694416081
H           -3.97819762905762        1.48705606749436        2.44778017471787
H           -1.23652065754089        2.03362469184090        2.84377805330596
H           -4.51215599192500       -0.32786369769072        0.59871723872077
H           -3.84539717094626        2.28684268969489       -0.15599292686865
H           -2.56917631446814        0.47667526153343       -1.63463089674012
H           -5.00378598561227        0.22822894602265       -1.92492521463548
H           -3.29187691957850       -2.26888526187105       -0.50839410747962
H           -2.59360458189706       -1.99756925562775       -2.77276260142854
H            1.36505978080013        0.16477903494752       -2.00172721088591
H            0.19973614684600       -1.89099248624794       -2.26211484734141
H            3.35965966829631       -1.86058494199980       -0.86200484354873
H            3.39544044513487       -1.33722090507936       -3.13768485116014
48
 energy: -84.819370133941 gnorm: 0.001209618528 xtb: 6.7.1 (edcfbbe)
C            5.56780709792321        1.02622637463389        0.63486176962451
O            4.91320626684402       -0.03176898319818       -0.03681421997445
C            3.58933101902788        0.21029957757391       -0.32948243757514
O            2.85966835660747        0.18878879904220        0.88531376337341
C            1.46256257960579        0.33455448740793        0.76767242830645
C            0.89274234717567        0.28137264946912        2.19525682210124
O            0.70854966572421        1.55626451522384        2.76144384545857
C            0.87137110388167       -0.76452362092709       -0.13151911432960
O           -0.49208246798293       -0.51107616908596       -0.42445317797394
C           -1.46777845401956       -1.32126585493561        0.15810954538639
O           -1.99461464752305       -0.75023159129252        1.32295051317763
C           -2.58292823785812        0.52853830404929        1.09628530531102
C           -2.93809326712301        1.15874073030314        2.45628237944384
O           -2.15787751074050        2.28180278588981        2.75017935167481
C           -3.78316871178397        0.36693283017605        0.15446274111455
O           -4.47815876039592        1.56608448370888       -0.07197755343966
C           -3.28286678404123       -0.22770929529300       -1.17351667850061
O           -4.34778058952242       -0.47275609942857       -2.06095425619082
C           -2.56287072549132       -1.55011998097220       -0.89874804039731
O           -1.94712797902859       -2.06372794583686       -2.05119418150968
C            1.59112405550530       -0.78180871820197       -1.48531507872734
O            1.17177278319521       -1.86721139122047       -2.27010336646777
C            3.10961520320302       -0.87692252481317       -1.30073192413250
O            3.76181565727009       -0.68419181340554       -2.52356498899270
H            5.11468704047715        1.21256588227526        1.61237718189697
H            5.53584663810401        1.94465022321755        0.03746014498027
H            6.59907697021218        0.70556233370885        0.76104438130737
H            3.45853915954217        1.20118987171824       -0.81553861555540
H            1.21733934322260        1.30865177328664        0.30934218012505
H            1.57662267104509       -0.32418003090577        2.80207880205844
H           -0.09179355521905       -0.18703649003746        2.19160773149038
H            1.56234313462748        2.00076431436482        2.81158702446118
H            0.99121786520987       -1.74072534305099        0.35534978962610
H           -1.04794665159707       -2.28786883158836        0.46808990414377
H           -1.84198331144022        1.17673819449019        0.60063176089084
H           -2.84194132308566        0.38016263407628        3.22340701094114
H           -3.97263209311874        1.51115028275532        2.43501477704483
H           -1.22744885909861        2.02377303835078        2.84940320173594
H           -4.51083691540420       -0.32237721674527        0.59948707658347
H           -3.84410066834978        2.28592068532952       -0.18227026849095
H           -2.56487339693570        0.47110431887356       -1.63587250256651
H           -5.00129542862784        0.22636008386849       -1.92592148455697
H           -3.29499034185818       -2.26829001742867       -0.49877755173657
H           -2.59594319094543       -2.00760605221836       -2.76483804218522
H            1.36108619553120        0.16702517083069       -2.00004699575348
H            0.20074225726497       -1.89247909735925       -2.26262255461598
H            3.36292046419583       -1.85578233925776       -0.86826071731160
H            3.39114399579811       -1.32556893741886       -3.14369268127268
48
 energy: -84.819389031544 gnorm: 0.000919322425 xtb: 6.7.1 (edcfbbe)
C            5.56137744709429        1.03574515642703        0.63402450070864
O            4.91243492831533       -0.02073828508493       -0.04527149628853
C            3.58640639884422        0.21517982014226       -0.33282887904327
O            2.86076034250275        0.18504860511826        0.88428499876622
C            1.46296342219198        0.32727794203548        0.77197337742861
C            0.89810554127339        0.26355218437621        2.20104841820187
O            0.71969035775388        1.53414073603228        2.77767950082028
C            0.87164669097139       -0.76826130174584       -0.13156381958938
O           -0.49198171491792       -0.51449572627066       -0.42327326102885
C           -1.46826864688938       -1.32022188014878        0.16420061078590
O           -1.99443041834115       -0.74208815086665        1.32571593752099
C           -2.58222626560662        0.53583782394943        1.09300869769916
C           -2.93891709556713        1.17128417506982        2.45006098715951
O           -2.14428419706952        2.28241615741069        2.75061420309650
C           -3.78181449579346        0.36970124891045        0.15083267229822
O           -4.47794048152152        1.56693980241568       -0.08189617035035
C           -3.27922673156492       -0.23042838994129       -1.17361387732627
O           -4.34169057152927       -0.47438730931415       -2.06436094219736
C           -2.56371444565337       -1.55358807050127       -0.89141294655787
O           -1.94913877726839       -2.07526839475707       -2.04077461293615
C            1.58929436669983       -0.77938743608418       -1.48636890735588
O            1.17077174173284       -1.86331199580696       -2.27388111697940
C            3.10836670555854       -0.87124790354102       -1.30568015836321
O            3.75652931952947       -0.67426602010314       -2.53006855833623
H            5.11159842081361        1.20816046160025        1.61562615612752
H            5.51866600621249        1.96008242795213        0.04650366572999
H            6.59590936028471        0.72263929107964        0.75189689532913
H            3.44872383124351        1.20726934869876       -0.81449761388975
H            1.21321286347457        1.30337134496302        0.32044320643828
H            1.58181626153908       -0.34896567892260        2.80068103576660
H           -0.08824283641260       -0.20112529096285        2.19675748311008
H            1.57496532115858        1.97521848658224        2.82952253825559
H            0.99224495150098       -1.74670422565484        0.35073571862862
H           -1.04941445947511       -2.28543524253719        0.47968249295680
H           -1.84085664975709        1.18220798516623        0.59562442373402
H           -2.86104579108478        0.39133937054621        3.21785209355019
H           -3.96782499930476        1.53936871845736        2.41963614604719
H           -1.21830781628064        2.01067866351755        2.85623599643343
H           -4.50956783725765       -0.31768728858091        0.59846009763160
H           -3.84422803215875        2.28403026072182       -0.20944865877162
H           -2.55706545256078        0.46455286695008       -1.63552365547990
H           -4.99487068933159        0.22549070704197       -1.93088907471223
H           -3.29737308607478       -2.26773611220574       -0.48711965416184
H           -2.59728594543639       -2.01979777191860       -2.75519846801502
H            1.35596497528498        0.17040173316247       -1.99787983847149
H            0.20006093025392       -1.89361876338698       -2.26079482540085
H            3.36570951297756       -1.85035228428770       -0.87608115629488
H            3.38249573964876       -1.31282579570148       -3.15119116267372
48
 energy: -84.819402269318 gnorm: 0.000687687643 xtb: 6.7.1 (edcfbbe)
C            5.55649737003351        1.04336214405484        0.63233281264210
O            4.91170795304894       -0.01183292467003       -0.05294280803305
C            3.58391603373694        0.21927093424642       -0.33589094528941
O            2.86182514941785        0.18207138903671        0.88350557111712
C            1.46348305692510        0.32202618758232        0.77616657497394
C            0.90287401929226        0.24870917173356        2.20653568876813
O            0.72967974928025        1.51519451018041        2.79408922709924
C            0.87158493024383       -0.77012793146836       -0.13121898949839
O           -0.49230380682087       -0.51579944124708       -0.42106246484758
C           -1.46848684065605       -1.31891229615522        0.16971102868135
O           -1.99510104145065       -0.73520149234670        1.32842130017814
C           -2.58243017511673        0.54185878854401        1.09005830158871
C           -2.94013560059748        1.18178153338003        2.44450403924487
O           -2.13327843025948        2.28217484636281        2.75142512647768
C           -3.78092716032060        0.37194575817011        0.14690589935148
O           -4.47720135254613        1.56798255383238       -0.09160222977292
C           -3.27588937759301       -0.23336944547706       -1.17419320323421
O           -4.33554117336246       -0.47690019284297       -2.06862044037439
C           -2.56379047921600       -1.55670773661630       -0.88510986149294
O           -1.94999753006188       -2.08566719177744       -2.03152547032504
C            1.58697731042079       -0.77675187416468       -1.48697523234192
O            1.16858971459252       -1.85976584505103       -2.27623527761787
C            3.10658395345756       -0.86587660697989       -1.31038290132698
O            3.75085201900149       -0.66513919023734       -2.53645156280974
H            5.11025545235132        1.20385417335904        1.61751677391253
H            5.50409719786650        1.97246341569225        0.05326667138364
H            6.59381221691698        0.73676984014247        0.74242345665609
H            3.44050883404451        1.21238483601638       -0.81367364997820
H            1.21021058240898        1.30012708678988        0.33117408539965
H            1.58671309356092       -0.37066729917862        2.79903696212696
H           -0.08476036564823       -0.21314917163483        2.20152195672604
H            1.58707215500246        1.95204986506546        2.84964086517394
H            0.99284183456223       -1.75036120546502        0.34737267453271
H           -1.04975743684678       -2.28262606109688        0.48983372996005
H           -1.84062508340023        1.18655024842035        0.59117146900413
H           -2.87854379607655        0.40091604095923        3.21273438785630
H           -3.96369673023544        1.56361276986229        2.40605812449798
H           -1.21130541010122        1.99992090024660        2.86050272348006
H           -4.50922566487903       -0.31357032560288        0.59641257775391
H           -3.84345850053901        2.28285028457447       -0.23008971962337
H           -2.54997847570934        0.45829211910448       -1.63536748031545
H           -4.98799684435727        0.22430607108629       -1.93826711785078
H           -3.29863413741796       -2.26728266564796       -0.47683561893673
H           -2.59805027029825       -2.03274393149251       -2.74639116853628
H            1.35092423490194        0.17362637467784       -1.99609101856011
H            0.19819126434169       -1.89419356294408       -2.25835883416598
H            3.36735210655221       -1.84530214461489       -0.88372583445238
H            3.37456345155291       -1.30215730640624       -3.15782719920249
48
 energy: -84.819406198978 gnorm: 0.000293440296 xtb: 6.7.1 (edcfbbe)
C            5.55723665598155        1.04274527580973        0.63147172387841
O            4.91155427414550       -0.01233479291885       -0.05335451405544
C            3.58380336928486        0.21938467361957       -0.33578069953770
O            2.86210113109522        0.18183658908106        0.88389526965557
C            1.46376426801114        0.32241792294537        0.77694417300175
C            0.90311602873053        0.24830777892688        2.20718848046293
O            0.72972325966320        1.51430104409364        2.79520054051189
C            0.87143541666065       -0.76928764968139       -0.13068639966017
O           -0.49255798764416       -0.51476162909588       -0.41982409680401
C           -1.46844113756470       -1.31886519302137        0.17017471587095
O           -1.99597472207030       -0.73557911848861        1.32881852409331
C           -2.58279895196973        0.54153848182054        1.08984462220386
C           -2.94092064217186        1.18236960695120        2.44369924710110
O           -2.13295823244211        2.28178024192703        2.75062252456308
C           -3.78101228764179        0.37201831693428        0.14622976322478
O           -4.47585498687219        1.56867089379646       -0.09317861002715
C           -3.27567041089951       -0.23404427004849       -1.17442002109747
O           -4.33522063027503       -0.47873892907659       -2.06860126760767
C           -2.56346726561448       -1.55717566076613       -0.88470006694133
O           -1.94907708436402       -2.08618434720152       -2.03073189557392
C            1.58620450811008       -0.77564846040261       -1.48677355903230
O            1.16746426453635       -1.85863605745672       -2.27598037030356
C            3.10582305289410       -0.86514396747126       -1.31063819958073
O            3.74964182671095       -0.66342456551347       -2.53677285886906
H            5.11181422278607        1.20327709267850        1.61687775762688
H            5.50456580459487        1.97167092442500        0.05244295207504
H            6.59448410531974        0.73593872889014        0.74074103669563
H            3.44058453900969        1.21280828775328       -0.81290142228905
H            1.21083496531334        1.30078428647716        0.33249314620487
H            1.58682289053687       -0.37131903453853        2.79936012747900
H           -0.08465620002457       -0.21354374656655        2.20181075209376
H            1.58725499689707        1.95049991777639        2.85219464560261
H            0.99279052880985       -1.74961857901522        0.34767084732103
H           -1.04926904638781       -2.28236672359080        0.49022539980478
H           -1.84046793822793        1.18567011818287        0.59098483102435
H           -2.88092005682634        0.40198262115512        3.21228417242856
H           -3.96369549274175        1.56561613489817        2.40446351020903
H           -1.21112949606885        1.99840855781194        2.86025483089623
H           -4.51015374121192       -0.31274072007920        0.59555445203309
H           -3.84147911660568        2.28348045023538       -0.22846734427515
H           -2.55005439471694        0.45748135451846       -1.63618970919619
H           -4.98767668341783        0.22273418659837       -1.93964752010002
H           -3.29812885536004       -2.26792454786863       -0.47642351894297
H           -2.59724299086168       -2.03459665994106       -2.74566425013422
H            1.35004635421457        0.17482546898008       -1.99571408769853
H            0.19699100333915       -1.89282734993837       -2.25827272587181
H            3.36669397890781       -1.84492876420844       -0.88493853208084
H            3.37407490643107       -1.30086218939433       -3.15830337638274
