48
 energy: -84.802355341529 gnorm: 0.075857954095 xtb: 6.7.1 (edcfbbe)
C            5.22563520482805        2.72723555679304       -0.35098383340178
O            4.61354689381066        1.53308938481967       -0.80229170658612
C            3.24132076501142        1.52992948660153       -0.68867602268745
O            2.90681515847137        1.51276220985278        0.68575481323157
C            1.53807419742310        1.39500016697660        0.95886631480045
C            1.36007744890321        1.53981782660000        2.47879208977058
O            1.53282027298066        2.85238592298011        2.93430658546392
C            0.98609438341658        0.03887116554021        0.44897975346272
O           -0.38553294426744       -0.00661339483173        0.80951425516756
C           -0.93793369323842       -1.19498200499598        1.32146653199410
O           -2.20811346527808       -0.85734932493399        1.79594025133497
C           -3.09931717256171       -0.44513490359595        0.76775269655719
C           -4.40539330738406       -0.02073845720977        1.45396355385678
O           -5.32716439394643        0.52951020185863        0.54213263151434
C           -3.34327393793568       -1.57912257830616       -0.24471153019957
O           -4.12059290063186       -1.15739141674621       -1.33642092622118
C           -1.99740959826760       -2.07243695645836       -0.78959694846999
O           -2.14353069949432       -3.24546315508137       -1.55778386586107
C           -1.09535034807733       -2.41581933041624        0.39575204422627
O            0.14346692732430       -2.95151965081751       -0.00421948959360
C            1.19940204039181        0.07960660089189       -1.07582041209824
O            0.74367662582407       -1.03109277856779       -1.79878658179758
C            2.69615356413353        0.28407223512268       -1.39282176966128
O            2.85532375365800        0.43513077071609       -2.77532217056863
H            5.01593570074713        2.89677180288808        0.70760735546309
H            4.87414521173713        3.58572079261384       -0.93449075069035
H            6.29327501160354        2.59019474351641       -0.50373323852891
H            2.79609142713543        2.43198785344719       -1.16313133501073
H            0.97372180247000        2.19592913943614        0.44961905839073
H            2.13095068928821        0.94964852970159        2.97686333958223
H            0.36626052193765        1.15831639201532        2.74863630026222
H            0.91006734871527        3.42977953808876        2.47811920915595
H            1.53690098060186       -0.79300900595248        0.89987385803300
H           -0.36021281883111       -1.51331840912146        2.20605070044824
H           -2.66775791258666        0.41219429335390        0.22979351593205
H           -4.16749301605327        0.67913064708127        2.26190191317121
H           -4.89125910058468       -0.89672276403116        1.88857748735539
H           -4.99591854763308        1.38122242864505        0.23333192656731
H           -3.83569762249013       -2.41832319087888        0.27663635265136
H           -4.90574725344549       -0.70814283322075       -0.98533878904605
H           -1.54308318785107       -1.27724950597429       -1.39681580581351
H           -2.82111465427907       -3.06718730864765       -2.22018668988417
H           -1.62249821573830       -3.16430012840979        1.01009345414991
H           -0.06980239161597       -3.66449232054661       -0.62461858357947
H            0.64441897296154        0.93962885536115       -1.47737147587822
H            0.81250888022484       -1.82124153760198       -1.23231487435343
H            3.26900630091962       -0.58407166870132       -1.02855448728816
H            2.27850218079899       -0.22221527054357       -3.19285121027791
48
 energy: -84.807845161063 gnorm: 0.011107843758 xtb: 6.7.1 (edcfbbe)
C            5.22484709135774        2.72624885175910       -0.34896385082464
O            4.61212368305082        1.53179608633508       -0.79866998574239
C            3.23990325532755        1.52738917374324       -0.68334789103563
O            2.90700214626023        1.49876282643984        0.69292525446220
C            1.53897792031517        1.38084748745648        0.97348867865327
C            1.35874770053253        1.52944090909942        2.49048156842003
O            1.53424900282002        2.84407900603790        2.94017303490611
C            0.97098837648535        0.05163218346419        0.41317597754988
O           -0.40295691131092       -0.02135045799983        0.75822208497062
C           -0.93394196740127       -1.18783228141168        1.33936319685077
O           -2.21087325186082       -0.85136373506151        1.79635679490947
C           -3.10029355500844       -0.44438210874977        0.76579586564347
C           -4.40645048941453       -0.02013701655154        1.45205296151650
O           -5.32840097487339        0.52973556859378        0.54033909059194
C           -3.34298137721426       -1.58085071178235       -0.24260057695423
O           -4.11791325544628       -1.16051484034248       -1.33665214994273
C           -1.99378575410533       -2.07387607882230       -0.77840206606950
O           -2.13864276997720       -3.24656547744864       -1.54777247486724
C           -1.09316605747132       -2.41325775584078        0.41277160888789
O            0.14478362424867       -2.94658491655445        0.00556300382559
C            1.19794459090519        0.08649394114837       -1.10233348890160
O            0.74614491193301       -1.03163911393559       -1.81605700707075
C            2.69811762847785        0.28633344564052       -1.39911627992885
O            2.86449428608745        0.43842384794368       -2.78021664877362
H            5.01597887590843        2.89683059338718        0.70957057784766
H            4.87338838522862        3.58432644883547       -0.93322652565941
H            6.29236309339880        2.58895670775000       -0.50259844878396
H            2.79476434782211        2.43187725615978       -1.15355113268856
H            0.98146256778419        2.19121957023969        0.46951363457548
H            2.12851197417273        0.93932576951339        2.98933778330377
H            0.36268432023833        1.15269061343789        2.75752697739158
H            0.91453698774556        3.42205481611104        2.47994446188781
H            1.52003561952295       -0.78198368448526        0.86671183503555
H           -0.34946673145381       -1.48529582993675        2.22574948470354
H           -2.66909683261747        0.41234659358701        0.22667079062106
H           -4.16849386247984        0.67982733274558        2.25997142357015
H           -4.89183830450370       -0.89618017219426        1.88720520230897
H           -4.99720236633625        1.38147234712003        0.23164381095084
H           -3.83657497142881       -2.41893082287013        0.27923060043532
H           -4.90344569515281       -0.71002096856201       -0.98761299473060
H           -1.54011929755422       -1.27931609512860       -1.38735028137969
H           -2.81389464583223       -3.06758667482282       -2.21287825449180
H           -1.61965046522264       -3.16384803650170        1.02449931306136
H           -0.07008686215675       -3.65883840887932       -0.61542868526211
H            0.64451066601083        0.94533067846917       -1.50656522763426
H            0.81004045436054       -1.81578188679574       -1.23950805137473
H            3.26603180672234       -0.58417886742455       -1.03238487605991
H            2.28663816522524       -0.21712746340241       -3.19956462374860
48
 energy: -84.808461922620 gnorm: 0.003898707642 xtb: 6.7.1 (edcfbbe)
C            5.22473433445775        2.72401615429428       -0.34549878077421
O            4.61257248551798        1.52935099113465       -0.79536375100716
C            3.24035839445572        1.52462379549376       -0.68199394875297
O            2.90543014706386        1.48394731611081        0.69333197260784
C            1.53500087935142        1.37606876290827        0.96813023728303
C            1.35366205249708        1.50816228670800        2.48662658150888
O            1.53368620135668        2.81998334536984        2.94243442308925
C            0.96417048029550        0.05012060214410        0.39933721984234
O           -0.41148255718299       -0.01328541705297        0.73983809771095
C           -0.93513626245236       -1.17229156885219        1.34219635754695
O           -2.21375451028464       -0.84056417570787        1.79648733690119
C           -3.10415808046808       -0.44019071469477        0.76532899769524
C           -4.41082473849266       -0.01751066006908        1.45097095389790
O           -5.33255629964314        0.52974796379662        0.53762829448743
C           -3.34187814939897       -1.58178261028678       -0.23749208614524
O           -4.11348833738028       -1.16695149450105       -1.33606593054032
C           -1.98947781044319       -2.07450245241414       -0.76487770570325
O           -2.12785161806008       -3.24988183984231       -1.53148703309540
C           -1.08936415829614       -2.41078524669066        0.42818942308081
O            0.15080216675719       -2.93716034180929        0.01781872062022
C            1.19592066821391        0.09644880775026       -1.11411887964584
O            0.74323066652573       -1.02211608939574       -1.82596499925248
C            2.69760221228745        0.28944193750414       -1.40708264604793
O            2.87614420427078        0.44617361631769       -2.78657471237663
H            5.01541055310226        2.89522758622790        0.71285023139565
H            4.87351509446562        3.58176769211280       -0.93048553318939
H            6.29229138820211        2.58681210448191       -0.49875275048303
H            2.79588346053573        2.43391225383718       -1.14334325162756
H            0.98619631701940        2.20125805433203        0.47420015482170
H            2.11976018824277        0.91458422924847        2.98753930066708
H            0.35554792486763        1.13510091989974        2.75225504119713
H            0.91950586870333        3.40408250867259        2.48221006768250
H            1.50635706804999       -0.79462490812321        0.84380638032648
H           -0.34684454064072       -1.45437975721793        2.22914605652585
H           -2.67566194366088        0.41507037919853        0.22217271637916
H           -4.17387919580708        0.68369439386613        2.25812784845036
H           -4.89476548206544       -0.89401916696481        1.88679249951330
H           -5.00170351348263        1.38124263680968        0.22790312496016
H           -3.83634785400946       -2.41834900510536        0.28588686588025
H           -4.89989144750639       -0.71476566629675       -0.99114546535434
H           -1.53429380078239       -1.28092359425679       -1.37381410014915
H           -2.80017890255319       -3.07308155684756       -2.20020527458973
H           -1.61281618592453       -3.16286098429736        1.04097614744362
H           -0.06246907085653       -3.65170262822340       -0.60110511402526
H            0.64942513242522        0.95703759796157       -1.52504469757161
H            0.80253978744693       -1.80472575820632       -1.24657054502974
H            3.25924049852601       -0.58474857866278       -1.03941635291635
H            2.29983136785643       -0.20667307082424       -3.21229799846338
48
 energy: -84.808759174194 gnorm: 0.004501978472 xtb: 6.7.1 (edcfbbe)
C            5.22580784395896        2.72086154219478       -0.34165730970205
O            4.61476217168982        1.52648753018857       -0.79355901313915
C            3.24287683641322        1.52087803505464       -0.68042601783251
O            2.90843448674978        1.46763299548203        0.69416921588985
C            1.53587508710826        1.36967360212299        0.96242116968491
C            1.34910265821039        1.48546926591531        2.48184011351762
O            1.53329102633376        2.79176170508824        2.95264873538000
C            0.95736121016184        0.05005024370264        0.38746389758992
O           -0.41959316510858        0.00426040101469        0.72832397200785
C           -0.93735523386135       -1.15114444739274        1.34114755202027
O           -2.21637291514119       -0.82571428340035        1.79727276817071
C           -3.10957962248104       -0.43536212030438        0.76520367855315
C           -4.41776676413111       -0.01428043069956        1.44847679525642
O           -5.33936449840406        0.52856417024176        0.53242318062115
C           -3.34088795979453       -1.58414573102053       -0.23079269365329
O           -4.10965136772388       -1.17819674658885       -1.33494947864926
C           -1.98601947803518       -2.07612135276544       -0.75197562320907
O           -2.11633708178603       -3.25621911216567       -1.51312363141110
C           -1.08345726792094       -2.40211894224702        0.44167281351030
O            0.16002621899156       -2.91978250177436        0.03042874920861
C            1.19220651039195        0.10371004617800       -1.12637728904354
O            0.73685002531177       -1.01282846883716       -1.84081933800697
C            2.69614294415730        0.29244434914178       -1.41449418787373
O            2.88440120890939        0.45670142149822       -2.79203584705127
H            5.01551872430106        2.89112019100011        0.71674526757084
H            4.87453158373333        3.57892637426038       -0.92620528644470
H            6.29352859895785        2.58428848493966       -0.49397883705609
H            2.79813240489351        2.43535116885136       -1.13119265601972
H            0.99450684983808        2.20424439502138        0.47570166312325
H            2.10988122055582        0.88366617767253        2.98120212773204
H            0.34838090583750        1.11422621978488        2.74152280803876
H            0.92719194035828        3.38438925776288        2.49233988787490
H            1.49073194712652       -0.80483241988968        0.82231504770494
H           -0.34509483120194       -1.41692043842681        2.22942629796568
H           -2.68615765831291        0.41848900810473        0.21599285117259
H           -4.18315153254731        0.68936749179330        2.25423058965691
H           -4.90007990539287       -0.89084455120403        1.88588576343875
H           -5.00955464359819        1.37990089647345        0.22112093600502
H           -3.83521204199426       -2.41858036023312        0.29609936087594
H           -4.89699905151547       -0.72388055683122       -0.99532384070684
H           -1.53095016597481       -1.28354564105373       -1.36207206501310
H           -2.78573344362151       -3.08423182050308       -2.18587966961459
H           -1.59950731380578       -3.15348251895248        1.06116923346285
H           -0.04983872262307       -3.64096311489022       -0.58197286485792
H            0.65174492151260        0.96675479374997       -1.54048207696089
H            0.79333403691515       -1.79519660600790       -1.26163861161567
H            3.25169153427895       -0.58648011712996       -1.04894113117695
H            2.31234685131412       -0.19434883451014       -3.22586351247495
48
 energy: -84.808899093954 gnorm: 0.003336569091 xtb: 6.7.1 (edcfbbe)
C            5.22768690265896        2.71686859120356       -0.33886375112541
O            4.61732601436623        1.52362448370627       -0.79456329570756
C            3.24592179629975        1.51771031903085       -0.67938428630493
O            2.91357130970555        1.45614951599982        0.69500701520189
C            1.54001724171245        1.36580342543120        0.95859238319397
C            1.34771758327630        1.46801806723150        2.47856630981966
O            1.53512038951210        2.76796666026393        2.96616736419215
C            0.95418640570074        0.05203453336884        0.38089725487989
O           -0.42358352527593        0.02021045781512        0.72267229950121
C           -0.93986738746171       -1.13306777811584        1.33897577649438
O           -2.21848421711214       -0.81032028052396        1.79745364233223
C           -3.11504796929645       -0.43121246749884        0.76393032813732
C           -4.42520953502363       -0.01184560696772        1.44450182066263
O           -5.34686960744243        0.52585103057726        0.52547806386124
C           -3.34104813010671       -1.58772779239869       -0.22490283794131
O           -4.10959325041197       -1.19132608927921       -1.33296712120346
C           -1.98458766616864       -2.07773367666217       -0.74346872083502
O           -2.10884972625218       -3.26308711421076       -1.49748651929615
C           -1.07820196440689       -2.39071373307848        0.45003272429836
O            0.16831757042482       -2.90121509580335        0.03947023635201
C            1.18942375902915        0.10930946641835       -1.13448723925346
O            0.73181762883897       -1.00449967572587       -1.85306835818330
C            2.69506209565920        0.29484317331172       -1.42015382324817
O            2.88712070301541        0.46712802043096       -2.79617219505564
H            5.01633125434955        2.88443891563969        0.71987718562460
H            4.87661430379766        3.57635310117705       -0.92146130274583
H            6.29561259196459        2.58106510825192       -0.49010787633388
H            2.80057312088704        2.43566701507286       -1.12239599259031
H            1.00411279096372        2.20440927718007        0.47496187015873
H            2.10320092535410        0.85602702513694        2.97389107790382
H            0.34418698436219        1.09834472656148        2.73006857289354
H            0.93619749358448        3.36838354867597        2.50655858908757
H            1.47930533889271       -0.80919717081408        0.81023288730128
H           -0.34562114511925       -1.38791079985586        2.22925855815173
H           -2.69692050689310        0.42144385777862        0.20855554523028
H           -4.19342337827222        0.69492595731867        2.24841555946062
H           -4.90614779314249       -0.88803273876012        1.88418635534022
H           -5.01894539264222        1.37738174179343        0.21267432506230
H           -3.83341330554823       -2.42025453676888        0.30682911130566
H           -4.89785293600394       -0.73578295224872       -0.99766673471940
H           -1.53300710523315       -1.28611586011471       -1.35752239314051
H           -2.77649441834357       -3.09727196730964       -2.17333245689359
H           -1.58610006036310       -3.14020521307460        1.07804051599287
H           -0.03755059775825       -3.63094309711408       -0.56425070529528
H            0.65152949479997        0.97415852421307       -1.54778946305191
H            0.78914529721556       -1.78772341149138       -1.27619831582660
H            3.24645379666756       -0.58840060539102       -1.05870699930937
H            2.32026190816884       -0.18353022932289       -3.23686149005847
48
 energy: -84.808972118707 gnorm: 0.001845536658 xtb: 6.7.1 (edcfbbe)
C            5.23060875708298        2.71267460159924       -0.33702073985791
O            4.61986505556314        1.52152894712532       -0.79773888376176
C            3.24883552681142        1.51619408729546       -0.67943109911110
O            2.91886004551384        1.45046116872033        0.69513349477184
C            1.54528315529335        1.36492931414850        0.95729007279239
C            1.34994555644976        1.45812596134137        2.47761197501887
O            1.54086278134782        2.75238563502348        2.97857664581580
C            0.95403637568147        0.05529325516301        0.37862768583227
O           -0.42409825528549        0.03117292656525        0.72081672040347
C           -0.94219893238301       -1.12105671333706        1.33676086777646
O           -2.22025532335135       -0.79738862872341        1.79599194902367
C           -3.11988978404275       -0.42835729990479        0.76110729252685
C           -4.43169957417870       -0.01028812601046        1.43960780304312
O           -5.35401798732309        0.52213777503443        0.51812967165818
C           -3.34232651003265       -1.59168037282566       -0.22099941136494
O           -4.11333827441851       -1.20417184263714       -1.33059709536824
C           -1.98497793563992       -2.07945482690536       -0.73936626131589
O           -2.10577612249682       -3.26964574658767       -1.48596856086730
C           -1.07538429867748       -2.38097701095167        0.45396515556960
O            0.17343207827044       -2.88679552316387        0.04488644476564
C            1.18807731290285        0.11357140816985       -1.13804815004518
O            0.72803547823623       -0.99779809677171       -1.85962110190217
C            2.69424936929810        0.29734742453022       -1.42418215607064
O            2.88554707875318        0.47635172462892       -2.79925245892906
H            5.01823608493293        2.87624262324639        0.72222354899964
H            4.88022997773423        3.57449463111232       -0.91658911977172
H            6.29865907530590        2.57720905255469       -0.48747931880444
H            2.80315580208734        2.43597598488592       -1.11817419547884
H            1.01281891438123        2.20538291458487        0.47522064782694
H            2.10111629012214        0.83678652838761        2.96801838325990
H            0.34404522984185        1.09074245840863        2.72255003394873
H            0.94632774612655        3.35866085509735        2.52133457664154
H            1.47342996099570       -0.80881549773503        0.80639348910227
H           -0.34855898385866       -1.37170355424831        2.22926417732157
H           -2.70600853925366        0.42301461307838        0.20031915601435
H           -4.20242840543695        0.69968528889201        2.24147839907951
H           -4.91122192492215       -0.88601036680490        1.88182732878155
H           -5.02862874411540        1.37405003108508        0.20371408510488
H           -3.83125808043463       -2.42277189576056        0.31607375381559
H           -4.90239110549616       -0.74850793182959       -0.99777415260154
H           -1.53818517766628       -1.28905877040325       -1.35884328076730
H           -2.77289420986259       -3.10995128378218       -2.16369005606037
H           -1.57753071029193       -3.12922149228801        1.08786167177929
H           -0.02863413672485       -3.62404670509801       -0.55090551636855
H            0.65042528631011        0.97969127038845       -1.54826015001719
H            0.78904262275234       -1.78237316382789       -1.28568769797566
H            3.24344094520320       -0.58912072495055       -1.06742993139355
H            2.32313159170143       -0.17491625482936       -3.24424219863179
48
 energy: -84.809038988495 gnorm: 0.002261260287 xtb: 6.7.1 (edcfbbe)
C            5.23645685273354        2.70604305121790       -0.33443139559519
O            4.62333402721450        1.51933124891740       -0.80378015448912
C            3.25262791499981        1.51616708866015       -0.68081110249806
O            2.92593339810778        1.44760919089394        0.69427912680283
C            1.55290242208368        1.36677573812825        0.95795943060841
C            1.35746607001774        1.45136516971386        2.47891184380395
O            1.55598434464840        2.73855823656199        2.99341914462170
C            0.95573045653230        0.06114221851560        0.37851616629001
O           -0.42263688526926        0.04187604557292        0.72044824311617
C           -0.94567547222820       -1.10966163912250        1.33390127346095
O           -2.22315316895239       -0.78162365970012        1.79162477269222
C           -3.12635838450897       -0.42559284962842        0.75483083309716
C           -4.43983373876779       -0.00873885328555        1.43140283523236
O           -5.36435199342489        0.51541688100261        0.50727297037007
C           -3.34557503310112       -1.59786389499241       -0.21751311173076
O           -4.12296141176345       -1.22327595968286       -1.32702795570469
C           -1.98753878527153       -2.08268212263712       -0.73736324949895
O           -2.10555638553526       -3.27953791547035       -1.47305532123396
C           -1.07440914468727       -2.37036738453786        0.45599559904450
O            0.17704716694325       -2.87186798093658        0.04964071603789
C            1.18722175920414        0.11970187998802       -1.13918245732857
O            0.72308831813239       -0.98889227145039       -1.86260127011878
C            2.69301670959632        0.30177421518770       -1.42894685478644
O            2.87982375724022        0.48900678028439       -2.80327493043792
H            5.02295588366031        2.86248065398790        0.72569010289744
H            4.88818896032685        3.57249205139481       -0.90841515003827
H            6.30446083360648        2.56985693279368       -0.48434737801402
H            2.80749882162562        2.43775273995309       -1.11625662916960
H            1.02351700757561        2.20969953555374        0.47836354211731
H            2.10328545835340        0.81816361015507        2.96230457173349
H            0.34859212041495        1.08907338171028        2.71800915770846
H            0.96438107162671        3.35182387135960        2.54235958316484
H            1.47034734127608       -0.80456082916187        0.80686011451689
H           -0.35534008664380       -1.36002063503887        2.22977688518579
H           -2.71739438235204        0.42346399709168        0.18668909652667
H           -4.21343745407220        0.70617390624669        2.22970244849737
H           -4.91664557841271       -0.88378551157545        1.87802593274095
H           -5.04352708515068        1.36786543073211        0.18965268735907
H           -3.82787051277270       -2.42729192666091        0.32809974071361
H           -4.91289932891598       -0.76823363609001       -0.99570974640489
H           -1.54752193691160       -1.29483059227522       -1.36536456592239
H           -2.77336129908705       -3.12863139654394       -2.15206189416893
H           -1.57159480316443       -3.11807763368042        1.09436198188937
H           -0.01993394028985       -3.61796586904371       -0.53637750364039
H            0.64880713750660        0.98734726851703       -1.54438447750944
H            0.79156038696969       -1.77555091730129       -1.29275722578619
H            3.24095844232154       -0.58816059474618       -1.07915842405707
H            2.32238523116794       -0.16374839794511       -3.25179450797452
48
 energy: -84.809075443439 gnorm: 0.001882997955 xtb: 6.7.1 (edcfbbe)
C            5.24016882549099        2.70240984268002       -0.33273617184067
O            4.62451777605858        1.51855831859156       -0.80622574246306
C            3.25380443490619        1.51740981198250       -0.68185820356776
O            2.92824064928342        1.44820665414962        0.69346869636288
C            1.55542658534481        1.36881480697582        0.95935488344861
C            1.36286549118350        1.45138073951352        2.48083730860198
O            1.56761400354158        2.73629861849399        2.99765628090663
C            0.95635903379212        0.06413189548705        0.37916784600777
O           -0.42212085988746        0.04459686092815        0.72037383023251
C           -0.94747612038323       -1.10678713787217        1.33293474370285
O           -2.22505425672491       -0.77642656948174        1.78857605004172
C           -3.12898759778027       -0.42512308523947        0.75083637068226
C           -4.44271369973772       -0.00814307311001        1.42703514454425
O           -5.36907967358953        0.51154476686472        0.50219538334361
C           -3.34756208208002       -1.60102204890423       -0.21699388204594
O           -4.12867863889212       -1.23256745666901       -1.32577140689435
C           -1.98939497844263       -2.08489084429673       -0.73772003231856
O           -2.10678259897419       -3.28450883510296       -1.46881999293567
C           -1.07534938148305       -2.36819700581905        0.45594285596523
O            0.17701714224896       -2.86864084232393        0.05081837983978
C            1.18670235601873        0.12320142603811       -1.13843851716725
O            0.72027697998014       -0.98464048912329       -1.86118833995735
C            2.69192914198633        0.30466098670710       -1.43083873161859
O            2.87601664564030        0.49466710914129       -2.80516822478472
H            5.02679691007615        2.85538061094170        0.72784432978387
H            4.89369980946316        3.57157883193943       -0.90371027233149
H            6.30790434186206        2.56462272823451       -0.48307981637136
H            2.80986177040122        2.44004075868783       -1.11645710631193
H            1.02656013649310        2.21351703497584        0.48186988983715
H            2.10667994961640        0.81402953733475        2.96165546297720
H            0.35286022312023        1.09268606781286        2.72032698855666
H            0.97579028632099        3.35263624592166        2.55110839926294
H            1.47083305826472       -0.80189001589518        0.80775735015884
H           -0.35912504933339       -1.35815880955012        2.23013982399870
H           -2.72147983010018        0.42248227288107        0.17952685154996
H           -4.21697219421285        0.70947233386051        2.22302641866395
H           -4.91768046803831       -0.88275395154071        1.87652934843379
H           -5.05064804113282        1.36391455514546        0.18200418678574
H           -3.82634069402542       -2.42975127720327        0.33282472830101
H           -4.91879951377861       -0.77785124196020       -0.99424797130543
H           -1.55141270208400       -1.29869489795363       -1.36908976763250
H           -2.77588600482100       -3.13743148270817       -2.14738678375816
H           -1.57191054961743       -3.11623957751073        1.09454299567504
H           -0.01819475400685       -3.61722962865526       -0.53221545614760
H            0.64829558064015        0.99151305641866       -1.54228164136503
H            0.79197295900153       -1.77203769175771       -1.29266941649204
H            3.24005479991818       -0.58626895187248       -1.08397301693833
H            2.31939588096781       -0.15850230404586       -3.25400055932710
48
 energy: -84.809140534928 gnorm: 0.001252286171 xtb: 6.7.1 (edcfbbe)
C            5.24959746694636        2.69311958144728       -0.32710662439343
O            4.62658958646710        1.51662355210366       -0.80982095423287
C            3.25567744908136        1.52144400095233       -0.68408325302894
O            2.93162261074631        1.45115333181320        0.69145626650343
C            1.55912823127509        1.37415720021218        0.96276898307473
C            1.37549492351531        1.45426790112216        2.48557164958205
O            1.59810896909333        2.73527860133088        3.00365550352346
C            0.95696761485034        0.07086237473340        0.38085994655720
O           -0.42179788937173        0.04913274720207        0.71994329066180
C           -0.95144823807968       -1.10211254007846        1.33071910708525
O           -2.22956995771303       -0.76762281033132        1.78122963082293
C           -3.13413238174283       -0.42517664948321        0.74130584985114
C           -4.44774980132754       -0.00664632671769        1.41715335446910
O           -5.37933522245540        0.50168188065319        0.49116698172293
C           -3.35236248245345       -1.60881874837395       -0.21644701118315
O           -4.14212620442704       -1.25426568459010       -1.32326191672108
C           -1.99414051607643       -2.09077485353517       -0.73925418612652
O           -2.11064908005260       -3.29597209347242       -1.46126684107786
C           -1.07798438603713       -2.36589020984590        0.45497886838307
O            0.17587641551799       -2.86453737340834        0.05179357630948
C            1.18506427660032        0.13186802749102       -1.13631876745756
O            0.71349474490207       -0.97470366990246       -1.85686227748902
C            2.68893427091556        0.31214922611158       -1.43474186959460
O            2.86694435450420        0.50721712331143       -2.80942489503102
H            5.03751806506999        2.83849932200915        0.73463444771166
H            4.90829725750894        3.56904040461690       -0.89091120079920
H            6.31640401124063        2.54994542876480       -0.47924370975453
H            2.81573871192948        2.44685069402447       -1.11713948966514
H            1.03040247354091        2.22248956330514        0.49048014543907
H            2.11494820420583        0.80843971177548        2.96154347664671
H            0.36289035976562        1.10544398701333        2.72924375572289
H            1.00537609052699        3.35905327822113        2.56831833535633
H            1.47287198075185       -0.79568213500653        0.80885514571312
H           -0.36709336130430       -1.35543173324574        2.23014350660279
H           -2.72883271587990        0.41872812180919        0.16311792635260
H           -4.22242442812604        0.71818784592697        2.20657655863497
H           -4.91779885814274       -0.87966712148831        1.87502042816520
H           -5.06638137833576        1.35313064903871        0.16319508492308
H           -3.82314598904399       -2.43586079598544        0.34306574734822
H           -4.93224098859015       -0.79993355953504       -0.99059926306815
H           -1.55968360258024       -1.30833563030834       -1.37720180903090
H           -2.78471529125209       -3.15721782639585       -2.13673297425659
H           -1.57363949771703       -3.11451956066980        1.09405544951053
H           -0.01662497466531       -3.61724817538262       -0.52621098123117
H            0.64712103374110        1.00150441879878       -1.53837453888546
H            0.79066823610433       -1.76343418890857       -1.29062747224395
H            3.23808184385909       -0.58042652961045       -1.09389912850786
H            2.31005314495352       -0.14599210328514       -3.25784035891882
48
 energy: -84.809177855812 gnorm: 0.001172602234 xtb: 6.7.1 (edcfbbe)
C            5.25684064779435        2.68459068252071       -0.32153704727765
O            4.62779239596176        1.51386198858563       -0.81056476323474
C            3.25676052012094        1.52399622815196       -0.68471342309999
O            2.93332283270155        1.45152124293506        0.69066415237216
C            1.56080429017395        1.37706632163873        0.96420162844114
C            1.38280668133857        1.45414270274042        2.48790703604603
O            1.62021115759764        2.73186442753772        3.00828271764370
C            0.95578784987750        0.07568286143275        0.38082016065005
O           -0.42334997090363        0.05481027105152        0.71845563484182
C           -0.95413622255327       -1.09620906007156        1.32883001333062
O           -2.23284521809555       -0.76137307631119        1.77683459359164
C           -3.13790914535980       -0.42542171093219        0.73516539786428
C           -4.45154188905911       -0.00480434601348        1.40988644062270
O           -5.38675044325185        0.49346769854236        0.48204617534294
C           -3.35515349749332       -1.61535740062333       -0.21495774204201
O           -4.14980258624676       -1.27145275267117       -1.32155643028768
C           -1.99659384419966       -2.09550893861378       -0.73827624396191
O           -2.11110631597023       -3.30456149894332       -1.45453798668739
C           -1.07792758816683       -2.36318319772960        0.45594632018245
O            0.17705541916666       -2.85906174942266        0.05293363418148
C            1.18242634802259        0.13926581822440       -1.13655864746578
O            0.70726437308655       -0.96582114126890       -1.85704930905657
C            2.68581253063996        0.31820681625944       -1.43799092071019
O            2.86071528307512        0.51749412056368       -2.81272331760194
H            5.04640653479774        2.82486035021450        0.74118075068778
H            4.91957737569057        3.56548226104953       -0.87995990536995
H            6.32278029070183        2.53675101217722       -0.47548901563325
H            2.82041424516805        2.45222462802140       -1.11540184321732
H            1.03280042769682        2.22781059346776        0.49557248316327
H            2.11803927181372        0.80058624802403        2.96027219796313
H            0.36782262424050        1.11385454395573        2.73449421310596
H            1.02973743669783        3.36261766147538        2.57968641715228
H            1.47116328571826       -0.79264253089344        0.80624987148763
H           -0.37123122364267       -1.34775116260442        2.22952967619362
H           -2.73390414538436        0.41548255427644        0.15172314530051
H           -4.22661279453295        0.72686365291440        2.19313490346999
H           -4.91786042963522       -0.87570878545127        1.87561817708635
H           -5.07738780779709        1.34338343096209        0.14671350030255
H           -3.82089512117636       -2.44066363450330        0.35146133737376
H           -4.94009355030663       -0.81704280713002       -0.98921078708199
H           -1.56490609968555       -1.31508500497522       -1.38043008411138
H           -2.79004272331869       -3.17218477847095       -2.12650802260292
H           -1.57074664566612       -3.11144789655168        1.09786689526269
H           -0.01388209318740       -3.61486207222072       -0.52170062723457
H            0.64526588110245        1.01014385702187       -1.53714128016697
H            0.78596385894082       -1.75550062948682       -1.29243239194229
H            3.23472042053668       -0.57622182834736       -1.10159771507048
H            2.30238245501299       -0.13416731536106       -3.26165647602298
48
 energy: -84.809211829048 gnorm: 0.000901070553 xtb: 6.7.1 (edcfbbe)
C            5.26375265922068        2.67472577123642       -0.31590045511768
O            4.62828796900637        1.50979152824248       -0.81022519769158
C            3.25719830802838        1.52602673902786       -0.68464073841534
O            2.93387233933934        1.45164895338848        0.69043362410294
C            1.56141549411356        1.37942785571891        0.96529880480633
C            1.38762191940668        1.45404296427135        2.48952183687378
O            1.63937726016380        2.72836306807088        3.01205819479089
C            0.95378543235804        0.08005209860520        0.38106709323125
O           -0.42571174812486        0.06043982124596        0.71746947590542
C           -0.95615726853587       -1.09073345522441        1.32736395454607
O           -2.23568534604651       -0.75749533204927        1.77396847497683
C           -3.14075027944879       -0.42643267822636        0.73057650768192
C           -4.45445372653342       -0.00276186406476        1.40321599773942
O           -5.39232931989631        0.48475850252786        0.47242667884919
C           -3.35693035531358       -1.62184283604242       -0.21295817244109
O           -4.15451975215408       -1.28711068669298       -1.32013819225932
C           -1.99782187122095       -2.09972222837418       -0.73619760595486
O           -2.10953064523549       -3.31145571799737       -1.44862024083376
C           -1.07640587466345       -2.36041271270611        0.45734070038997
O            0.17938060578956       -2.85289702661161        0.05302634237844
C            1.17880704223278        0.14664688618108       -1.13679988576213
O            0.70066446173774       -0.95657614990310       -1.85846151922532
C            2.68178954647225        0.32405274699851       -1.44076831779926
O            2.85413546900336        0.52727723764569       -2.81539217789530
H            5.05572352668021        2.81052892177525        0.74788901688726
H            4.93034318120007        3.56031059107427       -0.86905212130581
H            6.32867882680514        2.52199859388670       -0.47224374731422
H            2.82499084170016        2.45716043192880       -1.11300282493246
H            1.03410950828198        2.23168668089822        0.49929807393418
H            2.11806419756122        0.79276923137180        2.95857932516371
H            0.37021065429621        1.12296126917219        2.73866269433135
H            1.05417929528496        3.36615822593229        2.58693473927167
H            1.46790318191449       -0.79009372118342        0.80356601203941
H           -0.37386492827207       -1.33966120703024        2.22903257748789
H           -2.73670882456292        0.41141374372336        0.14293292923723
H           -4.23009655075523        0.73671262900597        2.17930061278418
H           -4.91770689305861       -0.87049041413157        1.87778801329359
H           -5.08543749604739        1.33215410526151        0.12855723925320
H           -3.81900773294060       -2.44527690875824        0.35902153900630
H           -4.94546535644202       -0.83295620478952       -0.98901841679636
H           -1.56903909566519       -1.32025612934951       -1.38148728221547
H           -2.79425300553052       -3.18478585528463       -2.11582847739923
H           -1.56530330385880       -3.10821235741167        1.10273981420448
H           -0.01048919723051       -3.61011622682726       -0.52012849817458
H            0.64203916766787        1.01885348334736       -1.53499531570514
H            0.77906361733638       -1.74724898775628       -1.29535249259759
H            3.22989311072443       -0.57236215525547       -1.10847184000277
H            2.29237603707294       -0.12106256881150       -3.26490325982697
48
 energy: -84.809243335742 gnorm: 0.000794029605 xtb: 6.7.1 (edcfbbe)
C            5.27196007178942        2.66152977674025       -0.30958855943295
O            4.62848139623944        1.50360934956171       -0.80974069718559
C            3.25742404773320        1.52784103678358       -0.68415344518107
O            2.93408696080053        1.45175848458537        0.69068620411576
C            1.56169375230884        1.38248207354153        0.96651055488102
C            1.39113889200683        1.45418109687847        2.49119220048630
O            1.65934600199397        2.72382749352209        3.01755673714689
C            0.95121396321976        0.08529662451290        0.38158774040995
O           -0.42864577085491        0.06685230347972        0.71696919635006
C           -0.95793781978683       -1.08480619593495        1.32644006575860
O           -2.23855798952429       -0.75400832692729        1.77191917307815
C           -3.14341968044805       -0.42796730576938        0.72636797611111
C           -4.45736534828609       -0.00006718102148        1.39565134612338
O           -5.39778220139052        0.47395339258753        0.46040574124953
C           -3.35828703565077       -1.62928383257270       -0.21020778117468
O           -4.15842923100250       -1.30468171690333       -1.31859940353912
C           -1.99835924166754       -2.10415388473725       -0.73319436515185
O           -2.10609429447015       -3.31845841719316       -1.44209498107817
C           -1.07365116091121       -2.35685541951371        0.45929757702059
O            0.18329588254082       -2.84441320587172        0.05264691316390
C            1.17372424755949        0.15534279567591       -1.13686486898276
O            0.69206364461020       -0.94526233949084       -1.86051717736423
C            2.67614024874582        0.33078044573843       -1.44374178870726
O            2.84530416022720        0.53897564893831       -2.81806544307396
H            5.06723261075032        2.79205882185188        0.75556739755210
H            4.94288251041915        3.55264790951483       -0.85637758773984
H            6.33559046905599        2.50307880309318       -0.46925587623828
H            2.83064420314487        2.46258388602180       -1.10996936653522
H            1.03559238000010        2.23656506736274        0.50280474716897
H            2.11442823459130        0.78251880484631        2.95695602355687
H            0.37015667937387        1.13442397435646        2.74085118017810
H            1.08421362220741        3.37091860960714        2.59261068534735
H            1.46371697920832       -0.78679481873003        0.80110766493091
H           -0.37621426190002       -1.33068747714153        2.22940443541348
H           -2.73862526984901        0.40641675573478        0.13440339017205
H           -4.23422069648345        0.74928931588132        2.16264314159870
H           -4.91735759580488       -0.86349101088629        1.88109017721708
H           -5.09291650635899        1.31748313619258        0.10522441495243
H           -3.81645636040821       -2.45076989262596        0.36764574781103
H           -4.95075369729058       -0.85146799937540       -0.98950555521782
H           -1.57367923202895       -1.32485552472387       -1.38168465544130
H           -2.79763847864104       -3.19825805734151       -2.10352642717025
H           -1.55713035510413       -3.10504422065554        1.10827278154823
H           -0.00503986964203       -3.60268331750222       -0.51991909801780
H            0.63712498362769        1.02943045696931       -1.53112181263163
H            0.77021198334842       -1.73724773170010       -1.29925311349323
H            3.22275034337607       -0.56844199784423       -1.11652772872552
H            2.27813891027946       -0.10414753236616       -3.26841998815921
48
 energy: -84.809263536883 gnorm: 0.000703465102 xtb: 6.7.1 (edcfbbe)
C            5.28048188175012        2.64707632239452       -0.30411941528220
O            4.62856132261914        1.49638914107048       -0.80982663732756
C            3.25767144624940        1.52915112755004       -0.68362564646254
O            2.93449501888095        1.45206979047536        0.69119099299439
C            1.56218991143409        1.38592201601316        0.96817731827584
C            1.39309865218359        1.45492855213478        2.49309272286547
O            1.67708345488053        2.71925166438831        3.02368431142892
C            0.94862195981261        0.09084425817909        0.38278193983758
O           -0.43152686149858        0.07264838377300        0.71747370053059
C           -0.95984138816507       -1.07973871238458        1.32606971717031
O           -2.24153954748156       -0.75098682704387        1.77031463582154
C           -3.14588708502396       -0.42948652528794        0.72254511160695
C           -4.46027785048776        0.00240409923497        1.38813234345805
O           -5.40276831202030        0.46315155378878        0.44832683657773
C           -3.35912716354950       -1.63647274483144       -0.20734319014688
O           -4.16159121981565       -1.32139264775929       -1.31675663581189
C           -1.99825257577279       -2.10805224655789       -0.73030835338734
O           -2.10198610879368       -3.32470229146394       -1.43582117702207
C           -1.07059592796474       -2.35343645839281        0.46110442053630
O            0.18791317920559       -2.83559193402521        0.05242393228280
C            1.16822170687960        0.16441600979277       -1.13613127882684
O            0.68267206344600       -0.93322801232523       -1.86173890524024
C            2.66989518685148        0.33743925222332       -1.44666915666786
O            2.83544715154367        0.55118178758875       -2.82061686348271
H            5.07937488403947        2.77220030882412        0.76239260829680
H            4.95562388027640        3.54366845314525       -0.84440284937990
H            6.34267945955709        2.48287789830197       -0.46759182560372
H            2.83657121792482        2.46752032060629       -1.10706353853216
H            1.03752756687855        2.24169438184932        0.50621729555252
H            2.10813300674267        0.77288519969812        2.95632912875503
H            0.36834441716973        1.14682417381946        2.74212700641090
H            1.11479483694234        3.37574795437518        2.59600360274398
H            1.46027496494875       -0.78257566304269        0.79983875449013
H           -0.37896772960908       -1.32322511371976        2.23035916393791
H           -2.73990438562696        0.40155838220306        0.12674786064254
H           -4.23875391661168        0.76149485665729        2.14593505478551
H           -4.91748127429147       -0.85644134167885        1.88409904430200
H           -5.09903697754834        1.30204847216771        0.08128990644585
H           -3.81368480812744       -2.45610560613688        0.37591233796647
H           -4.95567361380297       -0.86987738663257       -0.98955977372412
H           -1.57762733923424       -1.32884319063528       -1.38175187251744
H           -2.79902444085134       -3.21057698128743       -2.09250021547014
H           -1.54880209846274       -3.10283532088290        1.11248403093453
H            0.00175182178944       -3.59468489889626       -0.51994451453480
H            0.63187412903757        1.04057427846550       -1.52616307763424
H            0.76170824953372       -1.72671910785087       -1.30263933046751
H            3.21489612925212       -0.56482522828110       -1.12510340351178
H            2.26243820635815       -0.08617174134145       -3.27189262495174
48
 energy: -84.809271823307 gnorm: 0.000594589681 xtb: 6.7.1 (edcfbbe)
C            5.28671846183364        2.63608178708459       -0.30088784104038
O            4.62844658163359        1.49054303641116       -0.80982357475885
C            3.25780079701455        1.52971881064819       -0.68286410593823
O            2.93465776933912        1.45197434314511        0.69203646014237
C            1.56228785205356        1.38886325407350        0.96951387435268
C            1.39368895688305        1.45593370837576        2.49452900333302
O            1.68859066391382        2.71599151634466        3.02894133411804
C            0.94692753807278        0.09499119596038        0.38366100855865
O           -0.43324529419189        0.07660458345337        0.71815954900835
C           -0.96106498561343       -1.07631038496298        1.32627703328261
O           -2.24338931026707       -0.74850038426357        1.76945685673571
C           -3.14751099966703       -0.43058220581724        0.72006624342990
C           -4.46238982846076        0.00379349518560        1.38286485985554
O           -5.40623291044329        0.45571183129080        0.44014521121802
C           -3.35946031082143       -1.64112570747924       -0.20555880094747
O           -4.16374453759015       -1.33275968696435       -1.31555970987455
C           -1.99797958483405       -2.11064488789250       -0.72852225688617
O           -2.09892518126057       -3.32902261719312       -1.43144130355930
C           -1.06855444172939       -2.35081923733023        0.46244853832093
O            0.19136717672275       -2.82878004555164        0.05279441874708
C            1.16401069148518        0.17083818648261       -1.13549222983132
O            0.67513244700654       -0.92452796837753       -1.86228288105799
C            2.66512082940349        0.34211637955199       -1.44848393800422
O            2.82783969864812        0.56055353638521       -2.82203441327569
H            5.08844866074622        2.75763063725872        0.76651864440565
H            4.96486728487564        3.53632488095209       -0.83677146277466
H            6.34777706308295        2.46765616587456       -0.46740162864049
H            2.84098134608839        2.47077373501285       -1.10460867821077
H            1.03939808510030        2.24639177587201        0.50863865168522
H            2.10178418438151        0.76573903776951        2.95652615440589
H            0.36584071901904        1.15637761603919        2.74142472156525
H            1.13745418642362        3.37956930046250        2.59766937037635
H            1.45840811394435       -0.77924823585658        0.79906473260974
H           -0.38100944175198       -1.31838826713107        2.23164536031863
H           -2.74111909947995        0.39838673626503        0.12170082026874
H           -4.24228347014235        0.76904250072462        2.13471478156095
H           -4.91770341577554       -0.85212663994231        1.88532932045070
H           -5.10280964147858        1.29095713150745        0.06476313527132
H           -3.81108382664867       -2.45968770067998        0.38141348859361
H           -4.95922404105341       -0.88288671820789       -0.98943612394593
H           -1.58036439163895       -1.33154696775156       -1.38209590938868
H           -2.79804899864775       -3.21882604931198       -2.08643655617274
H           -1.54315085208754       -3.10152604908536        1.11493393070985
H            0.00732630207345       -3.58920639532151       -0.51862736474964
H            0.62807699434986        1.04865943455646       -1.52235916388349
H            0.75636434174594       -1.71927663605567       -1.30522395679602
H            3.20878651869879       -0.56261798210301       -1.13162397733751
H            2.25118638034023       -0.07281519034161       -3.27421813391172
48
 energy: -84.809275212855 gnorm: 0.000386393491 xtb: 6.7.1 (edcfbbe)
C            5.29088636727162        2.62871648864343       -0.29960440974296
O            4.62843211792864        1.48627255801246       -0.80989165742027
C            3.25803824933170        1.52968898422966       -0.68220618551658
O            2.93504482197318        1.45175708378817        0.69281869738999
C            1.56254615202654        1.39081361913403        0.97062588182584
C            1.39310910037899        1.45700070207402        2.49554240537326
O            1.69498180619273        2.71421839657356        3.03209249283142
C            0.94547643176344        0.09792464739449        0.38456186051833
O           -0.43463939672830        0.07886831830447        0.71902047153854
C           -0.96234439335024       -1.07451200762625        1.32648731290881
O           -2.24497125664895       -0.74699332319903        1.76888072038666
C           -3.14874418508541       -0.43116974649112        0.71849533683271
C           -4.46403007840719        0.00398422387870        1.37990683809028
O           -5.40836511960002        0.45144755587538        0.43567523641575
C           -3.35956647729474       -1.64392516541609       -0.20456289196660
O           -4.16478004288627       -1.33898403555137       -1.31469154100266
C           -1.99754702046392       -2.11192587060566       -0.72765308203534
O           -2.09675229850205       -3.33144125691364       -1.42872937527694
C           -1.06738832293222       -2.34939514063866        0.46314089890014
O            0.19362542879545       -2.82473437119959        0.05350903707528
C            1.16129168385274        0.17518221096953       -1.13468667911423
O            0.67025380498433       -0.91872280067859       -1.86201754585218
C            2.66200148836329        0.34500612869948       -1.44965663145878
O            2.82301932798499        0.56696884296965       -2.82290341863897
H            5.09472318563968        2.74848228932041        0.76836477346879
H            4.97088373292539        3.53104257941026       -0.83302508514234
H            6.35114454110170        2.45749427652797       -0.46828123054497
H            2.84396198802154        2.47245621347922       -1.10280037366188
H            1.04102465242705        2.24923744756908        0.50999173337755
H            2.09643964391406        0.76194145552593        2.95711423666849
H            0.36327186720537        1.16315912739002        2.74108031626876
H            1.15193669146234        3.38225707179406        2.59778244173263
H            1.45736023099383       -0.77644950258317        0.79912696580813
H           -0.38284685210327       -1.31609020921735        2.23241254073502
H           -2.74215488947159        0.39678161361361        0.11881850225519
H           -4.24477895754703        0.77231219504069        2.12874247770192
H           -4.91843337287909       -0.85051190260947        1.88550110596790
H           -5.10457005299393        1.28426885381159        0.05542237691962
H           -3.80957669851988       -2.46200237093149        0.38428013574417
H           -4.96126488227971       -0.89054705093527       -0.98900565934706
H           -1.58152138989688       -1.33305375221329       -1.38247384343564
H           -2.79557571035868       -3.22323429056079       -2.08431307539291
H           -1.54023940972097       -3.10103010427098        1.11578435439254
H            0.01139750682936       -3.58657807823131       -0.51654880194260
H            0.62576487171843        1.05396009838131       -1.51988693399803
H            0.75398319368928       -1.71444800223272       -1.30668715030661
H            3.20480645571331       -0.56134561795942       -1.13608582726012
H            2.24468054637846       -0.06414972277419       -3.27598425994055
