48
 energy: -84.835473519671 gnorm: 0.076046939297 xtb: 6.7.1 (edcfbbe)
C            4.20560228600855        1.40311276893160        1.03256323192163
O            3.50240772673683        0.21604669779907        0.68194327370786
C            3.60037327332783       -0.12283597003820       -0.67731479011575
O            2.99147972778553        0.83255346530902       -1.49844743008559
C            1.63078232827109        0.59097749286853       -1.85392129222595
C            1.02637755143736        1.95230710412729       -2.21207960716257
O            1.61856370993771        2.50996482414882       -3.35454113448906
C            0.86944111882819       -0.08920112167328       -0.70966960885070
O           -0.47947079992130       -0.26676216725322       -1.14867542337534
C           -1.53084082245628       -0.06262580513244       -0.26809983230360
O           -1.54892219338064       -1.09517804962024        0.70129475197805
C           -2.67674471939058       -1.08108131445643        1.58529288250454
C           -3.37757812270098       -2.44772366240269        1.50491768998412
O           -2.64049454608798       -3.46306412842816        2.13238711032434
C           -3.68324001325901        0.04645386321768        1.29604902786315
O           -4.67075394409645        0.10606863443808        2.29088243900851
C           -2.99414272464556        1.41778374231393        1.09451534441929
O           -3.73964223786405        2.22993245998746        0.22366752457019
C           -1.57690291708578        1.27260373859737        0.49516137252886
O           -0.59583190043315        1.34300668924524        1.49872351839777
C            1.50886924803609       -1.44986196053004       -0.34890990800125
O            1.42434187899938       -1.72474484603776        1.02392265740201
C            2.97827705670391       -1.51600670893029       -0.82710696177044
O            3.12601028602356       -1.91214199382494       -2.16288334323981
H            3.81588649501546        2.25754518156649        0.47696688507187
H            5.27143636153940        1.28494585031305        0.82117711611271
H            4.04403455943406        1.53998174265725        2.09740766147930
H            4.65780343779203       -0.13649782003944       -0.98931554091241
H            1.60260891190880       -0.05821118476056       -2.73952829162238
H            1.13495351310418        2.62603942986347       -1.35076878785533
H           -0.03213919464152        1.82224176092484       -2.44209954204644
H            2.57853629458945        2.52065945991269       -3.22666633462507
H            0.91077622026547        0.56751586580477        0.16425442817760
H           -2.41103672565428       -0.12383300483945       -0.92535326920623
H           -2.28791985114788       -0.96575116407965        2.60790683773029
H           -3.55727589062078       -2.68813875461099        0.44898040323527
H           -4.33359414445860       -2.39233469710918        2.02953772195958
H           -1.76318473312521       -3.50548923845408        1.72621995942903
H           -4.23066991680360       -0.19431262592165        0.37749475833314
H           -4.26867124184569        0.27706853919904        3.15626254089124
H           -2.88035032658962        1.91174650357504        2.07269111325227
H           -4.62784991515870        2.36557876783070        0.58792810828043
H           -1.40452964800101        2.11110965763799       -0.18455948625872
H           -0.54566675726215        0.47986116206392        1.94166653599655
H            0.92595286709708       -2.22924270754706       -0.85087669019027
H            2.02308614868397       -1.12010961882214        1.49126062816940
H            3.51911227694746       -2.19266708187518       -0.15058109004301
H            2.89073767424795       -2.84729030611052       -2.25619571460529
48
 energy: -84.840746728590 gnorm: 0.011281604055 xtb: 6.7.1 (edcfbbe)
C            4.20489480508483        1.40110687517193        1.03401592220352
O            3.50374481231101        0.21255280660267        0.68356305521109
C            3.59710115887577       -0.12039949359685       -0.67746767450052
O            2.98254019580070        0.84226584494594       -1.48744143113309
C            1.61972773851844        0.60819890074731       -1.84138180872871
C            1.01620157544502        1.96604003525876       -2.20203747943196
O            1.61228319570759        2.51804836870264       -3.34573835959218
C            0.87385111542808       -0.12953832318614       -0.72318479608919
O           -0.48066069414193       -0.32140287773201       -1.13575459488330
C           -1.53635610399959       -0.05902629231807       -0.27579293808376
O           -1.54451852271772       -1.07141943077985        0.71814615397681
C           -2.67819213122157       -1.07123076177962        1.59261343070219
C           -3.37355145008556       -2.44159994821066        1.50649093317702
O           -2.63711949444197       -3.45809863474264        2.13318559727155
C           -3.68498554689817        0.05253364073462        1.29601286769593
O           -4.67281463969230        0.11191853567182        2.29043509628009
C           -2.99340891567729        1.42242628452814        1.08900517385735
O           -3.74208967858737        2.23327079099323        0.22000814695271
C           -1.57710567698367        1.27908394881578        0.48335995986746
O           -0.59625106964478        1.34674775229032        1.48806343352158
C            1.52054314384354       -1.47622025662133       -0.35160766168046
O            1.43372572205014       -1.74032819202783        1.02322419021613
C            2.98813193754683       -1.52018276050035       -0.83037301306882
O            3.13300905769827       -1.91256707258677       -2.16718538853117
H            3.81380041878352        2.25533924268144        0.47868708800616
H            5.27085224096520        1.28476394852004        0.82182919427270
H            4.04379155975179        1.53785784818773        2.09900584991101
H            4.65386960694359       -0.12822864518119       -0.99242435279503
H            1.59968830972141       -0.03231961292411       -2.73485921210313
H            1.12520311941517        2.63963916498297       -1.34144267653009
H           -0.04086438947448        1.83233845220947       -2.43559479398856
H            2.57266205234489        2.52331793662566       -3.21921922335522
H            0.90955077887343        0.52719957093263        0.15308947195593
H           -2.41545328207818       -0.13242361321756       -0.93244940523227
H           -2.29436213842213       -0.95558436942018        2.61678390317193
H           -3.55156374597841       -2.68164408104829        0.45001717115046
H           -4.33116584316581       -2.39030516517273        2.02890864150902
H           -1.75984366741476       -3.50106897896554        1.72706044598479
H           -4.23097744421125       -0.19220047042333        0.37764176747049
H           -4.27064006456526        0.28191839552972        3.15595172580636
H           -2.87793928559909        1.91632334883220        2.06713333369885
H           -4.62947242417392        2.36738797223555        0.58678066140301
H           -1.40337488183439        2.11672827103406       -0.19606813473427
H           -0.54926355395970        0.48404526944861        1.93274340014379
H            0.94033014830950       -2.25807612926572       -0.85157468824906
H            2.02383380247081       -1.12504493749213        1.48812899474969
H            3.53376608552348       -2.19421249541847       -0.15544228870586
H            2.89886972969906       -2.84793119316065       -2.26136424491712
48
 energy: -84.841534676813 gnorm: 0.005764740646 xtb: 6.7.1 (edcfbbe)
C            4.20327900399568        1.39700704436445        1.03823705413981
O            3.50624912880652        0.20635274183920        0.68631104504799
C            3.59715193606132       -0.11852199013071       -0.67699256467752
O            2.97269332302008        0.84476756101201       -1.47820806730518
C            1.61125901673608        0.60346264113440       -1.83529136065424
C            1.00284021540323        1.96380633884713       -2.17894082619245
O            1.59622811111534        2.51954400263376       -3.32228525088386
C            0.86999621054858       -0.14644794073100       -0.71881743738383
O           -0.48293832656053       -0.34767558700305       -1.13210993282106
C           -1.53876666413542       -0.06368680334228       -0.27878535102250
O           -1.53951796076756       -1.05862819452583        0.73675599283069
C           -2.67955278573621       -1.06360525475831        1.60141717216173
C           -3.37128715510127       -2.43529095081377        1.50930302918684
O           -2.63410217882304       -3.45124349091989        2.13617952433836
C           -3.68477262470724        0.05892160705870        1.29632522532505
O           -4.67424994662519        0.12709833531100        2.28864128877094
C           -2.99225626583870        1.42721362873613        1.07849016068225
O           -3.74597642563245        2.23518668499690        0.21101990897861
C           -1.57821762261277        1.28300891252418        0.46548496531355
O           -0.59251050318932        1.35507809244266        1.46472882663095
C            1.53170396581117       -1.48935209471217       -0.36233908573166
O            1.44647143005638       -1.75843515999365        1.01112950041965
C            3.00005856702010       -1.52248698587259       -0.83814682056797
O            3.14691500177287       -1.90653541025601       -2.17705454475352
H            3.80930992545674        2.25041715275375        0.48353286983569
H            5.26956341441346        1.28429875013627        0.82536529352108
H            4.04196296565123        1.53244846283296        2.10332579679169
H            4.65255617962862       -0.11622160050957       -0.99674766554073
H            1.59741857325749       -0.02218552514784       -2.74196954232639
H            1.11259093525980        2.63808082391251       -1.31871580114214
H           -0.05453919458471        1.83272729581997       -2.41286877348871
H            2.55740912903748        2.52257723513578       -3.20085695786025
H            0.89951276708996        0.50010414917947        0.16729581009733
H           -2.41792936584087       -0.14635102708404       -0.93258597071959
H           -2.30333963583849       -0.94717184683997        2.62827123572492
H           -3.54456866102112       -2.67301708074121        0.45145873380603
H           -4.33077238759574       -2.38703615979382        2.02868693607821
H           -1.75609759891191       -3.49298037877980        1.73138763186486
H           -4.23025168350323       -0.19084823161125        0.37901339506419
H           -4.27259123280958        0.29643546218611        3.15448566178319
H           -2.87025745495488        1.92509239841932        2.05392344001536
H           -4.63124107182268        2.37027649225166        0.58266575735976
H           -1.40910534055864        2.11980706080982       -0.21597457566432
H           -0.54739480523601        0.49473993758416        1.91492042145244
H            0.96066870353877       -2.27801559112708       -0.86274907683062
H            2.02796630688875       -1.13712776942408        1.47921822440941
H            3.55435426648151       -2.19371582190835       -0.16681663553485
H            2.91407548155430       -2.84187244589552       -2.27583721647164
48
 energy: -84.842036510912 gnorm: 0.006761549883 xtb: 6.7.1 (edcfbbe)
C            4.20094346351692        1.39074473393136        1.04512431053438
O            3.51026907537397        0.19781581733041        0.68821235863879
C            3.59927375393792       -0.11520881637973       -0.67810582984371
O            2.96327646646306        0.84804705850061       -1.46935375387777
C            1.60337815277372        0.59646281220219       -1.82762336717805
C            0.98549672994441        1.95808417284938       -2.15209074635395
O            1.57220960201388        2.52725942264666       -3.29299290447439
C            0.86696382097812       -0.16265240796848       -0.71306674336260
O           -0.48395938992909       -0.37163536229617       -1.13085005234452
C           -1.53637998529012       -0.07510007569692       -0.27737748577050
O           -1.53218386861124       -1.04942857229096        0.76127576826109
C           -2.68152907907495       -1.05500862633589        1.61222734719704
C           -3.37015054518645       -2.42727739093709        1.51311448633323
O           -2.63179262185852       -3.44210186304666        2.14058859600354
C           -3.68378689491229        0.06725183857881        1.29605626802591
O           -4.67519225921271        0.15031383710017        2.28561923684361
C           -2.99029921834252        1.43304733453946        1.06390703903467
O           -3.75055666695824        2.23531483276385        0.19662798773405
C           -1.57930322901532        1.28498742465869        0.44312635845726
O           -0.58935639616966        1.37421354335777        1.43639950289555
C            1.54343841719847       -1.50488238487483       -0.37426257978054
O            1.46353522339497       -1.78933086798487        0.99698979769672
C            3.01223411517020       -1.52182317504518       -0.85061753672868
O            3.16513431540432       -1.89414970306185       -2.19233604048967
H            3.80282999558327        2.24349868203145        0.49236342747535
H            5.26792997603783        1.28381727960499        0.83246391001070
H            4.03814881935398        1.52241770096316        2.11042375961853
H            4.65337051805934       -0.10056828798236       -1.00236167307455
H            1.59202244378384       -0.01583792792826       -2.74368919900036
H            1.09731055939187        2.62593643762982       -1.28706921651553
H           -0.07302751434517        1.82867128801612       -2.38275158802957
H            2.53421175459215        2.52827199738440       -3.17760604592879
H            0.89336314781644        0.47136407535504        0.18153715478257
H           -2.41753550064967       -0.17181218305505       -0.92521203749146
H           -2.31567133230866       -0.93809818209235        2.64280206687115
H           -3.53677633332091       -2.66194655805935        0.45350265073394
H           -4.33211353727897       -2.38313442232018        2.02819379421339
H           -1.75222595227264       -3.48085321455216        1.73863726109757
H           -4.22920825517967       -0.19007528796844        0.38068107763450
H           -4.27424181660891        0.31981208058842        3.15173204469946
H           -2.86005060861930        1.93852734090035        2.03459653212506
H           -4.63293806145642        2.37272771755677        0.57451921446690
H           -1.41878372906792        2.11641586383623       -0.24685268165462
H           -0.54521503381133        0.51971106581529        1.89900409219751
H            0.98288978495061       -2.29843331482062       -0.87953995486152
H            2.03551046783660       -1.16336828313596        1.47071912852579
H            3.57383169483515       -2.19257593934483       -0.18449632234146
H            2.93470319734628       -2.82941204076358       -2.29870796858727
48
 energy: -84.842412178617 gnorm: 0.005587499931 xtb: 6.7.1 (edcfbbe)
C            4.19772222286778        1.38292139507371        1.05334703729646
O            3.51378487735682        0.18850131362449        0.68818587219473
C            3.60195006612943       -0.11183427872189       -0.68110733689365
O            2.95634463983075        0.85149201646179       -1.46372303998047
C            1.59798646034225        0.58972002192200       -1.82083943354558
C            0.96837093015770        1.95109301986735       -2.12704460692554
O            1.54574447876606        2.53970907941724       -3.26370878580259
C            0.86760208044853       -0.17441591806837       -0.70708923150074
O           -0.48247504896740       -0.39161351306852       -1.12547907004653
C           -1.53105837773833       -0.09003567653141       -0.26989536917057
O           -1.52400608481278       -1.04408083250484        0.78814376422917
C           -2.68424132021085       -1.04682699571550        1.62355869703185
C           -3.37055140397342       -2.41928877963820        1.51696165718753
O           -2.63160636898562       -3.43360503575425        2.14473778913220
C           -3.68278929438283        0.07580839261959        1.29524641278784
O           -4.67526419571268        0.17470073462102        2.28264384349981
C           -2.98866093085799        1.43855309752999        1.04776582830736
O           -3.75521324842497        2.23379323622957        0.17935115890484
C           -1.58034723937962        1.28542886524172        0.42173835898681
O           -0.58681423537907        1.40198213695509        1.40917559639730
C            1.55556481330904       -1.51826959737270       -0.38685443568005
O            1.48209886427403       -1.82329428855210        0.98122013039552
C            3.02443390926156       -1.52046991600761       -0.86515283969803
O            3.18260593764857       -1.87960379585639       -2.21013223598290
H            3.79598570828642        2.23615482966266        0.50404842741545
H            5.26569565894208        1.28245397092499        0.84230492973423
H            4.03225307838728        1.50845180142566        2.11898672454840
H            4.65501593743714       -0.08616874414470       -1.00784127379017
H            1.58621964542219       -0.01497838505706       -2.74029421042402
H            1.08092076562834        2.60802297500694       -1.25351802255849
H           -0.09084978671261        1.81906001121434       -2.35331355012408
H            2.50825058155179        2.54077234935719       -3.15335175758546
H            0.89386655829156        0.44867979239658        0.19287109356696
H           -2.41495006936699       -0.20442037419171       -0.91127068850188
H           -2.32932218154756       -0.92968530698278        2.65794494632989
H           -3.53052790827068       -2.65067576305057        0.45557553556372
H           -4.33507635905072       -2.37975799602496        2.02732027760128
H           -1.74981973997159       -3.46808766527111        1.74697132238467
H           -4.22881807269618       -0.19000653219345        0.38250352680171
H           -4.27484996147478        0.34661384246347        3.14853265579706
H           -2.85134494096643        1.95298824982248        2.01284493308020
H           -4.63475665088577        2.37370388853635        0.56310427932972
H           -1.42962425534627        2.10510313794947       -0.28468469959461
H           -0.54411498855590        0.55784856252982        1.89228747852206
H            1.00183142577370       -2.31136097075964       -0.90040235238791
H            2.04702409283643       -1.19705247215777        1.46243018878575
H            3.59064764483417       -2.19341526381367       -0.20492474580818
H            2.95515995223565       -2.81460914881784       -2.32569333490063
48
 energy: -84.842711833239 gnorm: 0.004977407409 xtb: 6.7.1 (edcfbbe)
C            4.19329370904376        1.37399916106886        1.06237583820751
O            3.51653377751759        0.17893523681765        0.68567357519939
C            3.60605513751569       -0.10873349906097       -0.68625304790945
O            2.95260218248119        0.85475737110388       -1.46169209873319
C            1.59542062785141        0.58435564631305       -1.81530494493778
C            0.95277835968379        1.94354817095371       -2.10630455322459
O            1.52011948838946        2.55486101814867       -3.23646520528231
C            0.87302093010907       -0.18237031391038       -0.70044186949952
O           -0.47752433627872       -0.40807803323867       -1.11430186748212
C           -1.52337680390979       -0.10645894599424       -0.25690900460156
O           -1.51558421856756       -1.04126840744990        0.81599063894356
C           -2.68770564834924       -1.03934837147174        1.63515411335252
C           -3.37317659164783       -2.41150350468798        1.52145535856351
O           -2.63508837091295       -3.42639006667672        2.14947639855467
C           -3.68241655537453        0.08373186449371        1.29425224490155
O           -4.67522491220769        0.19711248910668        2.27997053614231
C           -2.98809931588514        1.44325928534058        1.03213048809813
O           -3.75905580194139        2.23076038180485        0.16042402599508
C           -1.58212679712485        1.28410203225200        0.40355794223274
O           -0.58514870229953        1.43411826061379        1.38432829980417
C            1.56855677891513       -1.52924260751317       -0.39978903916547
O            1.50126827436209       -1.85759752407754        0.96380364055241
C            3.03682336199997       -1.51865662645391       -0.88157478860449
O            3.19727730026118       -1.86416000580292       -2.23003305944761
H            3.78872404179059        2.22920487565505        0.51836467100848
H            5.26251015648685        1.28056461305410        0.85438576614646
H            4.02376715369361        1.49052840244701        2.12849889803926
H            4.65859120192109       -0.07315930872852       -1.01318599745182
H            1.58170121522383       -0.01757473591450       -2.73444636307295
H            1.06225698103396        2.58779256593254       -1.22261825342176
H           -0.10596652191587        1.80377815488935       -2.32982019973900
H            2.48263698164655        2.56011350183195       -3.12853431655515
H            0.90148219856237        0.43212844761042        0.20298146984084
H           -2.40932233792015       -0.23940392447952       -0.89304927111350
H           -2.34413523579084       -0.92184159854698        2.67320740538928
H           -3.52721500530116       -2.63983507375767        0.45848584202709
H           -4.34016899439745       -2.37580366729863        2.02704081310734
H           -1.75048264842900       -3.45600901986343        1.75732532774850
H           -4.22944595546234       -0.19063118673230        0.38453305006748
H           -4.27558736433790        0.37520482242799        3.14503682769962
H           -2.84657622839816        1.96701141996698        1.99140636076014
H           -4.63661012981729        2.37289407170698        0.54776168597117
H           -1.44084389113895        2.08644833370238       -0.32509183756557
H           -0.54501053525586        0.60560479822024        1.89573294071088
H            1.01674336544585       -2.31602217939891       -0.92464753965294
H            2.06302338417886       -1.23624067636684        1.45398820967615
H            3.60630181622454       -2.19543851043525       -0.22813985635632
H            2.97440214475273       -2.79904766639809       -2.35525780942838
48
 energy: -84.842897576418 gnorm: 0.004893284121 xtb: 6.7.1 (edcfbbe)
C            4.18813428118396        1.36573866411523        1.07060680071224
O            3.51821458627912        0.17069294137917        0.68158296824332
C            3.61084226323505       -0.10616007797039       -0.69229583581948
O            2.95185263971798        0.85770981433388       -1.46257943923284
C            1.59510482691728        0.58128650628355       -1.81116712051806
C            0.94104874543833        1.93689812783933       -2.09339248075542
O            1.50148656084931        2.56722853861790       -3.21591933405526
C            0.88108496309059       -0.18716900096789       -0.69345856172948
O           -0.47082565221105       -0.41945670031911       -1.09991080233868
C           -1.51596251335953       -0.11997111896959       -0.24198498267056
O           -1.50921430264138       -1.03995590212721        0.83976241464048
C           -2.69146997818531       -1.03345028812875        1.64544172335419
C           -3.37744549837208       -2.40490313072568        1.52662839177269
O           -2.64058219316948       -3.42066976611453        2.15465525436074
C           -3.68314188450238        0.08949825845385        1.29327998672970
O           -4.67586214906699        0.21267242547946        2.27772204262669
C           -2.98882655222792        1.44632905070910        1.02039541547612
O           -3.76079803759743        2.22693924556597        0.14329682226291
C           -1.58417812960279        1.28179797531067        0.39239586308985
O           -0.58438205655906        1.46170071423763        1.36614494573315
C            1.58093137214423       -1.53699075829658       -0.41081666264132
O            1.51746989392483       -1.88781806311757        0.94725438388750
C            3.04807499513286       -1.51698158549762       -0.89712104464252
O            3.20675045236447       -1.85039479494982       -2.24884206223439
H            3.78122376144958        2.22388409695332        0.53304176828378
H            5.25853843929707        1.27923709468917        0.86585080518046
H            4.01432976565155        1.47179918674218        2.13726807627289
H            4.66332077462425       -0.06236003727099       -1.01787590686244
H            1.57930336625149       -0.02142211344169       -2.72875611049381
H            1.04243112114824        2.57155415353225       -1.20168883544077
H           -0.11576950689417        1.78614698051952       -2.31857161414178
H            2.46351398836076        2.58175000613163       -3.10628915687248
H            0.91327818305943        0.42210395945501        0.21235113681735
H           -2.40193056979139       -0.26727387938198       -0.87612175223672
H           -2.35767402574115       -0.91499283163381        2.68629785549384
H           -3.52772607420282       -2.63120513321256        0.46264986684159
H           -4.34613526485615       -2.37096008513846        2.02879889395237
H           -1.75298016595626       -3.44429149574549        1.76853617336418
H           -4.23080543999150       -0.19174383517667        0.38606611248977
H           -4.27678578390635        0.40006519056474        3.14118159853026
H           -2.84793600741663        1.97790331254940        1.97519354297251
H           -4.63820909033145        2.37038463238030        0.53006480828068
H           -1.45009762053414        2.06626254011015       -0.35695187498408
H           -0.54644021831878        0.65056735446632        1.90510285864362
H            1.02771424613070       -2.31433046387454       -0.94807616486749
H            2.07918855040674       -1.27434908091603        1.44691706228410
H            3.62099124942371       -2.19766808086859       -0.25094620345531
H            2.99034735587755       -2.78563307474429       -2.38224018030016
48
 energy: -84.842992852038 gnorm: 0.003340805478 xtb: 6.7.1 (edcfbbe)
C            4.18336374678578        1.35980074266415        1.07669107807039
O            3.51880260666529        0.16510822728664        0.67784855511895
C            3.61488742476238       -0.10406079928614       -0.69721149798610
O            2.95273837276111        0.86028671296036       -1.46447444673205
C            1.59589150851356        0.58028219046034       -1.80875752998846
C            0.93443087806486        1.93234514250421       -2.08934264335589
O            1.49353823879703        2.57317986573050       -3.20518043444761
C            0.88813550457779       -0.18960888678457       -0.68786078092784
O           -0.46512435829225       -0.42516886404121       -1.08786127506616
C           -1.51124976108784       -0.12751197622259       -0.23037098586644
O           -1.50631062871086       -1.03955442712651        0.85481895282518
C           -2.69455611210147       -1.03005397740272        1.65263440859098
C           -3.38163832275836       -2.40079688472349        1.53190701382856
O           -2.64639689091014       -3.41772795614399        2.15984960437134
C           -3.68458701386616        0.09228491583326        1.29302501921955
O           -4.67786670716495        0.21977225020971        2.27611051576857
C           -2.98997862693649        1.44738506236692        1.01436156070659
O           -3.76015458766863        2.22340526442142        0.13145902632589
C           -1.58532084381436        1.27985494403399        0.38891157669849
O           -0.58424727303583        1.47742087189384        1.35712109748572
C            1.59009332920223       -1.54117468384417       -0.41835059269508
O            1.52822011875452       -1.90803172911259        0.93468356558169
C            3.05614027836499       -1.51544841572716       -0.90864957518357
O            3.21074343937473       -1.84058926622829       -2.26274002917625
H            3.77425154857680        2.22067809277430        0.54516033895737
H            5.25452644642263        1.27904598631633        0.87380473793225
H            4.00672669401483        1.45664430313532        2.14381207567319
H            4.66755369938697       -0.05447361134968       -1.02106435953650
H            1.57900831524731       -0.02467511670514       -2.72507741672873
H            1.02514844584858        2.56288150138559       -1.19366279158099
H           -0.11976075873928        1.77193818795232       -2.32033129069192
H            2.45476183445334        2.59913215538548       -3.09024873875429
H            0.92428448826419        0.41756838552178        0.21946895758632
H           -2.39550488979210       -0.28185420587530       -0.86578999431489
H           -2.36695458086248       -0.91004029904163        2.69493578847881
H           -3.53097253722163       -2.62637038033488        0.46761331542540
H           -4.35099525319534       -2.36605749323051        2.03265591822725
H           -1.75630471383251       -3.43620176682233        1.77902944539766
H           -4.23178502659934       -0.19307209467105        0.38693105290375
H           -4.27968468664666        0.41718122508374        3.13785922483396
H           -2.85235910174609        1.98402629572333        1.96664837741076
H           -4.63910826444029        2.36723423724088        0.51434133948931
H           -1.45508946579774        2.05250934972602       -0.37222138567404
H           -0.54747809964415        0.68008209267070        1.91427280591203
H            1.03505466744416       -2.31066200904487       -0.96525971388953
H            2.09116304038698       -1.30155580903923        1.44158767115295
H            3.63255042092191       -2.19871342315932       -0.26857232032921
H            3.00141112390630       -2.77664445511257       -2.40103377476092
48
 energy: -84.843042829077 gnorm: 0.001864835220 xtb: 6.7.1 (edcfbbe)
C            4.17887522497580        1.35528044078041        1.08167844648717
O            3.51881808736452        0.16091710651645        0.67512179365571
C            3.61780535184729       -0.10195665455459       -0.70084369622221
O            2.95337717175611        0.86300597237199       -1.46568978705880
C            1.59653546864845        0.57981861917973       -1.80744376818857
C            0.93028427692587        1.92895951700948       -2.09000874912136
O            1.49259120062520        2.57521138620842       -3.19988310432659
C            0.89305363081837       -0.19169547797390       -0.68388751331967
O           -0.46113375570314       -0.42846033169158       -1.07951241350241
C           -1.50875147091323       -0.13137755730483       -0.22254773506827
O           -1.50534781193441       -1.03950216026025        0.86427288560944
C           -2.69660201266271       -1.02812626036198        1.65806134574580
C           -3.38513074294791       -2.39816597683729        1.53759271100846
O           -2.65160070249773       -3.41628496921829        2.16545341378523
C           -3.68582432928537        0.09342120963942        1.29322509274570
O           -4.68061381901362        0.22256680798288        2.27449034841043
C           -2.99094232602758        1.44764656662660        1.01169837821164
O           -3.75842165646599        2.22023454306797        0.12322720119238
C           -1.58541177320398        1.27869479758715        0.38897223332333
O           -0.58391461408103        1.48614995409866        1.35306589431673
C            1.59684747957151       -1.54402049528571       -0.42422892083697
O            1.53611661678035       -1.92258408664213        0.92455019291532
C            3.06207071413179       -1.51384983370679       -0.91769907434956
O            3.21269277402651       -1.83296100803517       -2.27357627805515
H            3.76701117486662        2.21838265487033        0.55584391809143
H            5.25042069949202        1.27978212976768        0.87902374145881
H            4.00114761680989        1.44414057897326        2.14927173831946
H            4.67064731063853       -0.04765751223113       -1.02326842682780
H            1.57999337931074       -0.02706853462833       -2.72315556271428
H            1.00936497171624        2.55835992497002       -1.19243411320478
H           -0.12107153561286        1.76152469786566       -2.32937352461402
H            2.45268424054701        2.61265206925841       -3.07707763244162
H            0.93269156279406        0.41421339500284        0.22480534390110
H           -2.39090151267479       -0.28849224961907       -0.86052715184736
H           -2.37265751079858       -0.90609182726680        2.70102663356004
H           -3.53519804150721       -2.62390776378292        0.47337676858182
H           -4.35451662669414       -2.36119831517912        2.03828735753316
H           -1.75968584262586       -3.43111909812857        1.78886599479157
H           -4.23160859421484       -0.19456900202876        0.38718040355389
H           -4.28402930518066        0.42994061466184        3.13469281111471
H           -2.85705410985731        1.98794353405481        1.96251324024972
H           -4.63982765078357        2.36363252374588        0.50069969185643
H           -1.45742269055074        2.04480036418549       -0.37803807879207
H           -0.54942970931407        0.70019343348773        1.92449672246075
H            1.04133932181137       -2.30835003389117       -0.97814635538716
H            2.09999339201111       -1.32121297381398        1.43665275247053
H            3.64187894247242       -2.19862928950390       -0.28261279519330
H            3.01085520136838       -2.77019195749971       -2.41471092788630
48
 energy: -84.843070431499 gnorm: 0.001778486396 xtb: 6.7.1 (edcfbbe)
C            4.17351127266327        1.35098864281119        1.08721471998316
O            3.51854547528608        0.15661029429299        0.67342581597014
C            3.61974156727755       -0.09916364266854       -0.70360350737813
O            2.95272210595097        0.86690241381225       -1.46503825165737
C            1.59661116481282        0.57920237781775       -1.80675069335083
C            0.92664048035915        1.92564870954030       -2.09393012321007
O            1.49719839978494        2.57500419012758       -3.19723514956127
C            0.89599021631152       -0.19451479820568       -0.68146685660928
O           -0.45866760212376       -0.43073573558492       -1.07460073038809
C           -1.50746243693401       -0.13324723107854       -0.21751720586934
O           -1.50557524509811       -1.04017551102404        0.87017856468950
C           -2.69755079908741       -1.02680108736063        1.66282232383470
C           -3.38816642755017       -2.39602509257511        1.54545281933457
O           -2.65640266974393       -3.41505640765752        2.17367805723488
C           -3.68649153283459        0.09374859692919        1.29359563376206
O           -4.68413817307872        0.22345702398187        2.27202865944828
C           -2.99151569642751        1.44762652272468        1.01075394034862
O           -3.75581930906200        2.21699856451612        0.11661239597978
C           -1.58429511859374        1.27812770830584        0.39091206132486
O           -0.58258284224576        1.49118366116043        1.35158500568360
C            1.60239963071265       -1.54701270599054       -0.43081090449345
O            1.54335456893613       -1.93594394763313        0.91410472902346
C            3.06721408133611       -1.51159382257746       -0.92661210053293
O            3.21505501566945       -1.82489023985615       -2.28414508298192
H            3.75689545512574        2.21604272761411        0.56825866344990
H            5.24512193566141        1.28207805980034        0.88256371938738
H            3.99681155325937        1.43125627872939        2.15557261074984
H            4.67263556015170       -0.03980314083128       -1.02495793873536
H            1.58253635648430       -0.02911672772934       -2.72213631487950
H            0.99198467293473        2.55522181634654       -1.19528244213514
H           -0.12126680480824        1.75321067970478       -2.34516142236782
H            2.45541769538468        2.62377904472092       -3.06285782110504
H            0.93850527333248        0.40930682400972        0.22908374168814
H           -2.38778900220381       -0.29025204466473       -0.85810461429607
H           -2.37527158710498       -0.90183571030983        2.70586324188897
H           -3.54055315968440       -2.62323045745023        0.48178930907710
H           -4.35694264924144       -2.35536672156977        2.04740218112841
H           -1.76325027774027       -3.42801708008989        1.80038131891065
H           -4.22965701367434       -0.19641001659435        0.38668308048698
H           -4.29047868712807        0.44225186829845        3.13069906260454
H           -2.86161491534454        1.99117809187720        1.96043857071721
H           -4.64069069768382        2.35855825066268        0.48695059799476
H           -1.45786712518408        2.04150105592797       -0.37865100203059
H           -0.55315645987375        0.71678765054092        1.93777167180621
H            1.04823139833488       -2.30823005825875       -0.99048740694168
H            2.10700045471789       -1.33799461872807        1.43049664485788
H            3.65036526019496       -2.19744417549941       -0.29612357005762
H            3.02271430470191       -2.76381060787536       -2.42736455646528
48
 energy: -84.843085622861 gnorm: 0.001227545919 xtb: 6.7.1 (edcfbbe)
C            4.17138117174657        1.35041233912932        1.08918334303645
O            3.51830731903797        0.15544499796168        0.67437680627362
C            3.61889798904446       -0.09792786213228       -0.70309507219240
O            2.95099958032110        0.86905933289916       -1.46244331942207
C            1.59608556881327        0.57910318329202       -1.80721282666239
C            0.92617980336089        1.92514832388074       -2.09712513488780
O            1.50254605076870        2.57371257915314       -3.19851084319370
C            0.89450604729338       -0.19546913516289       -0.68309800914349
O           -0.45988354356557       -0.43004060342969       -1.07746042838577
C           -1.50811640149398       -0.13231869902231       -0.21957957125777
O           -1.50666798309665       -1.04167720801506        0.86714163792547
C           -2.69638616453396       -1.02681328150913        1.66274324269085
C           -3.38807956691598       -2.39584497278485        1.54960690672730
O           -2.65656475647702       -3.41421543844644        2.17912935303413
C           -3.68574586235786        0.09334048989683        1.29335336564993
O           -4.68479774325600        0.22250167903175        2.27051727754789
C           -2.99089777373235        1.44743769310485        1.01155002021510
O           -3.75436708456274        2.21664830689227        0.11677352843424
C           -1.58297128058903        1.27805865856508        0.39235205529466
O           -0.58135736872356        1.48831170148568        1.35341322530324
C            1.60198299049053       -1.54765786674613       -0.43332964080532
O            1.54358122169564       -1.93725445102349        0.91151605724196
C            3.06726726522526       -1.51036521285877       -0.92821470745951
O            3.21673092141725       -1.82239974515686       -2.28593319902300
H            3.75131998710257        2.21549702101165        0.57309704110243
H            5.24264323059485        1.28460036855499        0.88159362910292
H            3.99732483412968        1.42804925712778        2.15812113974574
H            4.67164878771294       -0.03741361860083       -1.02466755624622
H            1.58483139608277       -0.02919736209735       -2.72243767758256
H            0.98785046403392        2.55525818634426       -1.19880848681486
H           -0.12051037574661        1.75344617688508       -2.35323157889148
H            2.45970067991119        2.62235963189597       -3.05899733105385
H            0.93655671421379        0.40679565089247        0.22830460963186
H           -2.38892612418126       -0.28682705048826       -0.85984434267667
H           -2.37201724846142       -0.90009062136682        2.70506108474547
H           -3.54242502180317       -2.62533419973510        0.48670637626124
H           -4.35604017781792       -2.35305133649648        2.05304358360593
H           -1.76402303872107       -3.42960487732939        1.80474113648854
H           -4.22759217068584       -0.19700148442892        0.38568547718759
H           -4.29283600432863        0.44435240114760        3.12895922662892
H           -2.86162639080597        1.99107567272819        1.96127586713967
H           -4.64061802781746        2.35606524408274        0.48462049071953
H           -1.45573373432108        2.04409081923483       -0.37499116079216
H           -0.55561890984579        0.71595706169377        1.94192664287218
H            1.04938948536887       -2.30981199446328       -0.99312552178272
H            2.10570575354635       -1.33813775427319        1.42808856313245
H            3.65034822489167       -2.19630167092488       -0.29789889182715
H            3.02801493405653       -2.76197085827439       -2.42939494153847
48
 energy: -84.843102624113 gnorm: 0.001023598791 xtb: 6.7.1 (edcfbbe)
C            4.16692465524324        1.34930302680346        1.09364329702903
O            3.51800333845631        0.15276839796250        0.67674939199158
C            3.61705962925386       -0.09579992707942       -0.70172395852637
O            2.94764771499074        0.87352966933977       -1.45651846037750
C            1.59543371855258        0.57962358686522       -1.80813913361993
C            0.92522716224638        1.92461126841836       -2.10234030337458
O            1.51099159797444        2.57287508335324       -3.20007013794231
C            0.89187340477179       -0.19664016378525       -0.68692463401479
O           -0.46223192486272       -0.42875448360443       -1.08329292805525
C           -1.50920895612073       -0.13175552761922       -0.22425975287017
O           -1.50856684387990       -1.04559611873084        0.86000831175438
C           -2.69371471285662       -1.02633011022407        1.66208946082057
C           -3.38744551811236       -2.39520135683596        1.55862276460992
O           -2.65606267674317       -3.41130574591239        2.19189005084594
C           -3.68399136242989        0.09292208447708        1.29233715243236
O           -4.68471580959727        0.22136387682628        2.26781629158859
C           -2.98919295237412        1.44708656890155        1.01167525045652
O           -3.75151254984793        2.21662030555112        0.11654464123934
C           -1.58077693768760        1.27696176796206        0.39336542577577
O           -0.57925709552879        1.48268308347128        1.35584344727670
C            1.60060634743152       -1.54864826166879       -0.43872001963136
O            1.54248601731050       -1.93946985902183        0.90626994939605
C            3.06691314043672       -1.50806696999962       -0.93113677815076
O            3.22035757260608       -1.81722343184384       -2.28922524905210
H            3.73919416985320        2.21452234646925        0.58399084633124
H            5.23738504898449        1.29037303772716        0.87950249661960
H            3.99870904992256        1.42097355310150        2.16402417590036
H            4.66958141548557       -0.03352688604477       -1.02390511550909
H            1.59008058829038       -0.02880072110072       -2.72300905178164
H            0.98066087442487        2.55510661374491       -1.20407112737495
H           -0.11936378150751        1.75281185012020       -2.36655601912900
H            2.46688917522012        2.61957839128850       -3.05203751791752
H            0.93263568644207        0.40275180381092        0.22609510092776
H           -2.39125685541038       -0.28212808912103       -0.86359050785772
H           -2.36454992498117       -0.89538887921723        2.70265053780562
H           -3.54538244683186       -2.63031984382384        0.49747919629276
H           -4.35380144267794       -2.34813914609469        2.06480782494853
H           -1.76542254002510       -3.43329189910853        1.81332268733826
H           -4.22412901637477       -0.19810417060053        0.38385441050768
H           -4.29522498155527        0.44829754094358        3.12597381543527
H           -2.86025715176203        1.99062682739629        1.96154713897542
H           -4.63990762198933        2.35158254547477        0.48091860854958
H           -1.45102519725039        2.04655751410029       -0.37080421678132
H           -0.56096075675673        0.71358543358186        1.94909735921040
H            1.05013506738116       -2.31173952238773       -0.99925709081460
H            2.10173500046167       -1.33838509592028        1.42367965592626
H            3.64910091492864       -2.19461081264843       -0.30068603843788
H            3.03832543367592       -2.75788968388642       -2.43404980312302
48
 energy: -84.843111474507 gnorm: 0.001189636767 xtb: 6.7.1 (edcfbbe)
C            4.16328873280769        1.34824758545029        1.09753656177466
O            3.51778611403947        0.15049322709589        0.67871381143806
C            3.61608280450827       -0.09464409398334       -0.70045952109367
O            2.94596057266698        0.87657918000692       -1.45214591747121
C            1.59561109540017        0.58062762543042       -1.80869112031741
C            0.92475825947965        1.92466547288989       -2.10513194230781
O            1.51482403681278        2.57395417915555       -3.20022138655398
C            0.89055207156925       -0.19712706776980       -0.68978713084784
O           -0.46349826677774       -0.42783312426826       -1.08734585078090
C           -1.50982076031536       -0.13199898640977       -0.22771836427067
O           -1.50991408978303       -1.04862852894924        0.85444937277015
C           -2.69170739222908       -1.02549525601959        1.66158092178146
C           -3.38662668248778       -2.39443996813589        1.56618758512310
O           -2.65510548789184       -3.40814957017419        2.20310681412483
C           -3.68282550773873        0.09280199058149        1.29120581673949
O           -4.68373873710881        0.22126441230137        2.26632475291744
C           -2.98809211849338        1.44684938961333        1.01055892811606
O           -3.74994862457311        2.21682727032058        0.11549458238193
C           -1.57985531492827        1.27571917255571        0.39284111542669
O           -0.57843727322843        1.47819012376369        1.35641076282486
C            1.59969280402905       -1.54905763276306       -0.44276372884749
O            1.54080385230761       -1.94118782304392        0.90201295704233
C            3.06669948042969       -1.50666780621325       -0.93305344923026
O            3.22274889670385       -1.81363899442587       -2.29134403863246
H            3.72949869445398        2.21352657754097        0.59318105830042
H            5.23302718848444        1.29490634582532        0.87847079555379
H            3.99947662857234        1.41492313928661        2.16891794363708
H            4.66854274651012       -0.03143818150835       -1.02284878722047
H            1.59432654360769       -0.02767510645352       -2.72359713398340
H            0.97603701014253        2.55503743462487       -1.20665110958676
H           -0.11846911861288        1.75199862904269       -2.37367676604368
H            2.47019895564981        2.61868677331501       -3.04823383647431
H            0.93046433206178        0.40077003907483        0.22417344247455
H           -2.39245510351472       -0.27995593558921       -0.86682476094549
H           -2.35877605683780       -0.89077354048031        2.70056222867366
H           -3.54697047262938       -2.63447864430926        0.50654666558569
H           -4.35186272899530       -2.34400530964655        2.07416262389379
H           -1.76663253206443       -3.43633077305049        1.81982094204426
H           -4.22250968793105       -0.19908687573197        0.38273511149224
H           -4.29497808077332        0.45077612184196        3.12409785209116
H           -2.85900783474310        1.99032586741590        1.96051050552259
H           -4.63940485062436        2.34889195148076        0.47832928609308
H           -1.44783398263000        2.04649699794434       -0.36972660537127
H           -0.56352761952036        0.71012349491064        1.94987362748280
H            1.05023402278698       -2.31197652200874       -1.00438167666406
H            2.09838941943512       -1.33945577831956        1.42043246790962
H            3.64809414314559       -2.19382121530210       -0.30253293678626
H            3.04489758611385       -2.75481679607388       -2.43762102447995
48
 energy: -84.843122618202 gnorm: 0.000982116337 xtb: 6.7.1 (edcfbbe)
C            4.15839604374212        1.34654753585935        1.10294336307500
O            3.51739363421199        0.14732021754601        0.68122951608605
C            3.61523691468445       -0.09349425707231       -0.69877266073230
O            2.94454300331481        0.88007764368669       -1.44700178273544
C            1.59628555648814        0.58230717975726       -1.80932716066446
C            0.92410328445502        1.92531571182449       -2.10654059963354
O            1.51667185247240        2.57723510064127       -3.19858525172824
C            0.88950277143268       -0.19771615880082       -0.69327691020445
O           -0.46446858296038       -0.42771546035246       -1.09223170947006
C           -1.51066148756197       -0.13359740128215       -0.23239401827630
O           -1.51138483025628       -1.05250993275438        0.84764124034680
C           -2.68912538942437       -1.02394475896894        1.66108525213644
C           -3.38533574489856       -2.39306383812248        1.57634087763136
O           -2.65359435768786       -3.40320846641808        2.21864573611267
C           -3.68133073765492        0.09298820962555        1.28972004680773
O           -4.68163225499963        0.22236037803450        2.26518616791150
C           -2.98654821835162        1.44661389182912        1.00760065603120
O           -3.74862376602445        2.21683836183397        0.11287859414724
C           -1.57911320190938        1.27359454158629        0.38982923916156
O           -0.57730615542559        1.47396607100321        1.35430438231533
C            1.59882537346827       -1.54963554918206       -0.44781356614071
O            1.53810369551492       -1.94405090030185        0.89637844994939
C            3.06666389994723       -1.50519723311905       -0.93537671646976
O            3.22569339461133       -1.80929599538856       -2.29391312602250
H            3.71673180093900        2.21199298755201        0.60580329459275
H            5.22712351522748        1.30066539576159        0.87757803391150
H            4.00026089170088        1.40624712536824        2.17559773333287
H            4.66773711523123       -0.02920638042306       -1.02113828879083
H            1.59958467885230       -0.02511560611395       -2.72485948538798
H            0.97115849181293        2.55478406360122       -1.20716635565340
H           -0.11783600582780        1.75066691203218       -2.37859814259128
H            2.47186833134947        2.61951756365037       -3.04450172650303
H            0.92837272372961        0.39869319822033        0.22173876598651
H           -2.39359810989440       -0.27971336619785       -0.87177076869792
H           -2.35143378344643       -0.88386274545637        2.69789297499205
H           -3.54832738007964       -2.63984929221281        0.51873488878500
H           -4.34932341405866       -2.33821411781243        2.08618797690356
H           -1.76866452635510       -3.44080913479645        1.82778001752374
H           -4.22124052211642       -0.20045417127741        0.38191402312242
H           -4.29258355862616        0.45336235898817        3.12241539748798
H           -2.85656406845175        1.99046227635110        1.95733944714891
H           -4.63851630389587        2.34651816286081        0.47541977678873
H           -1.44486495477169        2.04414592029924       -0.37252935593641
H           -0.56582142485029        0.70654990281579        1.94934786900437
H            1.05058344375121       -2.31181578728425       -1.01156855015706
H            2.09395207789478       -1.34226445846710        1.41660131566905
H            3.64711532079872       -2.19321297449802       -0.30487756590127
H            3.05198863129640       -2.75082325432333       -2.44240985035593
48
 energy: -84.843133101921 gnorm: 0.001254774791 xtb: 6.7.1 (edcfbbe)
C            4.15272540130182        1.34453410024253        1.10874616564498
O            3.51628504164765        0.14412001181892        0.68346014976845
C            3.61484331915756       -0.09272353789111       -0.69712669050575
O            2.94427742756767        0.88280126285172       -1.44306145982340
C            1.59759443480206        0.58418786939128       -1.81011453869309
C            0.92391907165129        1.92636326396681       -2.10691342370354
O            1.51703224946043        2.58159581085880       -3.19619883083215
C            0.88918198634260       -0.19818106363237       -0.69667446428699
O           -0.46465467651258       -0.42733535227747       -1.09695337667612
C           -1.51136436286371       -0.13506025730071       -0.23699217149196
O           -1.51298222879451       -1.05612738566231        0.84042743862699
C           -2.68636717699816       -1.02212606800564        1.66057396658697
C           -3.38383115310445       -2.39142528577887        1.58755205763829
O           -2.65199916675595       -3.39754060328217        2.23602596760616
C           -3.68000694392984        0.09300838130183        1.28806809770912
O           -4.67908398360011        0.22359867395975        2.26451647708092
C           -2.98572617121544        1.44630859330387        1.00385098577950
O           -3.74811804326451        2.21612466437027        0.10893077193942
C           -1.57906712430287        1.27161018257833        0.38618467644354
O           -0.57732379894149        1.47008178066964        1.35139520236869
C            1.59834339951401       -1.55015481663673       -0.45272012177228
O            1.53522393927504       -1.94728319108123        0.89047700883588
C            3.06701173205150       -1.50413260348539       -0.93757650717081
O            3.22833033339607       -1.80547380955481       -2.29635948585107
H            3.70329320428172        2.21038341512590        0.61935520172085
H            5.22037787756768        1.30634174072052        0.87720189543934
H            4.00024944551118        1.39660961743654        2.18262397810783
H            4.66759721300860       -0.02737447533899       -1.01868396380318
H            1.60439385537101       -0.02193884610380       -2.72652584952503
H            0.96753958099188        2.55432651774534       -1.20617421147925
H           -0.11713161214833        1.74939182787805       -2.38122950364218
H            2.47235516450740        2.62313192009358       -3.04175276235470
H            0.92736978513312        0.39722186704086        0.21911501161683
H           -2.39393437961129       -0.27956027950919       -0.87742858880572
H           -2.34358021612958       -0.87620385862579        2.69493064725136
H           -3.54950260788036       -2.64569393289032        0.53224797481853
H           -4.34661531648527       -2.33160722015625        2.09915138132569
H           -1.77126622667966       -3.44594044820251        1.83673179172698
H           -4.22058634754514       -0.20231254922806        0.38132093898609
H           -4.28872218065569        0.45498997829782        3.12113333788200
H           -2.85501949223262        1.99097591724750        1.95306860779473
H           -4.63792270271075        2.34514745234415        0.47187177975099
H           -1.44323781848224        2.04163678370713       -0.37595507062584
H           -0.56529011750931        0.70135430818966        1.94360563599228
H            1.05118867514527       -2.31110468643552       -1.01919483006502
H            2.08999005373511       -1.34639009261042        1.41288918144123
H            3.64667832311243       -2.19302385955475       -0.30729560088486
H            3.05753000131530       -2.74713224855694       -2.44704343337855
48
 energy: -84.843140699791 gnorm: 0.000795673871 xtb: 6.7.1 (edcfbbe)
C            4.14809468106848        1.34262795928102        1.11287124219519
O            3.51454617178701        0.14183493585093        0.68444802381260
C            3.61483219869070       -0.09249026042659       -0.69638793330331
O            2.94467964020378        0.88379973650113       -1.44177831738771
C            1.59848144703669        0.58520160097206       -1.81058190454584
C            0.92388733252853        1.92732720549462       -2.10555321625003
O            1.51606602660961        2.58539607753635       -3.19325471659797
C            0.88941670944455       -0.19885464670374       -0.69854235721255
O           -0.46424520824186       -0.42775572127523       -1.09956556630741
C           -1.51179771802222       -0.13630255945727       -0.23975832737871
O           -1.51376459579759       -1.05791086499259        0.83664438960633
C           -2.68445906072675       -1.02057282804335        1.66077593874449
C           -3.38242266752951       -2.39004099441884        1.59518382678519
O           -2.65092835030855       -3.39344611454763        2.24813893965928
C           -3.67926072696175        0.09306906193425        1.28722135302565
O           -4.67735258240011        0.22475483638033        2.26458415063364
C           -2.98570189463210        1.44614824525173        1.00037483772613
O           -3.74866017667252        2.21435922135942        0.10447806593772
C           -1.57927177088675        1.27057348506959        0.38268452155111
O           -0.57732482829654        1.46969178755795        1.34762243141455
C            1.59865670163298       -1.55105534319428       -0.45624240917881
O            1.53398061092681       -1.95082741606320        0.88597532102300
C            3.06784094137918       -1.50382010971032       -0.93960143488642
O            3.23038395053364       -1.80309929875102       -2.29866846347067
H            3.69411264176561        2.20900447459325        0.62878110328306
H            5.21506141339422        1.30935794625357        0.87781768817652
H            3.99893346069194        1.38936832406406        2.18740592496393
H            4.66795392048306       -0.02603964348147       -1.01663993007971
H            1.60639874916885       -0.01951792846941       -2.72791224577613
H            0.96623859442913        2.55364726361274       -1.20356053587421
H           -0.11689793567324        1.74943600714156       -2.38035571113826
H            2.47148558804252        2.62811379255028       -3.03934839329810
H            0.92754151902594        0.39568599027275        0.21788128315992
H           -2.39376367200731       -0.28048998951235       -0.88128009610363
H           -2.33857613697259       -0.87062588025996        2.69352121835159
H           -3.54942530578780       -2.64930971735126        0.54141796209623
H           -4.34467470826441       -2.32683575130913        2.10739924480928
H           -1.77250905202110       -3.44858748449033        1.84490553905090
H           -4.22044171643981       -0.20410046889139        0.38144372167787
H           -4.28565141242862        0.45585639228050        3.12075488755254
H           -2.85472280977976        1.99232279241711        1.94868777631495
H           -4.63785406111620        2.34493819194024        0.46836591253944
H           -1.44352962730483        2.03961087651393       -0.38044203075902
H           -0.56363576907825        0.69973751455859        1.93907418674012
H            1.05230560298527       -2.31092883145193       -1.02497288852518
H            2.08844797670681       -1.35123069594200        1.41020824446740
H            3.64725449940043       -2.19338267912468       -0.30983436585735
H            3.06026907695666       -2.74463902266590       -2.45090544708703
48
 energy: -84.843147238235 gnorm: 0.000572012139 xtb: 6.7.1 (edcfbbe)
C            4.14390159144658        1.34106654561136        1.11553636004013
O            3.51204816909928        0.14035848359268        0.68463045704682
C            3.61479105843271       -0.09278940281953       -0.69615497816033
O            2.94563502772976        0.88346000953970       -1.44247082035888
C            1.59915944385110        0.58572639171114       -1.81113167218266
C            0.92453178114730        1.92844282837704       -2.10380045235295
O            1.51550930764560        2.58811316505227       -3.19096639495994
C            0.88991822413834       -0.19930492606894       -0.69967630868505
O           -0.46354016030391       -0.42773080185320       -1.10124039533447
C           -1.51189491771514       -0.13650993956002       -0.24161383510722
O           -1.51403555933847       -1.05851833201308        0.83411124526324
C           -2.68281756094968       -1.01942753837736        1.66090746031133
C           -3.38078535330961       -2.38910923490892        1.60051699707199
O           -2.64944596317258       -3.39019435920061        2.25701876697756
C           -3.67883312571594        0.09280899770777        1.28674352895173
O           -4.67618270551102        0.22506383544782        2.26488630741330
C           -2.98647977610869        1.44598817158215        0.99767041912200
O           -3.74965617895505        2.21179992537340        0.09992673986661
C           -1.57970591709175        1.27032519235379        0.38046704349729
O           -0.57825425844359        1.47011741022825        1.34538249501989
C            1.59887962175964       -1.55197490433548       -0.45864570015094
O            1.53314671181443       -1.95390706496379        0.88276471533336
C            3.06841917235701       -1.50407331572676       -0.94110074214125
O            3.23166179390817       -1.80197395958555       -2.30039294130629
H            3.68737392627717        2.20803940454970        0.63498616487245
H            5.21050687536119        1.31077080284352        0.87862983652448
H            3.99652808468549        1.38411350556103        2.19043467012440
H            4.66839047618437       -0.02551598983132       -1.01458567306109
H            1.60650371406381       -0.01772458435531       -2.72929025363298
H            0.96737045451157        2.55332446871708       -1.20080752680995
H           -0.11645779263540        1.75078051113529       -2.37820613909393
H            2.47087572974430        2.63326608664207       -3.03744897594541
H            0.92831988754169        0.39443178537914        0.21726242707519
H           -2.39323934541721       -0.28052573019922       -0.88406971826632
H           -2.33491355761763       -0.86657953375045        2.69256002681104
H           -3.54808949347841       -2.65207150205525        0.54777793231791
H           -4.34295507995837       -2.32378699164137        2.11269531395016
H           -1.77165745562411       -3.44836756198467        1.85328418332116
H           -4.22043858061017       -0.20594369067621        0.38175960821471
H           -4.28340243619995        0.45564655072773        3.12073977196174
H           -2.85607916311419        1.99397415080630        1.94495698325640
H           -4.63810304194989        2.34539084072990        0.46458378039358
H           -1.44458922965603        2.03911028591132       -0.38298569213174
H           -0.56105063301498        0.69797074320142        1.93404750941630
H            1.05296802709861       -2.31094663347789       -1.02902205703904
H            2.08793705853897       -1.35574357107016        1.40830539484601
H            3.64772105130063       -2.19418220509906       -0.31186028314457
H            3.06050776481306       -2.74318885071924       -2.45363413501459
48
 energy: -84.843152689613 gnorm: 0.000510404475 xtb: 6.7.1 (edcfbbe)
C            4.13935489131861        1.33972480142631        1.11764855407075
O            3.50890879250234        0.13908173246373        0.68471742045419
C            3.61440808856452       -0.09350420933367       -0.69593484890951
O            2.94668959550400        0.88259735410253       -1.44364904190359
C            1.59965273223645        0.58626961201980       -1.81173357530965
C            0.92590926361594        1.92996565052183       -2.10247809349438
O            1.51650239284778        2.59018574953829       -3.18954260389365
C            0.88992465650792       -0.19945703218259       -0.70099748322788
O           -0.46339418181926       -0.42692797440904       -1.10319188004012
C           -1.51213715023696       -0.13583579389110       -0.24357121035332
O           -1.51431258183248       -1.05893836621927        0.83126034104261
C           -2.68098640426131       -1.01850026259810        1.66087550574257
C           -3.37835293231726       -2.38871429177944        1.60545010045396
O           -2.64711975656467       -3.38735465996342        2.26570131742665
C           -3.67840826275483        0.09224623970283        1.28622144018682
O           -4.67522691847335        0.22437718663224        2.26500112481339
C           -2.98744744118295        1.44573287319876        0.99521582528544
O           -3.75053813607619        2.20876730260132        0.09512453473057
C           -1.57978242627769        1.27052632241547        0.37931650362455
O           -0.57911045041815        1.46965953272115        1.34476163930738
C            1.59856425940407       -1.55262320092829       -0.46095863933808
O            1.53189664798134       -1.95582567503807        0.87992729651123
C            3.06847290245590       -1.50468914944379       -0.94237644482794
O            3.23254324853046       -1.80152475700658       -2.30182870698501
H            3.68085308058534        2.20721678212823        0.63987126325957
H            5.20572229528209        1.31178460436737        0.87927574800052
H            3.99335775670520        1.37986315204735        2.19284571745618
H            4.66855897449958       -0.02575358337808       -1.01228565639750
H            1.60590493233836       -0.01599597357309       -2.73064703443997
H            0.97009581168001        2.55376195073206       -1.19885630955824
H           -0.11546780478354        1.75373755296890       -2.37631722975543
H            2.47162075320605        2.63756625154505       -3.03554705459131
H            0.92859326053226        0.39337643067090        0.21646778728668
H           -2.39318719762166       -0.27908790868936       -0.88656117004782
H           -2.33101749025723       -0.86285281662954        2.69149970226513
H           -3.54576257097328       -2.65551147302376        0.55365943161926
H           -4.34051747998948       -2.32157695111404        2.11743957311873
H           -1.76921632066870       -3.44728046892224        1.86252088783491
H           -4.22022010121244       -0.20800747213351        0.38185485879620
H           -4.28181695495870        0.45489982982942        3.12058455001714
H           -2.85827533830804        1.99561178659053        1.94147654827072
H           -4.63834103275973        2.34570313705923        0.46012692319926
H           -1.44468945135312        2.03994744874207       -0.38362079814813
H           -0.55910113957381        0.69481457263531        1.93016183111873
H            1.05284231387019       -2.31092439900262       -1.03235761774029
H            2.08718153976070       -1.35887028965847        1.40629559848548
H            3.64739577017280       -2.19537914248653       -0.31344038151832
H            3.05947323214219       -2.74228253710920       -2.45592479995557
48
 energy: -84.843156819046 gnorm: 0.000534994606 xtb: 6.7.1 (edcfbbe)
C            4.13511507756725        1.33866511040561        1.11907177482568
O            3.50589665202071        0.13794251033697        0.68471488007021
C            3.61379482974120       -0.09435256631609       -0.69583399779769
O            2.94755035365236        0.88172050575509       -1.44478019770533
C            1.60000275860535        0.58691097619043       -1.81244263153448
C            0.92759848126247        1.93169640029308       -2.10166556692284
O            1.51854788399104        2.59182049448956       -3.18874868545374
C            0.88996576158740       -0.19932633047012       -0.70226806514625
O           -0.46325028230116       -0.42590768942356       -1.10502805370184
C           -1.51202200990283       -0.13495653257085       -0.24535253880193
O           -1.51422891431159       -1.05928846099254        0.82864959725540
C           -2.67911091030004       -1.01783710352775        1.66067965428758
C           -3.37573218708874       -2.38858970460381        1.60966454130227
O           -2.64408622513904       -3.38474367069094        2.27316100193075
C           -3.67793679046955        0.09151305997732        1.28578247971518
O           -4.67446859511667        0.22336765112901        2.26493524995845
C           -2.98834826041856        1.44546582792245        0.99336738554530
O           -3.75093942757562        2.20574477373080        0.09060264454829
C           -1.57972455080191        1.27065134934635        0.37913357303805
O           -0.58032008466215        1.46851073374767        1.34594006982141
C            1.59769033519626       -1.55316373681900       -0.46285778036518
O            1.53032307476703       -1.95725999226951        0.87776926401146
C            3.06785683917865       -1.50529722709434       -0.94352017651235
O            3.23280718350419       -1.80124955705830       -2.30307954849984
H            3.67528690224592        2.20638655789396        0.64298757707190
H            5.20136061891489        1.31244286991175        0.87996947810410
H            3.98978014842558        1.37695118360145        2.19440604739629
H            4.66846537391371       -0.02643767233740       -1.01032495187662
H            1.60528034049672       -0.01444876374876       -2.73196545172462
H            0.97310569349530        2.55483338506308       -1.19765315059511
H           -0.11413737438686        1.75705343775227       -2.37519540400819
H            2.47337465721341        2.64049970428106       -3.03373477434010
H            0.92864305115922        0.39258801722871        0.21576305034236
H           -2.39309709903050       -0.27733378368571       -0.88846756278905
H           -2.32753832495666       -0.85972390966201        2.69044921911566
H           -3.54283022958817       -2.65877335513385        0.55869567301062
H           -4.33801126649099       -2.32037998455600        2.12133602756801
H           -1.76584033628037       -3.44520532847957        1.87080513140503
H           -4.21979773785374       -0.21003606598147        0.38187668416773
H           -4.28093002025295        0.45467298281993        3.12024726689343
H           -2.86092477807851        1.99721331331961        1.93873782505772
H           -4.63847171584639        2.34535188285341        0.45521254981422
H           -1.44388215707628        2.04111501927438       -0.38271976823234
H           -0.55868803300169        0.69134711696712        1.92832968979185
H            1.05189467573692       -2.31086445852278       -1.03502022062927
H            2.08599172141326       -1.36106725805179        1.40463276691655
H            3.64619374298116       -2.19666149148174       -0.31478311980226
H            3.05778882143685       -2.74156075299498       -2.45799801275361
