48
 energy: -84.831777611363 gnorm: 0.075299172667 xtb: 6.7.1 (edcfbbe)
C            5.61095668405192        1.55716087155438       -1.05787394810779
O            4.80985702151009        0.68774876331564       -0.26395153585601
C            3.56768008637882        0.39970776123563       -0.79276963081885
O            2.74163719727533        1.53925082292463       -0.65799599956945
C            1.42540652616869        1.34632728570223       -1.13925634105534
C            0.70051344548167        2.69407743009607       -1.03222163686781
O            1.25536216052648        3.66250059349874       -1.88029797590904
C            0.69861948622274        0.25124122416714       -0.33944730498953
O           -0.56825532558416        0.04590350139955       -0.95686322194732
C           -1.69253148402968       -0.15873656423917       -0.15922295184776
O           -1.39443902016074       -0.98204792991981        0.94404552074117
C           -2.54130155280183       -1.64886029555295        1.46580970487074
C           -2.62627932807545       -3.06667681394578        0.87189009932306
O           -1.47878013328696       -3.82118775852677        1.15995004406053
C           -3.84534696946017       -0.86497100354297        1.22099197010592
O           -4.84089230101467       -1.20978812787910        2.14804723138352
C           -3.63061193022951        0.66883400016867        1.19410720441246
O           -4.73492321119392        1.29479146803734        0.59126898998164
C           -2.35863222972026        1.10750290017655        0.42286390337630
O           -1.47649637454565        1.82431830352540        1.24654879385597
C            1.52435294840238       -1.04862125119592       -0.39275119098402
O            1.01123611435937       -2.08245219295694        0.41023858141290
C            2.99315704382489       -0.78900859583458       -0.01384168820783
O            3.78122933180239       -1.91181950425916       -0.30370748184186
H            5.14848918553933        2.54192984195625       -1.13649306520216
H            5.75630007359951        1.13422100192736       -2.05571501862556
H            6.56130779504813        1.62711240287133       -0.53707854768850
H            3.64259160213946        0.12467905288868       -1.86526617245968
H            1.45688303534971        1.03763912375113       -2.19579053057629
H            0.71838502167254        3.02624313176672        0.01203574648341
H           -0.33425095883036        2.56038256632152       -1.34792388486567
H            2.17837091918285        3.79928528983790       -1.62393530693591
H            0.58110385575944        0.57937606268731        0.69604164761120
H           -2.39873251434982       -0.64419880887677       -0.84732291526632
H           -2.34812154303971       -1.73723457262662        2.54126527404131
H           -2.77973618903401       -2.99463722061978       -0.21337162775422
H           -3.47134824095042       -3.59448820442196        1.31707005106979
H           -0.70595566645598       -3.37441222931049        0.77434721151284
H           -4.26713398249768       -1.15406137132550        0.25142322910516
H           -4.53529543062568       -1.04394266884298        3.05304348098240
H           -3.52720331485427        1.02682041062660        2.23231837973632
H           -5.55040426261018        0.97108037590736        1.00579435811650
H           -2.65389839905687        1.78960206531918       -0.37726663561707
H           -1.21971394061306        1.26102811356009        1.99346374036803
H            1.48558046505204       -1.43411431787486       -1.41812816254652
H            0.92448381977065       -1.76571298871817        1.32230314199101
H            3.06335197982407       -0.53284924710792        1.05546680548697
H            3.34342733040107       -2.69894669552468        0.06163744928575
48
 energy: -84.836926873005 gnorm: 0.010883266003 xtb: 6.7.1 (edcfbbe)
C            5.60865941248510        1.55945296519813       -1.05706928004223
O            4.80588706115457        0.69185193021385       -0.26287571963896
C            3.56289956488989        0.40411121048747       -0.79049652045518
O            2.73224414009322        1.54114910829041       -0.64403962022396
C            1.41260048181760        1.35573447784297       -1.12217123197301
C            0.68896450051267        2.70131552319552       -1.01874399717359
O            1.24778131822361        3.66498884356128       -1.87050564089483
C            0.70963193461233        0.21527275819099       -0.36574410037677
O           -0.56429630609505       -0.00863092764496       -0.96073349421958
C           -1.69752448334439       -0.15534760354938       -0.16276321457066
O           -1.39979627523289       -0.95506278594497        0.96012786690801
C           -2.54173573850868       -1.63860187738797        1.47171546083932
C           -2.62263621939052       -3.05708282894593        0.87490261843271
O           -1.47665705426753       -3.81404245440687        1.16231298788604
C           -3.84658356404202       -0.85942027850024        1.22112298613677
O           -4.84223750617163       -1.20553128267465        2.14754977042920
C           -3.62967701027580        0.67452600342765        1.18983398871435
O           -4.73620073030938        1.29811324093047        0.58887469347129
C           -2.35875980895685        1.11538665855748        0.41407831828992
O           -1.47488726804039        1.82954843960563        1.23836050503829
C            1.53921365052602       -1.07371099351891       -0.40529634856162
O            1.02330186981772       -2.09999734551284        0.40556080165064
C            3.00000813776866       -0.79388998699170       -0.01663460587110
O            3.79530902697555       -1.91179236021937       -0.30349133433383
H            5.14778333661479        2.54481734024664       -1.13633695906256
H            5.75415431577698        1.13561111969485       -2.05455179813913
H            6.55913397556789        1.62805602549040       -0.53614545836948
H            3.63737741973433        0.13391901501961       -1.86437672989846
H            1.45119896369094        1.05903644040589       -2.18299778288795
H            0.70737980548237        3.03421829719590        0.02459231990715
H           -0.34399392161851        2.56557688739933       -1.33872024761245
H            2.17185305541366        3.79913430590557       -1.61640554117381
H            0.58819268555010        0.54159174129898        0.67169647180992
H           -2.40708797736994       -0.65098989406167       -0.83997480361902
H           -2.35263557414398       -1.72906099213464        2.54752576335475
H           -2.77611184366445       -2.98625581169026       -0.21055119163902
H           -3.46802917941118       -3.58689162498408        1.31776028270927
H           -0.70329177610140       -3.36973015384586        0.77526108089953
H           -4.26630251868088       -1.15158128261936        0.25154317781437
H           -4.53698154521367       -1.04031414812371        3.05273682426350
H           -3.52554175962992        1.03238950465508        2.22811231051044
H           -5.55020165195760        0.97306072158866        1.00530257475605
H           -2.65432797189751        1.79638234356517       -0.38615826499179
H           -1.21984603598773        1.26536838320306        1.98555537168172
H            1.50365619843409       -1.46159803471438       -1.42897277745430
H            0.92799262667944       -1.77264714176051        1.31346581256036
H            3.06298278813820       -0.53771050191856        1.05328551139799
H            3.35713627656433       -2.70072697173401        0.05795894721644
48
 energy: -84.837670173830 gnorm: 0.005789097376 xtb: 6.7.1 (edcfbbe)
C            5.60558022355434        1.56419719000663       -1.05534394670935
O            4.80265029111730        0.69719404999291       -0.26076443553163
C            3.56070217010122        0.40600769636658       -0.78868567746414
O            2.72273612992288        1.53619791218503       -0.63123893174514
C            1.40550175504164        1.34851785622015       -1.11821772006456
C            0.67686512760812        2.69006130523336       -0.99854459871208
O            1.23295754224344        3.65590653020041       -1.84978698126306
C            0.70777089535855        0.19698937276726       -0.36928334142782
O           -0.56492540926141       -0.03370403396760       -0.96490281875466
C           -1.69921334098425       -0.15905161145210       -0.16464869182615
O           -1.40142834609014       -0.93866766309665        0.97608009451510
C           -2.54109595286780       -1.63049423186205        1.48017438866136
C           -2.61663615776864       -3.04711525357146        0.87864259907170
O           -1.47159353851393       -3.80524286368651        1.16676201264238
C           -3.84591599320854       -0.85305707865943        1.22282068144995
O           -4.84445083748778       -1.19254670182575        2.14846615241531
C           -3.62712567101581        0.68081852739287        1.18163026146460
O           -4.73500577173654        1.30252935933771        0.58117304631483
C           -2.35702772793004        1.11899619239157        0.40031927846884
O           -1.47274967563556        1.83549755719148        1.22176947004635
C            1.54752543325569       -1.08381769692376       -0.41984023803547
O            1.03006380792153       -2.11025233104889        0.38926110345518
C            3.00494819574281       -0.80010987353731       -0.02249356786670
O            3.81343236472091       -1.90948528410938       -0.30752294482747
H            5.14537286611510        2.54977544661406       -1.13554827394420
H            5.75139373868396        1.13934109890832       -2.05238125706874
H            6.55599539859537        1.63243538956605       -0.53423938260204
H            3.63407219799247        0.14617778401745       -1.86509674375002
H            1.45118528020164        1.07200098899521       -2.18655659989979
H            0.69545904132727        3.02395434235094        0.04458287485149
H           -0.35646915490861        2.55691113722748       -1.31835759582020
H            2.15789884864794        3.79107498537755       -1.59925049240173
H            0.58267072480599        0.50724742713738        0.67476664582056
H           -2.41113162016402       -0.66103647252810       -0.83362526485927
H           -2.35647766128715       -1.72238077039587        2.55648986702573
H           -2.76875028375531       -2.97432753554898       -0.20694492218340
H           -3.46321275821430       -3.57664937283953        1.31967269599772
H           -0.69760569915936       -3.36439026617300        0.77705208301386
H           -4.26466013830046       -1.14970541319257        0.25418685442550
H           -4.53947567195712       -1.02770084124049        3.05373397720032
H           -3.51908539703432        1.04411547863913        2.21767702066430
H           -5.54781825543838        0.97927422022753        1.00146160658436
H           -2.65611770657265        1.79862646243520       -0.39983418743809
H           -1.21599526051255        1.27222745653706        1.96922252873912
H            1.52165059322704       -1.47541026934764       -1.44273281835648
H            0.92894214974223       -1.78166362487778        1.29629232960876
H            3.05989358300673       -0.54643565966707        1.04851289460880
H            3.37869849690260       -2.70283491520306        0.04857074867929
48
 energy: -84.838003386896 gnorm: 0.004945574820 xtb: 6.7.1 (edcfbbe)
C            5.60185055653474        1.57042514401583       -1.05296275477856
O            4.79976843695668        0.70307902029653       -0.25804881738801
C            3.55873753115866        0.40846065672258       -0.78575038586583
O            2.71453396492449        1.53190516538772       -0.61728494778479
C            1.40022213460087        1.34035425304078       -1.11252128032299
C            0.66411813919106        2.67678502395429       -0.97860563917899
O            1.21337369030370        3.65142396680058       -1.82518347905682
C            0.70501455860658        0.18262411802098       -0.37047678268787
O           -0.56524384919790       -0.04999692730762       -0.97118063878716
C           -1.69638188187667       -0.16598559604866       -0.16541000675059
O           -1.40020218336610       -0.92862802305669        0.98990684112299
C           -2.53985960068907       -1.62297164011372        1.48825976893777
C           -2.61078810051490       -3.03781435939682        0.88365421779533
O           -1.46571021592830       -3.79525005289990        1.17316887969456
C           -3.84446623856378       -0.84530192652132        1.22580433396263
O           -4.84589538257281       -1.17318203818642        2.15246221446148
C           -3.62361951235573        0.68825056776948        1.17197903904438
O           -4.73223439429951        1.30689016865184        0.56976715923215
C           -2.35384408958571        1.11916246772014        0.38412209763402
O           -1.47016883237693        1.84275088437004        1.19930545017508
C            1.55234337944532       -1.09428234860696       -0.43225393723095
O            1.03387440859083       -2.12671687006754        0.36976052917428
C            3.00785477242652       -0.80596453863998       -0.02885082745284
O            3.82837983299551       -1.90618079481668       -0.31613102155660
H            5.14164540134669        2.55605874133378       -1.13350253837836
H            5.74770873942880        1.14523740390770       -2.04985655517101
H            6.55230494661127        1.63901895402151       -0.53198669390922
H            3.63049945318493        0.15986181210020       -1.86482275983414
H            1.44976034282003        1.07822008409995       -2.18431159504127
H            0.68480599836493        3.00458619918436        0.06625435467206
H           -0.37048968473822        2.54405461422127       -1.29468456707558
H            2.13890461341441        3.78776833576906       -1.57754467206412
H            0.57817349746571        0.47655657618287        0.67807052998490
H           -2.41076540022299       -0.67533534267870       -0.82470235933728
H           -2.35926151012126       -1.71602802956877        2.56500084595746
H           -2.76014687497885       -2.96234545469153       -0.20200317496765
H           -3.45835813644940       -3.56782349135548        1.32220798222452
H           -0.69185353246638       -3.35927981084043        0.77749897592165
H           -4.26360170941853       -1.14872563460272        0.25938980573049
H           -4.54015988387115       -1.00727762574009        3.05717844807268
H           -3.51126863849336        1.06052918601495        2.20449769197326
H           -5.54416670095348        0.98726549466035        0.99465187701928
H           -2.65618549541040        1.79356800700623       -0.41933741224094
H           -1.20840403863239        1.28216857770840        1.94713674747137
H            1.53428522848627       -1.48394205653609       -1.45618809370187
H            0.92763267150781       -1.80100545839892        1.27729141453168
H            3.05642871965293       -0.55784614956754        1.04376385067371
H            3.40085369485448       -2.70512525036280        0.03594766788730
48
 energy: -84.838162620786 gnorm: 0.003041689949 xtb: 6.7.1 (edcfbbe)
C            5.59783814891711        1.57577705316274       -1.04981892050428
O            4.79729118892138        0.70700360318913       -0.25499331629386
C            3.55692896724993        0.41060182299139       -0.78272867913803
O            2.70921653723502        1.52972397059876       -0.60695268236859
C            1.39753623571692        1.33470142887374       -1.10751080693063
C            0.65417339589116        2.66635205935145       -0.96319625908149
O            1.19508273046417        3.65153403167212       -1.80364382597590
C            0.70380714973512        0.17490342795544       -0.37019873919094
O           -0.56449992108501       -0.05949933736973       -0.97437556101066
C           -1.69258277733499       -0.17348366290936       -0.16522375914253
O           -1.39836111504248       -0.92587295422238        0.99763236841616
C           -2.53933451545946       -1.61785925395475        1.49419990919644
C           -2.60791884116800       -3.03196774642600        0.88872100065809
O           -1.46189411221049       -3.78726264340178        1.17978667439495
C           -3.84333500108223       -0.83836384273178        1.22928747467906
O           -4.84495814650698       -1.15445313180983        2.15984059399117
C           -3.62020634036249        0.69448710697206        1.16289412185102
O           -4.72881293970096        1.31006143474255        0.55780817645527
C           -2.35062466847103        1.11722367184182        0.37006500223002
O           -1.46822494400607        1.84981269676473        1.17829363535793
C            1.55518926256080       -1.10110432605294       -0.44110840847684
O            1.03659491778359       -2.14111427450520        0.35248380538345
C            3.00981082534580       -0.81074904373096       -0.03365742360114
O            3.83717665021187       -1.90408344121201       -0.32731980445786
H            5.13674883846221        2.56117969766180       -1.12984893394505
H            5.74377046108182        1.15133194449530       -2.04700449412913
H            6.54838751070149        1.64537898295263       -0.52916814226734
H            3.62777124190751        0.16986344138572       -1.86351803888682
H            1.44890429701752        1.07822097229057       -2.17919028273766
H            0.67669095224276        2.98558815063213        0.08424555107151
H           -0.38116369826363        2.53086941031659       -1.27544695942223
H            2.12032013882896        3.79028092224486       -1.55660875307838
H            0.57651989388589        0.45837712662714        0.67987078044524
H           -2.40803643973047       -0.69020598012809       -0.81694273055610
H           -2.36044123072630       -1.71095786033224        2.57115411617289
H           -2.75485113879040       -2.95526912516286       -0.19701366763659
H           -3.45544747698979       -3.56347768738847        1.32527856497137
H           -0.68926541520037       -3.35696256077194        0.77511783955082
H           -4.26490421205335       -1.14873344282161        0.26606414823328
H           -4.53691524641523       -0.98496916259787        3.06306524578105
H           -3.50470056173370        1.07567396157738        2.19181508707108
H           -5.54030576695486        0.99468938996142        0.98675094430346
H           -2.65385088172612        1.78320447542599       -0.44020595491160
H           -1.19991522376494        1.29273552083052        1.92648985254859
H            1.54001935527329       -1.48458395825387       -1.46735574998173
H            0.92733147184599       -1.82095197475721        1.26162167126546
H            3.05526031588732       -0.56972445074786        1.04071123060025
H            3.41817895316125       -2.70793043986313        0.02331388154141
48
 energy: -84.838246378094 gnorm: 0.002296481865 xtb: 6.7.1 (edcfbbe)
C            5.59450151927084        1.58045182077810       -1.04587222456828
O            4.79616348834473        0.70876814016955       -0.25206736620502
C            3.55624151485112        0.41195202501031       -0.78031359533661
O            2.70688723534315        1.52877904292500       -0.60057908501206
C            1.39698476850982        1.33199015981278       -1.10363415464949
C            0.64820174875260        2.66010314518163       -0.95345438394075
O            1.18193448126312        3.65427107151120       -1.78786991907377
C            0.70444034321004        0.17171070296532       -0.36898875827169
O           -0.56262877715738       -0.06460708212955       -0.97467423786813
C           -1.68931903715625       -0.18005630696394       -0.16508419077005
O           -1.39667593153181       -0.92789375881244        0.99979362574399
C           -2.53960943202003       -1.61499129322922        1.49805853106330
C           -2.60860682988906       -3.02971085329120        0.89413596482816
O           -1.46132433379104       -3.78278355931907        1.18618775514731
C           -3.84294658866337       -0.83328652411994        1.23291770547693
O           -4.84194388528314       -1.13957687735924        2.16956252209436
C           -3.61810320127014        0.69869157215610        1.15540930879428
O           -4.72615583591764        1.31159236023837        0.54684947098788
C           -2.34881341278537        1.11380373881022        0.35942407200729
O           -1.46802021630779        1.85487604686505        1.16166461340169
C            1.55725739844647       -1.10444462577927       -0.44655112209332
O            1.03849919176761       -2.15085126863928        0.33927067867587
C            3.01173571962383       -0.81468645554413       -0.03751762208644
O            3.84136412847666       -1.90353041019082       -0.34004837391858
H            5.13122123420290        2.56506671321450       -1.12435635178779
H            5.74066712698315        1.15783941634652       -2.04378577720289
H            6.54514337920945        1.65156627177273       -0.52562484634153
H            3.62702344865747        0.17559836192207       -1.86195341005778
H            1.44924424058140        1.07670887779516       -2.17435575019188
H            0.67107370020754        2.97166092857530        0.09630483440885
H           -0.38704091804244        2.52051481351358       -1.26370669196698
H            2.10588888416388        3.79705449444774       -1.53874553086022
H            0.57737480116009        0.45014030676000        0.68118454916904
H           -2.40436481763881       -0.70216180471510       -0.81301831274353
H           -2.36040201284044       -1.70704477117665        2.57502517983638
H           -2.75481928316281       -2.95365676044677       -0.19160060597200
H           -3.45530482818836       -3.56246046154872        1.33042024823094
H           -0.69073351461722       -3.35849144633733        0.77101237038744
H           -4.26867062675049       -1.14977081571174        0.27346311312874
H           -4.53049009762092       -0.96380767021387        3.07046705286468
H           -3.50091324688163        1.08728343363674        2.18127099298403
H           -5.53765718261988        1.00072036884325        0.97898949621568
H           -2.65112859755266        1.77065461613284       -0.45875275269991
H           -1.19339282175058        1.30148945404046        1.91030378263949
H            1.54143594358889       -1.47996519714125       -1.47561054723044
H            0.92858672236749       -1.83726006223031        1.25060046750341
H            3.05704465556901       -0.58126203105036        1.03846141664804
H            3.43014858023022       -2.71099184375355        0.01086764076099
48
 energy: -84.838292297702 gnorm: 0.002001378368 xtb: 6.7.1 (edcfbbe)
C            5.59242568385761        1.58471785276562       -1.04130885580746
O            4.79644375560817        0.70894355882491       -0.24961620426172
C            3.55687622748147        0.41249589727538       -0.77891470305756
O            2.70691209861168        1.52836053815085       -0.59726406129093
C            1.39783714531637        1.33155897785395       -1.10114178330507
C            0.64611531406361        2.65782259094833       -0.94881344372586
O            1.17581847134056        3.65719391088414       -1.77881300204018
C            0.70596764998299        0.17076432014495       -0.36791166890542
O           -0.56058118850949       -0.06712881748189       -0.97379818314973
C           -1.68755688837752       -0.18490304132946       -0.16550314388977
O           -1.39562383210546       -0.93179113236318        0.99856205098626
C           -2.54035620073922       -1.61380390458329        1.50055264632551
C           -2.61192862581177       -3.03005959753798        0.89987259107316
O           -1.46378392012154       -3.78209874980750        1.19181681418945
C           -3.84326256933694       -0.83059996639544        1.23627374190619
O           -4.83811516142755       -1.13033802215113        2.17945232828808
C           -3.61762693332840        0.70059175775938        1.14988185542755
O           -4.72499103233999        1.31115774630097        0.53777828737103
C           -2.34861471618159        1.11023453663638        0.35254462789985
O           -1.46923366454555        1.85739943995250        1.15077489509032
C            1.55893260018923       -1.10544225944524       -0.44965970162364
O            1.03994712045104       -2.15572705418957        0.33058971318145
C            3.01383984107318       -0.81791923450057       -0.04104636258719
O            3.84296806560246       -1.90419583149586       -0.35294892252239
H            5.12613972184514        2.56812383323667       -1.11749387458053
H            5.73935380322775        1.16484502513780       -2.04027003913669
H            6.54297784483146        1.65747055120955       -0.52118113216562
H            3.62846571573830        0.17840256823955       -1.86099125387598
H            1.45070627076946        1.07615137005162       -2.17150046652203
H            0.66750091299468        2.96484757473379        0.10229169430759
H           -0.38840158096727        2.51475403785374       -1.25953956281689
H            2.09771996920785        3.80536827507956       -1.52543554852052
H            0.57939752195358        0.44778883904937        0.68220864059446
H           -2.40133028591247       -0.70962934511231       -0.81326160968846
H           -2.35961283435890       -1.70394270351911        2.57741016801819
H           -2.75966880438232       -2.95613380862125       -0.18572200490501
H           -3.45756660963298       -3.56254473642190        1.33823995732343
H           -0.69529903350881       -3.36322372159390        0.76742270159294
H           -4.27350702252090       -1.15189428709982        0.28043486214420
H           -4.52324826813012       -0.94649317663812        3.07768337326195
H           -3.50023262529828        1.09468359257048        2.17350218261412
H           -5.53681960872632        1.00470518901486        0.97233397236948
H           -2.64957667347381        1.75998413417360       -0.47181121144285
H           -1.19021638963101        1.30714112937847        1.89998465246837
H            1.54121326626183       -1.47427306446088       -1.48107184519254
H            0.93107619584677       -1.84784791686598        1.24397675026910
H            3.06117118702987       -0.59156465570138        1.03626674178139
H            3.43734691127252       -2.71395621593601       -0.00135688156566
48
 energy: -84.838326468060 gnorm: 0.001472908433 xtb: 6.7.1 (edcfbbe)
C            5.59102940473533        1.58975486616358       -1.03534433071461
O            4.79748036818510        0.70855871322352       -0.24710135526420
C            3.55840418955360        0.41274767779848       -0.77812499062043
O            2.70793786545350        1.52789688237665       -0.59480518985124
C            1.39931305657502        1.33202025116693       -1.09943979898918
C            0.64618036616557        2.65752938386019       -0.94672808017881
O            1.17458409491920        3.65952578314131       -1.77335187958194
C            0.70769778381677        0.17006572367433       -0.36747464581281
O           -0.55861932827983       -0.06908008884041       -0.97327537048761
C           -1.68684524832811       -0.18901624456396       -0.16675261481593
O           -1.39497997843402       -0.93614567857633        0.99586481225081
C           -2.54110666739681       -1.61323999254991        1.50288866132756
C           -2.61692775992728       -3.03164812007447        0.90693840806868
O           -1.46834433927770       -3.78386170567645        1.19743810664307
C           -3.84382247402734       -0.82928753047700        1.23988162155465
O           -4.83372490449864       -1.12411468293384        2.18987112728359
C           -3.61826675989097        0.70121594276309        1.14503262782614
O           -4.72499693123774        1.30887150080055        0.52871535019198
C           -2.34935572142723        1.10669593361286        0.34715334990546
O           -1.47109460127982        1.85831248939853        1.14250018770956
C            1.56055849030568       -1.10584515144450       -0.45244403643691
O            1.04135722720168       -2.15853273301572        0.32358541120931
C            3.01632297994323       -0.82121649234440       -0.04537465279551
O            3.84398650162151       -1.90553235834582       -0.36756612220208
H            5.12102576596391        2.57159732967937       -1.10846389667317
H            5.73960450267148        1.17367436602881       -2.03568301848416
H            6.54116116678081        1.66421732872674       -0.51476084048054
H            3.63151715683825        0.18088263620950       -1.86069593760499
H            1.45304458123919        1.07688047670189       -2.17009451323359
H            0.66463426241012        2.96213917560798        0.10509344025250
H           -0.38730947080451        2.51210898433716       -1.25973092536432
H            2.09373992935549        3.81436203585890       -1.51391111189876
H            0.58158373494792        0.44680221686844        0.68291140172664
H           -2.39903871207736       -0.71475231685572       -0.81619524303173
H           -2.35801053286127       -1.70058208741653        2.57955359218195
H           -2.76845665328258       -2.96100573391258       -0.17830675757292
H           -3.46140348992328       -3.56211551409653        1.34988672059925
H           -0.70195333425643       -3.37002937317404        0.76497282403041
H           -4.27871975108799       -1.15519009462445        0.28774461269783
H           -4.51568648125380       -0.93020639052146        3.08502606708256
H           -3.50179476530841        1.10057222906244        2.16665290859617
H           -5.53733009250778        1.00753887942275        0.96580109917214
H           -2.64920173246375        1.75118853006091       -0.48164441430880
H           -1.18928747878410        1.31088512129918        1.89256702568466
H            1.54106613282187       -1.46950908723636       -1.48570746823615
H            0.93435765152792       -1.85559890932523        1.23883910248215
H            3.06702021582955       -0.60238725382457        1.03327905988556
H            3.44266860481676       -2.71715091381385       -0.01574054208628
48
 energy: -84.838363041948 gnorm: 0.001732294924 xtb: 6.7.1 (edcfbbe)
C            5.58947533220937        1.59894106360289       -1.02393391727773
O            4.79914862634187        0.70797698600890       -0.24310644443391
C            3.56124463064030        0.41314519253988       -0.77791732939900
O            2.70952937979411        1.52675050640671       -0.59125009164727
C            1.40157749404441        1.33266447395816       -1.09815974363124
C            0.64804713709075        2.65826944363283       -0.94621101605575
O            1.17848098448778        3.66130530669527       -1.76911295035086
C            0.70970312404140        0.16826253153357       -0.36845946089016
O           -0.55651171364075       -0.07198643878377       -0.97423359559124
C           -1.68697515773319       -0.19420538366323       -0.16972128116607
O           -1.39444564869458       -0.94204956735209        0.99115990323028
C           -2.54161031393097       -1.61255973371663        1.50671284859093
C           -2.62543568836333       -3.03463733732372        0.91960018871006
O           -1.47680201644094       -3.78865516625602        1.20591015352359
C           -3.84444163429732       -0.82863584289770        1.24552090995314
O           -4.82729991893715       -1.11796540618402        2.20469693312103
C           -3.62026300978997        0.70102284577824        1.13854933612011
O           -4.72606270324203        1.30305085200318        0.51451881848342
C           -2.35081136304846        1.10206193249195        0.34076637794999
O           -1.47351782250259        1.85750470932400        1.13351146408451
C            1.56273633427424       -1.10679535680094       -0.45753311899106
O            1.04360310328368       -2.16156782167731        0.31431294676622
C            3.02026927153463       -0.82637041285094       -0.05376171187411
O            3.84567291167125       -1.90804244530470       -0.39156276333017
H            5.11347469219122        2.57821381468607       -1.09152451965265
H            5.74214373389753        1.19011192458859       -2.02673799876378
H            6.53825824112196        1.67565819881888       -0.50130012040318
H            3.63744263133523        0.18602612440003       -1.86153300666969
H            1.45734064281925        1.07915684353278       -2.16975676246415
H            0.66104199433893        2.96146633324956        0.10604521981681
H           -0.38387750577803        2.51183501140868       -1.26426789296888
H            2.09297870146301        3.82625928253555       -1.49915549372970
H            0.58406477774499        0.44427802096355        0.68280801240231
H           -2.39720543652437       -0.71992664193915       -0.82234951021848
H           -2.35423681472687       -1.69460035389975        2.58302787025826
H           -2.78570031649101       -2.97026092818727       -0.16478477417184
H           -3.46806425351109       -3.55968645097316        1.37274143403191
H           -0.71321039621447       -3.38112738628111        0.76379597955247
H           -4.28543239366173       -1.16118887154514        0.29857066933509
H           -4.50591403972210       -0.90755547302978        3.09514167853253
H           -3.50678816446028        1.10860251004527        2.15726645323875
H           -5.53936956304195        1.01070740303729        0.95585451143114
H           -2.64966143233146        1.74215949343496       -0.49160903179154
H           -1.19031516836653        1.31344716707180        1.88526018541831
H            1.54142570567500       -1.46570782112420       -1.49255825381504
H            0.93992084499023       -1.86421929899172        1.23176638330523
H            3.07697111067330       -0.61886641111921        1.02676937108646
H            3.44939989470829       -2.72227141732983       -0.04028707848686
48
 energy: -84.838390623308 gnorm: 0.001513413532 xtb: 6.7.1 (edcfbbe)
C            5.58845508131772        1.60617086847591       -1.01440651430041
O            4.79915369490832        0.70816625099686       -0.24045842837948
C            3.56256693268911        0.41378267430538       -0.77888560516522
O            2.70916539127494        1.52538301691022       -0.58874760728847
C            1.40212200983703        1.33182475664877       -1.09879979625345
C            0.64934537352039        2.65811345337688       -0.94750625660273
O            1.18404178848824        3.66037824118851       -1.76894160698858
C            0.70968105318884        0.16597449289304       -0.37100169748115
O           -0.55661734646812       -0.07407889138476       -0.97700601686106
C           -1.68759887099225       -0.19646629752492       -0.17211527458710
O           -1.39416999818869       -0.94424999586203        0.98881707636502
C           -2.54078645769960       -1.61157844804354        1.50961533715623
C           -2.62989532895706       -3.03598008988280        0.92920792998943
O           -1.48146736224740       -3.79176764329326        1.21125883166968
C           -3.84402054226433       -0.82849607406591        1.24864959710130
O           -4.82448175319853       -1.11567101447847        2.21098646802133
C           -3.62159961708101        0.70080365065018        1.13525962037564
O           -4.72658770831798        1.29826309766852        0.50509063676930
C           -2.35074411381520        1.10034821761154        0.33841154872865
O           -1.47319890844809        1.85490532917934        1.13151307887901
C            1.56348711247692       -1.10846270844761       -0.46246649167446
O            1.04518732578996       -2.16373763006326        0.30906898901244
C            3.02226186660638       -0.82952737262740       -0.06094090448308
O            3.84701700629175       -1.90944590626519       -0.40706445334858
H            5.10913258859909        2.58402128185208       -1.07786517377811
H            5.74523599287038        1.20332581851386       -2.01901448837265
H            6.53556320538364        1.68339386123037       -0.48881199143114
H            3.64112736218182        0.19172895299950       -1.86344957185986
H            1.46007668554902        1.08025594152269       -2.17078324639877
H            0.65944359170999        2.96130827254777        0.10473089973715
H           -0.38190947266439        2.51369648100861       -1.26893687933670
H            2.09593364090645        3.82895893157945       -1.49306327007637
H            0.58412611758513        0.43993319966684        0.68101977029478
H           -2.39785250451411       -0.72165484401291       -0.82518449940126
H           -2.35065782658040       -1.68953387699649        2.58575049719885
H           -2.79783809114702       -2.97631930721747       -0.15427817988446
H           -3.47102538436430       -3.55637951361099        1.39075959912093
H           -0.71915305248760       -3.38639642449026        0.76541359248110
H           -4.28682486197596       -1.16462194172418        0.30390767939504
H           -4.50314673668938       -0.89642738194249        3.09905900970607
H           -3.51140090314893        1.11377183295266        2.15216514074677
H           -5.54064662005844        1.01203663999731        0.94892751166641
H           -2.64926743848542        1.74135101957214       -0.49338667828516
H           -1.19204213346384        1.31143459481031        1.88441572726839
H            1.54158526205636       -1.46728018932430       -1.49757351585648
H            0.94347308552940       -1.86746176177912        1.22702649869478
H            3.08221577199578       -0.62852969659294        1.02053782557036
H            3.45253391739916       -2.72526786382139       -0.05742493704695
48
 energy: -84.838424234553 gnorm: 0.001088345732 xtb: 6.7.1 (edcfbbe)
C            5.58616667301728        1.61742169457089       -0.99843867408927
O            4.79752163169575        0.70844767886828       -0.23648813768676
C            3.56332454109627        0.41500893760625       -0.78129134639233
O            2.70714551751882        1.52326206960228       -0.58597948522531
C            1.40187077480418        1.32960367502659       -1.10114633227743
C            0.65038839399719        2.65682096629376       -0.95116092791448
O            1.19211611693637        3.65780450814066       -1.77068766045653
C            0.70866631177098        0.16266713043633       -0.37594338391919
O           -0.55806201247756       -0.07644537957108       -0.98184330360889
C           -1.68834989042832       -0.19889276962848       -0.17527786719768
O           -1.39318550259550       -0.94717875337657        0.98542948118068
C           -2.53870129330414       -1.60947512688875        1.51392971103099
C           -2.63485418962550       -3.03739972439694        0.94385039578877
O           -1.48592630410500       -3.79440533193777        1.21936329101701
C           -3.84265274714516       -0.82779244075719        1.25219785611132
O           -4.82163514084807       -1.11284175155689        2.21676474703952
C           -3.62284829219745        0.70110025020469        1.13100915876139
O           -4.72579963943161        1.29190207966194        0.49074029282148
C           -2.34864197126892        1.09869370799549        0.33747256132159
O           -1.46997889502155        1.84836272898281        1.13368861060633
C            1.56342413641719       -1.11133824394964       -0.47082676127922
O            1.04717244491246       -2.16726761647575        0.30180487079782
C            3.02391488379655       -0.83386665958361       -0.07264622875946
O            3.84797687506921       -1.91143431955985       -0.42890675527249
H            5.10262594274937        2.59363205409280       -1.05494440176084
H            5.74988139959187        1.22482583303917       -2.00602562111051
H            6.53027161833861        1.69419020279300       -0.46731343239868
H            3.64575229317407        0.20109080616434       -1.86710566784482
H            1.46359840444870        1.07986741379733       -2.17298349201015
H            0.65760095365672        2.95985855533824        0.10102649071743
H           -0.38002615488593        2.51622493266870       -1.27695397895278
H            2.10165933777808        3.82697772094324       -1.48835339518279
H            0.58345192021277        0.43313117416575        0.67682432993199
H           -2.40006940155758       -0.72308121052388       -0.82715292664788
H           -2.34500050186300       -1.68075843179148        2.59000352497489
H           -2.81440168071775       -2.98513704142579       -0.13824796868931
H           -3.47285562499735       -3.55198874610074        1.41790083161814
H           -0.72548612316878       -3.39012422082886        0.76926763902782
H           -4.28603311102787       -1.16834098362565        0.30931619975328
H           -4.50190287365186       -0.88374744501823        3.10264138623274
H           -3.51864620028571        1.12144232207430        2.14542435022180
H           -5.54136472684685        1.01408883307667        0.93694490957234
H           -2.64489171388432        1.74364635271027       -0.49223445060688
H           -1.19398084508855        1.30344185010440        1.88751539282981
H            1.53946359018526       -1.47069157073553       -1.50573588166185
H            0.94849572220886       -1.87099735097551        1.22003679388396
H            3.08743073068022       -0.64094214977117        1.00998876745461
H            3.45537344731107       -2.72937020491613       -0.08197373150662
48
 energy: -84.838450942821 gnorm: 0.001182757479 xtb: 6.7.1 (edcfbbe)
C            5.58256686115447        1.62959666641194       -0.97971865331296
O            4.79470197591625        0.70825558829136       -0.23170132588118
C            3.56335152802711        0.41617344094360       -0.78402767878333
O            2.70424487704764        1.52093646595413       -0.58379008826740
C            1.40097073779232        1.32673310066484       -1.10402884529796
C            0.64958897143411        2.65407533640513       -0.95496974385607
O            1.19678938984380        3.65526857564375       -1.77152562854804
C            0.70748661106388        0.15889351384714       -0.38138420326252
O           -0.55986965653779       -0.07912345225216       -0.98671613519057
C           -1.68856606297762       -0.20172612217650       -0.17812471331428
O           -1.39152018438444       -0.95085734321721        0.98194711578821
C           -2.53660053291033       -1.60645328867399        1.51887326371778
C           -2.63831787593285       -3.03841766411479        0.96005599835732
O           -1.48733236820542       -3.79438140747252        1.22901170499142
C           -3.84092381908367       -0.82562065980634        1.25558501023675
O           -4.81874997200813       -1.10787754601112        2.22221623594190
C           -3.62330555514018        0.70285966999236        1.12586875695463
O           -4.72313484451766        1.28697968756810        0.47388504135663
C           -2.34491811149083        1.09699044368017        0.33703067718102
O           -1.46470230134158        1.83989340670686        1.13783031167741
C            1.56278004934121       -1.11482976237396       -0.48077604583344
O            1.04861313081215       -2.17212439929995        0.29214853854503
C            3.02463287692129       -0.83876857180172       -0.08552860482528
O            3.84819996957343       -1.91337770419508       -0.45231344192690
H            5.09455108324550        2.60410271076778       -1.02776961305884
H            5.75341432825568        1.24913180404662       -1.99079389960488
H            6.52347260865135        1.70516079772245       -0.44271179612965
H            3.65045549580046        0.21083582255520       -1.87105625173340
H            1.46673035091590        1.07834335756622       -2.17567064234344
H            0.65374371008984        2.95593188838054        0.09750913114551
H           -0.37973203242794        2.51595004557320       -1.28498089229704
H            2.10521733345040        3.82226735904745       -1.48455387812706
H            0.58303826319720        0.42593168240298        0.67207106101333
H           -2.40249778718123       -0.72486225120233       -0.82811853705456
H           -2.33972576507120       -1.67030145273718        2.59493192812078
H           -2.82941678749643       -2.99377274465298       -0.12049049844829
H           -3.47194109207194       -3.54885121794220        1.44630885950622
H           -0.72982018342058       -3.39036631206527        0.77331023981304
H           -4.28468529727537       -1.17101008198663        0.31452790807546
H           -4.50040439758373       -0.87034906887882        3.10633217387444
H           -3.52598231160684        1.13109973486412        2.13759393165581
H           -5.54078594700246        1.01765647862947        0.92135858705082
H           -2.63643270208160        1.74633325296443       -0.49106591599843
H           -1.19371323263907        1.29165604603446        1.89119607285031
H            1.53578508051613       -1.47309793984027       -1.51597882906916
H            0.95345210639491       -1.87663676966107        1.21099717617306
H            3.09091652899900       -0.65455361570980        0.99853061186356
H            3.45837377696879       -2.73370149531717       -0.10784469412795
48
 energy: -84.838477987338 gnorm: 0.001314024825 xtb: 6.7.1 (edcfbbe)
C            5.57758471309029        1.64263418089005       -0.95731202726367
O            4.79076663752007        0.70725234760498       -0.22567165634944
C            3.56290166936753        0.41699977202874       -0.78695756570220
O            2.70091474260356        1.51851065689676       -0.58306211816168
C            1.39971864978519        1.32348848527208       -1.10803187830075
C            0.64691859338236        2.64998531835610       -0.95959590579988
O            1.19782249268523        3.65312108726707       -1.77172745523441
C            0.70626645574033        0.15476641204406       -0.38783692435980
O           -0.56209973478405       -0.08165847630357       -0.99189364196268
C           -1.68844452738181       -0.20456052035854       -0.18084086018750
O           -1.38918787052742       -0.95512352467525        0.97788481487234
C           -2.53444524749237       -1.60218613494971        1.52459339654951
C           -2.64068019268798       -3.03885625633042        0.97848793702540
O           -1.48564311442042       -3.79076176914006        1.24090928407303
C           -3.83901889917081       -0.82238411010551        1.25875942121249
O           -4.81578994160788       -1.10092954467049        2.22753302159746
C           -3.62316254787170        0.70561276688795        1.11969169832613
O           -4.71858354047185        1.28286340458048        0.45410853184917
C           -2.33954252635076        1.09533589133168        0.33779589199740
O           -1.45737431033392        1.82887990541502        1.14533413095530
C            1.56161307068705       -1.11867997909442       -0.49257087479133
O            1.04942694966976       -2.17807195611970        0.27937742338469
C            3.02458341285858       -0.84452467474124       -0.09987069153497
O            3.84787292317472       -1.91549540947513       -0.47768579667729
H            5.08475996817896        2.61522037837031       -0.99484489664989
H            5.75576407461215        1.27679687622393       -1.97248602762414
H            6.51508075254788        1.71595420379205       -0.41406745763237
H            3.65594270986725        0.22002230080530       -1.87490882737873
H            1.46939230666849        1.07602684642774       -2.17946675270255
H            0.64688126541487        2.94967440499525        0.09353031685069
H           -0.38086984080509        2.51245769361325       -1.29432351167941
H            2.10626498810228        3.81566625652794       -1.48216664593672
H            0.58337995377426        0.41874814769471        0.66631467112497
H           -2.40533224126147       -0.72604744532592       -0.82876131537785
H           -2.33454835845385       -1.65701982376788        2.60070425382262
H           -2.84381515277054       -3.00310204014502       -0.10024406280501
H           -3.46808736982133       -3.54676878465489        1.47773428820256
H           -0.73268324630624       -3.38643819295695        0.77738790586806
H           -4.28315843881583       -1.17298942095301        0.31971598403718
H           -4.49828093946196       -0.85647849873019        3.11001800760940
H           -3.53410705070371        1.14227633052320        2.12844636067875
H           -5.53911143218312        1.02215592000464        0.90120368037638
H           -2.62376466736611        1.75023787329314       -0.48847962824814
H           -1.19081763166628        1.27447962058916        1.89589224284052
H            1.53120949771580       -1.47430090464391       -1.52853895216079
H            0.95858523945123       -1.88474995862985        1.19937059070707
H            3.09311911153896       -0.66950276699695        0.98558035017962
H            3.46177746943108       -2.73854088302157       -0.13554895077557
48
 energy: -84.838500279372 gnorm: 0.001212764301 xtb: 6.7.1 (edcfbbe)
C            5.57165396680263        1.65536735701972       -0.93244105260709
O            4.78598747988967        0.70535231075667       -0.21872653635961
C            3.56223476853421        0.41723754137772       -0.79021066834426
O            2.69769066292854        1.51620870890036       -0.58457767368400
C            1.39842550643573        1.32021501698311       -1.11343613984897
C            0.64265272386803        2.64490986864148       -0.96536885588938
O            1.19535751583122        3.65162669776622       -1.77168128000806
C            0.70541632389706        0.15066462679400       -0.39496520925929
O           -0.56440199540895       -0.08351139669405       -0.99682133398009
C           -1.68815950553909       -0.20663362258315       -0.18305773331873
O           -1.38668396651650       -0.95949556565652        0.97343937299942
C           -2.53265212458214       -1.59709336339414        1.53030640230454
C           -2.64136178425818       -3.03892415599112        0.99792120385099
O           -1.48126189197207       -3.78482997727061        1.25492982932459
C           -3.83706999585325       -0.81807666024860        1.26165001396886
O           -4.81265722009911       -1.09268747289455        2.23264603796325
C           -3.62285910025610        0.70950246411238        1.11335259823911
O           -4.71290789985318        1.27979819293424        0.43298308569041
C           -2.33333790178659        1.09431107195872        0.34000082879002
O           -1.44927334577771        1.81609248684403        1.15650556648575
C            1.56006526310519       -1.12261445007888       -0.50558081366147
O            1.04932375519491       -2.18441600754215        0.26413738976854
C            3.02365697256111       -0.85032426849696       -0.11423707906198
O            3.84675928406014       -1.91733282472356       -0.50289771422994
H            5.07403968617102        2.62595238961059       -0.95777381540839
H            5.75663546203328        1.30574271832866       -1.95203672430662
H            6.50592077121373        1.72515160008794       -0.38322215186008
H            3.66257022250686        0.22775111534191       -1.87887301133148
H            1.47137811464588        1.07340818292854       -2.18479413201838
H            0.63664987574810        2.94150438984065        0.08873701761901
H           -0.38309444541507        2.50576612703112       -1.30562006050449
H            2.10488062533888        3.80839132097591       -1.48182184741309
H            0.58503400059842        0.41246287821924        0.65989362291149
H           -2.40839822215375       -0.72552275477295       -0.82936044303082
H           -2.32995688075699       -1.64213834371781        2.60638653462581
H           -2.85486477505680       -3.01273543581375       -0.07899271030675
H           -3.46179884467199       -3.54546122418939        1.50953957681877
H           -0.73434284663733       -3.38047391874152        0.78144608849041
H           -4.28164892331286       -1.17414987493428        0.32481328981748
H           -4.49495527711492       -0.84344500002895        3.11375279287594
H           -3.54313179613555        1.15439396785325        2.11918616439473
H           -5.53691572434883        1.02679348302322        0.87788452682135
H           -2.60833152286211        1.75614585488853       -0.48382788455020
H           -1.18544302737735        1.25221542263266        1.90112036384822
H            1.52673433967992       -1.47431457238154       -1.54278592054371
H            0.96340120086746       -1.89476013878075        1.18577556264749
H            3.09375287255318       -0.68479342424665        0.97269126841952
H            3.46528644861037       -2.74323533562463       -0.16250856912081
48
 energy: -84.838510965708 gnorm: 0.000758102006 xtb: 6.7.1 (edcfbbe)
C            5.56842034759040        1.66052881985720       -0.91916944102759
O            4.78317419258319        0.70391911696993       -0.21463427441007
C            3.56181648189772        0.41691793884801       -0.79163114418562
O            2.69642255779816        1.51561854334518       -0.58774741643674
C            1.39784755070205        1.31880064355432       -1.11755943980943
C            0.63938760898344        2.64191792160675       -0.96985896549579
O            1.19166073974894        3.65143962382328       -1.77235322740350
C            0.70509637694634        0.14905127024846       -0.39923336979244
O           -0.56591210652642       -0.08326873923714       -0.99914498797958
C           -1.68824973212163       -0.20629472194674       -0.18368031387936
O           -1.38535031645511       -0.96079208794966        0.97105365133879
C           -2.53164831507919       -1.59401538110351        1.53292910321860
C           -2.64053125090356       -3.03811383269966        1.00663536239060
O           -1.47798279316125       -3.78024492080633        1.26350729736146
C           -3.83618141071427       -0.81598956318909        1.26266207324841
O           -4.81122707625811       -1.08888326950439        2.23465272561481
C           -3.62252697919905        0.71149256528641        1.11070409245277
O           -4.70939986438754        1.27882230676121        0.42325636716688
C           -2.32979021687795        1.09481767591329        0.34297495742043
O           -1.44489081781873        1.80897669300699        1.16552008691606
C            1.55891636447247       -1.12422973381999       -0.51217820246961
O            1.04820540729833       -2.18726819793229        0.25548780131213
C            3.02247929759727       -0.85291131766745       -0.12057829441013
O            3.84594364050791       -1.91805881556111       -0.51289161624598
H            5.06912956607301        2.63025650889137       -0.93745836529088
H            5.75558809863667        1.31957287759814       -1.94102967031713
H            6.50159933154221        1.72725460064234       -0.36783653572435
H            3.66661463946342        0.22924164279090       -1.88012085138102
H            1.47171255052094        1.07177205122600       -2.18888099226438
H            0.62883737917958        2.93654668907222        0.08486403662373
H           -0.38488368773903        2.50030748256943       -1.31373048184030
H            2.10238916577774        3.80490153155733       -1.48408752233579
H            0.58693735759784        0.41078145466134        0.65593941287192
H           -2.41045075557371       -0.72310716771252       -0.82960601882104
H           -2.32773973344678       -1.63420861697253        2.60895510412398
H           -2.85628941151162       -3.01675063285245       -0.06970689996698
H           -3.45803773054525       -3.54447468800446        1.52246352800147
H           -0.73447228504067       -3.37706608398656        0.78408113607868
H           -4.28102016347966       -1.17418303752999        0.32678572724234
H           -4.49252158934580       -0.83959010464378        3.11544163603201
H           -3.54785554775549        1.15963897652913        2.11530866656203
H           -5.53541931403665        1.02824161569872        0.86569216923991
H           -2.59943514014401        1.76127619727411       -0.47869044477044
H           -1.18024742560792        1.23739251459826        1.90402371278069
H            1.52514634329874       -1.47350966232379       -1.55012017104868
H            0.96514326348963       -1.90043731441426        1.17825737271095
H            3.09244463258049       -0.69094646451062        0.96675134122133
H            3.46714959491528       -2.74514690171933       -0.17253893700562
48
 energy: -84.838516547692 gnorm: 0.000489640434 xtb: 6.7.1 (edcfbbe)
C            5.56665356111727        1.66297678283941       -0.91099348721450
O            4.78131033878590        0.70273646596363       -0.21184514116425
C            3.56157356593702        0.41637413370828       -0.79243197851176
O            2.69592639127242        1.51555797590388       -0.59091151472883
C            1.39768703269422        1.31805514131299       -1.12100763443555
C            0.63699310234632        2.63996869067345       -0.97403549783136
O            1.18851282978636        3.65151803648263       -1.77391517460950
C            0.70526373865688        0.14842354384166       -0.40195299517116
O           -0.56660940785781       -0.08247834518072       -1.00025259790783
C           -1.68828583062205       -0.20509279787560       -0.18360771921093
O           -1.38454032580849       -0.96080043934086        0.96978504741984
C           -2.53089459128617       -1.59219694207800        1.53413990003524
C           -2.63945214940857       -3.03750504100267        1.01105834911461
O           -1.47607957009087       -3.77833935560249        1.26913962678434
C           -3.83536638588585       -0.81445278903633        1.26361639703513
O           -4.81001619843044       -1.08694487597626        2.23607721739617
C           -3.62270298523860        0.71320732012305        1.11005938598347
O           -4.70764998720678        1.27855174751625        0.41801293992490
C           -2.32791063440149        1.09579380822745        0.34565339869494
O           -1.44279361258989        1.80465331265036        1.17248973835689
C            1.55815179004174       -1.12512038908588       -0.51613155019307
O            1.04682312928675       -2.18873644041113        0.24987068122777
C            3.02131266435090       -0.85397561100836       -0.12304375409489
O            3.84533983811230       -1.91815518940059       -0.51674630812240
H            5.06734018974372        2.63276046149657       -0.92400863024711
H            5.75415467096549        1.32775765107747       -1.93474342890837
H            6.49979249517601        1.72676052033402       -0.35920894509849
H            3.66962900132045        0.22894501667655       -1.88082554186041
H            1.47189533696081        1.07052382615974       -2.19230921079738
H            0.62255634424300        2.93342138362476        0.08104699196522
H           -0.38603391763856        2.49598716981614       -1.32092310324829
H            2.09974256600465        3.80421331963533       -1.48659594497306
H            0.58887873279627        0.41074680578369        0.65339723172338
H           -2.41168010204975       -0.72018728505866       -0.82964143873408
H           -2.32618570623330       -1.63014176609848        2.61003942854148
H           -2.85523243033220       -3.01811939645034       -0.06526678185901
H           -3.45660377316842       -3.54326817873585        1.52803957630213
H           -0.73429312624388       -3.37827686903871        0.78455672400048
H           -4.28036560040665       -1.17384242167780        0.32828280895915
H           -4.49027692710477       -0.83873906542564        3.11690192612353
H           -3.55130889477907        1.16295042293641        2.11425178473942
H           -5.53494314612961        1.02859725232702        0.85855721764430
H           -2.59438533705022        1.76568219629428       -0.47412298401199
H           -1.17574347340897        1.22678590939838        1.90524812876867
H            1.52503396800108       -1.47293461619397       -1.55460961092990
H            0.96565905919517       -1.90405264894975        1.17347313020826
H            3.09061727678891       -0.69373792540098        0.96467167072096
H            3.46850531538302       -2.74585449940585       -0.17575855042837
48
 energy: -84.838519588743 gnorm: 0.000448636988 xtb: 6.7.1 (edcfbbe)
C            5.56638750211429        1.66358344676671       -0.90741693484982
O            4.78044728329450        0.70265017666039       -0.21012035484123
C            3.56151507318741        0.41627054569382       -0.79229368179597
O            2.69574630825748        1.51601758794657       -0.59314681819394
C            1.39769052519693        1.31771300770274       -1.12339743056058
C            0.63551218251770        2.63893098042326       -0.97752123444214
O            1.18673079176978        3.65137274574382       -1.77617695337146
C            0.70516300491771        0.14838149724360       -0.40371528735401
O           -0.56737695857673       -0.08162961982158       -1.00077509376530
C           -1.68864795002981       -0.20366164896220       -0.18320307339830
O           -1.38413933390799       -0.95974008560592        0.96961442525825
C           -2.53014442929710       -1.59134282770014        1.53467873681116
C           -2.63885870564287       -3.03660979608093        1.01153528027459
O           -1.47636747234761       -3.77817563461913        1.27175798089399
C           -3.83493400859173       -0.81414146527923        1.26434925878639
O           -4.80923009323269       -1.08695015127416        2.23717104094028
C           -3.62259886714282        0.71366303158546        1.11039083830471
O           -4.70694185501525        1.27817189295433        0.41687316446775
C           -2.32692537818042        1.09717871251455        0.34772248177922
O           -1.44168246596547        1.80315438261085        1.17683811033533
C            1.55770429464258       -1.12532336708332       -0.51766180320248
O            1.04549153555815       -2.18923010935801        0.24711380997360
C            3.02044366186451       -0.85395805525358       -0.12318642118553
O            3.84538134387655       -1.91794567364637       -0.51567706842566
H            5.06827660723984        2.63397656014390       -0.91747325745582
H            5.75243022273546        1.33076234451604       -1.93215936089049
H            6.50021176478606        1.72468290490504       -0.35643189062078
H            3.67115854199973        0.22777482672653       -1.88036891080071
H            1.47220601335278        1.06951771311630       -2.19457980002061
H            0.61845355693457        2.93211844406536        0.07761482733031
H           -0.38665356295460        2.49342084356639       -1.32648630390239
H            2.09766229024260        3.80515526681893       -1.48846095403269
H            0.59005598711036        0.41133237830819        0.65168920164794
H           -2.41273941081255       -0.71789000615487       -0.82919480177660
H           -2.32493468268127       -1.62909655440455        2.61050576354648
H           -2.85286946895203       -3.01736508595273       -0.06513438667238
H           -3.45723327506463       -3.54173486107329        1.52730396713592
H           -0.73458525344771       -3.38192855110210        0.78445777691096
H           -4.28011565135701       -1.17363650667117        0.32911802466880
H           -4.48865448908619       -0.84003048041454        3.11812266194107
H           -3.55265697251094        1.16383687009821        2.11448391940991
H           -5.53464276720129        1.02773529405319        0.85646869991047
H           -2.59243806358920        1.76910650401062       -0.47064106702266
H           -1.17196498460770        1.22120007144163        1.90538061061695
H            1.52588466923128       -1.47263342164299       -1.55631704825157
H            0.96467125911695       -1.90567634974852        1.17107798870351
H            3.08858576378131       -0.69334836860011        0.96447379831014
H            3.46952474215393       -2.74566340272816       -0.17372265384152
