48
 energy: -84.829743254771 gnorm: 0.072810979555 xtb: 6.7.1 (edcfbbe)
C            5.58696216488660       -1.16609531222089        0.56322550619374
O            4.89215569269620        0.03395084477727        0.87694257230006
C            3.52989859201541       -0.11223663690139        1.03503437308744
O            2.95076752110407       -0.35977545080080       -0.22903211119393
C            1.55409592168383       -0.57427545646712       -0.21358739548309
C            1.17025743104447       -0.84926466952865       -1.67573846690526
O            1.46517438171153       -2.16134842897622       -2.06561858677888
C            0.78333101900356        0.62081980548349        0.37829681842071
O           -0.52848983900297        0.17202005206725        0.70886439878522
C           -1.57664347229746        1.06408139610264        0.45070325218264
O           -1.97126828024852        1.06604401533815       -0.89303931066995
C           -2.56399184315635       -0.15036293986726       -1.35083068910736
C           -2.96927068512103        0.08214626479890       -2.81262113554463
O           -1.86536794584261        0.33962479055698       -3.63673757779810
C           -3.76972898380460       -0.55940886974362       -0.49382430383821
O           -4.33734992274432       -1.77210074555945       -0.91378553668724
C           -3.34291908893353       -0.62805658509202        0.97953820747480
O           -4.43585786147801       -0.90232283745912        1.82298433281986
C           -2.75402539552305        0.72574722381095        1.38083055257361
O           -2.30912180610223        0.74591159328290        2.70564549626099
C            1.44164527679073        1.17094119623423        1.66028967126611
O            0.95876357914166        2.45153555302267        1.98972118016612
C            2.97778301673920        1.19339724169398        1.61464792204864
O            3.49991812220900        1.36244813519959        2.90449804909728
H            5.28907537971854       -1.54161003000861       -0.41769986609210
H            5.39813275893673       -1.92949172053599        1.32417719744492
H            6.64029738543801       -0.89902333629304        0.55662054236146
H            3.28965403668982       -0.94983547108424        1.72419709946942
H            1.31587460901554       -1.45569709503913        0.40409060107785
H            1.69894429773158       -0.12099101684025       -2.30303982337898
H            0.09807578082331       -0.72426233800977       -1.81444422796939
H            2.42029554595897       -2.29213744404822       -2.01182148869952
H            0.72788334055865        1.41779446781576       -0.37600506792130
H           -1.25993792497562        2.09567017510287        0.65648108333842
H           -1.81749313940274       -0.95797668694645       -1.29896214947338
H           -3.68643386321852        0.91176054026642       -2.84517348666482
H           -3.44693496472216       -0.81952559324866       -3.19977716814615
H           -1.45285094021146        1.15886451956544       -3.33544360395714
H           -4.56639251947335        0.18684114101551       -0.59586002479780
H           -3.66085212273641       -2.46391654811966       -0.92845103443869
H           -2.56343350930407       -1.39794665980699        1.10594450271264
H           -5.00253850597267       -1.55304775727697        1.38379569228108
H           -3.52883259972265        1.49614437540102        1.22503332986361
H           -2.99716834623336        0.33381494659993        3.24883699637056
H            1.12423050149361        0.52659246473856        2.48875086572268
H            1.25108837156696        3.09126687076890        1.32403970523231
H            3.32039688476785        2.00412278892797        0.94930379882815
H            3.02219968027979        2.08916411835423        3.33248047255643
48
 energy: -84.835018529386 gnorm: 0.012380137589 xtb: 6.7.1 (edcfbbe)
C            5.58497698611346       -1.16793532248828        0.56080971765617
O            4.88897012426950        0.03205707644539        0.87136267428585
C            3.52640524357837       -0.11275648577367        1.02978096063365
O            2.94322275484751       -0.35146129591389       -0.23632350384637
C            1.54455781001519       -0.56397261720856       -0.22835353435929
C            1.16214689899992       -0.83943393135442       -1.68808953990743
O            1.46001820059285       -2.15293082755239       -2.07283773034440
C            0.79145446700677        0.61103905244289        0.42263882535603
O           -0.52938003663846        0.19449250916637        0.75669097278707
C           -1.57508839519708        1.06760664437685        0.43447884222914
O           -1.96632111830725        1.04474732413658       -0.90802805209228
C           -2.56502234871142       -0.16826378613259       -1.35688632921713
C           -2.97100379176096        0.07346122321520       -2.81687668752248
O           -1.86726271732581        0.33515779002429       -3.64006553098404
C           -3.77083325734020       -0.56534463580679       -0.49567305065056
O           -4.34116978753613       -1.77816911536099       -0.91042908623185
C           -3.34110152282771       -0.62591206977763        0.97708792028349
O           -4.43337958972241       -0.89770510869712        1.82237257776313
C           -2.75411985039264        0.73256383940685        1.36860643637824
O           -2.31077177088995        0.75888811650001        2.69447497951556
C            1.45248273157356        1.17111011855254        1.68981961213483
O            0.96794191848944        2.45405116186129        2.00782169409979
C            2.98530649081955        1.19267362784539        1.62124627165818
O            3.51499029412041        1.36163663115949        2.90747946918074
H            5.28814325854691       -1.54516068104513       -0.41966553717613
H            5.39638873630330       -1.92994163674116        1.32330035744596
H            6.63821129986524       -0.89997195701413        0.55495957089703
H            3.28641390285544       -0.95213807016432        1.71697165456606
H            1.31276563183659       -1.45271489609777        0.38271115568706
H            1.69270032320441       -0.11194941087261       -2.31409091045197
H            0.08987147342958       -0.71698994889019       -1.82499874932418
H            2.41506809498466       -2.28391599872955       -2.01436414431498
H            0.73454127301974        1.41010354481305       -0.33194100154734
H           -1.26861463191093        2.10453330777890        0.62948322608183
H           -1.81985034215429       -0.97634886416501       -1.30357105004563
H           -3.68629600508622        0.90527113510285       -2.84428200345312
H           -3.45059450392092       -0.82526640973954       -3.20742395412361
H           -1.45468714296274        1.15334858072232       -3.33515784468717
H           -4.56542780475384        0.18303472492419       -0.59944380310093
H           -3.66459898661277       -2.46984594397001       -0.92613833875031
H           -2.56118686482375       -1.39492391904398        1.10638576379304
H           -4.99914446593370       -1.55167885327140        1.38661710981283
H           -3.53191731321326        1.49906731189907        1.21046905087731
H           -2.99585413957902        0.34279864055123        3.23893200134300
H            1.13756871461715        0.52967736793840        2.52039022861637
H            1.25242942412484        3.08706602324398        1.33193116361062
H            3.32118305970137        2.00420275855559        0.95323466498505
H            3.03586500629624        2.08613816646385        3.33806464414877
48
 energy: -84.835841545034 gnorm: 0.005201729715 xtb: 6.7.1 (edcfbbe)
C            5.58475151289029       -1.17264050611260        0.55658287360748
O            4.89037372707423        0.02833685298706        0.86595821271472
C            3.52837899226464       -0.11415278156259        1.02914915017694
O            2.93949883816418       -0.34240229719739       -0.23609014494792
C            1.53962900720622       -0.55658426851660       -0.22304011575564
C            1.15495135730065       -0.81453561861658       -1.68554143073261
O            1.44929241678815       -2.12781358667069       -2.07405455618756
C            0.79092126094781        0.61875799264770        0.43774046724859
O           -0.53099482271052        0.20566171257782        0.77239734930403
C           -1.57450421047210        1.07059190624708        0.42213812745616
O           -1.95917489593191        1.02372854246022       -0.91954601626745
C           -2.56583129769875       -0.18681705535562       -1.36244118446901
C           -2.97331445434631        0.05827216184041       -2.82193272358572
O           -1.86991023512220        0.32409328111809       -3.64419032075235
C           -3.77245875738253       -0.57417109747237       -0.49901280780212
O           -4.34717098122570       -1.78825042515576       -0.90436014774713
C           -3.34085213557989       -0.62209349603842        0.97370950838077
O           -4.43156901220352       -0.89051069232035        1.82206008777023
C           -2.75810091735082        0.74146884769862        1.35606120318137
O           -2.31577566541906        0.77754849655053        2.68203191619586
C            1.46125893145811        1.16285032539423        1.70629436588001
O            0.97738792653027        2.44433555741242        2.02842511182505
C            2.99309984609558        1.18897539088924        1.63045287411350
O            3.53719448874704        1.35495566182354        2.91151493242188
H            5.28696624858176       -1.55142672018873       -0.42298661696168
H            5.39610975529260       -1.93290735795081        1.32082944217381
H            6.63807103914706       -0.90509392920551        0.54987000306447
H            3.28776709674190       -0.95806323378086        1.71030395168759
H            1.31203748076531       -1.45875980948421        0.37341379671160
H            1.68716206739147       -0.08840992102951       -2.31169936253177
H            0.08324643153018       -0.69039849905283       -1.82548194811462
H            2.40381177567968       -2.26312746752862       -2.01505442459994
H            0.73447097735392        1.43028220676880       -0.30648330179436
H           -1.27352536015754        2.11306196070584        0.59979343942748
H           -1.82704510182064       -1.00092089311997       -1.30991993133482
H           -3.68688600648841        0.89173738798736       -2.84384457532509
H           -3.45496298721436       -0.83716880597844       -3.21747855736213
H           -1.45785905505462        1.14143950667073       -3.33580933600677
H           -4.56443443643746        0.17624658657165       -0.60735232250774
H           -3.67157072467220       -2.48082535344603       -0.91991100549011
H           -2.55880754546834       -1.38798118313515        1.10871624876769
H           -4.99565839371994       -1.54942881054234        1.39146352659832
H           -3.53816822965281        1.50456544177835        1.19286986056561
H           -2.99756969720861        0.35770703415130        3.22768015360379
H            1.15364162066942        0.52276797773563        2.54092937051577
H            1.25415821403801        3.07773562277848        1.34961223141771
H            3.32224822225759        2.00243733521060        0.96135832707142
H            3.05971341969390        2.07692091111952        3.34835546093875
48
 energy: -84.836310131665 gnorm: 0.006450552991 xtb: 6.7.1 (edcfbbe)
C            5.58602606933388       -1.18000853973161        0.55177341503402
O            4.89468016486376        0.02265759948518        0.86062148916041
C            3.53314555355342       -0.11623758577755        1.02839635032344
O            2.93920580816753       -0.33226094408559       -0.23593650340844
C            1.53835048189772       -0.54441453061878       -0.21679014206895
C            1.14799843609203       -0.78475957369756       -1.68139842756330
O            1.43439212125789       -2.09682970329767       -2.08214066376936
C            0.79103182656706        0.63023942656889        0.44812394653344
O           -0.53088599955272        0.21248455131313        0.77787969429327
C           -1.57433994779912        1.07030507716694        0.40999521309355
O           -1.94758549236280        0.99963989700382       -0.93275048327078
C           -2.56586197654588       -0.20831168632371       -1.36868073832344
C           -2.97627391633119        0.03888221940467       -2.82774540424955
O           -1.87422885925088        0.30772051328530       -3.65066036913014
C           -3.77367447356682       -0.58356512361271       -0.50192514096663
O           -4.35359146564440       -1.79977158340337       -0.89388275605249
C           -3.34149994005855       -0.61676051077631        0.97115635127944
O           -4.43062957625621       -0.88102280807990        1.82293854317764
C           -2.76379745747812        0.75231732148032        1.34228986985479
O           -2.32554944350003        0.80211637584690        2.66904816641679
C            1.46842540760187        1.15631533379707        1.72311674654074
O            0.98700789554455        2.43486873496778        2.06200519289572
C            3.00055910710646        1.18335115339589        1.63935316712771
O            3.55812902399309        1.34309945542654        2.91569357750274
H            5.28631093118899       -1.56021336455734       -0.42672484696208
H            5.39701710958826       -1.93854777519494        1.31765143260881
H            6.63974729826893       -0.91424135612604        0.54310144502322
H            3.29124288633482       -0.96526340009850        1.70251887906611
H            1.31050108810296       -1.45394425303922        0.36831703419731
H            1.68335865464595       -0.05709556791953       -2.30291472933628
H            0.07716477945783       -0.65305597242124       -1.82172950704801
H            2.38802744607040       -2.23839987587492       -2.02330413711199
H            0.73887410908999        1.45255359387283       -0.28438385658972
H           -1.27793940731824        2.11777732890346        0.56755947694006
H           -1.83599388105795       -1.03113595785121       -1.31834560190303
H           -3.68947251174290        0.87281122733204       -2.84510975287745
H           -3.45907841913799       -0.85438297214331       -3.22668599815983
H           -1.46219226817180        1.12400915744302       -3.33933243787004
H           -4.56321346411421        0.16836743691628       -0.61752732868790
H           -3.67971954221198       -2.49402026182955       -0.90898699675456
H           -2.55629409458142       -1.37815612491586        1.11345341695294
H           -4.99260702197986       -1.54585266705377        1.39854546728667
H           -3.54485425913170        1.51230996521113        1.16936775059512
H           -3.00449448049673        0.37875078250731        3.21526000949889
H            1.16781504799422        0.51070047312268        2.55620758792815
H            1.25472335321967        3.07309323541559        1.38415009592016
H            3.32421924097946        2.00014375383118        0.97162119953535
H            3.08582178813729        2.06373241676021        3.36029146440557
48
 energy: -84.836661718274 gnorm: 0.005382736141 xtb: 6.7.1 (edcfbbe)
C            5.58804214614716       -1.18826973306009        0.54811201750208
O            4.90044905034916        0.01664958593206        0.85660160107827
C            3.53915828774016       -0.11865368170188        1.02729397214620
O            2.94168423358382       -0.32331857837892       -0.23656957624999
C            1.54048415219780       -0.52996507441758       -0.21169903776455
C            1.14210703755946       -0.75248129830722       -1.67760925807956
O            1.41574406661813       -2.06263819982116       -2.09577110640607
C            0.79391338635523        0.64386402097013        0.45389667977043
O           -0.52759482352544        0.21911241618856        0.77607156835050
C           -1.57441198439617        1.06817870066135        0.39794624499037
O           -1.93427865889189        0.97567737049148       -0.94744717926588
C           -2.56595132747211       -0.23011088295895       -1.37497068200793
C           -2.98103139150953        0.01688253019236       -2.83357033439459
O           -1.88192855947366        0.28781967571305       -3.65947935829805
C           -3.77442620757482       -0.59245101914855       -0.50346787676118
O           -4.35917578576461       -1.81124507476867       -0.88037020189346
C           -3.34243151282526       -0.61089497515602        0.96993577448836
O           -4.43030924653516       -0.87061987589990        1.82474070389562
C           -2.76894436368048        0.76331292667550        1.32749098143034
O           -2.33824364487363        0.83094859286419        2.65585993719926
C            1.47526909536096        1.14919958032681        1.73899053061696
O            0.99743970502378        2.42280907307922        2.10423542758797
C            3.00831831462469        1.17704989460634        1.64789260941167
O            3.57506006716843        1.32816633600214        2.92124839595246
H            5.28568877261082       -1.56998806835620       -0.42913471875621
H            5.39888099062687       -1.94518023566661        1.31557615481091
H            6.64243628375124       -0.92531568573549        0.53647660661899
H            3.29616319311541       -0.97231001485351        1.69507810999655
H            1.30940709295806       -1.44086913925291        0.36742384843468
H            1.68184333450320       -0.02178079692632       -2.29195542614400
H            0.07219285365241       -0.60854832861589       -1.81321214043541
H            2.36824067444836       -2.21226514113508       -2.03914733841137
H            0.74767464840047        1.47485635044794       -0.26716184004882
H           -1.28216924648407        2.11941692048587        0.53646097210645
H           -1.84495725678760       -1.06146665847519       -1.32753696193670
H           -3.69560152224882        0.84971545364126       -2.84816595742813
H           -3.46359484404320       -0.87635888677356       -3.23272807862225
H           -1.46897824246551        1.10293132286892       -3.34641503031874
H           -4.56218516298480        0.16007111109293       -0.62772217061820
H           -3.68734478961075       -2.50747421307836       -0.89466598071112
H           -2.55399768511901       -1.36754535888344        1.11950957658641
H           -4.99044265307428       -1.54098273605280        1.40659165415667
H           -3.54916329247294        1.52089446601336        1.14019950633989
H           -3.01520161122908        0.40483388819866        3.20218144565469
H            1.17942209898673        0.49080764791842        2.56384326759561
H            1.25491486328446        3.07047685770195        1.43152677565583
H            3.32769677031258        1.99834682999876        0.98354434182448
H            3.11013042380688        2.04870699770881        3.37355270975463
48
 energy: -84.836881081199 gnorm: 0.003724151994 xtb: 6.7.1 (edcfbbe)
C            5.59013525395815       -1.19521691863593        0.54613140864008
O            4.90617024301600        0.01167059043045        0.85553003689059
C            3.54471597657008       -0.12108815090873        1.02660033586671
O            2.94576876449524       -0.31714900439597       -0.23756787979226
C            1.54480062924609       -0.51657894203222       -0.21000990294757
C            1.13833823785575       -0.72455953187779       -1.67612399943196
O            1.39711350672408       -2.03234476687163       -2.11161411711869
C            0.79864929691097        0.65640812087937        0.45522475844356
O           -0.52265796308918        0.22623990467314        0.76990576344097
C           -1.57438424824545        1.06713493513341        0.38801128778832
O           -1.92462509357155        0.95946131415492       -0.96019911737058
C           -2.56581844431877       -0.24610546250869       -1.37932061098783
C           -2.98659484203213       -0.00399935225175       -2.83766987138393
O           -1.89163707992143        0.26750585530151       -3.66863447891723
C           -3.77378233314535       -0.59933222971058       -0.50321635150917
O           -4.36054840525233       -1.82086999845899       -0.86770226858999
C           -3.34229981721007       -0.60544198535913        0.97024607009986
O           -4.42950575003099       -0.86076563709948        1.82697764832764
C           -2.77173205120934        0.77278833008395        1.31420856318689
O           -2.35009777036267        0.85903147587040        2.64440181817209
C            1.48061731651613        1.14165610772276        1.75037991199767
O            1.00522990243792        2.40820206888404        2.14429348478468
C            3.01451887967199        1.17090230557504        1.65553195705823
O            3.58371382388082        1.31285425540716        2.92845445725202
H            5.28434691161845       -1.57748026590601       -0.42996915201421
H            5.40121619745496       -1.95114658924518        1.31463370045420
H            6.64527796140698       -0.93534214057116        0.53110963182238
H            3.30094273235412       -0.97814801045720        1.68974371287441
H            1.30884383477932       -1.42561668741226        0.36754882905709
H            1.68241533884444        0.00898315525334       -2.28357373095534
H            0.06924705808101       -0.56718438673473       -1.80312194458603
H            2.34848539793341       -2.19033526188750       -2.06007626080858
H            0.75802690087664        1.49361665733322       -0.25676035781004
H           -1.28527977132949        2.12035603337232        0.51370363629060
H           -1.84972087426801       -1.08180448336148       -1.33339222450132
H           -3.70431194810776        0.82611226501636       -2.85282022927031
H           -3.46726704645738       -0.90021741948232       -3.23250086421168
H           -1.47676806616891        1.08172637027310       -3.35605231316058
H           -4.56137506678700        0.15212427773928       -0.63494110836860
H           -3.68991313390013       -2.51825877043700       -0.88018233378610
H           -2.55169583030989       -1.35851819825780        1.12572797557574
H           -4.98884052503593       -1.53476678645484        1.41373262069768
H           -3.55017852299727        1.52848795669358        1.11130531141434
H           -3.02640917428618        0.43196779050919        3.19074552968670
H            1.18655996903895        0.46611590208616        2.56205194411320
H            1.25356488462115        3.06817079051512        1.48030492347595
H            3.33156486867623        1.99696959103989        0.99604315854639
H            3.12517760058624        2.03377981897749        3.38638179934085
48
 energy: -84.836997059018 gnorm: 0.003004172853 xtb: 6.7.1 (edcfbbe)
C            5.59144624546857       -1.19909467079470        0.54549096632298
O            4.90975948886455        0.00865838157015        0.85713280307902
C            3.54789552299662       -0.12319004819432        1.02676882165537
O            2.94921072607021       -0.31406947583972       -0.23835412132423
C            1.54865436834126       -0.50797356604191       -0.21172283856022
C            1.13731068262727       -0.70653439534778       -1.67774693755925
O            1.38358365790322       -2.01221739650941       -2.12489494626688
C            0.80256643733791        0.66432957590624        0.45388206901020
O           -0.51904720751173        0.23233656554523        0.76378078794421
C           -1.57418922138824        1.06857846608741        0.38173299508481
O           -1.92152628242490        0.95482154862120       -0.96814431968025
C           -2.56487154370827       -0.25289198389817       -1.38080143208937
C           -2.99075305748224       -0.01937764295802       -2.83924455705772
O           -1.90011887703975        0.25122908251372       -3.67599188651924
C           -3.77145673230322       -0.60334390939171       -0.50170020362022
O           -4.35651627493961       -1.82753074446627       -0.85919445901732
C           -3.34060518432785       -0.60105479283552        0.97171455431270
O           -4.42758169758670       -0.85291051126140        1.82937009007435
C           -2.77229134880262        0.77995537829818        1.30544885315046
O           -2.35793700709641        0.88063900577036        2.63680048606854
C            1.48297200004342        1.13481753931015        1.75578663096716
O            1.00804130686461        2.39410264104208        2.17132244786717
C            3.01730459580773        1.16587600879346        1.66141102063261
O            3.58395257445715        1.30036061782149        2.93582519332272
H            5.28231407362837       -1.58070420955090       -0.42983613473753
H            5.40346267439366       -1.95501179298027        1.31425655927291
H            6.64704090194328       -0.94120667744386        0.52753964248279
H            3.30372779170647       -0.98248397617775        1.68695772603249
H            1.30829666780413       -1.41560920966319        0.36562447949628
H            1.68457136807928        0.02833531026349       -2.28091923978486
H            0.06899715695236       -0.53881394363092       -1.79702442757649
H            2.33409895060352       -2.17693560385616       -2.08013390692900
H            0.76566525149967        1.50514301719110       -0.25288974953822
H           -1.28639873056365        2.12235991117752        0.50232595943149
H           -1.84838769820026       -1.08785281286030       -1.33375239144264
H           -3.71233451079130        0.80735986514834       -2.85759167061357
H           -3.46884839937711       -0.92034367195038       -3.22677054439563
H           -1.48315953262420        1.06535103305487       -3.36612014264358
H           -4.56064857491741        0.14561544408673       -0.63780808213729
H           -3.68551422718609       -2.52459120789897       -0.86855988030077
H           -2.54898483060676       -1.35212100831214        1.13126575272413
H           -4.98719452763224       -1.52833381576456        1.41896250194273
H           -3.54976583637233        1.53361099000153        1.09052001168160
H           -3.03465354470007        0.45444522604149        3.18342197877618
H            1.18900431203183        0.44456821997501        2.55510751851989
H            1.25088725389711        3.06514114313543        1.51663533120750
H            3.33414561776768        1.99579412046666        1.00680938952013
H            3.12787294951998        2.02076286857112        3.39678845776048
48
 energy: -84.837084154245 gnorm: 0.002497729241 xtb: 6.7.1 (edcfbbe)
C            5.59210720842082       -1.20088139254449        0.54540850143139
O            4.91137869044595        0.00675486530158        0.86010484131051
C            3.54905501763760       -0.12541280194027        1.02744174728072
O            2.95158272565750       -0.31238684851650       -0.23911890928274
C            1.55133724461479       -0.50252881125808       -0.21587026906340
C            1.13821502194130       -0.69399940458796       -1.68224455311198
O            1.37338793527383       -1.99799216808474       -2.13712911144278
C            0.80508726559135        0.66910760714543        0.45126251950495
O           -0.51737720551083        0.23780765124524        0.75830462360124
C           -1.57392733902865        1.07246732796960        0.37727735133115
O           -1.92260012410676        0.95802071211457       -0.97341063626805
C           -2.56269447485861       -0.25388951017779       -1.38038861747274
C           -2.99339645355741       -0.03198259395013       -2.83915730987938
O           -1.90739539534067        0.23655154994670       -3.68241390606652
C           -3.76747981283301       -0.60586832444797       -0.49927793778693
O           -4.34774318360349       -1.83323000132715       -0.85286275369356
C           -3.33752278930415       -0.59659451659742        0.97419012929145
O           -4.42443828070540       -0.84556773407762        1.83241839956240
C           -2.77198426274982        0.78705601244092        1.29960114762378
O           -2.36328249403728        0.89974902196514        2.63143719783754
C            1.48280743170128        1.12760033458152        1.75813277580997
O            1.00672270523166        2.37942613940562        2.19041862957854
C            3.01733610121258        1.16086163729884        1.66668961511445
O            3.57921612612392        1.28873313567392        2.94361713133963
H            5.27979262392316       -1.58133469879978       -0.42928350268825
H            5.40598922175477       -1.95740140310125        1.31408193989764
H            6.64779084725588       -0.94364098138028        0.52467834482344
H            3.30470174627576       -0.98675105544623        1.68500850855485
H            1.30708931550164       -1.41027887339605        0.36027748187837
H            1.68881611219551        0.04098014988604       -2.28236142455782
H            0.07089066117654       -0.51757525829286       -1.79637717143454
H            2.32312055155472       -2.16888847019887       -2.10035019553893
H            0.77108944224514        1.51271179148178       -0.25207114030845
H           -1.28580613525197        2.12620705584019        0.49686277221019
H           -1.84231095564807       -1.08502533534198       -1.32998007537505
H           -3.71922927279722        0.79102985629649       -2.86222755160541
H           -3.46873583531943       -0.93869078409420       -3.21724572856776
H           -1.48865502124521        1.05156954653189       -3.37737148738946
H           -4.55972864546988        0.13937014371609       -0.63810148086284
H           -3.67489422426920       -2.52857539719315       -0.85748896321176
H           -2.54513200450944       -1.34604283744619        1.13743873522326
H           -4.98474703109100       -1.52154818798494        1.42393179567622
H           -3.54970522125261        1.53783448925560        1.07512415344271
H           -3.04088807614219        0.47570289639200        3.17877706712566
H            1.18878549161994        0.42506286333914        2.54657560468205
H            1.24636733937986        3.06038755120265        1.54511032003378
H            3.33520498176509        1.99428427122409        1.01719466737303
H            3.12180015871985        2.00680567281205        3.40684787957701
48
 energy: -84.837160511876 gnorm: 0.002275290649 xtb: 6.7.1 (edcfbbe)
C            5.59208878157000       -1.20127125354085        0.54531693931696
O            4.91093683584962        0.00533690284718        0.86339417245364
C            3.54826199486771       -0.12813537160661        1.02818261325518
O            2.95248443374351       -0.31105546239111       -0.24018115633167
C            1.55227481874053       -0.49915111878758       -0.22195664151086
C            1.14058180139094       -0.68382822932869       -1.68970560248453
O            1.36519570354733       -1.98679960904459       -2.14972061193096
C            0.80579985705396        0.67156162024462        0.44800933644364
O           -0.51812766552412        0.24300945496180        0.75349946247093
C           -1.57389941040125        1.07879889557916        0.37359095262832
O           -1.92610794070185        0.96639821315496       -0.97730498977160
C           -2.55893479290906       -0.25147787278887       -1.37863948934019
C           -2.99411644927224       -0.04370234499756       -2.83792109655326
O           -1.91294053374837        0.22166205170583       -3.68817287945788
C           -3.76170820705908       -0.60784239397630       -0.49596758704076
O           -4.33425591417378       -1.83946958378599       -0.84694402014078
C           -3.33325658564130       -0.59116923480492        0.97779075658003
O           -4.42026324041216       -0.83778460354122        1.83641915641746
C           -2.77181851567406        0.79571497766307        1.29565747919086
O           -2.36718955386614        0.91937123320101        2.62733377394441
C            1.48039630075257        1.11924329853929        1.75919613985022
O            1.00179459195873        2.36360279815972        2.20529815337027
C            3.01498075367501        1.15504755249730        1.67203017092024
O            3.57146400357718        1.27649812343549        2.95196793427024
H            5.27688281193214       -1.58070704414234       -0.42871477514949
H            5.40896792716026       -1.95871464992268        1.31387061918068
H            6.64745417032328       -0.94310387365364        0.52174983068513
H            3.30383936747517       -0.99195277199447        1.68256011651066
H            1.30466268606954       -1.40879994213066        0.35076418703856
H            1.69619565045163        0.05011573165472       -2.28663778818110
H            0.07464705234132       -0.49887801146210       -1.80261357993311
H            2.31401266075203       -2.16421366519857       -2.12142023950319
H            0.77463833190385        1.51808268363241       -0.25222090851561
H           -1.28395526622156        2.13223571245649        0.49404422678412
H           -1.83228390899641       -1.07680791354219       -1.32294218982091
H           -3.72429956076897        0.77543354568235       -2.86664000070471
H           -3.46674529488403       -0.95657764138222       -3.20506955389007
H           -1.49352191067344        1.03906198354659       -3.39041241297821
H           -4.55835540839320        0.13236358652291       -0.63717289616206
H           -3.65801585580223       -2.53162621658910       -0.84486292098269
H           -2.53964551870695       -1.33840598567948        1.14543298613010
H           -4.98088611670471       -1.51464598722791        1.42978536568787
H           -3.55103287031117        1.54258933679929        1.06319922698815
H           -3.04572066957219        0.49842689964145        3.17605894380771
H            1.18679288452029        0.40629028351028        2.53824080960854
H            1.23940829704788        3.05359869456120        1.56912188282797
H            3.33447157493894        1.99209873978937        1.02812762199860
H            3.10884562691154        1.98957335473083        3.41805963653094
48
 energy: -84.837222116159 gnorm: 0.002327996375 xtb: 6.7.1 (edcfbbe)
C            5.59136069364193       -1.20083621416524        0.54482623280650
O            4.90850424760818        0.00411591595406        0.86562593921299
C            3.54573044055198       -0.13120449670776        1.02840271349626
O            2.95152537763316       -0.30953830424383       -0.24171662842131
C            1.55099608459595       -0.49717633584018       -0.22871955042221
C            1.14358386216771       -0.67508553685511       -1.69889358366361
O            1.35883672232142       -1.97807411529977       -2.16170202637189
C            0.80450216424790        0.67230484420522        0.44476795021781
O           -0.52115054770170        0.24758753605810        0.74974267398702
C           -1.57443378982088        1.08637749329709        0.37061959287516
O           -1.93007565127236        0.97623154804410       -0.98003130316702
C           -2.55398747193090       -0.24804824155734       -1.37616778496031
C           -2.99240764286441       -0.05406337559530       -2.83604551728286
O           -1.91515075609057        0.20754808349635       -3.69220582197423
C           -3.75490082749974       -0.60977149177092       -0.49221336815813
O           -4.31812366317217       -1.84651625413211       -0.84065474117432
C           -3.32874040078882       -0.58498499038876        0.98208870109474
O           -4.41605940334815       -0.83021938656281        1.84079781759465
C           -2.77248782424327        0.80558245330061        1.29331800032942
O           -2.36999201178168        0.93880137570447        2.62432141161820
C            1.47644601220561        1.11044759721512        1.75997514642504
O            0.99465444751993        2.34861462266291        2.21662896853089
C            3.01094294869345        1.14875300551665        1.67698812432228
O            3.56306894426235        1.26436224821515        2.95962328495495
H            5.27411466396709       -1.58006329093339       -0.42850166499729
H            5.41194804689213       -1.95911708120765        1.31348980361856
H            6.64605927057451       -0.94029367202275        0.51864011534106
H            3.30130279000156       -0.99790360282181        1.67897268988406
H            1.30094344409914       -1.40994029949256        0.33853753616672
H            1.70646332717874        0.05660244642451       -2.29197482383519
H            0.07940638786302       -0.48167553464926       -1.81522727053537
H            2.30658184520561       -2.16196141035024       -2.14058327322802
H            0.77626544444393        1.52208508386709       -0.25200593400362
H           -1.28181131511946        2.13939837738746        0.49208005935753
H           -1.82059456685340       -1.06716261250226       -1.31457841846484
H           -3.72610306583515        0.76181709061398       -2.87018641841921
H           -3.46280681510982       -0.97214795990129       -3.19311605150063
H           -1.49716289405148        1.02899962503562       -3.40348918220832
H           -4.55654270019375        0.12463096273347       -0.63631309115324
H           -3.63748614477471       -2.53442952216392       -0.83072720577069
H           -2.53315530106244       -1.32897020366737        1.15489229030229
H           -4.97567562250104       -1.50924214072000        1.43632859813489
H           -3.55390720685143        1.54821531806442        1.05475289595269
H           -3.04913569815358        0.52145898401402        3.17508102918137
H            1.18348957145133        0.38969314879914        2.53198323165140
H            1.23091929186864        3.04561043118471        1.58781241618465
H            3.33199501643201        1.98933584408405        1.03856360398559
H            3.09224800328337        1.96984693080918        3.42967398605570
48
 energy: -84.837267129779 gnorm: 0.002115734695 xtb: 6.7.1 (edcfbbe)
C            5.59004757974857       -1.20020227615637        0.54374861874660
O            4.90484439589500        0.00296867401111        0.86607685133949
C            3.54221306508866       -0.13417538776932        1.02780567180663
O            2.94903783515794       -0.30778468598268       -0.24361827172815
C            1.54795755551506       -0.49585387681655       -0.23473375924821
C            1.14623644868623       -0.66776474431290       -1.70773121985483
O            1.35413019649797       -1.97173533192952       -2.17135237504071
C            0.80177102165966        0.67219051046170        0.44206213838290
O           -0.52529367955305        0.25116145077675        0.74724863428642
C           -1.57560594432123        1.09341643279443        0.36866335553906
O           -1.93292848376503        0.98408956937180       -0.98150403325388
C           -2.54879889801123       -0.24553503205824       -1.37356755628672
C           -2.98853912183896       -0.06203770614407       -2.83405534296307
O           -1.91329346463548        0.19607157460456       -3.69361196079078
C           -3.74830740765041       -0.61183705519809       -0.48869742047555
O           -4.30249241567849       -1.85372022971264       -0.83408406848886
C           -3.32505145640827       -0.57899968923140        0.98629195080696
O           -4.41302962978473       -0.82389702195684        1.84449985171828
C           -2.77403253589635        0.81496970221306        1.29224119750536
O           -2.37204742570170        0.95559888290305        2.62240494285889
C            1.47212883602184        1.10279563062458        1.76070093565276
O            0.98760567087040        2.33706693661117        2.22434215921845
C            3.00637547422032        1.14286778772731        1.68090962724346
O            3.55590462282643        1.25369825909550        2.96540725424843
H            5.27186986875619       -1.58013138421421       -0.42894545190796
H            5.41422023965026       -1.95897761250529        1.31276797432532
H            6.64394229070298       -0.93663194720682        0.51553591250321
H            3.29783401636893       -1.00370157849706        1.67452379589721
H            1.29650825233110       -1.41172709346403        0.32663599820536
H            1.71769023288780        0.06069917745187       -2.29663278831596
H            0.08400493433781       -0.46657740764254       -1.83067948197130
H            2.30078559931434       -2.16112728914720       -2.15460300371190
H            0.77617965384609        1.52507372158140       -0.25107841841458
H           -1.28039850616482        2.14597689162132        0.49034873939320
H           -1.80995084384242       -1.05945456380249       -1.30708214149970
H           -3.72425462943395        0.75180863968335       -2.87250008792565
H           -3.45737281861718       -0.98347656301387       -3.18405364745992
H           -1.49907381473602        1.02272742345424       -3.41421525427166
H           -4.55454433507549        0.11689139732040       -0.63638985988540
H           -3.61738365469228       -2.53712349906468       -0.81682204528779
H           -2.52707370927140       -1.31911273187216        1.16437936103071
H           -4.96993745968880       -1.50661078102231        1.44249130206388
H           -3.55751809614230        1.55400446179452        1.04963766210113
H           -3.05144006074013        0.54174284388138        3.17541160999668
H            1.17930629650739        0.37718772913073        2.52823253338945
H            1.22302918718690        3.03826177984027        1.60008236909255
H            3.32857074423043        1.98639868325662        1.04704903983669
H            3.07617210064026        1.95052222181217        3.43993985436548
48
 energy: -84.837297043613 gnorm: 0.001569312637 xtb: 6.7.1 (edcfbbe)
C            5.58840616070352       -1.19991235463741        0.54206617867744
O            4.90111631000401        0.00181893182033        0.86502828368923
C            3.53872636752994       -0.13667967083605        1.02660055939123
O            2.94592837714728       -0.30603054208620       -0.24551429241229
C            1.54428445947003       -0.49449491068250       -0.23905083417708
C            1.14773001027235       -0.66190201485951       -1.71443669374224
O            1.35040091638833       -1.96730052182391       -2.17777128176079
C            0.79867025643316        0.67220054462613        0.44023765838683
O           -0.52909650902469        0.25369961382514        0.74595909117553
C           -1.57715827496013        1.09865583054954        0.36781152230184
O           -1.93413463250648        0.98844929701392       -0.98189153827268
C           -2.54422476735591       -0.24478315778109       -1.37128820731667
C           -2.98351327242098       -0.06738767587416       -2.83243464501837
O           -1.90824712634424        0.18832335595455       -3.69262082789180
C           -3.74290663368121       -0.61409120301530       -0.48602775296041
O           -4.28973675557696       -1.86035225782148       -0.82791852108178
C           -3.32273692290349       -0.57419941564928        0.98966888496300
O           -4.41175363530296       -0.81944929408983        1.84667852255211
C           -2.77604687603927        0.82230865625095        1.29188316056098
O           -2.37396923536095        0.96813460988227        2.62146164612089
C            1.46855651746817        1.09753617653112        1.76137562785268
O            0.98272271745452        2.33028262425293        2.22890054980704
C            3.00246880549244        1.13813236580348        1.68358033077887
O            3.55089503542043        1.24531171530619        2.96908264425432
H            5.27009380313488       -1.58087516444510       -0.43020563586963
H            5.41530746448898       -1.95890820423980        1.31145156057207
H            6.64161545832446       -0.93370970837936        0.51253877932173
H            3.29444973865855       -1.00853360074689        1.67007150061101
H            1.29217141844449       -1.41256055513779        0.31764395929574
H            1.72722888550451        0.06308321155236       -2.29957637514465
H            0.08737856468372       -0.45428805856373       -1.84434790300633
H            2.29615988981492       -2.16066349855727       -2.16241672025303
H            0.77498318899986        1.52752550363727       -0.24965510402490
H           -1.28017196944855        2.15080466176631        0.48889930975952
H           -1.80191055857950       -1.05520748487919       -1.30170403500840
H           -3.71992196894422        0.74557880147083       -2.87385756662080
H           -3.45126926262514       -0.99044786566211       -3.17900683061778
H           -1.49939562401752        1.02037379372193       -3.42134616497082
H           -4.55273037746296        0.10981254787702       -0.63759398208897
H           -3.60084692350072       -2.53972788979956       -0.80520836647948
H           -2.52258165288973       -1.31068191403045        1.17244645174129
H           -4.96458251953908       -1.50692326699167        1.44717010526130
H           -3.56089785918564        1.55893030660301        1.04678185102458
H           -3.05353346966830        0.55732075980436        3.17638824999119
H            1.17491291416564        0.36956095197489        2.52644656641633
H            1.21775166435562        3.03315158420472        1.60650415934699
H            3.32545201718314        1.98373596939742        1.05296317547708
H            3.06395361279715        1.93437331026301        3.44771410152821
48
 energy: -84.837319187600 gnorm: 0.001104536408 xtb: 6.7.1 (edcfbbe)
C            5.58581398840380       -1.20027140141075        0.53898081063486
O            4.89671405212266        0.00010946888972        0.86266925076970
C            3.53458269965919       -0.13948678813084        1.02462178979187
O            2.94173684738404       -0.30391339030554       -0.24781480008706
C            1.53949019440279       -0.49206071825068       -0.24290088148011
C            1.14793144142672       -0.65527496215342       -1.72049234929246
O            1.34508978977616       -1.96266059850133       -2.18298484192841
C            0.79484503348666        0.67318269874196        0.43873319193833
O           -0.53294466529445        0.25632564058747        0.74527890489882
C           -1.57948566315897        1.10352105822969        0.36788038710995
O           -1.93438953674359        0.99089549489933       -0.98137034479137
C           -2.53894821522256       -0.24559650122554       -1.36860624168807
C           -2.97583887262426       -0.07224533133651       -2.83091626357260
O           -1.89849758615675        0.18205882186704       -3.68909369941787
C           -3.73710339304302       -0.61755333893368       -0.48361381463560
O           -4.27582936178380       -1.86876644951271       -0.82054086923802
C           -3.32118193598329       -0.56952464241713        0.99307766027709
O           -4.41211354675945       -0.81546829338222        1.84760371441512
C           -2.77895828408603        0.82927811908722        1.29174676675377
O           -2.37708965174506        0.98010600248402        2.62105803429603
C            1.46504438338259        1.09377698783009        1.76201276636364
O            0.97966837823204        2.32668679657005        2.23207387192911
C            2.99854167494170        1.13319042077195        1.68602748686748
O            3.54625872711472        1.23605979566066        2.97230186705883
H            5.26770551373998       -1.58204840020998       -0.43313047399649
H            5.41501992032081       -1.95964125773134        1.30842833276147
H            6.63841857919782       -0.93175203931350        0.50845639837956
H            3.29046637869793       -1.01374984567392        1.66468593255549
H            1.28669125994734       -1.41166855285432        0.30980180666665
H            1.73648400571049        0.06518076775551       -2.30164771460259
H            0.08993755419128       -0.44044817484122       -1.85787474621549
H            2.28994716626013       -2.15996524763488       -2.16679174600425
H            0.77256546774374        1.53076007702497       -0.24775642574258
H           -1.28122527856899        2.15519752000873        0.48781390070974
H           -1.79373630074880       -1.05294268839744       -1.29659726060388
H           -3.71236573826872        0.74027232015104       -2.87540746715918
H           -3.44208319841308       -0.99629838847688       -3.17649811074050
H           -1.49807978475367        1.02096982717586       -3.42667874015592
H           -4.55076476293225        0.10076495367376       -0.64041108034574
H           -3.58263455456607       -2.54338622741606       -0.79294587442404
H           -2.51879306728769       -1.30199804881206        1.18132288593956
H           -4.95807834116544       -1.51036266030909        1.45151651532616
H           -3.56474497493217        1.56393237505671        1.04419842551644
H           -3.05723234004510        0.57302188103589        3.17784696468694
H            1.16892719473842        0.36466897060982        2.52519509146003
H            1.21483741623479        3.02972035757960        1.60993881565676
H            3.32271552835573        1.98069196255402        1.05859288232711
H            3.05268358551391        1.91670652281903        3.45569044243910
48
 energy: -84.837328862923 gnorm: 0.000767557725 xtb: 6.7.1 (edcfbbe)
C            5.58431200390036       -1.20133634605275        0.53677607337114
O            4.89573872506235       -0.00105052554709        0.86185991346997
C            3.53352901340383       -0.14042305589832        1.02400767786045
O            2.94047738973420       -0.30324900187096       -0.24833486716995
C            1.53818885245880       -0.49013209600824       -0.24334482751851
C            1.14657787197712       -0.65236153522755       -1.72101128838543
O            1.34116986778912       -1.96023317131526       -2.18366867317012
C            0.79399301876447        0.67497982541139        0.43876288090679
O           -0.53333147449955        0.25752758832814        0.74546197559952
C           -1.58051482833577        1.10448011967061        0.36842581676876
O           -1.93437282631040        0.99075420900803       -0.98086075340305
C           -2.53718350040413       -0.24677775846380       -1.36774379498129
C           -2.97220582474330       -0.07400030919416       -2.83088422750444
O           -1.89325201916297        0.18139242093639       -3.68697698603877
C           -3.73537822263512       -0.61967666469908       -0.48350114425886
O           -4.27114318541439       -1.87258342009099       -0.81851238204473
C           -3.32138332585248       -0.56886558652321        0.99372919284778
O           -4.41350755096948       -0.81453029897186        1.84672617918652
C           -2.78024080439227        0.83035903707725        1.29138956298608
O           -2.37960114226661        0.98279805360996        2.62104111482536
C            1.46469144530192        1.09455317575691        1.76217498631528
O            0.98124630738267        2.32832530000246        2.23249272250004
C            2.99821008961500        1.13186057817412        1.68691957973695
O            3.54538035597197        1.23243563211231        2.97352201051737
H            5.26586227766759       -1.58207188166520       -0.43567232629809
H            5.41344891284975       -1.96140873076479        1.30549096942971
H            6.63701683610861       -0.93322455301455        0.50618482869058
H            3.28938691141389       -1.01524680641935        1.66327634320045
H            1.28461755107305       -1.40954529288405        0.30936208350678
H            1.73719346946948        0.06662682236850       -2.30156227229170
H            0.08938603628883       -0.43494636261496       -1.85877575318880
H            2.28576429417820       -2.15907282139376       -2.16619791623150
H            0.77146085347196        1.53282531834998       -0.24722691398305
H           -1.28249222032773        2.15610503953895        0.48814394766905
H           -1.79109753715096       -1.05324323364948       -1.29506516794095
H           -3.70922202186326        0.73793082567639       -2.87672136463724
H           -3.43692067044820       -0.99860303529002       -3.17741935116473
H           -1.49666059475671        1.02253550877223       -3.42660492568858
H           -4.55042117593181        0.09652206802728       -0.64234623202265
H           -3.57633598036888       -2.54545531043083       -0.79030641582616
H           -2.51877966662774       -1.30055564066744        1.18395768231054
H           -4.95592973084019       -1.51309102509271        1.45240994177367
H           -3.56601386754481        1.56459317216169        1.04244725936860
H           -3.06065224868456        0.57729232869473        3.17784851006921
H            1.16672468522237        0.36558223377124        2.52479442384547
H            1.21713211598824        3.03092752861051        1.61002766845707
H            3.32359960207591        1.97978471250428        1.06061478260628
H            3.05152965897654        1.91148785924736        3.45837060697918
48
 energy: -84.837340848404 gnorm: 0.000721411750 xtb: 6.7.1 (edcfbbe)
C            5.58177944779378       -1.20344838835727        0.53287088226795
O            4.89513212478188       -0.00300139236016        0.86148649884431
C            3.53267114678209       -0.14131487490382        1.02386156527533
O            2.93931224660548       -0.30271720567937       -0.24827339947870
C            1.53713349693387       -0.48743123492397       -0.24271657531782
C            1.14405016076903       -0.64907651063845       -1.71994140288486
O            1.33520023787251       -1.95731587797498       -2.18283140518443
C            0.79352275193354        0.67807290003809        0.43958977991831
O           -0.53311533922117        0.25904724005262        0.74648671920311
C           -1.58174761239777        1.10492561355973        0.36970198440179
O           -1.93470828038846        0.99037817664922       -0.97974822520087
C           -2.53531363482970       -0.24827772275273       -1.36690717276962
C           -2.96712263922604       -0.07589368769684       -2.83124733482887
O           -1.88592208800435        0.18244018145720       -3.68390891167536
C           -3.73394838783341       -0.62266848905219       -0.48434935649263
O           -4.26610047934562       -1.87729753045991       -0.81817468763126
C           -3.32241588051386       -0.56944961514103        0.99368430186590
O           -4.41629295450014       -0.81404756127488        1.84461938849828
C           -2.78197642906800        0.82990275433808        1.29107830746167
O           -2.38362652856520        0.98326231836363        2.62138693820567
C            1.46514621685312        1.09795791334429        1.76226377608852
O            0.98534724721306        2.33366594052762        2.23103019506316
C            2.99896720308913        1.13105598934358        1.68802264909912
O            3.54528778049840        1.22839861588746        2.97505700459291
H            5.26244821612760       -1.58090610529163       -0.44058932984315
H            5.40985935196171       -1.96542444077310        1.29946989757908
H            6.63493999482622       -0.93707744898631        0.50271451101666
H            3.28820783188514       -1.01637408845934        1.66272812703685
H            1.28227728098986       -1.40615335846792        0.31097047194848
H            1.73591777267481        0.06851774849710       -2.30092367603052
H            0.08747868726935       -0.42883776686530       -1.85646326689945
H            2.27932160432670       -2.15848656250558       -2.16290773946528
H            0.76987103621677        1.53554887312806       -0.24686178286808
H           -1.28461564484674        2.15668070018324        0.48971904147934
H           -1.78824996859881       -1.05371103242109       -1.29306048257537
H           -3.70563401077842        0.73445875031512       -2.87887800975736
H           -3.42860649198954       -1.00141796384440       -3.17980687139653
H           -1.49402078456054        1.02580862920158       -3.42415623567568
H           -4.55056469451747        0.09118361110013       -0.64523029085815
H           -3.56931409109026       -2.54813613242568       -0.79044444839182
H           -2.52022187468309       -1.30105414032178        1.18608116599169
H           -4.95414796614868       -1.51759662127817        1.45308196178360
H           -3.56766521606583        1.56370447755253        1.04054835622351
H           -3.06659666967564        0.57982003772699        3.17737177065364
H            1.16458552534508        0.37057122263739        2.52527921211431
H            1.22339384536219        3.03487481547524        1.60778536631222
H            3.32685432146536        1.97906138128836        1.06304446257224
H            3.05321986382289        1.90777275661225        3.46096742030200
48
 energy: -84.837351212517 gnorm: 0.000880461935 xtb: 6.7.1 (edcfbbe)
C            5.57814464593831       -1.20615909486114        0.52779971924711
O            4.89417333963804       -0.00566564875261        0.86199035599504
C            3.53139038570479       -0.14232394404926        1.02435270950574
O            2.93791450195019       -0.30201230783045       -0.24777778829309
C            1.53581163308990       -0.48448845484900       -0.24196281220346
C            1.14157561575156       -0.64546883176739       -1.71885139834908
O            1.32814289829564       -1.95426406956788       -2.18166078060444
C            0.79297288299666        0.68159653611020        0.44060026093202
O           -0.53321094880310        0.26104177338667        0.74780405024248
C           -1.58300624578521        1.10590440794580        0.37126907973183
O           -1.93548837495826        0.99106878311636       -0.97833918318289
C           -2.53264202738486       -0.24924285892446       -1.36588050888123
C           -2.96103137209552       -0.07848106320494       -2.83152245842144
O           -1.87800558464960        0.18398389763665       -3.68078924159209
C           -3.73197228219862       -0.62600873725012       -0.48551770055118
O           -4.25961316999603       -1.88257683061130       -0.81918188161466
C           -3.32334375804928       -0.57048574102700        0.99343389021903
O           -4.41914352690798       -0.81372261254739        1.84224035420933
C           -2.78397526201882        0.82927239351112        1.29095883509477
O           -2.38825382076122        0.98331983999587        2.62197039041193
C            1.46553823162809        1.10220886490916        1.76248872970356
O            0.98969169852356        2.34030066431105        2.22879371616027
C            2.99981951463239        1.13030153702131        1.68974554365006
O            3.54487925165329        1.22375516031537        2.97752562057826
H            5.25759130328152       -1.57846935704481       -0.44725347909824
H            5.40476729809904       -1.97121459666606        1.29102366791595
H            6.63190072917666       -0.94206533695396        0.49844995180816
H            3.28604879286000       -1.01759682099955        1.66266620508775
H            1.27946798447518       -1.40271062331417        0.31222676301652
H            1.73522726605282        0.07033187546248       -2.30042767252900
H            0.08574695133216       -0.42163271616004       -1.85471268430556
H            2.27146849062519       -2.15918985127501       -2.15928272313897
H            0.76807324279006        1.53866981675008       -0.24642869622496
H           -1.28704807655346        2.15788960837647        0.49199280689398
H           -1.78399658313964       -1.05302281890769       -1.28979801231709
H           -3.70229752239578        0.72917993165223       -2.88148371352709
H           -3.41787485206192       -1.00577191534678       -3.18166166359646
H           -1.49102364527803        1.02955222452176       -3.42084958742933
H           -4.55051058999090        0.08515245713398       -0.64840152336592
H           -3.56040563722954       -2.55096452267551       -0.79193126092488
H           -2.52166254374599       -1.30202684397616        1.18828100393125
H           -4.95220875528185       -1.52279178652766        1.45424973819780
H           -3.56990680288500        1.56225638484523        1.03867698698137
H           -3.07373180381152        0.58243995029541        3.17679836526817
H            1.16227042451351        0.37701381870173        2.52659880373056
H            1.23101660313693        3.03993229825177        1.60492097910287
H            3.33109024862104        1.97834287530796        1.06652432069700
H            3.05562697769092        1.90483718039896        3.46381307181311
48
 energy: -84.837360013871 gnorm: 0.000784963242 xtb: 6.7.1 (edcfbbe)
C            5.57375672399029       -1.20905819878819        0.52244622959133
O            4.89278138588511       -0.00874490467426        0.86359804199201
C            3.52967724082161       -0.14340512788505        1.02553541103033
O            2.93646029968217       -0.30103912994224       -0.24689339085054
C            1.53433493317340       -0.48175646101397       -0.24142005646844
C            1.13997867920925       -0.64183334802224       -1.71837283935992
O            1.32127687402657       -1.95146464391066       -2.18056224521813
C            0.79227731101282        0.68473198491286        0.44151532435893
O           -0.53381820089627        0.26330703268902        0.74899238368798
C           -1.58419044808952        1.10744912725671        0.37274094770857
O           -1.93653954902138        0.99275919629209       -0.97704507048919
C           -2.52945654296632       -0.24950578860209       -1.36479556041889
C           -2.95482628199380       -0.08153832071598       -2.83158572753476
O           -1.87093012024314        0.18574633478615       -3.67826371993651
C           -3.72944612017400       -0.62902378893808       -0.48652804992447
O           -4.25244834559801       -1.88743944282175       -0.82084139822721
C           -3.32369169947175       -0.57154465467178        0.99322951470599
O           -4.42109454513580       -0.81383917299658        1.84024419329817
C           -2.78590897805299        0.82893165465174        1.29101526193673
O           -2.39249778746750        0.98351913894957        2.62256539878010
C            1.46548195205255        1.10611459372139        1.76284460883461
O            0.99290898284891        2.34650286717436        2.22617428854834
C            3.00018062866945        1.12947530033690        1.69200107903237
O            3.54373088483616        1.21916440123518        2.98072015500218
H            5.25188191803384       -1.57495051097293       -0.45460733058191
H            5.39870629527539       -1.97802432996126        1.28137062395898
H            6.62814459778912       -0.94740379622049        0.49420543206359
H            3.28285550563556       -1.01894419570823        1.66298415294634
H            1.27659963834952       -1.39977385598009        0.31258070445456
H            1.73643922546728        0.07158147056404       -2.30024894794953
H            0.08510666165243       -0.41381321203716       -1.85479587410320
H            2.26355176591664       -2.16099089025120       -2.15658601120444
H            0.76653441735115        1.54155686199961       -0.24583144125926
H           -1.28947967693942        2.15969648252830        0.49435219265889
H           -1.77878793429841       -1.05111412856460       -1.28590679827255
H           -3.69986272947334        0.72250064310607       -2.88394231908895
H           -3.40628093719262       -1.01117306756454       -3.18243117427769
H           -1.48830499246714        1.03302142653643       -3.41732887399508
H           -4.54987023862722        0.07951320422636       -0.65122489315334
H           -3.55084368988878       -2.55334476812056       -0.79363404268478
H           -2.52218570601050       -1.30262668794448        1.19045514539802
H           -4.95003304081748       -1.52773429169272        1.45568886595358
H           -3.57246398583951        1.56072704830307        1.03729022341128
H           -3.08040313234476        0.58521046244101        3.17629728073027
H            1.15958074399233        0.38341167366606        2.52829032116047
H            1.23820953932355        3.04449948991189        1.60200394100581
H            3.33494764076708        1.97753008693988        1.07069070509982
H            3.05795856363320        1.90313113108342        3.46649448697544
48
 energy: -84.837368502938 gnorm: 0.000529274120 xtb: 6.7.1 (edcfbbe)
C            5.56812527963512       -1.21248323569254        0.51665685155891
O            4.89080818809849       -0.01256297170462        0.86668983129161
C            3.52732107289377       -0.14466708193670        1.02749944113218
O            2.93489128695333       -0.29950650334012       -0.24560393989531
C            1.53265954718179       -0.47873893002368       -0.24118162150510
C            1.13926885976627       -0.63758299045762       -1.71859465558803
O            1.31370236674826       -1.94846968217027       -2.17979019400064
C            0.79145283276721        0.68807912703716        0.44219325175986
O           -0.53471079685060        0.26607160529513        0.74984980256960
C           -1.58527974712154        1.10963907965492        0.37392976664414
O           -1.93762720921523        0.99508961997892       -0.97609931919588
C           -2.52550459009076       -0.24955064296335       -1.36365076015880
C           -2.94841590022759       -0.08551346325265       -2.83147873732779
O           -1.86440505509306        0.18785001979839       -3.67595185804739
C           -3.72610832741558       -0.63211249346955       -0.48742564395104
O           -4.24437008969037       -1.89242269913627       -0.82256579741674
C           -3.32315044418103       -0.57251068656072        0.99303723872530
O           -4.42184704373181       -0.81448514452796        1.83849079511649
C           -2.78772349839849        0.82909001889418        1.29095161134199
O           -2.39642965293026        0.98459078262500        2.62295262851133
C            1.46487366769265        1.10971048270006        1.76352771037836
O            0.99511129156085        2.35234269598215        2.22386154950175
C            2.99995802031164        1.12844071389249        1.69511024173552
O            3.54167604240161        1.21413773372965        2.98498882989001
H            5.24484194064524       -1.57005224346266       -0.46302089008948
H            5.39082087547793       -1.98652935588505        1.26989851495323
H            6.62327911087945       -0.95380851368040        0.49008695606460
H            3.27821337885627       -1.02062707659440        1.66356431749283
H            1.27349796820079       -1.39692441325303        0.31186183747301
H            1.74025980639108        0.07241811738917       -2.30017873494524
H            0.08580404886242       -0.40384290536432       -1.85685561754962
H            2.25462363486645       -2.16380907357758       -2.15518962490565
H            0.76523526994491        1.54504605212318       -0.24498140542778
H           -1.29194471118419        2.16222475798178        0.49629702777709
H           -1.77237150386562       -1.04849724846939       -1.28141506007306
H           -3.69848903037484        0.71373999596125       -2.88647746132276
H           -3.39314808055352       -1.01830305948201       -3.18244760772984
H           -1.48614962349983        1.03659697714889       -3.41312862124345
H           -4.54842186253764        0.07378830115727       -0.65394092524193
H           -3.54038275755485       -2.55579411502816       -0.79474381961926
H           -2.52131430435176       -1.30252989707947        1.19268479410316
H           -4.94699890552686       -1.53278394794374        1.45717776739228
H           -3.57527687198650        1.55929005139092        1.03575294344230
H           -3.08654514912834        0.58877476674795        3.17575308376053
H            1.15617745698503        0.38933551821985        2.53016793745000
H            1.24502555616196        3.04884342074233        1.59976818871392
H            3.33840237903643        1.97657870972405        1.07597175664270
H            3.06058299945249        1.90242472266229        3.46947876835365
48
 energy: -84.837375774326 gnorm: 0.000466741307 xtb: 6.7.1 (edcfbbe)
C            5.56147356890264       -1.21634817818280        0.51081520901816
O            4.88838133336426       -0.01705391183770        0.87130038434889
C            3.52441719971173       -0.14613450441278        1.03012994370537
O            2.93344192974757       -0.29734736400100       -0.24403339848540
C            1.53104908265758       -0.47538379538689       -0.24142998130990
C            1.13952052892854       -0.63234446035159       -1.71974063309755
O            1.30530518561401       -1.94489349647789       -2.17950908700832
C            0.79042024505679        0.69130046255727        0.44262609462668
O           -0.53597467737771        0.26924258192538        0.75020726255179
C           -1.58651016227593        1.11232630529005        0.37455625523932
O           -1.93871953382399        0.99761648246000       -0.97576731703332
C           -2.52108323369672       -0.24972733706792       -1.36258010865794
C           -2.94178120572465       -0.09044149819325       -2.83142068055534
O           -1.85830510217363        0.19033013701665       -3.67405320631845
C           -3.72195281957797       -0.63523050156006       -0.48782785312912
O           -4.23552480902255       -1.89751646497800       -0.82325682835922
C           -3.32169082580489       -0.57312193673495        0.99324184188584
O           -4.42128932301205       -0.81568233109144        1.83738476334248
C           -2.78947781836599        0.83003275240740        1.29060741262359
O           -2.39989598773282        0.98714908606771        2.62286466255102
C            1.46367709914707        1.11263484333896        1.76437417429033
O            0.99612636046950        2.35717188402423        2.22204527147630
C            2.99907419867960        1.12705556303038        1.69906309820663
O            3.53859529839642        1.20860084070652        2.99025037671119
H            5.23691015761674       -1.56385281635207       -0.47207474628106
H            5.38114430490659       -1.99646868216149        1.25706839111490
H            6.61753274554404       -0.96122149105249        0.48664421179049
H            3.27223939669051       -1.02272416617821        1.66420220190267
H            1.27037936153014       -1.39390629266967        0.31017352288997
H            1.74686043556900        0.07293419791301       -2.30052056096284
H            0.08804504034396       -0.39117826773628       -1.86097324235881
H            2.24464121041850       -2.16692335295353       -2.15561421679168
H            0.76426382053283        1.54867115214293       -0.24392764448275
H           -1.29442055989875        2.16522746572118        0.49733618766615
H           -1.76510386941087       -1.04558273017055       -1.27692667346571
H           -3.69789940259362        0.70299392070239       -2.88894150405378
H           -3.37873077270311       -1.02690110372270       -3.18222573724653
H           -1.48483228862110        1.04053789577506       -3.40872401143606
H           -4.54619679223699        0.06796565203271       -0.65626835904187
H           -3.52926273266910       -2.55840549767584       -0.79393448304373
H           -2.51881903217611       -1.30131155527013        1.19523972132458
H           -4.94295773941892       -1.53773697197701        1.45855789657197
H           -3.57831384725505        1.55827417965013        1.03393824024953
H           -3.09159210873186        0.59342843525902        3.17517870020004
H            1.15187205115631        0.39429467678988        2.53165830626879
H            1.25084253038180        3.05234029309330        1.59840299004022
H            3.34120808182856        1.97536727445504        1.08229462815870
H            3.06291120320125        1.90193752209540        3.47306967198426
48
 energy: -84.837380871342 gnorm: 0.000586408424 xtb: 6.7.1 (edcfbbe)
C            5.55519360139687       -1.21993666189503        0.50627941878299
O            4.88600237045895       -0.02136554624730        0.87641743064766
C            3.52151047760347       -0.14752597941030        1.03271288094501
O            2.93230638243750       -0.29490607324328       -0.24264393846086
C            1.52980677347659       -0.47211721683892       -0.24217388356110
C            1.14043236709227       -0.62714130952707       -1.72143967078978
O            1.29706599291864       -1.94132362871621       -2.18014283697406
C            0.78962517280737        0.69446924552378        0.44245343212235
O           -0.53677982482347        0.27221999210203        0.74988654134884
C           -1.58733750163446        1.11490584956123        0.37441429395972
O           -1.93931785545299        0.99952234569132       -0.97611764699815
C           -2.51694147382800       -0.25037432193581       -1.36171357624964
C           -2.93653091252215       -0.09539864464005       -2.83127371255619
O           -1.85381754587705        0.19261657635582       -3.67234245847132
C           -3.71782050340304       -0.63814150837568       -0.48787050309080
O           -4.22766713618464       -1.90222858306540       -0.82252357700793
C           -3.31940660516993       -0.57311937871586        0.99359298645874
O           -4.41939227414793       -0.81697554708614        1.83684585060494
C           -2.79054038890363        0.83158970664734        1.28987299937113
O           -2.40217255367683        0.99120725441908        2.62222990882980
C            1.46213597517570        1.11444651643308        1.76533516762348
O            0.99600441263139        2.36011306639963        2.22171554032034
C            2.99774117743349        1.12558492854018        1.70298248476643
O            3.53503164414138        1.20340381766845        2.99537327907264
H            5.23005066414775       -1.55766277293925       -0.47980133082854
H            5.37141207566355       -2.00583799310071        1.24559177747607
H            6.61214560550694       -0.96834751250448        0.48505499587549
H            3.26615114389907       -1.02484614308733        1.66458769075844
H            1.26782921175720       -1.39127676742501        0.30764524795861
H            1.75462447839412        0.07316043725955       -2.30095174240991
H            0.09117305461878       -0.37790357340716       -1.86566019116683
H            2.23488453803233       -2.16973629571978       -2.15813712508297
H            0.76374078140668        1.55261001985491       -0.24308906633873
H           -1.29616149487557        2.16808897908535        0.49703433265123
H           -1.75835910942632       -1.04342649188488       -1.27327743854108
H           -3.69841906573480        0.69240986019697       -2.89103419282037
H           -3.36592117594556       -1.03534693650942       -3.18196423291876
H           -1.48513287560456        1.04432359527404       -3.40479052192057
H           -4.54368044019494        0.06276075453972       -0.65805999126892
H           -3.51967094025245       -2.56115065910936       -0.79100513869756
H           -2.51506989764986       -1.29910459417273        1.19760830056424
H           -4.93858088273293       -1.54134963098374        1.45912965072387
H           -3.58067581155853        1.55785522949505        1.03164197619939
H           -3.09437281253114        0.59852786585091        3.17461728835964
H            1.14762664581566        0.39694736375245        2.53236042796856
H            1.25431956742649        3.05461796994682        1.59880026421670
H            3.34290202816211        1.97424444373098        1.08844110158637
H            3.06405066563006        1.90091284886870        3.47686865367813
48
 energy: -84.837384516621 gnorm: 0.000581630274 xtb: 6.7.1 (edcfbbe)
C            5.54941921262342       -1.22331872918509        0.50280250586066
O            4.88389106140964       -0.02548708995339        0.88176206943517
C            3.51883293360628       -0.14879335659297        1.03513646814647
O            2.93169955500493       -0.29230190204112       -0.24149261818589
C            1.52912776965543       -0.46889405203014       -0.24325131080980
C            1.14153110164480       -0.62161228360330       -1.72348331289918
O            1.28842384448834       -1.93738304887312       -2.18109946566272
C            0.78881856904970        0.69707189891107        0.44210161631203
O           -0.53768548059829        0.27501806827105        0.74912897078388
C           -1.58830046387120        1.11734838524920        0.37357932712925
O           -1.93969428590132        1.00080584353804       -0.97709830045646
C           -2.51325737408382       -0.25146138565595       -1.36119276242661
C           -2.93182113120419       -0.10040425646105       -2.83141638301075
O           -1.85008267972907        0.19512986326768       -3.67118705460150
C           -3.71360290179657       -0.64088036368354       -0.48729565593209
O           -4.22031290963921       -1.90664945920671       -0.82021308429706
C           -3.31672665686049       -0.57280459890946        0.99445276372705
O           -4.41679227839114       -0.81846512432463        1.83708754411021
C           -2.79145231829918        0.83363389131820        1.28879295869062
O           -2.40383798465240        0.99631599931962        2.62101903367018
C            1.46061891496063        1.11553764866848        1.76601344984055
O            0.99539434917760        2.36168026272328        2.22218185208065
C            2.99637650382259        1.12409697022934        1.70683550209732
O            3.53142813019868        1.19847182152512        3.00034542789739
H            5.22456224941578       -1.55147430503813       -0.48657271831049
H            5.36152880088521       -2.01472684043675        1.23516282026686
H            6.60728887245830       -0.97537028884840        0.48532868826758
H            3.26022092642145       -1.02689851312552        1.66467333127801
H            1.26588701570998       -1.38849637689076        0.30504302170646
H            1.76270097324152        0.07326126952782       -2.30186413626604
H            0.09469835049825       -0.36390695719849       -1.87040453773735
H            2.22474570101976       -2.17199136819287       -2.16200989144744
H            0.76357333780662        1.55595555267498       -0.24235462803893
H           -1.29760561844110        2.17070229886275        0.49565248637213
H           -1.75229021771563       -1.04191549378013       -1.27071163739421
H           -3.69926262669982        0.68184745562211       -2.89268657350808
H           -3.35395544388691       -1.04354486918645       -3.18220165926094
H           -1.48664984750408        1.04855765429269       -3.40178224411202
H           -4.54094775775158        0.05786750884927       -0.65917907299905
H           -3.51094277960559       -2.56394170451726       -0.78612293736973
H           -2.51061155902963       -1.29634780207972        1.20012540320020
H           -4.93428047477993       -1.54395558679739        1.45916556083332
H           -3.58279376913090        1.55798394432587        1.02899710824354
H           -3.09553476856665        0.60363302470090        3.17398548176458
H            1.14356853181495        0.39820707151895        2.53208061792850
H            1.25609845618298        3.05602305863794        1.60011344068838
H            3.34413128232614        1.97315958829294        1.09437946035299
H            3.06387261041857        1.89871157328877        3.48115421986094
