48
 energy: -84.802820304618 gnorm: 0.075786410560 xtb: 6.7.1 (edcfbbe)
C            5.26246062465411        2.65673377650045       -0.49329566309398
O            4.66267515617191        1.43255691461579       -0.87471194018799
C            3.28875723377778        1.43127913966061       -0.79161869137638
O            2.92407224500156        1.48795016786215        0.57546902890062
C            1.55125340018348        1.37341973862872        0.83012820064869
C            1.34413398701770        1.59037064118604        2.33766556196279
O            1.51713166931589        2.92130572610203        2.73566031123317
C            1.02447143420625       -0.01295329653714        0.37968932775505
O           -0.35290211951978       -0.07295129712369        0.71003378338356
C           -0.88574845647710       -1.24741551658169        1.27096605961198
O           -2.08178457378910       -0.87108077964555        1.89082032585369
C           -3.04576010008919       -0.38055694352178        0.96633096230097
C           -4.27788167771697        0.03532452547028        1.78239609027870
O           -5.24732552241347        0.67475934303109        0.98536095209119
C           -3.41487249659202       -1.43712880437441       -0.09359498758453
O           -4.23847546956988       -0.90284423470543       -1.09868984459514
C           -2.14291532368932       -1.97609003462941       -0.76268152568075
O           -2.41602013912105       -3.08877463908477       -1.58164701329722
C           -1.19694759837041       -2.43536334272169        0.34441225208124
O           -0.03248316390556       -3.05450217349990       -0.14336376934950
C            1.25669676486145       -0.03018410597708       -1.14360551990572
O            0.79149561847272       -1.15230194562829       -1.84123708766299
C            2.75971008996316        0.14974945313149       -1.44274229084770
O            2.94663230058611        0.23130391140660       -2.82728540240731
H            5.02694479514716        2.89979009718917        0.54544814097706
H            4.92490393986613        3.47128035740961       -1.14434582237168
H            6.33363533197652        2.51209269738903       -0.60992240846034
H            2.85235892595647        2.30563688426955       -1.32254413262893
H            0.98953626717485        2.14300528666034        0.27216092189280
H            2.09968080992768        1.01909357744207        2.87943145391761
H            0.34213684046257        1.22705176069043        2.60409631814508
H            0.92570061459436        3.48478008901876        2.22356164086887
H            1.58275561864153       -0.81500346471799        0.87381844805985
H           -0.22515341735922       -1.60362067335193        2.07895059359864
H           -2.63572737896206        0.49684328128863        0.44380295243676
H           -3.95231020617861        0.67062197883504        2.61288753547179
H           -4.76030681157041       -0.85264508423396        2.19621520659065
H           -4.91103328503738        1.53555812402564        0.70897456746588
H           -3.92012985341583       -2.28084479673985        0.40787891941193
H           -4.98103222184304       -0.45343821556546       -0.66491766221047
H           -1.67381885647302       -1.17556336229843       -1.35215511754567
H           -3.11640118599161       -2.82857219116579       -2.19126820348531
H           -1.74007256182422       -3.15590523250543        0.97786563717226
H           -0.33302278739495       -3.69321780240586       -0.80706328594233
H            0.72102048466316        0.82733739410039       -1.57763143205147
H            0.76349722907491       -1.91942128531965       -1.23973236540228
H            3.32321952222801       -0.69959005873907       -1.02440162324639
H            2.36724337019548       -0.43788174434939       -3.22208886134515
48
 energy: -84.808296541709 gnorm: 0.011339859091 xtb: 6.7.1 (edcfbbe)
C            5.26147747350830        2.65559777521085       -0.49076975966131
O            4.66110038063466        1.43125740425392       -0.87100253830976
C            3.28706507907668        1.42903486456955       -0.78641089550819
O            2.92411524942455        1.47462004063423        0.58308150859037
C            1.55195412931139        1.36014300828248        0.84543683305060
C            1.34253550852580        1.58049202166826        2.34972546359840
O            1.51775043852014        2.91334094742066        2.74200183126202
C            1.00955078043792       -0.00183435025997        0.34283070410882
O           -0.36885124726253       -0.09107499243964        0.66042645428357
C           -0.88090495909492       -1.24052150287926        1.28885367355215
O           -2.08464724159225       -0.86160257074548        1.89153758113817
C           -3.04734865142871       -0.37802588658759        0.96377015261418
C           -4.27937089206177        0.03694640085073        1.78037537607834
O           -5.24929708627450        0.67533283464334        0.98340889329898
C           -3.41440121005132       -1.43846095813919       -0.09157458721543
O           -4.23605181260372       -0.90630092149390       -1.09947234439057
C           -2.13849006206257       -1.97799666351614       -0.75169902048845
O           -2.41022345912896       -3.09056427581181       -1.57173180583504
C           -1.19363008623252       -2.43313796178470        0.36177268342383
O           -0.03014100498792       -3.04978235649768       -0.13280341020769
C            1.25517123017356       -0.02414660065408       -1.17078656104465
O            0.79364962626377       -1.15353669021500       -1.85878696814966
C            2.76139592477152        0.15173613548200       -1.44942520769165
O            2.95569549630673        0.23423549304488       -2.83248838437912
H            5.02681546833088        2.89930072755875        0.54792721122120
H            4.92389136118918        3.46987655950233       -1.14218463221590
H            6.33258545686564        2.51083620807075       -0.60833056992786
H            2.85104764353128        2.30607867381407       -1.31347411371358
H            0.99673556591659        2.13934852076921        0.29246226595002
H            2.09710222060465        1.00955175860463        2.89222990419802
H            0.33846660781667        1.22134393040175        2.61276831985020
H            0.92902477829126        3.47665866131662        2.22622218587171
H            1.56649340446219       -0.80541442219034        0.83923610056233
H           -0.21392543580315       -1.57766181805276        2.09868731840685
H           -2.63789342209360        0.49855591502432        0.43967884707640
H           -3.95385734434654        0.67253379648458        2.61067053395095
H           -4.76058029398157       -0.85136345798155        2.19493333728619
H           -4.91356666596817        1.53649691160081        0.70752898328319
H           -3.92057472033222       -2.28089846128492        0.41093603490753
H           -4.97881329054012       -0.45495728671544       -0.66771138371695
H           -1.67013853499090       -1.17811741389033       -1.34307296653019
H           -3.10908849196114       -2.83013303160276       -2.18347545042241
H           -1.73663564785872       -3.15557324725522        0.99251892311542
H           -0.33256323017414       -3.68737845414436       -0.79718900329691
H            0.72095358960701        0.83214751159580       -1.60719200831274
H            0.76137930083340       -1.91419984683709       -1.24818367660200
H            3.31993920752196       -0.69983365170389       -1.02845051316830
H            2.37509793573740       -0.43295543745212       -3.22932477861968
48
 energy: -84.808921829335 gnorm: 0.003867529650 xtb: 6.7.1 (edcfbbe)
C            5.26120743594578        2.65311273307344       -0.48644180352827
O            4.66135412975014        1.42880579923496       -0.86764953045189
C            3.28729148180548        1.42654614080156       -0.78522755519371
O            2.92241899118539        1.46037905179679        0.58381765018637
C            1.54795499359322        1.35534766066380        0.83995823092317
C            1.33756890935024        1.55916463626583        2.34655872562118
O            1.51606868413290        2.88964282483705        2.74514446457946
C            1.00353585854946       -0.00408837649271        0.32897645133067
O           -0.37643302078961       -0.08473158792254        0.64208404343236
C           -0.88133218413070       -1.22534897978191        1.29234043530743
O           -2.08653395692017       -0.84839678051475        1.89157106609283
C           -3.05088157901415       -0.37225868731963        0.96289455106958
C           -4.28347329589765        0.04124459274888        1.77896169031707
O           -5.25432022693958        0.67622588639360        0.98057045622752
C           -3.41320013683666       -1.43921035665588       -0.08659390194600
O           -4.23246858996582       -0.91323798688032       -1.09978290496483
C           -2.13381305004653       -1.97979673834913       -0.73838287985417
O           -2.39921293682412       -3.09595096908564       -1.55575508183760
C           -1.18930759751922       -2.43153819416326        0.37743103857137
O           -0.02273743250835       -3.04045193062525       -0.12010853868844
C            1.25279185788952       -0.01411691471790       -1.18315355593491
O            0.79014192701901       -1.14353726607296       -1.86959003233269
C            2.76043697214853        0.15472254276254       -1.45785545490796
O            2.96676173499928        0.24186099586954       -2.83932584657280
H            5.02613247199920        2.89664712372094        0.55219604045478
H            4.92377893661091        3.46745254313748       -1.13791103171653
H            6.33235001671668        2.50859009029300       -0.60378378364675
H            2.85217670074531        2.30892113872608       -1.30395012199924
H            1.00089215911361        2.14960016572770        0.29619843554092
H            2.08895903125113        0.98552501661268        2.89107595819221
H            0.33189951647847        1.20285333577565        2.60828504523524
H            0.93190188511869        3.45831217856411        2.22988210580229
H            1.55454392883586       -0.81936212140028        0.81599211321304
H           -0.21109656605313       -1.54754875082069        2.10357547441598
H           -2.64497122802152        0.50292552921272        0.43401792731696
H           -3.95905100585293        0.67854426692339        2.60836819686771
H           -4.76240651311232       -0.84776140203200        2.19462833929856
H           -4.92008494702064        1.53773666151688        0.70398014105298
H           -3.91992469879544       -2.27972392898644        0.41851496041631
H           -4.97586037347062       -0.45907525863714       -0.67203321246697
H           -1.66393214852951       -1.18133078464149       -1.33025404304265
H           -3.09622929459473       -2.83810138468985       -2.17071999368604
H           -1.72918537279077       -3.15596554252474        1.00881964214230
H           -0.32375847985127       -3.68074534477162       -0.78260328959173
H            0.72573945292456        0.84395926832121       -1.62571401537343
H            0.75426983489212       -1.90253221614336       -1.25687375856951
H            3.31247544304979       -0.70065225853758       -1.03594240272301
H            2.38756134823020       -0.42266258025732       -3.24270990360899
48
 energy: -84.809221715859 gnorm: 0.004580365131 xtb: 6.7.1 (edcfbbe)
C            5.26224929627544        2.64952059790983       -0.48133048745962
O            4.66338856552130        1.42587382812488       -0.86599358302186
C            3.28956836527282        1.42327507358705       -0.78399187813586
O            2.92533395727467        1.44511074751878        0.58492204475341
C            1.54888879073426        1.34906210268148        0.83425302765756
C            1.33315842288182        1.53667998268206        2.34245760784147
O            1.51367534643158        2.86264905165519        2.75616876210584
C            0.99758961710905       -0.00478421770921        0.31708359585729
O           -0.38369293231938       -0.06865084744477        0.63061174674086
C           -0.88273748320530       -1.20501421800977        1.29183532214879
O           -2.08757032519855       -0.83125963483236        1.89205159596087
C           -3.05551012833028       -0.36571262491441        0.96219473517614
C           -4.28954893839861        0.04697608313757        1.77628443215433
O           -5.26166301605615        0.67646543157538        0.97512501506729
C           -3.41206460264784       -1.44155263992159       -0.08010690426144
O           -4.22979367363691       -0.92509769370671       -1.09975744373257
C           -2.13033748253697       -1.98322950351997       -0.72575065451699
O           -2.38850021249643       -3.10538747854798       -1.53754174164299
C           -1.18266594166987       -2.42465994623555        0.39110515871392
O           -0.01150311676533       -3.02403726440758       -0.10707770651430
C            1.24871257660178       -0.00661808325447       -1.19588163444792
O            0.78264699757226       -1.13331707439825       -1.88546896063405
C            2.75844647587246        0.15784987816564       -1.46601402382249
O            2.97411511696686        0.25256208541021       -2.84576346390038
H            5.02631701549198        2.89079471263451        0.55773219653335
H            4.92465861984046        3.46500028715917       -1.13130946686818
H            6.33350735023238        2.50577374240696       -0.59808376263954
H            2.85449515730736        2.31144050242382       -1.29282274948236
H            1.00853115789884        2.15260132128132        0.29718151452505
H            2.08027186284798        0.95592063847803        2.88540505765051
H            0.32565721124833        1.18044581164631        2.59853484571318
H            0.93601637410811        3.43870007845830        2.24164433293209
H            1.54109605086557       -0.83070855929974        0.79376715195101
H           -0.20882857409130       -1.51097632962236        2.10521182349319
H           -2.65555253273626        0.50807979937998        0.42642078049382
H           -3.96735703823705        0.68773273062754        2.60393190573231
H           -4.76594045009956       -0.84218366287844        2.19446620859699
H           -4.93011098688153        1.53863623540081        0.69734060124927
H           -3.91837099057222       -2.27935255427062        0.42991844099655
H           -4.97383158186891       -0.46743757210311       -0.67711052287107
H           -1.66028818495472       -1.18649495520698       -1.31959183648370
H           -3.08402003141590       -2.85261744009306       -2.15611493151933
H           -1.71456249930948       -3.14944519582318        1.02839996682742
H           -0.30946305299298       -3.67202936241494       -0.76351171638885
H            0.72775072593662        0.85422493084322       -1.64053877804029
H            0.74488680628952       -1.89204502211742       -1.27332818649976
H            3.30419116715614       -0.70260264220150       -1.04628467935961
H            2.39875981552786       -0.41016728877208       -3.25719221807575
48
 energy: -84.809370906878 gnorm: 0.003489141351 xtb: 6.7.1 (edcfbbe)
C            5.26428962512966        2.64475369297921       -0.47692709616645
O            4.66589284948322        1.42269253668852       -0.86729824746905
C            3.29244028271939        1.42046771721497       -0.78334187574205
O            2.93053277452670        1.43414443914461        0.58584781407135
C            1.55316307864647        1.34515844487215        0.83022992578023
C            1.33172648042097        1.51878282202973        2.33957698017891
O            1.51284256222167        2.83947015413687        2.77058722404255
C            0.99484176663551       -0.00310877510182        0.30988922198704
O           -0.38716393878652       -0.05327917261309        0.62487846946589
C           -0.88453316869769       -1.18726305466057        1.28998826661454
O           -2.08825210277219       -0.81398129579847        1.89204293291172
C           -3.06023884239920       -0.36004333263362        0.96039113549299
C           -4.29600150006351        0.05230422378471        1.77217711398084
O           -5.26937530487170        0.67552832139123        0.96761502898224
C           -3.41205823409530       -1.44541352644758       -0.07418698170801
O           -4.23062553985471       -0.93924049890780       -1.09865586050638
C           -2.12902568270509       -1.98690144691648       -0.71707228615578
O           -2.38215694743956       -3.11586892979485       -1.52104230369769
C           -1.17621994957505       -2.41485082749832        0.39996005889871
O           -0.00063896136264       -3.00597597240153       -0.09743240643086
C            1.24533310668149       -0.00026399827375       -1.20494868691216
O            0.77593858173723       -1.12354683802666       -1.89915913124688
C            2.75672827951949        0.16061324240181       -1.47276798569894
O            2.97606975760585        0.26376335953032       -2.85130848231306
H            5.02745505592676        2.88171805207473        0.56305829303807
H            4.92684144227234        3.46288131738502       -1.12366183916873
H            6.33567762009106        2.50185345835159       -0.59303628311011
H            2.85708409922846        2.31279822403213       -1.28462113702444
H            1.01788971200273        2.15281755551192        0.29626227797843
H            2.07469579722725        0.92889876181301        2.87861401264711
H            0.32224425181024        1.16190937734246        2.58743231540877
H            0.94072571677818        3.42230317476463        2.25756206626127
H            1.53106303810318       -0.83605316700439        0.77983720280561
H           -0.20843097425581       -1.48169538138035        2.10589112667003
H           -2.66624950025314        0.51236502307607        0.41761557652510
H           -3.97621409955124        0.69760458100020        2.59728807053285
H           -4.77029386796443       -0.83624277203132        2.19408612113083
H           -4.94123630793914        1.53861490642519        0.68858205062690
H           -3.91620143793898       -2.28077779965719        0.44201028905991
H           -4.97529893395444       -0.47902901091168       -0.68033681953467
H           -1.66227737032812       -1.19175569892023       -1.31582153793017
H           -3.07733583720294       -2.86961719805316       -2.14242758251709
H           -1.69875145600162       -3.13893619886611        1.04528677714168
H           -0.29479957343333       -3.66434307941032       -0.74538536141585
H            0.72717203336944        0.86300847078166       -1.64779098742160
H            0.73925938216063       -1.88314475259943       -1.28895963250947
H            3.29803937397700       -0.70475512875624       -1.05737229376149
H            2.40543192998125       -0.39837015795868       -3.26967499360692
48
 energy: -84.809450904797 gnorm: 0.001966567719 xtb: 6.7.1 (edcfbbe)
C            5.26753504733981        2.63966511717537       -0.47353000146053
O            4.66842025429155        1.42017778382078       -0.87095954298863
C            3.29523973180650        1.41923162725320       -0.78382109029797
O            2.93594835922541        1.42875690353387        0.58587065706566
C            1.55857994752280        1.34433912494073        0.82869749663377
C            1.33388155508273        1.50858752521420        2.33879785164781
O            1.51576570162419        2.82452543784784        2.78355787857641
C            0.99491821149109        0.00009780257884        0.30694062001914
O           -0.38726980258706       -0.04265290781945        0.62304183430138
C           -0.88626166459110       -1.17561948808093        1.28787731069758
O           -2.08907522539653       -0.80041044610348        1.89058960691424
C           -3.06447105085935       -0.35633454926777        0.95728472759491
C           -4.30145580732064        0.05650808549460        1.76724698186247
O           -5.27626814627753        0.67365839257162        0.95965119409774
C           -3.41338494597910       -1.44984238587964       -0.07009732336814
O           -4.23511546076241       -0.95304123306865       -1.09673312940725
C           -2.12983526831441       -1.99043283951317       -0.71272982902502
O           -2.38047743023920       -3.12570184745589       -1.50832648482355
C           -1.17223795885432       -2.40619395373310        0.40414351651668
O            0.00675687651775       -2.99156144832109       -0.09193563768751
C            1.24349706722165        0.00482551537500       -1.20937233683809
O            0.77098040257323       -1.11554508025673       -1.90695428361695
C            2.75539757909910        0.16354691241422       -1.47786492748619
O            2.97377462163861        0.27390384099344       -2.85580688015668
H            5.02992531653349        2.87097695644652        0.56764741457029
H            4.93077266210688        3.46152050998972       -1.11591507611912
H            6.33895713061976        2.49703558531949       -0.58932853968137
H            2.85980575642404        2.31388883494406       -1.28080155241180
H            1.02654443682049        2.15394196714398        0.29639060950822
H            2.07377609006348        0.91050637928062        2.87315810377103
H            0.32284181294258        1.15176061500724        2.57993757787954
H            0.94623716175868        3.41223061003434        2.27351781030176
H            1.52604902556524       -0.83615805826687        0.77429102503480
H           -0.21031506889294       -1.46541165767985        2.10619865593369
H           -2.67484950716334        0.51443413610946        0.40852873880152
H           -3.98345521151299        0.70644236773739        2.58944685274003
H           -4.77400979647013       -0.83102240854810        2.19330873929660
H           -4.95168280518622        1.53758085521513        0.67906397467810
H           -3.91386425242334       -2.28354298563093        0.45229975346309
H           -4.98029285213824       -0.49166895958046       -0.68095476653985
H           -1.66826651166594       -1.19682188453761       -1.31792042632724
H           -3.07643148852843       -2.88600152996146       -2.13131794066593
H           -1.68768897003972       -3.12996575865287        1.05529725259038
H           -0.28359043663265       -3.65954617528013       -0.73175010488754
H            0.72576510197520        0.86994458212853       -1.64842740940435
H            0.73751312473222       -1.87648423892646       -1.29879242790069
H            3.29437471456984       -0.70561023652586       -1.06748175784109
H            2.40704103904300       -0.38852355275115       -3.27848417561933
48
 energy: -84.809526135784 gnorm: 0.002364771285 xtb: 6.7.1 (edcfbbe)
C            5.27411574842834        2.63161225052576       -0.46866132038454
O            4.67192612632412        1.41733891056915       -0.87786710417559
C            3.29895701733304        1.41959653692482       -0.78589242886682
O            2.94321399938965        1.42620768709644        0.58465827349921
C            1.56637966564271        1.34642212420355        0.82897210254560
C            1.34141088552846        1.50190171994708        2.34014388255053
O            1.52653879150939        2.81202740462360        2.79860821683871
C            0.99682023334344        0.00603499737317        0.30593528646483
O           -0.38532521910383       -0.03238412813095        0.62268998888660
C           -0.88888542042641       -1.16493673838489        1.28492017068287
O           -2.09107186882867       -0.78520806836652        1.88646824667886
C           -3.07017089020192       -0.35310118335809        0.95090720947946
C           -4.30794554757889        0.06170279621901        1.75910636265560
O           -5.28561953760678        0.66977287594163        0.94790317768898
C           -3.41702825077581       -1.45698219097799       -0.06609935127450
O           -4.24591326902671       -0.97345877311854       -1.09321700595468
C           -2.13339153094865       -1.99602129250244       -0.71037409733663
O           -2.38247693849304       -3.13999438201142       -1.49343774963431
C           -1.16974784180118       -2.39665483290347        0.40610018051909
O            0.01311111664481       -2.97620661954849       -0.08796291431502
C            1.24210225729409        0.01203350935038       -1.21155394520829
O            0.76510880107072       -1.10510135927382       -1.91149298424508
C            2.75355184028936        0.16869430092344       -1.48407980852619
O            2.96688785140458        0.28801557515954       -2.86180636955909
H            5.03588005459499        2.85331447270852        0.57450262962845
H            4.93950881256090        3.46031040988309       -1.10345166276083
H            6.34533681763614        2.48793798990520       -0.58469005368806
H            2.86439433691684        2.31661783507503       -1.27935712573506
H            1.03722784362488        2.15862849157846        0.29917375158173
H            2.07809802578698        0.89407056965820        2.86789483386605
H            0.32868715598652        1.14677132669289        2.57538965626879
H            0.95661821916153        3.40498285697805        2.29559597991900
H            1.52382339148442       -0.83208037049523        0.77288307549399
H           -0.21544348038136       -1.45428087929311        2.10662965765110
H           -2.68491224154207        0.51462192507083        0.39420460035407
H           -3.99147766120285        0.71866003338693        2.57629314067116
H           -4.77776731794092       -0.82402566346460        2.19203983519134
H           -4.96643860143407        1.53454964402500        0.66384477154373
H           -3.91044804872101       -2.28902881385296        0.46559457637017
H           -4.99140996193964       -0.51137879483362       -0.67902066478105
H           -1.67997343682048       -1.20512723592258       -1.32575024585973
H           -3.08096407428109       -2.90989026222383       -2.11722625754613
H           -1.67835253707157       -3.12100133084871        1.06193378270469
H           -0.27187256092383       -3.65617581176413       -0.71716556655434
H            0.72370995684644        0.87930197205180       -1.64486932246378
H            0.73765161769542       -1.86807478522981       -1.30578713957274
H            3.29131404765640       -0.70465104458139       -1.08126669376515
H            2.40426068953779       -0.37536981112920       -3.28788303782920
48
 energy: -84.809567907806 gnorm: 0.002023793925 xtb: 6.7.1 (edcfbbe)
C            5.27846104777218        2.62713359778641       -0.46569972587753
O            4.67321886149173        1.41627127745774       -0.88075205820811
C            3.30022963616760        1.42107922798972       -0.78730424817427
O            2.94570252191105        1.42680442907231        0.58359257968285
C            1.56905095897538        1.34866628243749        0.83011883462320
C            1.34709519921549        1.50212482499290        2.34202665404968
O            1.53628580302438        2.81044571733009        2.80279075181972
C            0.99752804744478        0.00916422160025        0.30621744277220
O           -0.38467901914964       -0.02966801351645        0.62244726474037
C           -0.89029492250916       -1.16221311112807        1.28378060744847
O           -2.09275480500125       -0.78057469412176        1.88357319673294
C           -3.07260824326478       -0.35269105638243        0.94687672790145
C           -4.31010215989312        0.06406295846261        1.75464452381000
O           -5.28976050029452        0.66732671083817        0.94220059530285
C           -3.41946183563949       -1.46091949912489       -0.06507373752214
O           -4.25264700263832       -0.98387629847434       -1.09154467670875
C           -2.13596627599998       -1.99937846558244       -0.71049279939137
O           -2.38472273210171       -3.14715303022575       -1.48792827259861
C           -1.17011352901957       -2.39468959184167        0.40585550006477
O            0.01400511994519       -2.97252080657857       -0.08754537483366
C            1.24139243102088        0.01607367119128       -1.21124754287403
O            0.76214801043355       -1.10010106041100       -1.91084002670727
C            2.75220993196417        0.17212994709093       -1.48675301060371
O            2.96233033425213        0.29477194910130       -2.86470012639946
H            5.04070005480728        2.84404683106493        0.57848444144393
H            4.94574711447779        3.45974278181323       -1.09636018574648
H            6.34932882408228        2.48152772826301       -0.58256463058818
H            2.86705814964364        2.31946957614810       -1.27964644844802
H            1.04039929349371        2.16280529626866        0.30240846451189
H            2.08304455211065        0.89132332399860        2.86722081295942
H            0.33390779214624        1.14892970130237        2.57782655967344
H            0.96396513270172        3.40545002816077        2.30492528676253
H            1.52451261661685       -0.82928757543485        0.77328074861768
H           -0.21848028181541       -1.45266897215049        2.10682068503492
H           -2.68830939833492        0.51305739646607        0.38653395186433
H           -3.99360995927063        0.72480152678826        2.56870203458516
H           -4.77819390997628       -0.82056781778428        2.19171868675321
H           -4.97303027107084        1.53192982153643        0.65496842556597
H           -3.90891629612229       -2.29235891069858        0.47126136370051
H           -4.99791907696072       -0.52147900217985       -0.67713616666102
H           -1.68571689427646       -1.21023157595342       -1.33027570193762
H           -3.08536333784089       -2.92156392789327       -2.11096289315943
H           -1.67719609696222       -3.11976148316501        1.06217331874995
H           -0.26892356333155       -3.65640623618091       -0.71296597258884
H            0.72291707582857        0.88417417781560       -1.64285218157016
H            0.73708854617644       -1.86386463963789       -1.30589355107198
H            3.29027634598222       -0.70256095138326       -1.08738107938053
H            2.40016577635825       -0.36878244098221       -3.29104850851865
48
 energy: -84.809625937435 gnorm: 0.001375125763 xtb: 6.7.1 (edcfbbe)
C            5.28605911961180        2.61929775720471       -0.45976012929283
O            4.67479972724606        1.41444509089055       -0.88382108428371
C            3.30169122538125        1.42423445820336       -0.78940789816504
O            2.94830492463732        1.42873889360477        0.58176387703728
C            1.57182539327478        1.35265164273507        0.83208060426978
C            1.35641888683884        1.50463701551894        2.34519740482164
O            1.55406756218369        2.81112384512856        2.80651262593464
C            0.99804627050909        0.01400480016471        0.30693333710937
O           -0.38435533927547       -0.02650519981132        0.62183848927057
C           -0.89241306243599       -1.15919112326803        1.28198711681775
O           -2.09559950240746       -0.77560057285278        1.87879097103978
C           -3.07587252369844       -0.35297604051701        0.94026951061893
C           -4.31238828084649        0.06784775307993        1.74760830795751
O           -5.29566188802958        0.66298544004114        0.93350910814629
C           -3.42349408729769       -1.46765072840781       -0.06377225642902
O           -4.26371292015449       -1.00078853719019       -1.08888597886255
C           -2.14035774709756       -2.00514983850282       -0.71116508412320
O           -2.38879143163290       -3.15828575975454       -1.48071140114889
C           -1.17111942771736       -2.39338313375546        0.40481550677378
O            0.01435509559586       -2.96906755769575       -0.08822769276492
C            1.23992219140098        0.02282280601922       -1.21035807228844
O            0.75720101363066       -1.09211197725645       -1.90899596372579
C            2.74968985336897        0.17822553648181       -1.49070587477395
O            2.95463841144894        0.30531293390160       -2.86921241400882
H            5.04989954067086        2.82892284572914        0.58612688497704
H            4.95706148106817        3.45845931117722       -1.08365996802864
H            6.35614191891679        2.46935050492021       -0.57858390564816
H            2.87168756948682        2.32509786121613       -1.28017636092585
H            1.04324475706662        2.16948511163161        0.30786046214998
H            2.09181731798738        0.89034890593261        2.86694929024342
H            0.34266489472411        1.15528952969707        2.58445018640047
H            0.97697623108465        3.40917445036665        2.31761145125902
H            1.52609179419602       -0.82478329333118        0.77356742527987
H           -0.22280528309562       -1.45115977993117        2.10650182886407
H           -2.69215017836188        0.50930074705560        0.37434336499423
H           -3.99514460897315        0.73518877453871        2.55589415654327
H           -4.77736755005413       -0.81465703038598        2.19232996763272
H           -4.98237057645526        1.52655300758166        0.63949124149827
H           -3.90657229608259       -2.29811977316303        0.47998020373462
H           -5.00821245130684       -0.53761179735241       -0.67360131025712
H           -1.69437952833245       -1.21874111019052       -1.33708977553332
H           -3.09404100399640       -2.93958119137674       -2.10104465893017
H           -1.67621386352711       -3.11938944870625        1.06190059607498
H           -0.26631841288396       -3.65778772701581       -0.70880047946958
H            0.72147924801540        0.89203581415251       -1.64007249481896
H            0.73476029097639       -1.85698993433086       -1.30513479438351
H            3.28874732476760       -0.69813022260773       -1.09644330790136
H            2.39174898601882       -0.35787921462758       -3.29520247427174
48
 energy: -84.809685770413 gnorm: 0.001633935533 xtb: 6.7.1 (edcfbbe)
C            5.29913333034000        2.60453718541569       -0.44820497166228
O            4.67701095181041        1.41014825130361       -0.88670840288006
C            3.30368804646725        1.42934786166052       -0.79201375850715
O            2.95154348541982        1.43079876067263        0.57929770311415
C            1.57512981863054        1.35850785897244        0.83448152373069
C            1.37030529949110        1.50764145380844        2.34959310244185
O            1.58329324837522        2.81140808598318        2.81187258234984
C            0.99747398627398        0.02181986529537        0.30713478578021
O           -0.38541149384247       -0.01977895715001        0.61984388240275
C           -0.89560906716829       -1.15257670493469        1.27893055376414
O           -2.10010253395982       -0.76776419449232        1.87161668948093
C           -3.08101979815274       -0.35367393916936        0.92991930113911
C           -4.31587208190160        0.07485721560521        1.73597551643962
O           -5.30526019066946        0.65512357084066        0.91839372701458
C           -3.42951253601297       -1.47962782250230       -0.06076358435159
O           -4.28062614545359       -1.03020852252549       -1.08455012617575
C           -2.14672469953022       -2.01525412141713       -0.71063702003501
O           -2.39353838679025       -3.17675523435880       -1.46846802874508
C           -1.17119510089209       -2.39121435047600        0.40443477640455
O            0.01637635136241       -2.96235286047379       -0.08915315160925
C            1.23612626536683        0.03498472635571       -1.21031548774057
O            0.74758924954046       -1.07741572591759       -1.90859019086602
C            2.74454228590288        0.18896262727664       -1.49762796268379
O            2.94197529595501        0.32369783762344       -2.87693807328713
H            5.06651251713570        2.80257754964599        0.60063492513170
H            4.97662412504714        3.45464842958725       -1.06070271848255
H            6.36769960876668        2.44647184517219       -0.57092557648230
H            2.87992196672961        2.33513725947485       -1.27932103664893
H            1.04694531504983        2.17947699346461        0.31594579218412
H            2.10451428171838        0.88711640997180        2.86581115640893
H            0.35539485969466        1.16549160105523        2.59520290229116
H            1.00003637526160        3.41523013644768        2.33698665677857
H            1.52634242421143       -0.81877950005701        0.77097138576717
H           -0.22835465971579       -1.44414889428086        2.10546610721069
H           -2.69793867381240        0.50252721450628        0.35444626344590
H           -3.99734071171716        0.75448989858246        2.53355803290922
H           -4.77531922514222       -0.80342607671104        2.19492922463785
H           -4.99704375504391        1.51591979382077        0.61081752527120
H           -3.90245267812212       -2.30803287271742        0.49540850247131
H           -5.02384386789500       -0.56523016861872       -0.66850756173903
H           -1.70743710956991       -1.23275342022741       -1.34574380773651
H           -3.10769659321371       -2.96947864480281       -2.08278108787536
H           -1.67136828321140       -3.11813687976302        1.06468724029807
H           -0.26146607125636       -3.65842019747361       -0.70250990548140
H            0.71813399610359        0.90629076807268       -1.63681837832992
H            0.72779115449087       -1.84419436245043       -1.30688750777153
H            3.28453693844289       -0.69060068801449       -1.11180509141486
H            2.37649155171091       -0.33739521573531       -3.30290588939443
48
 energy: -84.809717896698 gnorm: 0.001257323092 xtb: 6.7.1 (edcfbbe)
C            5.30644642187424        2.59419353664159       -0.44114501317318
O            4.67788908086449        1.40594816259881       -0.88677396171815
C            3.30453882529209        1.43142073837132       -0.79242868573721
O            2.95275741385713        1.43042429628603        0.57875186105950
C            1.57635582449541        1.36076921139282        0.83508652096794
C            1.37564776437285        1.50728347147128        2.35102849979052
O            1.59711898947656        2.80918233978502        2.81542191570720
C            0.99591307500787        0.02606053178569        0.30661171431690
O           -0.38731544401486       -0.01412995140408        0.61844388265008
C           -0.89705318839154       -1.14699425748170        1.27737458083603
O           -2.10232000863880       -0.76326510241001        1.86893608796878
C           -3.08377524977591       -0.35419138058686        0.92533705301734
C           -4.31813276298508        0.07920857009726        1.72942988997628
O           -5.31026994924423        0.65004510721083        0.90863335536823
C           -3.43167263023769       -1.48687939792853       -0.05787328311470
O           -4.28730660777500       -1.04730950107383       -1.08206131545809
C           -2.14864400423211       -2.02084267721840       -0.70815950081750
O           -2.39300441338955       -3.18625413510153       -1.46096053747593
C           -1.16903357195029       -2.38893873894354        0.40593018767739
O            0.01977145539493       -2.95608904155789       -0.08909973220383
C            1.23251950568145        0.04266268748162       -1.21151342366720
O            0.74067978409129       -1.06750387037650       -1.91133246638450
C            2.74050395353185        0.19520405953441       -1.50173576912035
O            2.93480244181251        0.33496068690888       -2.88113160777610
H            5.07639053529397        2.78633902134476        0.60932255167308
H            4.98744810190416        3.44998113662065       -1.04725488531959
H            6.37397439606672        2.43136614125849       -0.56658688506422
H            2.88498159954018        2.34053814126785       -1.27701666792746
H            1.04903147377407        2.18354009426022        0.31911365397537
H            2.10827809872315        0.88214222030862        2.86407108187194
H            0.35978114525811        1.16987617224744        2.59912945357256
H            1.01417155185085        3.41694457196851        2.34566936779699
H            1.52356789622003       -0.81672037677003        0.76725766324916
H           -0.22999022932148       -1.43566443915490        2.10496819807845
H           -2.70080999058427        0.49840026513392        0.34456537257369
H           -3.99959136374027        0.76681245208563        2.52011798630146
H           -4.77473066919909       -0.79573993697861        2.19731139632393
H           -5.00389078845311        1.50807241862614        0.59166475031584
H           -3.89989470265753       -2.31349157057141        0.50474463878356
H           -5.03047493373680       -0.58147963115021       -0.66690418792740
H           -1.71312438288105       -1.23958961627450       -1.34736784041080
H           -3.11276253437286       -2.98516369140022       -2.07071760759854
H           -1.66440473591216       -3.11590091237847        1.06976978401029
H           -0.25685867167712       -3.65523461043511       -0.69955919033808
H            0.71484362100832        0.91555710666942       -1.63516564252176
H            0.72133046488765       -1.83558178792658       -1.31141937691139
H            3.27980666782929       -0.68691510892214       -1.12084679995972
H            2.36650981115927       -0.32305955809974       -3.30815652865747
48
 energy: -84.809749983568 gnorm: 0.000693020128 xtb: 6.7.1 (edcfbbe)
C            5.31449684506355        2.58053382352932       -0.43389218712367
O            4.67818942684592        1.39922720943141       -0.88623804653129
C            3.30493155945569        1.43284393849332       -0.79217728692108
O            2.95334086109728        1.42960291928653        0.57883408310604
C            1.57701738916309        1.36309931384827        0.83569210026717
C            1.37894073345692        1.50678793984568        2.35218048702093
O            1.60960901825161        2.80615815297344        2.82003289381994
C            0.99355548499246        0.03074348901504        0.30642291965169
O           -0.38993983233492       -0.00764157783514        0.61779741930886
C           -0.89811584241971       -1.14087591751352        1.27656756053063
O           -2.10437662388819       -0.75933908618673        1.86768036803210
C           -3.08613693157620       -0.35534481300580        0.92174366381167
C           -4.32046773333771        0.08376531490815        1.72247531684637
O           -5.31468968248865        0.64340753085658        0.89660935740745
C           -3.43290877174546       -1.49490660320831       -0.05403059776338
O           -4.29205737538432       -1.06565641094239       -1.07958348732077
C           -2.14907144641735       -2.02611330244396       -0.70421776813985
O           -2.38948376603676       -3.19464164074407       -1.45350418821084
C           -1.16517971038743       -2.38585054285505        0.40846801076633
O            0.02495653056921       -2.94768397455740       -0.08917837071074
C            1.22725030336756        0.05148232698123       -1.21267656212903
O            0.73171734682683       -1.05563049466436       -1.91515469070342
C            2.73473593389032        0.20189469469090       -1.50594234307144
O            2.92583864102578        0.34766943595512       -2.88516450183980
H            5.08824005720740        2.76678901448768        0.61851885935675
H            4.99923179573618        3.44247878714784       -1.03301035170478
H            6.38074902047133        2.41220281643198       -0.56299589464687
H            2.89087222254845        2.34594465980241       -1.27373421434783
H            1.05097702348795        2.18749455211425        0.32169553360027
H            2.10850939725737        0.87553822803251        2.86217199859493
H            0.36139465298239        1.17531476717911        2.60114898321084
H            1.03144074014059        3.41922223581561        2.35173710220378
H            1.51931244916540       -0.81453826219067        0.76328787823279
H           -0.23085242495217       -1.42560806337069        2.10538831810767
H           -2.70263155637133        0.49333392379396        0.33580101000817
H           -4.00269372327886        0.78100242781110        2.50498665330674
H           -4.77444543516466       -0.78684996222205        2.20060725948507
H           -5.00893368686088        1.49699869434511        0.56722169011056
H           -3.89653829713440       -2.31960473423622        0.51490586826402
H           -5.03619447573250       -0.59966147912196       -0.66647220333594
H           -1.71789661533489       -1.24483767330225       -1.34659109834719
H           -3.11575564001883       -2.99984337321810       -2.05744820078555
H           -1.65424592147764       -3.11325315309273        1.07632425958112
H           -0.25043980438431       -3.64823763897069       -0.69869079572081
H            0.70965403906154        0.92646667605247       -1.63195447319487
H            0.71305450451524       -1.82541143346087       -1.31758203291988
H            3.27247306528995       -0.68355380706690       -1.13067331925873
H            2.35256532080832       -0.30492508040295       -3.31390644185735
48
 energy: -84.809769130920 gnorm: 0.000586292101 xtb: 6.7.1 (edcfbbe)
C            5.32277054060017        2.56608041500318       -0.42796770410917
O            4.67827330117511        1.39158465506599       -0.88600903885266
C            3.30519334534590        1.43377857391311       -0.79172814098647
O            2.95385707851618        1.42929247072125        0.57930619582421
C            1.57756188821381        1.36606082174039        0.83677580004986
C            1.38074866013842        1.50736705379523        2.35363928611469
O            1.62033755833972        2.80385297107203        2.82519639547903
C            0.99121557068914        0.03570385838790        0.30693528356475
O           -0.39240034582185       -0.00215723956475        0.61817744298730
C           -0.89909799298063       -1.13602279564156        1.27658564333800
O           -2.10643607751697       -0.75637012589836        1.86709452059774
C           -3.08822314918806       -0.35669081951760        0.91894670073268
C           -4.32285953872628        0.08764471055720        1.71602089483654
O           -5.31878051706041        0.63654087162720        0.88497678730879
C           -3.43345446622206       -1.50235963755508       -0.05044051557853
O           -4.29572759206437       -1.08246514820122       -1.07720975731999
C           -2.14862760665613       -2.03046454817947       -0.70069671899920
O           -2.38493815439475       -3.20135388555970       -1.44763135940283
C           -1.16126499430799       -2.38315619404647        0.41081622885376
O            0.03056361725226       -2.93955459830917       -0.08906723276052
C            1.22164818953461        0.06010018938252       -1.21293503802588
O            0.72209299657726       -1.04385262894223       -1.91771267941085
C            2.72844673471020        0.20820691835296       -1.50961588848906
O            2.91599377573909        0.35998539700282       -2.88866611563160
H            5.10055850065418        2.74708429598417        0.62627137430365
H            5.01097484800273        3.43368965966026       -1.02062644418604
H            6.38767103257487        2.39221689085917       -0.56113633567641
H            2.89682789726776        2.35070035278677       -1.27077095791584
H            1.05299531474768        2.19209408289687        0.32414861736197
H            2.10596661733090        0.86953571621387        2.86171702581762
H            0.36091385394020        1.18226385886927        2.60178055712674
H            1.04987346397483        3.42274125614446        2.35506501115256
H            1.51599622013340       -0.81135483607344        0.76077856026167
H           -0.23194723860623       -1.41768595718339        2.10670556651875
H           -2.70386205381616        0.48857523069955        0.32870272718620
H           -4.00643486528503        0.79394033692060        2.49091634076684
H           -4.77459578554375       -0.77884629670376        2.20350758609245
H           -5.01279008546164        1.48507051687345        0.54273950545061
H           -3.89280000565175       -2.32567112758019        0.52388050440882
H           -5.04136704272374       -0.61721980322768       -0.66600784844709
H           -1.72161301741284       -1.24848467299211       -1.34531540920592
H           -3.11678842104725       -3.01210780106983       -2.04656000017069
H           -1.64471120648144       -3.11192744442119        1.08115183971595
H           -0.24319953350438       -3.64077249170364       -0.69889829289105
H            0.70420956763267        0.93726909610675       -1.62774471467031
H            0.70555660248166       -1.81550501546882       -1.32248824188113
H            3.26453534288443       -0.68070527001126       -1.14014226879148
H            2.33713623781607       -0.28665801357987       -3.31898515494346
48
 energy: -84.809777424432 gnorm: 0.000496400761 xtb: 6.7.1 (edcfbbe)
C            5.32873390886541        2.55544209417150       -0.42501738161225
O            4.67812985490599        1.38554489727820       -0.88592328051004
C            3.30528765339580        1.43407263472507       -0.79119473857821
O            2.95408414835391        1.42929280590365        0.57996654172579
C            1.57773950047610        1.36866461053666        0.83798236177743
C            1.38112286572276        1.50891651100042        2.35492510811536
O            1.62727198019266        2.80311159903156        2.82907299827609
C            0.98968730464373        0.03930571122442        0.30790179313386
O           -0.39387596569159        0.00103503896283        0.61920347380573
C           -0.89983529343424       -1.13338536969174        1.27721781477254
O           -2.10788850034768       -0.75465257892391        1.86700021690875
C           -3.08953749893019       -0.35784407791206        0.91723354084139
C           -4.32471021253227        0.08921168188794        1.71173001700004
O           -5.32159161439923        0.63141566181524        0.87751234352617
C           -3.43358779078670       -1.50701459557518       -0.04847498320649
O           -4.29804381481304       -1.09312161376837       -1.07581344229521
C           -2.14791291759367       -2.03273963782519       -0.69884188800049
O           -2.38154474188901       -3.20493862027993       -1.44452828142662
C           -1.15881942189266       -2.38143889418691        0.41220113773713
O            0.03445034045352       -2.93421751314095       -0.08854756268007
C            1.21761391008966        0.06612068035157       -1.21235951238210
O            0.71478145210699       -1.03555979243150       -1.91824767788746
C            2.72385054920637        0.21227293606720       -1.51167734638084
O            2.90861384937604        0.36853035838741       -2.89062539643279
H            5.10966169175057        2.73343564427795        0.63034455354345
H            5.01952788723802        3.42659369618258       -1.01374049311300
H            6.39253911781642        2.37737974242485       -0.56123899656244
H            2.90109477002978        2.35359862794674       -1.26877287808977
H            1.05454665380985        2.19600951750240        0.32605227564529
H            2.10227410461420        0.86606984089939        2.86244614832365
H            0.35928394353252        1.18883585961728        2.60156193446006
H            1.06438231057499        3.42647594575317        2.35562615086073
H            1.51462690813957       -0.80847021835009        0.76006930235005
H           -0.23306911743612       -1.41358775068977        2.10825635005857
H           -2.70477763539938        0.48551278251364        0.32453121351038
H           -4.00952254725048        0.80102755274035        2.48195141697914
H           -4.77511798114166       -0.77475622029482        2.20468126018314
H           -5.01504812272060        1.47615759622042        0.52674935586140
H           -3.88987263519098       -2.32974339668368        0.52908946553537
H           -5.04494883940292       -0.62906839053867       -0.66553665745144
H           -1.72345791863595       -1.25022574776966       -1.34460594050042
H           -3.11582314575996       -3.01890471712151       -2.04133354937709
H           -1.63914653287883       -3.11161513095326        1.08317544103646
H           -0.23777951454211       -3.63576506540231       -0.69884526768015
H            0.70054300625319        0.94486256704687       -1.62429763329098
H            0.70123947225074       -1.80873587149445       -1.32484429665135
H            3.25884471092732       -0.67910997590844       -1.14659339002939
H            2.32597893362527       -0.27400756563102       -3.32194108470076
48
 energy: -84.809781952775 gnorm: 0.000381854303 xtb: 6.7.1 (edcfbbe)
C            5.33315335832995        2.54778597013333       -0.42395556683935
O            4.67801577268246        1.38079080780301       -0.88561573400381
C            3.30542310429252        1.43391488173102       -0.79044887957956
O            2.95425861100054        1.42934414321649        0.58085828195005
C            1.57774631947503        1.37091549014191        0.83911405311190
C            1.38069006238923        1.51080742024744        2.35599306909801
O            1.63210306525487        2.80325638224942        2.83170410228569
C            0.98835293914672        0.04218984153143        0.30890411140055
O           -0.39507601370216        0.00299291037356        0.62026327724905
C           -0.90067115442669       -1.13192166842260        1.27789823975899
O           -2.10919150879434       -0.75368004808291        1.86697883538458
C           -3.09073981186534       -0.35867867042629        0.91627847100132
C           -4.32642131480261        0.08927639033934        1.70937088329627
O           -5.32393971211886        0.62754189294163        0.87336315392551
C           -3.43333042883736       -1.50981487049627       -0.04764830040670
O           -4.29907625140488       -1.09923101506047       -1.07509916930170
C           -2.14701834723684       -2.03379843233855       -0.69818539961065
O           -2.37871146068497       -3.20672777154502       -1.44331119167870
C           -1.15741759111908       -2.38041831086467        0.41296238980618
O            0.03708213317086       -2.93085894071087       -0.08767435802492
C            1.21472088499604        0.07016527675662       -1.21151360437862
O            0.70926164105284       -1.02991531965304       -1.91784032056813
C            2.72052113472191        0.21485474266893       -1.51270251711501
O            2.90343140781704        0.37435485714936       -2.89157805556097
H            5.11643927730176        2.72466237294565        0.63203666521619
H            5.02576895025777        3.42084785685554       -1.01072717769878
H            6.39613025304865        2.36650246536245       -0.56240635438455
H            2.90419524609331        2.35514558111088       -1.26721459538702
H            1.05585556419337        2.19916360279736        0.32725180673206
H            2.09810416473230        0.86402332551298        2.86379517795441
H            0.35701758796050        1.19510491634016        2.60100406428733
H            1.07620556044786        3.43019759623993        2.35460977222920
H            1.51389295314081       -0.80575066481291        0.76016368329868
H           -0.23425349812715       -1.41153462904666        2.10949497845771
H           -2.70597218714250        0.48391375627550        0.32249837106788
H           -4.01230780514416        0.80399138644165        2.47728324280501
H           -4.77580576771635       -0.77369189041443        2.20489004096830
H           -5.01698308827088        1.46983932147056        0.51730269806375
H           -3.88759272364170       -2.33258695481800        0.53139251805841
H           -5.04708450254155       -0.63664118305847       -0.66511331955976
H           -1.72404667133829       -1.25081547624341       -1.34434257006442
H           -3.11332930295703       -3.02232026310266       -2.04017533866510
H           -1.63636154233626       -3.11172342007409        1.08370115642624
H           -0.23375626322792       -3.63313737538002       -0.69785434699444
H            0.69822024413347        0.94999836202217       -1.62177147515992
H            0.69914811016363       -1.80438703575842       -1.32599853671005
H            3.25467839619516       -0.67827827808969       -1.15080491156040
H            2.31866927102411       -0.26567548188632       -3.32365078371041
