48
 energy: -84.829906066910 gnorm: 0.073767145991 xtb: 6.7.1 (edcfbbe)
C            5.59321087886037       -1.33784891075558        0.20154057377769
O            4.93063408611004       -0.15471067326916        0.62844411601127
C            3.56864733525033       -0.28651962020908        0.79813402848383
O            2.95927372273903       -0.38283966687725       -0.47358465344981
C            1.55811255666117       -0.54903832058643       -0.43151142566671
C            1.09994967698561       -0.70610862785194       -1.88852660515541
O            1.46033552551991       -1.94813037240851       -2.42451066475668
C            0.85443781205466        0.63290580954765        0.26171605496310
O           -0.49279309146399        0.23883820870463        0.48125003815420
C           -1.49686865684436        1.19588561589040        0.28867180161890
O           -2.11659305848550        1.05511447517094       -0.96132925279100
C           -2.76256004961803       -0.19990371278484       -1.16828206749890
C           -3.39123447457969       -0.14147806385860       -2.56684726471240
O           -2.43131896097062        0.01077745130898       -3.57644182746648
C           -3.82203386353456       -0.47654968465688       -0.09183601342409
O           -4.42012734571713       -1.73775804599655       -0.24151269972715
C           -3.19437654750931       -0.32468070361095        1.30159540121437
O           -4.16173037179542       -0.43794568809512        2.31802407018563
C           -2.54353551137990        1.05698649933302        1.41072429725627
O           -1.92437643067049        1.25614672625079        2.64697596855148
C            1.52260244772993        0.98506920765479        1.60412421767200
O            1.10063951889519        2.22836591478944        2.10562092856186
C            3.06018882484208        0.95685204302499        1.53509967003481
O            3.60228444698021        0.95486589534508        2.82779015919658
H            5.25856837447043       -1.63269228009136       -0.79488325657673
H            5.41357404084142       -2.15416681884515        0.90785874845006
H            6.65066299518698       -1.08836020875050        0.18153527456715
H            3.32095986168903       -1.19005642006797        1.39518962918054
H            1.30696979372754       -1.46244510775235        0.13208951471388
H            1.53289277122215        0.11616259094797       -2.47224640297308
H            0.01270721121697       -0.65229853245969       -1.94165641598827
H            2.42360062910692       -2.01688948179231       -2.41279210747620
H            0.89099583792258        1.50722278655391       -0.40413840188897
H           -1.08868690185945        2.21258980386863        0.30167323468094
H           -2.00737209030994       -1.00043021278967       -1.13552675506157
H           -4.11509959396257        0.68318056049090       -2.58653198811469
H           -3.91201341967058       -1.07941101646241       -2.76648439857292
H           -1.96801074402764        0.84441280254176       -3.42288668866208
H           -4.63985234357421        0.24742765418098       -0.18779330584514
H           -3.73849516684993       -2.42449478247902       -0.24960134166184
H           -2.40889572839574       -1.08652151072962        1.43820116935926
H           -4.76638844785089       -1.15615555186909        2.08269050856770
H           -3.32005136776201        1.82195922919709        1.23933049326330
H           -2.54082369612016        0.96079460927277        3.33284041522491
H            1.18663119478974        0.25166898247064        2.34594843186825
H            1.37814835845115        2.93567583471625        1.50600134867144
H            3.42128007003493        1.83037206992376        0.96591370645733
H            3.15593167008495        1.64415284907562        3.34342841514691
48
 energy: -84.835263307185 gnorm: 0.012853870469 xtb: 6.7.1 (edcfbbe)
C            5.59163558313800       -1.33853181554128        0.19906588186278
O            4.92763963491680       -0.15528430614709        0.62331379116528
C            3.56535462470156       -0.28608373735252        0.79294108335052
O            2.95296919046553       -0.37274711409327       -0.48010936269494
C            1.55006098890306       -0.53724694498823       -0.44548026460678
C            1.09265036454288       -0.69522292417275       -1.89988429284499
O            1.45577808384153       -1.93894946022628       -2.43123058042041
C            0.85955735375166        0.61771030728313        0.30321191147961
O           -0.49415443099127        0.25417792885691        0.53190331375578
C           -1.49426612339478        1.19890809176153        0.27114806433093
O           -2.11284882360015        1.03447759796773       -0.97442225685453
C           -2.76413607936811       -0.21614809641448       -1.17152316300781
C           -3.39313041301627       -0.14978109174409       -2.56951697914562
O           -2.43281304290080        0.00535872160460       -3.57837562805530
C           -3.82327111855078       -0.48060750890983       -0.09277496716936
O           -4.42325855411085       -1.74131391260716       -0.23618383141659
C           -3.19236786472291       -0.31982708039174        1.29801889882468
O           -4.15868723567045       -0.43118800095172        2.31594208290859
C           -2.54383364670101        1.06527011774796        1.39639692757510
O           -1.92659421192593        1.26913506576305        2.63358808664378
C            1.53239847608061        0.98073003613806        1.63224232794297
O            1.10940222040666        2.22780339924891        2.12354193784478
C            3.06668680418844        0.95494943566186        1.54116743948924
O            3.61615799233762        0.95325664995994        2.83022123963484
H            5.25837448907290       -1.63473911617057       -0.79736102987336
H            5.41203553613040       -2.15395202977552        0.90654715971938
H            6.64902817266164       -1.08833504917267        0.18036405669737
H            3.31778912906281       -1.19147522325532        1.38738893892630
H            1.30540002725485       -1.45808006273714        0.11052656873316
H            1.52662950328857        0.12649999480977       -2.48273218338150
H            0.00548782164229       -0.64449199990488       -1.95054303483816
H            2.41906799180716       -2.00863971393314       -2.41515390201248
H            0.89416925122342        1.49411677344637       -0.36289133543334
H           -1.09112248420294        2.21754041556065        0.27490360695500
H           -2.01032655220284       -1.01736095725762       -1.13691280758091
H           -4.11412670904804        0.67779327858665       -2.58569324683253
H           -3.91657224476516       -1.08526653541668       -2.77192728983830
H           -1.96960471726116        0.83876028681441       -3.42276394118760
H           -4.63955250313813        0.24490329378940       -0.19106451971768
H           -3.74184301649444       -2.42824050293948       -0.24532174682197
H           -2.40646766077042       -1.08094511890569        1.43729990198973
H           -4.76243918159761       -1.15141920395902        2.08355155456707
H           -3.32334603225309        1.82641846614700        1.22389053293586
H           -2.54024817421984        0.96879538404879        3.32032714617735
H            1.19933851224920        0.24969461861339        2.37646514306005
H            1.37818602407662        2.92990820127768        1.51340772044255
H            3.42111235388316        1.82990192029575        0.96971423786550
H            3.16810246962605        1.63976112700774        3.34826548667630
48
 energy: -84.836050679203 gnorm: 0.004755138628 xtb: 6.7.1 (edcfbbe)
C            5.59180832502459       -1.34094154793760        0.19422629396665
O            4.92861098780712       -0.15712544826705        0.61762522796205
C            3.56698327056761       -0.28693299294245        0.79138956861059
O            2.94966762800806       -0.36259917211885       -0.47986154980395
C            1.54623748916979       -0.53175144053631       -0.44028304504002
C            1.08607144002275       -0.67157831249839       -1.89586776475646
O            1.44632466260101       -1.91418604327115       -2.43185276521307
C            0.85876915336091        0.62160141589356        0.31788154327457
O           -0.49495396976411        0.25879777317219        0.54832080658073
C           -1.49261714183496        1.19783862496962        0.25903298560372
O           -2.10563286250464        1.01378433747334       -0.98419251047602
C           -2.76442099607284       -0.23323439610919       -1.17472872045874
C           -3.39458883095617       -0.16410845534666       -2.57255084221765
O           -2.43422067104438       -0.00688049059072       -3.58094027665033
C           -3.82458786056719       -0.48659131533936       -0.09502761936324
O           -4.42784604888042       -1.74704172825558       -0.22742530075477
C           -3.19240998554963       -0.31274291169455        1.29359108228180
O           -4.15700092215588       -0.41949807967016        2.31368984605978
C           -2.54902414581980        1.07597649711033        1.38246675898093
O           -1.93248345548311        1.28966819292097        2.61831402832331
C            1.53946401087687        0.96913365843569        1.64666806926787
O            1.11688835744954        2.21388770538779        2.14260033440405
C            3.07293713777114        0.94983750585218        1.54921908843527
O            3.63598042778432        0.94542314147968        2.83283011781796
H            5.25844013287415       -1.63820471614878       -0.80184757878809
H            5.41197337379663       -2.15530926336406        0.90290163021728
H            6.64918816309051       -1.09079100473259        0.17560442688939
H            3.31879984298515       -1.19663595089156        1.37871402086523
H            1.30650049186833       -1.46553708974204        0.10018028139977
H            1.52028784501202        0.15003770675160       -2.47882752241051
H           -0.00107091194053       -0.62026839624394       -1.94864408335359
H            2.40938782153610       -1.98789624461973       -2.41538850131423
H            0.89220419461595        1.50920358324437       -0.33649163533833
H           -1.09142560261074        2.21747378810660        0.24747117490721
H           -2.01686177029045       -1.04042756753290       -1.13834913463640
H           -4.11255037880145        0.66616386148731       -2.58488967800809
H           -3.92153132139561       -1.09679042017699       -2.77881260600464
H           -1.97139048138630        0.82648838126356       -3.42369169621948
H           -4.63895813744114        0.24022964816160       -0.19904941053387
H           -3.74768165859056       -2.43517044752846       -0.23522955222127
H           -2.40357627232687       -1.06972112865066        1.43859021311976
H           -4.75899914409122       -1.14282480938749        2.08613062698215
H           -3.33065764386628        1.83380877595029        1.20492997884796
H           -2.54238267312415        0.98452441545468        3.30620488051869
H            1.21440539339500        0.23789153371761        2.39459506432498
H            1.37678283250947        2.91733296497912        1.53004058333119
H            3.42022850454003        1.82750766326643        0.97742859223415
H            3.18893317802461        1.62817180427398        3.35679324532179
48
 energy: -84.836513093639 gnorm: 0.006703250575 xtb: 6.7.1 (edcfbbe)
C            5.59341542880145       -1.34534081693689        0.18773812457510
O            4.93220674534090       -0.16044689898033        0.61076534262031
C            3.57120895048587       -0.28824402507662        0.78862442946443
O            2.94948566145934       -0.35136046446263       -0.48063280280130
C            1.54581260166488       -0.52188153922764       -0.43443029466487
C            1.07912790304384       -0.64423886520525       -1.89008676628395
O            1.43295471452014       -1.88379968231638       -2.43884238348172
C            0.85855924726238        0.62855342386247        0.32954928996744
O           -0.49456156051743        0.25914400829316        0.55462274339802
C           -1.49140614484198        1.19364325050107        0.24815508912570
O           -2.09394054047923        0.99010327656287       -0.99572943892534
C           -2.76343849268034       -0.25293734958990       -1.17818554317239
C           -3.39539300649744       -0.18243604637740       -2.57588931023668
O           -2.43586779443143       -0.02506778445812       -3.58489381729654
C           -3.82507017909691       -0.49264250853378       -0.09684556353945
O           -4.43191404157347       -1.75305422144858       -0.21423294896230
C           -3.19379033243534       -0.30353778448225        1.29030187671346
O           -4.15747482530479       -0.40461352857779        2.31194838213926
C           -2.55582962541862        1.08841003684521        1.36720959127263
O           -1.94381891779614        1.31801023475510        2.60235024113448
C            1.54513281959474        0.95807114006744        1.66231343002504
O            1.12392308711384        2.19691779328619        2.17507336235459
C            3.07878861168291        0.94289697032171        1.55633811090932
O            3.65484479725552        0.93296278192196        2.83439121745297
H            5.25924518759191       -1.64348262225914       -0.80786976561415
H            5.41291753540688       -2.15866093296855        0.89745108034383
H            6.65099804329037       -1.09629292603454        0.16834940617454
H            3.32189579583743       -1.20277654594216        1.36773156132999
H            1.30746045976335       -1.46297479112515        0.09392693334535
H            1.51447235083187        0.18030445468572       -2.46794614571389
H           -0.00798869379592       -0.58788570788471       -1.94192549446912
H            2.39563170504285       -1.96259545392159       -2.42271257319634
H            0.89419963806078        1.52584384935690       -0.31124217639285
H           -1.09144243549859        2.21364597054617        0.21888739713597
H           -2.02468472143571       -1.06867444378756       -1.14010556092886
H           -4.11118322456971        0.64976796228153       -2.58527589822939
H           -3.92525813392748       -1.11291248447048       -2.78446816054961
H           -1.97267965956568        0.80794321816886       -3.42690494343931
H           -4.63781708905519        0.23475928807450       -0.20978714599140
H           -3.75366351651567       -2.44306588355704       -0.21950446361512
H           -2.40090085831922       -1.05474255685055        1.44287766465682
H           -4.75722170122021       -1.13143735680748        2.08959642541731
H           -3.33803416372552        1.84278023027803        1.17799256667471
H           -2.55029521874968        1.00778746892572        3.29072445839752
H            1.22828375157987        0.22049862239928        2.40779643741885
H            1.37179863690887        2.90577646412098        1.56384365829602
H            3.41931869910949        1.82461064004242        0.98662015107557
H            3.21199428376376        1.61266574215592        3.36582090199928
48
 energy: -84.836903233750 gnorm: 0.006138231068 xtb: 6.7.1 (edcfbbe)
C            5.59551341652682       -1.35092786460029        0.18040023044677
O            4.93733993255785       -0.16427991768696        0.60321285816766
C            3.57689309008293       -0.28977068074826        0.78454633140951
O            2.95128019617656       -0.34105816954402       -0.48277967551488
C            1.54797467641282       -0.50954279702832       -0.42881291573846
C            1.07172675976617       -0.61390389840874       -1.88348670241684
O            1.41497170018124       -1.84917182973629       -2.45018843425172
C            0.86089181781031        0.63791723925343        0.33878972247052
O           -0.49162708595849        0.26058691825257        0.55459322985521
C           -1.49100556087866        1.18892623187817        0.23803349419877
O           -2.07984129921164        0.96538963399835       -1.00904289766529
C           -2.76158526479097       -0.27378820224215       -1.18144271349679
C           -3.39616493480667       -0.20380943043461       -2.57885427340376
O           -2.43856682419913       -0.04803837654507       -3.58971593498766
C           -3.82450552307462       -0.49854891774582       -0.09781375406379
O           -4.43404231079477       -1.75927398784323       -0.19830366663332
C           -3.19562562379032       -0.29324576592848        1.28823352708705
O           -4.15967962761496       -0.38848326575158        2.31005714893884
C           -2.56327697689639        1.10149872575227        1.35006981966481
O           -1.96080868478421        1.35371916737307        2.58557662294545
C            1.55116285387629        0.94554522706229        1.67839196073121
O            1.13208737874659        2.17456562261160        2.21845112619764
C            3.08552930432632        0.93525886542187        1.56264347437359
O            3.67226485131574        0.91769951611721        2.83579126204203
H            5.25963433556317       -1.65012966384296       -0.81447315197270
H            5.41448760823769       -2.16314281716734        0.89125214737383
H            6.65354683967784       -1.10405468108113        0.15902134541166
H            3.32687877359328       -1.20885257208584        1.35600213991346
H            1.30882585154624       -1.45265164515044        0.09273270941297
H            1.50870360423118        0.21534545584165       -2.45355943425549
H           -0.01527342811954       -0.54924347620516       -1.92914585735046
H            2.37712204481035       -1.93414362972506       -2.43647474804353
H            0.90051664984587        1.54312371302557       -0.28819573899877
H           -1.09286632364014        2.20906460716344        0.19131057795007
H           -2.03211229723323       -1.09824428355547       -1.14182249684404
H           -4.11096435181958        0.62929092605418       -2.58683875054905
H           -3.92771157648981       -1.13330882376328       -2.78727417556895
H           -1.97353961652110        0.78390515114896       -3.43186357048051
H           -4.63639020314651        0.22822811982286       -0.22162769517052
H           -3.75773450160160       -2.45118683877364       -0.20008171298548
H           -2.39857335563002       -1.03825471451050        1.44924773346947
H           -4.75719280744583       -1.11845921819448        2.09221376214326
H           -3.34487072968328        1.85176388879393        1.14213509145841
H           -2.56434513950447        1.03781490907836        3.27369586931533
H            1.24164225346991        0.19494483463578        2.41415463296501
H            1.36401514954763        2.89353891195253        1.61275522773170
H            3.41921761834264        1.82209464352873        0.99669602248858
H            3.23607911866347        1.59528676620478        3.37527890686154
48
 energy: -84.837179666106 gnorm: 0.004334616364 xtb: 6.7.1 (edcfbbe)
C            5.59770302966646       -1.35577778178079        0.17342637949935
O            4.94278152744200       -0.16764048643346        0.59743083874500
C            3.58256151126970       -0.29151761873412        0.78061721553396
O            2.95425585383797       -0.33408718148604       -0.48537033392440
C            1.55170592202458       -0.49773096812194       -0.42577189513828
C            1.06604742426667       -0.58731564368055       -1.87872590028673
O            1.39753950983249       -1.81763765340374       -2.46341442098489
C            0.86513620254268        0.64742744835201        0.34418906245326
O           -0.48723724561460        0.26491204997755        0.55043373333814
C           -1.49127643750736        1.18697365618946        0.23043086768125
O           -2.06878610285361        0.94756337801784       -1.02042203634016
C           -2.75930046446222       -0.28959242186211       -1.18295926988825
C           -3.39674186626586       -0.22455004585568       -2.57993191730491
O           -2.44178815603521       -0.07276182828568       -3.59368324171601
C           -3.82275584168495       -0.50297585118189       -0.09738388437856
O           -4.43254559435390       -1.76453125382432       -0.18392716437032
C           -3.19689713500870       -0.28364945246598        1.28784317152930
O           -4.16242135835503       -0.37354719322856        2.30843550100450
C           -2.56936479044390        1.11296562719233        1.33429657199728
O           -1.97941250088869        1.38975286439153        2.57083662648691
C            1.55637812841819        0.93286712278531        1.69061820666348
O            1.13832224261606        2.14908601674181        2.26162276540398
C            3.09144335904680        0.92792985356118        1.56771676640644
O            3.68341103606530        0.90227435342875        2.83793210495407
H            5.25895959458119       -1.65518480268769       -0.82058747693161
H            5.41672828707065       -2.16742702749294        0.88494839746352
H            6.65628499255837       -1.11145563650573        0.14913776617914
H            3.33256794681802       -1.21396413530340        1.34661060118065
H            1.30998522227281       -1.43962740043169        0.09376687803397
H            1.50457810015244        0.24687034963775       -2.44072232347266
H           -0.02068199964990       -0.51393296855563       -1.91490190722816
H            2.35916843735277       -1.90807769873580       -2.45460003494601
H            0.90924014071946        1.55805790672723       -0.27177046759032
H           -1.09533665909768        2.20723883294243        0.17162046104494
H           -2.03572484613942       -1.11908075181128       -1.14132088194232
H           -4.11213436030607        0.60802296454062       -2.58969096975222
H           -3.92811964024216       -1.15510145267316       -2.78414656427477
H           -1.97313997752785        0.75740570422518       -3.43752225987826
H           -4.63508468475825        0.22168078282345       -0.23064872385356
H           -3.75717554516939       -2.45732622454921       -0.18125459956612
H           -2.39707807554770       -1.02394529931827        1.45647052546973
H           -4.75906479364263       -1.10496594578260        2.09325569189470
H           -3.35012888306416        1.85852935879658        1.10535237840939
H           -2.58117036696194        1.06932861794233        3.25829930716723
H            1.25179096375624        0.16489822202464        2.41070675269389
H            1.35375286931611        2.88134082682673        1.66567141172531
H            3.41972741981274        1.81983423695388        1.00671216181387
H            3.25329938150438        1.57843815728028        3.38386280236402
48
 energy: -84.837342980197 gnorm: 0.003464261618 xtb: 6.7.1 (edcfbbe)
C            5.59930848506854       -1.35804272870203        0.16776486461124
O            4.94650348878950       -0.16960734373778        0.59465698607403
C            3.58623696480515       -0.29333896919204        0.77819769769832
O            2.95667705982906       -0.33104081036573       -0.48728542018769
C            1.55476271292072       -0.48981992980720       -0.42606412142046
C            1.06363416790864       -0.56991531715338       -1.87773668102864
O            1.38640351730074       -1.79587011299679       -2.47489326926329
C            0.86872155802435        0.65403513195566        0.34589266846074
O           -0.48403488832212        0.27042567787265        0.54594763297600
C           -1.49174914751866        1.18866977142570        0.22617700700897
O           -2.06407634426065        0.94120384318347       -1.02712007520829
C           -2.75661440381380       -0.29665517268457       -1.18231699207061
C           -3.39634328578673       -0.24053557756484       -2.57882126848306
O           -2.44408684385181       -0.09453427530637       -3.59582043222996
C           -3.82001138711283       -0.50516742777049       -0.09585351309153
O           -4.42727860193134       -1.76815891900628       -0.17457785733194
C           -3.19695693952328       -0.27597707444626        1.28891462695048
O           -4.16413711153187       -0.36148332445722        2.30788388661103
C           -2.57312410277966        1.12178335293827        1.32360223163757
O           -1.99438702040697        1.41810458749922        2.56089485081512
C            1.55892729858049        0.92173811994932        1.69686005174644
O            1.14007439084107        2.12535387304109        2.29290242977789
C            3.09437624291621        0.92188667317906        1.57141687069331
O            3.68651632014655        0.88976196401527        2.84087278862843
H            5.25727925226390       -1.65645244527755       -0.82549127665218
H            5.41948065361961       -2.17011174687846        0.87912161480873
H            6.65819471686302       -1.11528307438787        0.14044213686991
H            3.33707409621311       -1.21793805946340        1.34111972944266
H            1.30994285635171       -1.43047532859308        0.09338238115064
H            1.50297009924883        0.26791761631865       -2.43390356735804
H           -0.02271754603926       -0.49076240915318       -1.90584001713146
H            2.34768255707743       -1.88942784595572       -2.47242010662284
H            0.91657780595589        1.56799704695151       -0.26335093965562
H           -1.09707116279618        2.20903025097620        0.16220625138218
H           -2.03363636045616       -1.12611345727972       -1.13771715829858
H           -4.11349922613219        0.59048878536587       -2.59319320531275
H           -3.92627302514029       -1.17368807326690       -2.77549821946052
H           -1.97128381479059        0.73388722366786       -3.44299588355122
H           -4.63405112071967        0.21640796971728       -0.23478534860004
H           -3.75128203707954       -2.46029979179350       -0.16691445047515
H           -2.39600723113465       -1.01366965201835        1.46326472744057
H           -4.76168510338384       -1.09243896897568        2.09360863501113
H           -3.35386693837195        1.86251254748593        1.07811451229858
H           -2.59567552204930        1.09586648166465        3.24789806577639
H            1.25707340108476        0.13808359937068        2.40124728901390
H            1.34300876521631        2.86980588538342        1.70797792513192
H            3.41963004215446        1.81763563971491        1.01511758074589
H            3.25879448883704        1.56420540211614        3.39060303309520
48
 energy: -84.837466953330 gnorm: 0.003050241722 xtb: 6.7.1 (edcfbbe)
C            5.60038023522320       -1.35783589171500        0.16267413291488
O            4.94821124707067       -0.17035046116992        0.59361225883912
C            3.58785533405874       -0.29542088241451        0.77689625556504
O            2.95785744540392       -0.33043931265175       -0.48858554831038
C            1.55625131524960       -0.48546062498470       -0.42865962037325
C            1.06355308598669       -0.55924263832727       -1.88001528391774
O            1.38071526324030       -1.78156922866301       -2.48509996753318
C            0.87056981824460        0.65761094112192        0.34556274032258
O           -0.48303680025101        0.27574516472186        0.54247554209366
C           -1.49212668279519        1.19307960671165        0.22397787650330
O           -2.06376656975551        0.94339893668488       -1.03054560820645
C           -2.75295672056947       -0.29739968105154       -1.18020109612900
C           -3.39441165449278       -0.25313973408437       -2.57621250807109
O           -2.44483310300243       -0.11429818026439       -3.59662823717961
C           -3.81615169048348       -0.50579140343587       -0.09356277483846
O           -4.41858122538654       -1.77100678013018       -0.16873157834794
C           -3.19594887575494       -0.26904684276550        1.29112257733239
O           -4.16473588829181       -0.35071769053389        2.30853784638074
C           -2.57554650298651        1.12986760992120        1.31711886484585
O           -2.00606017711912        1.44110835899211        2.55458817505621
C            1.55876246186823        0.91111426765055        1.69945274384285
O            1.13756076858240        2.10273821997992        2.31497919612921
C            3.09438917434998        0.91631459525645        1.57436729541712
O            3.68429724012862        0.87937937891801        2.84432221168993
H            5.25504039473148       -1.65461437488860       -0.82986719718749
H            5.42299910397378       -2.17112957135640        0.87329144100161
H            6.65917942466711       -1.11508111923763        0.13227331533661
H            3.34022621454969       -1.22171803645009        1.33785511456528
H            1.30831390565258       -1.42594591281279        0.09022991433039
H            1.50357525471019        0.28116421791691       -2.43188865054804
H           -0.02242462161004       -0.47667117665664       -1.90327091274679
H            2.34179889097600       -1.87645856075041       -2.48979935739819
H            0.92171301461501        1.57403349117437       -0.25943661396643
H           -1.09714789078760        2.21333891318386        0.15896333215625
H           -2.02662722279610       -1.12340413157844       -1.13152123640201
H           -4.11384313347932        0.57588721167438       -2.59696960153097
H           -3.92245460489383       -1.18961226924931       -2.76313172999234
H           -1.96841477447291        0.71296773178847       -3.44879800945502
H           -4.63292761081533        0.21199136120083       -0.23575829280903
H           -3.74050508979771       -2.46106870969485       -0.15536359588179
H           -2.39450570875723       -1.00502495029485        1.47040470873103
H           -4.76413489345894       -1.08028443035405        2.09443302088000
H           -3.35719832072616        1.86554291613213        1.05925302137358
H           -2.60783881372200        1.11956595636719        3.24152830230727
H            1.25921613381652        0.11440513489009        2.38996301065662
H            1.33084941890468        2.85765481283642        1.74085035172233
H            3.41796602764589        1.81508893452239        1.02231728398871
H            3.25489917937555        1.55072844176180        3.39648555858060
48
 energy: -84.837587458927 gnorm: 0.002800333540 xtb: 6.7.1 (edcfbbe)
C            5.60104349504323       -1.35536490980345        0.15656352296261
O            4.94798781161315       -0.17013252308316        0.59272795344541
C            3.58769641111293       -0.29812389378680        0.77587272528180
O            2.95745775255639       -0.33099459767745       -0.48978202241371
C            1.55581095944317       -0.48349269608749       -0.43295461675884
C            1.06469042600868       -0.55153412867124       -1.88514932605092
O            1.37855245603040       -1.77066933799508       -2.49581666533493
C            0.87044153596942        0.65877333815139        0.34429278235075
O           -0.48458648166498        0.28087426361994        0.53990304760746
C           -1.49243078513546        1.20002771758011        0.22255688672081
O           -2.06590544400206        0.95142610049751       -1.03246398860289
C           -2.74747483640877       -0.29436046343287       -1.17690085234071
C           -3.39006306901249       -0.26536771503382       -2.57243423261267
O           -2.44309367776086       -0.13581134685969       -3.59643854902374
C           -3.81053258629369       -0.50546413791779       -0.09034326790055
O           -4.40555341128959       -1.77411724496216       -0.16375655669260
C           -3.19397036440979       -0.26088060383106        1.29459083479266
O           -4.16463393481220       -0.33873878845452        2.31033942484738
C           -2.57775906339349        1.13984310742453        1.31295536804316
O           -2.01638073867971        1.46452144238498        2.54989599597421
C            1.55610747422806        0.89852219887583        1.70078479763603
O            1.13075849141668        2.07737032073861        2.33425928505365
C            3.09180564032037        0.90984205169004        1.57730291190421
O            3.67870099704217        0.86893162261140        2.84837194370018
H            5.25217769902401       -1.65027872399744       -0.83517945855027
H            5.42786541314178       -2.17058984465144        0.86608385993164
H            6.65928756734524       -1.11072723572737        0.12266685522481
H            3.34245401620925       -1.22642852646876        1.33475552236958
H            1.30482573179542       -1.42512459812429        0.08355719351379
H            1.50589461741954        0.29107517228121       -2.43286239567041
H           -0.02100543765450       -0.46674439524413       -1.90698546304619
H            2.33953049439501       -1.86577729444739       -2.50841358851078
H            0.92525394791317        1.57783798966243       -0.25676881142015
H           -1.09539784334440        2.21979915881241        0.15836002343057
H           -2.01481695372659       -1.11441041085688       -1.12248816433518
H           -4.11194091333703        0.56144434891511       -2.60144777782136
H           -3.91616520673424       -1.20555315933153       -2.74720622245282
H           -1.96410690903992        0.69129328828862       -3.45609926525762
H           -4.63121637930798        0.20737602357850       -0.23533880415463
H           -3.72381794891008       -2.46049828009928       -0.14295306062091
H           -2.39183376242310       -0.99474860373733        1.47953600065275
H           -4.76603075982827       -1.06679783463006        2.09642217126276
H           -3.36122104940802        1.86977839637733        1.04441190010558
H           -2.61938821818831        1.14604491802931        3.23728039036797
H            1.25986956580400        0.08940956382719        2.37802584802261
H            1.31417513662366        2.84244007544916        1.77095710974961
H            3.41382796483805        1.81173471818086        1.02965419167410
H            3.24311194599266        1.53435908619617        3.40314321410242
48
 energy: -84.837698607985 gnorm: 0.002669495027 xtb: 6.7.1 (edcfbbe)
C            5.60128946085873       -1.35084386726526        0.14874152200502
O            4.94578675127694       -0.16903970705269        0.59077386847776
C            3.58587791706824       -0.30136864580851        0.77447969519009
O            2.95514122860088       -0.33165044776283       -0.49123286379660
C            1.55312624701861       -0.48323138368986       -0.43803908406689
C            1.06602881342276       -0.54498103041542       -1.89219727639534
O            1.37887379301457       -1.76152530209662       -2.50703271116621
C            0.86817584432629        0.65782270939327        0.34286954169323
O           -0.48872399639805        0.28538440291305        0.53811818518284
C           -1.49281212912667        1.20859175776834        0.22124197225927
O           -2.06882093001007        0.96213345835479       -1.03379073047834
C           -2.74025278801713       -0.28987256392322       -1.17287041591731
C           -3.38290017902459       -0.27800683891678       -2.56813018836135
O           -2.43767389671509       -0.15954292404316       -3.59506008036273
C           -3.80331048318761       -0.50467819908750       -0.08631252647728
O           -4.38885876595116       -1.77792439228384       -0.15782868369094
C           -3.19153958851246       -0.25075506238172        1.29911848546658
O           -4.16456897867895       -0.32475004865187        2.31295953958922
C           -2.58027371344814        1.15241903425698        1.31008944876848
O           -2.02525064430515        1.48976911252346        2.54568362346073
C            1.55139093948876        0.88341840140702        1.70231371351460
O            1.12042513090871        2.04921006324993        2.35320292376260
C            3.08701212141336        0.90212589608544        1.58043392417651
O            3.67153524757927        0.85790245090150        2.85261424067758
H            5.24900573246697       -1.64420251889226       -0.84212655382364
H            5.43400576284779       -2.16846729090089        0.85700469599461
H            6.65849230153894       -1.10232556751319        0.11102031055300
H            3.34378489037691       -1.23232773625248        1.33047333916397
H            1.29970084444992       -1.42720688931593        0.07376177179562
H            1.50941925450819        0.29956467532725       -2.43528370733974
H           -0.01954291696443       -0.45868675842408       -1.91638283529092
H            2.33978238440091       -1.85599758811735       -2.52680385060724
H            0.92738714544070        1.58011450536903       -0.25328128831932
H           -1.09221245102508        2.22733438351464        0.15801800503914
H           -1.99985879738195       -1.10270146410721       -1.11144074159326
H           -4.10667399903329        0.54689788088230       -2.60665631905837
H           -3.90750472729918       -1.22151701247533       -2.72992871984537
H           -1.95828398887351        0.66899207699410       -3.46478997157641
H           -4.62876364863946        0.20209423371924       -0.23491634430225
H           -3.70215761501913       -2.45918994868657       -0.12801566543763
H           -2.38804134278367       -0.98136410798410        1.49098990107251
H           -4.76698490402143       -1.05223842770628        2.09997186318351
H           -3.36596609072235        1.87646795700749        1.03211085299295
H           -2.62993248328794        1.17650760950753        3.23411401963987
H            1.25965690670609        0.06243161252334        2.36717234964687
H            1.29283319967432        2.82388999055230        1.79992079575093
H            3.40683321070083        1.80753510262291        1.03736528029690
H            3.22534570652309        1.51378201758012        3.41104535919198
48
 energy: -84.837785321885 gnorm: 0.002385507851 xtb: 6.7.1 (edcfbbe)
C            5.60123383959396       -1.34513236369516        0.13989248321040
O            4.94232181603943       -0.16728479419909        0.58746325235113
C            3.58309848237175       -0.30454543629795        0.77251389866883
O            2.95145944897624       -0.33163124682358       -0.49296491461677
C            1.54893507757277       -0.48379993777322       -0.44254783222492
C            1.06680272187795       -0.53927805742613       -1.89910973672443
O            1.38070025047668       -1.75407465487666       -2.51691275429401
C            0.86457083926340        0.65559872551213        0.34188137116204
O           -0.49413936091289        0.28875848442074        0.53692828923141
C           -1.49341887076673        1.21668081076439        0.21990877972991
O           -2.07094146374719        0.97137158706255       -1.03489073717829
C           -2.73284057615816       -0.28635060107983       -1.16889810262879
C           -3.37415751102749       -0.28974710508079       -2.56429768957544
O           -2.42891965752453       -0.18225521598585       -3.59241733977955
C           -3.79605459710050       -0.50387429698498       -0.08219059554456
O           -4.37199254658080       -1.78193266776695       -0.15043216531241
C           -3.18963993505079       -0.23979259235467        1.30376199685406
O           -4.16547429320135       -0.31020204782342        2.31539933093565
C           -2.58289505540420        1.16565792347666        1.30791394816803
O           -2.03153175870638        1.51366840951907        2.54161993444903
C            1.54595375752854        0.86796306052045        1.70443814435611
O            1.10931058264124        2.02247227726430        2.37044564959925
C            3.08126724776305        0.89414154306552        1.58350717121754
O            3.66480889603167        0.84725059153065        2.85631816861051
H            5.24624301625088       -1.63755086920570       -0.85021188603268
H            5.44043584473117       -2.16519606091293        0.84687986921415
H            6.65711662492216       -1.09159220714819        0.09862470354967
H            3.34439931999287       -1.23854862006321        1.32490587274016
H            1.29424001083437       -1.43046476309644        0.06344804470067
H            1.51319011553309        0.30670189446977       -2.43746757234020
H           -0.01874480250677       -0.45208144763579       -1.92827165457054
H            2.34156977219178       -1.84726795898639       -2.54099421129944
H            0.92845104681206        1.58128136744430       -0.24850978359837
H           -1.08881473945027        2.23401691674560        0.15664396323808
H           -1.98574095512786       -1.09264864299571       -1.10070782130747
H           -4.09860765938228        0.53409950662248       -2.61199560223510
H           -3.89807177621997       -1.23537005774923       -2.71528961564414
H           -1.95201566800448        0.64942551631245       -3.47336946790011
H           -4.62618743536732        0.19656616776498       -0.23543067586975
H           -3.68014397118084       -2.45765374455056       -0.11169170654543
H           -2.38439395715046       -0.96638624410387        1.50307391342656
H           -4.76694088670960       -1.03896828929926        2.10442864885860
H           -3.37028418542952        1.88500831459928        1.02262853976655
H           -2.63797314965072        1.20692343584886        3.23151138061811
H            1.25857147533609        0.03711942749651        2.35901025802106
H            1.27106554291256        2.80472274348269        1.82491665646126
H            3.39828272100384        1.80310603993447        1.04471912895177
H            3.20589813756808        1.49108878922089        3.41930713735778
48
 energy: -84.837845542610 gnorm: 0.001956704036 xtb: 6.7.1 (edcfbbe)
C            5.60116458252135       -1.33918645573653        0.13107236271211
O            4.93876192120103       -0.16520825725851        0.58353200001711
C            3.58034455175539       -0.30719131569474        0.77023853358907
O            2.94757998184539       -0.33082015302252       -0.49475926879621
C            1.54462260913168       -0.48436388917194       -0.44571990559233
C            1.06685184990118       -0.53461894829860       -1.90432440597204
O            1.38321922322988       -1.74830015882778       -2.52416030938104
C            0.86091943193589        0.65326495164824        0.34147323703468
O           -0.49906856830376        0.29096960254958        0.53606961546861
C           -1.49420573899169        1.22274550001232        0.21861250418026
O           -2.07165223013028        0.97679307669948       -1.03592800076936
C           -2.72679099135260       -0.28497143522764       -1.16553853888772
C           -3.36570764863255       -0.29948345385449       -2.56155509294165
O           -2.41869815307193       -0.20112076271405       -3.58897891031835
C           -3.79034357756376       -0.50324492681148       -0.07869657360672
O           -4.35835811799134       -1.78532987401090       -0.14222739248400
C           -3.18896154840508       -0.22954256800703        1.30762799993251
O           -4.16782799831168       -0.29666915209880        2.31680237219410
C           -2.58515043932304        1.17725192013740        1.30601273637879
O           -2.03489777518723        1.53307024733697        2.53781435974315
C            1.54111828792601        0.85464569484756        1.70680510898201
O            1.10004790539548        2.00080872467497        2.38441586134570
C            3.07593444709760        0.88689024567710        1.58633754488998
O            3.65945623842975        0.83756075041861        2.85930844604978
H            5.24436048410760       -1.63091240117086       -0.85858247947683
H            5.44625591990491       -2.16156703636424        0.83665571569908
H            6.65573231183192       -1.08068706096839        0.08702340403174
H            3.34478655023800       -1.24419248626734        1.31883039169680
H            1.28978133015010       -1.43325306708094        0.05514642953087
H            1.51605259018031        0.31236084602986       -2.43854783374575
H           -0.01865856567301       -0.44722858557590       -1.93889492588820
H            2.34414559683315       -1.83976985455800       -2.54897921392633
H            0.92901713741955        1.58192880509140       -0.24326234746204
H           -1.08619590944904        2.23866698534575        0.15406347207898
H           -1.97541881981178       -1.08672194568497       -1.09193238048903
H           -4.08963484100678        0.52421748280371       -2.61694229075206
H           -3.88968023448693       -1.24597998041525       -2.70542717715155
H           -1.94647046895956        0.63469473404758       -3.48053634507994
H           -4.62421979378346        0.19160816081033       -0.23700098018493
H           -3.66228111905312       -2.45620435803480       -0.09611276419636
H           -2.38231442721524       -0.95244329348182        1.51390565173402
H           -4.76634235727305       -1.02863099710368        2.10883091204431
H           -3.37315748076839        1.89384684490473        1.01581624266376
H           -2.64296754896752        1.23322504527751        3.22930317871642
H            1.25673487310950        0.01666130816497        2.35358241300170
H            1.25301834390978        2.78815803793787        1.84407297104335
H            3.39019962938172        1.79904152023072        1.05131325262079
H            3.18890033187988        1.46922554238760        3.42692908966717
48
 energy: -84.837899108112 gnorm: 0.001642343398 xtb: 6.7.1 (edcfbbe)
C            5.60134749543494       -1.33030221936633        0.11838904044405
O            4.93434074040875       -0.16179189518271        0.57795858290193
C            3.57706815876803       -0.31022036161176        0.76682873595447
O            2.94269081389562       -0.32888534592467       -0.49730244426130
C            1.53935793825871       -0.48471817964811       -0.44879445920961
C            1.06627992684373       -0.52957954145896       -1.90942039868740
O            1.38792837868195       -1.74176897257974       -2.53147670060358
C            0.85644914810164        0.65052971747900        0.34129730230682
O           -0.50453397765113        0.29302176574571        0.53483542770518
C           -1.49546643577507        1.22869521594169        0.21677958315754
O           -2.07127878757266        0.97992819829882       -1.03742179550139
C           -2.72041439291906       -0.28553973086971       -1.16136279016535
C           -3.35475041175928       -0.31129087283441       -2.55900141377422
O           -2.40325946726444       -0.22340668346851       -3.58336052834811
C           -3.78480779995833       -0.50235608229622       -0.07460941438278
O           -4.34405079876028       -1.78887883633399       -0.12991410235761
C           -3.18993494468337       -0.21609515115028        1.31208748431132
O           -4.17350468259812       -0.27792866022649        2.31729244283579
C           -2.58757954576443        1.19103963596202        1.30331229269651
O           -2.03645442375042        1.55455196298428        2.53267212062441
C            1.53531996033561        0.83898810561397        1.70997137034256
O            1.08999123427709        1.97641670369230        2.40043821932692
C            3.06934803599537        0.87752129174562        1.59024248523690
O            3.65292253502324        0.82392176640820        2.86321426776554
H            5.24279726676807       -1.62026755747475       -0.87122810200602
H            5.45367225927494       -2.15634314826303        0.82116050175101
H            6.65419228160002       -1.06542799778758        0.07148601382656
H            3.34570603948061       -1.25133809422788        1.30998925367358
H            1.28530910222805       -1.43584870452624        0.04673483347803
H            1.51793285153764        0.31886788877859       -2.43880445211511
H           -0.01913529581022       -0.44349404931848       -1.95045977961438
H            2.34918285165608       -1.82998034963975       -2.55321851364425
H            0.92969018276713        1.58268661137602       -0.23623710498647
H           -1.08360426396891        2.24278746511925        0.14921411735420
H           -1.96581367695612       -1.08334232389207       -1.08146830518773
H           -4.07690589952609        0.51299990583014       -2.62385820347339
H           -3.87933990835716       -1.25810110558229       -2.69681719920410
H           -1.93943235095594        0.61879510732221       -3.48870000110034
H           -4.62270275049133        0.18574014272741       -0.24031685518290
H           -3.64336712058279       -2.45412903421200       -0.07526713238349
H           -2.38252124404148       -0.93514891771498        1.52759399734682
H           -4.76567849129158       -1.01662611210649        2.11506801626362
H           -3.37499382945688        1.90619884137075        1.00860190909220
H           -2.64688439104451        1.26508871161594        3.22643884406594
H            1.25305850509190       -0.00657791605289        2.34777493387581
H            1.23296250181723        2.76883220131581        1.86524720332109
H            3.38046386559850        1.79385837517179        1.06053199539583
H            3.16840459240534        1.43891183941029        3.43736739084924
48
 energy: -84.837924696697 gnorm: 0.001073408749 xtb: 6.7.1 (edcfbbe)
C            5.60217944386152       -1.32453354603638        0.11028053608950
O            4.93321975776368       -0.15942758823364        0.57551385917302
C            3.57647349224350       -0.31146030742605        0.76503736550788
O            2.94130533148299       -0.32736988342908       -0.49857312967044
C            1.53805599288085       -0.48422765297401       -0.44963861985582
C            1.06576219299085       -0.52773430850710       -1.91049026004985
O            1.39191007632929       -1.73822727375373       -2.53414599054550
C            0.85512590958084        0.65002348821814        0.34133961844346
O           -0.50587274904829        0.29383182940632        0.53389453531968
C           -1.49618889806475        1.23024945971192        0.21549339387528
O           -2.07061017671603        0.97894046613747       -1.03860670199885
C           -2.71873061729503       -0.28744896759321       -1.15928616463981
C           -3.34996974513984       -0.31777155151360       -2.55837328148802
O           -2.39517105638308       -0.23414436538334       -3.58013713691997
C           -3.78412314106254       -0.50161658349349       -0.07308171956069
O           -4.34046322716973       -1.78951890465240       -0.12311408110586
C           -3.19244935539210       -0.20914777336092        1.31380321581020
O           -4.17912187135824       -0.26605483383359        2.31626871274197
C           -2.58832799197302        1.19681484820701        1.30128664349155
O           -2.03601092553034        1.56279875879121        2.52974212427459
C            1.53321127033928        0.83258238223906        1.71137764654159
O            1.08720863165438        1.96644356492921        2.40758789292690
C            3.06701668016215        0.87252632281711        1.59292436069866
O            3.64961901664246        0.81454003542832        2.86611029605883
H            5.24278980573367       -1.61150560682436       -0.87997605769516
H            5.45758481208113       -2.15366893567398        0.80997644935410
H            6.65426570398389       -1.05695406874723        0.06266536419521
H            3.34750028017860       -1.25486024275090        1.30516175223427
H            1.28473893422953       -1.43581615889314        0.04503484162422
H            1.51610281569995        0.32252252021198       -2.43797066582149
H           -0.01967139200544       -0.44442819165471       -1.95275891385431
H            2.35357898422020       -1.82381300301902       -2.55160433377760
H            0.93047344615743        1.58347859667046       -0.23334654698567
H           -1.08292276822179        2.24360222506888        0.14575668416848
H           -1.96382580197633       -1.08455804186759       -1.07610657781560
H           -4.07106797416368        0.50684587859150       -2.62806919949540
H           -3.87476339720581       -1.26478619947806       -2.69454545469472
H           -1.93586370558521        0.61096044235461       -3.49181370013986
H           -4.62324616952027        0.18374490137534       -0.24293064410909
H           -3.63834973033135       -2.45281312205043       -0.06459769820512
H           -2.38626820139305       -0.92794851783567        1.53441405549685
H           -4.76680710651605       -1.00964882453510        2.11894060344833
H           -3.37440467049504        1.91272937208098        1.00483692752767
H           -2.64819628516801        1.27979941343020        3.22449370261923
H            1.25045148429681       -0.01635926788861        2.34452698452729
H            1.22645346850695        2.76119131697197        1.87502099389386
H            3.37765090451986        1.79126448472573        1.06712499599362
H            3.15975029736560        1.42094702451109        3.44404199208973
48
 energy: -84.837951192390 gnorm: 0.000831722235 xtb: 6.7.1 (edcfbbe)
C            5.60389322281232       -1.31753015118026        0.10049676829754
O            4.93350015679217       -0.15647274064892        0.57375102564023
C            3.57717991724088       -0.31220889538060        0.76356854930690
O            2.94120179852135       -0.32544005763842       -0.49948561874827
C            1.53831569334076       -0.48355100259088       -0.44951103582517
C            1.06541465079761       -0.52749984490201       -1.90994758823541
O            1.39864580185549       -1.73510873036237       -2.53558486426612
C            0.85486916071787        0.65021893417844        0.34158167550481
O           -0.50590466439362        0.29417893315930        0.53314973426046
C           -1.49671828630897        1.23030926133670        0.21388645811139
O           -2.06986238084832        0.97613106601569       -1.04007490113397
C           -2.71875244069868       -0.29028395414116       -1.15751520655837
C           -3.34659802788353       -0.32450504433257       -2.55825166101801
O           -2.38853411130540       -0.24404211173791       -3.57730828667321
C           -3.78586193768974       -0.50026999372223       -0.07241420618090
O           -4.34136395881141       -1.78854729304763       -0.11757285667718
C           -3.19701768972537       -0.20270078755560        1.31479559781712
O           -4.18711266826685       -0.25222513414934        2.31421650348005
C           -2.58854553618450        1.20095797134455        1.29906003403871
O           -2.03435232571739        1.56735754688621        2.52689807663705
C            1.53217151899139        0.82846877419673        1.71255453693802
O            1.08671617618886        1.95996066883540        2.41274190517081
C            3.06614888971015        0.86775476379343        1.59630107703273
O            3.64684055915836        0.80308705650213        2.86994452443636
H            5.24384667618678       -1.59884157333271       -0.89120359956341
H            5.46143830756009       -2.15132607967416        0.79507212677208
H            6.65546317119011       -1.04795396325687        0.05330826875849
H            3.35078179756476       -1.25797151135363        1.30065912090751
H            1.28615582097225       -1.43507118458439        0.04599055877677
H            1.51103984341025        0.32603046575483       -2.43631866725055
H           -0.02037154756835       -0.45001758583026       -1.95157624472144
H            2.36084926781374       -1.81696839849861       -2.54640325711656
H            0.93139489646318        1.58440245199375       -0.23156866928839
H           -1.08254537618493        2.24316270421441        0.14172352004105
H           -1.96458000981875       -1.08767666888788       -1.07071682236555
H           -4.06718030422140        0.49996261239419       -2.63239030969856
H           -3.87103215832159       -1.27191879391476       -2.69349721264460
H           -1.93284280707577        0.60329586836447       -3.49395007559396
H           -4.62509084933684        0.18374702064126       -0.24637584292329
H           -3.63898139371963       -2.45118954613699       -0.05565156004648
H           -2.39372870936438       -0.92317364101595        1.54059295149386
H           -4.77025134017018       -1.00110676466501        2.12367483708262
H           -3.37246439056520        1.91892268607494        1.00189248707204
H           -2.64902317718024        1.29153667917026        3.22224611483607
H            1.24771392124799       -0.02263697201245        2.34190373076130
H            1.22462796526494        2.75643979051545        1.88272206773863
H            3.37786669020465        1.78909192037258        1.07570479499363
H            3.15264196246784        1.40121485958998        3.45237011044652
48
 energy: -84.837978710622 gnorm: 0.001091183770 xtb: 6.7.1 (edcfbbe)
C            5.60653168312990       -1.30795988974224        0.08696817302410
O            4.93467868168865       -0.15255074418442        0.57211865391001
C            3.57883203715948       -0.31287105928379        0.76225208519676
O            2.94184608046049       -0.32291585191504       -0.50016475930261
C            1.53951705953602       -0.48310578158221       -0.44871724928572
C            1.06543769582557       -0.52885801851877       -1.90847453389541
O            1.41015346500237       -1.73190118847366       -2.53649802088726
C            0.85513774280750        0.65042318762201        0.34201032391663
O           -0.50556418486562        0.29418215661898        0.53265225855724
C           -1.49691603064298        1.22974373768588        0.21177038689488
O           -2.06900043581466        0.97257756812593       -1.04197266054055
C           -2.71945544601951       -0.29354164291560       -1.15557985768025
C           -3.34367864206892       -0.33327569281590       -2.55801990958792
O           -2.38265524669833       -0.25638338092041       -3.57462217673444
C           -3.78930927781916       -0.49769006812325       -0.07221303182638
O           -4.34571659092863       -1.78563584375398       -0.11299467501242
C           -3.20359834602896       -0.19537245051948        1.31553027406155
O           -4.19771344562652       -0.23429305021004        2.31138362467219
C           -2.58852522400840        1.20515200025115        1.29646748401585
O           -2.03217763625743        1.57098025645407        2.52383834466150
C            1.53157581026646        0.82461241001754        1.71403629943683
O            1.08709383132488        1.95376255578198        2.41849602060127
C            3.06605466311344        0.86203500801054        1.60107518814103
O            3.64342387785953        0.78802141149570        2.87567545374513
H            5.24604295198337       -1.57995369747894       -0.90723722733505
H            5.46587127766590       -2.14884448333054        0.77341169148136
H            6.65766216062060       -1.03638585870231        0.04154793531738
H            3.35566579292888       -1.26155090558548        1.29567164034493
H            1.28918186015961       -1.43437525884964        0.04846004476166
H            1.50246201226072        0.32993032000091       -2.43392369062393
H           -0.02106705745317       -0.46154348770566       -1.94879973435033
H            2.37305721418853       -1.80785083514761       -2.53864557017525
H            0.93245668822829        1.58520152310895       -0.23005226792170
H           -1.08180508181753        2.24209017953244        0.13683333283113
H           -1.96649600054464       -1.09157206957314       -1.06355445310653
H           -4.06442293102779        0.49048013289033       -2.63738710785174
H           -3.86715973121490       -1.28163469682049       -2.69128163025415
H           -1.92963073848791        0.59271976805492       -3.49583337085178
H           -4.62761356125726        0.18615849359243       -0.25083874816415
H           -3.64403575916978       -2.44866830075453       -0.04707370833325
H           -2.40482154985736       -0.91901283917559        1.54751547935338
H           -4.77679069312208       -0.98845976950522        2.12991817173999
H           -3.36960096994177        1.92602486768983        0.99853154942001
H           -2.65048176819304        1.30404585367848        3.21943775351482
H            1.24502353781501       -0.02884526370150        2.33951079604560
H            1.22496747342026        2.75259753672526        1.89180489630545
H            3.38039016142408        1.78656564296727        1.08771118431023
H            3.14517436504217        1.37774113014896        3.46274400757463
48
 energy: -84.838000324528 gnorm: 0.001349168228 xtb: 6.7.1 (edcfbbe)
C            5.60947246987046       -1.29726976617558        0.07266476350470
O            4.93599417451324       -0.14831709193258        0.57107602839895
C            3.58067713672572       -0.31355919740421        0.76159926812530
O            2.94267214297916       -0.32053310817234       -0.50020330138447
C            1.54090557020125       -0.48361949470041       -0.44749641175883
C            1.06619437459175       -0.53184039325903       -1.90683974851450
O            1.42475627843002       -1.72943684950876       -2.53743687561869
C            0.85540871315880        0.64969812644756        0.34257189798684
O           -0.50555877710283        0.29359443158922        0.53256457458926
C           -1.49674553226864        1.22896342413298        0.20999243666991
O           -2.06839385194654        0.96976998255961       -1.04355579252409
C           -2.72034150171212       -0.29598304942481       -1.15350313819371
C           -3.34131426553291       -0.34220069451515       -2.55722415898382
O           -2.37840440037406       -0.26929034345900       -3.57232972666570
C           -3.79336090413700       -0.49395333434281       -0.07207160238703
O           -4.35240781299504       -1.78085422773119       -0.11033741634098
C           -3.21042987370601       -0.18851575890982        1.31622763345102
O           -4.20794795052771       -0.21681957653549        2.30895667501835
C           -2.58842525800756        1.20888151989797        1.29440594771539
O           -2.03031604081908        1.57354957813094        2.52136910439624
C            1.53092377324702        0.82085907932172        1.71555000725153
O            1.08744572430534        1.94853635741828        2.42207099886841
C            3.06597535684853        0.85625536586525        1.60630630048477
O            3.63957949229707        0.77277077092182        2.88210492926649
H            5.24927461429778       -1.55811266859281       -0.92462089444298
H            5.46992300964434       -2.14634799382033        0.74926820240839
H            6.66023102350816       -1.02375773483742        0.03028088019790
H            3.36091183692563       -1.26520792008327        1.29129046359241
H            1.29283808558146       -1.43479662845612        0.05117587408173
H            1.49275682855702        0.33311427516358       -2.43122845505738
H           -0.02110824455918       -0.47708319373953       -1.94628135722676
H            2.38832340494174       -1.79771752803725       -2.53231678895637
H            0.93337143549298        1.58479446421021       -0.22883911032780
H           -1.08058644907222        2.24078752894486        0.13286210008272
H           -1.96851603182629       -1.09444199443003       -1.05560451475508
H           -4.06276821244389        0.48040674744010       -2.64185149791393
H           -3.86370654670814       -1.29166577102475       -2.68720989689601
H           -1.92609579219446        0.58044862066425       -3.49674787900809
H           -4.62974093995333        0.19109331383153       -0.25490103925803
H           -3.65234290833188       -2.44522166732432       -0.04054547697735
H           -2.41643483177703       -0.91559968151838        1.55380162019251
H           -4.78523812340102       -0.97404934694337        2.13579123050161
H           -3.36664037225530        1.93257056628186        0.99585008200346
H           -2.65241955081819        1.31514104276274        3.21682390777587
H            1.24205616019852       -0.03358413971187        2.33837093823187
H            1.22803466254039        2.74859932470644        1.89861721602636
H            3.38338385955055        1.78381397100005        1.10033775165645
H            3.13813581905483        1.35612427483524        3.47270292125838
48
 energy: -84.838016450215 gnorm: 0.001120847938 xtb: 6.7.1 (edcfbbe)
C            5.61248688019442       -1.28806079839843        0.06179146885343
O            4.93729494516741       -0.14473429431930        0.57053381634699
C            3.58244857967438       -0.31418101379728        0.76116695979062
O            2.94356975663743       -0.31894787965111       -0.50014945528826
C            1.54220683257347       -0.48498318541162       -0.44652497489266
C            1.06682658488089       -0.53526455058034       -1.90557591640556
O            1.43716128011793       -1.72778608578575       -2.53878037084725
C            0.85586753755705        0.64823310465199        0.34301526729049
O           -0.50554120630643        0.29256576414551        0.53282055190331
C           -1.49603424434166        1.22802862690344        0.20874413703676
O           -2.06764976650562        0.96761336173884       -1.04478680384900
C           -2.72110219043596       -0.29762780620946       -1.15175369802675
C           -3.34013986013506       -0.34951438392371       -2.55601109514186
O           -2.37649409463173       -0.28032953669070       -3.57060220564965
C           -3.79688761875188       -0.49010573911857       -0.07193884155914
O           -4.36003156113441       -1.77538580662033       -0.10933046323745
C           -3.21546874044489       -0.18346351086943        1.31670000474694
O           -4.21489271696271       -0.20377744559658        2.30759291613451
C           -2.58830312760288        1.21175482206728        1.29280356656987
O           -2.02982949436640        1.57628634326217        2.51964866501996
C            1.53057360073565        0.81759750566196        1.71689588853695
O            1.08697731520539        1.94400164901609        2.42583400619158
C            3.06604315508947        0.85157202778012        1.61033402504628
O            3.63670073740555        0.76092650446401        2.88708778141592
H            5.25366677090925       -1.53923240582582       -0.93827699818659
H            5.47290828359114       -2.14396188442613        0.72962475018733
H            6.66301145540602       -1.01308169814555        0.02322249306235
H            3.36548470691466       -1.26807881009157        1.28801012927726
H            1.29638428519558       -1.43625490376719        0.05311306860695
H            1.48383137260630        0.33502718780067       -2.42893915078826
H           -0.02105336287155       -0.49184461679601       -1.94408890275433
H            2.40120220119147       -1.78824621038498       -2.53167328108261
H            0.93417863331345        1.58376010462890       -0.22770154354857
H           -1.07898968415323        2.23945544084976        0.13002852639959
H           -1.97041297043764       -1.09653764722207       -1.04869822760305
H           -4.06221424752155        0.47219188977916       -2.64481533539759
H           -3.86191471577412       -1.29981362370174       -2.68243385866194
H           -1.92263144187691        0.56871055553192       -3.49612591733453
H           -4.63065406859893        0.19737027731985       -0.25777533089429
H           -3.66229094438462       -2.44189900564404       -0.03661826114801
H           -2.42504866656522       -0.91316054086675        1.55807029107882
H           -4.79326507808261       -0.96105649904078        2.13941891657371
H           -3.36438926101922        1.93725872659814        0.99272831676371
H           -2.65461039700105        1.32340843780447        3.21466365177008
H            1.24075386947777       -0.03833877240126        2.33783633115713
H            1.22994671276871        2.74612690567549        1.90514367320811
H            3.38553262963056        1.78152403458160        1.11017235234871
H            3.13479310861336        1.34224899683617        3.47908774799273
48
 energy: -84.838032476418 gnorm: 0.001050694244 xtb: 6.7.1 (edcfbbe)
C            5.61614299168725       -1.27747234534440        0.05164370459683
O            4.93824389334827       -0.14047778008249        0.57069034182213
C            3.58397935501192       -0.31488173858421        0.76123032589658
O            2.94448354088343       -0.31778063238014       -0.49975996562804
C            1.54350906464117       -0.48776123000970       -0.44548926086479
C            1.06779984516257       -0.53968315207759       -1.90453176638659
O            1.45057977315350       -1.72644814616082       -2.54098681797171
C            0.85586186911718        0.64485825479835        0.34359734744379
O           -0.50621311803081        0.29027456610586        0.53325698339485
C           -1.49509065560711        1.22662586756011        0.20805461842792
O           -2.06704702711356        0.96582435702408       -1.04555347360870
C           -2.72219895929413       -0.29872126882409       -1.14956234282736
C           -3.33917473837190       -0.35654087375004       -2.55424798772568
O           -2.37485778902986       -0.29217693608880       -3.56846159806511
C           -3.80090536235421       -0.48494706009397       -0.07132620544852
O           -4.37015219707870       -1.76768885420610       -0.10880739248126
C           -3.22031194275803       -0.17880019613073        1.31757919347833
O           -4.22071383637156       -0.19234874163229        2.30744729322190
C           -2.58808607504377        1.21428079042249        1.29175836449383
O           -2.02967758971978        1.57880719316531        2.51837305175509
C            1.52965642180354        0.81325952103373        1.71825760245226
O            1.08596432449536        1.93976961129271        2.42596054772299
C            3.06544657211183        0.84677749720124        1.61462127538461
O            3.63350236400025        0.74973119140361        2.89221126332092
H            5.26030059874503       -1.51822634139845       -0.95194418550795
H            5.47600292078275       -2.14075987011332        0.70974670414751
H            6.66644496206024       -1.00073215358566        0.01871955338762
H            3.37019738088881       -1.27118395170218        1.28510492217191
H            1.30048479627866       -1.43942940164220        0.05460957719055
H            1.47454081308871        0.33643956643761       -2.42624913937957
H           -0.02056878220981       -0.50854414418506       -1.94218492422475
H            2.41515509870949       -1.77685809451874       -2.53601877990046
H            0.93483607506723        1.58042526852712       -0.22684352760138
H           -1.07662366992864        2.23743051372052        0.12823863895379
H           -1.97285110282980       -1.09818279212515       -1.04100607385259
H           -4.06137785078067        0.46468444484048       -2.64753291306125
H           -3.86101277797918       -1.30730660180225       -2.67654021331427
H           -1.91771980631730        0.55526139359214       -3.49406529454426
H           -4.63094849591267        0.20641754356959       -0.25960372046627
H           -3.67577023072037       -2.43741761752754       -0.03341438567098
H           -2.43315998771398       -0.91104762154778        1.56141584102595
H           -4.80269114349639       -0.94723242263279        2.14164033605135
H           -3.36186872965079        1.94146701711671        0.99001379835561
H           -2.65664450280839        1.33021724918053        3.21292847849076
H            1.23829483878958       -0.04205005189040        2.33883177613469
H            1.23477086588764        2.74154888663613        1.90731389134164
H            3.38668549724029        1.77880924920219        1.11964201129203
H            3.13278428307822        1.33178364925564        3.48473119822537
48
 energy: -84.838046321966 gnorm: 0.000826200212 xtb: 6.7.1 (edcfbbe)
C            5.62056612393173       -1.26658067086091        0.04263981472417
O            4.93920389628953       -0.13588435179070        0.57042632684057
C            3.58561174507380       -0.31563625456719        0.76084111524069
O            2.94526331516381       -0.31689350788562       -0.49969465130669
C            1.54471609500265       -0.49143935052178       -0.44464511958540
C            1.06837599745185       -0.54442406846064       -1.90356999507009
O            1.46270448026608       -1.72527500978580       -2.54361552466883
C            0.85592652525644        0.64053964509992        0.34421752096185
O           -0.50662724994912        0.28704637421168        0.53395747887636
C           -1.49374304443040        1.22445240067760        0.20757864169397
O           -2.06589516445054        0.96301200886716       -1.04621650636384
C           -2.72369326907195       -0.30035839070491       -1.14711128373543
C           -3.33841868290176       -0.36326914947272       -2.55232212636311
O           -2.37280401126433       -0.30465451159812       -3.56562192089602
C           -3.80533513182141       -0.47922182827854       -0.07037361738005
O           -4.38242966537685       -1.75860911268550       -0.10756249276927
C           -3.22441485968500       -0.17422794680339        1.31854237217928
O           -4.22490318159146       -0.18261127108709        2.30826748031801
C           -2.58775162309793        1.21693066524319        1.29063615589853
O           -2.03006126084818        1.58276151039307        2.51700986866504
C            1.52863606488824        0.80850529921684        1.71975872141613
O            1.08339378885004        1.93474992190082        2.42788545457427
C            3.06451932190261        0.84198703452019        1.61809517189754
O            3.63094838393119        0.73951412723472        2.89609998793395
H            5.26896327699126       -1.49749706980695       -0.96473511037589
H            5.47909316416859       -2.13670312592807        0.69127268609193
H            6.67065764687090       -0.98804347518509        0.01676857824276
H            3.37520760858043       -1.27423497577967        1.28190464580728
H            1.30505583650196       -1.44394354969003        0.05530178318006
H            1.46534665775034        0.33731314564388       -2.42314936532810
H           -0.02029856963761       -0.52480464997981       -1.94008427558163
H            2.42784522399247       -1.76434540134383       -2.54376547941477
H            0.93542133568369        1.57649540457424       -0.22550446809654
H           -1.07360054236261        2.23451671406556        0.12637138177579
H           -1.97636343119194       -1.10096867940849       -1.03314103991116
H           -4.05957463726332        0.45843296857473       -2.65024597120508
H           -3.86148197283087       -1.31374065856178       -2.67100284990928
H           -1.91124938053116        0.54046944315668       -3.49056453970577
H           -4.63075150985310        0.21718793004656       -0.26089342661387
H           -3.69228976850872       -2.43245202113884       -0.02984817967071
H           -2.43986391181729       -0.90880255259386        1.56370573457805
H           -4.81253275010620       -0.93295081228863        2.14140063991270
H           -3.35926609420845        1.94547874594421        0.98618780733312
H           -2.65823036793685        1.33643983026440        3.21127116529863
H            1.23696781560196       -0.04749323464921        2.33973768814829
H            1.23684828490206        2.73759879274873        1.91115233576024
H            3.38608698040236        1.77626763638337        1.12760461095631
H            3.13422228615481        1.32535964434684        3.48852144806361
48
 energy: -84.838055427719 gnorm: 0.000779366124 xtb: 6.7.1 (edcfbbe)
C            5.62463581241546       -1.25686889619964        0.03606270642225
O            4.93958083987886       -0.13139896673443        0.57006190811416
C            3.58665966526183       -0.31610367661207        0.76033694131145
O            2.94572623245764       -0.31637399208784       -0.49984593153397
C            1.54558238774888       -0.49505895843186       -0.44409052104629
C            1.06869113630044       -0.54825945574329       -1.90298159156011
O            1.47182738499193       -1.72423572810893       -2.54636163536582
C            0.85541867147498        0.63578839785972        0.34487580699114
O           -0.50743502838925        0.28345049230824        0.53454477610196
C           -1.49288515236160        1.22219655573750        0.20753516657268
O           -2.06494753391088        0.96019844543540       -1.04637969765037
C           -2.72547385173192       -0.30196748652279       -1.14469087191183
C           -3.33752566349485       -0.36829043786334       -2.55080832425036
O           -2.36943270727038       -0.31562597797683       -3.56213942248363
C           -3.80944547596014       -0.47401090184527       -0.06916461042944
O           -4.39387843455260       -1.75007173403134       -0.10523024507689
C           -3.22767856766369       -0.17048791993853        1.31966880339275
O           -4.22782901690928       -0.17604110655529        2.30979254309450
C           -2.58738824773488        1.21893720136011        1.29009144278787
O           -2.02993172888535        1.58596554683153        2.51605639525132
C            1.52745859284703        0.80356479727403        1.72097024886708
O            1.08101097097092        1.93025088627091        2.42769168483292
C            3.06332383877914        0.83812524146634        1.62083627912889
O            3.62904850292610        0.73184690400066        2.89888805564456
H            5.27751944842118       -1.48025119406773       -0.97452498237095
H            5.48192376656225       -2.13242541638437        0.67700455682989
H            6.67442738754080       -0.97659557220827        0.01662456750854
H            3.37941356267214       -1.27659689192675        1.27912581022787
H            1.30892681113476       -1.44830515007219        0.05553376052181
H            1.45825356648163        0.33790859912663       -2.42044161188839
H           -0.02011207434902       -0.53715262405102       -1.93866357329617
H            2.43730025672037       -1.75355599790101       -2.55115794105661
H            0.93562253332613        1.57183340206501       -0.22451639674019
H           -1.07078069509108        2.23136378385143        0.12509793888948
H           -1.98029491795165       -1.10397893334487       -1.02625424786497
H           -4.05638305079053        0.45493364202770       -2.65320392240457
H           -3.86274182624495       -1.31782524609155       -2.66733806838758
H           -1.90445386119044        0.52770713535439       -3.48713123562355
H           -4.63059089101610        0.22698733048541       -0.26142469596166
H           -3.70769954200016       -2.42772330937475       -0.02589258162671
H           -2.44492984903746       -0.90701192976626        1.56492236315675
H           -4.82131725141199       -0.92101066634970        2.13897128375919
H           -3.35676150663171        1.94885413995185        0.98348802287943
H           -2.65824872272845        1.34036212418785        3.21048989103978
H            1.23525815718963       -0.05199825855601        2.34109908588639
H            1.23852460653694        2.73266184842876        1.91154448095721
H            3.38467667937615        1.77402806430651        1.13331365839446
H            3.13735656013224        1.32225550281655        3.49110260313179
48
 energy: -84.838058401904 gnorm: 0.000354347433 xtb: 6.7.1 (edcfbbe)
C            5.62526377948886       -1.25597436938992        0.03615173757340
O            4.93949180760375       -0.13060493806421        0.56949641866315
C            3.58671380169347       -0.31601982755829        0.75988913710701
O            2.94557185980330       -0.31647732256995       -0.50015483422813
C            1.54551963207615       -0.49545642471795       -0.44422840565539
C            1.06843716244567       -0.54833696002152       -1.90298983482055
O            1.47110653812634       -1.72431245540352       -2.54661607840355
C            0.85531806442137        0.63519850654256        0.34488567945674
O           -0.50734260150509        0.28283274286352        0.53449036673739
C           -1.49297588483069        1.22172035574791        0.20783183657970
O           -2.06476863154409        0.95948897778554       -1.04601597981438
C           -2.72591064553006       -0.30238000869199       -1.14428532993705
C           -3.33698458730343       -0.36806925834779       -2.55095119606630
O           -2.36764924529184       -0.31675828130720       -3.56109563071210
C           -3.81000510919680       -0.47347717533171       -0.06894083083743
O           -4.39496122306277       -1.74910012572395       -0.10405057065496
C           -3.22793393101987       -0.17004618822858        1.31985186719555
O           -4.22796817353915       -0.17639673727753        2.31024600733609
C           -2.58725910246886        1.21905225957632        1.29031423944215
O           -2.02936498942899        1.58584860749422        2.51622260296288
C            1.52722646656563        0.80298845136298        1.72098049074438
O            1.08045621914882        1.92952378138646        2.42787375582432
C            3.06296648279713        0.83796208713602        1.62048188645654
O            3.62921499837216        0.73182256247647        2.89823701488319
H            5.27855076761748       -1.47987688733245       -0.97448420421404
H            5.48281382882015       -2.13129098901101        0.67741658226009
H            6.67489436749464       -0.97527109360257        0.01698790861991
H            3.38001051203211       -1.27662690879313        1.27861812275728
H            1.30912485947962       -1.44879497869570        0.05529698334602
H            1.45846229620902        0.33771007303580       -2.42024809216392
H           -0.02031943153481       -0.53661769199978       -1.93845395988422
H            2.43649585045133       -1.75358292055509       -2.55106070296091
H            0.93555660556786        1.57128703779838       -0.22438434893352
H           -1.07056224418265        2.23068916473438        0.12521721079623
H           -1.98121912329371       -1.10478458294244       -1.02580079239729
H           -4.05444476572756        0.45610191473219       -2.65420914745020
H           -3.86336610879886       -1.31694286777853       -2.66819543549202
H           -1.90315606718238        0.52679652780591       -3.48737399540148
H           -4.63083524908952        0.22769399800583       -0.26148707287350
H           -3.70906603084494       -2.42698484818993       -0.02463087038720
H           -2.44519726197240       -0.90684989422818        1.56460022493530
H           -4.82237771291021       -0.92030426914893        2.13705137329655
H           -3.35630978403944        1.94940506475464        0.98390612455500
H           -2.65711271903839        1.33965215971528        3.21101954623045
H            1.23520931739750       -0.05278386859050        2.34084555671342
H            1.23675139849666        2.73185387424034        1.91147405103425
H            3.38363095846934        1.77404940789909        1.13285735421368
H            3.13830482359912        1.32243793074079        3.49090190690076
