48
 energy: -84.835401104021 gnorm: 0.076112422589 xtb: 6.7.1 (edcfbbe)
C            4.69901039928266        0.82448869698838        0.55332919433983
O            3.65372485539001        0.32039753847440       -0.26695724185912
C            3.09526400719928        1.27297988720981       -1.12989261851982
O            2.45783567218661        2.31566562453332       -0.44829238021847
C            1.07941198640190        2.10491659822887       -0.15105325047093
C            0.75628155361742        3.01458236118821        1.04036187917025
O            0.91623431945922        4.37099209360681        0.72266971919567
C            0.78442986482581        0.62721568399101        0.15753031635587
O           -0.58547869040555        0.56520417573621        0.52487927709761
C           -0.99826285749704       -0.23869898296079        1.60717382459897
O           -2.38064544226836       -0.07903908589897        1.70601555083064
C           -3.08740046774136       -0.59578845541697        0.58165014844692
C           -4.57688367594282       -0.30781268024169        0.82950112474174
O           -5.37605701550800       -0.66079170170971       -0.27294829866885
C           -2.83869016037863       -2.10460176147991        0.40006128164925
O           -3.40061827267870       -2.58239904942220       -0.79637351505284
C           -1.33210899478210       -2.39678217640491        0.36037209927928
O           -1.07088007262952       -3.77892673871291        0.43496918697501
C           -0.67778474012518       -1.74271810502534        1.57679588894612
O            0.69900821369163       -1.96847654265484        1.66693846675883
C            1.05564820273388       -0.17958926040097       -1.14349751588371
O            1.42221661776843       -1.50873513288932       -0.92138851415554
C            2.11262195465515        0.51693328653989       -2.03380523336314
O            1.46485929372946        1.36667293656775       -2.94127085052341
H            4.34252400776667        1.65367184425584        1.16820390311757
H            5.53675529233061        1.16310213047526       -0.06368969308192
H            5.00840395552895       -0.00435527156809        1.18415759413388
H            3.89556161454033        1.76257261245204       -1.71436835402971
H            0.46766473794013        2.40721926536474       -1.01105440816527
H            1.40426052099559        2.73528007076167        1.88382896740105
H           -0.28709314218838        2.87632332206516        1.32667459218673
H            1.79715019876836        4.48227606786479        0.33999080050078
H            1.42080326323980        0.26379509616767        0.97043652816461
H           -0.58245964267939        0.17420657089533        2.54366049361834
H           -2.75023545349437       -0.07898048285820       -0.32895831535281
H           -4.68769205250566        0.74756866508555        1.09529402493712
H           -4.92214749249357       -0.91289578795721        1.67102164951882
H           -5.27454483451858        0.00049180375147       -0.97004808821610
H           -3.26428208494303       -2.64074483702351        1.26616278171319
H           -4.32635402189318       -2.28507401439392       -0.83231733474354
H           -0.90791439768471       -1.98312716134672       -0.56287107126142
H           -1.53826918941266       -4.20910995720669       -0.29262864045722
H           -1.17516981906387       -2.15561600720447        2.47450425159712
H            0.84821131114243       -2.89271871666989        1.41839967135026
H            0.12088115787830       -0.20065289758918       -1.71683660099199
H            2.23542985804535       -1.51543650504613       -0.39594157553392
H            2.66286193153728       -0.27707769613883       -2.55956723435273
H            2.10391821255319        1.73358606842062       -3.56733797987696
48
 energy: -84.840932725971 gnorm: 0.011101473427 xtb: 6.7.1 (edcfbbe)
C            4.69886303592541        0.82236035886384        0.55248912662101
O            3.65448535026254        0.31755675795717       -0.26881110824758
C            3.09306342614721        1.27274089313915       -1.12677244673268
O            2.45713077975622        2.31009309621047       -0.43393711312632
C            1.07949052052899        2.10105514434502       -0.13040269810467
C            0.75532790560397        3.01156889256047        1.05707742921184
O            0.91658419602075        4.36680894656948        0.73340710248521
C            0.77111019284851        0.61530318118401        0.12170678433976
O           -0.59634107722860        0.52199120994408        0.48944135542275
C           -0.99798634855798       -0.22249272395261        1.61778717880955
O           -2.38331729257759       -0.07774924959168        1.70497396888439
C           -3.08716370463270       -0.59712537699816        0.58090140054716
C           -4.57680691279973       -0.30841327524367        0.82775545035376
O           -5.37584558954831       -0.66144095237599       -0.27467249931116
C           -2.83797956104695       -2.10510066548384        0.40324352945748
O           -3.39696610433059       -2.58424675856804       -0.79423749911969
C           -1.33034444207545       -2.39111444763319        0.37100223474681
O           -1.06827488989169       -3.77334148892040        0.44439739295357
C           -0.67901232305081       -1.73119370006512        1.58947305404729
O            0.69785320888613       -1.96000027604593        1.67430887501896
C            1.05668447797222       -0.18921604477774       -1.16922494947108
O            1.42730685848701       -1.51549886410514       -0.93786169534324
C            2.11769340464663        0.51875100594145       -2.04184381441473
O            1.46951276978823        1.37017934956960       -2.94697642906051
H            4.34158284795546        1.65088375653911        1.16799181350820
H            5.53623144673164        1.16275770885619       -0.06400644993152
H            5.00930733630440       -0.00626758479249        1.18293111042788
H            3.89307381714895        1.76703569083137       -1.70787238691204
H            0.47283875917694        2.41547876466014       -0.99090106188229
H            1.40294776138513        2.73287403073079        1.90034812913153
H           -0.28934262370174        2.87459259656977        1.33877317845477
H            1.79639048341514        4.47681160256979        0.34750358507135
H            1.40544567868532        0.25148973638973        0.93792746400248
H           -0.57959286458262        0.21071879121046        2.54283288088023
H           -2.74952852104605       -0.08097055406401       -0.32986666514024
H           -4.68728968267685        0.74713966080484        1.09318608290160
H           -4.92253832329192       -0.91279006900662        1.66964455901326
H           -5.27404894795481       -0.00030830668045       -0.97188420409379
H           -3.26528327193538       -2.64055199047403        1.26877285286539
H           -4.32283478347256       -2.28711562448528       -0.83268713389199
H           -0.90619096328721       -1.97916772328774       -0.55331972745356
H           -1.53378651528686       -4.20353290721164       -0.28492856085986
H           -1.17517967004435       -2.14637783258214        2.48640335048301
H            0.84452612715502       -2.88453697573121        1.42384771761799
H            0.12395648847827       -0.21254533377585       -1.74462625579298
H            2.23347823549040       -1.51621224983062       -0.40140752483845
H            2.67204242064472       -0.27177143660926       -2.56814722430627
H            2.10872736595789        1.74088462930891       -3.57025565737469
48
 energy: -84.841559460852 gnorm: 0.003905879594 xtb: 6.7.1 (edcfbbe)
C            4.69854313897651        0.81657286604707        0.55104140658460
O            3.65574827190611        0.31218477697183       -0.27270520260803
C            3.09412989626072        1.27147846161847       -1.12603588991525
O            2.45543177104894        2.30258324059977       -0.42700401443687
C            1.07553987273604        2.09364273563728       -0.13209484560108
C            0.75375652844709        2.99027671124475        1.06706584235011
O            0.91379893111729        4.34700331908077        0.74941495236845
C            0.76530647803683        0.60482154603159        0.11027674959006
O           -0.60474246556643        0.51563006794875        0.46983999692948
C           -1.00226700474478       -0.21004982422409        1.61151629510340
O           -2.38819011445392       -0.07206501595487        1.70036599110153
C           -3.09079570919922       -0.59589185863672        0.57881443077723
C           -4.58031985653269       -0.30795793393189        0.82529338325932
O           -5.37739881229846       -0.66359026850800       -0.27756814378501
C           -2.83678468870660       -2.10322155728423        0.40876918658111
O           -3.39000713493832       -2.58830925243012       -0.78913325717507
C           -1.32802227287007       -2.38371491330677        0.38404174711660
O           -1.06051440339675       -3.76475527103969        0.46202084704497
C           -0.67912704642132       -1.72061479418130        1.60278466105526
O            0.69863549118469       -1.94752028757184        1.68468348109327
C            1.05612889787420       -0.18551211808914       -1.18691889135803
O            1.42600100816444       -1.51181620845935       -0.95617039882218
C            2.12260599301896        0.52423187576486       -2.05099123078080
O            1.47856127779061        1.38239992363560       -2.95260604928043
H            4.33947589750640        1.64378988306832        1.16736547396103
H            5.53597802882571        1.15945829478560       -0.06403450283373
H            5.00946833761372       -0.01243603787592        1.18060035086606
H            3.89404267893795        1.77247793250891       -1.70148542203497
H            0.47210078934456        2.42641789520078       -0.99021045320921
H            1.40124322893814        2.71153502675917        1.91073522886164
H           -0.29094475617788        2.85428398480432        1.34985930172723
H            1.79219210537971        4.46057239500996        0.36112486638902
H            1.39564329957001        0.22773366199440        0.92534822233467
H           -0.58249693920822        0.23744457615220        2.52711169268339
H           -2.75362812352729       -0.08332665776402       -0.33377244032489
H           -4.69126956245959        0.74801805426942        1.08881504338547
H           -4.92582457424569       -0.91136968847156        1.66797573082282
H           -5.27477517207722       -0.00359810990517       -0.97575763238330
H           -3.26586695745002       -2.63716035479513        1.27435268516501
H           -4.31597476886779       -2.29201126002297       -0.83247350037647
H           -0.90123003092063       -1.97225626859136       -0.53927289648820
H           -1.52246328760897       -4.19756852354539       -0.26811430712611
H           -1.17431478438432       -2.13425235518392        2.50113336991322
H            0.84519500073617       -2.87263411345229        1.43603558081415
H            0.12902939716378       -0.21040149609497       -1.77174450018204
H            2.22689020544796       -1.51389925408118       -0.41161867639953
H            2.68210153289708       -0.26124756645251       -2.57991259804162
H            2.11941088953726        1.75461715340695       -3.57327716294049
48
 energy: -84.841864418671 gnorm: 0.004273510875 xtb: 6.7.1 (edcfbbe)
C            4.69854984005537        0.80773447347650        0.54928046958418
O            3.65703567715749        0.30598556104697       -0.27773914594479
C            3.09676083191971        1.27082033438037       -1.12560633711240
O            2.45627500825499        2.29644729465582       -0.42092399600908
C            1.07461777000774        2.08678647392058       -0.13457097370326
C            0.75146428319379        2.96738825009632        1.07671155703526
O            0.90994039513485        4.32834302115277        0.77485048487088
C            0.75968167827136        0.59747061425375        0.09950342880747
O           -0.61387578434674        0.52098541701514        0.45108482097344
C           -1.00707942693525       -0.19498931924865        1.59936721765164
O           -2.39311708069692       -0.06252737809043        1.69416641264781
C           -3.09508500439886       -0.59436472569814        0.57667677194350
C           -4.58510386660825       -0.30847187303261        0.82097717348527
O           -5.37979734268266       -0.66838363610201       -0.28219544604997
C           -2.83495518348061       -2.10160873958501        0.41625221749863
O           -3.38167592518390       -2.59611892606722       -0.78112986815559
C           -1.32529009513149       -2.37767749586543        0.39751704929032
O           -1.05136573829724       -3.75721026331910        0.48412341190593
C           -0.67822552412623       -1.70528137038241        1.61168588497744
O            0.70030711778532       -1.92928462303331        1.69234720885656
C            1.05403835802103       -0.18298916845406       -1.20381781837139
O            1.42128332742750       -1.51175640293867       -0.97845304227434
C            2.12625299570091        0.53139917849193       -2.05810727366014
O            1.48937617219008        1.39881752305366       -2.95605867824598
H            4.33767489255127        1.63290095056645        1.16731928078675
H            5.53644800165403        1.15326002205589       -0.06375163752403
H            5.00917795285053       -0.02279065878433        1.17686561879520
H            3.89745624923971        1.77722149554549       -1.69538099958241
H            0.47326112335464        2.43303277177568       -0.98884192842149
H            1.39992287685469        2.68053871670297        1.91699720283747
H           -0.29275318143506        2.82817157661782        1.36076840046582
H            1.78659973993533        4.44658540946954        0.38399176051635
H            1.38454661932648        0.20719359165600        0.91212764063641
H           -0.58643277845393        0.26764470436664        2.50594160378471
H           -2.76003599515523       -0.08714282071281       -0.33943777649475
H           -4.69770546494846        0.74811431319687        1.08142992999490
H           -4.93077681397147       -0.90991366626048        1.66494255383384
H           -5.27650870532589       -0.01008701470570       -0.98189922401762
H           -3.26550745682947       -2.63228960424083        1.28315981904112
H           -4.30757474593198       -2.30093961944071       -0.83075456318347
H           -0.89606449855552       -1.96797551187166       -0.52539243226921
H           -1.50898666649380       -4.19513738057454       -0.24556788571364
H           -1.17129533710574       -2.11041646446921        2.51467954728629
H            0.84687836220203       -2.85638622629079        1.45104171859344
H            0.13257863079201       -0.20607802381036       -1.79796151324952
H            2.21806929645690       -1.51786947829491       -0.42795309956689
H            2.68795599090790       -0.25009934118777       -2.59072552607070
H            2.13305990726573        1.77094143220286       -3.57405551888648
48
 energy: -84.842007037781 gnorm: 0.003043956498 xtb: 6.7.1 (edcfbbe)
C            4.69849867443512        0.79864097297641        0.54812793024322
O            3.65690549168212        0.30117906321835       -0.28142334532505
C            3.09888700632079        1.27046391372712       -1.12554102597227
O            2.45887242544508        2.29433656737160       -0.41811184672212
C            1.07654253522503        2.08478016541069       -0.13716580119494
C            0.75164440526947        2.95211604990168        1.08369682265608
O            0.90825312921390        4.31753252200757        0.79990951664347
C            0.75727306101075        0.59686170589427        0.09243268962064
O           -0.61865329074750        0.52927575023551        0.43895504206922
C           -1.01078043591729       -0.18334036070444        1.58865904114853
O           -2.39680980294546       -0.05279304220430        1.68707679162339
C           -3.09836790399954       -0.59395940214310        0.57375798356708
C           -4.58918737073376       -0.31033101950588        0.81571202428578
O           -5.38163318563468       -0.67488649720091       -0.28756445914799
C           -2.83376519804590       -2.10180299278755        0.42295179242751
O           -3.37693918858725       -2.60541852938411       -0.77253075593620
C           -1.32352595095424       -2.37468043497747        0.40668539393785
O           -1.04530022779638       -3.75276097589287        0.50328136702455
C           -0.67736113068318       -1.69137848941525        1.61444597814316
O            0.70165572205214       -1.91306113698610        1.69519210365370
C            1.05197984019889       -0.17933648619125       -1.21468898370824
O            1.41561251371991       -1.51087245154747       -0.99524218911855
C            2.12840837866284        0.53722170247445       -2.06290224070825
O            1.49688009049830        1.41208164172655       -2.95756818974643
H            4.33755888448664        1.62190546070189        1.16860140658638
H            5.53705288253891        1.14567205928870       -0.06319272734180
H            5.00814909665249       -0.03423004287597        1.17304323370860
H            3.90095531802003        1.77821032927504       -1.69209739391950
H            0.47635176943826        2.43634043604395       -0.98881969028762
H            1.40075787526572        2.65431253374021        1.91993003007233
H           -0.29216426518317        2.80755916521722        1.36680880408545
H            1.78362381235208        4.44029606816956        0.40776376080335
H            1.37723597713558        0.19906496885518        0.90361457362656
H           -0.59073382409732        0.28905652760795        2.49061970462585
H           -2.76547441409856       -0.09202552154097       -0.34613032543151
H           -4.70391583839294        0.74694449588063        1.07272753781811
H           -4.93543505299434       -0.90947525746325        1.66107380191701
H           -5.27827089436723       -0.01830952324546       -0.98886707738562
H           -3.26437611961558       -2.62835351192936        1.29239540589806
H           -4.30284823822623       -2.31183810448070       -0.82671301394016
H           -0.89433602051150       -1.96914673784302       -0.51819404392924
H           -1.49955740638725       -4.19678039934007       -0.22466143612494
H           -1.16832022606893       -2.08628197799514        2.52275433822710
H            0.84815967932758       -2.84270276525922        1.46339533031324
H            0.13317022112019       -0.19869604432114       -1.81288196821416
H            2.21130432881066       -1.52201662451208       -0.44358488029156
H            2.68905665366662       -0.24288526174696       -2.59863666319475
H            2.14296669584025        1.78350488558800       -3.57360984560542
48
 energy: -84.842096176764 gnorm: 0.001990190221 xtb: 6.7.1 (edcfbbe)
C            4.69820268023554        0.78939261707277        0.54711559211606
O            3.65554074277310        0.29746836510377       -0.28446822936427
C            3.10096692124245        1.27034477419103       -1.12650640029020
O            2.46257251611316        2.29468716183738       -0.41802590810898
C            1.08015619890759        2.08656042651343       -0.13964117834916
C            0.75377750356591        2.94242874673172        1.08920227826644
O            0.90917539654331        4.31186270269371        0.82475063749829
C            0.75707171659866        0.60034364874396        0.08704879692395
O           -0.62026910795331        0.53788779653689        0.43055753428817
C           -1.01360697128034       -0.17408667679231        1.57964094423277
O           -2.39962882328793       -0.04330915325800        1.67835170709238
C           -3.10101514384833       -0.59452104245100        0.56946457408481
C           -4.59266154557948       -0.31295107924299        0.80938844230168
O           -5.38341027948161       -0.68289093834503       -0.29333647363302
C           -2.83316475465088       -2.10316528358243        0.42880792485712
O           -3.37525715549900       -2.61575666571149       -0.76342653892485
C           -1.32253693037916       -2.37361079174651        0.41344773285528
O           -1.04137632573647       -3.75016838439907        0.52127558176990
C           -0.67706507829712       -1.67926593869171        1.61448130645149
O            0.70239513897596       -1.89863566970991        1.69577074915776
C            1.04996573462698       -0.17440549222976       -1.22216376351480
O            1.40886195900510       -1.50839194059780       -1.00731036517953
C            2.12961589209428        0.54220576910151       -2.06678598842956
O            1.50209269496356        1.42254027592131       -2.95899879402107
H            4.33882628056398        1.61084555299421        1.17081763006661
H            5.53754377231431        1.13710322840229       -0.06275333030462
H            5.00623850465904       -0.04661581772698        1.16866351648531
H            3.90511743358985        1.77692823407603       -1.69111764287352
H            0.48061166386394        2.44089911772412       -0.98941195000728
H            1.40255232893882        2.63251514644805        1.92160287046489
H           -0.28998427282154        2.79226315276385        1.36944410945478
H            1.78414337707063        4.43944908278352        0.43362363838476
H            1.37314151275609        0.19853606476943        0.89776365170325
H           -0.59568981784595        0.30363510983177        2.48046664954558
H           -2.76993043434326       -0.09824397614321       -0.35432096650872
H           -4.70970591975696        0.74508289038845        1.06255082242674
H           -4.93908586252206       -0.90957466726234        1.65648092259867
H           -5.28072543493870       -0.02843074113916       -0.99668531232928
H           -3.26276420750554       -2.62463039651567        1.30179711560665
H           -4.30130700732524       -2.32400465911359       -0.82076637558801
H           -0.89478194623003       -1.97423576620618       -0.51502595174605
H           -1.49282396598837       -4.20115494784482       -0.20401578745513
H           -1.16617004253602       -2.06565841111405        2.52730392455212
H            0.84906380079845       -2.83093096378151        1.47452784292441
H            0.13151016642028       -0.18883632523500       -1.82059816116708
H            2.20549863212955       -1.52483643657119       -0.45745128300370
H            2.68793079786813       -0.23785882460069       -2.60482626383446
H            2.15038814355155        1.79318451974027       -3.57322533000242
48
 energy: -84.842173442820 gnorm: 0.002258902824 xtb: 6.7.1 (edcfbbe)
C            4.69728731964000        0.77752465880757        0.54570942050418
O            3.65208665927005        0.29381829498111       -0.28756411660004
C            3.10311692611102        1.27043185595418       -1.12866742605671
O            2.46803568268905        2.29743037884286       -0.42016767131311
C            1.08578469595784        2.09303426809187       -0.14145729026524
C            0.75973244463035        2.93814092054544        1.09499716541875
O            0.91567716621619        4.31082713838962        0.85215993249983
C            0.75821074421615        0.60825537930149        0.08242171813031
O           -0.61989903561359        0.54775024447643        0.42418050735855
C           -1.01677812769615       -0.16562862600314        1.57111864297471
O           -2.40288209996588       -0.03309017581161        1.66587392379983
C           -3.10362593011119       -0.59674854190578        0.56226725312672
C           -4.59612892722039       -0.31694309702806        0.79996030800027
O           -5.38567473453258       -0.69492238499832       -0.30093611480767
C           -2.83339606647434       -2.10638922472914        0.43487282699442
O           -3.37680470816656       -2.63025177130917       -0.75167654856000
C           -1.32242990763750       -2.37470441459263        0.41935314588422
O           -1.03897304489644       -3.74933349662251        0.54202681498896
C           -0.67757581500641       -1.66771687916784        1.61260829302785
O            0.70258034154603       -1.88359122622830        1.69451360535178
C            1.04735424219482       -0.16635707776080       -1.22790377055668
O            1.39911486179745       -1.50270611664601       -1.01662392248159
C            2.12989310277587        0.54760008124612       -2.07098235609615
O            1.50600223232532        1.43227853260469       -2.96147989318255
H            4.34176255902682        1.59680169441848        1.17441482110258
H            5.53754880658272        1.12526947743341       -0.06286767054898
H            5.00264512640450       -0.06327137154628        1.16221114135687
H            3.91048681476484        1.77360283760578       -1.69180694891181
H            0.48641553861332        2.45067315556806       -0.98938367846657
H            1.40658604299016        2.61418046589024        1.92378010004964
H           -0.28456213527743        2.78329211857572        1.37039717539658
H            1.79170926532923        4.44438085252390        0.46585906952307
H            1.37154358925039        0.20448245428867        0.89335049439611
H           -0.60311864413548        0.31407814311909        2.47392445024910
H           -2.77393161125077       -0.10808605168786       -0.36628735678220
H           -4.71582553019996        0.74223284489966        1.04725092133946
H           -4.94200174267644       -0.90971269829505        1.65002878575878
H           -5.28450862467529       -0.04420885253328       -1.00793577784102
H           -3.26065204099710       -2.62039951579161        1.31341196880167
H           -4.30320985330706       -2.34064095275775       -0.81123607905172
H           -0.89706816229584       -1.98453216054282       -0.51445392737712
H           -1.48772356057486       -4.20968404244485       -0.17898621297218
H           -1.16457593934087       -2.04783879985833        2.52918229528020
H            0.85021493693234       -2.81892275200000        1.48687400745743
H            0.12752709388314       -0.17386988142686       -1.82400971505942
H            2.19834719515218       -1.52542950301118       -0.47077599756946
H            2.68485686210538       -0.23352612113845       -2.61075586782043
H            2.15682647393050        1.80241333324007       -3.57330594482150
48
 energy: -84.842211548223 gnorm: 0.001626039749 xtb: 6.7.1 (edcfbbe)
C            4.69650638559069        0.77208303871750        0.54488801971310
O            3.64970201181242        0.29242213024827       -0.28862375431758
C            3.10360542188280        1.27066062079549       -1.12961044383136
O            2.47039576410662        2.29909553303836       -0.42110823787056
C            1.08800128639204        2.09728152487904       -0.14087716270931
C            0.76419147215206        2.94063154729682        1.09734302602308
O            0.92243417857647        4.31315589238116        0.85926653003942
C            0.75845758229789        0.61233124136384        0.08161201406827
O           -0.61961298172568        0.55076167978076        0.42313539251546
C           -1.01844374494255       -0.16360985097890        1.56910900261677
O           -2.40465759299948       -0.03054558461773        1.66046772475276
C           -3.10438918319368       -0.59862029281837        0.55845703589547
C           -4.59712476663095       -0.31878029775330        0.79493148830717
O           -5.38664734354358       -0.70119196109423       -0.30445924809156
C           -2.83389205905952       -2.10855291369935        0.43676997039858
O           -3.37886805650791       -2.63742918830490       -0.74662849107507
C           -1.32282456396962       -2.37637944249485        0.42084265438914
O           -1.03883519172118       -3.75026051521702        0.54944357968320
C           -0.67821148625640       -1.66533161145955        1.61177764401308
O            0.70236577776679       -1.87901023701234        1.69352738202513
C            1.04577930811420       -0.16201430080528       -1.22899189130204
O            1.39427389174158       -1.49900055927843       -1.01835158853000
C            2.12917073133742        0.54994114420159       -2.07233578454925
O            1.50641943724419        1.43546566296444       -2.96277457472124
H            4.34335864850157        1.59043716367533        1.17612582480453
H            5.53698802523181        1.11960329127627       -0.06349336466405
H            5.00051952337641       -0.07104606154678        1.15887655264559
H            3.91240542037958        1.77225617615643       -1.69215080355174
H            0.48854813979110        2.45753134698877       -0.98800615669761
H            1.40969237092146        2.61282112787038        1.92553206402330
H           -0.28061778694605        2.78687090554509        1.37139533646692
H            1.79998869576253        4.44831372791748        0.47702975848211
H            1.37201947910028        0.20822628364575        0.89257204481060
H           -0.60696618709197        0.31553934758182        2.47348945160040
H           -2.77445950739783       -0.11334349825989       -0.37177673806516
H           -4.71753246611130        0.74110354797302        1.03864082495901
H           -4.94243613112669       -0.90899267828500        1.64702577591601
H           -5.28610692088278       -0.05314848000209       -1.01400589169926
H           -3.25976470611155       -2.61895591981031        1.31809234136631
H           -4.30553920994968       -2.34846777543683       -0.80616753156069
H           -0.89815600529529       -1.99007222164620       -0.51484837610277
H           -1.48720161854700       -4.21441983296577       -0.16931416889910
H           -1.16427398943058       -2.04554865009735        2.52888607824273
H            0.85094913788854       -2.81528279626603        1.49142938009770
H            0.12518415833559       -0.16673047344537       -1.82410642145921
H            2.19448812342669       -1.52386472073429       -0.47387391934278
H            2.68294719166985       -0.23191484916220       -2.61231030757293
H            2.15816981827374        1.80597517409013       -3.57336753945468
48
 energy: -84.842268234274 gnorm: 0.001332553745 xtb: 6.7.1 (edcfbbe)
C            4.69512011524332        0.76188496731665        0.54279339471152
O            3.64486621616700        0.29005311547713       -0.29058130831167
C            3.10387227788616        1.27158563536631       -1.13084101424502
O            2.47431327863129        2.30224487714201       -0.42189053245668
C            1.09130658197540        2.10565114370875       -0.13836229572161
C            0.77401775301158        2.94883025196426        1.10177658385345
O            0.93939781210736        4.31997010535956        0.86706296536569
C            0.75809896384702        0.62005298197875        0.08150070045110
O           -0.61963780644757        0.55536029268102        0.42264123361357
C           -1.02204590815872       -0.16139205847829        1.56663318433798
O           -2.40845901696779       -0.02804477000356        1.65117758469152
C           -3.10533644472921       -0.60294334241445        0.55103223090671
C           -4.59845758041733       -0.32184787658741        0.78423263155075
O           -5.38826249970208       -0.71442590637425       -0.31138356527572
C           -2.83526045129718       -2.11344268390588        0.44002087032668
O           -3.38395711287787       -2.65216923840593       -0.73685201039397
C           -1.32406118442473       -2.38067065795650        0.42282613311909
O           -1.03968837118648       -3.75342822332661        0.56141266510453
C           -0.67944877836483       -1.66324563415116        1.61019119183898
O            0.70195709486189       -1.87236007201904        1.69087539213986
C            1.04227674600423       -0.15313792831557       -1.22994508771619
O            1.38476551313289       -1.49127299449301       -1.02038550531934
C            2.12708289519342        0.55481024475784       -2.07417114244442
O            1.50618477553250        1.44147108120445       -2.96466922418028
H            4.34678759408268        1.57831774945424        1.17921467840698
H            5.53556900129465        1.10921727287234       -0.06569638651140
H            4.99703489347910       -0.08570423375991        1.15166302553629
H            3.91503688625445        1.77072946691739       -1.69212071840233
H            0.49182516568718        2.47139594846476       -0.98381020423123
H            1.41712515031119        2.61560133396221        1.92947922562577
H           -0.27187568661099        2.80075366991861        1.37534641518957
H            1.82089829410680        4.45594667202230        0.49404471202951
H            1.37310846297500        0.21524929274730        0.89192627010039
H           -0.61460496172549        0.31608350991910        2.47384690074965
H           -2.77368579122703       -0.12396498753276       -0.38178336567318
H           -4.71957577794408        0.73992600979327        1.01891147498344
H           -4.94287226371789       -0.90520396622663        1.64147125366426
H           -5.28827443523134       -0.07329400423561       -1.02733630993128
H           -3.25816986744006       -2.61663198891540        1.32701695886570
H           -4.31110241861273       -2.36384277700265       -0.79554739112776
H           -0.90030027057657       -2.00104411303353       -0.51581259461639
H           -1.48907651458537       -4.22406724745440       -0.15240211524490
H           -1.16345568049337       -2.04499168689849        2.52798070358119
H            0.85259055975257       -2.81033796666905        1.49935835129017
H            0.12051241037536       -0.15301009180286       -1.82371964040206
H            2.18564612124583       -1.51968846641375       -0.47671865041000
H            2.67877152722537       -0.22859004494134       -2.61428888439527
H            2.15944321447935        1.81361073383657       -3.57263428281591
48
 energy: -84.842299302256 gnorm: 0.001289757310 xtb: 6.7.1 (edcfbbe)
C            4.69466037699007        0.75452629849715        0.54103903022661
O            3.64223035985045        0.28783746252041       -0.29233734936860
C            3.10381411650116        1.27236052990915       -1.13070628760833
O            2.47635840924817        2.30309748089609       -0.42024096911469
C            1.09263462991918        2.10946577398312       -0.13638716438346
C            0.77983538220923        2.95236757488011        1.10541382363625
O            0.95117495464076        4.32304133249069        0.87148270365937
C            0.75675216305163        0.62394729622739        0.08120612251562
O           -0.62113784572989        0.55868158524629        0.42099616029406
C           -1.02478230144249       -0.15906455537040        1.56415544909686
O           -2.41129826162239       -0.02678822579941        1.64618955540063
C           -3.10609045532323       -0.60565025299600        0.54678409582837
C           -4.59959578225843       -0.32326354620288        0.77640791961334
O           -5.38882912430183       -0.72435229942290       -0.31654704602381
C           -2.83582612389529       -2.11660474315443        0.44310631455108
O           -3.38606783309045       -2.66256497891897       -0.72967076771287
C           -1.32449438394007       -2.38287862906176        0.42537071346060
O           -1.03926280354461       -3.75502358290748        0.56943600122686
C           -0.67968668672815       -1.66083936006334        1.61004645879479
O            0.70217775448114       -1.86712089311134        1.68946889366976
C            1.03926946563020       -0.14729411027010       -1.23186101155509
O            1.37811036967515       -1.48673459149519       -1.02444761204647
C            2.12556651942292        0.55927488463846       -2.07524753681837
O            1.50652602057460        1.44828607914272       -2.96468388132046
H            4.34907580559747        1.56940206266291        1.18096213546939
H            5.53487871012220        1.10228612890555       -0.06751763268221
H            4.99572712024274       -0.09588273642545        1.14638206026521
H            3.91617389439710        1.77092692884114       -1.69070614881785
H            0.49378661619863        2.47887171364707       -0.98062649259071
H            1.42219450657284        2.61562400264942        1.93236362371478
H           -0.26651080152264        2.80917375686493        1.38019795139974
H            1.83493802704104        4.45704273078468        0.50309908053601
H            1.37170160485579        0.21688197815876        0.89065988651853
H           -0.61941158196154        0.31920973023206        2.47174518063419
H           -2.77255481535526       -0.13069337239591       -0.38739303024344
H           -4.72122714518644        0.74024362027009        1.00297125655444
H           -4.94413136986316       -0.90027849610666        1.63791065740579
H           -5.28816416819472       -0.08921897818927       -1.03777923538867
H           -3.25700155478713       -2.61499095380861        1.33369980145415
H           -4.31343144823569       -2.37458991243529       -0.78843928534017
H           -0.90120515004371       -2.00670615584479       -0.51481607016939
H           -1.49060506266534       -4.22925263338468       -0.14078135433237
H           -1.16193835795070       -2.04171145826829        2.52920926611200
H            0.85387917800029       -2.80632467912930        1.50497550955704
H            0.11750229748805       -0.14398839888246       -1.82575177574569
H            2.17771149260232       -1.51796897973470       -0.47898276281172
H            2.67570524450220       -0.22468233272207       -2.61627383886945
H            2.16086851988512        1.82191330043858       -3.57059789615484
48
 energy: -84.842326198467 gnorm: 0.000845665095 xtb: 6.7.1 (edcfbbe)
C            4.69460419007316        0.74785548116109        0.53931762658027
O            3.64049384366665        0.28524338476408       -0.29411016605243
C            3.10342608090747        1.27281090661684       -1.12981588211787
O            2.47779018265168        2.30267338167138       -0.41693770650393
C            1.09330642240539        2.11137577835947       -0.13412757343356
C            0.78376861517573        2.95472179977570        1.10824685064064
O            0.96097168290575        4.32493051786226        0.87302009924309
C            0.75499975801728        0.62647875251974        0.08157224561496
O           -0.62320813368158        0.56136483779901        0.41984572418926
C           -1.02699912052486       -0.15723570508873        1.56239492771148
O           -2.41363513468009       -0.02659214719331        1.64376189799317
C           -3.10646626020905       -0.60773830505310        0.54417453465469
C           -4.60035685614757       -0.32395678644525        0.76953314129290
O           -5.38817898135080       -0.73358355504911       -0.32123908554491
C           -2.83596519944865       -2.11903867097030        0.44615421835496
O           -3.38657279420717       -2.67088608942123       -0.72367006492621
C           -1.32448112765093       -2.38388513876605        0.42801638684141
O           -1.03802441401958       -3.75558174717091        0.57467105505356
C           -0.67944907748169       -1.65859936030077        1.61052672777562
O            0.70266327102091       -1.86316969622877        1.68884425830438
C            1.03632756449724       -0.14235585342576       -1.23352062888868
O            1.37251227460531       -1.48311604840820       -1.02911654743556
C            2.12386486818338        0.56369109200448       -2.07577459367283
O            1.50640447786059        1.45595633311861       -2.96302336092472
H            4.35099816259399        1.56127535880440        1.18213618654705
H            5.53456849081948        1.09624452504208       -0.06925007864037
H            4.99528232313169       -0.10475269551947        1.14171436926574
H            3.91649285016341        1.77136809359853       -1.68876405837255
H            0.49548092728280        2.48310562721187       -0.97773216495037
H            1.42581460648112        2.61605420307218        1.93453683154582
H           -0.26281852344147        2.81642417590067        1.38444710726622
H            1.84604776872234        4.45443533614576        0.50625184295930
H            1.36918489173130        0.21667046615040        0.88991937989299
H           -0.62294693066912        0.32237890006915        2.46974210819435
H           -2.77033567739439       -0.13553429515268       -0.39039521496982
H           -4.72257501207532        0.74128326780409        0.98749372312203
H           -4.94582555529168       -0.89418402320327        1.63512503143923
H           -5.28583341041774       -0.10468217371923       -1.04768171761097
H           -3.25604040477742       -2.61372571513684        1.33928619950193
H           -4.31416585187822       -2.38358888165586       -0.78291343482773
H           -0.90169206580871       -2.00932807490475       -0.51304984516189
H           -1.49248985534315       -4.23159790938746       -0.13234303677491
H           -1.16028499582365       -2.03775116001848        2.53105459033797
H            0.85500548578082       -2.80304969559132        1.50892492463883
H            0.11467719535006       -0.13629056340723       -1.82745734504235
H            2.16985127684115       -1.51707597775381       -0.48063852565155
H            2.67228328396737       -0.22026424079653       -2.61857756313577
H            2.16152536949324        1.83121568627131       -3.56708889157636
48
 energy: -84.842348164095 gnorm: 0.000500125021 xtb: 6.7.1 (edcfbbe)
C            4.69465542786383        0.74027237865009        0.53748626897603
O            3.63889501081934        0.28193449496268       -0.29618765578792
C            3.10304095707741        1.27294070000898       -1.12872513424526
O            2.47948902646152        2.30163431675849       -0.41267874350829
C            1.09413767234702        2.11295955053843       -0.13183268973495
C            0.78679319248277        2.95681157156080        1.11070944679569
O            0.96972426753711        4.32668078135638        0.87439703474255
C            0.75352824476836        0.62880120091064        0.08220324269893
O           -0.62507224842246        0.56401946797422        0.41910744994513
C           -1.02877857109509       -0.15526666483056        1.56119686282781
O           -2.41563019905103       -0.02621955303702        1.64218506801125
C           -3.10650848818522       -0.60942643701505        0.54208614485239
C           -4.60081729507684       -0.32426016032887        0.76245459155445
O           -5.38664301004622       -0.74308090238690       -0.32632025279770
C           -2.83564828075151       -2.12107788849865        0.44932107440761
O           -3.38606556562133       -2.67868307286432       -0.71784858905017
C           -1.32400896599026       -2.38429792160733        0.43086327798937
O           -1.03583364854655       -3.75558827714442        0.57896179924486
C           -0.67912553654751       -1.65604529973281        1.61149330882283
O            0.70323988211844       -1.85932971733973        1.68892498619680
C            1.03298855642367       -0.13772325220176       -1.23496160791727
O            1.36669176124305       -1.47976351893699       -1.03394071062064
C            2.12143913887692        0.56855616124929       -2.07590110027504
O            1.50549173126435        1.46486600078042       -2.96013842537318
H            4.35301471526988        1.55224053856549        1.18318242484103
H            5.53447577366293        1.08925459494854       -0.07096381747545
H            4.99479275026056       -0.11464369878779        1.13690411588264
H            3.91680744194531        1.77151411223452       -1.68671053609346
H            0.49779199996647        2.48653334850130       -0.97548921344006
H            1.42781981606385        2.61628023271609        1.93700751928737
H           -0.26020836668410        2.82275679180465        1.38715268178653
H            1.85525933646584        4.45075951395076        0.50669954659807
H            1.36667326787950        0.21613519917966        0.88956999341771
H           -0.62601094232782        0.32581710296737        2.46841433646343
H           -2.76739799236702       -0.13961015060293       -0.39256071449723
H           -4.72393968096626        0.74266405433546        0.97138798059247
H           -4.94750712408095       -0.88736765129159        1.63214960750271
H           -5.28181685766452       -0.12115329694416       -1.05845390856184
H           -3.25474573302692       -2.61230283283986        1.34481089079128
H           -4.31402430831197       -2.39259856158567       -0.77783305899108
H           -0.90217724558015       -2.01046218910534       -0.51105657115525
H           -1.49410521280034       -4.23282547504503       -0.12484637752930
H           -1.15871637452833       -2.03340053223184        2.53335187160409
H            0.85603358873385       -2.79988275371987        1.51271298594869
H            0.11110005889184       -0.12856135842814       -1.82843207761165
H            2.16189873109195       -1.51662160382246       -0.48275150594707
H            2.66762531393466       -0.21508577510696       -2.62130351437086
H            2.16137446618280        1.84183982757389       -3.56231380379936
48
 energy: -84.842362058528 gnorm: 0.000488584912 xtb: 6.7.1 (edcfbbe)
C            4.69451405455124        0.73286507898309        0.53581058001474
O            3.63733499693748        0.27858172320815       -0.29829378933646
C            3.10264256263966        1.27267212868321       -1.12796366740485
O            2.48125972845042        2.30064565710142       -0.40894976069249
C            1.09519372717948        2.11441556805158       -0.12981931236364
C            0.78834416419765        2.95857159647855        1.11246721763640
O            0.97591858505968        4.32805177701296        0.87606763291308
C            0.75235396854529        0.63092731947841        0.08306928259191
O           -0.62653804787294        0.56623785362135        0.41924285735602
C           -1.03025781517287       -0.15366088322312        1.56080449473013
O           -2.41733732511408       -0.02560441805066        1.64105201408973
C           -3.10633391960689       -0.61056964486465        0.54037166320454
C           -4.60100669887948       -0.32459308930783        0.75658083055784
O           -5.38492770766333       -0.75066554412681       -0.33073291165630
C           -2.83511943381202       -2.12249317486407        0.45195924154319
O           -3.38515856350744       -2.68454597296985       -0.71316101394520
C           -1.32327005158903       -2.38406285534780        0.43330512886097
O           -1.03350101589188       -3.75493891140990        0.58227226096734
C           -0.67876342267595       -1.65380611174755        1.61269234831645
O            0.70386465993047       -1.85597310991828        1.68993868262140
C            1.03055906128250       -0.13357602223484       -1.23575493889296
O            1.36221969797589       -1.47652968529791       -1.03772147357981
C            2.11941104280494        0.57242024025386       -2.07638036306362
O            1.50423900976197        1.47233440534534       -2.95750798486579
H            4.35470728575185        1.54361303586796        1.18399283564026
H            5.53448429754496        1.08205309866035       -0.07232002059065
H            4.99369803987074       -0.12418331873397        1.13265992154477
H            3.91701364128822        1.77098540710947       -1.68527786578475
H            0.50031114675940        2.48910555023153       -0.97387234421363
H            1.42771021280493        2.61645519743735        1.93935599697075
H           -0.25927133410544        2.82748507956440        1.38787826948278
H            1.86124108158336        4.44782848304456        0.50632041581554
H            1.36492433527166        0.21636177285127        0.88963673159684
H           -0.62869406533462        0.32838158787890        2.46812425134614
H           -2.76464518587379       -0.14261137935160       -0.39425009589109
H           -4.72501987303006        0.74360832207294        0.95816912171203
H           -4.94898636170504       -0.88208309206228        1.62931985517745
H           -5.27739682914341       -0.13469513808328       -1.06749278909091
H           -3.25364442378431       -2.61095988791917        1.34922184478833
H           -4.31352995954551       -2.39985774694971       -0.77374565104438
H           -0.90213107991784       -2.01056885405449       -0.50914818239237
H           -1.49457478924178       -4.23305456560588       -0.11914335477856
H           -1.15764948649112       -2.03010537181747        2.53529143738783
H            0.85712719134489       -2.79683216815448        1.51585281608720
H            0.10827963515548       -0.12184156104608       -1.82851049285264
H            2.15633437240253       -1.51592978789919       -0.48525555204146
H            2.66352650994780       -0.21078128629103       -2.62448140099631
H            2.16054486284136        1.85091609458702       -3.55819026427465
48
 energy: -84.842370419829 gnorm: 0.000470186521 xtb: 6.7.1 (edcfbbe)
C            4.69415015751661        0.72662226017611        0.53465312180883
O            3.63581406588732        0.27592683833303       -0.29992843586279
C            3.10246080628006        1.27247827870046       -1.12748984340063
O            2.48254160884177        2.29997126975883       -0.40638917888503
C            1.09592353741772        2.11567433245504       -0.12880872115671
C            0.78893508164039        2.95978648012705        1.11338443458566
O            0.97944906464049        4.32907618831112        0.87802416343953
C            0.75199349391877        0.63246248387629        0.08349936454578
O           -0.62699645258377        0.56779802841260        0.41930435326557
C           -1.03101000553063       -0.15219171286079        1.56066526061536
O           -2.41825219332692       -0.02461124194482        1.64001652850210
C           -3.10601812533589       -0.61115462300471        0.53917748168254
C           -4.60098178183416       -0.32483259057786        0.75243908069459
O           -5.38356128303350       -0.75537752983434       -0.33407639328129
C           -2.83428003056080       -2.12318061443294        0.45362026045803
O           -3.38398998440373       -2.68833782162404       -0.71007917713641
C           -1.32233724965228       -2.38379873138463        0.43507698363804
O           -1.03139239244162       -3.75436259879587        0.58476189094503
C           -0.67858881635157       -1.65194679237819        1.61378864149943
O            0.70423796590722       -1.85311562114454        1.69118395061864
C            1.02843704318020       -0.13113377390465       -1.23628388642899
O            1.35901290912935       -1.47453799890316       -1.03987847446248
C            2.11742138079357        0.57543249252359       -2.07631366043140
O            1.50287168252664        1.47772079938668       -2.95544745608435
H            4.35601776300385        1.53661219631613        1.18462761349235
H            5.53448988127007        1.07552336741400       -0.07311736504660
H            4.99203494687160       -0.13222752663769        1.12957518571278
H            3.91745617603857        1.77056932348101       -1.68415266816887
H            0.50226652127006        2.49117575017246       -0.97338398374224
H            1.42626986541524        2.61614584008210        1.94127246131480
H           -0.25934046468453        2.83026258434628        1.38695258421199
H            1.86428413010635        4.44657760951520        0.50634736221507
H            1.36430358254323        0.21675639984783        0.88962053666339
H           -0.63049102559368        0.33055814800108        2.46818880854510
H           -2.76282187228397       -0.14453805307460       -0.39552179449446
H           -4.72573576603381        0.74399633983134        0.94979825143958
H           -4.94975955777231       -0.87907415463882        1.62683023762678
H           -5.27376084164017       -0.14347852865810       -1.07385428079989
H           -3.25235382202567       -2.60976914991942        1.35208915397771
H           -4.31270721511959       -2.40479891665100       -0.77104782549233
H           -0.90167381433796       -2.01051237722694       -0.50772094459471
H           -1.49368044148922       -4.23320222533080       -0.11536293516607
H           -1.15710126958714       -2.02768774772239        2.53681680906264
H            0.85797021205774       -2.79413532535428        1.51821382675512
H            0.10569530971121       -0.11774751607072       -1.82833675976598
H            2.15327630782776       -1.51527704204399       -0.48779917392779
H            2.65999851780333       -0.20739583177496       -2.62631884936326
H            2.15952287592476        1.85729243110001       -3.55513203630252
48
 energy: -84.842376355194 gnorm: 0.000338026736 xtb: 6.7.1 (edcfbbe)
C            4.69352536898723        0.72114736642871        0.53381868923967
O            3.63425079248705        0.27362951530169       -0.30127631052213
C            3.10209218238129        1.27209094965753       -1.12723224558728
O            2.48353166066239        2.29951215199228       -0.40456997527745
C            1.09647833076230        2.11677398761912       -0.12814424399807
C            0.78869107276553        2.96076662452095        1.11383365972355
O            0.98129716185587        4.32986731007967        0.87977122346389
C            0.75143148314095        0.63380390909181        0.08386929085685
O           -0.62756888507547        0.56903801814362        0.41963039459403
C           -1.03179857911404       -0.15102351256095        1.56080108419028
O           -2.41913816299518       -0.02364420494763        1.63921045748119
C           -3.10574269118319       -0.61149172571938        0.53824301503158
C           -4.60095306645784       -0.32535809024105        0.74972432269071
O           -5.38244359062551       -0.75791102120455       -0.33673739216448
C           -2.83350869765723       -2.12357776607423        0.45471746385310
O           -3.38283170779409       -2.69064353030225       -0.70816660887756
C           -1.32142134388441       -2.38333982208633        0.43644178359764
O           -1.02957580380555       -3.75360795404484        0.58693543306310
C           -0.67840530301766       -1.65041989009442        1.61480389083269
O            0.70461019553212       -1.85057959624217        1.69263629463820
C            1.02743960474495       -0.12907793845794       -1.23647619142479
O            1.35736722108800       -1.47269600035340       -1.04108210273084
C            2.11623101787452        0.57729799796704       -2.07686602644340
O            1.50177723807771        1.48124948872013       -2.95435057560981
H            4.35695905787007        1.53068919958239        1.18514487030955
H            5.53441637826957        1.06942067858722       -0.07353548719761
H            4.98990263634010       -0.13922005870185        1.12730676790007
H            3.91760369550823        1.76986597857254       -1.68336163502503
H            0.50382761391542        2.49271479586997       -0.97322687400812
H            1.42410610982552        2.61575216439513        1.94267136840826
H           -0.26024887395263        2.83216684869217        1.38542526979749
H            1.86580963613925        4.44635853476790        0.50699128380932
H            1.36380514199065        0.21762208077179        0.88965727073290
H           -0.63208626625141        0.33218424820959        2.46850252720900
H           -2.76168749800920       -0.14573249204771       -0.39658062159131
H           -4.72618059357320        0.74370262722171        0.94523972319222
H           -4.95038097069576       -0.87824545137169        1.62467496609400
H           -5.27071784704123       -0.14838119287226       -1.07814617457712
H           -3.25134654531958       -2.60903510607618        1.35391421921942
H           -4.31181376101102       -2.40802383991425       -0.76944065207825
H           -0.90087973766260       -2.01029831531412       -0.50652146721709
H           -1.49173446711224       -4.23318604825803       -0.11276918445343
H           -1.15682322216503       -2.02598927420955        2.53795828825004
H            0.85898203928061       -2.79160513368416        1.52010872855320
H            0.10436481673584       -0.11482354439035       -1.82795811298763
H            2.15252630612859       -1.51414049094439       -0.49032369290806
H            2.65777634691493       -0.20523846975504       -2.62833937632706
H            2.15848498700880        1.86162939003736       -3.55344283235104
48
 energy: -84.842381322834 gnorm: 0.000254763005 xtb: 6.7.1 (edcfbbe)
C            4.69265223283933        0.71578337961194        0.53327005143108
O            3.63247167731246        0.27152366381866       -0.30237995865570
C            3.10182017596152        1.27180009577828       -1.12704187975077
O            2.48429335229165        2.29918792400788       -0.40323045913333
C            1.09682562467503        2.11787476339401       -0.12791832130338
C            0.78816269685759        2.96177068672925        1.11387578394467
O            0.98245964426664        4.33069832601288        0.88118001966822
C            0.75100828976507        0.63505558029505        0.08399617603632
O           -0.62794073019773        0.57016322785557        0.41966500912680
C           -1.03241813906639       -0.14983088609030        1.56079577921379
O           -2.41981616154772       -0.02267985438092        1.63837939258582
C           -3.10554278056746       -0.61183552596253        0.53753885547463
C           -4.60101582843602       -0.32619753779194        0.74777358375287
O           -5.38153207850424       -0.75922160446534       -0.33915467050418
C           -2.83257612028428       -2.12387018353612        0.45542357862294
O           -3.38147241939445       -2.69220578246359       -0.70698996534927
C           -1.32034372734554       -2.38290605760512        0.43761644233922
O           -1.02774237526138       -3.75286889676147        0.58916501275696
C           -0.67818704721555       -1.64892389418466        1.61572570309051
O            0.70496887224346       -1.84800847312086        1.69418091849258
C            1.02627811397866       -0.12760044240693       -1.23670170472383
O            1.35621616274281       -1.47121546933168       -1.04166178192136
C            2.11496267718090        0.57894788365936       -2.07708807819751
O            1.50071087359290        1.48403728060007       -2.95349420747538
H            4.35777294208465        1.52512743785755        1.18568543287850
H            5.53429654866292        1.06301321059972       -0.07362428821337
H            4.98713697418626       -0.14603832414759        1.12559073796729
H            3.91798211510491        1.76921887188052       -1.68252794020596
H            0.50514976903155        2.49416799462610       -0.97353098150534
H            1.42168258838600        2.61555186293169        1.94366489664308
H           -0.26140135484329        2.83395632151402        1.38354060319788
H            1.86700355826242        4.44681029732537        0.50835904828457
H            1.36345526195265        0.21862706798097        0.88961782575802
H           -0.63339945004089        0.33383526459810        2.46860805675307
H           -2.76112139542107       -0.14673925402893       -0.39748645167302
H           -4.72674739468472        0.74289615884083        0.94296606965771
H           -4.95101346102321       -0.87906023437131        1.62251930690732
H           -5.26806331148359       -0.15088275044917       -1.08125937440049
H           -3.25033512145013       -2.60862881661227        1.35502867894261
H           -4.31063520047018       -2.41028451290316       -0.76861023865190
H           -0.89972090089124       -2.01024970637782       -0.50544702760919
H           -1.48877295622174       -4.23326230169646       -0.11071640499542
H           -1.15663825853223       -2.02440893381722        2.53891032510259
H            0.86013397135093       -2.78895018008978        1.52189054549614
H            0.10290062225665       -0.11306461531162       -1.82774476444510
H            2.15288225061937       -1.51255240217115       -0.49301228293052
H            2.65572102088882       -0.20337803784529       -2.62960541168903
H            2.15748867825569        1.86481077449287       -3.55225713742068
