48
 energy: -84.809271426487 gnorm: 0.095287759099 xtb: 6.7.1 (edcfbbe)
C            5.59791995384982        0.66614493728226       -1.05064066716794
O            4.73524961517624        1.35655819561776       -0.16809332300956
C            3.63657200182744        0.63464105746167        0.24336166072748
O            2.75032330814145        0.51586315514482       -0.85410479803178
C            1.52800631665049       -0.15012216424566       -0.59719101601172
C            0.83266679030921       -0.21974995320733       -1.96299269878341
O            1.63212949806183       -0.88443713245850       -2.89751686262466
C            0.74942562253390        0.63184140238663        0.46686156169998
O           -0.44888378723277        0.00835820397707        0.90935379019939
C           -1.64430453186956        0.70786890273939        0.72666174121441
O           -2.18063024529039        0.59267802517271       -0.55688205551170
C           -2.67815841158467       -0.70422335829798       -0.88725397752720
C           -3.34225675116161       -0.58158290865593       -2.26537124187443
O           -2.42063426705439       -0.31714615156276       -3.28020548862580
C           -3.67032369729927       -1.23312689834057        0.15889952523058
O           -4.11292003686843       -2.53338194472775       -0.13755594441924
C           -3.02948708582546       -1.18410324940009        1.55320050682327
O           -3.93203067977324       -1.59857326394619        2.55002860160366
C           -2.61026287479357        0.25735819749042        1.83076238489036
O           -1.95514688745670        0.40459149946778        3.06082052795187
C            1.62374416263767        0.75224288839450        1.72896710942054
O            0.99691311113917        1.53412659991103        2.71317271301046
C            2.98310205648954        1.38143724965360        1.41282788974766
O            3.83323478182310        1.28909091075410        2.52103748297459
H            5.10417249635335        0.45321502494899       -2.00288000263781
H            5.94219175921357       -0.27277670838264       -0.60303721470380
H            6.44511399225922        1.32739991003632       -1.21565171111365
H            3.92685164221420       -0.38033168139217        0.58919269096721
H            1.72706865806659       -1.16854367738796       -0.22592904219185
H            0.61593354446754        0.80707324121545       -2.29133092337282
H           -0.09622420145221       -0.78292627889867       -1.89840734820841
H            2.50015739587650       -0.46130814351003       -2.88044585067573
H            0.53238995141358        1.63468640693856        0.07830461361467
H           -1.46497522775854        1.78974374871582        0.84025728159035
H           -1.83508960634474       -1.41196894674734       -0.94490423163050
H           -4.10542039561096        0.20642603106605       -2.20546213242030
H           -3.82479396433912       -1.52761823089787       -2.51929815817594
H           -1.95737384887394        0.49991784403504       -3.06185792080389
H           -4.57467070289555       -0.61336613357488        0.16288111637090
H           -3.34855754776250       -3.10525058303324       -0.28478023509416
H           -2.12934454732142       -1.82185709982439        1.57066946085186
H           -4.48332502429130       -2.29778765657325        2.17401382195973
H           -3.50797153879745        0.89505826051893        1.79586394037735
H           -2.45760233495095       -0.10487698630319        3.71033249528861
H            1.79308896425807       -0.26796055141460        2.11343660311994
H            0.11860328883888        1.15924731267994        2.88492320510705
H            2.83999430679577        2.42970728105442        1.11265431572704
H            3.36553301406460        1.68773975263112        3.26679087416434
48
 energy: -84.814917914645 gnorm: 0.014040540681 xtb: 6.7.1 (edcfbbe)
C            5.59738340108370        0.66673235371836       -1.04847801090752
O            4.73567436274036        1.35655699739187       -0.16429364350716
C            3.63633996009843        0.63508738168293        0.24632879046632
O            2.75028458131831        0.52318076142842       -0.85215432875603
C            1.52667277543796       -0.14014744361006       -0.59829372194875
C            0.83134828362808       -0.21168708217375       -1.96369547740724
O            1.63072091937520       -0.87884777167644       -2.89671612463635
C            0.75753261784738        0.62724789164093        0.48510769667190
O           -0.45742278035785       -0.00769552392079        0.86188600637169
C           -1.63663724616835        0.72435634949525        0.70492479536076
O           -2.21317825661955        0.58550698182905       -0.55787733251378
C           -2.69117671603822       -0.71499400802041       -0.88736685139197
C           -3.34968678324329       -0.58873971710538       -2.26741906262233
O           -2.42451031118893       -0.32077432160507       -3.27864537951301
C           -3.67731186607243       -1.23946127979955        0.16221567113731
O           -4.11713140810826       -2.54138560043970       -0.12928057807343
C           -3.02535560260387       -1.17812155875622        1.55057555686498
O           -3.92488590415276       -1.58948691696765        2.55177450573843
C           -2.59721388967719        0.26508719856555        1.81845280051381
O           -1.94111597423206        0.40842768413365        3.04858287525261
C            1.62682496413252        0.74286820491106        1.74519229260551
O            0.99763263413961        1.52657814650207        2.72602956601284
C            2.98306514456667        1.37695629716379        1.41983523032154
O            3.83677587682336        1.28780197976136        2.52503287395512
H            5.10320418332873        0.45404953962259       -2.00048423887495
H            5.94219362637911       -0.27239900381551       -0.60196626211251
H            6.44458612282170        1.32785289339465       -1.21407811560093
H            3.92585721913409       -0.38148382310895        0.58789292475233
H            1.72557254637178       -1.16147869970345       -0.23342090857679
H            0.61451555379846        0.81406882467665       -2.29368131884963
H           -0.09672584946145       -0.77592832377261       -1.89839158785477
H            2.49911973866645       -0.45708409973785       -2.87952257818831
H            0.54388360150745        1.63358834767219        0.10184593625080
H           -1.45009743165943        1.80381743482541        0.81860704053707
H           -1.84094114884219       -1.41435534685351       -0.94498516881532
H           -4.11217746400448        0.19994346132429       -2.20744706917236
H           -3.83051611918797       -1.53435815364041       -2.52447380705206
H           -1.96238914845330        0.49636556701701       -3.05765465852976
H           -4.58154866619881       -0.61975230568005        0.16627267379815
H           -3.35115569897766       -3.10981207605163       -0.28148167695735
H           -2.12719310101681       -1.81863722914634        1.56681556436020
H           -4.47760593366258       -2.28985771806559        2.17919656923960
H           -3.49671275425763        0.90112357820849        1.79098672932904
H           -2.44623330900015       -0.09886878908517        3.69851422922206
H            1.79649511963287       -0.27766654053847        2.12642999093742
H            0.11686990460993        1.15488449649300        2.89201129844921
H            2.83679571631155        2.42494549625656        1.11953005686061
H            3.36957254523675        1.68599180135966        3.27124929624595
48
 energy: -84.815447766768 gnorm: 0.003661550038 xtb: 6.7.1 (edcfbbe)
C            5.59834326393109        0.66906315674093       -1.04230811679736
O            4.73781700365279        1.35656414108026       -0.15502133295459
C            3.63698338606054        0.63386448644151        0.24918784316212
O            2.75543801158992        0.53043451596001       -0.85347489879239
C            1.53231904871631       -0.13363837256602       -0.60258066734506
C            0.83034418448066       -0.19744718010167       -1.96409116362188
O            1.62742472137746       -0.86618148106724       -2.89768128159599
C            0.76130142107462        0.62392670523492        0.48671925535258
O           -0.45881443138260       -0.01507215047674        0.84042490469957
C           -1.63598996571860        0.72139397475531        0.68802089202450
O           -2.22480171222409        0.58300090813460       -0.56953288552418
C           -2.69918168468912       -0.71926259301393       -0.89175224579393
C           -3.35891960194342       -0.59832584911431       -2.27148977062197
O           -2.43175318549706       -0.32937784156541       -3.28049710739073
C           -3.68015000610431       -1.24192545841180        0.16339021514588
O           -4.12071072053519       -2.54689052987941       -0.11463707182180
C           -3.02092621800038       -1.17018227850207        1.54825349010584
O           -3.91430941913821       -1.57401155772385        2.55841902057758
C           -2.59252194496889        0.27452130208623        1.81204181345269
O           -1.92711492969415        0.41765486076829        3.03778890532797
C            1.62372620279896        0.72855132939317        1.75095077471501
O            0.99578602516849        1.51094355043193        2.73443207149064
C            2.97954343411432        1.36757576441633        1.42629510952980
O            3.83588183188201        1.28010336072013        2.52971936163070
H            5.10284456612782        0.45865687894472       -1.99417713694332
H            5.94343781060784       -0.27138004234595       -0.59880976653385
H            6.44534158165091        1.33043905064449       -1.20764843521464
H            3.92473511837624       -0.38533257461253        0.58443754461738
H            1.73140795038853       -1.15824558545564       -0.24483833917957
H            0.61468799425328        0.82864860907874       -2.29379651424000
H           -0.09809655130857       -0.76085141680908       -1.89662044483152
H            2.49725196324244       -0.44757300438630       -2.88009723391389
H            0.55378136253249        1.63676819702615        0.11496711815221
H           -1.44242689867970        1.79839632241221        0.79419876589605
H           -1.84729589400323       -1.41645441141968       -0.94690339865486
H           -4.12145821633785        0.19020204864099       -2.21246788043588
H           -3.83878476513643       -1.54430363248039       -2.52914346290642
H           -1.97138875582488        0.48841744746423       -3.05796523693480
H           -4.58531033969786       -0.62364525681412        0.16959035088354
H           -3.35496093344374       -3.11420559673512       -0.27203300068802
H           -2.12301434825437       -1.81123466002249        1.56346657526658
H           -4.46961364724730       -2.27586447442206        2.19244602536216
H           -3.49043183688757        0.91304267330905        1.78668136189162
H           -2.43045017057369       -0.08621760641354        3.69165355445431
H            1.79816145243056       -0.29112732834593        2.13271179527940
H            0.11327889948897        1.14253987658969        2.89903036600822
H            2.82844133297375        2.41588701039112        1.12932479746016
H            3.37014564599082        1.67815104672195        3.27689854879810
48
 energy: -84.815678208366 gnorm: 0.005531200934 xtb: 6.7.1 (edcfbbe)
C            5.60017799876549        0.67172984010972       -1.03371191035490
O            4.74106818638298        1.35573980524950       -0.14231307794667
C            3.63743147582178        0.63205497434034        0.25257852199867
O            2.75995729505458        0.53863855608146       -0.85419821222924
C            1.53762748358498       -0.12702727055326       -0.60764554375310
C            0.83081543553808       -0.18244179784388       -1.96630174285874
O            1.62253430071911       -0.85084310014771       -2.90496952663122
C            0.76312154135970        0.62159065329006        0.48484207119632
O           -0.45829091740087       -0.01903880810260        0.82899491525350
C           -1.63445701728504        0.71856496311592        0.67353314151969
O           -2.22773319621744        0.57958821746044       -0.58226304195143
C           -2.70495283799180       -0.72372485165533       -0.89575065416854
C           -3.36834781583834       -0.60978648724686       -2.27464133984671
O           -2.44199487170962       -0.34027371859317       -3.28422404268956
C           -3.68210021236538       -1.24148956447891        0.16649577387781
O           -4.12281502451140       -2.54919930903510       -0.09923782945484
C           -3.01761764731227       -1.16203155557543        1.54882016769853
O           -3.90529108890178       -1.55966803495965        2.56705614438001
C           -2.58777929725714        0.28359461410954        1.80439705969482
O           -1.91396257053901        0.43001022141469        3.02526638967749
C            1.62049207490790        0.71408478169881        1.75332630967188
O            0.99337915395791        1.49201947762448        2.74156080399478
C            2.97662464925865        1.35752791091342        1.43321512448990
O            3.83364945639218        1.26817966450123        2.53586659902284
H            5.10272095544941        0.46503921406647       -1.98541723775685
H            5.94559132891277       -0.27058531372422       -0.59437909750748
H            6.44693352235873        1.33353505100090       -1.19819834747181
H            3.92203925145764       -0.39049668052355        0.58057353263097
H            1.73736234226724       -1.15449814304440       -0.25764643305208
H            0.61722090898927        0.84532204308804       -2.29208515277822
H           -0.09934749494404       -0.74266871602574       -1.89625956890378
H            2.49459396884564       -0.43694870908938       -2.88656707008056
H            0.56092458638177        1.64020334662038        0.12497107619722
H           -1.43421276771829        1.79475669537919        0.76938156134801
H           -1.85337654272115       -1.42118714253032       -0.94958577396029
H           -4.13251561329620        0.17725471861570       -2.21693400582461
H           -3.84676998807163       -1.55683240321182       -2.53106240311453
H           -1.98336558498260        0.47850094987810       -3.06149387883585
H           -4.58839164764806       -0.62470773528848        0.17320006023494
H           -3.35759298037782       -3.11606580118371       -0.26075117483862
H           -2.11903883151334       -1.80209320672193        1.56315277532528
H           -4.46194512581084       -2.26403100702149        2.20820264325934
H           -3.48342171044459        0.92444129409507        1.77982351990780
H           -2.41412690005021       -0.07094259982203        3.68363505641063
H            1.79638063128475       -0.30647986223333        2.13211246927153
H            0.10832941226283        1.12748826958214        2.90259882792132
H            2.82093063677603        2.40671705275467        1.14161014503456
H            3.36953912351411        1.66647583712491        3.28390544350094
48
 energy: -84.815848174118 gnorm: 0.003720813985 xtb: 6.7.1 (edcfbbe)
C            5.60299353101267        0.67360975343900       -1.02377982887409
O            4.74563659155919        1.35335475051821       -0.12749398610632
C            3.63812510243109        0.62970825808718        0.25674376040958
O            2.76394508018516        0.54682815691647       -0.85372723551559
C            1.54236035064691       -0.12098145939304       -0.61274631512339
C            0.83172915266074       -0.16701229032173       -1.96951289197794
O            1.61586166827277       -0.83469632819630       -2.91548627613255
C            0.76460307155145        0.62098259181800        0.48093682294982
O           -0.45698400700530       -0.01900268298391        0.82099632851586
C           -1.63346250764793        0.71731005999908        0.66140034830173
O           -2.22615931061341        0.57556769538007       -0.59460749092304
C           -2.70899244221105       -0.72877870932283       -0.89901271193899
C           -3.37803744875494       -0.62206693382908       -2.27616278695578
O           -2.45527016923919       -0.35143762914056       -3.28886128645531
C           -3.68281108723987       -1.24045197702797        0.17048835278633
O           -4.12302687810649       -2.55043116124500       -0.08532559047024
C           -3.01392787489245       -1.15357732276348        1.55043136666380
O           -3.89649209738282       -1.54650986836088        2.57501714058488
C           -2.58373345991003        0.29291566036257        1.79669113687057
O           -1.90337092086605        0.44526441197546        3.01322631568685
C            1.61820833629353        0.70107122012139        1.75358052414803
O            0.99092503474112        1.47249462448950        2.74707882024330
C            2.97525328404028        1.34737608882351        1.44077209612585
O            3.83100342911094        1.25311765809404        2.54364310677488
H            5.10297808299632        0.47160409454226       -1.97514700767701
H            5.94886115857105       -0.27087571927774       -0.58937524071835
H            6.44946515985139        1.33596340855427       -1.18710657172479
H            3.91827141496382       -0.39652719424264        0.57728475274540
H            1.74249168745765       -1.15062799180656       -0.26953218184713
H            0.62149586252888        0.86330340230260       -2.28967632815652
H           -0.10128642803661       -0.72227520133672       -1.89684078758644
H            2.49059164850233       -0.42646760068865       -2.89689845133499
H            0.56699314202362        1.64369050243839        0.13083640748332
H           -1.42902296952604        1.79379851020153        0.74735169996850
H           -1.85882730036506       -1.42796964104636       -0.95301207406531
H           -4.14570115044310        0.16177409090188       -2.21927961523833
H           -3.85338880293825       -1.57156408568578       -2.52926844960162
H           -1.99833901691096        0.46863345383033       -3.06727287978706
H           -4.59003971232160       -0.62497046418921        0.17640811399237
H           -3.35826545425902       -3.11702884080568       -0.24967258922311
H           -2.11429582436770       -1.79205620505494        1.56425868615796
H           -4.45278390598241       -2.25456095667716        2.22328354555605
H           -3.47773602481040        0.93512701017960        1.77218783124554
H           -2.39888016858121       -0.05420176430874        3.67607059420375
H            1.79198618849078       -0.32217236159201        2.12580404698730
H            0.10222118704657        1.11278827678984        2.90118683900997
H            2.81648673566043        2.39781740515140        1.15543016597996
H            3.36834609677662        1.65213963685443        3.29217284021808
48
 energy: -84.815974262167 gnorm: 0.001969204104 xtb: 6.7.1 (edcfbbe)
C            5.60713182032126        0.67453640390428       -1.01398347505109
O            4.75095033869685        1.34941267329922       -0.11301620887782
C            3.63944910791006        0.62663333751256        0.26110232771204
O            2.76767068687603        0.55374472653480       -0.85240372871449
C            1.54594245341520       -0.11560490730893       -0.61776720573399
C            0.83344282574989       -0.15208380227203       -1.97397449907627
O            1.60999229727885       -0.81906464071743       -2.92691102017407
C            0.76565097759208        0.62234866232812        0.47597658833451
O           -0.45587728874456       -0.01575425403826        0.81491267268848
C           -1.63330931751212        0.71843884144197        0.65214407786127
O           -2.22302022557837        0.57169668369147       -0.60481805582107
C           -2.71148052219179       -0.73377894326105       -0.90101698064599
C           -3.38727324573399       -0.63407356712809       -2.27560778241618
O           -2.47044565238037       -0.36209795679633       -3.29350820724332
C           -3.68218486659165       -1.23955058704536        0.17474233516375
O           -4.12174445933139       -2.55110239781970       -0.07376940416739
C           -3.01041774650375       -1.14607188429943        1.55276029715605
O           -3.88925879076624       -1.53544048149307        2.58151859806422
C           -2.58113547000328        0.30147449669396        1.78976505785551
O           -1.89756200049490        0.46147133498803        3.00359466969477
C            1.61679427381110        0.69132111146482        1.75210138088660
O            0.98875484957063        1.45544563328619        2.75042846001991
C            2.97552225024899        1.33768266154053        1.44805482056272
O            3.82824902623620        1.23550683734597        2.55215707591083
H            5.10508952481185        0.47752030532439       -1.96524463671038
H            5.95369967907190       -0.27208145324880       -0.58470370510163
H            6.45319484320402        1.33782624601427       -1.17534966114239
H            3.91474790956204       -0.40306294116241        0.57483660119004
H            1.74530979931263       -1.14686448122917       -0.27988817783023
H            0.62784667223474        0.88120150674500       -2.28795035565531
H           -0.10300077777940       -0.70158920294210       -1.89996636692683
H            2.48703083840654       -0.41590936428753       -2.90918870395550
H            0.57163303378083        1.64721635372779        0.13184571293462
H           -1.42782819819166        1.79583696710438        0.73102082484008
H           -1.86302193145814       -1.43513298655092       -0.95620575618039
H           -4.15941753204672        0.14548483529543       -2.21856942443534
H           -3.85849582394243       -1.58711532546371       -2.52343930833823
H           -2.01456645648333        0.45927408060625       -3.07456234694116
H           -4.58993583203134       -0.62490084396552        0.17927907510088
H           -3.35730130189204       -3.11771505898339       -0.23916626615661
H           -2.10960604417726       -1.78288242802677        1.56678460708568
H           -4.44378961281246       -2.24786836011666        2.23621675838312
H           -3.47477065696388        0.94371480496128        1.76429188384975
H           -2.38806774549806       -0.03776008936402        3.67021749840114
H            1.78613268408791       -0.33583848141685        2.11543483669077
H            0.09589102053675        1.10098835066607        2.89509450980277
H            2.81701308816476        2.38984668638287        1.16917161893087
H            3.36636953275105        1.63471722980050        3.30104205280669
48
 energy: -84.816095665122 gnorm: 0.002792629907 xtb: 6.7.1 (edcfbbe)
C            5.61482913426340        0.67469979083129       -1.00109780805314
O            4.75842708186414        1.34218756796278       -0.09500381026551
C            3.64214266644788        0.62091093595444        0.26670722498220
O            2.77291608216380        0.56109207261771       -0.85031255755673
C            1.54912327265951       -0.10827583537284       -0.62520391424510
C            0.83731147769324       -0.13109084906557       -1.98251567009294
O            1.60535410076733       -0.79753667856640       -2.94244446362976
C            0.76618014977533        0.62667947080007        0.46833181617841
O           -0.45535791162859       -0.00909161318290        0.80749739371926
C           -1.63429494263904        0.72237443094138        0.64204295122671
O           -2.21975602105358        0.56707592087726       -0.61600887546703
C           -2.71347975596871       -0.74027570673326       -0.90203875953616
C           -3.39950598770240       -0.65039268341480       -2.27223335091115
O           -2.49321540457767       -0.37685985668195       -3.29924807501052
C           -3.67994800649257       -1.23935881049347        0.18065730097607
O           -4.11855149110494       -2.55257231762903       -0.05980734142261
C           -3.00601517171261       -1.13717315347211        1.55667505307316
O           -3.88153842596518       -1.52202636645576        2.58908493870774
C           -2.57992078824595        0.31237215713359        1.78160731647316
O           -1.89599443092071        0.48462042588780        2.99382604085237
C            1.61501877270504        0.68202981747378        1.74825239580734
O            0.98633596346812        1.43643838537307        2.75243167924355
C            2.97747273313710        1.32427098963782        1.45724617079054
O            3.82424215076890        1.20689241582009        2.56425469624421
H            5.11207361721121        0.48451767717964       -1.95317516088596
H            5.96256399248871       -0.27464522170765       -0.57874122015513
H            6.46016814133594        1.34002063788251       -1.15787890701916
H            3.91111545485905       -0.41302300342469        0.57193674070000
H            1.74515404876419       -1.14167801168473       -0.29356850927948
H            0.63998716224976        0.90645849167886       -2.28816652299433
H           -0.10430505012422       -0.67217305204841       -1.90962914788017
H            2.48466982931677       -0.39964800709726       -2.92720209685265
H            0.57593826103901        1.65304210066271        0.12857423524472
H           -1.43021838138789        1.80114469132454        0.71482318649235
H           -1.86650935335352       -1.44359498407393       -0.95929073108699
H           -4.17821532412730        0.12259255892525       -2.21379973422470
H           -3.86457161855310       -1.60905550619215       -2.51081748486624
H           -2.03789762589702        0.44631085797996       -3.08597803422764
H           -4.58818690870727       -0.62552455365055        0.18323187616147
H           -3.35414438292320       -3.11945030689172       -0.22409798100612
H           -2.10349287142556       -1.77169893390162        1.57227147924336
H           -4.43250261721663       -2.24092454869301        2.25175904380019
H           -3.47479854592886        0.95289993471212        1.75273676604302
H           -2.38031463358152       -0.01481578467275        3.66472687540944
H            1.77685123571801       -0.35117400762683        2.09837212599319
H            0.08778823286698        1.08967633481544        2.88291777867014
H            2.82489629174174        2.37971889220600        1.18767326599135
H            3.36217383173945        1.60402956505978        3.31410486685853
48
 energy: -84.816149034991 gnorm: 0.002137438988 xtb: 6.7.1 (edcfbbe)
C            5.61925691628347        0.67426469545961       -0.99602561386253
O            4.76102723614865        1.33853290160602       -0.08936886648544
C            3.64358181287838        0.61738788928833        0.26823546428082
O            2.77527341701482        0.56272629824194       -0.84995318988011
C            1.54930774056902       -0.10468066193296       -0.62914238172926
C            0.83996538841671       -0.12099545167272       -1.98803249593177
O            1.60656154690237       -0.78745500574016       -2.94867655071857
C            0.76571918377706        0.62959251714467        0.46476874737430
O           -0.45602152807119       -0.00619888322019        0.80415881212549
C           -1.63550419912946        0.72454965849392        0.63856235592221
O           -2.22076985664078        0.56591521829796       -0.61920035341842
C           -2.71402530214757       -0.74256714134564       -0.90146958400553
C           -3.40423868729944       -0.65741604330742       -2.26972548548954
O           -2.50281746852655       -0.38410953634507       -3.30088395225027
C           -3.67861619906538       -1.24027281891686        0.18334937889804
O           -4.11648963576800       -2.55427661399065       -0.05397963447202
C           -3.00463035948024       -1.13420005177424        1.55892407094996
O           -3.87963128047392       -1.51688666112535        2.59232809208115
C           -2.58085266260983        0.31657768513217        1.77914830087669
O           -1.89831432334240        0.49460966600951        2.99139168372565
C            1.61368832154417        0.67992951821314        1.74576418836111
O            0.98563923929274        1.43157555659169        2.75179045583974
C            2.97877314006770        1.31796698390782        1.46030359978746
O            3.82232578039630        1.19152806771405        2.56902467253608
H            5.11828573059036        0.48670811239894       -1.94948170816113
H            5.96716783780629       -0.27604811762152       -0.57606871913918
H            6.46436880747863        1.34077711275708       -1.14921471212034
H            3.91063111529095       -0.41791658130340        0.57023431296232
H            1.74216777856042       -1.13938366004329       -0.30016636558951
H            0.64732663184079        0.91830846085737       -2.29060130694550
H           -0.10402661949918       -0.65840514305493       -1.91814869928636
H            2.48631613617818       -0.39064381371958       -2.93444047849838
H            0.57634560791145        1.65645976160505        0.12610159353594
H           -1.43232206403985        1.80359812313239        0.70997999420588
H           -1.86644887425837       -1.44518654987242       -0.95909047134828
H           -4.18520491022635        0.11314013383283       -2.21044071823987
H           -3.86723162218870       -1.61821197522770       -2.50384497416944
H           -2.04763742068991        0.44005207262729       -3.09119570796466
H           -4.58732014391547       -0.62706663489098        0.18524204434716
H           -3.35165500707500       -3.12120485136598       -0.21617159692998
H           -2.10135252238546       -1.76768591758010        1.57606627536860
H           -4.42904942552786       -2.23824988336725        2.25782343646828
H           -3.47696363718414        0.95555299486165        1.74740491181279
H           -2.38130761506410       -0.00410750569259        3.66375668667984
H            1.77218352925018       -0.35542748241040        2.09138940145309
H            0.08530538890633        1.08819551580228        2.87771842378401
H            2.83205495443159        2.37542209311639        1.19530448441944
H            3.35915615649427        1.58522227925376        3.32003523985603
48
 energy: -84.816219205221 gnorm: 0.001334883007 xtb: 6.7.1 (edcfbbe)
C            5.62620470835125        0.67313102108769       -0.98933375713458
O            4.76367763083373        1.33325179062858       -0.08381827377295
C            3.64545124519326        0.61149036735552        0.26918893237325
O            2.77812673512851        0.56340313021419       -0.85014218760280
C            1.54809267797308       -0.09937283714782       -0.63531953486352
C            0.84405866552367       -0.10577568205538       -1.99740318572039
O            1.61067570785956       -0.77223795008261       -2.95747355269532
C            0.76433082485124        0.63450243867886        0.45934235607613
O           -0.45771479862924       -0.00182962958953        0.79986701920073
C           -1.63802978120728        0.72788838271255        0.63480637496265
O           -2.22428073462487        0.56534809238892       -0.62203735387618
C           -2.71432098513941       -0.74520256895414       -0.89964987780903
C           -3.40973145735295       -0.66720458863812       -2.26552748480682
O           -2.51466115121746       -0.39542571604114       -3.30222683567709
C           -3.67642362914048       -1.24251375498833        0.18745732100259
O           -4.11220389184204       -2.55785797358495       -0.04611202878691
C           -3.00316109209393       -1.13074429440849        1.56277796346391
O           -3.87820390222494       -1.51057460676479        2.59703598708566
C           -2.58324594869466        0.32198403864308        1.77683975765572
O           -1.90360471048332        0.50833466300196        2.98941962688755
C            1.61124212163403        0.67852648382738        1.74136304662040
O            0.98509886667035        1.42845510272292        2.74916042836297
C            2.98105367220565        1.30848850883239        1.46362574242148
O            3.81962449391417        1.16694971793118        2.57494982728860
H            5.12988803960361        0.48892323294397       -1.94584385964583
H            5.97357820661042       -0.27838782468284       -0.57181936904076
H            6.47131081583562        1.34129136977580       -1.13589661250730
H            3.91080316847914       -0.42530343575947        0.56700598296775
H            1.73479755507029       -1.13624015173209       -0.31006892040485
H            0.65909437893995        0.93610944952203       -2.29576519351957
H           -0.10353206756287       -0.63788212990768       -1.93421437118576
H            2.49086887944988       -0.37642002639054       -2.94345510440963
H            0.57525193419119        1.66187271112893        0.12203788260061
H           -1.43615557804652        1.80713932727736        0.70498169568875
H           -1.86463752592264       -1.44532728994535       -0.95711219649173
H           -4.19320584475350        0.10066426754543       -2.20542897855966
H           -3.87055837942754       -1.63064452958757       -2.49307540659182
H           -2.06034849495446        0.43080809625101       -3.09880004892753
H           -4.58631351840421       -0.63091203932866        0.18821272551182
H           -3.34611046184058       -3.12451618712201       -0.20351266496226
H           -2.09879874804740       -1.76260994960520        1.58288685776407
H           -4.42569386884985       -2.23479241202247        2.26566767848882
H           -3.48141944407197        0.95822603696238        1.73999730493104
H           -2.38646303542378        0.01202001059361        3.66366094399587
H            1.76406376528769       -0.35944453433356        2.08233158461329
H            0.08257690878663        1.09010309280534        2.87069269379172
H            2.84508192660128        2.36921849714232        1.20582338944936
H            3.35386415376792        1.55308661341929        3.32838673498324
48
 energy: -84.816289780313 gnorm: 0.001957741048 xtb: 6.7.1 (edcfbbe)
C            5.63806286921003        0.67043552223659       -0.97769724347350
O            4.76689557152244        1.32454756342684       -0.07617315033168
C            3.64770171693587        0.60070502637235        0.26939585513123
O            2.78196772201583        0.56388018576693       -0.85160148871548
C            1.54460007552052       -0.08958545223536       -0.64674200715701
C            0.85006797903378       -0.07760170883558       -2.01442824334314
O            1.61800600318658       -0.74321028824002       -2.97369399615938
C            0.76129895154822        0.64304497916510        0.44966373487186
O           -0.46128010653269        0.00572812543738        0.79215837796889
C           -1.64301369097549        0.73346159259343        0.62855722158169
O           -2.23235019880921        0.56551168764088       -0.62625429980364
C           -2.71479696459313       -0.74930871810467       -0.89606479699002
C           -3.41736436232040       -0.68451752968090       -2.25892498439673
O           -2.53087606992606       -0.41721915206106       -3.30363957537044
C           -3.67258470080490       -1.24719648007280        0.19507118291596
O           -4.10264921851200       -2.56561901094148       -0.03182662724696
C           -3.00073130437525       -1.12465944528471        1.57002362918010
O           -3.87582052884051       -1.49974833291231        2.60613897474137
C           -2.58723255053015        0.33143051563346        1.77361332036785
O           -1.91130198443986        0.53132463160298        2.98591947861317
C            1.60606531807836        0.67588263868597        1.73352334945482
O            0.98411822346076        1.42570528809596        2.74356858103613
C            2.98468626624822        1.29077181998561        1.46870459008672
O            3.81497897217567        1.12204166306168        2.58376473792951
H            5.15155925646247        0.49181332162048       -1.94044144725554
H            5.98280933667270       -0.28322818368209       -0.56308073119747
H            6.48395794434906        1.34055716453648       -1.11163371146537
H            3.91115626097096       -0.43856657597126        0.55963410869356
H            1.71959464384334       -1.13068631886621       -0.32870566974108
H            0.67864081825125        0.96893434876965       -2.30488703932697
H           -0.10369690771864       -0.60062483445387       -1.96440055413958
H            2.49953003691377       -0.35021088775441       -2.95648414812709
H            0.57252969665665        1.67180575470124        0.11649185272965
H           -1.44255380854018        1.81300736884257        0.69576700545694
H           -1.86038359044003       -1.44377673713576       -0.95211547177199
H           -4.20413851156595        0.08002841785897       -2.19927964841004
H           -3.87543989537529       -1.65191531527483       -2.47539563477473
H           -2.08022261805436        0.41400767404615       -3.11213262455587
H           -4.58551999181671       -0.63988697219494        0.19341236001004
H           -3.33346238272235       -3.13087258459687       -0.17963379274119
H           -2.09443375481776       -1.75344835768455        1.59564189726054
H           -4.42094757293394       -2.22793225919725        2.27960129300718
H           -3.48857587608710        0.96310628821833        1.72853559444645
H           -2.39580219730498        0.04162882992649        3.66396846579469
H            1.74747009989708       -0.36599837194897        2.06879198081249
H            0.07793335123570        1.09611684487711        2.86026027359475
H            2.86724992353081        2.35713772048878        1.22453686056858
H            3.34429578198614        1.49319487416206        3.34197521617784
48
 energy: -84.816314278738 gnorm: 0.001293914747 xtb: 6.7.1 (edcfbbe)
C            5.64205252461609        0.66830998348876       -0.97233463112412
O            4.76719850479950        1.32123223133136       -0.07364512814225
C            3.64730457322031        0.59625800011218        0.26851821002558
O            2.78234451949443        0.56473943048601       -0.85308754569614
C            1.54245995321735       -0.08479144277653       -0.65195836905004
C            0.85070549610149       -0.06415950577878       -2.02098899063233
O            1.61916769247545       -0.72748019778143       -2.98184190314098
C            0.75964227819844        0.64607331171286        0.44563887923750
O           -0.46302236369556        0.00873053732431        0.78846883205333
C           -1.64525564191842        0.73543328052717        0.62563363064535
O           -2.23627538604554        0.56608156188005       -0.62827569411890
C           -2.71507448568545       -0.75092856438113       -0.89471638010619
C           -3.41859078894579       -0.69230468903918       -2.25737661041519
O           -2.53282001686813       -0.42886722454445       -3.30362336996296
C           -3.67103397841435       -1.24917356025181        0.19851401079377
O           -4.09687280290348       -2.56958340311077       -0.02487249403221
C           -2.99951986001746       -1.12134207338129        1.57309981898801
O           -3.87416112701284       -1.49446091032608        2.61062924292162
C           -2.58791890734324        0.33581388393503        1.77243292939652
O           -1.91113034301188        0.53981921594971        2.98334408229529
C            1.60319006337373        0.67336826189216        1.73056801805188
O            0.98326843998997        1.42486107288156        2.74108194677154
C            2.98518859899120        1.28215478849222        1.47055464207475
O            3.81281414688567        1.10272148687973        2.58566656584311
H            5.16022182455483        0.49214028094184       -1.93787612928555
H            5.98403559312293       -0.28646423138503       -0.55801181396540
H            6.48909684761755        1.33794509533368       -1.10074874099796
H            3.91036699885334       -0.44421891598964        0.55468375594512
H            1.71284512164639       -1.12784337404966       -0.33809254636036
H            0.68365430566911        0.98424147323030       -2.30682861826559
H           -0.10481740776168       -0.58411001623740       -1.97612649183523
H            2.50203571918658       -0.33753430319457       -2.95932934646920
H            0.57158824789063        1.67612263350951        0.11632297805630
H           -1.44459814713580        1.81518866003510        0.69032759861506
H           -1.85842159919035       -1.44260176939122       -0.94928979291527
H           -4.20580191739377        0.07201872014554       -2.20039483005638
H           -3.87616231018575       -1.66080218725364       -2.46961982910464
H           -2.08592354125320        0.40563410663070       -3.11787369762111
H           -4.58603506132731       -0.64500493172764        0.19542867496908
H           -3.32577835932252       -3.13325559878576       -0.16846066016160
H           -2.09240466320306       -1.74869400237385        1.60093148281833
H           -4.41924689107457       -2.22348385805255        2.28595220096770
H           -3.48986243027056        0.96620614850281        1.72599331584214
H           -2.39712337688374        0.05483930171847        3.66376444798266
H            1.73860861045790       -0.36958727703296        2.06485084533037
H            0.07589662093501        1.09832631310121        2.85786434347681
H            2.87332097103772        2.35020439340673        1.23299258426456
H            3.34084178568305        1.46822419398081        3.34559363066152
48
 energy: -84.816334370662 gnorm: 0.000548018043 xtb: 6.7.1 (edcfbbe)
C            5.64500268150245        0.66452359901309       -0.96675750413432
O            4.76659554249370        1.31756358947077       -0.07179643088384
C            3.64548421709690        0.59200358928404        0.26668536999883
O            2.78123777663162        0.56665989149388       -0.85533122107849
C            1.53922377700492       -0.07935933239405       -0.65774044541499
C            0.84874145195788       -0.04903315522467       -2.02719966345787
O            1.61823661548237       -0.70689364833366       -2.99160553192909
C            0.75725107923096        0.64904709097081        0.44158593732907
O           -0.46519537325692        0.01195023692422        0.78474484032305
C           -1.64777477309960        0.73773679718912        0.62316137360102
O           -2.24031012294928        0.56720015976026       -0.62993393069830
C           -2.71468741807783       -0.75241765919120       -0.89303125118407
C           -3.41695992479501       -0.70093454997162       -2.25661144283026
O           -2.52919426007732       -0.44428794077071       -3.30314640628458
C           -3.66922693116473       -1.25105194822808        0.20187333052741
O           -4.08964465420046       -2.57381331527497       -0.01775259702245
C           -2.99858707382263       -1.11749785943579        1.57626121734237
O           -3.87313314917035       -1.48838377043554        2.61500040279125
C           -2.58808584359917        0.34038065202576        1.77187271619825
O           -1.90867394266532        0.54698352386996        2.98079373793226
C            1.59994225574389        0.67021496872926        1.72738242915668
O            0.98249953849835        1.42436090276118        2.73816640828263
C            2.98524323142043        1.27314945318236        1.47214780441754
O            3.81097197803477        1.08214461429262        2.58641445826959
H            5.16842245214441        0.49118014970024       -1.93546253081776
H            5.98241512446036       -0.29177069854983       -0.55210172662760
H            6.49433289498763        1.33238024861171       -1.08902147302403
H            3.90787645637414       -0.44992187005488        0.54799259023463
H            1.70545057598830       -1.12446941384604       -0.34871422206845
H            0.68413869965947        1.00141210832941       -2.30670563111142
H           -0.10756607196661       -0.56772214853894       -1.98734200693655
H            2.50292030295836       -0.32149442092598       -2.95975054520126
H            0.57038430910787        1.68069078572517        0.11714177683225
H           -1.44674594916625        1.81774342223988        0.68509840910216
H           -1.85547363108306       -1.44095774706821       -0.94492140341203
H           -4.20346302064661        0.06447656386157       -2.20511780630576
H           -3.87502211164315       -1.67019474351638       -2.46411019823621
H           -2.08744643874453        0.39454188548036       -3.12496936520220
H           -4.58667785413238       -0.65073857493247        0.19669121980801
H           -3.31609811184824       -3.13526027716876       -0.15655493806407
H           -2.09080423180794       -1.74364928500336        1.60663796112707
H           -4.41863517830787       -2.21773754424336        2.29188015851288
H           -3.49030680721427        0.97005863867539        1.72595030852346
H           -2.39652332853355        0.06811409420874        3.66416811154207
H            1.72820556433981       -0.37369956315381        2.06104929128743
H            0.07438687460706        1.09997387638240        2.85654206822975
H            2.87791118833464        2.34305112760153        1.24169645355531
H            3.33935964448997        1.44374382706699        3.34822295021616
48
 energy: -84.816342832027 gnorm: 0.000626511644 xtb: 6.7.1 (edcfbbe)
C            5.64613611785196        0.66070227186119       -0.96419240098792
O            4.76623744886205        1.31472849617083       -0.07152817518860
C            3.64392138061690        0.58986081079643        0.26501868558207
O            2.77967349506503        0.56873880878422       -0.85691779521088
C            1.53667999482132       -0.07577868721253       -0.66092421651417
C            0.84626372220636       -0.04029243554276       -2.03024352785546
O            1.61689807580659       -0.69226596983578       -2.99802129239741
C            0.75554999800463        0.65114801085302        0.43983860368796
O           -0.46649908513648        0.01397491864345        0.78329643180150
C           -1.64932706802105        0.73937336428259        0.62280481649684
O           -2.24229379250599        0.56824105256655       -0.63002180120228
C           -2.71357375111338       -0.75292274116890       -0.89170193058689
C           -3.41377823402040       -0.70597333786755       -2.25648307982417
O           -2.52359607103598       -0.45553434535243       -3.30276445978039
C           -3.66807537354779       -1.25167223199563        0.20334441406634
O           -4.08555645425832       -2.57558989302545       -0.01468007907964
C           -2.99875839289730       -1.11552832323213        1.57809669926064
O           -3.87406083029303       -1.48509745640006        2.61673965685895
C           -2.58830419066009        0.34249356348138        1.77235938869919
O           -1.90693755503562        0.54941598809526        2.98022953097394
C            1.59801769793665        0.66912240343262        1.72600899221552
O            0.98193548513703        1.42442090975926        2.73709216561859
C            2.98506011956498        1.26841803827533        1.47250643239211
O            3.81028430027902        1.07125520031949        2.58587897835392
H            5.17247737196020        0.48927190262309       -1.93466452831191
H            5.97997517156052       -0.29671609796127       -0.54920513808334
H            6.49738193757727        1.32669664208927       -1.08299024866312
H            3.90496032570321       -0.45310846057305        0.54361353174557
H            1.70122886016486       -1.12193106418735       -0.35469535636821
H            0.68014630110737        1.01117363123964       -2.30494508717706
H           -0.10928384222027       -0.56045787393902       -1.99281172070179
H            2.50230718755196       -0.30923534620149       -2.95960435494957
H            0.56922647331955        1.68349590012127        0.11771338065189
H           -1.44836824248524        1.81949068702462        0.68388881582355
H           -1.85271769666953       -1.43955971429996       -0.94123050972004
H           -4.19895406036709        0.06100057954776       -2.20978208646225
H           -3.87303934039785       -1.67538009558290       -2.46064804182058
H           -2.08444029341969        0.38576435614502       -3.13030279021614
H           -4.58673027100893       -0.65328442367390        0.19658185484431
H           -3.31060066821223       -3.13577957000970       -0.15063020346795
H           -2.09084624147748       -1.74142819818751        1.61019583895553
H           -4.41957448048261       -2.21465856670213        2.29411566359682
H           -3.49056301200450        0.97209828930865        1.72774378188023
H           -2.39564890174693        0.07389153263515        3.66521288873225
H            1.72281144563108       -0.37529953855813        2.05898443807790
H            0.07370811330530        1.10044786783599        2.85660632765298
H            2.88016876878121        2.33931696137556        1.24590223739456
H            3.34047608643120        1.43294851488994        3.34869832177171
48
 energy: -84.816350738431 gnorm: 0.000693238893 xtb: 6.7.1 (edcfbbe)
C            5.64623497564180        0.65576680719140       -0.96286452262936
O            4.76603647713175        1.31152510556223       -0.07180304805293
C            3.64217362918072        0.58851511334518        0.26342040712168
O            2.77767588495936        0.57130654935084       -0.85830029209840
C            1.53424210409922       -0.07268900857123       -0.66304598706454
C            0.84282878795061       -0.03361901935440       -2.03174985870438
O            1.61550718359508       -0.67798927927848       -3.00297559787769
C            0.75394217648194        0.65309067277871        0.43905344837246
O           -0.46768466544645        0.01566180069032        0.78286050425128
C           -1.65075666979740        0.74094080090879        0.62362412594691
O           -2.24374497630147        0.56960891198241       -0.62917408005545
C           -2.71190026845882       -0.75280342932451       -0.89033241899771
C           -3.40926060705403       -0.70987078692073       -2.25665008800730
O           -2.51627022077228       -0.46679490697979       -3.30251346866688
C           -3.66721673135014       -1.25177885420088        0.20388328972964
O           -4.08290428318996       -2.57633436334225       -0.01363953568845
C           -2.99963176926976       -1.11436370085525        1.57939976072500
O           -3.87635945919163       -1.48302258688260        2.61710893781373
C           -2.58874313832877        0.34349781607873        1.77363273603843
O           -1.90571503991764        0.54965537009119        2.98087897062577
C            1.59706041706821        0.66892906393581        1.72497251544826
O            0.98211027715854        1.42470979995050        2.73635208735661
C            2.98515762694212        1.26604185783573        1.47237815961777
O            3.81055653083246        1.06444331759748        2.58481235565211
H            5.17452694288949        0.48624706990418       -1.93462529443343
H            5.97650709126149       -0.30283491563088       -0.54772669512520
H            6.49958569325321        1.31948721924420       -1.07914794320451
H            3.90102167372752       -0.45557506892446        0.53988332021155
H            1.69826198422665       -1.11942680043472       -0.35871644291319
H            0.67238135316310        1.01845763315302       -2.30174985811607
H           -0.11067072441441       -0.55774944475681       -1.99599818715389
H            2.50078879758246       -0.29549259120011       -2.95905934794245
H            0.56783179407801        1.68590036293151        0.11841162918190
H           -1.45006710291568        1.82109830923162        0.68490281758051
H           -1.84954947145127       -1.43776083879557       -0.93716040893252
H           -4.19243542594910        0.05932096827467       -2.21508930639383
H           -3.87050162810246       -1.67908165290851       -2.45733721156057
H           -2.07822966117977        0.37617718058815       -3.13596027013395
H           -4.58645310775312       -0.65435992992685        0.19558641721462
H           -3.30698680413778       -3.13566296337844       -0.14755989660969
H           -2.09189244500161       -1.74049268402767        1.61307025327131
H           -4.42138359307114       -2.21295138878893        2.29445604663640
H           -3.49090448311397        0.97330311071078        1.73068785448553
H           -2.39478644578918        0.07608153000107        3.66683914814754
H            1.71961435226373       -0.37595272027059        2.05718912791515
H            0.07396283312811        1.10059416938677        2.85676700670742
H            2.88227809608678        2.33764570950802        1.24816858206883
H            3.34376006920021        1.42859701528781        3.34832331043696
48
 energy: -84.816359516223 gnorm: 0.000627245655 xtb: 6.7.1 (edcfbbe)
C            5.64564712346576        0.64861286975454       -0.96275332292698
O            4.76647756049731        1.30693672408938       -0.07256029183374
C            3.64024272645528        0.58740648707458        0.26161258502565
O            2.77503172493109        0.57488160443436       -0.85959950966424
C            1.53145553748645       -0.06911410635590       -0.66457709580783
C            0.83859240909527       -0.02754569361384       -2.03249594588011
O            1.61452838538568       -0.66078177811945       -3.00832893801392
C            0.75238317426892        0.65555734792681        0.43923221607875
O           -0.46872630189042        0.01750060434104        0.78336452062033
C           -1.65212981166601        0.74278188140670        0.62557780421540
O           -2.24494017706184        0.57153807653292       -0.62734216647614
C           -2.70929986102635       -0.75208148967959       -0.88870364696653
C           -3.40301428681508       -0.71370369630345       -2.25698025024650
O           -2.50684206300800       -0.48062639502561       -3.30253824707187
C           -3.66630701795103       -1.25132111851906        0.20381921305110
O           -4.08086498721383       -2.57617956207269       -0.01408219785110
C           -3.00111431033471       -1.11367602741494        1.58055992376482
O           -3.88002748795028       -1.48165903996974        2.61657147633455
C           -2.58960393813410        0.34390850386255        1.77558755921127
O           -1.90535195847929        0.54868177588978        2.98256988370355
C            1.59631783500471        0.66979374289992        1.72481907192518
O            0.98248972195094        1.42526016965911        2.73697206100451
C            2.98530999909701        1.26464586885321        1.47186866783396
O            3.81140937566468        1.05975907463022        2.58321143898255
H            5.17494171444731        0.48163794558384       -1.93544059937847
H            5.97152654263461       -0.31159643573441       -0.54785119087642
H            6.50173609844955        1.30917106842936       -1.07699716667232
H            3.89532841363940       -0.45806345871137        0.53628455753996
H            1.69566904333588       -1.11624431629347       -0.36187552127569
H            0.66004521863428        1.02488978216986       -2.29648172762552
H           -0.11115508277226       -0.55878669158952       -1.99837963577880
H            2.49863077878176       -0.27632314215674       -2.95936345662851
H            0.56602674142631        1.68864136813192        0.11969257159736
H           -1.45200540375710        1.82294775875913        0.68791880325366
H           -1.84524600786456       -1.43515575174969       -0.93199644341320
H           -4.18326102528717        0.05865446538722       -2.22165901899885
H           -3.86742081203822       -1.68240044232260       -2.45304760939527
H           -2.06853320952379        0.36358746886691       -3.14340016566925
H           -4.58572254843546       -0.65422268332532        0.19380236492281
H           -3.30424199104857       -3.13489389146447       -0.14651998318468
H           -2.09376872679858       -1.74037271238950        1.61592900531150
H           -4.42380178292683       -2.21238534703069        2.29355094084982
H           -3.49166992184458        0.97399081370799        1.73430933525409
H           -2.39449353897592        0.07595933429042        3.66898730951316
H            1.71796286269906       -0.37558151776015        2.05577554885330
H            0.07452551810268        1.10084266398928        2.85802190941449
H            2.88438146021909        2.33669896989040        1.24918343288854
H            3.34888031678574        1.42842525800269        3.34723498244533
48
 energy: -84.816366003879 gnorm: 0.000493827718 xtb: 6.7.1 (edcfbbe)
C            5.64423900798541        0.64105065980477       -0.96374321837621
O            4.76745946600897        1.30209639782200       -0.07310656527839
C            3.63880151046037        0.58654192797005        0.26056245947535
O            2.77290026285439        0.57824729744930       -0.86017835306287
C            1.52948654597868       -0.06609717554242       -0.66494965226659
C            0.83486976738808       -0.02275071752361       -2.03211519340200
O            1.61471858668339       -0.64459356073165       -3.01187278058666
C            0.75124184748076        0.65771703254430        0.44008638078525
O           -0.46954286499340        0.01890228272401        0.78434408434507
C           -1.65321808829953        0.74415259461727        0.62770990836135
O           -2.24571522333845        0.57325454207045       -0.62547030016927
C           -2.70684884013841       -0.75124880567441       -0.88731168150511
C           -3.39723610485390       -0.71669026408176       -2.25732040521779
O           -2.49853673828133       -0.49344134889850       -3.30277899338196
C           -3.66576060687267       -1.25075127845283        0.20336841846976
O           -4.08017204817327       -2.57555004663971       -0.01545028979049
C           -3.00263020450340       -1.11348399149977        1.58122033459440
O           -3.88350961692919       -1.48119851124571        2.61560550256274
C           -2.59067502576579        0.34382433790585        1.77744902313676
O           -1.90638330978314        0.54751700208662        2.98466865804141
C            1.59657452696830        0.67084735882365        1.72488117938269
O            0.98373774499177        1.42583140349287        2.73768267865148
C            2.98602198875607        1.26483154100742        1.47146454023118
O            3.81289580255820        1.05829592195688        2.58204862676346
H            5.17316446158287        0.47673673911957       -1.93670975584366
H            5.96632843197887       -0.32080389421523       -0.54971020232472
H            6.50291365903941        1.29835067110742       -1.07720832254166
H            3.88990884318733       -0.46025633042545        0.53392953610970
H            1.69426864863550       -1.11341536647392       -0.36319778608379
H            0.64724796943830        1.02958436827109       -2.29070841968696
H           -0.11046276004389       -0.56210879317438       -1.99972984788270
H            2.49660710242980       -0.25538836042828       -2.96014795634008
H            0.56444794119696        1.69101392710064        0.12137660231073
H           -1.45360356036692        1.82429082574916        0.69132498453537
H           -1.84144925174512       -1.43281392113247       -0.92732209161820
H           -4.17439587519956        0.05891047153705       -2.22742367297945
H           -3.86517018110536       -1.68461809782307       -2.44889265273633
H           -2.05863719422015        0.35112761043782       -3.15026079993233
H           -4.58493215469301       -0.65331905446315        0.19196744958481
H           -3.30334384447168       -3.13407574898127       -0.14752672456286
H           -2.09571719994998       -1.74075626267869        1.61786857968791
H           -4.42579622952097       -2.21282608260567        2.29211485908516
H           -3.49271753185836        0.97400238490344        1.73676631493251
H           -2.39550840388030        0.07436610590952        3.67080918898855
H            1.71793972632875       -0.37489536555699        2.05499820769524
H            0.07578600581651        1.10160728892314        2.85898818144256
H            2.88656371661233        2.33710625604088        1.24908233275932
H            3.35383732404805        1.43087236004712        3.34630068549181
48
 energy: -84.816369831502 gnorm: 0.000354225928 xtb: 6.7.1 (edcfbbe)
C            5.64267031971247        0.63515640966542       -0.96546785224031
O            4.76884920924417        1.29839252301664       -0.07346010811200
C            3.63822890880788        0.58622476902940        0.26034069030151
O            2.77183780895944        0.58049108594453       -0.86002966259793
C            1.52870777249722       -0.06422584145042       -0.66460507624355
C            0.83304990212435       -0.02047666908166       -2.03134011872883
O            1.61605172274621       -0.63332523926284       -3.01407491213848
C            0.75106081485912        0.65895985494699        0.44133363967749
O           -0.46947690736408        0.01940099054193        0.78549435455472
C           -1.65331561950743        0.74457659564533        0.62932832103460
O           -2.24556118865395        0.57403821964790       -0.62412276775287
C           -2.70523858161360       -0.75073013508864       -0.88651697660054
C           -3.39367763246087       -0.71816180979880       -2.25753330401110
O           -2.49347512653961       -0.50195495401330       -3.30298709030864
C           -3.66564402995405       -1.25015463221540        0.20289999810669
O           -4.08073015207066       -2.57461200042328       -0.01681328056269
C           -3.00354460575284       -1.11378582067418        1.58133697698461
O           -3.88544859287251       -1.48155611270361        2.61485354139957
C           -2.59138544546315        0.34338524052034        1.77843120680185
O           -1.90790624886998        0.54657686843748        2.98613140470830
C            1.59696650936666        0.67209426318545        1.72577557470990
O            0.98469083940609        1.42657459930030        2.73923582407466
C            2.98650474306365        1.26573925009815        1.47121266619596
O            3.81391160771316        1.05994080174024        2.58150018988739
H            5.16994944873377        0.47278563619247       -1.93795549870249
H            5.96218191374651       -0.32794020045748       -0.55237971318566
H            6.50325119790216        1.28985557660986       -1.07952234644857
H            3.88621290799001       -0.46134292734331        0.53348433039636
H            1.69405033905557       -1.11158038009461       -0.36336345727675
H            0.63821320190712        1.03164745517059       -2.28564200386885
H           -0.10864990844904       -0.56625956207330       -2.00031914577444
H            2.49549170831794       -0.23845728692841       -2.96172310521888
H            0.56365861487481        1.69230279382337        0.12315497163103
H           -1.45408468605776        1.82470841976604        0.69379063216946
H           -1.83930855808160       -1.43170474936284       -0.92449386692188
H           -4.16829743948658        0.06004466912021       -2.23095538266467
H           -3.86469421231817       -1.68518886931952       -2.44611994191400
H           -2.05143886387432        0.34217708121720       -3.15449794054744
H           -4.58434610289791       -0.65201328336060        0.19084250764238
H           -3.30420574180016       -3.13338277334842       -0.14964425640608
H           -2.09694284880370       -1.74147158644950        1.61842533368558
H           -4.42683377091027       -2.21367898395417        2.29100614416569
H           -3.49343747680325        0.97358606894747        1.73732051302468
H           -2.39710699506626        0.07235486749375        3.67153761751510
H            1.71904372819129       -0.37372009016426        2.05546137408168
H            0.07672291299022        1.10269302600901        2.86056657850633
H            2.88729958512926        2.33778753335375        1.24794457148949
H            3.35614304762587        1.43422563946169        3.34564189735786
