48
 energy: -84.847375578715 gnorm: 0.076052804928 xtb: 6.7.1 (edcfbbe)
C            4.70602071795079        0.80025219117755        0.59430719524943
O            3.66059228231985        0.31869136706237       -0.24320342943391
C            3.10915986757931        1.29601960840320       -1.08424042615904
O            2.47139796457771        2.32025167364407       -0.37275583314181
C            1.08880394376273        2.10611933543351       -0.09146592936311
C            0.75515835020582        2.98841174824293        1.11680198255022
O            0.86051369522177        4.35481616637096        0.81704095277414
C            0.79222750759137        0.61981780408494        0.17323792337382
O           -0.57762251593498        0.54845244943653        0.54364149191538
C           -0.98997344952282       -0.28984126585594        1.60165193998921
O           -2.37081089857506       -0.12374095042053        1.70748034343088
C           -3.08567160665931       -0.59689531542697        0.56689486975279
C           -4.56997140749623       -0.30088556196169        0.83440982869631
O           -5.38054437742759       -0.59561745551271       -0.27627296032906
C           -2.84986098087272       -2.10048296292295        0.33709209242477
O           -3.41750724316684       -2.53670613996011       -0.87270812655492
C           -1.34548751223195       -2.40447520827787        0.28286689860162
O           -1.09619155508278       -3.79019144620078        0.31858736897816
C           -0.67961693219949       -1.79359203026899        1.51653568784178
O            0.69704905326567       -2.02746277926040        1.58946789063801
C            1.05963668570240       -0.14432176667134       -1.15321841555233
O            1.40835856313354       -1.48555782461416       -0.97776677867291
C            2.12789241612676        0.57152760676215       -2.01557385874583
O            1.49277109960154        1.45359298989577       -2.90066797878407
H            4.34787267230954        1.61839111980985        1.22218103598101
H            5.54661753539479        1.14624008619986       -0.01314943800971
H            5.00552756375955       -0.04321285399982        1.20897198955576
H            3.91366701873379        1.80102039500832       -1.64582398831145
H            0.48580353177139        2.43052545859060       -0.94923962448253
H            1.42418397294417        2.72142334156912        1.94620557991235
H           -0.27936173113039        2.81178302016591        1.41381365697429
H            1.74005105612959        4.51938976829574        0.44603603347740
H            1.42855666260919        0.23046740811549        0.97358849334503
H           -0.56884672720200        0.08991320879884        2.54786591236390
H           -2.74429349249947       -0.05269781859052       -0.32473111578074
H           -4.66290584360212        0.74281731723075        1.14668222683150
H           -4.91658009859421       -0.93682207736742        1.65228721254177
H           -5.29952756355038        0.10742386218644       -0.93655022940766
H           -3.27654710466066       -2.66056560289130        1.18623876938864
H           -4.34848601162542       -2.25086144149233       -0.89599407058869
H           -0.91982429765694       -1.96858607254542       -0.62894695130892
H           -1.54776028810497       -4.20046966104934       -0.43305601765297
H           -1.17243925864153       -2.23403067879674        2.40244754733664
H            0.83932407980612       -2.95921208398146        1.35667440753672
H            0.12653653955747       -0.13486294622571       -1.72928933062842
H            2.21900001076782       -1.52658374513374       -0.44724691123887
H            2.67543217489928       -0.21109594165298       -2.55807323065762
H            2.11767404739665        1.77141822721408       -3.56955024425308
48
 energy: -84.852919571238 gnorm: 0.011082342303 xtb: 6.7.1 (edcfbbe)
C            4.70608440405769        0.79811925692684        0.59328524885523
O            3.66158602793293        0.31585932625161       -0.24524976929312
C            3.10695432785130        1.29582693507656       -1.08115437543639
O            2.47087273991635        2.31414878909560       -0.35830398621011
C            1.08908982974027        2.10155189896616       -0.07074468184396
C            0.75411327932986        2.98483772675145        1.13347933852553
O            0.86050190294028        4.35018876277199        0.82765586052515
C            0.77883670861223        0.60895536122510        0.13716432688330
O           -0.58865392962909        0.50643221350341        0.50696686455881
C           -0.98961810567432       -0.27384809583935        1.61288099834236
O           -2.37354802319892       -0.12227447514021        1.70646089244782
C           -3.08556146191638       -0.59812533002998        0.56612651888412
C           -4.57007402166117       -0.30153754087643        0.83268666730957
O           -5.38040392046701       -0.59645029780947       -0.27807012703071
C           -2.84914578631896       -2.10100235256474        0.34012827277505
O           -3.41353037772697       -2.53827248957352       -0.87094033753086
C           -1.34364862685959       -2.39908245612773        0.29390370727377
O           -1.09360212784876       -3.78486164508798        0.32849357855420
C           -0.68093664724674       -1.78232513599016        1.52995879774910
O            0.69574428245303       -2.01944940267457        1.59781622862408
C            1.06048166859608       -0.15284786151905       -1.17923977443589
O            1.41270236862407       -1.49183893675280       -0.99461340993894
C            2.13306533104128        0.57352359929335       -2.02353109067694
O            1.49746915797782        1.45722265522620       -2.90622440879075
H            4.34726065570195        1.61548727838586        1.22187448449109
H            5.54642378706458        1.14590316372237       -0.01356614066084
H            5.00672419062911       -0.04525715089705        1.20743014306731
H            3.91118150666540        1.80539068283975       -1.63924650409165
H            0.49122318534661        2.43792735786977       -0.92871819331003
H            1.42288867388935        2.71858206410067        1.96269913268340
H           -0.28164917592443        2.80930589384950        1.42600990004058
H            1.73890808104457        4.51347874282962        0.45312610415346
H            1.41311046249627        0.21878300939706        0.94062741521169
H           -0.56599353618909        0.12675099356180        2.54832879223264
H           -2.74390356254445       -0.05453989108132       -0.32582661172515
H           -4.66290647895574        0.74236557193495        1.14449186427665
H           -4.91705502107824       -0.93681746179590        1.65094101567192
H           -5.29874013268389        0.10639941350397       -0.93845487819110
H           -3.27771019233385       -2.66048120753862        1.18858361865544
H           -4.34455859594425       -2.25242147681437       -0.89671821679816
H           -0.91790281476997       -1.96484587002764       -0.61894192444097
H           -1.54258981827775       -4.19510844468878       -0.42502896142012
H           -1.17281005572754       -2.22487377651989        2.41487432200481
H            0.83552670379922       -2.95119714205431        1.36238808895481
H            0.12950305016316       -0.14529570616659       -1.75751287555318
H            2.21686230528979       -1.52744999534285       -0.45374065519700
H            2.68468341194763       -0.20553730990006       -2.56647564684580
H            2.12274248655202        1.77869527839031       -3.57259517089828
48
 energy: -84.853562159172 gnorm: 0.003997284910 xtb: 6.7.1 (edcfbbe)
C            4.70621523688447        0.79213439113261        0.59133698323449
O            3.66325740527997        0.31039897344606       -0.24957777837187
C            3.10803097757608        1.29452796767991       -1.08050454577489
O            2.46930072442337        2.30613954232790       -0.35125662793384
C            1.08535962018376        2.09390888296961       -0.07246398703919
C            0.75231245859651        2.96309744029750        1.14299602736144
O            0.85705194660356        4.32982011176772        0.84318656068765
C            0.77323921569276        0.59854712221855        0.12546976418588
O           -0.59692729493191        0.50085562405061        0.48717360156710
C           -0.99385824817230       -0.26079911705270        1.60715074289286
O           -2.37848681713962       -0.11600526996991        1.70195141354868
C           -3.08931709044608       -0.59661134466563        0.56409667785074
C           -4.57380026525453       -0.30105125406882        0.83023844568036
O           -5.38211023494534       -0.59866683272782       -0.28115693810429
C           -2.84792184180662       -2.09912647404577        0.34550808265878
O           -3.40593958868272       -2.54209676510188       -0.86652392353515
C           -1.34120797569943       -2.39193195251180        0.30758421180968
O           -1.08567691652223       -3.77666175326615        0.34694277116140
C           -0.68129116881480       -1.77189432817842        1.54420035530677
O            0.69621207040735       -2.00742777871570        1.60970792318902
C            1.05968184778270       -0.14855293850725       -1.19693690931565
O            1.41062436819619       -1.48778638399156       -1.01342805267538
C            2.13789850385272        0.57926550368328       -2.03239878735531
O            1.50663066994063        1.46981537225540       -2.91126264300310
H            4.34568832717517        1.60805242612350        1.22089423178740
H            5.54662755993319        1.14248681053566       -0.01404592412833
H            5.00744980363241       -0.05173354799808        1.20440507121065
H            3.91197238945556        1.81055954754470       -1.63309777041176
H            0.49070006601993        2.44823723313789       -0.92765311830195
H            1.42098524826309        2.69707545699487        1.97271658721532
H           -0.28343806845359        2.78794210923043        1.43640709290882
H            1.73396817255993        4.49675415989867        0.46654219824827
H            1.40344734918508        0.19475213214305        0.92718931632747
H           -0.56896224802977        0.15446094904352        2.53369394271430
H           -2.74836262160688       -0.05651200404357       -0.32991544720145
H           -4.66737704242835        0.74335274828199        1.14010415459482
H           -4.92046378634608       -0.93547751269727        1.64928295994017
H           -5.29925207598780        0.10296810441197       -0.94269458968459
H           -3.27858638341037       -2.65730347122053        1.19376593453929
H           -4.33704768343412       -2.25690590004774       -0.89744283211387
H           -0.91247779732585       -1.95824737955215       -0.60411256895458
H           -1.53016042110676       -4.18953261535453       -0.40784163465107
H           -1.17253962332186       -2.21263848918621        2.43049355181906
H            0.83581495393972       -2.93964336901091        1.37599082792697
H            0.13435280926758       -0.14170235850156       -1.78465616495048
H            2.21016788531332       -1.52531632590840       -0.46571841641779
H            2.69459932624140       -0.19469397637162       -2.57782988144690
H            2.13361437416353        1.79316105634920       -3.57502644657794
48
 energy: -84.853885343598 gnorm: 0.004418769878 xtb: 6.7.1 (edcfbbe)
C            4.70695763591710        0.78249837101610        0.58857347051552
O            3.66532338309884        0.30361130127523       -0.25564098831885
C            3.11075671978940        1.29359101278938       -1.08022815821675
O            2.47042827729765        2.29905160629090       -0.34471787519966
C            1.08474441518826        2.08639014106151       -0.07468337882611
C            0.75007705289552        2.93969552594022        1.15218956146219
O            0.85200513551117        4.31045927494350        0.86784545748265
C            0.76782025934420        0.59082671823733        0.11481646789409
O           -0.60601864798798        0.50675246182081        0.46859279604320
C           -0.99890995018948       -0.24485187681774        1.59567681354866
O           -2.38376663325061       -0.10564350883580        1.69590040372752
C           -3.09383196439162       -0.59476497272584        0.56191129956171
C           -4.57894953837483       -0.30151290885848        0.82569695409557
O           -5.38470083223419       -0.60348362927182       -0.28639959481026
C           -2.84596018857841       -2.09754220216053        0.35274106803231
O           -3.39646095648843       -2.54964757354031       -0.85966559218613
C           -1.33823291305925       -2.38608289012445        0.32204262470768
O           -1.07613449348970       -3.76953530938493        0.37029889571698
C           -0.68083294533249       -1.75645736599159        1.55469117726337
O            0.69734576349916       -1.98950085179775        1.62007994914644
C            1.05725478403657       -0.14531403944102       -1.21400145172441
O            1.40508466297229       -1.48706533001559       -1.03706761402585
C            2.14134921999569        0.58677766131728       -2.03930385222762
O            1.51745801014786        1.48712553073276       -2.91363050480537
H            4.34457373302972        1.59600301199760        1.22019304997388
H            5.54777054686148        1.13586146442340       -0.01461086669746
H            5.00809344877809       -0.06306288821675        1.19926047269587
H            3.91503972934854        1.81495150520719       -1.62758903639555
H            0.49172416934940        2.45332097563806       -0.92563811107636
H            1.41985073579667        2.66657833240459        1.97880651524149
H           -0.28496292119568        2.76042516195269        1.44660841826044
H            1.72683711114195        4.48284761583428        0.48860306984178
H            1.39243655583541        0.17323069624354        0.91337647038358
H           -0.57325724333584        0.18621367517010        2.51362019961039
H           -2.75524632018924       -0.05983075285884       -0.33591251278402
H           -4.67457869623900        0.74361660834636        1.13255904937495
H           -4.92571773631598       -0.93419912583546        1.64597337953240
H           -5.30072587525260        0.09641776270895       -0.94964660717109
H           -3.27873552828417       -2.65284465904706        1.20186941611754
H           -4.32751351660253       -2.26540702063625       -0.89738597300187
H           -0.90649546141505       -1.95417114017376       -0.58902148404973
H           -1.51492839655062       -4.18749146024085       -0.38486535976739
H           -1.17060187183710       -2.18832805907894        2.44576708705015
H            0.83679136905867       -2.92385780939643        1.39492507519413
H            0.13760259993545       -0.13559025660280       -1.81090679161718
H            2.20162668634119       -1.52899405622555       -0.48545911677330
H            2.70022106438226       -0.18287551357174       -2.58869802109008
H            2.14738767774772        1.81180330875721       -3.57406180935415
48
 energy: -84.854043629465 gnorm: 0.003192983014 xtb: 6.7.1 (edcfbbe)
C            4.70770090729906        0.77231542331415        0.58617831667713
O            3.66599959713393        0.29800301045960       -0.26057757930623
C            3.11302139871610        1.29285620957604       -1.08034316513769
O            2.47362277373304        2.29591963438935       -0.34107064474551
C            1.08717408259756        2.08394503091339       -0.07688486292099
C            0.75041461365022        2.92395421175874        1.15906164830827
O            0.84895476796626        4.29886081471407        0.89230660908435
C            0.76555291161468        0.58993126114138        0.10810055726267
O           -0.61080022052947        0.51541046403362        0.45677772054657
C           -1.00295545531416       -0.23244577786069        1.58544730207431
O           -2.38787627858168       -0.09509577760604        1.68890535273773
C           -3.09728146206170       -0.59412605942060        0.55879924019302
C           -4.58335478909538       -0.30337395798082        0.81986733314828
O           -5.38654661129215       -0.60995131971675       -0.29286640408227
C           -2.84457914136193       -2.09784504380038        0.35918670411061
O           -3.39055865308816       -2.55885590524651       -0.85218515562201
C           -1.33620227682952       -2.38331234434684        0.33220166538032
O           -1.06977597356896       -3.76559605123271        0.39083649080694
C           -0.68051005613209       -1.74226974721751        1.55904847931221
O            0.69805247316617       -1.97331007439355        1.62594098254403
C            1.05483820278847       -0.14109893819604       -1.22496264933792
O            1.39858001507240       -1.48567172836915       -1.05533020537138
C            2.14310284438451        0.59307157876865       -2.04396120573671
O            1.52463777237401        1.50154341104529       -2.91396366896494
H            4.34515830202295        1.58350372101300        1.22064054448647
H            5.54903648439209        1.12762367745610       -0.01517779747313
H            5.00809221877490       -0.07577802300416        1.19369019977938
H            3.91828003189555        1.81565840357297       -1.62488586884672
H            0.49547010631396        2.45623577093720       -0.92520453461146
H            1.42125737316074        2.64111370583539        1.98177132861779
H           -0.28395003505058        2.73860496468847        1.45237965134572
H            1.72193658003516        4.47644247935077        0.51139882621309
H            1.38503780683245        0.16403708092637        0.90466703655513
H           -0.57809275192721        0.20901540521334        2.49898074624487
H           -2.76101147093450       -0.06434695761226       -0.34304866795196
H           -4.68147574579115        0.74256319163474        1.12345536019007
H           -4.93079540793276       -0.93403123060255        1.64141369366788
H           -5.30209068830308        0.08829449960006       -0.95779725314087
H           -3.27812712202729       -2.64936474666235        1.21043217498442
H           -4.32163697483689       -2.27614973735524       -0.89503054242666
H           -0.90391947637948       -1.95557506328699       -0.58068264063150
H           -1.50379840856727       -4.18964632673081       -0.36351517018453
H           -1.16896255631565       -2.16335746513247        2.45565971056915
H            0.83722716144817       -2.91075541749272        1.41317171272403
H            0.13771256763019       -0.12667795684026       -1.82546305284433
H            2.19568229478467       -1.53300805427884       -0.50539561704103
H            2.70060685227175       -0.17485127318681       -2.59714265524854
H            2.15714953254065        1.82758555090853       -3.57134560353259
48
 energy: -84.854153044963 gnorm: 0.002230933510 xtb: 6.7.1 (edcfbbe)
C            4.70830407728184        0.76118754239342        0.58344483393653
O            3.66549339457960        0.29299472801091       -0.26544984984612
C            3.11536156882594        1.29228785855564       -1.08154043660157
O            2.47833315027729        2.29497550141245       -0.33952011143072
C            1.09157625894494        2.08525335040251       -0.07884888176340
C            0.75268077847137        2.91293584076647        1.16513350555417
O            0.84771270798464        4.29176223489907        0.91809990523098
C            0.76540249735783        0.59314051047796        0.10281921874701
O           -0.61255519039560        0.52464857226229        0.44826155631414
C           -1.00632759721726       -0.22205662306472        1.57636475899690
O           -2.39128061090952       -0.08420026759930        1.67979611159796
C           -3.10014174916581       -0.59434296872191        0.55394478411238
C           -4.58725591317863       -0.30604415147413        0.81238895088459
O           -5.38823825382471       -0.61805936553830       -0.30047232335744
C           -2.84361880324677       -2.09924404124106        0.36495905432870
O           -3.38734019639832       -2.56941804105284       -0.84400727043812
C           -1.33478437338804       -2.38243843085275        0.34050866298970
O           -1.06563161762621       -3.76352164350076        0.41139437355483
C           -0.68086362632754       -1.72924035517368        1.56105823695292
O            0.69804984688576       -1.95812494442926        1.63082562523187
C            1.05222873128821       -0.13528784605639       -1.23321664907369
O            1.39051845259740       -1.48251674601495       -1.07012362045272
C            2.14384156059405        0.59906995860618       -2.04813705836861
O            1.52964412337133        1.51412890255754       -2.91440432026371
H            4.34722091944886        1.56995093954861        1.22178700602944
H            5.55024367217711        1.11781946863148       -0.01629392373247
H            5.00734933365887       -0.09038742086450        1.18677731562309
H            3.92239027144172        1.81425914397024       -1.62429078385209
H            0.50139790569286        2.46136127956419       -0.92540167184062
H            1.42396656998907        2.61883431455177        1.98380689813249
H           -0.28124715017750        2.72056149010602        1.45544363407612
H            1.71930924921798        4.47513588106319        0.53726244654881
H            1.38055401570062        0.16215550523246        0.89839285160180
H           -0.58395777300142        0.22570575217693        2.48869300152971
H           -2.76583094385874       -0.07034263084162       -0.35219576287232
H           -4.68816707866988        0.74078480862416        1.11229373456416
H           -4.93508211934682       -0.93448757431213        1.63548919391277
H           -5.30416709016421        0.07822988120528       -0.96747093316732
H           -3.27702505256398       -2.64580906333649        1.21944396574024
H           -4.31857950443945       -2.28867730951084       -0.89087736361109
H           -0.90311746650487       -1.96116564499484       -0.57591628380479
H           -1.49489162134410       -4.19480906083726       -0.34147098890095
H           -1.16866155822664       -2.14037741783263        2.46251585647102
H            0.83732106639829       -2.89960118551773        1.43516654844009
H            0.13524972853020       -0.11478489709892       -1.83331496757113
H            2.19134375241798       -1.53583346295571       -0.52652710449169
H            2.69840759796529       -0.16839636759036       -2.60477204120061
H            2.16486217550523        1.84197851938500       -3.56833524181854
48
 energy: -84.854223178849 gnorm: 0.002139817385 xtb: 6.7.1 (edcfbbe)
C            4.70847017408179        0.75146267409713        0.58068053810012
O            3.66382521303804        0.28939241044931       -0.26937215116174
C            3.11690713704330        1.29204443036264       -1.08327145026971
O            2.48285459014243        2.29579527033584       -0.33955277002120
C            1.09599142358724        2.08928856031668       -0.07927888183196
C            0.75684544579570        2.90945029817450        1.16963823768546
O            0.85002169499774        4.29035049389624        0.93686147385915
C            0.76629099625923        0.59829436155496        0.10020068853496
O           -0.61224153385529        0.53152593654357        0.44439706985097
C           -1.00894923020037       -0.21580812536006        1.57094746126939
O           -2.39395955682544       -0.07628506304278        1.67116948622610
C           -3.10190294910643       -0.59550342743615        0.54852645745316
C           -4.58976246091961       -0.30872346193664        0.80493567986503
O           -5.38944546229969       -0.62592119105862       -0.30740721558010
C           -2.84339941229542       -2.10136324194951        0.36863099014631
O           -3.38712198668166       -2.57905412692334       -0.83726953368787
C           -1.33431766870585       -2.38347921572897        0.34545406218841
O           -1.06411856328975       -3.76361594425711        0.42721741034895
C           -0.68203553798861       -1.72099013810453        1.56136466994528
O            0.69726224151386       -1.94730099087499        1.63373265525910
C            1.05009523604315       -0.12927764194191       -1.23724665752565
O            1.38304140504421       -1.47822411081145       -1.07784192537319
C            2.14339069041256        0.60356742629538       -2.05114822229445
O            1.53158824717368        1.52228251128322       -2.91525168229201
H            4.34995924165257        1.55817921553541        1.22302495302527
H            5.55081253440260        1.10869328197690       -0.01812534193029
H            5.00594871681924       -0.10366344571429        1.17981589478600
H            3.92579002600261        1.81210079073979       -1.62518346760289
H            0.50677275305162        2.46832075758966       -0.92479429691660
H            1.42776266973014        2.60703752052051        1.98569387085125
H           -0.27704429756002        2.71252371064516        1.45684203191243
H            1.72136945159656        4.47849659665242        0.55822194298124
H            1.37944664520016        0.16538245554728        0.89557851722969
H           -0.58980219102101        0.23358870683761        2.48467731032770
H           -2.76847933735899       -0.07656785632299       -0.36098647385597
H           -4.69279575943534        0.73893782156879        1.10130628629569
H           -4.93742789986110       -0.93506479398223        1.62973678909401
H           -5.30627362812390        0.06822935417749       -0.97671149189468
H           -3.27597355079786       -2.64313831304050        1.22655748175074
H           -4.31868402567046       -2.30013207543838       -0.88612366059967
H           -0.90336103698390       -1.96870956404086       -0.57445762645363
H           -1.48969123016611       -4.20137542039365       -0.32396207616045
H           -1.16970187446606       -2.12702681761510        2.46518016413563
H            0.83730948867080       -2.89196115298813        1.45394100320806
H            0.13185752874841       -0.10333427995926       -1.83498674914686
H            2.18872294197716       -1.53645424496976       -0.54184362200428
H            2.69514169998848       -0.16424249301268       -2.61004330242160
H            2.16900911720358        1.85226707594508       -3.56599008429638
48
 energy: -84.854281158896 gnorm: 0.001823163398 xtb: 6.7.1 (edcfbbe)
C            4.70830714917254        0.74282340091000        0.57769098812257
O            3.66125592473654        0.28684883190962       -0.27265987304957
C            3.11764790587136        1.29227001353682       -1.08513605835811
O            2.48670166914637        2.29771966799964       -0.34037598121659
C            1.09970482177107        2.09481463779721       -0.07835783200480
C            0.76240285753984        2.91124134570801        1.17339534530207
O            0.85621263550585        4.29258424315715        0.94910999821687
C            0.76709856593089        0.60418847266795        0.09945586359890
O           -0.61136782157215        0.53639833504538        0.44345978978979
C           -1.01135872630372       -0.21249374128378        1.56815844823660
O           -2.39646913888822       -0.07119569675751        1.66340980130141
C           -3.10289966360529       -0.59740393727531        0.54287208621954
C           -4.59129301024341       -0.31114466437775        0.79725085609905
O           -5.39035167725116       -0.63364710983185       -0.31400429470639
C           -2.84369332119679       -2.10400062633560        0.37085131765641
O           -3.38875596977954       -2.58819579286038       -0.83160690839310
C           -1.33449201584809       -2.38586316706571        0.34823956379203
O           -1.06433625606152       -3.76528660550589        0.43957192296299
C           -0.68339459981385       -1.71661807399889        1.56088312445818
O            0.69641418041756       -1.93987234760843        1.63479933359314
C            1.04786976716661       -0.12323087871702       -1.23852929744229
O            1.37612064970164       -1.47302427013635       -1.08014264645623
C            2.14193712698692        0.60716062592521       -2.05313002628590
O            1.53138013387812        1.52739987332305       -2.91639734083829
H            4.35310291001954        1.54778643912964        1.22404457731991
H            5.55079079009564        1.10016328910119       -0.02082302472288
H            5.00417260293402       -0.11580442871481        1.17265674473116
H            3.92823543959031        1.81018221932723       -1.62663583898077
H            0.51090178929700        2.47682660988309       -0.92298278374580
H            1.43251128932650        2.60324272114116        1.98798187872238
H           -0.27179203320316        2.71296034912943        1.45840981657751
H            1.72868423615714        4.48376959031549        0.57489396652583
H            1.38011706080101        0.17087256492294        0.89482308975158
H           -0.59556302307686        0.23608526935572        2.48437631151545
H           -2.76931511558272       -0.08299149031983       -0.36919399416419
H           -4.69572630229401        0.73745211922708        1.08970830866674
H           -4.93853517587346       -0.93495402543848        1.62418297933316
H           -5.30807333172117        0.05780738194096       -0.98619670922037
H           -3.27507373307959       -2.64114443616724        1.23230156642863
H           -4.32072979545055       -2.31073620856890       -0.88097292738548
H           -0.90391173912456       -1.97721548097284       -0.57461509018254
H           -1.48734291599520       -4.20874140958789       -0.30967386766386
H           -1.17094020063101       -2.12132315601022        2.46539410350907
H            0.83804448035385       -2.88650343229711        1.46807092478757
H            0.12809703008929       -0.09312819501022       -1.83379181229348
H            2.18566150093115       -1.53451316581084       -0.55003307527535
H            2.69137350945423       -0.16147251112140       -2.61321775233379
H            2.17066765620929        1.85990137451531       -3.56403112903591
48
 energy: -84.854348827628 gnorm: 0.001635357989 xtb: 6.7.1 (edcfbbe)
C            4.70792359163321        0.72994514669582        0.57233716256249
O            3.65649346271077        0.28338600449815       -0.27745450317452
C            3.11762246916655        1.29306257259719       -1.08755146011023
O            2.49131942819029        2.30069701492662       -0.34103122960656
C            1.10378701148810        2.10356189684547       -0.07534176159669
C            0.77238190439039        2.91775016893775        1.17945643071434
O            0.87091528150036        4.29867985098175        0.96203168397304
C            0.76711134296259        0.61281229265094        0.09961839434876
O           -0.61101951000530        0.54222054488033        0.44328159103559
C           -1.01560434524800       -0.20905464246504        1.56553911468891
O           -2.40087992408551       -0.06622839855896        1.65268299316773
C           -3.10392370879359       -0.60105169455717        0.53402396317991
C           -4.59303200141700       -0.31430062600502        0.78437940567603
O           -5.39137786687063       -0.64627778173499       -0.32457621794616
C           -2.84452475657232       -2.10864905357041        0.37348539976373
O           -3.39208447223551       -2.60278920511608       -0.82346616722664
C           -1.33520976553775       -2.39058138949790        0.35166321361534
O           -1.06569135972722       -3.76916270580369        0.45645396194349
C           -0.68539476417967       -1.71277712202247        1.56041624463476
O            0.69532638021596       -1.93050056147022        1.63522234433315
C            1.04394530105096       -0.11390909861078       -1.23913530050531
O            1.36635605553527       -1.46446899498566       -1.08120274329427
C            2.13864198027305        0.61265252392991       -2.05551822893500
O            1.52932040821347        1.53420234507578       -2.91811750900299
H            4.35843449950556        1.53229860286828        1.22503458904340
H            5.55012514206742        1.08730737106880       -0.02651789287357
H            5.00166086955075       -0.13395576107208        1.16073804171940
H            3.93036744186350        1.80848536269262       -1.62821251509729
H            0.51517670095880        2.49122746097969       -0.91809449647914
H            1.44121463381852        2.60325027814982        1.99257580196818
H           -0.26255250621342        2.72177689486005        1.46353292611822
H            1.74681339414656        4.49199399313398        0.59694404749545
H            1.38122954532257        0.17874045511590        0.89449980944654
H           -0.60465036580720        0.23788523203062        2.48518335552042
H           -2.76870696878191       -0.09326724913667       -0.38114658323310
H           -4.69885191719624        0.73624702858867        1.06907027975555
H           -4.93977130794743       -0.93261916981484        1.61571659487263
H           -5.30975260045705        0.03953445427289       -1.00264818094258
H           -3.27397201490330       -2.63862387674429        1.24044769364420
H           -4.32464632427241       -2.32682510988178       -0.87285077300185
H           -0.90448602162013       -1.99071058966758       -0.57481051376774
H           -1.48622265066348       -4.22064964196674       -0.28931899167132
H           -1.17198302335820       -2.11792598215673        2.46541776920606
H            0.84013835441387       -2.87921282396263        1.48629949558111
H            0.12246181969535       -0.07903956124539       -1.83183325310105
H            2.17915022892820       -1.52922185788780       -0.55623084131311
H            2.68521720386787       -0.15737863561657       -2.61675061898930
H            2.17120184078193        1.87145856194325       -3.56075808184711
48
 energy: -84.854392215628 gnorm: 0.001387352558 xtb: 6.7.1 (edcfbbe)
C            4.70785062260675        0.72120218892807        0.56805737398175
O            3.65322341794704        0.28085478252547       -0.28083671992791
C            3.11680398235867        1.29392517483932       -1.08828539659063
O            2.49311701356301        2.30157408342347       -0.33969985360688
C            1.10491180060568        2.10771162159555       -0.07268127920724
C            0.77888770623943        2.92128260921784        1.18425853795877
O            0.88396451960265        4.30193348300400        0.96795581200951
C            0.76535300699724        0.61708047998605        0.09991245290578
O           -0.61288903360782        0.54572018677927        0.44216025261031
C           -1.01913993389412       -0.20639407284661        1.56354615745710
O           -2.40449042988362       -0.06454547668726        1.64723539949921
C           -3.10460010900807       -0.60361201521349        0.52883069413673
C           -4.59427372909074       -0.31571363285147        0.77488206304030
O           -5.39139567573690       -0.65590928314782       -0.33243689536372
C           -2.84485638737949       -2.11183876771842        0.37572599191534
O           -3.39307834368436       -2.61293850071409       -0.81796746381903
C           -1.33542171277780       -2.39333695966346        0.35488451564684
O           -1.06581164108562       -3.77143663951962        0.46710255915559
C           -0.68600152809650       -1.71020308690984        1.56110853578787
O            0.69531769004999       -1.92403954269042        1.63539798238061
C            1.04053947015248       -0.10790989747907       -1.24017992806816
O            1.36053063735544       -1.45914346408827       -1.08342757386060
C            2.13585078064906        0.61727490940523       -2.05679770356343
O            1.52753046028006        1.54064623496266       -2.91811386810647
H            4.36220719693531        1.52175788766365        1.22497101651287
H            5.54950823794922        1.07871113439066       -0.03146741814517
H            5.00064483443457       -0.14595053313966        1.15209434538090
H            3.93049389697388        1.80887941263074       -1.62786197736556
H            0.51644358413284        2.49962862994918       -0.91360539094503
H            1.44725998239472        2.60289105838298        1.99630303337693
H           -0.25666875236470        2.73030327129225        1.46991662654364
H            1.76309803939419        4.49333163568613        0.60949324937363
H            1.37968298070815        0.18085729536016        0.89372826462554
H           -0.61064592074620        0.24138719304560        2.48371593223836
H           -2.76714852470174       -0.09986265853165       -0.38769997979035
H           -4.70085236744656        0.73680236880891        1.05199680739325
H           -4.94147094072889       -0.92832363088549        1.61028191126103
H           -5.30876746663989        0.02444584563553       -1.01590265449957
H           -3.27343609872821       -2.63723585936720        1.24595794970878
H           -4.32589723173731       -2.33747903067676       -0.86777284658855
H           -0.90410974429648       -1.99817417868420       -0.57315245619140
H           -1.48627415909156       -4.22741444312414       -0.27592635050070
H           -1.17106261144016       -2.11478697111984        2.46729397855613
H            0.84243108406541       -2.87381370249742        1.49685244440268
H            0.11891314114694       -0.07104670480305       -1.83265812127247
H            2.17220465130383       -1.52527913974303       -0.55702402093476
H            2.68072913777867       -0.15328509771827       -2.61919822483930
H            2.17079258281222        1.88146632643067       -3.55748331977106
48
 energy: -84.854435152638 gnorm: 0.001016546860 xtb: 6.7.1 (edcfbbe)
C            4.70794611029423        0.71304471747422        0.56340389343658
O            3.64982708570650        0.27853117077156       -0.28395939429963
C            3.11499710564244        1.29500162009594       -1.08824394064604
O            2.49361390281702        2.30174419153136       -0.33703933286571
C            1.10482103683100        2.11036680497756       -0.06948817218321
C            0.78460144329601        2.92436376296291        1.18883868396947
O            0.89972252854226        4.30461769610515        0.97143894082759
C            0.76276027097054        0.62029342336122        0.10094406290114
O           -0.61580636344727        0.54889124759201        0.44115373764590
C           -1.02252576049879       -0.20399200226666        1.56194753691144
O           -2.40798419383227       -0.06434205260196        1.64404202472369
C           -3.10492311647296       -0.60605008336404        0.52488195644077
C           -4.59522814693732       -0.31638190734628        0.76499782112799
O           -5.39001799385379       -0.66672385453456       -0.34081676081931
C           -2.84487232524558       -2.11484881726965        0.37836065480129
O           -3.39286061806248       -2.62254531195218       -0.81267138307151
C           -1.33528775750013       -2.39529263916009        0.35851988860282
O           -1.06503025950431       -3.77295637096724        0.47570020190209
C           -0.68605856225085       -1.70764720093158        1.56233600602231
O            0.69569853816589       -1.91836191822392        1.63548567046350
C            1.03677681953655       -0.10257279724597       -1.24085278431741
O            1.35561844473582       -1.45459241249458       -1.08622601950011
C            2.13224904380094        0.62234878857542       -2.05748375538001
O            1.52454058750227        1.54837935902995       -2.91626858837349
H            4.36630529649907        1.51201996484456        1.22428374786716
H            5.54883730662561        1.07048772205618       -0.03724058753081
H            5.00019121202186       -0.15698911455017        1.14337741951706
H            3.92929959024192        1.80990355148668       -1.62681428771122
H            0.51656290783491        2.50569094036811       -0.90866477259001
H            1.45207546939338        2.60194870114020        1.99993145538348
H           -0.25188483296870        2.74124239181086        1.47635486052648
H            1.78264413763117        4.48967886237100        0.61886965713502
H            1.37643031549717        0.18129550427281        0.89357212087828
H           -0.61589891601304        0.24545534110149        2.48188143903864
H           -2.76398057392738       -0.10556748982555       -0.39206147274380
H           -4.70274852912742        0.73865764558793        1.03218897545390
H           -4.94385054812634       -0.92141242844255        1.60531477774185
H           -5.30479365621699        0.00656008317020       -1.03097555018537
H           -3.27294320131590       -2.63619150584849        1.25126784169170
H           -4.32589223960284       -2.34758837788620       -0.86326762800265
H           -0.90358853784080       -2.00326967855397       -0.57059579698914
H           -1.48756154632334       -4.23202517861994       -0.26419674115419
H           -1.16931034804974       -2.11086391102801        2.47002654546131
H            0.84478743005117       -2.86852326397913        1.50394178572926
H            0.11509984375734       -0.06443757547465       -1.83310317316736
H            2.16388887421602       -1.52187784753971       -0.55477646561796
H            2.67523496314722       -0.14821534733438       -2.62185254166749
H            2.16851587854797        1.89274012075695       -3.55297811183832
48
 energy: -84.854472347004 gnorm: 0.000864740510 xtb: 6.7.1 (edcfbbe)
C            4.70825794210883        0.70426343385271        0.55798764304162
O            3.64610967979072        0.27597531796557       -0.28736266921519
C            3.11289960515214        1.29611868228187       -1.08820240270253
O            2.49412913293236        2.30177200555094       -0.33389725498433
C            1.10480669404467        2.11282761481917       -0.06616751110579
C            0.78996729706259        2.92657637653704        1.19381899477665
O            0.91848150684275        4.30649641758060        0.97682527287416
C            0.76002926166212        0.62362737833132        0.10225491429483
O           -0.61907745423625        0.55245954189824        0.44028078823615
C           -1.02597844257507       -0.20104882576543        1.56057300057369
O           -2.41170619572970       -0.06374886409617        1.64137065705195
C           -3.10511126455046       -0.60833857650733        0.52106859232201
C           -4.59609602783915       -0.31653099173537        0.75365720264330
O           -5.38746977079872       -0.67960434526458       -0.35057140183644
C           -2.84468197266610       -2.11786315663737        0.38181532651655
O           -3.39179905792659       -2.63296150629562       -0.80650770443897
C           -1.33486870828570       -2.39660282622503        0.36304590526326
O           -1.06295507900338       -3.77371932390161        0.48442940389663
C           -0.68604870966388       -1.70412572470169        1.56424489062644
O            0.69617032829572       -1.91210762571162        1.63622630507764
C            1.03241232237535       -0.09707541087184       -1.24140957774100
O            1.35037071987496       -1.44989228725459       -1.08960509301065
C            2.12764152690104        0.62828364532651       -2.05802975380390
O            1.52015201122759        1.55795038623239       -2.91296804779953
H            4.37126228443864        1.50173446710700        1.22304750609630
H            5.54824634299317        1.06135953107889       -0.04414593674441
H            4.99990482567345       -0.16880384234246        1.13372171058147
H            3.92791595704730        1.81078784044233       -1.62584948653290
H            0.51676585789018        2.51121627809106       -0.90381092710945
H            1.45467452132729        2.59790524572057        2.00461395891873
H           -0.24811437506977        2.75293842441256        1.48135231537260
H            1.80520396051786        4.48203174756070        0.62866027149463
H            1.37241261344540        0.18159948583191        0.89387756583311
H           -0.62133627940003        0.25061872454148        2.48028389748634
H           -2.75972506534783       -0.11130114183710       -0.39606077416825
H           -4.70511321911605        0.74153851232107        1.00830172439370
H           -4.94683191786593       -0.91210089300129        1.59983209597490
H           -5.29811348920489       -0.01538107748525       -1.04902320953828
H           -3.27231117536901       -2.63482017466706        1.25755730884559
H           -4.32519309820506       -2.35911332296529       -0.85846687994781
H           -0.90340522237707       -2.00701649600580       -0.56730935422384
H           -1.48901186635329       -4.23565625115774       -0.25174498203647
H           -1.16741162616331       -2.10528103886141        2.47378622576739
H            0.84681753476033       -2.86280449739921        1.51025929405035
H            0.11022185702750       -0.05748708381192       -1.83271292353484
H            2.15491245434870       -1.51879912532744       -0.55269292049023
H            2.66815733628525       -0.14178747406473       -2.62545533592953
H            2.16443455982362        1.90588535019854       -3.54741417881009
48
 energy: -84.854495797618 gnorm: 0.000942048464 xtb: 6.7.1 (edcfbbe)
C            4.70841183676615        0.69670353581933        0.55328795358498
O            3.64284637884499        0.27357354323374       -0.29028507720524
C            3.11099270730969        1.29671261521328       -1.08828172577846
O            2.49468347090159        2.30174715768939       -0.33124564573140
C            1.10505648011316        2.11496619224457       -0.06345167178834
C            0.79352438927606        2.92782821733195        1.19781281620451
O            0.93468509460483        4.30740675894244        0.98384535977952
C            0.75820813410003        0.62647996046193        0.10346827467368
O           -0.62141519089189        0.55566343826415        0.43992705425500
C           -1.02866187863361       -0.19822042559768        1.55973345662541
O           -2.41471319208129       -0.06252994834571        1.63903935208970
C           -3.10513617598472       -0.60995264611104        0.51787498050150
C           -4.59670191615274       -0.31679074681453        0.74393830811705
O           -5.38501098759923       -0.68977953940037       -0.35921308165703
C           -2.84417647180613       -2.12005756048376        0.38495285927222
O           -3.39020983856308       -2.64148187923759       -0.80109296822292
C           -1.33408503217948       -2.39687401363364        0.36719983750080
O           -1.06019823404686       -3.77338382954783        0.49158499668276
C           -0.68618883413690       -1.70056613260698        1.56647019005544
O            0.69638245670209       -1.90668774883853        1.63840942036368
C            1.02902615597111       -0.09268577627319       -1.24160855500332
O            1.34603294549976       -1.44608169439851       -1.09234816786174
C            2.12362445458331        0.63302777518193       -2.05871784353324
O            1.51597572213049        1.56612854649607       -2.90978480088153
H            4.37543077139804        1.49310893182925        1.22160066814662
H            5.54773888848225        1.05318854417961       -0.05012723230929
H            4.99931327943952       -0.17879569207310        1.12571075941948
H            3.92663110099151        1.81088191891736       -1.62537067799433
H            0.51738088280399        2.51558959153667       -0.90012555520106
H            1.45388137976934        2.59197236338870        2.00920375448281
H           -0.24649414612104        2.76222433946057        1.48282906312051
H            1.82360698353195        4.47419733056008        0.63688987992631
H            1.36947582250484        0.18232243483311        0.89447068802250
H           -0.62602201326975        0.25526531754162        2.47952604761149
H           -2.75599178660410       -0.11580564226394       -0.39935449022267
H           -4.70700860605917        0.74324864258730        0.98897966114027
H           -4.94949452397395       -0.90478930528281        1.59439942276622
H           -5.29142607314363       -0.03326821617223       -1.06436746346032
H           -3.27161647440697       -2.63320621571229        1.26300736699447
H           -4.32408664735720       -2.36927892452410       -0.85447785583969
H           -0.90298829839481       -2.00882960412852       -0.56408423780571
H           -1.48939534386980       -4.23752218389551       -0.24143321626951
H           -1.16653240663552       -2.10004226436383        2.47721250353464
H            0.84805515765137       -2.85736652087741        1.51434331308199
H            0.10613968562109       -0.05160374016855       -1.83169175991268
H            2.14858721297921       -1.51679440024104       -0.55278092328536
H            2.66176197838105       -0.13632882755713       -2.62935003184527
H            2.16009881758961        1.91648084640555       -3.54304055919621
48
 energy: -84.854512481563 gnorm: 0.000795913125 xtb: 6.7.1 (edcfbbe)
C            4.70841313860108        0.69006899289890        0.54938983377855
O            3.64008069578219        0.27146526040268       -0.29289835014841
C            3.10977301095548        1.29715286703678       -1.08862675623572
O            2.49549161079822        2.30186287538588       -0.32941943887371
C            1.10560003534456        2.11697172138914       -0.06173889350515
C            0.79570218354571        2.92804678277783        1.20102550751253
O            0.94823848135540        4.30715604003565        0.99188350805888
C            0.75697316574759        0.62905775813176        0.10431024523111
O           -0.62300864030803        0.55836921556453        0.43978257493275
C           -1.03092541700798       -0.19546017418344        1.55924923221494
O           -2.41727982789001       -0.06056717495014        1.63672656501701
C           -3.10516624966520       -0.61109827761455        0.51516931315155
C           -4.59720223135444       -0.31712990871565        0.73610365788265
O           -5.38273385424425       -0.69715472028215       -0.36655679585463
C           -2.84334289357155       -2.12160058465065        0.38763703931323
O           -3.38835231684528       -2.64835298154359       -0.79643310385265
C           -1.33302514981873       -2.39668799340168        0.37078033260670
O           -1.05703968251401       -3.77257354754430        0.49742607191178
C           -0.68656087636035       -1.69708797240619        1.56869740099436
O            0.69632000306131       -1.90169141318931        1.64133510531340
C            1.02602369219021       -0.08921662551002       -1.24173155660015
O            1.34232330998659       -1.44287795916549       -1.09404942095494
C            2.12007947832583        0.63704927372439       -2.05908010074529
O            1.51222207414578        1.57284662721213       -2.90702393044170
H            4.37888191019582        1.48582217228723        1.22014748196881
H            5.54742547129431        1.04563814568686       -0.05499707522225
H            4.99819101322605       -0.18748622858999        1.11926598477933
H            3.92605811101219        1.81077106446120       -1.62523944209938
H            0.51835343682845        2.51925941548380       -0.89786580372793
H            1.45062943684431        2.58478350340310        2.01378333002100
H           -0.24647736620024        2.76918758376583        1.48188477555243
H            1.83810559315616        4.46680420153690        0.64401346218519
H            1.36750144095997        0.18347829453703        0.89491844010106
H           -0.63025938567341        0.25963758467997        2.47927525158129
H           -2.75331896739311       -0.11952134632187       -0.40239286818862
H           -4.70864269961262        0.74432009504544        0.97422943288135
H           -4.95178496350657       -0.90003913153340        1.58921282047378
H           -5.28489167265534       -0.04683782423011       -1.07680915168501
H           -3.27047516175629       -2.63156251525246        1.26765875728644
H           -4.32272476079554       -2.37801674465033       -0.85104812831652
H           -0.90237729849004       -2.00957155783732       -0.56119670393310
H           -1.48848543748591       -4.23857383177058       -0.23312862814216
H           -1.16650084753228       -2.09507697136339        2.48030687327870
H            0.84881338797292       -2.85241707222548        1.51730471316639
H            0.10230590113524       -0.04695006177772       -1.83047053689785
H            2.14494652836638       -1.51488301723414       -0.55483447179280
H            2.65616867322826       -0.13160361355630       -2.63242381155549
H            2.15595203260384        1.92428429743416       -3.54006829495844
48
 energy: -84.854525468649 gnorm: 0.000639403602 xtb: 6.7.1 (edcfbbe)
C            4.70797116558998        0.68340916093696        0.54591740668281
O            3.63712131411336        0.26927770131549       -0.29538735147224
C            3.10820876852290        1.29731297638159       -1.08891849684910
O            2.49606441469388        2.30208470003203       -0.32768327778741
C            1.10595276369662        2.11910289799017       -0.06015741032300
C            0.79693223460266        2.92844685994669        1.20373731664235
O            0.96118780109020        4.30696307923510        1.00084887589473
C            0.75591327699173        0.63160458963084        0.10511252232825
O           -0.62432545261821        0.56110749939940        0.43983816135970
C           -1.03305660142441       -0.19262348303924        1.55896706416255
O           -2.41965294067765       -0.05819929619709        1.63424255194448
C           -3.10518956202099       -0.61207904774721        0.51263781449944
C           -4.59780061670821       -0.31819732753245        0.72912452494738
O           -5.38087020785093       -0.70254615100014       -0.37371274524157
C           -2.84241429508205       -2.12288652397717        0.39013487010570
O           -3.38644807745016       -2.65438685514893       -0.79213867696600
C           -1.33176696861456       -2.39595860524194        0.37421497849065
O           -1.05360743652609       -3.77116241247934        0.50293507186933
C           -0.68704068402284       -1.69357003087037        1.57118544639024
O            0.69610750456701       -1.89663629783228        1.64521909804204
C            1.02392322644311       -0.08601794615024       -1.24162858214148
O            1.33962472058419       -1.43981448132290       -1.09514992747145
C            2.11707086133304        0.64027308825597       -2.06000428655698
O            1.50882465502829        1.57843024260721       -2.90508625900673
H            4.38178500696873        1.47875384148412        1.21875923006493
H            5.54702403495005        1.03768868410864       -0.05916043465690
H            4.99617362715042       -0.19606375964929        1.11365227911751
H            3.92508041693508        1.81028219250130       -1.62513380361106
H            0.51938726120029        2.52295711147906       -0.89595872818360
H            1.44551134907114        2.57684853043922        2.01817039455420
H           -0.24765277962321        2.77605515066136        1.47926832496055
H            1.85150112254315        4.45989268721279        0.65103403817376
H            1.36598374663210        0.18514422212000        0.89546644670043
H           -0.63442176282387        0.26380195622568        2.47936093530247
H           -2.75141029055599       -0.12286229581526       -0.40544606899227
H           -4.71011716065574        0.74388236460807        0.96328770200322
H           -4.95412563931993       -0.89797859373145        1.58351435407841
H           -5.27854363536286       -0.05714660080299       -1.08775146690770
H           -3.26918538924387       -2.63004501828382        1.27194633784890
H           -4.32128223349809       -2.38593700863468       -0.84794315703211
H           -0.90136455757964       -2.00954443483742       -0.55823827772793
H           -1.48619611740707       -4.23901974268236       -0.22577658326206
H           -1.16706821729203       -2.09053541205658        2.48320484656420
H            0.84958092491384       -2.84696864028441        1.51913767321086
H            0.09949612893009       -0.04282626549296       -1.82915932866503
H            2.14388789243344       -1.51263034318987       -0.55847752827774
H            2.65139324463784       -0.12778709208921       -2.63577069984655
H            2.15183127867036        1.93009865277002       -3.53875072707854
48
 energy: -84.854534652954 gnorm: 0.000463952576 xtb: 6.7.1 (edcfbbe)
C            4.70718791852390        0.67671499848513        0.54305061074858
O            3.63417939330655        0.26731740819181       -0.29778878622018
C            3.10729420557488        1.29778515738049       -1.08941497579735
O            2.49679410542032        2.30249310423108       -0.32653289863318
C            1.10631203194365        2.12142730089865       -0.05946860114082
C            0.79775804989102        2.92860691208747        1.20594796595219
O            0.97368297406033        4.30625810720295        1.00949313638191
C            0.75482515540569        0.63432074021722        0.10546969081523
O           -0.62553749882444        0.56370081786592        0.43955227819319
C           -1.03528417148412       -0.18964235307360        1.55856976314090
O           -2.42207856068973       -0.05560761100989        1.63160106718313
C           -3.10551482242475       -0.61313904164917        0.51038977149876
C           -4.59868458704278       -0.31971386739182        0.72334741176677
O           -5.37914130878941       -0.70627953273985       -0.38048973183443
C           -2.84115864435260       -2.12404130437054        0.39229445572583
O           -3.38438324752720       -2.65977275027519       -0.78831946076150
C           -1.33024643091028       -2.39537323028889        0.37727781852535
O           -1.04985637446042       -3.76989799308616        0.50820284459070
C           -0.68759213192876       -1.68997597283474        1.57343951295409
O            0.69578400447749       -1.89131449101787        1.64907111320617
C            1.02138004598530       -0.08330111116842       -1.24166139330103
O            1.33733333384509       -1.43695215464285       -1.09526702659399
C            2.11399993949623        0.64355145398145       -2.06022922662349
O            1.50566873198758        1.58331018212635       -2.90339301151849
H            4.38424109299101        1.47188678615533        1.21760832961650
H            5.54669913479085        1.02926381827765       -0.06237973224220
H            4.99308985972113       -0.20473049787663        1.10893798555420
H            3.92491273307385        1.81019103321818       -1.62505699849385
H            0.52053154953411        2.52668546942784       -0.89513025473674
H            1.43944862522435        2.56890031398039        2.02238546627680
H           -0.24928734731792        2.78289504987886        1.47585055839733
H            1.86456323852449        4.45287596839442        0.65831676723672
H            1.36461242416176        0.18724197541940        0.89568300897845
H           -0.63857939703920        0.26821461622212        2.47924262909333
H           -2.75051635351882       -0.12614194921924       -0.40840499150829
H           -4.71211624591739        0.74268175496592        0.95572361799892
H           -4.95662611432506       -0.89847036457714        1.57771904051663
H           -5.27236649190252       -0.06441704436996       -1.09702243084540
H           -3.26745380822787       -2.62881870435044        1.27567425195523
H           -4.31955547123706       -2.39284399336775       -0.84529422412128
H           -0.90007887546116       -2.00961441061183       -0.55558800009997
H           -1.48243129313961       -4.23975509894880       -0.21923608071777
H           -1.16781446855770       -2.08596270085798        2.48584158259493
H            0.85050065986325       -2.84127942043737        1.52049168720191
H            0.09619997607018       -0.03994211183331       -1.82806420150689
H            2.14450241218641       -1.50929894925034       -0.56282691130756
H            2.64690524799013       -0.12406115524555       -2.63773705323197
H            2.14789491691871        1.93401936910750       -3.53839192667993
48
 energy: -84.854539652954 gnorm: 0.000381145280 xtb: 6.7.1 (edcfbbe)
C            4.70611025784948        0.67121103810123        0.54128670286387
O            3.63171546295654        0.26551554292859       -0.29954428260419
C            3.10613451696619        1.29781605057781       -1.08959072508552
O            2.49720525973854        2.30260888352567       -0.32532456843670
C            1.10631137308014        2.12336577987890       -0.05902077915392
C            0.79810493720038        2.92934139545457        1.20718908720680
O            0.98328441058907        4.30623743801219        1.01561458069915
C            0.75359414538014        0.63654854842907        0.10565947724498
O           -0.62688220102035        0.56595040531508        0.43916090530020
C           -1.03715075381715       -0.18722559048263        1.55815599202848
O           -2.42401818854663       -0.05368379225206        1.62968613158078
C           -3.10595002494896       -0.61409013327220        0.50895100891220
C           -4.59963326555912       -0.32184784906941        0.71974333609982
O           -5.37815189216743       -0.70835218220487       -0.38543837050458
C           -2.84033957627842       -2.12501423895384        0.39377659685100
O           -3.38283721224638       -2.66345969602827       -0.78589257048616
C           -1.32913656072157       -2.39469775501752        0.37946566460282
O           -1.04700774524434       -3.76863774567753        0.51234460827055
C           -0.68794275081179       -1.68709860740679        1.57499662917586
O            0.69561911472677       -1.88682170866702        1.65180657638950
C            1.02032419993401       -0.08109907190526       -1.24155803302835
O            1.33674716315124       -1.43457208091523       -1.09475569678027
C            2.11216696054849        0.64553967364593       -2.06115231237117
O            1.50366635845704        1.58646606094899       -2.90288323132185
H            4.38555241152095        1.46632960295317        1.21701714537544
H            5.54630312189002        1.02222203503179       -0.06407615263685
H            4.98985994509681       -0.21171082009657        1.10596350220176
H            3.92423894525189        1.80977036556399       -1.62478930140831
H            0.52149694646504        2.52987635325323       -0.89470956563312
H            1.43442915773737        2.56320498366018        2.02501172457848
H           -0.25078810845947        2.78902930710816        1.47275488347330
H            1.87498890427682        4.44791577624005        0.66456594119145
H            1.36314801624143        0.18921012881728        0.89589482691832
H           -0.64175396302286        0.27169761507640        2.47891473768762
H           -2.75066683574999       -0.12850710649135       -0.41051395328467
H           -4.71402655780369        0.74047833475206        0.95237915205970
H           -4.95878014159454       -0.90128013699963        1.57319509670178
H           -5.26816150143231       -0.06784274165960       -1.10263721211330
H           -3.26617834985129       -2.62851657865601        1.27811215872833
H           -4.31809812649941       -2.39719270943705       -0.84403638313667
H           -0.89903766044522       -2.00961171704208       -0.55370456150199
H           -1.47843104786848       -4.24020481787574       -0.21466766714210
H           -1.16828605262919       -2.08249342189479        2.48764975095827
H            0.85160175777600       -2.83642377511312        1.52123207428528
H            0.09481651593600       -0.03815403943666       -1.82740795802355
H            2.14656797228495       -1.50586325838987       -0.56610611192135
H            2.64421042982117       -0.12186821663392       -2.63980067844217
H            2.14505834769448        1.93592899562235       -3.53943372805861
