48
 energy: -84.786874141707 gnorm: 0.075148508108 xtb: 6.7.1 (edcfbbe)
C            5.60114685700533        1.68668388148595       -0.59335351046135
O            4.85648040755668        0.55271795901793       -0.19442170342924
C            3.58432961137377        0.49018090295474       -0.72284003036020
O            2.78517425669507        1.46780263672441       -0.09276140496587
C            1.45407647686188        1.52500681406693       -0.56698205351058
C            0.79482077401515        2.70210934397736        0.15832895682276
O            1.44360063860766        3.90825940488655       -0.13688982050547
C            0.71920216232728        0.19948305520383       -0.30992559312627
O           -0.52383859051375        0.25092508424840       -0.99215392917843
C           -1.66150502090497       -0.29258778988503       -0.39536816407279
O           -1.37605852994613       -0.85560930003432        0.85813789760244
C           -2.41965282675218       -1.66808807126105        1.37805013086331
C           -2.46233898230385       -3.07177966070210        0.73734404202769
O           -1.23591036080984       -3.73440045539563        0.80720469610033
C           -3.78485961978373       -0.96250336499619        1.27134599559532
O           -4.61051450974123       -1.18338104903154        2.38673346334268
C           -3.55409918942010        0.53934175298679        1.05317046481760
O           -4.77364952189874        1.23540546744024        0.99927509379708
C           -2.79401928504337        0.77579516571783       -0.26232353636395
O           -2.25666316766092        2.06554580866059       -0.29324230141087
C            1.53469682576358       -1.00730505742236       -0.80273352420618
O            1.01952515135291       -2.22540617717294       -0.30091652415348
C            3.02742572659060       -0.91061317559182       -0.44581045569267
O            3.76198339928562       -1.83671077326185       -1.19822656010443
H            5.13797778434582        2.61009905427194       -0.23569666695599
H            5.69414875846342        1.72648712840441       -1.68412164441152
H            6.58427076795590        1.56915377471389       -0.14395261500112
H            3.59104724826619        0.66752852849951       -1.81871246153566
H            1.45228149339525        1.71588321826777       -1.65159344833210
H            0.82558778442688        2.50221332018864        1.23893089247449
H           -0.23946354620169        2.79623804404138       -0.16964831169026
H            2.38319224087894        3.77518464392103        0.03944549973853
H            0.55742686176921        0.10198718392081        0.77030734724880
H           -2.03255737923852       -1.08218742450620       -1.07629751164449
H           -2.14385187888950       -1.78406623560762        2.43364025792768
H           -2.81224992925682       -2.99444367815833       -0.30151834351006
H           -3.18086374150366       -3.67367071365711        1.29885620304682
H           -0.59719453163013       -3.27081506721739        0.24368205582363
H           -4.35631079402507       -1.35529142217157        0.42210882136382
H           -4.14469236146101       -0.91461903981628        3.18914241805246
H           -2.93704668885033        0.93111936436680        1.88127050866486
H           -5.40619192670513        0.76543874083022        1.56052689532667
H           -3.50112428952703        0.64208862745099       -1.09545414414446
H           -2.98299863340690        2.68382790707235       -0.14014145100732
H            1.43209863247077       -1.07594201207400       -1.89137264113452
H            1.06851367447810       -2.19660134723038        0.66458102176439
H            3.15815396317684       -1.09664251840551        0.63394786406666
H            3.32049077576199       -2.69384633630499       -1.12608494689923
48
 energy: -84.792013987240 gnorm: 0.009925470335 xtb: 6.7.1 (edcfbbe)
C            5.59863229689385        1.68907227474159       -0.59266247438544
O            4.85262920726021        0.55653011015600       -0.19235567755220
C            3.57981675954854        0.49329423736136       -0.71968104090115
O            2.77597489950234        1.46423711235878       -0.08111212158724
C            1.44134502136809        1.52607355068180       -0.54860278527759
C            0.78358321329310        2.70198974459673        0.17442047336384
O            1.43577586031786        3.90586640397812       -0.12490217996064
C            0.73208520433594        0.17688555259705       -0.34995648714121
O           -0.51998546737602        0.20359690079184       -1.01609397795828
C           -1.66472824003012       -0.28987516878261       -0.39089432497222
O           -1.38257719665004       -0.82715884172868        0.87475949153699
C           -2.41891443054440       -1.65632697096132        1.38520138939626
C           -2.45813627209693       -3.06101635688779        0.74168069491271
O           -1.23291813255374       -3.72608217926933        0.81107367721856
C           -3.78605944744478       -0.95700744631513        1.27236058780713
O           -4.61268134144543       -1.17965133729802        2.38653433218874
C           -3.55436862043001        0.54484452910657        1.05141362779244
O           -4.77480800704959        1.23911506943739        0.99762509188287
C           -2.79400936545359        0.78130447163789       -0.26528628746306
O           -2.25591315623399        2.07017482535464       -0.30024897673353
C            1.54956095386528       -1.02663127063720       -0.82393821117706
O            1.03119127250237       -2.23913891085273       -0.31151668059316
C            3.03515657049107       -0.91425502716472       -0.45035193547099
O            3.77703289908195       -1.83760417976857       -1.19803164646236
H            5.13659707430354        2.61319288430740       -0.23566500405458
H            5.69172202640945        1.72747484354731       -1.68352625219639
H            6.58191201958511        1.57059438277007       -0.14369062547616
H            3.58625120485555        0.67464630057555       -1.81501960434183
H            1.44590054604852        1.72953512137713       -1.63189446521832
H            0.81509881238006        2.50195895113545        1.25439098385544
H           -0.24912521084504        2.79648496874336       -0.15786936853422
H            2.37610717377671        3.77068412952735        0.04623595904506
H            0.56751200326899        0.07731201608722        0.73161837408528
H           -2.04713897397872       -1.09064129018482       -1.05320271815066
H           -2.14661483750568       -1.77444426439053        2.44122046310199
H           -2.80821778134048       -2.98601554521539       -0.29759454984336
H           -3.17713229987109       -3.66493394319920        1.30101848877113
H           -0.59431900400617       -3.26536365262667        0.24528501820548
H           -4.35458838067939       -1.35258277567150        0.42233192032994
H           -4.14759558209789       -0.91153163636098        3.18957129955581
H           -2.93787861123041        0.93663049262244        1.87992944251876
H           -5.40643031409123        0.76779895397350        1.55888300331683
H           -3.50212408939584        0.64363809717823       -1.09682250674924
H           -2.98186009091276        2.68832162273470       -0.14538003396126
H            1.45039183114299       -1.09900726686846       -1.91175241246296
H            1.07061248215867       -2.19768331408183        0.65465772268983
H            3.15843648915091       -1.09954516988336        0.63069783610659
H            3.33479599906006       -2.69476485510740       -1.12937030131169
48
 energy: -84.792803785276 gnorm: 0.006116788735 xtb: 6.7.1 (edcfbbe)
C            5.59551273474343        1.69406385108426       -0.59121194243718
O            4.85002687067237        0.56156488115207       -0.19014516814284
C            3.57829349108773        0.49451069091981       -0.71929813771458
O            2.76718850614779        1.45470128035152       -0.07391519712278
C            1.43372709276073        1.51714515259838       -0.54861049085320
C            0.77178005569245        2.68097277498349        0.19010516502168
O            1.42129813512339        3.88726381629809       -0.10556846923399
C            0.72941655175934        0.16068294816972       -0.36168359605068
O           -0.52305443528810        0.18076878920993       -1.02882903154948
C           -1.66787842181050       -0.29452428070618       -0.38884911074972
O           -1.38489424178837       -0.80673629146940        0.88820980806116
C           -2.41677919026217       -1.64425628567933        1.39443263022911
C           -2.45028084818495       -3.04852210166586        0.74928855999478
O           -1.22507779931810       -3.71376250196154        0.81902131772924
C           -3.78575466202786       -0.94896846481923        1.27441375486310
O           -4.61646060108116       -1.16777177444887        2.38619925729517
C           -3.55467264928065        0.55247567544623        1.04690905224641
O           -4.77525160538841        1.24623482258360        0.98983346342002
C           -2.79131121825707        0.78415167628000       -0.27033267280675
O           -2.25325646969597        2.07289169041735       -0.30809266572563
C            1.55830980522127       -1.03146610059602       -0.84224733197186
O            1.04126927861422       -2.24427778316733       -0.33032500042030
C            3.04117495121916       -0.91741962923964       -0.45916438011140
O            3.79722209820360       -1.83445567405532       -1.20119713129557
H            5.13333580528696        2.61850754498832       -0.23532932708624
H            5.68895833216210        1.73104468846314       -1.68212341758784
H            6.57874232707575        1.57588894642010       -0.14205882578126
H            3.58362275185811        0.68511602613726       -1.81296347049181
H            1.44388585115272        1.74361301083742       -1.62961870352006
H            0.80404801125028        2.47960145686164        1.26997446891943
H           -0.26128977638932        2.77878818997027       -0.14015681631514
H            2.36301416200454        3.75376672341908        0.05937886133124
H            0.56232840606188        0.04467623113777        0.72002361826181
H           -2.06107983074008       -1.10283185310839       -1.03567496417274
H           -2.14761799106490       -1.76190026766470        2.45107943356205
H           -2.80107840672560       -2.97509748326071       -0.28996894906427
H           -3.16948088278028       -3.65146067934821        1.30949413689831
H           -0.58832305903911       -3.25891488304723        0.24642389775564
H           -4.35117467913284       -1.34845616490072        0.42416533608812
H           -4.15278901329223       -0.90054753184381        3.19030556315001
H           -2.93928201722306        0.94698280079037        1.87490707191732
H           -5.40684958656979        0.77588153799127        1.55206302000277
H           -3.49915104711624        0.64520586151387       -1.10190915898427
H           -2.97870566329393        2.69178416129855       -0.15349813310445
H            1.46817045577479       -1.10931568334965       -1.93075702900848
H            1.07526408116819       -2.19997878157201        0.63621299439995
H            3.15664129807482       -1.10385365031345        0.62269522327837
H            3.35826000998022       -2.69377121786591       -1.13812028665862
48
 energy: -84.793157230774 gnorm: 0.004846938242 xtb: 6.7.1 (edcfbbe)
C            5.59241370680695        1.70076983498853       -0.59018093278295
O            4.84886949703719        0.56705516047648       -0.18936420269765
C            3.57806081560678        0.49597635646107       -0.71969108979031
O            2.76094838234672        1.44505681014938       -0.06687910779396
C            1.42889925447790        1.50632161984731       -0.54751933669641
C            0.76115484636478        2.65770553562402        0.20619424197421
O            1.40452997058608        3.87070730978679       -0.07768481589581
C            0.72667069651222        0.14716793221897       -0.36777552745232
O           -0.52556131624434        0.16994411987792       -1.03712213630315
C           -1.66827593424625       -0.29776109828062       -0.38643584598645
O           -1.38455531546041       -0.79366665352219        0.89731326159970
C           -2.41492105787936       -1.63252644639485        1.40362911204489
C           -2.44297753212948       -3.03775651306291        0.76158654177679
O           -1.21588569525589       -3.69936175157073        0.83203737101682
C           -3.78549878157995       -0.93975850620595        1.27688858042183
O           -4.62022590899000       -1.15115757753473        2.38703478328567
C           -3.55641723120954        0.56095400887694        1.03962317777220
O           -4.77715136361051        1.25373884617877        0.97642443700522
C           -2.78972472599173        0.78521126395925       -0.27791721075225
O           -2.25159206288163        2.07363346528720       -0.31859699087660
C            1.56381058892997       -1.03719005590552       -0.85902476543543
O            1.05051390748404       -2.25547298740743       -0.35476064179870
C            3.04546657122279       -0.91926021475340       -0.46956084729317
O            3.81345691506757       -1.82853732241021       -1.20915885925791
H            5.12901494718376        2.62485674086730       -0.23473619802417
H            5.68610058846997        1.73746145199865       -1.68107418769973
H            6.57560536817122        1.58401574457252       -0.14062641789854
H            3.58149602237642        0.69678425722886       -1.81143788360071
H            1.44002954319875        1.74878497158815       -1.62505398327440
H            0.79649288212633        2.44578506626049        1.28396654617781
H           -0.27331428434734        2.75618550840226       -0.11946100389976
H            2.34764397161915        3.73875466803335        0.08054246615399
H            0.56078920875334        0.01706575733499        0.71228331823112
H           -2.06953126465325       -1.11158278363311       -1.01953306889648
H           -2.14833766234984       -1.74715220466486        2.46109650482474
H           -2.79482026799046       -2.96794015217760       -0.27739111073001
H           -3.16073883163390       -3.63981401106241        1.32448598995032
H           -0.58405441189127       -3.25348038410497        0.24671360883532
H           -4.34803000368039       -1.34539104278043        0.42766679631231
H           -4.15797025828509       -0.88309798719489        3.19161374851786
H           -2.94241965204425        0.96156017809211        1.86576332065425
H           -5.40888335902095        0.78616940857209        1.54088006769882
H           -3.49537942937918        0.64494510335608       -1.11126393712971
H           -2.97654217937625        2.69354439666202       -0.16562875499581
H            1.48028259220695       -1.11371195775828       -1.94826945375480
H            1.08428414660020       -2.21469488582156        0.61187038989697
H            3.15502182287006       -1.10933219835116        0.61233460811893
H            3.38124925150643       -2.69151263562391       -1.15031333646933
48
 energy: -84.793397185242 gnorm: 0.003257524625 xtb: 6.7.1 (edcfbbe)
C            5.58965477470721        1.70694293161522       -0.59011932224877
O            4.84876522151150        0.57119705910077       -0.19039989593152
C            3.57845939923289        0.49761262013153       -0.72099647721483
O            2.75786774105986        1.43810753007167       -0.06162523460830
C            1.42691176963473        1.49700985275393       -0.54497240189227
C            0.75292598669233        2.63608727267921        0.22266970046431
O            1.38849466952094        3.85730875519962       -0.04571933846232
C            0.72616659073879        0.13757898386096       -0.36969778052967
O           -0.52610457930786        0.16508451715470       -1.04007793214870
C           -1.66777222353503       -0.29903832798530       -0.38457493842040
O           -1.38433184804602       -0.78670013019676        0.90186292615034
C           -2.41499170820054       -1.62196540658918        1.41204321758586
C           -2.43818812043407       -3.03007128360237        0.77704672164956
O           -1.20714836410973       -3.68427457026809        0.84809695605677
C           -3.78657289799097       -0.93092833308871        1.27888893337388
O           -4.62349533736151       -1.13392809474903        2.38889124452619
C           -3.55961192690994        0.56866355856318        1.03062524954105
O           -4.78095054064892        1.25937729121773        0.95977431080407
C           -2.78915566444136        0.78573781749324       -0.28611299131080
O           -2.25151761447650        2.07413189213968       -0.33043461157616
C            1.56813028981388       -1.04116963293544       -0.87349722290216
O            1.05976803609207       -2.26711631699061       -0.38041813314242
C            3.04938856357475       -0.92044723458051       -0.48008002324809
O            3.82470211347621       -1.82220801846537       -1.22093607013810
H            5.12416148296668        2.63013863435948       -0.23465694390960
H            5.68391309773773        1.74439312072856       -1.68091566431583
H            6.57274996546036        1.59244098970449       -0.13981253387787
H            3.58013264840411        0.70682237724575       -1.81106754467572
H            1.43616490486005        1.74768239480005       -1.61925255107970
H            0.79190019169292        2.40932270936013        1.29753894839487
H           -0.28280706893975        2.73273403650330       -0.09902054717736
H            2.33266720576528        3.72690769706651        0.10704440809978
H            0.56328120905874       -0.00299000861838        0.70801211871171
H           -2.07204840134938       -1.11725388441515       -1.00799805832601
H           -2.15004690744086       -1.73060649052672        2.47055014190544
H           -2.79207663777354       -2.96671557645351       -0.26141511141847
H           -3.15206039499777       -3.63257969063992        1.34424631632310
H           -0.58333830543350       -3.24875633632188        0.24592868755784
H           -4.34692057825856       -1.34393352997986        0.43176450191111
H           -4.16222086258194       -0.86286466317753        3.19298283159291
H           -2.94759396564769        0.97682714207327        1.85464626023964
H           -5.41291756456904        0.79530368542757        1.52685171024055
H           -3.49091684672669        0.64249634656587       -1.12219686851790
H           -2.97636861638358        2.69479051427644       -0.18001725232659
H            1.48680541606236       -1.11023793585478       -1.96330955309151
H            1.10005510362421       -2.23604699020574        0.58619551640755
H            3.15528545119363       -1.11553614371560        0.60135230756194
H            3.40080211016874       -2.68933498322806       -1.16420078272374
48
 energy: -84.793617699793 gnorm: 0.003655132798 xtb: 6.7.1 (edcfbbe)
C            5.58723470615012        1.71318474903864       -0.59132573740027
O            4.85019651220651        0.57411289175416       -0.19405153315772
C            3.57966983084261        0.49943349197345       -0.72365415670809
O            2.75751335015585        1.43305856576661       -0.05770897037691
C            1.42665999506521        1.48895809202562       -0.53949292960438
C            0.74659843271099        2.61551081538601        0.24176463734142
O            1.37348251406966        3.84547216061282       -0.00791678762164
C            0.72779826004813        0.12968484788951       -0.36794117175412
O           -0.52446335193465        0.16203642810330       -1.03883385316139
C           -1.66700184285307       -0.29995690238131       -0.38394202050518
O           -1.38484450656099       -0.78385359039787        0.90328383485011
C           -2.41716243126616       -1.61181899282199        1.42039631546679
C           -2.43596188166524       -3.02487375827889        0.79633020244096
O           -1.19884407145320       -3.66815608614336        0.86684386483871
C           -3.78894358894289       -0.92192222989962        1.28035238773397
O           -4.62651111795388       -1.11505253901290        2.39157736104556
C           -3.56376997343239        0.57593981731351        1.01951966509899
O           -4.78609497759382        1.26375768128113        0.93925877289207
C           -2.78924348198198        0.78499151240198       -0.29571932193837
O           -2.25270590609663        2.07366070508806       -0.34546662965433
C            1.57242865097315       -1.04350943839578       -0.88638962572957
O            1.06927984028745       -2.27842485105403       -0.40832981062205
C            3.05382896673097       -0.92134431808491       -0.49170898548773
O            3.83259108735656       -1.81531535564298       -1.23752398632141
H            5.11803997374495        2.63443413204739       -0.23519910711785
H            5.68235322573249        1.75259861587057       -1.68195620448793
H            6.57025385237841        1.60205632855673       -0.14001498905910
H            3.57933633592825        0.71563202209782       -1.81226774872728
H            1.43165544607835        1.74453928758859       -1.61105271649256
H            0.78885014705494        2.37124719551964        1.31303064188438
H           -0.29002678488400        2.70896355738116       -0.07723426196402
H            2.31835593362273        3.71697712131469        0.14112376072027
H            0.56821804362824       -0.02019007579942        0.70730863093738
H           -2.07056982015004       -1.12171574968337       -1.00202206345787
H           -2.15325071465957       -1.71127877398397        2.48017056571629
H           -2.79399247461938       -2.97072857946756       -0.24104128696794
H           -3.14306719645456       -3.62898685482233        1.37020352620032
H           -0.58606185787108       -3.24280428555826        0.24597295238270
H           -4.34816305569057       -1.34311579648059        0.43650728686364
H           -4.16572052908853       -0.83839651132816        3.19405443299882
H           -2.95459027921137        0.99255064072903        1.84160169908413
H           -5.41854871880989        0.80425732222894        1.50949292265751
H           -3.48640554906539        0.63675565109439       -1.13464975542232
H           -2.97783781661248        2.69488829171723       -0.19872077549805
H            1.48977869652854       -1.09917405791723       -1.97673723955246
H            1.12331514663925       -2.26435344740112        0.55822930210085
H            3.15844167180757       -1.12292049720404        0.58869971753640
H            3.41789827674001       -2.68681308466463       -1.18133358920684
48
 energy: -84.793822607932 gnorm: 0.004127377737 xtb: 6.7.1 (edcfbbe)
C            5.58497851193959        1.71984864103446       -0.59385459104593
O            4.85317010547823        0.57583103623273       -0.20090340893602
C            3.58147799110575        0.50132096843877       -0.72791370275285
O            2.75939245868991        1.42925347950603       -0.05456892791840
C            1.42713233813085        1.48236047378796       -0.53026579454104
C            0.74230258853047        2.59654282191231        0.26485832954952
O            1.36124559883559        3.83414890206194        0.03519597550672
C            0.73081528644550        0.12235453782565       -0.36321261274054
O           -0.52093931121439        0.15832177144745       -1.03507632584215
C           -1.66614234969203       -0.30223214003967       -0.38495661728719
O           -1.38630295065639       -0.78426899246198        0.90272586626258
C           -2.42132692183355       -1.60234386372042        1.42886512237777
C           -2.43637898208566       -3.02188168534548        0.81877555837348
O           -1.19171435420572       -3.65194317417209        0.88643769230122
C           -3.79234029652063       -0.91291563436891        1.28134303120457
O           -4.62954873322730       -1.09460241787519        2.39482551246409
C           -3.56794915489432        0.58254459086751        1.00654504321819
O           -4.79125891654863        1.26740924458044        0.91534518083911
C           -2.78953158229057        0.78196521591458       -0.30715384077571
O           -2.25436392596925        2.07104146367198       -0.36524456748415
C            1.57697721975665       -1.04424876041353       -0.89754896322777
O            1.07878270118843       -2.28820369889813       -0.43732301792361
C            3.05898308971244       -0.92223385638865       -0.50466830605402
O            3.83796116545850       -1.80795197915267       -1.25919327199906
H            5.11028492902313        2.63770533764245       -0.23594426714245
H            5.68126234313732        1.76285765506521       -1.68425157155591
H            6.56797148467865        1.61303580361580       -0.14144759301051
H            3.57853392972914        0.72368886714382       -1.81526513835653
H            1.42561941885611        1.74271744440606       -1.59988952554484
H            0.78638511541717        2.33476883447051        1.33216983810393
H           -0.29471414393337        2.68715054967713       -0.05314584957139
H            2.30645545390929        3.70800934001939        0.18290533995841
H            0.57366055312634       -0.03675721317665        0.70997068131433
H           -2.06636473695626       -1.12691822503363       -1.00193050015010
H           -2.15805943307663       -1.69006353083532        2.48999263846964
H           -2.80139866827078       -2.97914647194977       -0.21660140209679
H           -3.13386565999055       -3.62797914470078        1.40231584751901
H           -0.59158837639613       -3.23362241107979        0.24934199289597
H           -4.35168226404637       -1.34248380655602        0.44182299424451
H           -4.16881159316265       -0.80950760141121        3.19448155104210
H           -2.96229767634761        1.00798266191574        1.82688994375555
H           -5.42457544618523        0.81394364275766        1.48944116086786
H           -3.48286729146480        0.62671051518959       -1.14788440612883
H           -2.98007653624346        2.69282106762329       -0.22360992670265
H            1.49060603660284       -1.08252573285421       -1.98840277630297
H            1.15288754442635       -2.29748202215815        0.52875101821513
H            3.16535641638851       -1.13162448016383        0.57413038555975
H            3.43185399247675       -2.68340187497962       -1.20338657717187
48
 energy: -84.794001515780 gnorm: 0.003781671852 xtb: 6.7.1 (edcfbbe)
C            5.58275101561287        1.72694639522478       -0.59732855009656
O            4.85705367852104        0.57674698044728       -0.21054752786078
C            3.58335596638668        0.50327772822715       -0.73349041152710
O            2.76249477248526        1.42608150213899       -0.05161502922206
C            1.42743336992925        1.47736718130010       -0.51801439385983
C            0.74021632578435        2.58022026030580        0.29113507032236
O            1.35371915799799        3.82314071346831        0.08060245590447
C            0.73413841165102        0.11530473071958       -0.35680626211161
O           -0.51633786097639        0.15293528747220       -1.03084437179918
C           -1.66506070873522       -0.30688510140708       -0.38740477428945
O           -1.38841192941305       -0.78717923554200        0.90125474391529
C           -2.42674529048203       -1.59424025867687        1.43701782450878
C           -2.43908949205474       -3.02074612015705        0.84243790542550
O           -1.18677029188324       -3.63736360206038        0.90435085201585
C           -3.79615107418158       -0.90450212675139        1.28187917204071
O           -4.63277920436005       -1.07388774759558        2.39795991740332
C           -3.57116733990057        0.58808588557371        0.99281718035448
O           -4.79500710113840        1.27078817666753        0.89017827612879
C           -2.78955057288954        0.77617038344091       -0.31993843216970
O           -2.25542464695846        2.06541735388783       -0.38933561046751
C            1.58145226655316       -1.04385502628842       -0.90640984078475
O            1.08770593641098       -2.29548342083080       -0.46393537137984
C            3.06448201831929       -0.92302766324052       -0.51840035901532
O            3.84130983747890       -1.80037015487947       -1.28453974529007
H            5.10145809443446        2.64013016446464       -0.23629050648531
H            5.68038429362064        1.77520677341912       -1.68742786773501
H            6.56572810167821        1.62457089740758       -0.14389328191688
H            3.57689236115036        0.73161722193628       -1.81966430770076
H            1.41772694434602        1.74417316665373       -1.58618341077589
H            0.78433168692756        2.30290344226550        1.35457202201952
H           -0.29681880554776        2.67012539109635       -0.02717552221609
H            2.29897854844654        3.69926762464648        0.22926150379172
H            0.57784390264118       -0.05289847466209        0.71481070350301
H           -2.06042744301904       -1.13412657497060       -1.00610139419742
H           -2.16391886114316       -1.66923659753068        2.49935267232916
H           -2.81382687815572       -2.99069643875446       -0.18994175282212
H           -3.12492352059559       -3.62821190051452        1.43833675717922
H           -0.59876906068758       -3.22056032272572        0.25675648261797
H           -4.35660343253653       -1.34185676957263        0.44717619813072
H           -4.17201303450856       -0.77812346974301        3.19389356252929
H           -2.96910935701376        1.02197693625604        1.81144234648664
H           -5.42954474213556        0.82463986205235        1.46867540664058
H           -3.48086109760351        0.61250004988326       -1.16074689965358
H           -2.98190486589296        2.68791664246672       -0.25461281898779
H            1.49029189692749       -1.06457011320265       -1.99752396711872
H            1.18441269408583       -2.33003193143113        0.50039566381028
H            3.17587239046438       -1.14107894381391        0.55824122031892
H            3.44117990803830       -2.67858260739312       -1.23088830704665
48
 energy: -84.794148829951 gnorm: 0.003262961603 xtb: 6.7.1 (edcfbbe)
C            5.58039149846923        1.73445410017122       -0.60116173147786
O            4.86093751943634        0.57761616560300       -0.22186351393178
C            3.58477057579306        0.50548309827637       -0.73976048111339
O            2.76559784829489        1.42296139123817       -0.04829653289393
C            1.42706303773055        1.47369815985654       -0.50443211969648
C            0.73999847526033        2.56654495930289        0.31890522830219
O            1.35142187991182        3.81240741476257        0.12594424616234
C            0.73691273711624        0.10868629398119       -0.35014082399628
O           -0.51160297804103        0.14594858823661       -1.02765595957909
C           -1.66363132866356       -0.31400324256402       -0.39069003344505
O           -1.39059901806955       -0.79163516772052        0.89965294911250
C           -2.43240266428224       -1.58775223193115        1.44449435723096
C           -2.44328283159847       -3.02095536015417        0.86579006643012
O           -1.18432482446728       -3.62550737490482        0.91944978412067
C           -3.79973603997928       -0.89699730087060        1.28193116997299
O           -4.63619846836969       -1.05409988756168        2.40025264997302
C           -3.57285532454770        0.59250078137578        0.97928626553498
O           -4.79649856333722        1.27428487720909        0.86582627002834
C           -2.78895859646384        0.76795795614783       -0.33337963262168
O           -2.25502635788589        2.05677372626867       -0.41618578282108
C            1.58550071755622       -1.04299600240614       -0.91287776855449
O            1.09573365706858       -2.30021040432797       -0.48520840435256
C            3.06993878431503       -0.92348694779053       -0.53231732491070
O            3.84312104008678       -1.79261893737824       -1.31183292380938
H            5.09251364362129        2.64225329315837       -0.23573575073041
H            5.67927369595021        1.78930364410760       -1.69089741197351
H            6.56334504225487        1.63573304670125       -0.14694716527547
H            3.57378923861162        0.74018813791211       -1.82464771147130
H            1.40858777344189        1.74897438347581       -1.57097783325382
H            0.78280170455577        2.27560041586922        1.37873680598950
H           -0.29689902925200        2.65889059588547       -0.00008753546767
H            2.29653873012175        3.68971530288993        0.27673280914333
H            0.57994372599820       -0.06801189205884        0.72016686686869
H           -2.05358888980134       -1.14377322506071       -1.01177876381630
H           -2.16999174213095       -1.65028994257124        2.50778357268864
H           -2.82979772862397       -3.00422649829500       -0.16269976970371
H           -3.11647729103533       -3.62847111538330        1.47587702321809
H           -0.60646495735541       -3.20433367670824        0.26706441874906
H           -4.36167718292711       -1.34117879691562        0.45191166403387
H           -4.17578998328008       -0.74649464329027        3.19205806048888
H           -2.97371510677824        1.03395199904469        1.79590464000732
H           -5.43249616397041        0.83618770352873        1.44888029651130
H           -3.48004274330361        0.59522863708477       -1.17267990632771
H           -2.98235054800507        2.68031900698577       -0.29060010244157
H            1.48931258571101       -1.04912265818320       -2.00384576414200
H            1.21277320203832       -2.35686747569239        0.47567082052615
H            3.18912147830843       -1.15065468339428        0.54167715212099
H            3.44501673886918       -2.67198006368030       -1.26380914943571
48
 energy: -84.794263617242 gnorm: 0.002901897152 xtb: 6.7.1 (edcfbbe)
C            5.57766184901505        1.74244989208012       -0.60484449339540
O            4.86406692854889        0.57920558538001       -0.23358764739325
C            3.58537794882495        0.50811996462663       -0.74600904033139
O            2.76771924658851        1.41941255551143       -0.04411983702973
C            1.42590223742317        1.47079248513000       -0.49104732318113
C            0.74082785477211        2.55462714423557        0.34657208670341
O            1.35350042177228        3.80170424411485        0.17020178278251
C            0.73873785434981        0.10273199210097       -0.34406427639197
O           -0.50740397530453        0.13798429053975       -1.02603018980823
C           -1.66182948991350       -0.32301354901827       -0.39414086768153
O           -1.39232377872469       -0.79674587572371        0.89840479929455
C           -2.43749744902203       -1.58261457677843        1.45126170018861
C           -2.44812278111317       -3.02188780032640        0.88795019198300
O           -1.18413739192468       -3.61670054547313        0.93168371849106
C           -3.80265570124532       -0.89027733432025        1.28149644584341
O           -4.63969156813771       -1.03571638839368        2.40124744409596
C           -3.57292510277683        0.59610140970927        0.96638250438882
O           -4.79560514773266        1.27825515581997        0.84350201173134
C           -2.78763772498734        0.75817612191548       -0.34694306335224
O           -2.25281168377292        2.04574635002369       -0.44406245797148
C            1.58888498992818       -1.04220594508627       -0.91737649126749
O            1.10267122771513       -2.30316954032540       -0.50026535803553
C            3.07511907857901       -0.92350551141500       -0.54613999273570
O            3.84380616584772       -1.78457303848997       -1.33987359816525
H            5.08417363154629        2.64478498437095       -0.23398121738165
H            5.67725860456743        1.80479249629338       -1.69415933749798
H            6.56069005628299        1.64608827012785       -0.15039241536492
H            3.56900680861499        0.75002100932924       -1.82932075693485
H            1.39931428660809        1.75586717918565       -1.55531259766260
H            0.78164016650858        2.25087078165375        1.40295466696949
H           -0.29587742025122        2.65250862251985        0.02728257882515
H            2.29831557033295        3.67806564699715        0.32293046224674
H            0.58008304427673       -0.08159838931278        0.72489997130116
H           -2.04650877537312       -1.15559414349140       -1.01647408084067
H           -2.17565614994377       -1.63355176238643        2.51529850475852
H           -2.84745525907614       -3.01830417255520       -0.13595953334072
H           -3.10874305807027       -3.62800365769861        1.51277644560018
H           -0.61358266986068       -3.18580267773521        0.27969170713103
H           -4.36581563751294       -1.34037087174955        0.45556411955667
H           -4.18038302936859       -0.71612358175418        3.18899335198819
H           -2.97544378447569        1.04406495680410        1.78044451997046
H           -5.43316861056274        0.84830969431067        1.43085817072344
H           -3.47954804536329        0.57637672383756       -1.18381786461088
H           -2.98094804550130        2.67075313461825       -0.33019179306035
H            1.48745599040117       -1.03777943010092       -2.00789311146574
H            1.23611276929303       -2.37676363748092        0.45614335699732
H            3.20402494722587       -1.16007061628635        0.52475698608777
H            3.44341756962634       -2.66344149455744       -1.30180296363648
48
 energy: -84.794341731725 gnorm: 0.002625652624 xtb: 6.7.1 (edcfbbe)
C            5.57444143103731        1.75060112322897       -0.60786006284364
O            4.86592505674280        0.58181842563349       -0.24415291937515
C            3.58507101454844        0.51108243917940       -0.75137096781320
O            2.76831216192278        1.41526008680331       -0.03893741980005
C            1.42415645852549        1.46814304894739       -0.47931356766762
C            0.74172519677463        2.54388379268419        0.37163403528232
O            1.35820251863772        3.79109566083313        0.21088138612854
C            0.73953038900775        0.09775357404137       -0.33905592577107
O           -0.50420153454171        0.13017286778718       -1.02573320939502
C           -1.65984935828922       -0.33249973725642       -0.39708092901854
O           -1.39326280166343       -0.80152638907094        0.89777514893699
C           -2.44147433699329       -1.57849121772993        1.45713506925990
C           -2.45281233513930       -3.02279237040775        0.90733315090757
O           -1.18567652448823       -3.61084886347143        0.94111653546524
C           -3.80469434630238       -0.88430669098800        1.28066893935928
O           -4.64302609366181       -1.01952808232454        2.40084203387036
C           -3.57171070717604        0.59918346133721        0.95480543516645
O           -4.79286607998877        1.28271912999331        0.82470607756268
C           -2.78577009605869        0.74837125135153       -0.35955646473129
O           -2.24911067078850        2.03398755407288       -0.47006389233748
C            1.59139683017570       -1.04185859517251       -0.92036731158741
O            1.10833774417099       -2.30534103901642       -0.50924035649523
C            3.07968550053454       -0.92321654813460       -0.55921528081833
O            3.84370086692843       -1.77651645855161       -1.36669998369377
H            5.07708898275983        2.64808779023599       -0.23089495975708
H            5.67369587919819        1.82064341136971       -1.69674960285538
H            6.55785467677763        1.65517672566374       -0.15411260222390
H            3.56295651297600        0.76087190030348       -1.83279657141636
H            1.39135243744919        1.76282047115673       -1.54069353536371
H            0.78038925770478        2.22788256161621        1.42463936918289
H           -0.29467588727948        2.64919639269396        0.05262909124008
H            2.30257399592583        3.66386838164470        0.36427723760118
H            0.57894387481741       -0.09302616763137        0.72843492086307
H           -2.04001788870431       -1.16816018358334       -1.01861712356570
H           -2.18045571740721       -1.61942214873619        2.52177703264056
H           -2.86417898480727       -3.03069835161660       -0.11187930203231
H           -3.10237996783830       -3.62650435945055        1.54546120652083
H           -0.61890280300167       -3.16648674968144        0.29431899485524
H           -4.36830765566004       -1.33935627466854        0.45781496273938
H           -4.18557249522004       -0.68917140592537        3.18513367537580
H           -2.97432423222124        1.05238952844566        1.76581082244213
H           -5.43192060867206        0.86002785541534        1.41556350753374
H           -3.47857906596195        0.55839331618353       -1.19398524860993
H           -2.97787252733358        2.66073842297952       -0.36979957317272
H            1.48428979773573       -1.03092679382585       -2.01034306181040
H            1.25579343980342       -2.39110762324957        0.44310830968605
H            3.21877983527084       -1.16892270126881        0.50835328136562
H            3.43743582866927       -2.65346427055318       -1.34221313350047
48
 energy: -84.794383202465 gnorm: 0.001878594305 xtb: 6.7.1 (edcfbbe)
C            5.57121404882403        1.75733471901519       -0.60959958483834
O            4.86634775909430        0.58474548702699       -0.25132369144332
C            3.58411946065783        0.51361708768934       -0.75470613612505
O            2.76750529197281        1.41122590580072       -0.03382340916974
C            1.42245463656122        1.46581486931340       -0.47149395490731
C            0.74200443193374        2.53571506378489        0.38876304695729
O            1.36314716320806        3.78234470051191        0.23999466602336
C            0.73948123263197        0.09437702929954       -0.33592816045050
O           -0.50241758866505        0.12440019149721       -1.02621904772549
C           -1.65825945922733       -0.33978712001660       -0.39892840101168
O           -1.39341130501966       -0.80483920437233        0.89764707528675
C           -2.44380429691705       -1.57578093982355        1.46096362480393
C           -2.45635586133619       -3.02313349663942        0.91989119916058
O           -1.18807744492536       -3.60813271126001        0.94666189090641
C           -3.80568046547672       -0.87994448163106        1.27972745381295
O           -4.64547041090557       -1.00834734403070        2.39947791461065
C           -3.56984186675066        0.60147685374488        0.94681967545384
O           -4.78940518906330        1.28688119642687        0.81307662348074
C           -2.78393876437120        0.74123842610210       -0.36848389482854
O           -2.24512376064405        2.02482231284389       -0.48827624557595
C            1.59280144826038       -1.04235361192813       -0.92159933130875
O            1.11244792775797       -2.30718029162149       -0.51122805113102
C            3.08287616137023       -0.92293163566405       -0.56905085625592
O            3.84308834131405       -1.77005970671862       -1.38698401551462
H            5.07237270575070        2.65147835390760       -0.22683906634483
H            5.66872321368702        1.83384888273442       -1.69818320358695
H            6.55547905685965        1.66158777807534       -0.15775631379436
H            3.55721453924269        0.77027443446378       -1.83433416390496
H            1.38664127129859        1.76735924408988       -1.53029127137450
H            0.77871353695186        2.21032264958411        1.43899044211438
H           -0.29389890861268        2.64775487430971        0.07013395717602
H            2.30703233189268        3.64989801480301        0.39252917486620
H            0.57745659426968       -0.10050533170527        0.73029611866619
H           -2.03560300026257       -1.17800763881516       -1.01824693067734
H           -2.18362108278858       -1.61024282790803        2.52598768755096
H           -2.87583743908725       -3.03825675522070       -0.09583332085533
H           -3.09888603533171       -3.62450587347069        1.56666131092493
H           -0.62116459543829       -3.15064175291776        0.30810057289657
H           -4.36898894806215       -1.33813657351594        0.45844445997450
H           -4.18993833471322       -0.67090086365987        3.18166007211009
H           -2.97112164978725        1.05770143596621        1.75502920988788
H           -5.42954897187298        0.86882248340969        1.40585276637860
H           -3.47713378475102        0.54579137263358       -1.20128429771966
H           -2.97406634686415        2.65310184083020       -0.40006855566541
H            1.48037001333278       -1.02951503092990       -2.01109856670978
H            1.27028765111622       -2.39883643282140        0.43855021266639
H            3.23006646001456       -1.17561827256700        0.49571345487297
H            3.42974720194963       -2.64428115901275       -1.37590492188788
48
 energy: -84.794404159214 gnorm: 0.001142561363 xtb: 6.7.1 (edcfbbe)
C            5.56739404990332        1.76353953006492       -0.61034325216336
O            4.86572945593439        0.58796545148440       -0.25615143984423
C            3.58263130213762        0.51576686915173       -0.75647391419747
O            2.76555655320342        1.40670613560121       -0.02830535655198
C            1.42087025108700        1.46315119509629       -0.46662324392236
C            0.74135054910901        2.52887300153788        0.39945861846787
O            1.36789396277611        3.77431857865361        0.26054713655615
C            0.73888428415079        0.09172570801919       -0.33415033689810
O           -0.50155993020114        0.12017056047596       -1.02715229683929
C           -1.65705319868386       -0.34506215525391       -0.40010960407304
O           -1.39305651154853       -0.80701987100557        0.89764795310447
C           -2.44509300040150       -1.57405958132441        1.46292144513351
C           -2.45928498661150       -3.02280763683288        0.92637211918660
O           -1.19127350815183       -3.60756564481528        0.94941150778057
C           -3.80594107107419       -0.87647727984774        1.27864663770811
O           -4.64722912053020       -1.00072731938703        2.39735912513417
C           -3.56723325752210        0.60354266774958        0.94179201821958
O           -4.78503291674419        1.29156557975825        0.80772776448412
C           -2.78207644035374        0.73668049928594       -0.37442945658720
O           -2.24073832585825        2.01823092140358       -0.50008764683274
C            1.59351585003490       -1.04430999256530       -0.92099535722978
O            1.11643467743814       -2.30955636007757       -0.50577012493937
C            3.08531001470892       -0.92294261643964       -0.57678092085450
O            3.84218586510605       -1.76453324586742       -1.40324088095970
H            5.06917683280477        2.65511487574564       -0.22054369605574
H            5.66071821174007        1.84665124451609       -1.69876318687337
H            6.55346996780449        1.66637659201929       -0.16265096878644
H            3.55133578509940        0.77886853583401       -1.83424576964685
H            1.38495836362489        1.76922050909741       -1.52331831712808
H            0.77558088524651        2.19597627923143        1.44724303943441
H           -0.29363397702090        2.64686731573769        0.08057178861952
H            2.31120704206922        3.63485210518819        0.41063329229852
H            0.57578498034482       -0.10532226294349        0.73102910862843
H           -2.03304393225071       -1.18528212840014       -1.01630459334694
H           -2.18571120136668       -1.60510218056364        2.52817474473874
H           -2.88314105600458       -3.04139278191076       -0.08727999734483
H           -3.09846125116330       -3.62221947177018        1.57761527466752
H           -0.62050929506306       -3.13729412626304        0.32223225787610
H           -4.36843501583642       -1.33617856298324        0.45766608372620
H           -4.19348172483175       -0.65946085654670        3.17864152316748
H           -2.96570774875975        1.06069331866302        1.74741246351413
H           -5.42600707479850        0.87569555614069        1.40095321352498
H           -3.47520111555753        0.53810535003511       -1.20634151685635
H           -2.96929979953408        2.64792082428939       -0.42292361406842
H            1.47520454205135       -1.03409566342278       -2.01001221577927
H            1.28247605316647       -2.40088011106501        0.44265461266034
H            3.23944814403093       -1.18113078663930        0.48550251796515
H            3.42108480548775       -2.63516241715155       -1.40572932136529
48
 energy: -84.794412580281 gnorm: 0.000646755466 xtb: 6.7.1 (edcfbbe)
C            5.56624624649902        1.76436647751214       -0.61006359280704
O            4.86547309057521        0.58823655464415       -0.25600420807685
C            3.58231822043245        0.51559547586617       -0.75598031737331
O            2.76500937797015        1.40561522390530       -0.02735394015558
C            1.42099816602473        1.46216982743707       -0.46748911802053
C            0.74041033473285        2.52841872811334        0.39691825570440
O            1.36759182729054        3.77357022446270        0.25840837730197
C            0.73875583093556        0.09123911195331       -0.33439187988416
O           -0.50166238056993        0.12054445850611       -1.02720342119938
C           -1.65723844148340       -0.34410219248043       -0.40005788496467
O           -1.39304052727271       -0.80661688313004        0.89748533544652
C           -2.44506429455732       -1.57434456640841        1.46187256241680
C           -2.45943381336509       -3.02229074004715        0.92310592825100
O           -1.19194387530624       -3.60828501598634        0.94881138991860
C           -3.80579473317488       -0.87623328219574        1.27848074890136
O           -4.64711709761443       -1.00140710810379        2.39695669704895
C           -3.56649605908265        0.60408364395052        0.94309415109684
O           -4.78396174887766        1.29308422933361        0.81104747259607
C           -2.78188958701866        0.73819894120014       -0.37331338321377
O           -2.24020353428788        2.01979075916521       -0.49763368885914
C            1.59342533171243       -1.04606956657540       -0.91939314614116
O            1.11766766170875       -2.31080401077522       -0.49966962322087
C            3.08557225558922       -0.92348090846895       -0.57674649945018
O            3.84228642563639       -1.76425166629625       -1.40380921182552
H            5.06932040270332        2.65547922073422       -0.21725020773912
H            5.65641761085292        1.84945865206405       -1.69858708990948
H            6.55362801846476        1.66644595455858       -0.16538784333983
H            3.55049168626987        0.77924423606783       -1.83353351944854
H            1.38677340372229        1.76709760815517       -1.52459731964205
H            0.77334354726043        2.19560204431165        1.44469653560236
H           -0.29405637171597        2.64618797983127        0.07677326970996
H            2.31077979832204        3.63261545143877        0.40738472389269
H            0.57560638819680       -0.10487082977822        0.73091608992652
H           -2.03405857137796       -1.18393276004571       -1.01601834507514
H           -2.18566887867344       -1.60701637065581        2.52711495745058
H           -2.88072569351103       -3.03882232113502       -0.09178154011414
H           -3.10100772724552       -3.62216831851998        1.57180544757262
H           -0.61871184509033       -3.13820607319025        0.32389559799471
H           -4.36821407582813       -1.33495324364000        0.45685857483721
H           -4.19308862192658       -0.66200932705237        3.17895777798229
H           -2.96384668791498        1.05992538157104        1.74873108230748
H           -5.42495777305509        0.87578371284135        1.40336156906315
H           -3.47488110045611        0.54074124647776       -1.20555983467099
H           -2.96836662565576        2.64964545807915       -0.42077184397649
H            1.47363161530089       -1.03917800175446       -2.00831664641237
H            1.28399713942809       -2.39799396082282        0.44944254734294
H            3.24043672048449       -1.18166706168158        0.48545056913598
H            3.42124593410773       -2.63444024197162       -1.40716833836652
48
 energy: -84.794422094884 gnorm: 0.000649112286 xtb: 6.7.1 (edcfbbe)
C            5.56367958890109        1.76675250993391       -0.61022866696839
O            4.86582757625777        0.58834885921434       -0.25778972489169
C            3.58193075685246        0.51515814968473       -0.75582364856214
O            2.76480793408802        1.40357331822022       -0.02553367779734
C            1.42162828589312        1.46015459716447       -0.46787155444763
C            0.73920418795973        2.52769210472089        0.39329900893808
O            1.36789915643808        3.77207734885772        0.25620711722238
C            0.73892398288441        0.08976940607411       -0.33380433394498
O           -0.50117114871512        0.12078759137335       -1.02679390977028
C           -1.65746445498184       -0.34265608057283       -0.40026820183793
O           -1.39357442556702       -0.80651057245472        0.89696388631811
C           -2.44583894923879       -1.57513006155242        1.45981435669599
C           -2.46019728638350       -3.02170617426426        0.91735431725984
O           -1.19386268787413       -3.61007320144861        0.94926022642455
C           -3.80595156826373       -0.87545547449501        1.27799398018855
O           -4.64729349291702       -1.00166781103048        2.39628698550494
C           -3.56486289650022        0.60530106704540        0.94527463965180
O           -4.78151474866775        1.29652740080113        0.81671351508987
C           -2.78145264821325        0.74063409154805       -0.37175184606814
O           -2.23935958610313        2.02244223335909       -0.49474582137002
C            1.59340520139422       -1.04982975775411       -0.91517933316614
O            1.12027933230146       -2.31311347883958       -0.48664751895571
C            3.08672385777396       -0.92474565017346       -0.57735562555868
O            3.84244251644385       -1.76309777779282       -1.40758192813726
H            5.06898502750394        2.65561590327966       -0.20911402286818
H            5.64619670895638        1.85789232696635       -1.69894175015220
H            6.55420484515258        1.66709931811259       -0.17292451071294
H            3.54835935265385        0.77984659361659       -1.83308211822963
H            1.38985524147742        1.76280039673305       -1.52593663558556
H            0.76845469124549        2.19519906542683        1.44127144809247
H           -0.29413189066217        2.64552106254980        0.06966963647631
H            2.31084043423556        3.62900052259825        0.40430025404747
H            0.57500457859074       -0.10435815429648        0.73182064474842
H           -2.03554352560058       -1.18136172320848       -1.01696487870710
H           -2.18639785707044       -1.61076691296344        2.52502716182469
H           -2.87536796498879       -3.03441570940539       -0.10034054227376
H           -3.10704703678433       -3.62237914612892        1.56034528598770
H           -0.61582695682710       -3.14062210785783        0.32816700807085
H           -4.36887904711160       -1.33201062815905        0.45546866185233
H           -4.19220935043370       -0.66600569673811        3.17945736420505
H           -2.96029217523679        1.05862748684890        1.75099914398025
H           -5.42273467112380        0.87682775702042        1.40730441939722
H           -3.47491420854256        0.54478824995553       -1.20399753070610
H           -2.96713030486289        2.65275773735349       -0.41833061899563
H            1.47024588455064       -1.04943346912425       -2.00380331820934
H            1.28651065810627       -2.39225733006814        0.46329404767693
H            3.24495247905164       -1.18388444273925        0.48432681521378
H            3.42265357306832       -2.63371758652896       -1.41232098894205
48
 energy: -84.794426344889 gnorm: 0.000707372566 xtb: 6.7.1 (edcfbbe)
C            5.56199412514945        1.76865096218177       -0.61101889188539
O            4.86659884341317        0.58814262752578       -0.26064045616762
C            3.58185645715320        0.51473771067163       -0.75660007076623
O            2.76542542636144        1.40258277414810       -0.02495332280948
C            1.42230572434035        1.45917065524710       -0.46724993867687
C            0.73917424998076        2.52742487826676        0.39251119350475
O            1.36877514228194        3.77128995018463        0.25628778909888
C            0.73939037628507        0.08886877624691       -0.33257236677369
O           -0.50036025901657        0.12067486566894       -1.02614535835414
C           -1.65734472270083       -0.34217900112596       -0.40044926962616
O           -1.39411357237605       -0.80675375095018        0.89666627127478
C           -2.44669788197229       -1.57563966298551        1.45865536291486
C           -2.46123634960403       -3.02143413483395        0.91436496564156
O           -1.19577387042258       -3.61140896046197        0.95078204025008
C           -3.80626677907417       -0.87489389831943        1.27756630237136
O           -4.64764009863438       -1.00116701439896        2.39589298024581
C           -3.56382781890312        0.60597756902234        0.94604014277658
O           -4.77991066574155        1.29856371564209        0.81881314452089
C           -2.78110467997394        0.74144617767991       -0.37142259175516
O           -2.23916592188392        2.02336175263828       -0.49472655476514
C            1.59340371289585       -1.05182827239461       -0.91233810016064
O            1.12134899620196       -2.31405126259727       -0.47957838843400
C            3.08764750317094       -0.92553281094339       -0.57826895388851
O            3.84198977450253       -1.76229336485794       -1.41132632098264
H            5.06844592051160        2.65523720077489       -0.20360967775885
H            5.63925432882864        1.86478037347380       -1.69967378848767
H            6.55464992517464        1.66785157474690       -0.17888893975821
H            3.54668614748122        0.77984523041262       -1.83375114835660
H            1.39088009283917        1.76077404347136       -1.52577644884268
H            0.76587807099805        2.19527894480500        1.44072413948327
H           -0.29347636358679        2.64576075031875        0.06674799129395
H            2.31154675944284        3.62781096699685        0.40507529547971
H            0.57463288569948       -0.10430226906385        0.73320938448007
H           -2.03566914591611       -1.18022361886150       -1.01807717107646
H           -2.18731200314957       -1.61272031941140        2.52385614161052
H           -2.87230509179436       -3.03219436157861       -0.10510272659149
H           -3.11155834534797       -3.62204754973255        1.55402801383270
H           -0.61490533851732       -3.14305874721340        0.33161855551568
H           -4.36977664195048       -1.33028200991701        0.45477066909231
H           -4.19170207437355       -0.66760974077006        3.17950576056721
H           -2.95845504785870        1.05808100409370        1.75180715698455
H           -5.42136965890194        0.87818187641043        1.40872350756908
H           -3.47523542927149        0.54583417417029       -1.20318504042577
H           -2.96682711954774        2.65362697197639       -0.41716979199148
H            1.46816793195758       -1.05443939414039       -2.00075355016897
H            1.28830329851850       -2.39031504053713        0.47075647704146
H            3.24912365912046       -1.18565699519069        0.48267211580279
H            3.42455249730826       -2.63392719608316       -1.41430931454203
