48
 energy: -84.844154900731 gnorm: 0.076455093237 xtb: 6.7.1 (edcfbbe)
C            5.04278814512477        2.72868929203460       -0.92722200932055
O            4.55717320243130        1.39952058172873       -1.09692479274105
C            3.19244400551946        1.24953507901238       -0.93389847017819
O            2.84113767327154        1.48569491954789        0.41270050697973
C            1.46734024510345        1.28206406582808        0.67286372962920
C            1.22537036320483        1.66992074754869        2.13919024275994
O            1.27801354157491        3.05466302668664        2.34717844506710
C            1.02749030963476       -0.17812238037228        0.40853755021201
O           -0.36479253081500       -0.20207679135197        0.65501062589446
C           -0.95715284624650       -1.27103288698205        1.35800027631463
O           -2.06902536476658       -0.71992199594305        2.01001582669760
C           -3.02109382948898       -0.17813800599936        1.09316029103069
C           -4.18850055630868        0.35725508420520        1.93729628830356
O           -5.12198891712221        1.06397929166687        1.15806886664678
C           -3.51281474460295       -1.21851818407133        0.06733255560319
O           -4.25610062776201       -0.60918521042036       -0.95926854129861
C           -2.33193486514668       -1.95773359928276       -0.58278478358105
O           -2.76777331142939       -3.05081420895234       -1.35164675836385
C           -1.44337889269146       -2.48124565677415        0.54432272594232
O           -0.37916450598929       -3.28633960176355        0.14047663655946
C            1.35344286222479       -0.46497234468523       -1.07232548953698
O            1.03930249876150       -1.77601826488388       -1.43557776923499
C            2.84127047591902       -0.18893906803533       -1.33096479656893
O            3.07469221689386       -0.41662988338037       -2.69557443353601
H            4.92175534667812        3.05130327803634        0.10681946293950
H            4.51342386932759        3.41389228090873       -1.59475768903604
H            6.09630575083392        2.68529478816239       -1.18748962339895
H            2.63511500512841        1.95969625278294       -1.58251844083953
H            0.86207777285215        1.93408542609093        0.02539095837312
H            1.96332069148839        1.14851153853332        2.76008413814807
H            0.22024846217546        1.35404626906724        2.42282184695999
H            2.16910233032216        3.36942147254284        2.13954487822815
H            1.55390256631431       -0.88505625475537        1.05664010123053
H           -0.27769055171002       -1.62479514860458        2.14731707531573
H           -2.55140576334799        0.64474938874584        0.53648615802715
H           -3.77965819042212        0.96998766288361        2.74521508788396
H           -4.72387405198316       -0.48502343849790        2.38136949252769
H           -4.78226783379569        1.94982005008501        0.96679917464702
H           -4.12679484214509       -1.97199481175939        0.58854257775842
H           -4.96470594727590       -0.08011618166501       -0.55114603125729
H           -1.75568945630404       -1.25630237080630       -1.20239292716539
H           -3.40632373923581       -2.72907218306490       -2.00503966423305
H           -2.08500941136159       -3.05434595816534        1.23965591720624
H           -0.68655777025787       -3.84082825633805       -0.59345864315992
H            0.76062266110748        0.23965296547804       -1.68250936352420
H            1.45976741978690       -1.95062378826158       -2.29410268697214
H            3.44509555311617       -0.86581435849277       -0.70920698339510
H            4.01249374612716       -0.26813072473355       -2.88855103391686
48
 energy: -84.849633649622 gnorm: 0.012053029518 xtb: 6.7.1 (edcfbbe)
C            5.04208771170239        2.72821537153372       -0.92432341097794
O            4.55545721055493        1.39922598059472       -1.09242787400897
C            3.19074206389692        1.24856098167527       -0.92820624678360
O            2.84103709890168        1.47416072540295        0.42231226756844
C            1.46752616203848        1.27155040572069        0.68994927557377
C            1.22435412670157        1.66164168874709        2.15290010796276
O            1.27836852225084        3.04773320803031        2.35449361758303
C            1.01511447294051       -0.17324871112925        0.37002137960484
O           -0.37722223209742       -0.22750426058216        0.60928306869089
C           -0.95247917037266       -1.26195014767859        1.37552084186986
O           -2.07231950041424       -0.70671520144120        2.00874490222548
C           -3.02394980396636       -0.17379114749257        1.08878584840704
C           -4.19089370702004        0.35951678804031        1.93469156808334
O           -5.12542185601671        1.06544351110390        1.15642609617092
C           -3.51307630990198       -1.21939250308291        0.06862682625570
O           -4.25513275216924       -0.61333382472908       -0.96078598376024
C           -2.32772238148511       -1.95916513625943       -0.57194313133224
O           -2.76209146452407       -3.05281076820665       -1.34136079184556
C           -1.44066256922536       -2.47741416159349        0.56248977992758
O           -0.37785164082966       -3.28327184292910        0.15524935626988
C            1.35268943099476       -0.46173087860489       -1.10048785675255
O            1.03909054631584       -1.77478603798580       -1.45602890701760
C            2.84290636931716       -0.18722439762002       -1.33898957173890
O            3.08375911932146       -0.41090858092101       -2.70275095279026
H            4.92201343795770        3.05170364954469        0.10946494193598
H            4.51298478906115        3.41319964989496       -1.59233332080802
H            6.09541353082758        2.68403026759956       -1.18551507970043
H            2.63368620289768        1.96210533462347       -1.57352864617039
H            0.86803090114798        1.93393281898915        0.04608695167514
H            1.96225141876740        1.14102148775380        2.77364931142482
H            0.21772405735956        1.34864864966978        2.43331095230651
H            2.16880587220728        3.36219329219108        2.14314135514642
H            1.54056258014826       -0.88185673281574        1.01947335153985
H           -0.26728725230403       -1.59953524358857        2.16597752097413
H           -2.55534405522370        0.64825188536849        0.53027863678424
H           -3.78155627106881        0.97217751369681        2.74248724497117
H           -4.72450229067461       -0.48358781899104        2.37951919478895
H           -4.78585378753105        1.95131015781066        0.96513024711742
H           -4.12731201051270       -1.97161409432819        0.59122941267559
H           -4.96388387941276       -0.08264535186469       -0.55467842489553
H           -1.75226581465662       -1.25866773294956       -1.19367534601720
H           -3.39877058037643       -2.73149657994158       -1.99728148107587
H           -2.08409763939988       -3.05129514989803        1.25487205428637
H           -0.68633857230513       -3.83539232660170       -0.58049744440503
H            0.76222453057355        0.24291025736529       -1.71147194441015
H            1.46518246601381       -1.95584089293476       -2.30989553118555
H            3.44109904989273       -0.86726674822991       -0.71483717083079
H            4.02292203450242       -0.26509544935853       -2.88961648992305
48
 energy: -84.850302820378 gnorm: 0.004051102444 xtb: 6.7.1 (edcfbbe)
C            5.04329519748775        2.72774154822796       -0.91934489751191
O            4.55709667163483        1.39875583857473       -1.08825715554031
C            3.19226719769421        1.24777741431982       -0.92680108574898
O            2.84162364051458        1.46139651999642        0.42516894720796
C            1.46504540185961        1.26570022422900        0.68561292083236
C            1.22285706901496        1.63938521415294        2.15317422765260
O            1.27621819992579        3.02475085231086        2.36016023777886
C            1.01001664155622       -0.17757681808189        0.35565972525426
O           -0.38338194920223       -0.22377522429618        0.59037886627467
C           -0.95230604588574       -1.24608597233405        1.37794526412735
O           -2.07318933872512       -0.69028072705110        2.00625886033243
C           -3.02773874555460       -0.16631960556594        1.08565597277327
C           -4.19530153535796        0.36525355351379        1.93154972434601
O           -5.13218684800716        1.06792858001642        1.15333688014112
C           -3.51280997336497       -1.21972932592661        0.07245455627097
O           -4.25375977735967       -0.62174179029800       -0.96259690971172
C           -2.32416205900906       -1.96180141414249       -0.55883103223573
O           -2.75267885071012       -3.06066084733484       -1.32433104777420
C           -1.43881789436515       -2.47524257071438        0.57989390150383
O           -0.37248098799002       -3.27735191298456        0.17373689122074
C            1.34985799405815       -0.45199656936759       -1.11662776061949
O            1.03264390769978       -1.76345155894789       -1.47458172417123
C            2.84211050544382       -0.18426791682640       -1.34863266062842
O            3.09317626597389       -0.39995730874614       -2.71178232679524
H            4.92287521158591        3.05123307437794        0.11438911920177
H            4.51436052420971        3.41265476248542       -1.58761795989171
H            6.09662948882507        2.68356340933595       -1.18040137159264
H            2.63581147730232        1.96816917263342       -1.56484604308286
H            0.87130570598022        1.94463931682469        0.05047047405828
H            1.95965777358481        1.11855035809414        2.77531805236266
H            0.21589055484592        1.32710642911983        2.43383781907471
H            2.16579736529438        3.34190560753202        2.14882560711507
H            1.53017811754298       -0.89959497826009        0.99699539664318
H           -0.26403862446797       -1.56971347399434        2.16977686130022
H           -2.56393950055225        0.65446299886013        0.52133581122771
H           -3.78654621598995        0.97930412835546        2.73860359836372
H           -4.72598707488905       -0.47909859477583        2.37753618461274
H           -4.79437651004586        1.95420617323204        0.96087677919019
H           -4.12704952948643       -1.96962226054211        0.59834643111155
H           -4.96311803448243       -0.08849271319938       -0.56087310626090
H           -1.74651782663501       -1.26428251134790       -1.18160706301476
H           -3.38659797179599       -2.74269945276918       -1.98462322118990
H           -2.08144319041611       -3.04900334964494        1.27333736843829
H           -0.67952879529027       -3.83105620481287       -0.56140071459588
H            0.76789097840283        0.25521740321039       -1.73324852134121
H            1.46326830613777       -1.94712357586014       -2.32576727261275
H            3.43331183393394       -0.87017771599478       -0.72422598353813
H            4.03476941401064       -0.25860628176235       -2.89075811568534
48
 energy: -84.850665742091 gnorm: 0.005317070404 xtb: 6.7.1 (edcfbbe)
C            5.04626155152011        2.72644300725346       -0.91282109354182
O            4.56098262514742        1.39749687906650       -1.08456717646049
C            3.19626883233969        1.24627942349697       -0.92498907857744
O            2.84666849248632        1.44775125673890        0.42865851252364
C            1.46740160037641        1.25833882138997        0.68090269060331
C            1.22192133408048        1.61437081049793        2.15265713750585
O            1.27407149243761        2.99806817089480        2.37445977711697
C            1.00438989418710       -0.18048780319534        0.34237941222311
O           -0.39010819926586       -0.20913902153942        0.57649087150635
C           -0.95316306299627       -1.22487929938934        1.37624607969073
O           -2.07277012201175       -0.66842240276029        2.00392911885781
C           -3.03262108648466       -0.15755253061113        1.08199217580543
C           -4.20160580031013        0.37334139045511        1.92641052016127
O           -5.14131727497532        1.07069097837724        1.14687046245762
C           -3.51264792446514       -1.22215189907463        0.07782794228035
O           -4.25339727793925       -0.63611654236581       -0.96456915688754
C           -2.32188197934706       -1.96742747987407       -0.54550664342149
O           -2.74412897499123       -3.07459512600500       -1.30296611623976
C           -1.43418726998404       -2.46879484277924        0.59640053482125
O           -0.36172875486345       -3.26486993632135        0.19422419826416
C            1.34507659610832       -0.44322217005384       -1.13347699898484
O            1.02053234268695       -1.75124927122318       -1.50059637050495
C            2.84013454190013       -0.18110071852370       -1.35889173345044
O            3.10018215311846       -0.38691511247063       -2.72179126617177
H            4.92503350622620        3.04859718248459        0.12130200767489
H            4.51725185573085        3.41208211085578       -1.58033926965093
H            6.09975868216118        2.68328554014569       -1.17319956949288
H            2.64034846533624        1.97454302039339       -1.55442336997108
H            0.87880672259346        1.94939501097574        0.05385930077552
H            1.95770448597652        1.08843040074089        2.77167249327826
H            0.21490254118833        1.29922660340926        2.43093601531498
H            2.16268670390832        3.31832243708520        2.16383381259163
H            1.51765536167862       -0.91697119275183        0.97228043471818
H           -0.26059099241098       -1.53199726183170        2.16995140784651
H           -2.57644442242054        0.66182538402136        0.50905934206325
H           -3.79434837101407        0.99069982675371        2.73174865289390
H           -4.72911783442497       -0.47163092255442        2.37500430661962
H           -4.80677373417186        1.95791190700494        0.95289439387462
H           -4.12632811897473       -1.96836311171349        0.60967185384627
H           -4.96369894621121       -0.09972502624864       -0.56902031661599
H           -1.74282285347658       -1.27414510720495       -1.17131093376815
H           -3.37500694602848       -2.76269801515746       -1.96893057231568
H           -2.07113588354340       -3.04022560306489        1.29648353988490
H           -0.66615246371426       -3.82439025635751       -0.53748794414793
H            0.77130004341574        0.27011083362491       -1.75086417217991
H            1.45424751540993       -1.93520596505893       -2.35027594798414
H            3.42407387008525       -0.87466518107370       -0.73613346090641
H            4.04431524900385       -0.25027729202708       -2.89250529997334
48
 energy: -84.850880148072 gnorm: 0.004535022831 xtb: 6.7.1 (edcfbbe)
C            5.05025034136439        2.72332503746853       -0.90636301894378
O            4.56543068588316        1.39477205831703       -1.08306201651362
C            3.20084217307453        1.24460505694617       -0.92369169829424
O            2.85347035263665        1.43773797332419        0.43137751435236
C            1.47292086166836        1.25328935619595        0.67730724304077
C            1.22319053548375        1.59300115633852        2.15267139005036
O            1.27329983075433        2.97414025901610        2.39328697827946
C            1.00197155210465       -0.18046597801085        0.33326035173029
O           -0.39305862106869       -0.19387485616600        0.56848146647205
C           -0.95461601290071       -1.20562023500658        1.37325468736055
O           -2.07193623445843       -0.64602055632517        2.00134516701589
C           -3.03779423690959       -0.14978629861846        1.07722680491421
C           -4.20842807685773        0.38147315157140        1.91950353169331
O           -5.15038754513465        1.07299333231087        1.13746739457981
C           -3.51333538994227       -1.22673311789552        0.08311867459909
O           -4.25576656079273       -0.65334746759293       -0.96546864601702
C           -2.32117275258593       -1.97416757661598       -0.53509800851448
O           -2.73970777296178       -3.09049284531123       -1.28133401991370
C           -1.42820759380369       -2.45979772227750        0.60866206725296
O           -0.34855509068706       -3.24896108554266        0.21181554070877
C            1.34035697450399       -0.43446534177611       -1.14683535761035
O            1.00764607701193       -1.73799586317929       -1.52585729996179
C            2.83819642479801       -0.17861896142934       -1.36745155555291
O            3.10257459442461       -0.37597943848708       -2.73064329697740
H            4.92777357907030        3.04250798334536        0.12865520253351
H            4.52151388329775        3.41096823452195       -1.57207644223887
H            6.10407979173786        2.68168239618173       -1.16547594498314
H            2.64578689936057        1.97919875784750       -1.54644306330288
H            0.88831779732192        1.95004958001794        0.05466281438431
H            1.95787031521216        1.05929543471128        2.76657223430311
H            0.21591431281138        1.27327982285968        2.42518815352545
H            2.16127467143238        3.29743170949024        2.18509312499900
H            1.50832828413196       -0.92778324643854        0.95378025878983
H           -0.25897234784823       -1.49967637847538        2.16939485252141
H           -2.58935506854477        0.66789179433573        0.49531567826825
H           -3.80260544881537        1.00332143701044        2.72217717113770
H           -4.73358574681160       -0.46292083042382        2.37204269512362
H           -4.81993706904697        1.96158437530802        0.94243258150149
H           -4.12512762690752       -1.96931094258935        0.62232199141212
H           -4.96757874568298       -0.11495287597352       -0.57597889393951
H           -1.74421144373303       -1.28493351058508       -1.16728257173434
H           -3.36840175462321       -2.78630666631865       -1.95276210230501
H           -2.05709843196045       -3.02849115115607        1.31769660285911
H           -0.64897766747039       -3.81638062849651       -0.51543097858375
H            0.77168407938435        0.28640655171061       -1.76001681186057
H            1.44146503148754       -1.91947931851739       -2.37602326080118
H            3.41635276107754       -0.87960338334402       -0.74754525611523
H            4.04830359470124       -0.24279727698223       -2.89579142634944
48
 energy: -84.851019850233 gnorm: 0.002782456359 xtb: 6.7.1 (edcfbbe)
C            5.05525172366542        2.71872838817137       -0.90090360964192
O            4.56969293870302        1.39123414199691       -1.08426406013613
C            3.20505861542873        1.24336811644250       -0.92377386623505
O            2.86003085346393        1.43255024671091        0.43226850902289
C            1.47947722725179        1.25180493713123        0.67576624615336
C            1.22682076887308        1.57955433299819        2.15366514041762
O            1.27562832493110        2.95760373771024        2.41165234268880
C            1.00224720020143       -0.17784418708626        0.32884149176005
O           -0.39275251606524       -0.18238316228228        0.56566924876711
C           -0.95624602968994       -1.19222265865464        1.37065535804239
O           -2.07174704573801       -0.62830380140381        1.99829202252166
C           -3.04259082833769       -0.14473855396579        1.07189983964825
C           -4.21447432495693        0.38820527003039        1.91179725367790
O           -5.15792544030585        1.07411748114001        1.12657491627281
C           -3.51505710517732       -1.23229327504358        0.08724459040933
O           -4.26082903089167       -0.66986374046459       -0.96499592404480
C           -2.32210887535557       -1.98082873080590       -0.52846618618225
O           -2.73948005981489       -3.10567938045136       -1.26237082789493
C           -1.42282291856059       -2.45127127275411        0.61577242873398
O           -0.33610383469154       -3.23326494235415        0.22328283007454
C            1.33680203726319       -0.42641763883263       -1.15447419044861
O            0.99587588145729       -1.72504986634222       -1.54444395449054
C            2.83638948993912       -0.17666233101077       -1.37368661929042
O            3.10076872285334       -0.36868084931046       -2.73750493634706
H            4.93114337834289        3.03339318461480        0.13540544172833
H            4.52748878596209        3.40955451665780       -1.56412773935398
H            6.10949396247188        2.67821446995606       -1.15837630643455
H            2.65119219126895        1.98194116494386       -1.54275040478089
H            0.89723723073149        1.95073317868569        0.05522219852806
H            1.96035696702188        1.03778966808089        2.76215907877683
H            0.21906289894631        1.25602093425427        2.41975314197641
H            2.16371489200785        3.28294838345595        2.20777691873113
H            1.50359274182869       -0.93078758316417        0.94420998173853
H           -0.26006806734332       -1.47951785258906        2.16955666501824
H           -2.59988261800621        0.67063566828194        0.48223612342757
H           -3.80952313852463        1.01487198171521        2.71120507387095
H           -4.73826674940394       -0.45463107164947        2.36887861488429
H           -4.83145727040132        1.96395916083477        0.93050633968699
H           -4.12364356185592       -1.97222149541714        0.63364405868655
H           -4.97469197720112       -0.13138306750058       -0.58007612436268
H           -1.75015296919030       -1.29488739837589       -1.16902277925054
H           -3.36743802336083       -2.80974695204028       -1.93806240671634
H           -2.04426911935765       -3.01923677880627        1.33171346536459
H           -0.63152521725946       -3.80826175387441       -0.50002084503887
H            0.77069310070989        0.30209610814975       -1.76061198208296
H            1.42731228848444       -1.90238274403309       -2.39672832435047
H            3.41071422865959       -0.88341464408241       -0.75688722407317
H            4.04700843626115       -0.23735743339365       -2.90062050757763
48
 energy: -84.851127203808 gnorm: 0.002318391624 xtb: 6.7.1 (edcfbbe)
C            5.06139077037375        2.71286899051936       -0.89589659115652
O            4.57341834567506        1.38724086363152       -1.08707438774966
C            3.20851666173044        1.24274843964069       -0.92499294707130
O            2.86557429273596        1.43079058373037        0.43173551657554
C            1.48552942123840        1.25339205410568        0.67607657927119
C            1.23260544037972        1.57331923891635        2.15580733259617
O            1.28190996377710        2.94820363911723        2.42706536797037
C            1.00346098413765       -0.17356371769059        0.32756647824467
O           -0.39128040474831       -0.17452000270989        0.56559407316784
C           -0.95804093378679       -1.18378762739210        1.36889461968618
O           -2.07271490113559       -0.61592066306189        1.99486405061737
C           -3.04688229632229       -0.14229862684638        1.06624305323277
C           -4.21935685500095        0.39371942288284        1.90368176137440
O           -5.16398568815680        1.07396598213073        1.11488947088461
C           -3.51779641493922       -1.23844294220827        0.09040885101315
O           -4.26809968417119       -0.68557967680606       -0.96351576015606
C           -2.32447054673576       -1.98739551718326       -0.52461725184885
O           -2.74207171343235       -3.12017411705900       -1.24581680447530
C           -1.41857904493079       -2.44461332796215        0.61897487162869
O           -0.32510962136621       -3.21888566920327        0.22879563502438
C            1.33382173097345       -0.41843308923105       -1.15776566818365
O            0.98472161608325       -1.71209289803666       -1.55653799649803
C            2.83432770930648       -0.17486095421622       -1.37806334711732
O            3.09596660989120       -0.36406320092080       -2.74273636268643
H            4.93560426429716        3.02197481448701        0.14191583174255
H            4.53570337435445        3.40804835792057       -1.55626550000908
H            6.11604346732469        2.67231511752547       -1.15152539791498
H            2.65633516181859        1.98397414360155       -1.54228076037393
H            0.90448481816003        1.95403585050776        0.05714878387144
H            1.96482657984526        1.02431328242202        2.75958896916007
H            0.22415934764909        1.24809576101207        2.41676411859997
H            2.17102000316829        3.27422960535124        2.22925520846011
H            1.50212066457535       -0.92876698264151        0.94100884904826
H           -0.26322054520375       -1.46908307011438        2.17064444473328
H           -2.60761415828968        0.67005756335678        0.46999494336411
H           -3.81467802054737        1.02547868767820        2.69920744059711
H           -4.74226340799200       -0.44690986093150        2.36585805840602
H           -4.84106080590617        1.96460190638122        0.91685959904103
H           -4.12220729799763       -1.97664014508362        0.64363406366284
H           -4.98406136137351       -0.14808496891311       -0.58160673177848
H           -1.75900142891960       -1.30441169644370       -1.17437125132528
H           -3.37091634177340       -2.83293251949366       -1.92436719976608
H           -2.03376389107381       -3.01462867621979        1.33867476272650
H           -0.61491260352870       -3.80043046348533       -0.49142031973177
H            0.76943802324442        0.31742639845557       -1.75643472983852
H            1.41272070128919       -1.88476744117223       -2.41162900105681
H            3.40631870387903       -0.88587653593400       -0.76419077781360
H            4.04206747665645       -0.23364440504027       -2.90656344729164
48
 energy: -84.851220853371 gnorm: 0.002642029084 xtb: 6.7.1 (edcfbbe)
C            5.06890956189166        2.70580715708619       -0.89052767129913
O            4.57661380441969        1.38290963634243       -1.09011909012650
C            3.21122765321798        1.24280659932029       -0.92671974909757
O            2.87001424919744        1.43094594186244        0.43053956203751
C            1.49036934014462        1.25717182665894        0.67769691499304
C            1.23999687836161        1.57236609304541        2.15898117438860
O            1.29232054749175        2.94445266942486        2.43904496377858
C            1.00413623118439       -0.16816392488797        0.32787527904298
O           -0.39038767862925       -0.16881604238538        0.56628462702255
C           -0.96009398384256       -1.17829460569949        1.36777278969469
O           -2.07491271444202       -0.60792660379671        1.99128463389319
C           -3.05081424675999       -0.14187718669597        1.06040749175707
C           -4.22325353447457        0.39856537101868        1.89525097434882
O           -5.16925568031793        1.07249506653796        1.10261399158713
C           -3.52136483679827       -1.24525693910071        0.09308841924215
O           -4.27716476569261       -0.70144599081316       -0.96135298678716
C           -2.32795015186938       -1.99430240827800       -0.52234284424543
O           -2.74634633694191       -3.13461479697165       -1.23078853175290
C           -1.41517503780925       -2.44020957145376        0.61969409894416
O           -0.31525484994417       -3.20595614337887        0.22956150062701
C            1.33061336721169       -0.40986499131530       -1.15863009253873
O            0.97323039472569       -1.69862248670073       -1.56434675442959
C            2.83158545238655       -0.17271153197534       -1.38132998296086
O            3.08914768389844       -0.36066553518091       -2.74700319511989
H            4.94173408528722        3.00892949034441        0.14883396397072
H            4.54660762196990        3.40642020865497       -1.54789993013435
H            6.12391794411510        2.66348574802080       -1.14425711253301
H            2.66134389006335        1.98641380108481       -1.54332572680475
H            0.90991844619983        1.96036568313473        0.06093776158112
H            1.97073982134049        1.01704026955344        2.75884199213793
H            0.23069952185119        1.24787860462206        2.41719789824268
H            2.18341483049122        3.26948250472870        2.24868634796297
H            1.50210153003911       -0.92410540745451        0.94094472686550
H           -0.26731324553069       -1.46369167441765        2.17212994414833
H           -2.61311841017454        0.66677661084822        0.45820389180378
H           -3.81837557980695        1.03606142628553        2.68604934390833
H           -4.74517070223443       -0.43937040341975        2.36345704694628
H           -4.84928748783755        1.96321690045526        0.90063342597921
H           -4.12090346982713       -1.98227647442589        0.65308609575886
H           -4.99469236430128       -0.16496019961695       -0.58112106353339
H           -1.76946313877666       -1.31434640699775       -1.18139882853404
H           -3.37758288070990       -2.85625800180566       -1.91077482335024
H           -2.02469641344709       -3.01466194307763        1.34081720327112
H           -0.59929112224274       -3.79304815003770       -0.48826277148110
H            0.76840000688168        0.33297771328117       -1.75080720340569
H            1.39790152028043       -1.86698737329769       -2.42210660470546
H            3.40203963923558       -0.88711115773384       -0.77011403580968
H            4.03488277570120       -0.23103146275989       -2.91320656554011
48
 energy: -84.851305228230 gnorm: 0.002466750831 xtb: 6.7.1 (edcfbbe)
C            5.07769946845267        2.69774802889001       -0.88439168793987
O            4.57926598331383        1.37833721258482       -1.09214311123324
C            3.21321096735675        1.24355985840320       -0.92830078262431
O            2.87322749796305        1.43184733694468        0.42935965199259
C            1.49353933178712        1.26215017756630        0.67987788133050
C            1.24801344358371        1.57465426401482        2.16269251904809
O            1.30613952147324        2.94473221683479        2.44757487741644
C            1.00348056930168       -0.16215310873200        0.32865011066484
O           -0.39096942160190       -0.16397112568457        0.56663382959783
C           -0.96226881715553       -1.17404768725739        1.36709238806725
O           -2.07801879461117       -0.60326803366141        1.98799497896077
C           -3.05445911425694       -0.14303003445389        1.05475557941437
C           -4.22634209657772        0.40287387993306        1.88690300824141
O           -5.17419873200469        1.06959938903692        1.09032905657376
C           -3.52525787118202       -1.25287593484653        0.09554139624278
O           -4.28726209211583       -0.71790309246145       -0.95872796923031
C           -2.33164019452157       -2.00138714904278       -0.52088774595783
O           -2.74936473232736       -3.14872234522725       -1.21814601813508
C           -1.41249442398658       -2.43768533370180        0.61948013680908
O           -0.30737522622820       -3.19522345997682        0.22765015658750
C            1.32664214189841       -0.40036804933750       -1.15872848294819
O            0.96088084580800       -1.68444510123073       -1.57018438093262
C            2.82796848322694       -0.16985019143809       -1.38410951032194
O            3.08124708017743       -0.35711598178703       -2.75082321749956
H            4.94977183676440        2.99528244932594        0.15638681964769
H            4.55999173173072        3.40450620136821       -1.53887292373186
H            6.13295589380581        2.65171489567864       -1.13638804687094
H            2.66629009832319        1.98995648897829       -1.54439353189325
H            0.91362371129099        1.96885160916482        0.06607648936447
H            1.97724953804002        1.01383162533752        2.75925736646459
H            0.23775758819835        1.25317721808600        2.42099790870025
H            2.20001096899020        3.26679488298408        2.26503072181584
H            1.50204804797364       -0.91868239691960        0.94130672095425
H           -0.27116609742813       -1.45955897960837        2.17337175627352
H           -2.61700461244473        0.66152421805307        0.44704241077473
H           -3.82093946817208        1.04694905204782        2.67206195201042
H           -4.74679127803303       -0.43198663328199        2.36227033943489
H           -4.85628056598844        1.95945303888267        0.88165940460912
H           -4.11953343196000       -1.98908886042260        0.66221956489358
H           -5.00534862482555       -0.18174037317396       -0.57893291751853
H           -1.77974386879472       -1.32418001729857       -1.18807699960114
H           -3.38465309344879       -2.87913189600738       -1.89787140408470
H           -2.01670959805358       -3.01744756153667        1.34099798238743
H           -0.58753459070839       -3.78697453161875       -0.48758710499612
H            0.76745130623791        0.34894148233439       -1.74593071134493
H            1.38309410835938       -1.84946736271817       -2.42989450006901
H            3.39711709963566       -0.88733244787529       -0.77533781034376
H            4.02667764781947       -0.22885592712809       -2.92000565249574
48
 energy: -84.851383726348 gnorm: 0.001947196779 xtb: 6.7.1 (edcfbbe)
C            5.08790188878137        2.68853546949640       -0.87704903620860
O            4.58163968471273        1.37330606959261       -1.09236826364517
C            3.21474593220034        1.24493928491676       -0.92922745498329
O            2.87541870273482        1.43277713055439        0.42870377252154
C            1.49522095878140        1.26764281654259        0.68211220813017
C            1.25592797397405        1.57855878941777        2.16648243494596
O            1.32253643028135        2.94748221556416        2.45347133403472
C            1.00136364231161       -0.15561072790045        0.32918886334419
O           -0.39312593156482       -0.15889466106903        0.56622899985674
C           -0.96435204567450       -1.16992547421380        1.36636359892548
O           -2.08156093866081       -0.60069363266425        1.98504885574001
C           -3.05796472794136       -0.14533916093188        1.04934283911685
C           -4.22908256088949        0.40672476348507        1.87845872615882
O           -5.17937392471278        1.06505831206042        1.07773636895846
C           -3.52934419155599       -1.26150697835777        0.09815892891643
O           -4.29821261307573       -0.73552605431403       -0.95553557477546
C           -2.33513601250084       -2.00860716964156       -0.51929739285827
O           -2.75077122003830       -3.16241666962961       -1.20707207194069
C           -1.40981549244422       -2.43640947340957        0.61925604328694
O           -0.30076396108230       -3.18663283424754        0.22479446049664
C            1.32162871950918       -0.38954660603866       -1.15924202405303
O            0.94722180118573       -1.66905787260175       -1.57616375539415
C            2.82340813748378       -0.16600453289951       -1.38696193538080
O            3.07288477427221       -0.35225422188493       -2.75467599885045
H            4.95999907328772        2.98121807886824        0.16498546492117
H            4.57585477381603        3.40196504953529       -1.52876865300591
H            6.14327194099581        2.63692001626109       -1.12757840123527
H            2.67162933683512        1.99492763606110       -1.54451981606118
H            0.91624661380483        1.97843144907133        0.07178883482642
H            1.98359342240868        1.01260218368610        2.76004761925671
H            0.24457543310179        1.26207440662183        2.42717110595814
H            2.21975726740517        3.26440904596495        2.27815122307170
H            1.50095351499850       -0.91339558691421        0.94032539614688
H           -0.27403124259270       -1.45432730553596        2.17380097374449
H           -2.61997896876945        0.65477995963614        0.43622167884219
H           -3.82305465807073        1.05840595626577        2.65700090921010
H           -4.74745980067423       -0.42461140254878        2.36228078053155
H           -4.86246555193637        1.95291556837399        0.85907398910469
H           -4.11799474535377       -1.99705382971257        0.67166489008525
H           -5.01558087857296       -0.19853578508977       -0.57518759330555
H           -1.78919172575810       -1.33367400966388       -1.19324341067259
H           -3.39145676153486       -2.90117636931894       -1.88496870495630
H           -2.00880397805349       -3.02074831374200        1.34157959360280
H           -0.57931567414445       -3.78265803555738       -0.48730747557544
H            0.76614230164067        0.36592630296847       -1.74243538245518
H            1.36773193088040       -1.83170342187591       -2.43714705833059
H            3.39095103209910       -0.88684920771526       -0.78062907729988
H            4.01823048306660       -0.22644925590779       -2.92658031567909
48
 energy: -84.851483723884 gnorm: 0.001875746214 xtb: 6.7.1 (edcfbbe)
C            5.10540351922228        2.67265507638220       -0.86406058879838
O            4.58526246743938        1.36458090885524       -1.08967373175377
C            3.21687199112288        1.24772461949152       -0.92922419770483
O            2.87771977915320        1.43371382564878        0.42892820345947
C            1.49627785401406        1.27601460342001        0.68509933551115
C            1.26677096145045        1.58518202815221        2.17167507183553
O            1.34942504507234        2.95332720858536        2.45981698164838
C            0.99650207062850       -0.14498622830518        0.32920283581601
O           -0.39809530759963       -0.14993348487393        0.56467694770606
C           -0.96703023841538       -1.16301914426846        1.36472229990963
O           -2.08682518006209       -0.59819010332456        1.98124431453944
C           -3.06321138342912       -0.14989607399915        1.04185189565656
C           -4.23326004813192        0.41183504738847        1.86570179210810
O           -5.18797621397439        1.05525419137123        1.05793079616668
C           -3.53516845137837       -1.27595211279374        0.10283437770702
O           -4.31511972775565       -0.76381203854101       -0.94953902226592
C           -2.33963213689855       -2.01958224432630       -0.51618981027601
O           -2.75041298486116       -3.18224195574618       -1.19228507044361
C           -1.40526527399301       -2.43506157963046        0.61975288253450
O           -0.29189986169742       -3.17608637531376        0.22108811081779
C            1.31241847810266       -0.37121706028593       -1.16147470438087
O            0.92453568761767       -1.64390158380939       -1.58684843998042
C            2.81507886133610       -0.15861791769923       -1.39189152318573
O            3.05978711709113       -0.34165546716895       -2.76105113220577
H            4.97875886709931        2.95927758147230        0.17969265793964
H            4.60299176523699        3.39655520575679       -1.51175661135866
H            6.16068992019613        2.61045161983173       -1.11292274126295
H            2.68096009256362        2.00453027273730       -1.54266480973882
H            0.91969031842338        1.99305378877990        0.07996662145272
H            1.99163005404127        1.01134829691382        2.76095786327014
H            0.25346802126407        1.27861091694026        2.43766219498400
H            2.25205518062163        3.25952665474472        2.29295624037639
H            1.49717679294341       -0.90617720930461        0.93583532881539
H           -0.27642260294630       -1.44350561706507        2.17303454149802
H           -2.62404396070117        0.64323121333057        0.42054236290106
H           -3.82680316593062        1.07669413657114        2.63296444359539
H           -4.74765926689326       -0.41358674804437        2.36381389988799
H           -4.87114568549472        1.93825401743676        0.81907632551158
H           -4.11489482711049       -2.01055888460503        0.68681149900461
H           -5.02966025507020       -0.22387558998911       -0.56728430674693
H           -1.80177711300702       -1.34694586842726       -1.19836975832262
H           -3.40072189851675       -2.93257394710870       -1.86538649994157
H           -1.99628463941840       -3.02385872171821        1.34512185467255
H           -0.57092133199961       -3.77853585393619       -0.48539029708879
H            0.76282747632714        0.39334816014970       -1.73886585126518
H            1.34320350123362       -1.80427955764463       -2.44905156405657
H            3.37929211324299       -0.88561968349392       -0.78968024013044
H            4.00543178459664       -0.22150640845073       -2.93587028385815
48
 energy: -84.851553241465 gnorm: 0.001704602110 xtb: 6.7.1 (edcfbbe)
C            5.12068386595984        2.65811484361108       -0.85267927901046
O            4.58861694659119        1.35616581228917       -1.08533478205113
C            3.21894943168781        1.25011557315378       -0.92785316420790
O            2.87952633038222        1.43359212796353        0.43040345286628
C            1.49705602534540        1.28195392417383        0.68669534500307
C            1.27318346580035        1.58905388273940        2.17461297371477
O            1.36958305318622        2.95663321553909        2.46451821251992
C            0.99225770108913       -0.13619619758695        0.32815928973478
O           -0.40233460207221       -0.14121880413574        0.56321086542469
C           -0.96843182585042       -1.15631139981459        1.36282382601338
O           -2.08999461275064       -0.59501094857388        1.97911306323678
C           -3.06740616332455       -0.15343304445996        1.03703346608392
C           -4.23743129615081        0.41497641738457        1.85582705355184
O           -5.19590085066945        1.04478314939007        1.04162523888693
C           -3.53871427136290       -1.28787338655523        0.10762914190320
O           -4.32752706100102       -0.78710611993843       -0.94367535957695
C           -2.34164515402794       -2.02749418224350       -0.51248742316303
O           -2.74772750333788       -3.19565251919549       -1.18224741017965
C           -1.40085210791012       -2.43302466038934        0.62182736043795
O           -0.28489740049326       -3.16900616134191        0.22146044967371
C            1.30404561355756       -0.35552261699289       -1.16502329754441
O            0.90571678270347       -1.62284196554886       -1.59735788735520
C            2.80741513221115       -0.15147981172222       -1.39705537521505
O            3.04917303764866       -0.32916130762472       -2.76739569894024
H            4.99608094562448        2.94081897703592        0.19242412644673
H            4.62597921473076        3.39008512894220       -1.49710235831747
H            6.17555187761996        2.58678562099610       -1.10096781136727
H            2.69010271637752        2.01362756923516       -1.53906448714942
H            0.92342006321496        2.00329505965668        0.08457065644594
H            1.99472069742043        1.00820260922266        2.76093214481927
H            0.25800105810307        1.29128397615083        2.44343020214948
H            2.27582441433418        3.25301827438981        2.30008380268781
H            1.49250213145075       -0.90150631238427        0.92936134891093
H           -0.27662692959635       -1.43208453755026        2.17163643249683
H           -2.62811382869474        0.63444838015011        0.40926286147390
H           -3.83208345832477        1.09140514405583        2.61357503531792
H           -4.74824184068852       -0.40546113318327        2.36550726461262
H           -4.87825542653720        1.92224544816606        0.78348960997513
H           -4.11108456648819       -2.02183922368151        0.69967894611121
H           -5.03920972285265       -0.24395401887815       -0.55994128720528
H           -1.80942062129401       -1.35523872741852       -1.19942188965166
H           -3.40576147130849       -2.95335708693843       -1.85041166900315
H           -1.98579947484229       -3.02232084214339        1.35164894215093
H           -0.56532783643972       -3.77735660244153       -0.47970680367932
H            0.75830319476536        0.41597002002222       -1.73681932833806
H            1.32266441775321       -1.78204061954065       -2.46055436972841
H            3.36797647605715       -0.88489368333301       -0.79915701501545
H            3.99545159697966       -0.21519732446632       -2.94280392364166
48
 energy: -84.851611813108 gnorm: 0.001377089684 xtb: 6.7.1 (edcfbbe)
C            5.13736657835122        2.64130250695475       -0.84100715650204
O            4.59245967441351        1.34595258199718       -1.08017918358287
C            3.22150316852089        1.25229697246432       -0.92575976201735
O            2.88172803164303        1.43272754626419        0.43265264476923
C            1.49826252883704        1.28760363820430        0.68778399608555
C            1.27729275299192        1.59215990786255        2.17655126063633
O            1.38803805939957        2.95852856855283        2.46994781655517
C            0.98830289629649       -0.12718021191922        0.32658490226743
O           -0.40621891162668       -0.13170197344255        0.56218837403916
C           -0.96938980892331       -1.14868159769058        1.36121718449242
O           -2.09251279933939       -0.59007260943151        1.97782808024027
C           -3.07175684028016       -0.15647805302472        1.03326641250943
C           -4.24269537566472        0.41700882308478        1.84659452717258
O           -5.20528621195341        1.03166654186635        1.02543379026466
C           -3.54101044702000       -1.29941805071928        0.11311290370189
O           -4.33842068360766       -0.81036734108845       -0.93716770899143
C           -2.34184009775660       -2.03400900658747       -0.50808616926188
O           -2.74226400564253       -3.20658867315888       -1.17381743810679
C           -1.39609585931769       -2.42967072218128        0.62530692445209
O           -0.27759597830571       -3.16187554878159        0.22482417765230
C            1.29506854210094       -0.33955385543453       -1.16929702137624
O            0.88687095016925       -1.60167946901378       -1.60784022779606
C            2.79890615887460       -0.14346632927797       -1.40343568900751
O            3.03740619920072       -0.31290053072518       -2.77529338636894
H            5.01577403602071        2.92026463810272        0.20554583453619
H            4.65021547549286        3.38146867738047       -1.48170246236696
H            6.19151011395491        2.56052000991343       -1.08952839665178
H            2.70089093451492        2.02357934112925       -1.53416231242084
H            0.92834863030995        2.01299072271111        0.08754101722854
H            1.99367596107219        1.00297007863720        2.76080937339491
H            0.25952441812635        1.30377383800688        2.44543972525251
H            2.29709667918676        3.24491166229432        2.30367728191438
H            1.48766917003266       -0.89702716698365        0.92179134875575
H           -0.27632161553989       -1.41948593780989        2.17080162832086
H           -2.63330099327778        0.62677846378496        0.39929166583973
H           -3.83984958368248        1.10561335439623        2.59463875285536
H           -4.74940783111050       -0.39862429926345        2.36761725628498
H           -4.88654484693484        1.90214082614968        0.74518984630559
H           -4.10567603386713       -2.03313103575660        0.71279789866588
H           -5.04790846397404       -0.26454230100028       -0.55248025315556
H           -1.81465631076726       -1.36072164190440       -1.19803432676030
H           -3.40785839451735       -2.97045760319053       -1.83670490602554
H           -1.97576394863326       -3.01826447519602        1.35984649930282
H           -0.55885274675690       -3.77621283112667       -0.47092185452912
H            0.75222775207713        0.43846554200646       -1.73472508035199
H            1.30100283967150       -1.75980728386140       -2.47252567496445
H            3.35560310588701       -0.88462167689833       -0.81152317073252
H            3.98448129573293       -0.20619209794428       -2.95060845268466
48
 energy: -84.851650904233 gnorm: 0.001124612771 xtb: 6.7.1 (edcfbbe)
C            5.15399398753182        2.62353547754950       -0.83032004616176
O            4.59635919213709        1.33481656488652       -1.07565326202731
C            3.22428542689195        1.25369423706818       -0.92363490123430
O            2.88430129525857        1.43148619415046        0.43500456748647
C            1.49989522583631        1.29309465545262        0.68854904833762
C            1.27958377810591        1.59499445926587        2.17786320582321
O            1.40378726754623        2.95931846580878        2.47614690534180
C            0.98511232727401       -0.11868485742284        0.32539748390177
O           -0.40933302887482       -0.12268220893870        0.56192313840647
C           -0.97035895051282       -1.14081779058044        1.36065003114972
O           -2.09482309304276       -0.58360698245125        1.97698488645482
C           -3.07608858000416       -0.15853420082095        1.03003171162059
C           -4.24871423143734        0.41782589396954        1.83844708272895
O           -5.21579938628280        1.01795364737278        1.01177658870291
C           -3.54231216215781       -1.30931196442068        0.11791532293180
O           -4.34689968570379       -0.83159612543029       -0.93198897512291
C           -2.34042404755479       -2.03872909020054       -0.50372104147874
O           -2.73519587788845       -3.21476189917040       -1.16683273952658
C           -1.39122728833761       -2.42554779562486        0.62946625995783
O           -0.26926385004016       -3.15391378287816        0.23056796483441
C            1.28660537234768       -0.32506654579189       -1.17286013117916
O            0.86953006523324       -1.58245212781217       -1.61675138611397
C            2.79064404188619       -0.13587990210359       -1.41010627818979
O            3.02457285576331       -0.29567487126417       -2.78391049968729
H            5.03604339696076        2.89849569342104        0.21779768173276
H            4.67372850693290        3.37169188474359       -1.46688777822823
H            6.20715443481153        2.53371674148596       -1.07995678232800
H            2.71194853425973        2.03263321488611       -1.52917290838580
H            0.93397346005194        2.02197018651842        0.08906953366693
H            1.98935085226448        0.99686875398632        2.76126184988310
H            0.25871840476798        1.31569106259271        2.44431431732240
H            2.31467743243143        3.23724444889627        2.30535122376815
H            1.48385165974289       -0.89224710818879        0.91557550822657
H           -0.27669337092788       -1.40718149337874        2.17151565496365
H           -2.63942998052213        0.62137077904413        0.39074755307508
H           -3.84924060227122        1.11759815495814        2.57782056293614
H           -4.75098327626195       -0.39404052002367        2.36923785025320
H           -4.89653942431558        1.88128774352829        0.71088345586609
H           -4.09974586687574       -2.04318987846502        0.72415066892919
H           -5.05621243659353       -0.28498098290955       -0.54758840133141
H           -1.81761554743622       -1.36382036647891       -1.19566334177425
H           -3.40712447894308       -2.98388004029299       -1.82522383520854
H           -1.96669028422847       -3.01384710821280        1.36754579445930
H           -0.54930838553164       -3.77388447538231       -0.46074278199708
H            0.74597426819826        0.45884837451280       -1.73215212739412
H            1.27944142063238       -1.73889244745308       -2.48372645819140
H            3.34432663746771       -0.88510551794250       -0.82562940925015
H            3.97216215558254       -0.19581463002788       -2.95999228057326
48
 energy: -84.851674333137 gnorm: 0.000899402752 xtb: 6.7.1 (edcfbbe)
C            5.16813497089052        2.60727069156037       -0.82219184810699
O            4.59954087201104        1.32440157982161       -1.07262460596736
C            3.22668732539016        1.25399919409330       -0.92204521532106
O            2.88669546908230        1.42995089136420        0.43687392939423
C            1.50148390469033        1.29772731504798        0.68910651915105
C            1.28049748444375        1.59824783185492        2.17850208547614
O            1.41613984900795        2.96028768021513        2.48132486981782
C            0.98271660029747       -0.11196811640904        0.32519989506254
O           -0.41165418353686       -0.11546097410644        0.56242457014831
C           -0.97167923398551       -1.13384287400123        1.36134135801664
O           -2.09731873044133       -0.57711133448375        1.97640598183401
C           -3.08017825258744       -0.15945866174143        1.02744257125340
C           -4.25497888890441        0.41716350064480        1.83228794459930
O           -5.22554799648731        1.00603706554424        1.00170620352823
C           -3.54228845976716       -1.31657722460716        0.12107170068726
O           -4.35219213248318       -0.84916236472785       -0.92927250874978
C           -2.33741445966573       -2.04113953259710       -0.50036934782170
O           -2.72735638536761       -3.21895124709977       -1.16271092662608
C           -1.38712603202253       -2.42148732544137        0.63355184448124
O           -0.26132415857263       -3.14583369618505        0.23730243531796
C            1.27978876996756       -0.31429016948565       -1.17467597258864
O            0.85605203837018       -1.56803470339483       -1.62233355831367
C            2.78367297579818       -0.13011918373867       -1.41571185635720
O            3.01208704393222       -0.28085456941354       -2.79154942167392
H            5.05397387297099        2.87841966085411        0.22735667592370
H            4.69330263402084        3.36226274904372       -1.45467831943634
H            6.22017418784163        2.50982740417822       -1.07368253699069
H            2.72128434385728        2.03921115335610       -1.52519580147547
H            0.93918804835086        2.02923907320168        0.08957451568881
H            1.98360424718488        0.99210849242832        2.76190226882799
H            0.25666305272856        1.32683292417112        2.44161315032530
H            2.32805458129066        3.23167941682994        2.30532889450718
H            1.48125468970979       -0.88774479098789        0.91222948425876
H           -0.27817525711719       -1.39673204262492        2.17379453940737
H           -2.64562493248797        0.61854727250995        0.38443583561421
H           -3.85905415830561        1.12468639600284        2.56596686743285
H           -4.75304542198838       -0.39292432756817        2.36932357354301
H           -4.90754091807970        1.86459554274533        0.68836337097338
H           -4.09394319455828       -2.05089681682969        0.73196816008744
H           -5.06350445630482       -0.30410100046794       -0.54616535021342
H           -1.81758953385404       -1.36447513141291       -1.19288499255555
H           -3.40236656971289       -2.99062909445090       -1.81851092794597
H           -1.96003261363928       -3.01040476657272        1.37305142770482
H           -0.53815737025357       -3.76984630461419       -0.45153889135497
H            0.74058732566555        0.47389412401836       -1.72922417919152
H            1.26103748045374       -1.72208522734835       -2.49204697782006
H            3.33575782798970       -0.88623333099609       -0.83881771337029
H            3.95971190814630       -0.18603322600912       -2.96973923593605
48
 energy: -84.851689886493 gnorm: 0.000757921183 xtb: 6.7.1 (edcfbbe)
C            5.17997727224782        2.59254606206004       -0.81602218059746
O            4.60204081835677        1.31479192762553       -1.07074078052274
C            3.22868622903883        1.25336359010413       -0.92087499329239
O            2.88883827762226        1.42836855308781        0.43831337121595
C            1.50289984137664        1.30183637337946        0.68952217130549
C            1.28111125258224        1.60215389359443        2.17882280800609
O            1.42657594450051        2.96208854230800        2.48466258519167
C            0.98081044508934       -0.10654213221743        0.32593500768348
O           -0.41350442599272       -0.10963753954429        0.56330043969921
C           -0.97335595181347       -1.12763468583203        1.36283533418600
O           -2.09999055189114       -0.57096741694507        1.97594330027914
C           -3.08422623412573       -0.15984132836831        1.02523102007357
C           -4.26136358337296        0.41501051651451        1.82798638797396
O           -5.23550069355124        0.99519754292091        0.99552488732291
C           -3.54177418454498       -1.32178315778614        0.12268590007279
O           -4.35513018897749       -0.86284596088177       -0.92847064508861
C           -2.33377328370813       -2.04178559527029       -0.49816851742458
O           -2.71918548032147       -3.22072502788287       -1.16093452652852
C           -1.38342706589978       -2.41752138622127        0.63690953679147
O           -0.25342848437013       -3.13739362201401        0.24384852711467
C            1.27432295616902       -0.30663379366376       -1.17496263424182
O            0.84564930218540       -1.55778536525370       -1.62500109332003
C            2.77786234430909       -0.12615848073587       -1.42008480645389
O            3.00017625560803       -0.26904270409317       -2.79787792559806
H            5.06965617634450        2.86002821937031        0.23487177815334
H            4.70943477577690        3.35348875851207       -1.44452329803293
H            6.23084298879474        2.48873284003544       -1.06983628375281
H            2.72893863645187        2.04353946236268       -1.52218130392157
H            0.94387710307909        2.03515776273045        0.08918814131452
H            1.97786682422161        0.98933937334534        2.76302956613065
H            0.25455518834396        1.33793342468221        2.43865880166799
H            2.33928381310266        3.22821541044852        2.30442557818030
H            1.47932689984169       -0.88342903400778        0.91143281365748
H           -0.28049594209980       -1.38770135097434        2.17699810069313
H           -2.65223909868676        0.61764014936909        0.37985055343238
H           -3.86821416809323        1.12799853965218        2.55786496943646
H           -4.75518747968967       -0.39486869791160        2.36938354388842
H           -4.92009459125850        1.85167762309495        0.67400828924941
H           -4.08864852847650       -2.05702983066028        0.73672197684285
H           -5.06987760288082       -0.32111526871711       -0.54713941651078
H           -1.81597035478256       -1.36302405709678       -1.19017845976652
H           -3.39522511016104       -2.99375731680618       -1.81624603761806
H           -1.95482018859898       -3.00791532611155        1.37639328398021
H           -0.52555997818646       -3.76408401706776       -0.44430982621133
H            0.73603729221582        0.48463117955495       -1.72604035374380
H            1.24538273576055       -1.70895269617401       -2.49764598603910
H            3.32935837868225       -0.88798530798733       -0.85036995368957
H            3.94747958354399       -0.17758672086381       -2.97925916781727
48
 energy: -84.851700874593 gnorm: 0.000942770842 xtb: 6.7.1 (edcfbbe)
C            5.18876611227410        2.58057612276537       -0.81193936527050
O            4.60372779614170        1.30684086536099       -1.06997532530874
C            3.23010439987973        1.25209267453070       -0.92033856346955
O            2.89046969695851        1.42682533798545        0.43906410232875
C            1.50396088667990        1.30494966732751        0.68964959038196
C            1.28145209889182        1.60677179814512        2.17850220738039
O            1.43490668826676        2.96522655446324        2.48555417845210
C            0.97918300151213       -0.10270450167248        0.32711660201816
O           -0.41512467860001       -0.10530226680091        0.56419943526609
C           -0.97519564340224       -1.12263196542291        1.36471920673388
O           -2.10262603602271       -0.56609701250962        1.97573689611468
C           -3.08784433664104       -0.15990789648631        1.02373844897073
C           -4.26741634753319        0.41143788626656        1.82558949633387
O           -5.24405308451407        0.98629089132154        0.99272504308125
C           -3.54066076963732       -1.32485273235617        0.12271357219993
O           -4.35542725563665       -0.87149582997263       -0.92942080656995
C           -2.32975353114352       -2.04114525462890       -0.49704754878353
O           -2.71150498774305       -3.22024280732190       -1.16141704580136
C           -1.38066004653799       -2.41430589112387        0.63972163220413
O           -0.24693254496036       -3.13006227647957        0.25003533384442
C            1.27039704170416       -0.30222380244635       -1.17429929413777
O            0.83871425292051       -1.55198849390317       -1.62523737327577
C            2.77351605471516       -0.12408846711080       -1.42305574745185
O            2.99047739184137       -0.26124022816963       -2.80235641104577
H            5.08193065679316        2.84483938552233        0.24010482353005
H            4.72107013452922        3.34615943584481       -1.43682811050159
H            6.23854324745517        2.47213978518260       -1.06824184772939
H            2.73437564041195        2.04568531318158       -1.52045459301551
H            0.94756240353822        2.03941012164716        0.08825387686296
H            1.97307011006414        0.98909267720568        2.76374776956756
H            0.25278459109696        1.34863696638500        2.43609542358024
H            2.34837037265470        3.22709056880557        2.30275488388601
H            1.47767090317556       -0.87986183821573        0.91238928439717
H           -0.28307638443534       -1.38045423677443        2.18037146050533
H           -2.65839497591854        0.61837686739498        0.37764890827347
H           -3.87727527095704        1.12685459320226        2.55456055225558
H           -4.75771821554478       -0.39973092814843        2.36796190191936
H           -4.93265821102029        1.84346258505768        0.67033923018405
H           -4.08454025422276       -2.06124486633820        0.73794365428946
H           -5.07449369321644       -0.33439148294504       -0.54987384204014
H           -1.81280155315294       -1.36045867471226       -1.18776555030516
H           -3.38601927706973       -2.99317758456499       -1.81826334715281
H           -1.95165548259424       -3.00646930727418        1.37809008272917
H           -0.51371016596154       -3.75753755934906       -0.43933115861657
H            0.73252201515429        0.49061821586186       -1.72352908639558
H            1.23358900094008       -1.70044675796511       -2.50051967013241
H            3.32507378428198       -0.88984977329838       -0.85894335407592
H            3.93730262814962       -0.17147395265666       -2.98700907433742
48
 energy: -84.851708372572 gnorm: 0.000572341038 xtb: 6.7.1 (edcfbbe)
C            5.19411195385478        2.57268013655876       -0.80927778944949
O            4.60465954523332        1.30153245918271       -1.06985997613835
C            3.23089833402021        1.25078766204554       -0.92035983051153
O            2.89133949761683        1.42582036872346        0.43909202999235
C            1.50441046282374        1.30721378868206        0.68922598649395
C            1.28180853976633        1.61102389318394        2.17770218586954
O            1.44064945081971        2.96890823328692        2.48377821344403
C            0.97796045201170       -0.10021859232539        0.32809679113934
O           -0.41635349090796       -0.10254721848683        0.56475933589041
C           -0.97658709178489       -1.11929652213288        1.36629813462999
O           -2.10445896711383       -0.56303904593579        1.97591133196028
C           -3.09048548226001       -0.15990711228355        1.02328966954691
C           -4.27215204217449        0.40731449436851        1.82527449952586
O           -5.25073327257384        0.97940986231209        0.99278547515081
C           -3.53962489724217       -1.32592746659313        0.12181474259771
O           -4.35408949972739       -0.87482450223165       -0.93134474741393
C           -2.32667541194055       -2.03993934299835       -0.49684587880395
O           -2.70584921145538       -3.21912643301758       -1.16265847627658
C           -1.37888479769249       -2.41201314379398        0.64135378139960
O           -0.24273109936682       -3.12512128633307        0.25440217329126
C            1.26805192993154       -0.30028532118976       -1.17349672942759
O            0.83489053423230       -1.54965414711532       -1.62434580591332
C            2.77090117791780       -0.12361506663278       -1.42459120578660
O            2.98437483217397       -0.25803225538083       -2.80472485663494
H            5.08979361635672        2.83432070522338        0.24366405442064
H            4.72794842075964        3.34151668903584       -1.43133955208078
H            6.24313001335089        2.46155692245536       -1.06755359025248
H            2.73752672508405        2.04623956492073       -1.52003553971709
H            0.94980611735216        2.04207039927500        0.08661213654458
H            1.97001296356177        0.99083280850537        2.76429807544967
H            0.25174961897842        1.35741425195251        2.43424975441452
H            2.35511338730151        3.22738963624284        2.30103187466265
H            1.47636659951416       -0.87725846523419        0.91375436673889
H           -0.28484758661046       -1.37563448274702        2.18276451618436
H           -2.66325063136046        0.61982739874743        0.37737990828306
H           -3.88388482069628        1.12356247084177        2.55465996203794
H           -4.75959903122002       -0.40598408640790        2.36747835999623
H           -4.94339107111840        1.83924646181611        0.67239414046062
H           -4.08233634942756       -2.06348573831733        0.73669613336481
H           -5.07673933134948       -0.34187726092952       -0.55300742896416
H           -1.80970083504958       -1.35796137491344       -1.18622275122070
H           -3.37783422495260       -2.99191301560261       -1.82225609944016
H           -1.95015612618116       -3.00537313735970        1.37855251950790
H           -0.50523119274045       -3.75199454497228       -0.43710722890301
H            0.73031776843579        0.49310499778887       -1.72218385919576
H            1.22641514917693       -1.69637136381083       -2.50137138237737
H            3.32252637635061       -0.89152194562863       -0.86352366426354
H            3.93083116172617       -0.16885840721794       -2.99173327939574
48
 energy: -84.851714977880 gnorm: 0.000616276912 xtb: 6.7.1 (edcfbbe)
C            5.19708968853627        2.56760733953101       -0.80760781354845
O            4.60515218290673        1.29807945091011       -1.07019374408392
C            3.23130592231834        1.24952690110573       -0.92086116398936
O            2.89165128324586        1.42528331591452        0.43847543677947
C            1.50443032889517        1.30884674721188        0.68832347680394
C            1.28190168444844        1.61568946236737        2.17617092997420
O            1.44466910113661        2.97371871562509        2.47982950222920
C            0.97688960165719       -0.09858905599966        0.32871551698940
O           -0.41745995704627       -0.10078543594560        0.56497587453968
C           -0.97754060704903       -1.11720249225481        1.36747264553321
O           -2.10576163684250       -0.56165489896465        1.97632523359771
C           -3.09239586112054       -0.16007121029704        1.02362774784084
C           -4.27611908111108        0.40226720142463        1.82621183601424
O           -5.25551436714625        0.97421419473485        0.99481369784087
C           -3.53844430898099       -1.32570585008311        0.12000838804029
O           -4.35105210900900       -0.87384169211101       -0.93416128797568
C           -2.32397788741813       -2.03846650596945       -0.49717923741260
O           -2.70140727329635       -3.21741698091803       -1.16445376964515
C           -1.37797749698691       -2.41065235445604        0.64248187489709
O           -0.24066268634019       -3.12273431419234        0.25777067891263
C            1.26676922397326       -0.29990878540504       -1.17280551134547
O            0.83323564842809       -1.54957562757129       -1.62269499155965
C            2.76949394891628       -0.12421269717007       -1.42511367993713
O            2.98124751868536       -0.25826242160348       -2.80552242505681
H            5.09458989388769        2.82702322619696        0.24603626798491
H            4.73144986599868        3.33859826607160       -1.42732261343571
H            6.24555500964177        2.45522271376706       -1.06755510498750
H            2.73916060746684        2.04561951885490       -1.52074074708800
H            0.95103051372069        2.04363441446989        0.08451965891288
H            1.96805517102061        0.99456542107094        2.76408664916470
H            0.25104260298786        1.36550675762735        2.43277247204044
H            2.36037797266664        3.22891077648497        2.29871843544263
H            1.47522323420072       -0.87521982078456        0.91507480295253
H           -0.28578708257156       -1.37246343688621        2.18422055125947
H           -2.66714462234244        0.62196663116861        0.37923246359075
H           -3.89021411946070        1.11708054887924        2.55812379271543
H           -4.76173301537811       -0.41385026154051        2.36566280524055
H           -4.95262007567545        1.83826709109106        0.68168627852591
H           -4.08180311954846       -2.06441322919419        0.73290563777116
H           -5.07653930386616       -0.34449642536168       -0.55645190595877
H           -1.80631673376514       -1.35568904176540       -1.18517094827851
H           -3.36979333218591       -2.98969791257878       -1.82759922819759
H           -1.95018123757403       -3.00441940211649        1.37865648900003
H           -0.50019137185724       -3.74781524115510       -0.43648358630362
H            0.72906145128365        0.49314070198603       -1.72203324336700
H            1.22276597058089       -1.69561025960766       -2.50065282828680
H            3.32101376146795       -0.89284801569015       -0.86496960185804
H            3.92747326176315       -0.16917410085917       -2.99384523218254
48
 energy: -84.851720592488 gnorm: 0.000579772603 xtb: 6.7.1 (edcfbbe)
C            5.19947156933667        2.56330106271115       -0.80590868982310
O            4.60560366655389        1.29509420172377       -1.07056086706298
C            3.23161603317156        1.24830863912507       -0.92161637212587
O            2.89168340204578        1.42516841015634        0.43744269754138
C            1.50414075711976        1.31075327061742        0.68684510494174
C            1.28193856037150        1.62082227402789        2.17408481993742
O            1.44825585500347        2.97938045587176        2.47427989106526
C            0.97576636764110       -0.09673638753888        0.32886324156404
O           -0.41862195343578       -0.09899628916885        0.56489499452981
C           -0.97803265081813       -1.11529332566643        1.36833187422041
O           -2.10660428199425       -0.56085705644234        1.97710562576523
C           -3.09421585197933       -0.16055467268926        1.02475161544603
C           -4.28010842441985        0.39594313860202        1.82843934069740
O           -5.26029090447806        0.96817159997941        0.99796062442918
C           -3.53723026258084       -1.32489569358403        0.11775414653886
O           -4.34727030755536       -0.87077783145219       -0.93765304478512
C           -2.32146678237365       -2.03684300101314       -0.49775287314468
O           -2.69722615048221       -3.21561043644389       -1.16630676491045
C           -1.37730463464150       -2.40924183797824        0.64336761586713
O           -0.23964262497104       -3.12164620551579        0.26062388578083
C            1.26565628271106       -0.29968014568474       -1.17252145876381
O            0.83153671669706       -1.54973510875569       -1.62123194530534
C            2.76847103676102       -0.12529683249474       -1.42511789117727
O            2.97986717386560       -0.26040700707799       -2.80547475387006
H            5.09856882407183        2.82046940687748        0.24843518742461
H            4.73412778481285        3.33633988607689       -1.42330801405684
H            6.24750756821271        2.45010378222782       -1.06732932028439
H            2.74055960964597        2.04469280686074       -1.52210867307056
H            0.95191851479404        2.04531957346642        0.08166352573302
H            1.96646800551539        0.99948220318270        2.76363256003035
H            0.25038371570890        1.37394270010624        2.43108245818556
H            2.36549776718990        3.23067577326899        2.29568810112469
H            1.47400583447477       -0.87301181721204        0.91579895483955
H           -0.28587278678870       -1.36953852069634        2.18499322297547
H           -2.67123407379469        0.62421635433265        0.38208070332795
H           -3.89646681429870        1.10918965467164        2.56325726772599
H           -4.76381405265479       -0.42365880017425        2.36474353154305
H           -4.96223010698770        1.83725142716155        0.69293734031674
H           -4.08222262412483       -2.06487365074836        0.72771741577014
H           -5.07470980289723       -0.34398334498449       -0.56028895530903
H           -1.80281273066126       -1.35353431217236       -1.18437872430121
H           -3.36146209138182       -2.98745105815237       -1.83340738382797
H           -1.95074621873079       -3.00264662374667        1.37887325671834
H           -0.49740746099919       -3.74429115731188       -0.43651976839059
H            0.72830639307916        0.49304487223333       -1.72262385801627
H            1.22018128398664       -1.69619354601059       -2.49948564678889
H            3.31935781821724       -0.89413882938196       -0.86452120077058
H            3.92610121517017       -0.17178607476480       -2.99405231889103
48
 energy: -84.851723596063 gnorm: 0.000467787564 xtb: 6.7.1 (edcfbbe)
C            5.20116066345039        2.56035702408956       -0.80465201250814
O            4.60605153643285        1.29301490904839       -1.07059025250312
C            3.23192320784037        1.24751398782352       -0.92216376531580
O            2.89160273398991        1.42546163424563        0.43657797102280
C            1.50382202221306        1.31236191399279        0.68554191844904
C            1.28170933897617        1.62459863946264        2.17229886085073
O            1.45049081292325        2.98353855601220        2.47028715030910
C            0.97481850732536       -0.09503141251704        0.32851103731375
O           -0.41960819806513       -0.09744441474416        0.56456536089367
C           -0.97807205150267       -1.11390403372715        1.36847656360957
O           -2.10701159839162       -0.56064202336607        1.97766942985676
C           -3.09546937724465       -0.16113044991613        1.02586284552430
C           -4.28298628093190        0.39092210019934        1.83022637189261
O           -5.26355005969179        0.96371839191167        1.00056855080651
C           -3.53639889847250       -1.32441340292285        0.11625854311711
O           -4.34428558103782       -0.86777589812491       -0.93983922283433
C           -2.31980361841187       -2.03573700637096       -0.49815104662584
O           -2.69427525297559       -3.21459411211235       -1.16727791692379
C           -1.37684867818597       -2.40818676444017        0.64390219111778
O           -0.23926735992135       -3.12152654778090        0.26231799232393
C            1.26478203177267       -0.29890335497465       -1.17281941797135
O            0.82971785400101       -1.54893600097785       -1.62080571238006
C            2.76784042851834       -0.12608964925690       -1.42495909962737
O            2.98003337042051       -0.26273775198263       -2.80505158652571
H            5.10118154866428        2.81616032256352        0.25010667374299
H            4.73606928350260        3.33460683921934       -1.42064934607725
H            6.24893465737806        2.44661931293255       -1.06693923836020
H            2.74180846180510        2.04392624876527       -1.52337250638927
H            0.95247152012350        2.04681953582265        0.07947738074525
H            1.96522587599767        1.00314363614784        2.76285884722121
H            0.24976023344667        1.37982443153047        2.42961105755415
H            2.36872918667792        3.23194716948670        2.29311711226375
H            1.47302799679856       -0.87111474371053        0.91566392724430
H           -0.28540966377270       -1.36738963400216        2.18492050241347
H           -2.67424007413209        0.62588265357297        0.38482668120822
H           -3.90141252899944        1.10258360608776        2.56744772569543
H           -4.76559903882866       -0.43108356379573        2.36372444020096
H           -4.96837183555035        1.83572077244165        0.70118521195378
H           -4.08301775307757       -2.06540897362532        0.72350831624927
H           -5.07238651665592       -0.34187794543864       -0.56247410683659
H           -1.80053962474315       -1.35206904302503       -1.18394050382466
H           -3.35605132164361       -2.98648785375156       -1.83682272242590
H           -1.95106086637231       -3.00090832420154        1.37937911272805
H           -0.49673455894761       -3.74255581188159       -0.43645448359128
H            0.72817420424332        0.49381738428919       -1.72359895739019
H            1.21883699537774       -1.69662516956377       -2.49864780013794
H            3.31773829538026       -0.89487124360302       -0.86325038406705
H            3.92648813328781       -0.17510201311247       -2.99295121518959
