48
 energy: -84.821609363743 gnorm: 0.075811200622 xtb: 6.7.1 (edcfbbe)
C            4.20092507186207        1.53137376497913        0.51139652195971
O            3.43434410028325        0.33946336587796        0.39484011162370
C            3.54340410886925       -0.29300177177627       -0.84584914938681
O            2.95640792940359        0.43399468629643       -1.89364351537937
C            1.52718222822221        0.44922906667838       -1.96431968786132
C            1.09775658576297        1.90737525796864       -2.18299162435899
O            1.59402650206822        2.42106993277328       -3.38860907371359
C            0.83732514443267       -0.14510816246175       -0.73173522769762
O           -0.53321637880922       -0.31172422529654       -1.10266709228647
C           -1.54197653376582       -0.04906106009925       -0.18909080435465
O           -1.67136053892547       -1.16755826657842        0.67316225883376
C           -2.71497939929667       -1.08597107700953        1.64903486480042
C           -3.54812728184525       -2.37532895632060        1.55933879174676
O           -2.83263460020325       -3.49698438985670        2.00102054449320
C           -3.61584923180140        0.14905050723292        1.48617890201318
O           -4.54561090249654        0.24092243735505        2.53218860729001
C           -2.79104943293578        1.45098971483230        1.34107946448284
O           -3.45712008758475        2.38202432882492        0.52712753295199
C           -1.40661557256424        1.18912771713831        0.70857896729576
O           -0.42786779945208        1.00787993841135        1.70142902464970
C            1.43793278907006       -1.47904899265276       -0.23292138414687
O            1.36984331008679       -1.54878044357825        1.16840734404804
C            2.89164701332743       -1.67649828131182       -0.72063867488725
O            2.99460554770359       -2.39790059231135       -1.91525534874090
H            3.91638703328573        2.25282807889762       -0.25752005571077
H            5.26741580808008        1.30629089393058        0.42242405280634
H            3.98193040584012        1.93159487635469        1.49756662686811
H            4.59993606528740       -0.38168998090321       -1.14785256469959
H            1.21791877244113       -0.13014833886856       -2.84644659181386
H            1.44177174852627        2.51311468314494       -1.33154097887336
H            0.00894043680132        1.95600658365405       -2.24389993504898
H            2.54565666466377        2.25004041972723       -3.41769166620538
H            0.93178317148398        0.58383009742681        0.08024142192784
H           -2.43618509391689        0.06221993235951       -0.82220005993533
H           -2.24306982568688       -1.05735940107611        2.64401083412155
H           -3.88041817759958       -2.50540473490365        0.52012121065719
H           -4.42314974912775       -2.28773109305826        2.20689241842115
H           -2.01158321728919       -3.54796774911229        1.49414723142117
H           -4.22502439265262        0.02740172847912        0.58263157960208
H           -4.08590006569349        0.29972163835906        3.38158474707701
H           -2.61147098230626        1.87462017506240        2.34288504131806
H           -4.33162420552011        2.55934553285906        0.90118479767929
H           -1.13478691234542        2.07130484721968        0.12017761162392
H           -0.34593332086627        0.05618700309119        1.88412149958904
H            0.82161791915565       -2.30032045702408       -0.61298014866490
H            2.00643759000177       -0.91302652803063        1.52957925220203
H            3.42183258128974       -2.26681749613995        0.03393998947373
H            2.76852502706246       -1.82958011856396       -2.66395734631834
48
 energy: -84.826922617679 gnorm: 0.011745931159 xtb: 6.7.1 (edcfbbe)
C            4.20003159525313        1.53003891632942        0.51341488117868
O            3.43501657503954        0.33694053429273        0.39681218668527
C            3.54061040615168       -0.29006691179005       -0.84684106487107
O            2.94810709637399        0.44588599216590       -1.88641283953472
C            1.51792892128516        0.46658240162503       -1.95298790988663
C            1.08869449863909        1.92143740547589       -2.17276580854071
O            1.58778337486357        2.42933928493513       -3.38023073622344
C            0.84127879536252       -0.18577682181672       -0.74321190286271
O           -0.53332014194637       -0.36681805740902       -1.08765754933969
C           -1.54757745529897       -0.04546483501405       -0.19880892648308
O           -1.66564249594385       -1.14782380825586        0.68979988287954
C           -2.71630480792090       -1.07685216695701        1.65645427758711
C           -3.54516894071010       -2.36972152629588        1.56085269302475
O           -2.83088813987643       -3.49227090928557        2.00228108695295
C           -3.61769679569968        0.15529411524395        1.48632997363119
O           -4.54775273360024        0.24737509922293        2.53196952727217
C           -2.79046565708954        1.45556510123120        1.33548589197609
O           -3.45945514900423        2.38582922566848        0.52354565351457
C           -1.40727273202849        1.19525672178162        0.69627873841640
O           -0.42937432221707        1.01189979846336        1.69025181231107
C            1.44931178465147       -1.50526838213475       -0.23373683487555
O            1.37846215308002       -1.56347111968988        1.16816076409023
C            2.90243652957239       -1.68121594976242       -0.72408986117431
O            3.00641897056027       -2.39867138175264       -1.92072296373281
H            3.91396151183977        2.25199014074387       -0.25449190962471
H            5.26667160411965        1.30647800931854        0.42255809358527
H            3.98211936905113        1.92936745624321        1.50006046059304
H            4.59664082763206       -0.37319647288069       -1.15246294576385
H            1.21586353088906       -0.10705461352819       -2.84241354809936
H            1.43418642987577        2.52617150580663       -1.32188346526615
H            0.00025204424883        1.96707743040511       -2.23665212030630
H            2.53879298955673        2.25420115305301       -3.41003736521438
H            0.92941475470893        0.54361462463742        0.07132435796068
H           -2.43942124698173        0.05340594700129       -0.83617892082631
H           -2.24864128651895       -1.04763120459623        2.65317775370783
H           -3.87535879786399       -2.49982090450743        0.52086084271174
H           -4.42247866179780       -2.28524538797566        2.20576798004463
H           -2.00943223248799       -3.54391353988500        1.49640421453216
H           -4.22567812346290        0.02981586340483        0.58251610350809
H           -4.08798413801672        0.30434934813428        3.38149220301765
H           -2.60856418110626        1.87884384596376        2.33715447033259
H           -4.33286299860413        2.56239862293333        0.90040389240461
H           -1.13370259929992        2.07693756794225        0.10879947603041
H           -0.34956905556685        0.06026738544426        1.87545176803439
H            0.83609211164031       -2.32927364597419       -0.61116173956766
H            2.00699708013068       -0.91762767431299        1.52608133115952
H            3.43753074931498       -2.26869050474730        0.02889795723263
H            2.77000884170466       -1.83049258680514       -2.66635954120536
48
 energy: -84.827690193802 gnorm: 0.005502985536 xtb: 6.7.1 (edcfbbe)
C            4.19814348288233        1.52808888798148        0.51757089542186
O            3.43662358931325        0.33296150721969        0.39860918733063
C            3.54220904016208       -0.28718304192395       -0.84866516935328
O            2.94103431933926        0.44952087630732       -1.88249371340959
C            1.50948613146333        0.46262708669396       -1.94781591763654
C            1.07744753559276        1.91963630212598       -2.14864744923179
O            1.57365800566787        2.43202087875725       -3.35546514086754
C            0.83752618346877       -0.20209630223496       -0.73899815023793
O           -0.53540577597291       -0.39377224434249       -1.08392896346997
C           -1.55029360027849       -0.05155858581870       -0.20304834202266
O           -1.66023336757236       -1.14000422618676        0.70788818206203
C           -2.71826754829728       -1.07062639813876        1.66500103068240
C           -3.54554562434601       -2.36394620056040        1.56394623806412
O           -2.83113759265865       -3.48596808851197        2.00644612071149
C           -3.61762105214849        0.16138301137658        1.48599413684580
O           -4.54873096721122        0.26306858911394        2.52995076840883
C           -2.78959738978057        1.46037152684893        1.32459507211473
O           -3.46357560386263        2.38861183466753        0.51432439627015
C           -1.40879747112259        1.19941813505172        0.67841948695399
O           -0.42570916692338        1.02046537651165        1.66746977835009
C            1.46194176584583       -1.51949905480555       -0.24382891703900
O            1.39236938394641       -1.58226024772634        1.15742863569803
C            2.91657217589968       -1.68459037330858       -0.73243011322580
O            3.02528825453704       -2.39559476287389       -1.93266659435133
H            3.90935113108218        2.25077155620431       -0.24863207664819
H            5.26527868839714        1.30751541670009        0.42479069156900
H            3.98031017831759        1.92473580477593        1.50524361705614
H            4.59747238410252       -0.36125924952458       -1.15934234848602
H            1.21144698034832       -0.09653766632652       -2.84998650748062
H            1.42366138519971        2.52450705982342       -1.29799324153391
H           -0.01094951036775        1.96841346063887       -2.21242244811205
H            2.52445536948435        2.25638873066287       -3.39041553100182
H            0.91889803360115        0.51927726751154        0.08539575663410
H           -2.44163578919602        0.03870088190378       -0.84035048857677
H           -2.25774712057702       -1.03984775899514        2.66500576505046
H           -3.87045783739472       -2.49251626171988        0.52203841858650
H           -4.42563047981513       -2.28120639235802        2.20533422004043
H           -2.00802753686940       -3.53660542025969        1.50311130067274
H           -4.22522171105050        0.03120676625242        0.58258618996588
H           -4.08968960954688        0.31829164490255        3.37996548825292
H           -2.60062320334378        1.88684774339451        2.32372022166723
H           -4.33436664388207        2.56671330979264        0.89661639555593
H           -1.13940030395055        2.08088808370638        0.08876809026426
H           -0.35087742594153        0.06952935703138        1.86034932911183
H            0.85779623774594       -2.35091990500473       -0.62028516031200
H            2.01241159682724       -0.92922826660851        1.51755229190293
H            3.46021810580569       -2.26905938352279        0.01717733400286
H            2.77594222585137       -1.82768617298819       -2.67440244509693
48
 energy: -84.828161590738 gnorm: 0.006681306143 xtb: 6.7.1 (edcfbbe)
C            4.19509247500209        1.52583046579072        0.52321711495253
O            3.43847651637976        0.32824086513745        0.39817088473092
C            3.54598996007079       -0.28293623404177       -0.85349263171753
O            2.93547728763953        0.45278139669297       -1.88175191469158
C            1.50281534866607        0.45641068048176       -1.94244040238058
C            1.06371905507852        1.91503435915788       -2.12161227550083
O            1.55436054332922        2.44256374547793       -3.32490619862815
C            0.83553208834753       -0.21799381527077       -0.73508399141505
O           -0.53602493895065       -0.41756280172607       -1.08334512686114
C           -1.54799129141781       -0.06479168946144       -0.20279545246877
O           -1.65255611866432       -1.13690999800006        0.73088552702889
C           -2.72107495857249       -1.06389050640107        1.67497359178985
C           -3.54791689812616       -2.35660768350283        1.56782079764249
O           -2.83355264792766       -3.47786942847402        2.01224840050341
C           -3.61702967827163        0.16895930606707        1.48431623727008
O           -4.54921302057568        0.28570188752998        2.52608087597171
C           -2.78818946150600        1.46597739853742        1.31018838759197
O           -3.46816682459902        2.38994982896463        0.49991519380086
C           -1.41013488165839        1.20171858253227        0.65818196092709
O           -0.42236642763082        1.03852989567155        1.64481091536341
C            1.47500208588394       -1.53625397573703       -0.25510598068235
O            1.41041014433251       -1.61237445675741        1.14614219506929
C            2.93101459886554       -1.68566826504464       -0.74564235479291
O            3.04808633475055       -2.38880372920840       -1.94997521083666
H            3.90307217255079        2.25059741449621       -0.23975008340332
H            5.26307753818826        1.30973342611252        0.42909454172884
H            3.97603484728937        1.91719386207074        1.51271138700961
H            4.60080783917045       -0.34547009424487       -1.16863573602068
H            1.20529810651981       -0.08898128365057       -2.85327169606276
H            1.41153409772431        2.51256720113059       -1.26644644544696
H           -0.02509910835610        1.96535817455833       -2.18116918391620
H            2.50488879601778        2.26675665248196       -3.36667207792650
H            0.91437519590986        0.49373398079714        0.09694014218981
H           -2.44135104987451        0.01255451305816       -0.83746386924731
H           -2.27048092511938       -1.03181480985587        2.67956818223050
H           -3.86597883560811       -2.48331519850014        0.52352889636647
H           -4.43161329316017       -2.27588052882134        2.20441049837148
H           -2.00734839491910       -3.52602093229996        1.51350176041490
H           -4.22448739979745        0.03193090956657        0.58169913659491
H           -4.09120940903787        0.33966529819163        3.37672764977626
H           -2.59124505296927        1.89865978829292        2.30530872555975
H           -4.33565841851680        2.57082594969710        0.88865715397191
H           -1.14818403187704        2.07949423927993        0.05984571470148
H           -0.35584015402362        0.09000350195116        1.85581350512979
H            0.88122106824689       -2.37422815683215       -0.63449929479113
H            2.02144053871116       -0.95283523833460        1.51000440821291
H            3.48164314128663       -2.26872125004933        0.00004479556964
H            2.78334329436181       -1.82184815502441       -2.68726833227951
48
 energy: -84.828556565540 gnorm: 0.006087723671 xtb: 6.7.1 (edcfbbe)
C            4.19018258302607        1.52316844913067        0.52947025499286
O            3.43887921609961        0.32321088708488        0.39498244092102
C            3.54986317784104       -0.27851184640982       -0.86100711427067
O            2.93104651755757        0.45546105169001       -1.88474597349802
C            1.49803202479159        0.44941652167939       -1.93826181273723
C            1.04989870849061        1.90906919373326       -2.09453133389749
O            1.53298518139779        2.45909768095903       -3.29180217456571
C            0.83751902601852       -0.23144733015085       -0.73130745020935
O           -0.53386269948553       -0.43883618164252       -1.07894270247354
C           -1.54225352278319       -0.08225837148440       -0.19627895017428
O           -1.64267435167765       -1.13695358607383        0.75795478891424
C           -2.72459433016855       -1.05696578919735        1.68597073733995
C           -3.55156844098561       -2.34867706300931        1.57130870973438
O           -2.83756535853846       -3.46964949201968        2.01705565884695
C           -3.61622058670060        0.17726360921636        1.48151023267805
O           -4.54903820719468        0.31028985737841        2.52114892544643
C           -2.78697685777736        1.47194117230297        1.29349142326461
O           -3.47305464932464        2.39020361298794        0.48177917673103
C           -1.41101829332130        1.20324884031449        0.63858001240416
O           -0.41855584927877        1.06623248485914        1.62497224398019
C            1.48923661444746       -1.55279934562840       -0.26832473020373
O            1.43053464252318       -1.64800528941496        1.13272157137002
C            2.94626965303242       -1.68665275530962       -0.76199484413651
O            3.07127753722329       -2.38074840967296       -1.97091463650021
H            3.89566260723229        2.25180790465160       -0.22880930768701
H            5.25923985149434        1.31231488806177        0.43519813820903
H            3.96850640075539        1.90694232585768        1.52142019519606
H            4.60448863284429       -0.32934813816002       -1.17869465436811
H            1.19827889005956       -0.08639557984027       -2.85254287269658
H            1.39872063393423        2.49437883435065       -1.23109128095859
H           -0.03947065766226        1.95672129942951       -2.14810879821206
H            2.48332076761891        2.28420360532110       -3.34089768685264
H            0.91647451149884        0.47072538349176        0.10632045772780
H           -2.43925110869208       -0.02261788433271       -0.82794776828516
H           -2.28599647383377       -1.02409960395963        2.69596650244934
H           -3.86270102033128       -2.47288426905542        0.52458179113748
H           -4.43915191043152       -2.27068625602422        2.20262270478332
H           -2.00687490427371       -3.51298881113803        1.52489694607494
H           -4.22388945735750        0.03200272216442        0.58017869633822
H           -4.09204722527992        0.36494777130661        3.37228661467363
H           -2.58331232670185        1.91238395654013        2.28393621382296
H           -4.33717729588946        2.57400025826136        0.87686304285019
H           -1.15798009440677        2.07213470671812        0.02356133985985
H           -0.36481606380035        0.12298394786878        1.86685112536358
H            0.90353812036905       -2.39331172230640       -0.65478247562379
H            2.03391144460128       -0.98505755878080        1.50251490824268
H            3.50175406653826       -2.27032212093011       -0.02042067322924
H            2.79043073012209       -1.81493846785707       -2.70325729102868
48
 energy: -84.828885336815 gnorm: 0.006081305232 xtb: 6.7.1 (edcfbbe)
C            4.18376635768817        1.52026747886149        0.53561248029134
O            3.43872609217408        0.31772938581426        0.38907003330010
C            3.55474608482978       -0.27452596410918       -0.87089528757109
O            2.92794584759213        0.45782249480201       -1.89047429433883
C            1.49528837564182        0.44315060701781       -1.93453720883175
C            1.03673348147501        1.90235548051780       -2.07087987895774
O            1.51227630943980        2.47793530418548       -3.25974616282532
C            0.84443176952990       -0.24202573512750       -0.72620350027865
O           -0.52790915443470       -0.45696246674775       -1.06824180831659
C           -1.53352758532886       -0.10127046793897       -0.18333748172411
O           -1.63134718040843       -1.13859988874206        0.78758311710900
C           -2.72891734446238       -1.05024666117345        1.69745818663891
C           -3.55684220993827       -2.34056362921028        1.57455775374972
O           -2.84426869730779       -3.46216461285432        2.02106872021324
C           -3.61589722564184        0.18534111869723        1.47768976568673
O           -4.54959095906512        0.33297443405454        2.51476406910040
C           -2.78671223463399        1.47774954260875        1.27715792250747
O           -3.47658272200990        2.38937132027373        0.46116424408459
C           -1.41197414356012        1.20369220224913        0.62287479053514
O           -0.41473582098362        1.09891629157613        1.60961658589978
C            1.50469134345850       -1.56814310372877       -0.28265357328888
O            1.45152565339429       -1.68663062156346        1.11733189499873
C            2.96202603245603       -1.68764040035176       -0.78093111674602
O            3.09215605458554       -2.37180067998882       -1.99490482972910
H            3.88715061546171        2.25439181932320       -0.21656771162765
H            5.25411072819852        1.31565743939240        0.44215520314308
H            3.95796078916582        1.89409127783875        1.53058602197180
H            4.60943455359579       -0.31393671938053       -1.18947917469429
H            1.19086310610228       -0.08820082324663       -2.84791776149734
H            1.38403283987074        2.47393624591065       -1.19731765969010
H           -0.05311097099696        1.94245494641798       -2.11976409222951
H            2.46286081278241        2.30682341349303       -3.31457974790841
H            0.92514920702713        0.45141905727161        0.11622957737270
H           -2.43418325452925       -0.06087885541776       -0.81287220026372
H           -2.30417764794646       -1.01675675429238        2.71336955788873
H           -3.86162063591928       -2.46190446970277        0.52557220489237
H           -4.44825551342866       -2.26507418344545        2.20056413433227
H           -2.00778227415953       -3.49880046510394        1.53766617858723
H           -4.22346039204443        0.03162556356009        0.57761981047980
H           -4.09406087004954        0.39188938587489        3.36640804026757
H           -2.58017614880061        1.92671601282264        2.26310580091671
H           -4.33837016706645        2.57617085438172        0.85980029209228
H           -1.16736009719294        2.05917838724748       -0.01413854647773
H           -0.37574093733252        0.16474165868116        1.89137655144503
H            0.92288144866450       -2.40574284411224       -0.68061687716846
H            2.04947465443639       -1.02407882938720        1.49547606103767
H            3.52138568536808       -2.27377138167490       -0.04436406847691
H            2.79698619842396       -1.80668707188185       -2.72197569373680
48
 energy: -84.829093479214 gnorm: 0.005449545487 xtb: 6.7.1 (edcfbbe)
C            4.17781566904071        1.51773165704214        0.54026597276714
O            3.43958692715852        0.31239443168795        0.38256187738306
C            3.56008632912476       -0.27152525692053       -0.88070148393676
O            2.92627068465944        0.46063328853702       -1.89621313000484
C            1.49430461153100        0.43922701285569       -1.93075344503559
C            1.02643702351460        1.89655859482117       -2.05560644489328
O            1.49736667220300        2.49125910994677       -3.23623102980605
C            0.85367289865368       -0.24865746130463       -0.71952883645735
O           -0.52020180954304       -0.46898821334242       -1.05367081071526
C           -1.52484332192241       -0.11610210699858       -0.16773397972723
O           -1.62224231186072       -1.14001615532949        0.81333110758810
C           -2.73356879767603       -1.04497934313295        1.70737249592022
C           -3.56292963880087       -2.33381237115579        1.57745474269624
O           -2.85314443821318       -3.45693464938127        2.02465136058838
C           -3.61692186084717        0.19124528713170        1.47403129800367
O           -4.55264109156892        0.34815181289488        2.50781177265561
C           -2.78760201907591        1.48181285644231        1.26537657233336
O           -3.47696226375661        2.38754882817193        0.44237450381917
C           -1.41261662732464        1.20311469784989        0.61538181410009
O           -0.41249594711490        1.12541994996779        1.60225618850573
C            1.51907291058374       -1.57941560932004       -0.29482982609468
O            1.46990312096103       -1.72087471376285        1.10302786838871
C            2.97584413113293       -1.68845448564072       -0.79861128437354
O            3.10657663131707       -2.36330964835094       -2.01753482048922
H            3.87853612981957        2.25724308057796       -0.20562200733559
H            5.24945588928836        1.31989027335442        0.44735138233344
H            3.94780734562639        1.88136504818455        1.53818946325230
H            4.61476640109657       -0.30159429627532       -1.19972940199845
H            1.18460018869301       -0.09294650218032       -2.84092417967546
H            1.36868137111465        2.45902625313847       -1.17412821331637
H           -0.06358960247888        1.92667669030141       -2.10402908417137
H            2.44893599199482        2.32727105600707       -3.29271564155021
H            0.93722485584986        0.43858556908158        0.12685308469049
H           -2.42710832824549       -0.09001761016309       -0.79720811687691
H           -2.32139109711596       -1.01053545629700        2.72821451449891
H           -3.86316426612300       -2.45278270359879        0.52683495661266
H           -4.45729611821393       -2.25900445842615        2.19920095493206
H           -2.01094350378919       -3.48734967104628        1.55043712895184
H           -4.22318498641107        0.03102202570496        0.57428885091033
H           -4.09931683679998        0.41500059260756        3.36012228338577
H           -2.58327817225246        1.93820558470488        2.24820157947279
H           -4.33858401076533        2.57730872479095        0.83957781882921
H           -1.17339604234667        2.04547803950230       -0.04039929501911
H           -0.38328350595837        0.20244668599005        1.91757779821340
H            0.93730847183260       -2.41056138092593       -0.70600291765718
H            2.06490112649585       -1.06144120784474        1.49052203251267
H            3.53912439227110       -2.27795156673719       -0.06781928568220
H            2.80242667880684       -1.79736718860830       -2.73979586598221
48
 energy: -84.829218846142 gnorm: 0.003239475136 xtb: 6.7.1 (edcfbbe)
C            4.17374081207671        1.51581416685074        0.54330184667032
O            3.44236203918703        0.30750285576239        0.37770977023859
C            3.56513561956926       -0.26928996437192       -0.88837516161666
O            2.92552460333566        0.46447780282470       -1.89960139849658
C            1.49416450361928        0.43745572317292       -1.92688364112582
C            1.01905515732038        1.89230642008583       -2.04937795037461
O            1.48969185939401        2.49624269303050       -3.22381000324227
C            0.86203689277427       -0.25216250637363       -0.71222666406252
O           -0.51318982816521       -0.47521566372012       -1.03958316372293
C           -1.51848370419510       -0.12447197223585       -0.15386229538758
O           -1.61713288238638       -1.14044487285401        0.83175529077572
C           -2.73781327586000       -1.04166257584979        1.71466885013780
C           -3.56862147622186       -2.32917520213282        1.57997565604790
O           -2.86251509936907       -3.45419281512008        2.02823278733121
C           -3.61889273097560        0.19457292306138        1.47133231323154
O           -4.55809077133489        0.35551360820244        2.50111380664132
C           -2.78891392555700        1.48396657998354        1.25939685003195
O           -3.47441602865150        2.38519080509285        0.42805030884425
C           -1.41221931144448        1.20213262082597        0.61568338177148
O           -0.41179223828866        1.14060160925403        1.60252842825631
C            1.53035821254777       -1.58636972333316       -0.30327184195597
O            1.48390337193268       -1.74680615270601        1.09186652816561
C            2.98608990864714       -1.68856889940989       -0.81268272713955
O            3.11421827709852       -2.35573175959582       -2.03596988792857
H            3.87046596982493        2.25917455125565       -0.19715685340796
H            5.24651685187817        1.32480204031187        0.44955841123872
H            3.94094355297384        1.87085926612021        1.54367889771472
H            4.61949361221351       -0.29269188377568       -1.20855042587781
H            1.18054454831031       -0.09870950230046       -2.83361309999742
H            1.35361189729701        2.45205551316285       -1.16341169852489
H           -0.07091000817926        1.91350197581529       -2.10190564148307
H            2.44282857430716        2.34094918792024       -3.27752280172857
H            0.94890611620401        0.43152508902710        0.13698266715653
H           -2.42005850261836       -0.10544051965109       -0.78526292663733
H           -2.33488813933275       -1.00580610344463        2.73876257406374
H           -3.86580609828681       -2.44669393073337        0.52826306879129
H           -4.46508098596643       -2.25310165618283        2.19859348493916
H           -2.01580945727057       -3.48069268353117        1.56195114794372
H           -4.22252364061532        0.03039723651124        0.57064982951381
H           -4.10772243167049        0.43225778005369        3.35429388181498
H           -2.59006989115330        1.94591981575352        2.24066191241016
H           -4.33793112293467        2.57757224761686        0.81965043487772
H           -1.17484801180569        2.03542357234269       -0.05091963043123
H           -0.38708500562521        0.22780934715617        1.93908207551130
H            0.94714664949353       -2.41092108122028       -0.72595387018090
H            2.07782528319314       -1.09144399940093        1.48774159263218
H            3.55344744646196       -2.28133629945402       -0.08774550235687
H            2.80680266315496       -1.78710056843247       -2.75431828825764
48
 energy: -84.829307421152 gnorm: 0.002458444821 xtb: 6.7.1 (edcfbbe)
C            4.17076020183740        1.51377382816697        0.54636401447026
O            3.44748508023513        0.30163024700803        0.37468039257303
C            3.57033654916486       -0.26685131124988       -0.89492003917493
O            2.92464467539477        0.47050026684902       -1.90028505311255
C            1.49373214571340        0.43600697282893       -1.92236643563866
C            1.01128894255588        1.88816222460604       -2.04710129264605
O            1.48528467519772        2.49638035763359       -3.21641300904793
C            0.86923123985839       -0.25557489529552       -0.70416399757125
O           -0.50697169141284       -0.48038028272412       -1.02620046687042
C           -1.51348189429387       -0.13012565189450       -0.14118456900037
O           -1.61374660791596       -1.14026648429120        0.84813092496826
C           -2.74195196011825       -1.03909888014904        1.72149867661142
C           -3.57426527748808       -2.32525150926263        1.58262025325682
O           -2.87265861171464       -3.45229156070806        2.03273385558612
C           -3.62102845733534        0.19711985060199        1.46919337571007
O           -4.56537555513790        0.36042875033133        2.49380621685944
C           -2.78998202254606        1.48576012464333        1.25582870078918
O           -3.47030809171598        2.38244895218357        0.41501544127976
C           -1.41059937412983        1.20155770457253        0.61890469958130
O           -0.41047717921242        1.15232300425995        1.60546418589218
C            1.54089583735551       -1.59263415123660       -0.31103407131387
O            1.49746607327934       -1.77166944916064        1.08089971997283
C            2.99545871510659       -1.68809279674608       -0.82650045060708
O            3.11990985418249       -2.34686919310903       -2.05474368591887
H            3.86107097290302        2.25996441706518       -0.18861402385757
H            5.24471257764535        1.33095399973408        0.44973236825439
H            3.93677186494991        1.86052188867894        1.54930893410189
H            4.62395979552852       -0.28404407349194       -1.21768457392088
H            1.17816607885110       -0.10535770084448       -2.82613057441627
H            1.33553824775643        2.44887273241037       -1.15787063338934
H           -0.07847295263826        1.90155365247657       -2.10728680913165
H            2.44037082825075        2.35059110917665       -3.26398692008351
H            0.95962778049871        0.42481627750323        0.14797275751765
H           -2.41335356427411       -0.11486783582937       -0.77547841075680
H           -2.34732490893670       -1.00151847268059        2.74840621848392
H           -3.86791302538420       -2.44177149403998        0.52969031853597
H           -4.47302529964993       -2.24690260610222        2.19781574284954
H           -2.02192682448607       -3.47657385823452        1.57406246254215
H           -4.22072338077652        0.02987898167221        0.56649918573685
H           -4.11907044372242        0.44871903653541        3.34815641904570
H           -2.59783900951014        1.95305856705174        2.23597339014055
H           -4.33696289595226        2.57725078992572        0.79861161372152
H           -1.17394102327811        2.02824589970918       -0.05512299060694
H           -0.39278273396473        0.24923495815121        1.96558069085032
H            0.95693844907941       -2.41147332340744       -0.74435401586481
H            2.09069688510220       -1.12062933130334        1.48498425276807
H            3.56748446177182       -2.28442543684761       -0.10819114243645
H            2.81235070861302       -1.77308919897919       -2.76882132370007
48
 energy: -84.829370262787 gnorm: 0.002375501457 xtb: 6.7.1 (edcfbbe)
C            4.16927459385156        1.51169118353789        0.54959823769679
O            3.45480458613065        0.29496604258736        0.37439635729805
C            3.57511235347583       -0.26438214456833       -0.89931939146631
O            2.92386456634274        0.47845534007237       -1.89745762821603
C            1.49331180835473        0.43453012172405       -1.91777637648872
C            1.00320906905484        1.88380161397468       -2.04842959625063
O            1.48341137642115        2.49235451991388       -3.21433191472459
C            0.87437172819662       -0.25877194777513       -0.69689665725274
O           -0.50233993644285       -0.48351963357941       -1.01582592769939
C           -1.50957478734245       -0.13267251132933       -0.13103643520367
O           -1.61212587767886       -1.13966773460726        0.86068658079022
C           -2.74554908688161       -1.03719388838873        1.72686330484494
C           -3.57922392953927       -2.32215600003021        1.58519022804739
O           -2.88226254263610       -3.45061991005743        2.03875704557831
C           -3.62309619953932        0.19899842591967        1.46740874566050
O           -4.57333707756148        0.36372972917549        2.48638472632697
C           -2.79095863447531        1.48725265980544        1.25467479239801
O           -3.46566188525735        2.38020465669184        0.40517425774865
C           -1.40835294348034        1.20166807120017        0.62453105573845
O           -0.40954205620052        1.15918273944063        1.61102590704474
C            1.54946956385579       -1.59798303756923       -0.31778650160447
O            1.50992198436804       -1.79298457940869        1.07114399393064
C            3.00296170168292       -1.68691158437917       -0.83887405530028
O            3.12389364474279       -2.33704311079384       -2.07226663330658
H            3.85073464566250        2.25935999469327       -0.18016605806485
H            5.24430920697378        1.33794804981516        0.44766246309634
H            3.93641576221043        1.85119019386749        1.55518875456679
H            4.62767125021487       -0.27645477504694       -1.22579981331782
H            1.17872741446712       -0.11246964980900       -2.81913779854247
H            1.31609595700263        2.44813632046740       -1.15717115504683
H           -0.08618979634741        1.89092763907625       -2.11823201397926
H            2.44029056951394        2.35485943394256       -3.25336477504446
H            0.96783833502446        0.41811041957272        0.15811596462001
H           -2.40777138423284       -0.11825007944805       -0.76772646837499
H           -2.35754164757432       -0.99813659655082        2.75605428360593
H           -3.86878722658441       -2.43875478886828        0.53105194466032
H           -4.48050090606674       -2.24097220571016        2.19655849127055
H           -2.02848836587704       -3.47525620905836        1.58623461748209
H           -4.21805803302325        0.02974902964870        0.56195828412494
H           -4.13174891943257        0.46308237618836        3.34202833835759
H           -2.60540278031901        1.95884132822724        2.23409269972614
H           -4.33609436855291        2.57640653862177        0.77975448620720
H           -1.17112865292025        2.02533665814086       -0.05238629719945
H           -0.39901034272988        0.26452652503062        1.98954736372106
H            0.96583518517184       -2.41287861164124       -0.75926549869692
H            2.10232665694775       -1.14523741346610        1.48169946843540
H            3.57899479253394       -2.28707451825813       -0.12702665249976
H            2.81990048402602       -1.75592358408863       -2.78202442152978
48
 energy: -84.829417077456 gnorm: 0.002313835565 xtb: 6.7.1 (edcfbbe)
C            4.16885056268773        1.50944479485809        0.55358184003964
O            3.46340984025474        0.28771037547702        0.37673558693027
C            3.57914663280511       -0.26182149380355       -0.90160429325993
O            2.92304048021188        0.48820133957632       -1.89123794230508
C            1.49287306166342        0.43300717377775       -1.91337837601314
C            0.99453773969766        1.87907831389280       -2.05183044191429
O            1.48225146177316        2.48583897295316       -3.21581767248792
C            0.87757444617349       -0.26171926711288       -0.69100610892067
O           -0.49934479026034       -0.48546113450200       -1.00855642277191
C           -1.50673059659715       -0.13351464999135       -0.12381004250307
O           -1.61167688589393       -1.13906944487946        0.86985177808548
C           -2.74853607577674       -1.03551772682244        1.73083331526212
C           -3.58335368373039       -2.31957000299680        1.58755207914912
O           -2.89116875481466       -3.44860634593808        2.04684477153971
C           -3.62466063250561        0.20083276104809        1.46576827318037
O           -4.58065233591752        0.36673533819178        2.47923204346157
C           -2.79127532303845        1.48869901307297        1.25463318845299
O           -3.46096403453838        2.37898362944609        0.39845127428867
C           -1.40564582634360        1.20212971381211        0.63031520673190
O           -0.40828931871266        1.16265440833593        1.61710716051246
C            1.55615391701182       -1.60255067511435       -0.32381652285317
O            1.52116503356314       -1.81062423387901        1.06273099796398
C            3.00870039047754       -1.68509840191491       -0.84996477672554
O            3.12700542360309       -2.32608603073847       -2.08868521469225
H            3.83944656547429        2.25767414138445       -0.17089526662839
H            5.24473565296157        1.34524869500034        0.44400223874591
H            3.93948436494652        1.84237138996990        1.56211277792402
H            4.63050991310747       -0.26977869397590       -1.23235019690658
H            1.18224188302943       -0.11969782288849       -2.81290740107855
H            1.29612876156151        2.44854073673560       -1.15972523043549
H           -0.09429328219643        1.88061653804738       -2.13173488427954
H            2.44045581908915        2.35457809770011       -3.24520313830613
H            0.97335305161573        0.41127579127206        0.16684870880917
H           -2.40389111858044       -0.11858331709677       -0.76182969351882
H           -2.36551630951775       -0.99524511501943        2.76184113651897
H           -3.86794929457550       -2.43770065220027        0.53217763636280
H           -4.48752250645529       -2.23514334006044        2.19435320075563
H           -2.03523252549546       -3.47634970526797        1.59893473459942
H           -4.21485601364834        0.03022890562756        0.55742871517488
H           -4.14390686579258        0.47513577713708        3.33613592020838
H           -2.61107748486689        1.96334611229134        2.23356333858008
H           -4.33498801691340        2.57528627515207        0.76475621070268
H           -1.16706833921072        2.02522819227810       -0.04699604418555
H           -0.40613027839371        0.27472279529519        2.01037284689026
H            0.97367802678163       -2.41509944098195       -0.77113153646967
H            2.11235467522839       -1.16491144812950        1.47808626370783
H            3.58763145083035       -2.28953437224023       -0.14414583715941
H            2.83000099502620       -1.73589086933090       -2.79414387794006
48
 energy: -84.829450262451 gnorm: 0.002053188811 xtb: 6.7.1 (edcfbbe)
C            4.16907044601554        1.50708654753321        0.55856038865851
O            3.47199104625747        0.28054748319356        0.38118086740708
C            3.58219244215530       -0.25936363226641       -0.90180888986899
O            2.92240776485875        0.49880060126650       -1.88249306444403
C            1.49273970237843        0.43175455782219       -1.90970704603432
C            0.98594302394733        1.87424652747313       -2.05670294510207
O            1.48045269647087        2.47827978946578       -3.22014230166058
C            0.87925999568439       -0.26396764073647       -0.68707938207794
O           -0.49773136905349       -0.48619884896334       -1.00448098150941
C           -1.50472209349951       -0.13334445359924       -0.11973605610722
O           -1.61203519788420       -1.13876007393240        0.87517362828101
C           -2.75071924012325       -1.03399502009401        1.73309054073020
C           -3.58650889187127       -2.31742930075375        1.58966473981905
O           -2.89900067732603       -3.44600937503607        2.05703287912759
C           -3.62554718463716        0.20266715523270        1.46409395224792
O           -4.58621615170451        0.36972396248337        2.47290143695638
C           -2.79089349265836        1.49007051010983        1.25506740973600
O           -3.45679719150573        2.37921838670515        0.39505976983255
C           -1.40310788545329        1.20251898831767        0.63507806268505
O           -0.40746020879981        1.16276181353038        1.62296495381134
C            1.56071641233911       -1.60596810480139       -0.32893575201733
O            1.53050607163550       -1.82320281174253        1.05608315062202
C            3.01249886433377       -1.68286773166828       -0.85913542488262
O            3.12918631848248       -2.31496162539973       -2.10281120656005
H            3.82789381090623        2.25552532151364       -0.16033164402244
H            5.24540505388974        1.35205379217764        0.43963765835627
H            3.94518007245419        1.83391477187966        1.57031457369353
H            4.63249052756943       -0.26436085305862       -1.23648439099099
H            1.18837914064160       -0.12640187729298       -2.80794833406096
H            1.27758203142839        2.44949042685595       -1.16502782215271
H           -0.10216688808000        1.87016069220796       -2.14555422688816
H            2.43941968418101        2.35102848378752       -3.24043319562823
H            0.97652706347921        0.40528179241225        0.17325988010012
H           -2.40157208116664       -0.11727859909669       -0.75794889258903
H           -2.37079273900311       -0.99276477762320        2.76531218867759
H           -3.86532673798219       -2.43874042800739        0.53310399429771
H           -4.49389429367818       -2.22940297203547        2.19120363461363
H           -2.04183881106935       -3.47940444999747        1.61194391104601
H           -4.21171932172118        0.03133693777623        0.55327685705951
H           -4.15374286552723        0.48400435846730        3.33094366423773
H           -2.61407045703304        1.96614950968838        2.23386019048907
H           -4.33336941908317        2.57457634411074        0.75564920001953
H           -1.16234749466825        2.02655372958451       -0.04084277753247
H           -0.41325809554982        0.27937370769140        2.02496818761694
H            0.97941913911762       -2.41736665187638       -0.77961712967693
H            2.12054476109934       -1.17842684430022        1.47424361718118
H            3.59301165773458       -2.29173480774658       -0.15844544777913
H            2.84202091805090       -1.71518021348837       -2.80452210251979
48
 energy: -84.829473348404 gnorm: 0.001671775438 xtb: 6.7.1 (edcfbbe)
C            4.16937179162697        1.50481160179469        0.56419320445967
O            3.47831906773641        0.27482219613412        0.38633332412420
C            3.58385429713102       -0.25738285267608       -0.90042254185501
O            2.92208750154402        0.50804349462544       -1.87361989303580
C            1.49300713721418        0.43112042466623       -1.90755170671258
C            0.97893646923952        1.87021796215242       -2.06163725622036
O            1.47707911735998        2.47202572692553       -3.22561773761198
C            0.87965497851083       -0.26516284427800       -0.68566812618769
O           -0.49737354766453       -0.48631254001071       -1.00359217761160
C           -1.50373852767054       -0.13313704522546       -0.11899753244368
O           -1.61270129232376       -1.13895558577123        0.87658636297760
C           -2.75177992423909       -1.03272105779950        1.73364065536565
C           -3.58828507055794       -2.31586621752660        1.59134998903625
O           -2.90472677648272       -3.44316188650185        2.06764485620463
C           -3.62556072585316        0.20433217004236        1.46258321750255
O           -4.58879751868064        0.37252717624618        2.46859500176235
C           -2.78970148423212        1.49115613462177        1.25519249070023
O           -3.45390338697172        2.38088877465749        0.39478990772921
C           -1.40126656975172        1.20248282999781        0.63702447155197
O           -0.40671857446049        1.16071499124306        1.62628277068127
C            1.56297177414835       -1.60771474027479       -0.33246701829595
O            1.53646971868702       -1.82923516181372        1.05204969035897
C            3.01424251907157       -1.68077890540032       -0.86518758788241
O            3.13044817398558       -2.30592829190913       -2.11247927486473
H            3.81808252275925        2.25384056114707       -0.14916170313143
H            5.24564084561493        1.35680869466669        0.43621080997043
H            3.95152293505267        1.82624253345382        1.57903909948793
H            4.63352152214082       -0.26071161205175       -1.23761884973845
H            1.19554691923137       -0.13126347370624       -2.80522413922083
H            1.26377156900484        2.45050718359824       -1.17130684772457
H           -0.10851690209019        1.86067011449224       -2.15603332515148
H            2.43636241028662        2.34708624372344       -3.23978027245903
H            0.97737176477052        0.40143560397068        0.17632758141264
H           -2.40090045048896       -0.11623920143132       -0.75660667402170
H           -2.37282790807274       -0.99075991273368        2.76632294478059
H           -3.86151858094942       -2.44138605009812        0.53387027559989
H           -4.49866908309072       -2.22433750435461        2.18777272798383
H           -2.04735048228321       -3.48338884397819        1.62338132753530
H           -4.20942009650972        0.03283647002381        0.55032431038642
H           -4.15900495004018        0.48852769950459        3.32751181583461
H           -2.61357523256273        1.96693359913531        2.23421837347157
H           -4.33134248405244        2.57488625305082        0.75367749788976
H           -1.15820572003424        2.02754649349147       -0.03738078182954
H           -0.41890373852699        0.27897937196224        2.03173394082302
H            0.98238999026536       -2.41892733966422       -0.78414772442231
H            2.12567855604455       -1.18432076935874        1.47099957454531
H            3.59510979544573       -2.29329978820273       -0.16793186419325
H            2.85334750692364       -1.69845758274674       -2.81174286445107
48
 energy: -84.829497952116 gnorm: 0.002282929426 xtb: 6.7.1 (edcfbbe)
C            4.16951392952697        1.50090492926339        0.57509069475561
O            3.48518529519139        0.26731959241556        0.39525519489106
C            3.58509979284037       -0.25462763789807       -0.89649471424363
O            2.92223985571999        0.52120327753586       -1.85981194797222
C            1.49429021109068        0.43092557274393       -1.90631328568919
C            0.96951278221475        1.86457213302048       -2.07048448427746
O            1.46861432467588        2.46353406212357       -3.23657158237873
C            0.87929182367564       -0.26561709574116       -0.68642364779040
O           -0.49781603325986       -0.48569009463979       -1.00557658887361
C           -1.50321353958331       -0.13290922081572       -0.12137507230598
O           -1.61405856665008       -1.13985322318176        0.87417265075735
C           -2.75212685625919       -1.03092293585721        1.73253211254435
C           -3.58967769369120       -2.31389302810075        1.59399055597992
O           -2.91214303417383       -3.43816468765746        2.08617944167060
C           -3.62465539168385        0.20670832781064        1.46021163039820
O           -4.58945726199583        0.37652991678884        2.46408893353314
C           -2.78683928332943        1.49244832975858        1.25514696239853
O           -3.45037392137321        2.38556524285594        0.39798774183419
C           -1.39929403745411        1.20168698657491        0.63692374211522
O           -0.40596727556659        1.15457615792687        1.62856092850763
C            1.56419704051578       -1.60825321212015       -0.33618542667530
O            1.54195320740335       -1.83106466788824        1.04860903109961
C            3.01491933138515       -1.67757431938368       -0.87125247411847
O            3.13125077656224       -2.29404477824076       -2.12271542073945
H            3.80395685429164        2.25245119870559       -0.12826133593918
H            5.24505005367980        1.36172550548622        0.43264566082955
H            3.96205234252862        1.81310270315505        1.59512276418953
H            4.63438612116663       -0.25655281472964       -1.23568315749600
H            1.20841979821256       -0.13743787416288       -2.80364241244486
H            1.24679195532028        2.45239470396205       -1.18322014802549
H           -0.11714486240418        1.84555844179983       -2.16937461811255
H            2.42835305921290        2.34254894100663       -3.24480154169865
H            0.97666251904806        0.39873321994166        0.17689850802981
H           -2.40123693859552       -0.11502129407431       -0.75764726931363
H           -2.37220587854296       -0.98772496990364        2.76498054738718
H           -3.85387226619513       -2.44778074645615        0.53535572236310
H           -4.50476935001865       -2.21619060907779        2.18206077661482
H           -2.05563652629532       -3.49105891726122        1.64109221783792
H           -4.20688080731911        0.03575658934991        0.54684234101741
H           -4.16178282531115        0.49009529846576        3.32422011910752
H           -2.60884115646730        1.96546808939165        2.23520483462162
H           -4.32748389658910        2.57735877184103        0.75848162409922
H           -1.15242604948223        2.02795939137331       -0.03501279317285
H           -0.42361510051456        0.27192884252505        2.03043895078210
H            0.98395229456968       -2.42000867305267       -0.78705122335157
H            2.13049021411274       -1.18489930804654        1.46656903102489
H            3.59522643397115       -2.29491814944753       -0.17761736799492
H            2.87010839226628       -1.67685287055732       -2.81966588289081
48
 energy: -84.829510437462 gnorm: 0.001654340858 xtb: 6.7.1 (edcfbbe)
C            4.16869949222381        1.49953172317117        0.57957781862273
O            3.48462447751470        0.26620271089108        0.39726113768343
C            3.58498075714678       -0.25387101466837       -0.89528604191824
O            2.92250406558204        0.52353961117176       -1.85748485244061
C            1.49496940109128        0.43111555657947       -1.90720009981845
C            0.96769972164352        1.86339532933555       -2.07290333409369
O            1.46414695727907        2.46261688862045       -3.23971243285345
C            0.87918991161709       -0.26541023045457       -0.68779424157109
O           -0.49795769346736       -0.48610395982429       -1.00695104653398
C           -1.50340424944980       -0.13372492938987       -0.12290612990374
O           -1.61402295412792       -1.14031520737145        0.87264755633466
C           -2.75163288368166       -1.03043146042414        1.73192552539679
C           -3.58952854025549       -2.31337340151341        1.59489410872390
O           -2.91371589130988       -3.43662741037026        2.09160123376145
C           -3.62392504293306        0.20732121892196        1.45964740742704
O           -4.58799702800494        0.37762928526228        2.46410401223429
C           -2.78552673151118        1.49265169678909        1.25451522062205
O           -3.44990182331794        2.38749655400741        0.39960159095518
C           -1.39918403755016        1.20113478005651        0.63460897738787
O           -0.40519838998109        1.15370849622689        1.62623537093667
C            1.56416374723175       -1.60775025678666       -0.33670103718290
O            1.54190242473646       -1.82942835305334        1.04845029463150
C            3.01490043125858       -1.67691502942523       -0.87173331223576
O            3.13151706262178       -2.29236164421134       -2.12355250618751
H            3.80084587119332        2.25336157019315       -0.11992640835440
H            5.24379649784249        1.36152606956878        0.43380725837050
H            3.96377891480771        1.80794948284711        1.60122318327612
H            4.63454359511291       -0.25534177465693       -1.23378860656965
H            1.21171331403454       -0.13842353927578       -2.80459639299149
H            1.24431242917905        2.45257281033128       -1.18634929492455
H           -0.11899490236041        1.84131260029771       -2.17066807462647
H            2.42431936567262        2.34469117284574       -3.24852216400206
H            0.97614928776269        0.39953318117493        0.17521516118042
H           -2.40158116907847       -0.11634769521128       -0.75910495601762
H           -2.37079021286994       -0.98665703484395        2.76400768119225
H           -3.85137025716812       -2.44992871627760        0.53612678290865
H           -4.50580318180664       -2.21367729884028        2.18066481593439
H           -2.05768533326545       -3.49301441700673        1.64605614168886
H           -4.20674273301883        0.03665462264371        0.54659668306417
H           -4.15967983532168        0.48820626385236        3.32448090524147
H           -2.60574730620006        1.96427729464478        2.23500821938734
H           -4.32618484458277        2.57925655359455        0.76231742391230
H           -1.15214490118473        2.02650124907538       -0.03818699972841
H           -0.42236659287834        0.26937041836009        2.02652693571385
H            0.98374758571441       -2.41975173533249       -0.78706440066194
H            2.13064077103618       -1.18282943557543        1.46566266508731
H            3.59500127026624       -2.29481832386882       -0.17834593913060
H            2.87293903923733       -1.67445917479273       -2.82050551713046
48
 energy: -84.829531478403 gnorm: 0.002420505310 xtb: 6.7.1 (edcfbbe)
C            4.16449458350270        1.49412476015593        0.59838136045740
O            3.48095762071167        0.26236972643643        0.40484450849138
C            3.58457660435710       -0.25074716668798       -0.89048422204421
O            2.92417410274600        0.53193945819087       -1.84991956352189
C            1.49818260166464        0.43158082943456       -1.91183084344532
C            0.96112342718957        1.85877057342562       -2.08437685627338
O            1.44646325069565        2.45805721854878       -3.25427952649388
C            0.87923680946366       -0.26437970356445       -0.69366175838559
O           -0.49801461142773       -0.48679322344996       -1.01243475999799
C           -1.50411126734053       -0.13581125846946       -0.12846152593652
O           -1.61413075068929       -1.14159640666456        0.86577187327799
C           -2.74942944189403       -1.02870507527335        1.72921075159698
C           -3.58894416541665       -2.31140967791165        1.59890027960567
O           -2.92095424969572       -3.43091210447653        2.11424844698912
C           -3.62139517760610        0.20907702450679        1.45738319418461
O           -4.58286946374804        0.38043928057279        2.46419117791448
C           -2.78090179129918        1.49294910011038        1.25318223647819
O           -3.44745618983053        2.39493416470470        0.40657992144937
C           -1.39882586936636        1.19908448297732        0.62733224005393
O           -0.40328073000375        1.14883450046803        1.61860829305844
C            1.56401643672871       -1.60518229555104       -0.33827759285606
O            1.54077920428402       -1.82212783313930        1.04792257896635
C            3.01496557786310       -1.67434555729783       -0.87265655433350
O            3.13221352091076       -2.28695357304157       -2.12543234115878
H            3.78735551483659        2.25852631053614       -0.08454125633045
H            5.23810714660279        1.36080553461972        0.43892721203364
H            3.96985062384344        1.78551938360254        1.62705989107551
H            4.63533422738654       -0.25017197558146       -1.22556789705166
H            1.22446343610401       -0.14306079716532       -2.80928029411327
H            1.23502303108857        2.45365733228779       -1.20045740677367
H           -0.12590525656049        1.82509571871590       -2.17761405551037
H            2.40889399171011        2.35623729697640       -3.26502778389129
H            0.97530991032682        0.40410781635548        0.16720811740148
H           -2.40216474741974       -0.11934924788304       -0.76524328037651
H           -2.36460553841025       -0.98218988009765        2.75960140974790
H           -3.84154943182994       -2.45876866146880        0.53958183875473
H           -4.50999444287645       -2.20258674043018        2.17546459122270
H           -2.06613762781271       -3.50134102657875        1.66838196517334
H           -4.20620703085251        0.03993569866840        0.54529294268218
H           -4.15181711646612        0.47867684003416        3.32548268155125
H           -2.59490828044880        1.95873847153903        2.23558935128094
H           -4.32093996925931        2.58735865076436        0.77656437718420
H           -1.15160817495473        2.02172870625187       -0.04738091078888
H           -0.40917811944450        0.25737091860377        2.00192704987387
H            0.98299014703189       -2.41799380900600       -0.78680518053214
H            2.13116611713266       -1.17471304508566        1.46218880990478
H            3.59446207692188       -2.29379215890164       -0.17994408493756
H            2.88118933824672       -1.66699348450948       -2.82266908325338
48
 energy: -84.829539240482 gnorm: 0.001497781544 xtb: 6.7.1 (edcfbbe)
C            4.16338388137834        1.49340617457880        0.60096490875830
O            3.48108758390445        0.26129954032096        0.40539595265692
C            3.58505757903542       -0.24973305211487       -0.89077757963663
O            2.92388732488942        0.53380314120112       -1.84931348696447
C            1.49795129857492        0.43099981400149       -1.91170658454769
C            0.95909487701338        1.85765872990153       -2.08570640260088
O            1.44523809472833        2.45640266847087       -3.25549419492374
C            0.87973694032603       -0.26528464073199       -0.69313109603899
O           -0.49745435730657       -0.48771517236921       -1.01146440833812
C           -1.50365311988006       -0.13617788922814       -0.12725971832345
O           -1.61366186586352       -1.14130025217875        0.86770879618881
C           -2.74955503332468       -1.02829325521982        1.73012979545568
C           -3.58942097884462       -2.31074135390399        1.59963428568439
O           -2.92294669525615       -3.43035098404050        2.11666550998245
C           -3.62124190682487        0.20950344252509        1.45720108111830
O           -4.58379482984734        0.38104635481318        2.46305537943610
C           -2.78060854923368        1.49331348369201        1.25306142281745
O           -3.44641840543966        2.39459530466565        0.40534535279668
C           -1.39802785852459        1.19934479293651        0.62769809429534
O           -0.40207821935842        1.15058511490244        1.61824804654073
C            1.56538073629535       -1.60629859209104       -0.33993806022619
O            1.54256235158463       -1.82591240790819        1.04571531900512
C            3.01637962446944       -1.67378668115778       -0.87476277186262
O            3.13378818218747       -2.28497642252471       -2.12840290540313
H            3.78446950139899        2.25903358694065       -0.07968059349443
H            5.23708827573897        1.36184753643585        0.43975270502981
H            3.96972762953536        1.78192226881392        1.63060882398806
H            4.63571808858693       -0.24776764982762       -1.22609358456081
H            1.22505841869727       -0.14449422601327       -2.80897005595186
H            1.23110504804085        2.45353311059573       -1.20175997996191
H           -0.12779533193375        1.82312683695889       -2.18053178655422
H            2.40791160648001        2.35776184389213       -3.26432404459229
H            0.97648536344582        0.40259950449716        0.16812051201549
H           -2.40146431693703       -0.11971610902284       -0.76433798925030
H           -2.36560358698016       -0.98135550538248        2.76081064743469
H           -3.84084843236400       -2.45866390153950        0.54006716028687
H           -4.51118453866788       -2.20085036150661        2.17495665618303
H           -2.06726666126051       -3.50158393873633        1.67267757535329
H           -4.20519347605551        0.03997543883783        0.54463990193432
H           -4.15359521007558        0.48030027066462        3.32445286230997
H           -2.59534438071118        1.95974735933226        2.23519903529428
H           -4.32029944799572        2.58736743329308        0.77393231436062
H           -1.15151620978187        2.02179803464917       -0.04786797912363
H           -0.40896258453788        0.25980618024865        2.00556408559533
H            0.98508852344071       -2.41885178267247       -0.78983922311534
H            2.13302986826833       -1.17934905822408        1.46109355531082
H            3.59649707373311       -2.29368318361858       -0.18299523842488
H            2.88220798202385       -1.66389645092794       -2.82486177356839
48
 energy: -84.829547942219 gnorm: 0.001155799157 xtb: 6.7.1 (edcfbbe)
C            4.15956611865411        1.49169850475838        0.60858716518281
O            3.47960996890242        0.25961265648901        0.40622069856875
C            3.58580916946257       -0.24651684931397       -0.89153664666715
O            2.92269089790981        0.53787207104948       -1.84875057183863
C            1.49703832578683        0.42924083113557       -1.91208691288272
C            0.95421839154985        1.85462873786518       -2.09005473637035
O            1.44225372552018        2.45130877200432       -3.26011777201390
C            0.88077172447916       -0.26773694858391       -0.69242366601992
O           -0.49620674147507       -0.48960917727192       -1.00938538790815
C           -1.50225707984977       -0.13639509982543       -0.12396182494596
O           -1.61221327639056       -1.14013639064920        0.87258454513536
C           -2.74936772673437       -1.02729726807893        1.73256575309490
C           -3.59025747656137       -2.30899133535414        1.60197306584769
O           -2.92785869408951       -3.42885548517157        2.12308449883388
C           -3.62071048509982        0.21028909673368        1.45689402760216
O           -4.58636141908599        0.38211162545781        2.46002386079838
C           -2.78009905317862        1.49413670984563        1.25328552800495
O           -3.44345547441189        2.39315940902254        0.40197007378975
C           -1.39574006251003        1.20019658260675        0.62976301772293
O           -0.39949483016446        1.15436001058521        1.61842808847122
C            1.56865106726659       -1.60932024608395       -0.34493243134742
O            1.54622284042156       -1.83623914229680        1.03911375990365
C            3.02013163439835       -1.67179142093567       -0.87981820788899
O            3.13928472218423       -2.28017419753585       -2.13503053373695
H            3.77743472918898        2.26100874651914       -0.06561152698091
H            5.23316547972158        1.36399278242813        0.44382236431496
H            3.96822381611943        1.77214785989694        1.64050955038289
H            4.63634994062683       -0.24037115041694       -1.22670361951976
H            1.22615399397580       -0.14802546712447       -2.80883140561916
H            1.22200785895973        2.45293410676981       -1.20649595678370
H           -0.13221893895734        1.81840968662038       -2.18848407851517
H            2.40546402343934        2.36265755400237       -3.26334864624177
H            0.97977032068185        0.39838771339399        0.16977916726512
H           -2.39952099671790       -0.11942947178788       -0.76152239872923
H           -2.36759747113412       -0.97927352042214        2.76399859206786
H           -3.83914750010879       -2.45841784261670        0.54199299563572
H           -4.51353678864458       -2.19627057534817        2.17433667358214
H           -2.06958222173740       -3.50178391614673        1.68490383127626
H           -4.20209339969438        0.03971355485735        0.54293469844656
H           -4.15866498087870        0.48469825184615        3.32173906440849
H           -2.59712514248010        1.96243689586208        2.23468502099357
H           -4.31857593696327        2.58724673106870        0.76618897756582
H           -1.15139309208498        2.02307318922982       -0.04682891800876
H           -0.40487815896493        0.26519568340481        2.01062031442064
H            0.99082937173388       -2.42128803747010       -0.79888857406841
H            2.13715632410286       -1.19247201615942        1.45790174194512
H            3.60184281847438       -2.29207790538352       -0.18995581139675
H            2.88370954134243       -1.65804920343573       -2.82965712556902
48
 energy: -84.829550939083 gnorm: 0.000568356063 xtb: 6.7.1 (edcfbbe)
C            4.15824693896581        1.49081927941617        0.61230650425053
O            3.47865601446372        0.25889592765096        0.40767847364923
C            3.58549161307811       -0.24561427254319       -0.89061404132737
O            2.92268484595075        0.53962349213156       -1.84720070155010
C            1.49741098823443        0.42921911358256       -1.91301217405537
C            0.95279217115612        1.85356650206756       -2.09229142674570
O            1.43932397702773        2.44976309135556       -3.26329120655765
C            0.88058951174543       -0.26767492544600       -0.69379424080711
O           -0.49649119471706       -0.48952650431795       -1.01046248412504
C           -1.50212370116359       -0.13652429066735       -0.12479235681559
O           -1.61203738950401       -1.14027136359418        0.87166813437162
C           -2.74873641104156       -1.02685357881939        1.73233500106979
C           -3.58976568504396       -2.30860694414524        1.60299781569394
O           -2.92855509232322       -3.42770198305781        2.12740041377601
C           -3.62009333420022        0.21068499064224        1.45659565113811
O           -4.58557807359702        0.38278939847298        2.45974604430322
C           -2.77922461708171        1.49431394727595        1.25298879217718
O           -3.44281423918440        2.39407662412622        0.40252866262311
C           -1.39529539112251        1.19990386547930        0.62896394674882
O           -0.39920812054869        1.15317525225230        1.61792027544267
C            1.56863511088793       -1.60917391169501       -0.34620940943771
O            1.54547023617728       -1.83612600412061        1.03789334340437
C            3.02040461535359       -1.67109488882446       -0.88023657560966
O            3.14077978778923       -2.27871051069828       -2.13558943359844
H            3.77376709053731        2.26240457432167       -0.05836676259663
H            5.23164997539603        1.36429019903974        0.44467022772656
H            3.96893173163958        1.76758361522369        1.64584883199402
H            4.63624255274032       -0.23873434740759       -1.22510328090491
H            1.22863683437576       -0.14895040826017       -2.80976849348863
H            1.22027744320868        2.45316255106165       -1.20965619548533
H           -0.13365748125979        1.81519166282698       -2.19008762206286
H            2.40290197952572        2.36441819343677       -3.26573266950827
H            0.97964432257137        0.39843799527312        0.16836812179333
H           -2.39972217031494       -0.11961411514014       -0.76187925330671
H           -2.36634243044582       -0.97837646231478        2.76353932427514
H           -3.83705400135536       -2.45993838794915        0.54287070662515
H           -4.51385161310280       -2.19436906608062        2.17381533954523
H           -2.07026074021643       -3.50281728924856        1.68952483916998
H           -4.20157711455753        0.04012135322022        0.54270547206553
H           -4.15783459609979        0.48452232010064        3.32172586215197
H           -2.59546285064213        1.96197064191612        2.23464269661276
H           -4.31759625353489        2.58826132383469        0.76772676542394
H           -1.15059848786143        2.02262063539369       -0.04750173758627
H           -0.40307697480030        0.26288932225707        2.00666858064997
H            0.99099916189259       -2.42106704391164       -0.80056136241725
H            2.13639847853066       -1.19243545402630        1.45692768720026
H            3.60178034758118       -2.29160688087391       -0.19024371319277
H            2.88524209193522       -1.65692214343982       -2.83018205061391
