48
 energy: -84.788443939272 gnorm: 0.083145052808 xtb: 6.7.1 (edcfbbe)
C            5.63240489184166        0.89179590555113        0.41517340824459
O            4.49113525815416        1.11557340607321       -0.38974725437680
C            3.29173420717055        0.95416647716059        0.27011935836020
O            3.06809053047513       -0.42139708447297        0.48810851456170
C            1.88817173290723       -0.68224993785187        1.21340191760262
C            1.88451747398070       -2.18859898888414        1.50119453695460
O            2.99563459119418       -2.56088253342187        2.26704140734369
C            0.60754626896379       -0.24342072752129        0.46712491945254
O           -0.38993074769950       -0.31467909790560        1.47907795011151
C           -1.70410671700379       -0.77922752629091        1.34720841988800
O           -2.65846834086300        0.24145563771122        1.23017251793769
C           -2.94319713509031        0.80015486071428       -0.05075921443652
C           -4.05246615187816        1.82673659979746        0.22027103712662
O           -3.61033095731012        2.83482497044105        1.08033039195377
C           -3.37870488617776       -0.29891368783672       -1.02700574621780
O           -3.55321004977916        0.16351248071734       -2.34766390671913
C           -2.27614269049465       -1.35809360860528       -1.08647189706195
O           -2.65407448421182       -2.46004303879557       -1.87780192950954
C           -1.98408494075862       -1.89802504824212        0.31896534818294
O           -0.92787429267063       -2.81758809697521        0.30419139264526
C            0.77061766713578        1.18902878026825       -0.08552791692519
O           -0.14888781005036        1.49382664639264       -1.11568755821062
C            2.17947843996911        1.51274356333685       -0.61905968941959
O            2.33780077694062        2.90084913044368       -0.71615430430585
H            5.67395488094639       -0.14381420026326        0.76303937865208
H            5.63567586612759        1.56508180375322        1.27937897242020
H            6.48989920901047        1.10275808047279       -0.21909878621136
H            3.28857128922210        1.48927854588812        1.24256788704667
H            1.90988892225107       -0.13062407386224        2.16670894266139
H            1.87089804491279       -2.72651813092966        0.54427963888066
H            0.99280800951278       -2.45145069095174        2.06845366924402
H            3.77824256035493       -2.23014917284562        1.80920907455552
H            0.41319245503751       -0.94684424252726       -0.34812441269080
H           -1.90413471422737       -1.18487448152712        2.34986271190728
H           -2.06434992506522        1.31779383528930       -0.45188111850986
H           -4.91947453429977        1.30122708241880        0.64931346348572
H           -4.35244605362246        2.32567741560554       -0.70484497626427
H           -3.17495281732335        2.40095229869562        1.82526758698585
H           -4.30509732029327       -0.76980202981964       -0.65815511199665
H           -4.19377649951419        0.88169785569692       -2.35509405726781
H           -1.38176827212630       -0.88680430101556       -1.51922594392367
H           -3.03937239370026       -2.10906411417240       -2.69004523157078
H           -2.91093208319697       -2.39446222365159        0.65450085694783
H           -1.14017745030829       -3.47537059467267       -0.37172979142981
H            0.53446201217129        1.88644794033748        0.72650137471828
H            0.07123736060688        0.97768083451349       -1.90232984691969
H            2.30774024985799        1.03791933261240       -1.60831303213130
H            1.55425473332304        3.26171073203741       -1.15325884367641
48
 energy: -84.793807248077 gnorm: 0.011714491879 xtb: 6.7.1 (edcfbbe)
C            5.63167033578041        0.88806689688653        0.41583006679534
O            4.48966009496520        1.10895485813882       -0.38858263180373
C            3.28946309217011        0.94765112318294        0.27029672069871
O            3.05965406370219       -0.42977483073211        0.48203423910887
C            1.87830361981835       -0.69789360095770        1.20508419581361
C            1.87628756555237       -2.20133256471582        1.49480118254642
O            2.98904055671001       -2.56758029346307        2.26219625378620
C            0.60839674867432       -0.20638614044433        0.47406761452069
O           -0.40829480134278       -0.26482995242348        1.46592024122522
C           -1.70370923647875       -0.78672225160898        1.36444270793740
O           -2.66856129376210        0.22387126707228        1.22332547930616
C           -2.94482123995669        0.79255089400028       -0.05395436056195
C           -4.05173631388681        1.82231320280469        0.21863527393133
O           -3.60900406835684        2.82978417775725        1.07954858180813
C           -3.37900857072254       -0.30487399807997       -1.02956939380558
O           -3.55073067891039        0.15901449060901       -2.34996504029216
C           -2.27399286894433       -1.36205117722743       -1.08010380943964
O           -2.65013958085718       -2.46347046135208       -1.87309859839132
C           -1.97805202035047       -1.90176240693649        0.32739972730090
O           -0.91977615909779       -2.81821985009629        0.30688431579059
C            0.77398729498147        1.21491567844410       -0.08768680557700
O           -0.14605363026840        1.51052048156646       -1.11999535791330
C            2.18470416796872        1.51883163141440       -0.62093135783722
O            2.34949138642263        2.90565168826977       -0.71973818975165
H            5.67486083830364       -0.14707616679802        0.76452358034125
H            5.63477627516421        1.56257625879721        1.27908378060683
H            6.48841361922606        1.09995111169451       -0.21928634886817
H            3.28738171684451        1.48103878381261        1.24379967819523
H            1.90863719843496       -0.15020130919770        2.16138995878340
H            1.86452645983918       -2.73889053022099        0.53819007558401
H            0.98547855895223       -2.46177561069071        2.06414472399827
H            3.77099943550738       -2.23286948394941        1.80588098620550
H            0.40984716151154       -0.91142138851547       -0.34055010491384
H           -1.89381667209746       -1.18156537608585        2.37195209367629
H           -2.06388583593615        1.31106485541989       -0.44998643529775
H           -4.92033762113897        1.29882745299810        0.64688076384142
H           -4.35061776386978        2.32338864714318       -0.70577542905179
H           -3.17507639444487        2.39582743655445        1.82527099643907
H           -4.30641076818384       -0.77422894647144       -0.66161837592430
H           -4.19056556120452        0.87804837457264       -2.35748715746837
H           -1.38090954940437       -0.88887357274066       -1.51389066603706
H           -3.03606450555352       -2.11180057000820       -2.68498588782244
H           -2.90364985698145       -2.40209202771952        0.66066507891408
H           -1.13350820186194       -3.47454764641335       -0.37014281138390
H            0.53886301659912        1.91422089331197        0.72221867343224
H            0.07086583039750        0.98365696972970       -1.90063601318173
H            2.30850231624988        1.04103675770744       -1.60936032598166
H            1.56490800419562        3.26847280847719       -1.15363778107283
48
 energy: -84.794377970663 gnorm: 0.004544640981 xtb: 6.7.1 (edcfbbe)
C            5.63213657832615        0.88120884160232        0.41655908584672
O            4.49083310698750        1.10170733800776       -0.38873949243122
C            3.28938532017131        0.94524686234720        0.26873132725669
O            3.04984728702228       -0.43151591510283        0.47289132512970
C            1.86808023951719       -0.69476490634243        1.19944175401155
C            1.85894129024963       -2.20050361475373        1.47750869513624
O            2.96997444369505       -2.56887609222024        2.24663835591039
C            0.59822040004525       -0.19204642279998        0.47085350820818
O           -0.41369347566269       -0.24556447172904        1.46765028091981
C           -1.70338847743078       -0.78316177286663        1.37283192473702
O           -2.68060621999279        0.21672376139955        1.22395123265083
C           -2.94632082465448        0.78677445144682       -0.05347200729976
C           -4.05210543402390        1.81811588216110        0.21623008314196
O           -3.60812810982724        2.82398337362876        1.07836035772562
C           -3.37619957113359       -0.31110588225543       -1.02951581211217
O           -3.54309041458422        0.14763423500013       -2.35242170690532
C           -2.26852778940365       -1.36611643254447       -1.07122314252099
O           -2.64039830713008       -2.47177564816104       -1.86058848608072
C           -1.97145578393157       -1.90330282121436        0.33827039780663
O           -0.91090978076359       -2.81749671214448        0.31495314037410
C            0.77872376863524        1.22972096212827       -0.08336750693730
O           -0.14155763637073        1.52972877323388       -1.11352218688824
C            2.18896210246518        1.52660664832374       -0.62105557839850
O            2.36815391713786        2.91190256291196       -0.72201817747813
H            5.67528926145424       -0.15342327199234        0.76672295312458
H            5.63507314589041        1.55710725546974        1.27873663048332
H            6.48894086203123        1.09246129210799       -0.21868337561778
H            3.28965687387065        1.47255102287270        1.24542472197203
H            1.90997034218873       -0.15817562857861        2.16352829753419
H            1.84861903311205       -2.73928994677116        0.52149284290442
H            0.96878067783626       -2.46384985522282        2.04670157826770
H            3.75371749596400       -2.23258209769527        1.79451195229676
H            0.38877758850303       -0.88914714477862       -0.34988597693975
H           -1.88934909800499       -1.17781181700774        2.37956038075653
H           -2.06208329137930        1.30400543811074       -0.44406334814789
H           -4.92234119234891        1.29601463531664        0.64280297099171
H           -4.34740777193608        2.31982731949823       -0.70899238686501
H           -3.17593594425146        2.38845690545042        1.82423510895115
H           -4.30448759415793       -0.78078485970066       -0.66422063988792
H           -4.18221354692626        0.86731848158961       -2.36373935750325
H           -1.37546673453653       -0.89287874195819       -1.50527194839321
H           -3.02713252384365       -2.12311491853858       -2.67349014894957
H           -2.89585040721535       -2.40577189090143        0.67224723456072
H           -1.12395814307257       -3.47346328232143       -0.36276329597158
H            0.54982425604349        1.93386281436627        0.72435879786789
H            0.06819069118310        0.99760932238741       -1.89274146446833
H            2.30784501799975        1.04695573303667       -1.60925437387065
H            1.58466053657776        3.28099681994739       -1.15268041656005
48
 energy: -84.794720079653 gnorm: 0.005317017825 xtb: 6.7.1 (edcfbbe)
C            5.63304368088954        0.87113578804298        0.41732102987187
O            4.49329670994211        1.09215406652656       -0.38986430367953
C            3.29012915969238        0.94138576697000        0.26535482695494
O            3.03945487398222       -0.43437864320188        0.45919428812672
C            1.85738562757542       -0.69069324862584        1.18907534395538
C            1.83744117846400       -2.19857992977081        1.45588714629620
O            2.94552035929150       -2.57587798933423        2.22589594899196
C            0.58607366889063       -0.17477965651938        0.46932961834521
O           -0.41558872120931       -0.22868379711746        1.47707615559853
C           -1.70136029618889       -0.77482840388949        1.38061053164147
O           -2.69417695343314        0.21064390682913        1.22705211589239
C           -2.94716646049062        0.78007782455642       -0.05178475459618
C           -4.05221235380899        1.81357465542092        0.21098322932648
O           -3.60860479317303        2.81716164092380        1.07582369773765
C           -3.37052883753264       -0.31994475194927       -1.02855000499038
O           -3.53054357699542        0.13156704509552       -2.35496584748783
C           -2.26087578678199       -1.37316908249601       -1.06130314989479
O           -2.62702379507923       -2.48598164659697       -1.84373840901005
C           -1.96221198777466       -1.90252619876228        0.35142835762790
O           -0.89965128904603       -2.81439617609789        0.32867296450571
C            0.78034999725465        1.24957275076434       -0.07742751043103
O           -0.14124514300087        1.56255180822605       -1.10316670435081
C            2.19222476958463        1.53427267402488       -0.61998982908450
O            2.38872889247144        2.91745381945885       -0.72202344188395
H            5.67515412777425       -0.16297519011683        0.76939370727516
H            5.63568790567890        1.54844128653235        1.27840380082922
H            6.49073200701344        1.08058435715529       -0.21730536149264
H            3.29354423377671        1.46055731367725        1.24626893260890
H            1.90871845954667       -0.16476517215266        2.15893157338100
H            1.82726003238414       -2.73314936269156        0.49771097447548
H            0.94577570649095       -2.46411159086929        2.02197467820466
H            3.73151554768255       -2.23762180165218        1.77912744117637
H            0.36502317839269       -0.86100193386170       -0.35748120261555
H           -1.88523777746834       -1.16991980515395        2.38657113876076
H           -2.05856472420664        1.29531611658081       -0.43528640735001
H           -4.92482853513419        1.29278309729674        0.63412547742768
H           -4.34241055078155        2.31589032024133       -0.71548277302123
H           -3.17937194295868        2.37910593631390        1.82209234115970
H           -4.29990733619439       -0.79032317504506       -0.66688935429591
H           -4.16856525321940        0.85211839805533       -2.37223311133450
H           -1.36841770836261       -0.90038468354893       -1.49709028018850
H           -3.01465380285571       -2.14332156580321       -2.65877337730047
H           -2.88479143007547       -2.40646615047397        0.68822761156860
H           -1.11099092770367       -3.47096834950799       -0.34908548289283
H            0.56231144942880        1.95670668479657        0.73095453017807
H            0.05732884928423        1.02601968576374       -1.88248389902796
H            2.30383494688554        1.05390547933225       -1.60876215669446
H            1.60839078543758        3.29586446947838       -1.15031599169425
48
 energy: -84.794884693316 gnorm: 0.004015495148 xtb: 6.7.1 (edcfbbe)
C            5.63303470916050        0.86228032404143        0.41701738244228
O            4.49504420835123        1.08525612285930       -0.39210405229820
C            3.29097542013050        0.93825060917308        0.26186922854846
O            3.03313743082416       -0.43661943595676        0.44882489656802
C            1.85173022596393       -0.68681320996031        1.18100230263319
C            1.82181965804346       -2.19620652038706        1.43915008828712
O            2.92669273555942       -2.58539116041191        2.20846401357021
C            0.57964234826365       -0.16381660749964        0.46858731289322
O           -0.41577893601771       -0.21943872066703        1.48301743088264
C           -1.69986057403084       -0.76760774601736        1.38575192690432
O           -2.70166300263707        0.20826575770035        1.23060077656664
C           -2.94665820664472        0.77519968986289       -0.05045248255637
C           -4.05207193494258        1.81018082717815        0.20435735149941
O           -3.61138327192137        2.81216133498145        1.07246841769676
C           -3.36487216889635       -0.32750773030974       -1.02759179465894
O           -3.51862880169308        0.11969846493151       -2.35632881697235
C           -2.25486705681439       -1.38026549471282       -1.05405942240862
O           -2.61782904816922       -2.49923526386408       -1.82925347262770
C           -1.95581627813702       -1.90102307179597        0.36160087777034
O           -0.89228421005771       -2.81142603474073        0.34286557010024
C            0.78112740984539        1.26452389109140       -0.07068092585500
O           -0.14264193979660        1.59313641110797       -1.09051235918743
C            2.19384344137144        1.53981564981821       -0.61872692749468
O            2.40161497245541        2.92140739609804       -0.71974135655871
H            5.67283870939131       -0.17164266580126        0.77036400563139
H            5.63595480752085        1.54021638662091        1.27760639702516
H            6.49220116936811        1.06908432213129       -0.21646036612069
H            3.29730847058754        1.45174848886362        1.24566317013453
H            1.90739777028651       -0.16561892139573        2.15222131016619
H            1.81029631931666       -2.72370040049914        0.47709526089361
H            0.92741215122788       -2.46106908706840        2.00106634156773
H            3.71449186552593       -2.24690126075417        1.76519866074973
H            0.35115459042325       -0.84205140936255       -0.36115720628603
H           -1.88203314485180       -1.16071712552650        2.39326738938224
H           -2.05494278897429        1.28885853589464       -0.42870420419393
H           -4.92749238759929        1.29024085176383        0.62280479441080
H           -4.33674881386017        2.31294476714945       -0.72346846591858
H           -3.18586225281005        2.37210387200412        1.81985822970494
H           -4.29542772101207       -0.79783085135331       -0.66890655530649
H           -4.15564461538420        0.84092863835425       -2.37883883319723
H           -1.36309749110811       -0.90913017666080       -1.49316869413814
H           -3.00467981522823       -2.16299482694455       -2.64723861310872
H           -2.87717601599538       -2.40472169922381        0.70160289304041
H           -1.10106547052718       -3.46904447295919       -0.33468271401643
H            0.57321807553372        1.97000846178633        0.74189538964472
H            0.04504805974247        1.05697124653504       -1.87271216501566
H            2.29772885392536        1.05989680749297       -1.60861372983675
H            1.62480870868857        3.30759162515697       -1.14733415213066
48
 energy: -84.794985272092 gnorm: 0.002298761874 xtb: 6.7.1 (edcfbbe)
C            5.63267162373731        0.85490588143114        0.41524163709809
O            4.49635179891296        1.08172518902167       -0.39521387464024
C            3.29209573997721        0.93685904709276        0.25863933650061
O            3.03017308279857       -0.43731929154000        0.44207797392561
C            1.85011959404444       -0.68365007670988        1.17581826490648
C            1.81301256103542       -2.19390826834959        1.42826918719395
O            2.91534749551942       -2.59485663277864        2.19514997638506
C            0.57798031069984       -0.15770873880906        0.46800974248978
O           -0.41536744871012       -0.21543087995536        1.48473621540819
C           -1.69922729616029       -0.76244485536331        1.38844312765834
O           -2.70380451543553        0.20897144332916        1.23327194437029
C           -2.94538387579102        0.77235329940652       -0.05027325204752
C           -4.05211340077493        1.80772104394863        0.19701235834295
O           -3.61663896567108        2.80898088376368        1.06858764672846
C           -3.36004062802483       -0.33296322382789       -1.02716458237247
O           -3.50812022199082        0.11262587406686       -2.35707974916082
C           -2.25128513704628       -1.38683667332374       -1.04875739927604
O           -2.61404875333520       -2.51033976013563       -1.81725050673411
C           -1.95362750269707       -1.90019497241699        0.36925991995249
O           -0.89031858473148       -2.81042935556940        0.35635983616469
C            0.78252849468865        1.27461771938103       -0.06333112274634
O           -0.14469472775496        1.61823928245136       -1.07559594733384
C            2.19457540966100        1.54437640982056       -0.61737687819418
O            2.40823048547832        2.92484759253363       -0.71623841144262
H            5.66854085122097       -0.17917623657467        0.76896636973014
H            5.63667310324147        1.53274704630476        1.27589650933061
H            6.49358158402573        1.05841397556451       -0.21691880737880
H            3.30093835126564        1.44725034755438        1.24397407025344
H            1.90767409747079       -0.16392166327866        2.14666209198991
H            1.79888355756653       -2.71415169204211        0.46218119483673
H            0.91618412837651       -2.45666094603968        1.98691238644452
H            3.70433824541161       -2.25830230198651        1.75283637715154
H            0.34606919911049       -0.83046875388284       -0.36351344224453
H           -1.87982591615653       -1.15254587150812        2.39835021686281
H           -2.05202505143824        1.28516230987903       -0.42538844917583
H           -4.93059638458888        1.28804868039579        0.60961617543895
H           -4.33064957668809        2.31077970754345       -0.73242219113870
H           -3.19497845689507        2.36787289527128        1.81764151103123
H           -4.29206373648548       -0.80222132508421       -0.67104272938626
H           -4.14443313955272        0.83423908950986       -2.38384186634385
H           -1.35945104308418       -0.91883982316404       -1.49138435328968
H           -2.99781038291873       -2.18002119642780       -2.63896656021645
H           -2.87506685511876       -2.40221951996632        0.71118087216164
H           -1.09630166873172       -3.46920585818814       -0.32087597595310
H            0.58340535414046        1.97472789966494        0.75595938530321
H            0.03319547379576        1.08637190039482       -1.86284587065262
H            2.29114436520964        1.06554327317958       -1.60850868569577
H            1.63415452689022        3.31643371574162       -1.14357956321455
48
 energy: -84.795058915266 gnorm: 0.002135454485 xtb: 6.7.1 (edcfbbe)
C            5.63256445927382        0.84802717555903        0.41166041622081
O            4.49751344040272        1.08077270089898       -0.39899996433683
C            3.29365155749896        0.93715841818103        0.25580386058580
O            3.02942189203654       -0.43660059474366        0.43773877724608
C            1.85104962776435       -0.68131361639418        1.17294704466808
C            1.80949316847397       -2.19217204788889        1.42140455344167
O            2.91052279012929       -2.60264816971334        2.18440382862901
C            0.57899816267060       -0.15404732195407        0.46790264788380
O           -0.41498694215895       -0.21374205857242        1.48414694710420
C           -1.69947251853670       -0.75866952147011        1.38976898825027
O           -2.70310118369562        0.21187200969360        1.23486121440027
C           -2.94407017132270        0.77100229092345       -0.05137486969502
C           -4.05292738235092        1.80569163691646        0.18880991099978
O           -3.62467307763325        2.80689883051051        1.06405536384636
C           -3.35599273454047       -0.33662485591784       -1.02759206187809
O           -3.49820512601104        0.10872396911044       -2.35815409666380
C           -2.24979800529080       -1.39310185882416       -1.04462934272886
O           -2.61493129087219       -2.51993138294030       -1.80685701783344
C           -1.95479451412169       -1.90000307409039        0.37553223278430
O           -0.89292964393106       -2.81154042299064        0.36946380550234
C            0.78490562427094        1.28184169713458       -0.05487047309588
O           -0.14674789508543        1.63940669855991       -1.05808395026970
C            2.19493199069138        1.54890781691699       -0.61563629561929
O            2.41135397532262        2.92862338676913       -0.71200791121870
H            5.66295787778658       -0.18650730165028        0.76480953241607
H            5.63901674884635        1.52515156361767        1.27287555420837
H            6.49507863639151        1.04759874824821       -0.21952298707161
H            3.30508374471672        1.44608661056561        1.24190835625989
H            1.91001785493663       -0.16198665342350        2.14343651457999
H            1.79167136008093       -2.70667018215179        0.45213178705815
H            0.91149519246803       -2.45254872081172        1.97885821369827
H            3.70019600335707       -2.27019673925365        1.74048778593623
H            0.34639538377206       -0.82274120380076       -0.36581755119056
H           -1.87853312198763       -1.14574411104608        2.40190205916802
H           -2.05022118123096        1.28378991717193       -0.42492169032628
H           -4.93457753919544        1.28566352858439        0.59446277818386
H           -4.32459399685866        2.30897999052911       -0.74252145728218
H           -3.20654117938754        2.36565253969349        1.81499975489671
H           -4.28997590429935       -0.80393924955385       -0.67421532134380
H           -4.13429202689944        0.83032761723670       -2.38866048908542
H           -1.35685030125825       -0.92972714395365       -1.49019049374511
H           -2.99346500002918       -2.19492883423582       -2.63299752609018
H           -2.87755032125639       -2.39898443397925        0.71836806983389
H           -1.09661507538483       -3.47189615720553       -0.30686816841788
H            0.59416444136541        1.97473925225808        0.77239838878575
H            0.02210156520992        1.11403294968770       -1.85160229625306
H            2.28470218818904        1.07148052860886       -1.60802444345632
H            1.63855461233140        3.32383237101792       -1.13810586975276
48
 energy: -84.795116897067 gnorm: 0.002347764726 xtb: 6.7.1 (edcfbbe)
C            5.63321295183118        0.84083885451709        0.40610961616494
O            4.49862991398050        1.08120314247800       -0.40314636270394
C            3.29567916920498        0.93859250295206        0.25362758129601
O            3.02983919263739       -0.43498784944813        0.43482805261905
C            1.85306730899044       -0.67972886596084        1.17176011920189
C            1.80954890501356       -2.19114392941176        1.41713843154068
O            2.91096979753262       -2.60788715313515        2.17513184440353
C            0.58081761450040       -0.15111561800052        0.46860825702822
O           -0.41496270612694       -0.21224002569232        1.48313726872673
C           -1.70042409489679       -0.75547999932008        1.39050803895033
O           -2.70180649277207        0.21605145666004        1.23530102983110
C           -2.94332207032952        0.77066780456223       -0.05360344552813
C           -4.05504100952956        1.80372062023126        0.17994527897027
O           -3.63537226993213        2.80521577138726        1.05900748041180
C           -3.35253810525532       -0.33890004319550       -1.02904402056817
O           -3.48822681899104        0.10651219172043       -2.36024054612937
C           -2.24965503145779       -1.39895161769821       -1.04127114780482
O           -2.61893434318830       -2.52830250008622       -1.79761319093436
C           -1.95790787719502       -1.90003364292764        0.38108117932210
O           -0.89837826936018       -2.81401268959846        0.38210769947444
C            0.78798939684275        1.28774037018400       -0.04540700393007
O           -0.14842182903707        1.65802247974256       -1.03886969004715
C            2.19526509726429        1.55362181336373       -0.61317888796385
O            2.41306196306705        2.93290769787914       -0.70735750552195
H            5.65725462854325       -0.19433077603635        0.75786111617400
H            5.64392116283621        1.51677226175706        1.26826243741727
H            6.49666917318070        1.03602758776565       -0.22508045387116
H            3.31014963455633        1.44673942177001        1.24023034047523
H            1.91386973531691       -0.16113775563367        2.14261231729408
H            1.78717346853062       -2.70199398068417        0.44590715605559
H            0.91202226227802       -2.44990217935187        1.97587649760368
H            3.70079879483021       -2.28096134436239        1.72746763048016
H            0.34896414608368       -0.81640952912101       -0.36813613069028
H           -1.87813652644748       -1.13997548508098        2.40421388394093
H           -2.04973307439757        1.28428136269835       -0.42641275283242
H           -4.93963535014178        1.28265383296757        0.57798561450670
H           -4.31961313883831        2.30726364363840       -0.75336444678912
H           -3.21989077112391        2.36449786536515        1.81165185435121
H           -4.28896862903361       -0.80381423194046       -0.67904684633588
H           -4.12481180865242        0.82751504171034       -2.39440431251082
H           -1.35475886378619       -0.94121991605316       -1.48896746564982
H           -2.99093504387094       -2.20784530713174       -2.62841941021943
H           -2.88279100845482       -2.39490461456324        0.72452632899205
H           -1.10096525355779       -3.47679182099242       -0.29213060710329
H            0.60568561953468        1.97337183877621        0.78974633250494
H            0.01210049766706        1.13953878418022       -1.83866807054057
H            2.27890958403431        1.07773661596677       -1.60678009623018
H            1.63962653297749        3.33057450653890       -1.13000688432690
48
 energy: -84.795163341106 gnorm: 0.001933270703 xtb: 6.7.1 (edcfbbe)
C            5.63484048190337        0.83289539313210        0.39861586020989
O            4.49959730466883        1.08177512800240       -0.40733492366982
C            3.29804277008517        0.94039407828179        0.25237254432674
O            3.03052677682100       -0.43311498372669        0.43285375750773
C            1.85504292682075       -0.67862592698539        1.17185394866406
C            1.81153194399949       -2.19063173213233        1.41461767106171
O            2.91525360276065       -2.61038418589503        2.16674820611773
C            0.58222419383290       -0.14811219688680        0.47035684845936
O           -0.41537291925434       -0.20989198174624        1.48299632382710
C           -1.70180534585938       -0.75225382378974        1.39110119148867
O           -2.70128770143922        0.22072280473904        1.23462005416314
C           -2.94344315265141        0.77098635946223       -0.05663215362219
C           -4.05866043609938        1.80159696988917        0.17092688679623
O           -3.64810149015726        2.80349883234612        1.05371174352760
C           -3.34944969757786       -0.34019236463359       -1.03148530192586
O           -3.47797743084983        0.10496845939213       -2.36357157958310
C           -2.25000727132198       -1.40405728427408       -1.03852871806446
O           -2.62414199025182       -2.53541357621125       -1.78946123045336
C           -1.96152995148973       -1.89975760596614        0.38610915311558
O           -0.90470626919877       -2.81667531191438        0.39383273855194
C            0.79133344003286        1.29309043309676       -0.03545949646681
O           -0.14941124326053        1.67456949267920       -1.01961650415484
C            2.19577955917084        1.55828459924125       -0.60982380439331
O            2.41446776454029        2.93743655340211       -0.70241559343878
H            5.65261951392145       -0.20297238752819        0.74841198449657
H            5.65170383836777        1.50731006974316        1.26193344190980
H            6.49812550976556        1.02361512217935       -0.23409268024360
H            3.31618182439688        1.44773400799573        1.23948689034095
H            1.91822022786793       -0.16153138867409        2.14365734460590
H            1.78401436796053       -2.69968851372603        0.44252346863115
H            0.91609489089551       -2.44910375264702        1.97689001052330
H            3.70449512783430       -2.28907145973691        1.71386989954748
H            0.35140516416018       -0.81025355724464       -0.36980743760431
H           -1.87874741065036       -1.13454754197584        2.40571877390288
H           -2.05056256884584        1.28621474132926       -0.42891669103316
H           -4.94555355026074        1.27874164083965        0.56146771127710
H           -4.31679498044180        2.30537936566974       -0.76415911471713
H           -3.23400932220119        2.36369655048364        1.80755393699277
H           -4.28859329329296       -0.80274710296702       -0.68561202121059
H           -4.11596684088361        0.82459507192167       -2.40155931886072
H           -1.35282007186310       -0.95226239650743       -1.48768719404472
H           -2.98946798870288       -2.21858962116222       -2.62456558055934
H           -2.88879200972420       -2.39005272454212        0.73024397368094
H           -1.10778713809549       -3.48295804332148       -0.27678209856867
H            0.61721574422741        1.97254743840371        0.80643978056264
H            0.00375782568956        1.16199753851234       -1.82467401521155
H            2.27419649038856        1.08399079238804       -1.60456122115531
H            1.63831494938534        3.33684461615565       -1.11868335544536
48
 energy: -84.795208223400 gnorm: 0.001423101539 xtb: 6.7.1 (edcfbbe)
C            5.63853104836944        0.82003512653081        0.38525944285144
O            4.50053517898093        1.08129720885616       -0.41316457916988
C            3.30165574563529        0.94244938707928        0.25207332345340
O            3.03089720632129       -0.43087561972646        0.43103676528755
C            1.85679295715585       -0.67729553991718        1.17337545303540
C            1.81504078157722       -2.19016320810319        1.41273498713840
O            2.92466947075172       -2.61078548140272        2.15531301848807
C            0.58287597139945       -0.14339663592452        0.47440071944875
O           -0.41654708812674       -0.20495610713729        1.48488652779004
C           -1.70403809397186       -0.74693039198141        1.39203594234235
O           -2.70237856465948        0.22743656960463        1.23225659838719
C           -2.94483043570727        0.77201847187409       -0.06166667194693
C           -4.06583825427236        1.79816798839918        0.15841889463065
O           -3.66799021421879        2.80084496058123        1.04582658405953
C           -3.34522494702894       -0.34125171987394       -1.03610296176002
O           -3.46308524346452        0.10269476178147       -2.36990165675272
C           -2.25009673921597       -1.40989377648694       -1.03527642293397
O           -2.63062415216145       -2.54383297419958       -1.77918514300455
C           -1.96581530425821       -1.89834616070964        0.39266452790706
O           -0.91257707859367       -2.81915044650280        0.40883925011032
C            0.79588193045125        1.30044639539018       -0.02129632483203
O           -0.14971911264391        1.69565450377215       -0.99413159137505
C            2.19687897138658        1.56453715232696       -0.60355707497239
O            2.41671195063743        2.94383125976577       -0.69454518929752
H            5.64866784091275       -0.21684358999054        0.73179414713140
H            5.66661748417524        1.49190287975391        1.25040244487323
H            6.49964690030502        1.00481116773660       -0.25210597820209
H            3.32611987546377        1.44801277888399        1.24011177655611
H            1.92385205902086       -0.16309204668547        2.14673230788396
H            1.77957569676626       -2.69819828583208        0.44036667851497
H            0.92451768872920       -2.45017285371552        1.98244869549062
H            3.71156168121582       -2.29538141098262        1.69398718000120
H            0.35263945144508       -0.80105524644698       -0.37031499865815
H           -1.88127976911594       -1.12615823424933        2.40738309652561
H           -2.05335896474238        1.29049495921070       -0.43302995466073
H           -4.95459822488631        1.27166546967298        0.53959100791567
H           -4.31687841871495        2.30194003892614       -0.77871262651906
H           -3.25397890370204        2.36270425992530        1.80058419590861
H           -4.28818503123413       -0.80102034692256       -0.69686869247034
H           -4.10441677442450        0.81913319807573       -2.41384559154165
H           -1.34984600652903       -0.96601411733567       -1.48597042278132
H           -2.98773558459437       -2.23107200575071       -2.61929279389298
H           -2.89613767348677       -2.38245645996015        0.73791206965474
H           -1.11852505987926       -3.49195106172855       -0.25443567704906
H            0.63227452438793        1.97311584420102        0.82809400017929
H           -0.00543383271062        1.18916862210509       -1.80460562508859
H            2.26921446251472        1.09265115633423       -1.59985829796633
H            1.63397676031356        3.34527615859507       -1.09717725018174
48
 energy: -84.795231970254 gnorm: 0.001080321159 xtb: 6.7.1 (edcfbbe)
C            5.64120715800588        0.81175497670754        0.37622325699116
O            4.50034811506596        1.07873741190982       -0.41614264389718
C            3.30343598487300        0.94219536698470        0.25309218849642
O            3.02976934167130       -0.43073881383065        0.43073430854836
C            1.85615589727734       -0.67637601104954        1.17490931081393
C            1.81539977627341       -2.18959517697310        1.41271151081334
O            2.92965810269408       -2.60965168236468        2.14935317014804
C            0.58183903906183       -0.14061939601872        0.47760266364198
O           -0.41764278097424       -0.20122918509428        1.48784093541023
C           -1.70513916386962       -0.74320624093993        1.39280719395424
O           -2.70448470726405        0.23048873146874        1.23029093631183
C           -2.94626477441403        0.77270958398774       -0.06442978983991
C           -4.07072114047719        1.79593568701481        0.15277275030969
O           -3.67820510871875        2.79950715850768        1.04118867895679
C           -3.34290076594053       -0.34183097774378       -1.03894256254452
O           -3.45574129144953        0.10063549816215       -2.37384366373880
C           -2.24875993365586       -1.41141489149617       -1.03391572653080
O           -2.63050598589706       -2.54690398559668       -1.77486484234776
C           -1.96600736448819       -1.89644717081587        0.39558388205354
O           -0.91350548847916       -2.81791698816916        0.41491800742907
C            0.79748750101233        1.30420646083500       -0.01468340824846
O           -0.14901443951733        1.70456642193856       -0.98435047608666
C            2.19768444978393        1.56731418570048       -0.59897934023611
O            2.41835241749181        2.94681922743164       -0.68892376060648
H            5.64937329579674       -0.22568096427475        0.72086006681958
H            5.67649763848576        1.48193350705041        1.24234249988415
H            6.49953309608609        0.99444424668860       -0.26551448123789
H            3.33230818223088        1.44605173126475        1.24180824227196
H            1.92523237975250       -0.16348796766732        2.14854965001833
H            1.77545945929145       -2.69717496338784        0.44037416738809
H            0.92839639057289       -2.45135114716332        1.98716667983660
H            3.71375055300265       -2.29331704004241        1.68406702104072
H            0.35031737347436       -0.79589915495579       -0.36839797307282
H           -1.88411017438676       -1.12055299013219        2.40847434062567
H           -2.05569606338359        1.29336806177587       -0.43499979523017
H           -4.95885463080617        1.26675939181943        0.53150377791645
H           -4.32088321738272        2.29887008601495       -0.78500134721117
H           -3.26294538623361        2.36256770609093        1.79601153268721
H           -4.28725318598756       -0.80105601459769       -0.70306241561222
H           -4.09966792701927        0.81451394670588       -2.42137443046391
H           -1.34769295830875       -0.97014427376511       -1.48523423473768
H           -2.98575684351399       -2.23574355145070       -2.61626111000765
H           -2.89703419894275       -2.37881973282936        0.74114813112696
H           -1.12189112807656       -3.49481822160997       -0.24338860524896
H            0.63726125181450        1.97491815088940        0.83678178116536
H           -0.00771691178083        1.19909537063697       -1.79585269163537
H            2.26798301994718        1.09703323429059       -1.59619066713775
H            1.63094131315350        3.34954699762233       -1.08127860801616
48
 energy: -84.795255572502 gnorm: 0.000873845107 xtb: 6.7.1 (edcfbbe)
C            5.64424447187447        0.80190854777384        0.36471086325936
O            4.49925879449643        1.07451495844133       -0.41960512011391
C            3.30508078255182        0.94096565914095        0.25510435783017
O            3.02782953526570       -0.43132844875710        0.43154166591443
C            1.85479101156192       -0.67538156000633        1.17752836892438
C            1.81492492030811       -2.18872122664400        1.41456944608567
O            2.93500008788841       -2.60812901535289        2.14366414191489
C            0.58052644972001       -0.13838084299460        0.48161791809074
O           -0.41922243791219       -0.19739629438468        1.49165127844961
C           -1.70639123417506       -0.73898384349720        1.39357916853878
O           -2.70667572108403        0.23384217714846        1.22776264651745
C           -2.94804549339187        0.77377530693305       -0.06758979186556
C           -4.07636532439053        1.79342259391288        0.14769455605944
O           -3.68792499206813        2.79934662818469        1.03493683590677
C           -3.34075405645507       -0.34242770536371       -1.04198565600425
O           -3.44978123236404        0.09811058029554       -2.37790786924411
C           -2.24636444215337       -1.41154347060215       -1.03301624525480
O           -2.62732195416456       -2.54882147379524       -1.77171156070410
C           -1.96492341320475       -1.89378481873956        0.39779372454789
O           -0.91186999394797       -2.81452982114940        0.41962297050536
C            0.79823772281814        1.30712068635196       -0.00871444019604
O           -0.14785390371738        1.71043981054615       -0.97772160200015
C            2.19837272538252        1.57001709682662       -0.59287002644376
O            2.41958938235599        2.94985112026252       -0.68012135990554
H            5.65202992844855       -0.23647702149234        0.70660656942413
H            5.68786782390769        1.46963692275969        1.23225427018882
H            6.49853414663073        0.98365931064597       -0.28274404013518
H            3.33973385475715        1.44286260749573        1.24448993651153
H            1.92563767600297       -0.16285421610614        2.15090315184591
H            1.76940547613479       -2.69577920630797        0.44232116716508
H            0.93215128795054       -2.45190317966399        1.99474162966677
H            3.71483550213601       -2.28676187578930        1.67463738110466
H            0.34717936199145       -0.79183895795162       -0.36473690662080
H           -1.88846879511750       -1.11433587995278        2.40954198451342
H           -2.05878405187563        1.29697287925461       -0.43778582768784
H           -4.96236541206456        1.26099819718739        0.52692658892344
H           -4.32856556064118        2.29397001531540       -0.79079147261156
H           -3.27061890015201        2.36471720736662        1.79005382070146
H           -4.28581495475542       -0.80179507591109       -0.70854808486855
H           -4.09694409827686        0.80872900220320       -2.42928222035473
H           -1.34501253617846       -0.97134583461956       -1.48468475433422
H           -2.98261971638965       -2.23909256774611       -2.61362447146412
H           -2.89601376925602       -2.37605235377002        0.74296722231305
H           -1.12238379249689       -3.49572509331924       -0.23344693449439
H            0.63869156836701        1.97647945650492        0.84393096414886
H           -0.00752959659474        1.20518747096565       -1.78945857046671
H            2.26772604150667        1.10245240296628       -1.59146700529773
H            1.62696299694681        3.35440574694598       -1.05985455742728
48
 energy: -84.795271568512 gnorm: 0.000815377882 xtb: 6.7.1 (edcfbbe)
C            5.64659072741611        0.79217677139295        0.35310745679309
O            4.49779663552851        1.07024271523607       -0.42360331858403
C            3.30644153297346        0.93963436061895        0.25674911821013
O            3.02600772148790       -0.43200551595904        0.43264001597811
C            1.85370597507515       -0.67425471520783        1.18036263934763
C            1.81388509929360       -2.18754985548028        1.41769115211923
O            2.93885223658659       -2.60725825481680        2.13946935896702
C            0.57970268940287       -0.13667195304566        0.48528250315135
O           -0.42079810056868       -0.19454142288947        1.49485094042538
C           -1.70763407888428       -0.73560565602642        1.39427484742943
O           -2.70804495110264        0.23679904457226        1.22579599626879
C           -2.94971892464930        0.77453906904406       -0.07033781575879
C           -4.08132252740201        1.79102949318565        0.14334676360981
O           -3.69553654375986        2.80052129881182        1.02762380282575
C           -3.33917725249206       -0.34339177930460       -1.04430668531822
O           -3.44606032628070        0.09548868594196       -2.38090803787141
C           -2.24383197777561       -1.41134168408167       -1.03244078129339
O           -2.62277065926848       -2.55005793119988       -1.77003430813664
C           -1.96366595218299       -1.89157350471228        0.39932093032218
O           -0.90940843316262       -2.81091455910804        0.42339638675878
C            0.79841407393749        1.30932103941189       -0.00367606266748
O           -0.14712729386329        1.71405332894562       -0.97290893773222
C            2.19870720007484        1.57300225295404       -0.58686308646491
O            2.42064516444580        2.95310444904703       -0.66963931067192
H            5.65415719797389       -0.24740467133666        0.69161630826688
H            5.69739165649321        1.45693299687948        1.22247344720526
H            6.49729013975308        0.97384065642585       -0.29914755684743
H            3.34702774157812        1.44008466723776        1.24656936908941
H            1.92609250055585       -0.16114616965854        2.15323103743913
H            1.76224800667407       -2.69451536512263        0.44572435485502
H            0.93469349047785       -2.45054771887503        2.00323571526177
H            3.71475578217329       -2.28037948124999        1.66755120984361
H            0.34542491007503       -0.78918974989552       -0.36119554754243
H           -1.89244824316032       -1.10965501982411        2.41037589801089
H           -2.06170606140750        1.29985189321693       -0.44060415688003
H           -4.96488631687431        1.25618053839974        0.52502128613922
H           -4.33669219976390        2.28816385841964       -0.79613040787618
H           -3.27675995255623        2.36910248588946        1.78380803464121
H           -4.28434799557603       -0.80337632675708       -0.71210186985643
H           -4.09594523567563        0.80335172288353       -2.43532375694468
H           -1.34246653804876       -0.97092478811126       -1.48387416379352
H           -2.97840094153585       -2.24159621618049       -2.61232768231657
H           -2.89453255197995       -2.37474876625926        0.74358768229301
H           -1.12006834536334       -3.49501022275326       -0.22644890775537
H            0.63802496471962        1.97750095793970        0.84986728325370
H           -0.00641534364221        1.20956683698778       -1.78512345805835
H            2.26729809150678        1.10904895593590       -1.58730260667227
H            1.62460937525102        3.36011985191060       -1.03919096729494
48
 energy: -84.795284402838 gnorm: 0.000728512716 xtb: 6.7.1 (edcfbbe)
C            5.64791282393043        0.78314839646878        0.34247107449176
O            4.49616782691848        1.06652755819411       -0.42786465449409
C            3.30742479090692        0.93848678779939        0.25763469025771
O            3.02442124577062       -0.43254393144762        0.43346672367886
C            1.85300125239982       -0.67292065753097        1.18298844218636
C            1.81235450996143       -2.18597897581219        1.42169890400692
O            2.94075815025096       -2.60666238610624        2.13739277364024
C            0.57930798634143       -0.13512434849993        0.48822425907792
O           -0.42214943304610       -0.19264260908725        1.49708519207593
C           -1.70873861491314       -0.73343292456912        1.39463852777117
O           -2.70890467266726        0.23878076197104        1.22448006325733
C           -2.95123733411467        0.77462228064845       -0.07245484678210
C           -4.08511832658618        1.78878165452901        0.13993377123946
O           -3.70044149994559        2.80258789374062        1.01982324764522
C           -3.33834429227803       -0.34488508830647       -1.04570183046468
O           -3.44471249100252        0.09266835510878       -2.38267527282838
C           -2.24143861366760       -1.41111533460925       -1.03212379173624
O           -2.61764864448036       -2.55076809926427       -1.76965995455413
C           -1.96251972494062       -1.89028255985855        0.40015847092576
O           -0.90695809565574       -2.80810154474627        0.42612562178445
C            0.79816205011576        1.31121995247591        0.00036773966204
O           -0.14694641878796        1.71634249306396       -0.96931866677217
C            2.19870013924694        1.57624247088040       -0.58157845370701
O            2.42183938599478        2.95650154259931       -0.65837128306979
H            5.65503835480344       -0.25776949059417        0.67704047165116
H            5.70429391582348        1.44451846256932        1.21401442069021
H            6.49586597050797        0.96543426338106       -0.31316856926070
H            3.35353043818568        1.43792264870929        1.24770102685297
H            1.92689445941447       -0.15865461145792        2.15516058217493
H            1.75478042438623       -2.69347723690893        0.45032966849559
H            0.93580968852015       -2.44731059078895        2.01187278775851
H            3.71376898796492       -2.27593660761970        1.66333224213680
H            0.34504298494689       -0.78717985555147       -0.35847870690138
H           -1.89533979967758       -1.10691916927681        2.41073088416407
H           -2.06418852110153        1.30140988014017       -0.44299708178783
H           -4.96634280468518        1.25269135931347        0.52533913054302
H           -4.34396078599787        2.28187224548802       -0.80075106255963
H           -3.28088468286209        2.37495717333204        1.77770431150571
H           -4.28310825951410       -0.80588343899824       -0.71371757444793
H           -4.09639660709032        0.79867782646589       -2.43890614671865
H           -1.34022228748535       -0.96947086940167       -1.48273378072876
H           -2.97333514385534       -2.24325202954962       -2.61230182840073
H           -2.89307462544000       -2.37467506231408        0.74347792921034
H           -1.11598457014332       -3.49329929692883       -0.22296468833068
H            0.63634939426218        1.97842326649633        0.85451741140121
H           -0.00483953188069        1.21327315208484       -1.78221937802117
H            2.26651257260658        1.11675005463384       -1.58420286212037
H            1.62489459528852        3.36644284430398       -1.02203582182625
48
 energy: -84.795299283015 gnorm: 0.000707988868 xtb: 6.7.1 (edcfbbe)
C            5.64876278413820        0.77190332141920        0.32960455431742
O            4.49404377115010        1.06241813992067       -0.43358778946229
C            3.30840130876939        0.93723924758888        0.25795218499789
O            3.02249840046040       -0.43306732942891        0.43384546921776
C            1.85238559280783       -0.67075710169451        1.18604695510557
C            1.81002137590101       -2.18334283238323        1.42760353591874
O            2.94153565276636       -2.60546369596467        2.13705392383940
C            0.57895619196893       -0.13303747343410        0.49139386562483
O           -0.42367545493796       -0.19092085092034        1.49920963757102
C           -1.71001530499365       -0.73186734240671        1.39496719287952
O           -2.70983590670841        0.24011456298752        1.22332887924328
C           -2.95310093519828        0.77383618045647       -0.07459354948049
C           -4.08893927297075        1.78598790265264        0.13614082957722
O           -3.70432113068198        2.80576787165642        1.00931573335610
C           -3.33794222864307       -0.34744664678260       -1.04678893311311
O           -3.44504469391730        0.08858493987324       -2.38409673909287
C           -2.23873642186099       -1.41122269566954       -1.03198918427634
O           -2.61091682169867       -2.55163915431279       -1.77033796276546
C           -1.96123141043168       -1.88948774700425        0.40071682035404
O           -0.90432137986778       -2.80565441429044        0.42874162479244
C            0.79767502419493        1.31381520505462        0.00507532084495
O           -0.14723199303117        1.71916563872336       -0.96486534297061
C            2.19849618029337        1.58092388948781       -0.57540712309657
O            2.42388115039622        2.96130735787800       -0.64310431568441
H            5.65477359508409       -0.27089178136235        0.65844339228561
H            5.71103142526057        1.42835689698388        1.20444146712261
H            6.49403485981509        0.95552302865734       -0.32911270275346
H            3.36115033382725        1.43556132375735        1.24826701914622
H            1.92846142541606       -0.15447167245236        2.15705662021335
H            1.74530319792324       -2.69238448500124        0.45745548233213
H            0.93609495290966       -2.44136482428184        2.02311200131246
H            3.71206688497661       -2.27278590480301        1.66029171188543
H            0.34558183530060       -0.78464861113528       -0.35589197168656
H           -1.89792525183959       -1.10511349181181        2.41100179549417
H           -2.06694118298855        1.30185532132296       -0.44558767543598
H           -4.96735851071693        1.24942452704564        0.52727082264870
H           -4.35232357035642        2.27346111265219       -0.80625519350429
H           -3.28411393068441        2.38341913566361        1.76973403239752
H           -4.28173953773219       -0.81008687682446       -0.71428322139957
H           -4.09816869786856        0.79314060001677       -2.44145648323135
H           -1.33788696216536       -0.96719564533864       -1.48107437807031
H           -2.96614318187898       -2.24498991959736       -2.61350336343676
H           -2.89148164955537       -2.37529585000623        0.74287550612392
H           -1.11015068331540       -3.49058962856286       -0.22162708953203
H            0.63429595420358        1.97979315696457        0.86000483369678
H           -0.00294068412944        1.21856300598059       -1.77899568350088
H            2.26501011585883        1.12804522478973       -1.58117982613824
H            1.62802095175882        3.37551499121833       -1.00372857010302
48
 energy: -84.795315112046 gnorm: 0.000787816602 xtb: 6.7.1 (edcfbbe)
C            5.64931868275110        0.75725448401426        0.31336162682097
O            4.49135655330634        1.05785044261526       -0.44113129004028
C            3.30951624460883        0.93594027565100        0.25772802744440
O            3.01999007446926       -0.43346862252437        0.43343390536080
C            1.85180617229224       -0.66747002100784        1.18964217765961
C            1.80703607955086       -2.17922757042979        1.43608707879826
O            2.94154994976837       -2.60271489109398        2.13937131893690
C            0.57853219168894       -0.12991075495441        0.49510166227665
O           -0.42555178539876       -0.18906330749906        1.50132461252943
C           -1.71157456366714       -0.73072973881262        1.39483549785753
O           -2.71131676406126        0.24075801423561        1.22187489779782
C           -2.95548156988838        0.77205301794225       -0.07717014607347
C           -4.09312865616492        1.78234785975351        0.13161401766232
O           -3.70769660334728        2.80976545179918        0.99567273482031
C           -3.33800460744005       -0.35135269833232       -1.04787270597551
O           -3.44690370049040        0.08287482034413       -2.38554688755818
C           -2.23545569974918       -1.41164571937537       -1.03206543862209
O           -2.60237429886116       -2.55283858233320       -1.77172717633552
C           -1.95983424034552       -1.88934559334395        0.40100327496588
O           -0.90173013233602       -2.80397165401415        0.43137173932395
C            0.79694851893284        1.31782759724934        0.01125765733845
O           -0.14805520885679        1.72393726585547       -0.95830856108069
C            2.19808311631696        1.58746203440619       -0.56774181287643
O            2.42674581724483        2.96792038323981       -0.62276582853337
H            5.65319698805532       -0.28813119218493        0.63400657596888
H            5.71869757410036        1.40668623018517        1.19295283340279
H            6.49168455354429        0.94287359712523       -0.34851066935856
H            3.37051971212111        1.43261685820270        1.24847428140197
H            1.93110219796659       -0.14815413086679        2.15883078214444
H            1.73419257267328       -2.69107427828978        0.46798874004127
H            0.93590637248748       -2.43248856401791        2.03780625908024
H            3.71001585215036       -2.27126241777064        1.65840884824620
H            0.34683627460919       -0.78065737908891       -0.35338908348983
H           -1.90050391215637       -1.10402305445856        2.41069427539616
H           -2.07012763515690        1.30120750266964       -0.44862406087965
H           -4.96824676922701        1.24601310574340        0.53036978627115
H           -4.36208527156770        2.26249753316227       -0.81299850421390
H           -3.28639363269710        2.39431552229113        1.75919272767069
H           -4.28037799256086       -0.81623645345237       -0.71430981437230
H           -4.10125237914548        0.78626293140401       -2.44337121444076
H           -1.33512949544625       -0.96429483610633       -1.47905439094344
H           -2.95660238879306       -2.24704582137327       -2.61561606553397
H           -2.88996322824718       -2.37640930700685        0.74194116264583
H           -1.10326844188022       -3.48734187302237       -0.22208652576207
H            0.63232727644542        1.98195071460761        0.86745418041043
H           -0.00108745475697        1.22701991352055       -1.77427786020027
H            2.26259867375565        1.14384913433949       -1.57778211311287
H            1.63418115074429        3.38757038099024       -0.98396641823611
48
 energy: -84.795326654990 gnorm: 0.000741366887 xtb: 6.7.1 (edcfbbe)
C            5.64945334921655        0.74317555330415        0.29809956075596
O            4.48884641760412        1.05413495329575       -0.44822829855387
C            3.31049579104954        0.93497054250498        0.25719216303446
O            3.01741952188973       -0.43360900856670        0.43227172820743
C            1.85128833512815       -0.66383267601778        1.19281208896998
C            1.80441479027804       -2.17468627381204        1.44458168838890
O            2.94083933505678       -2.59841812373110        2.14429307202017
C            0.57790723447014       -0.12670801877691        0.49843772149741
O           -0.42733454378189       -0.18746800237962        1.50318124536967
C           -1.71294142034330       -0.73033961450542        1.39476817852300
O           -2.71303326693158        0.24040894870552        1.22053557480743
C           -2.95778274369702        0.76975554116984       -0.07937690621748
C           -4.09664460163898        1.77893367816896        0.12753202306578
O           -3.71006579418268        2.81287824121815        0.98334000313867
C           -3.33828039378606       -0.35532492912387       -1.04895371380830
O           -3.44936183261008        0.07727236187085       -2.38698020882595
C           -2.23280407453413       -1.41249916968500       -1.03259949721942
O           -2.59469839050013       -2.55431579720003       -1.77371244677276
C           -1.95852738134166       -1.88943256130695        0.40086886932608
O           -0.89982109071012       -2.80314940312906        0.43307103127683
C            0.79647746105387        1.32210586594777        0.01750493679060
O           -0.14890470850325        1.72979637764313       -0.95093295459418
C            2.19775056657789        1.59409781722010       -0.56059480166393
O            2.42968877312134        2.97453811867875       -0.60358884657480
H            5.65062597675340       -0.30471419119436        0.61039287985134
H            5.72552095123485        1.38534885474221        1.18246147368766
H            6.48932121913501        0.93076907011751       -0.36638744189432
H            3.37905652298990        1.42972956782066        1.24845169908500
H            1.93403193442429       -0.14130680928629        2.15999643990034
H            1.72565574168012       -2.68996623078317        0.47886100074010
H            0.93540111622511       -2.42347964755583        2.05122139948194
H            3.70825705353216       -2.27145033581642        1.65857575094497
H            0.34803150742329       -0.77629992526779       -0.35151531171797
H           -1.90252454109996       -1.10369858220200        2.41050395533909
H           -2.07301259623082        1.29971700486617       -0.45117023734681
H           -4.96888374498174        1.24319299054863        0.53316647149710
H           -4.37050504172029        2.25260177208733       -0.81893747147046
H           -3.28707175230088        2.40357062008047        1.74912836396816
H           -4.27911747056299       -0.82244925646582       -0.71423721811878
H           -4.10454885709984        0.77993310229364       -2.44459667846548
H           -1.33312650626208       -0.96186294890262       -1.47756634403570
H           -2.94802688132357       -2.24912921403728       -2.61817454744488
H           -2.88870359939047       -2.37728078656394        0.74069128909330
H           -1.09791407030500       -3.48447146296363       -0.22370726252826
H            0.63164540176461        1.98419364862743        0.87521804839875
H           -0.00010574444814        1.23656261144929       -1.76882844969569
H            2.26003349158785        1.15933415327593       -1.57453696553140
H            1.64157472373156        3.39886818619662       -0.96904893898185
48
 energy: -84.795333498640 gnorm: 0.000534532163 xtb: 6.7.1 (edcfbbe)
C            5.64929900449177        0.73312879260583        0.28732779690908
O            4.48709381572475        1.05211133701920       -0.45309818465148
C            3.31114258017946        0.93457719417511        0.25669002793227
O            3.01550309331872       -0.43343323147882        0.43098666440969
C            1.85096304249302       -0.66102933049177        1.19481138693332
C            1.80304343695522       -2.17107573498642        1.45108686525990
O            2.93995725889506       -2.59391782132154        2.15061768735899
C            0.57740603482586       -0.12407448025206        0.50068922133699
O           -0.42865212253092       -0.18639665202587        1.50424037480895
C           -1.71379312383085       -0.73037191027325        1.39403478936156
O           -2.71459261818806        0.23962537430152        1.21920999580025
C           -2.95928968835606        0.76796705103682       -0.08108002302745
C           -4.09880505206197        1.77652695854231        0.12495208907713
O           -3.71136513613667        2.81411977454465        0.97581870858673
C           -3.33870044580176       -0.35813495067710       -1.04989305337390
O           -3.45133213735141        0.07358361457503       -2.38810462833449
C           -2.23093447361054       -1.41292657182017       -1.03322621127363
O           -2.58979580282951       -2.55517837317100       -1.77503072696943
C           -1.95765937392052       -1.88997982485718        0.40036782751598
O           -0.89864228322334       -2.80326763904249        0.43344867535375
C            0.79608531921139        1.32567460956476        0.02228505332892
O           -0.14974649562081        1.73519806594344       -0.94479334189397
C            2.19745020175031        1.59873330639476       -0.55566600320600
O            2.43155026843036        2.97902800066794       -0.59071484072860
H            5.64804174319477       -0.31655823023779        0.59329588382724
H            5.73039544574793        1.36972945276802        1.17522179307672
H            6.48749334035030        0.92202171528029       -0.37890210505732
H            3.38483153812497        1.42762227657325        1.24843509235207
H            1.93627013410711       -0.13611884058821        2.16041023193792
H            1.72223220209905       -2.68915181676368        0.48717407977611
H            0.93478989468689       -2.41709100107768        2.05989220942235
H            3.70734971302735       -2.27242030988092        1.66125233302820
H            0.34881766520514       -0.77249404265057       -0.35053677496670
H           -1.90388027414436       -1.10405720509456        2.40949585250813
H           -2.07473384732464        1.29840893804445       -0.45285080470327
H           -4.96944374515414        1.24131790420048        0.53457251091642
H           -4.37541021085387        2.24635752968053       -0.82256212331266
H           -3.28640077411187        2.40845881067208        1.74237332358503
H           -4.27858811374021       -0.82672549693277       -0.71446166112931
H           -4.10706396855038        0.77581777880563       -2.44526880579748
H           -1.33167381361362       -0.96031915882396       -1.47711111425229
H           -2.94291955517116       -2.25031918529826       -2.61967838265275
H           -2.88797721328286       -2.37814097393678        0.73964290865250
H           -1.09508569911778       -3.48322066479303       -0.22531668885955
H            0.63187805315617        1.98604163334463        0.88138651190499
H           -0.00044538099303        1.24439693524155       -1.76401521048115
H            2.25793743315988        1.16991544681065       -1.57211218006431
H            1.64739629822778        3.40603756007332       -0.96181291372803
48
 energy: -84.795337797825 gnorm: 0.000368651286 xtb: 6.7.1 (edcfbbe)
C            5.64904349636674        0.72673188381112        0.28041395797552
O            4.48593691926737        1.05133176485882       -0.45603475200524
C            3.31147091228462        0.93461823162720        0.25636942085875
O            3.01425285408495       -0.43308124329293        0.43011247857728
C            1.85075952585244       -0.65896568830432        1.19611019192573
C            1.80249892775557       -2.16848442054794        1.45534795149034
O            2.93876398746841       -2.58958745702901        2.15725432184255
C            0.57692902608506       -0.12246031789881        0.50212925879585
O           -0.42955260651106       -0.18587904507662        1.50504158349102
C           -1.71421895198766       -0.73078510275006        1.39378234857971
O           -2.71567530332133        0.23862484506221        1.21838703290531
C           -2.96021755110104        0.76672310462348       -0.08196201373251
C           -4.09987327504333        1.77525857736787        0.12358407906762
O           -3.71209410978372        2.81398795096894        0.97272588638427
C           -3.33885543814606       -0.35964836764392       -1.05076178297946
O           -3.45248763862777        0.07168797149771       -2.38905651591502
C           -2.23021615656223       -1.41343756427577       -1.03424721912730
O           -2.58749241163964       -2.55588892699425       -1.77654892005315
C           -1.95684064090729       -1.89011032018949        0.39950255004698
O           -0.89761044069423       -2.80310720023084        0.43267467529149
C            0.79602440385209        1.32794882556069        0.02560001550439
O           -0.15016786306269        1.73920930221946       -0.94022428500353
C            2.19724555622257        1.60166246229013       -0.55275914601418
O            2.43255406169627        2.98183795622541       -0.58390194389862
H            5.64590621050780       -0.32411994891021        0.58212977932604
H            5.73373315651364        1.35951101438574        1.17064533440749
H            6.48615708043510        0.91630175214004       -0.38699824724782
H            3.38820317157409        1.42648630317633        1.24843886416042
H            1.93767692397740       -0.13242702668113        2.16062800858819
H            1.72273640820638       -2.68878579611842        0.49263855756641
H            0.93385301193078       -2.41320217755013        2.06405850862064
H            3.70684076259264       -2.27285458696974        1.66597312568321
H            0.34915790371747       -0.77001989474458       -0.34995895291671
H           -1.90475016262346       -1.10468491787889        2.40909731138305
H           -2.07577205506613        1.29741777691098       -0.45362545521622
H           -4.96984118614528        1.24014341566359        0.53464814136168
H           -4.37757880638281        2.24368982383714       -0.82427679913528
H           -3.28525732998474        2.40963723464038        1.73891445194600
H           -4.27810798024483       -0.82914578023226       -0.71495812839899
H           -4.10869227426962        0.77354151150126       -2.44579974468156
H           -1.33131325819287       -0.95970076536419       -1.47757628024713
H           -2.94106995150092       -2.25109037332351       -2.62102357375504
H           -2.88709029734707       -2.37866077494283        0.73834459416133
H           -1.09386586335330       -3.48268910820991       -0.22655626376899
H            0.63275775024646        1.98714663645421        0.88568320988568
H           -0.00140213769768        1.24959261978378       -1.76020720021593
H            2.25635113192714        1.17575641967273       -1.57039614615175
H            1.65118667559306        3.40996603642920       -0.95987815231866
