48
 energy: -84.839280055148 gnorm: 0.072812622660 xtb: 6.7.1 (edcfbbe)
C            5.62352199595561       -0.45896252937343       -0.02068654702956
O            4.72478747555051        0.61064265684989        0.25739932849048
C            3.54273381178006        0.23611474799409        0.86398739692749
O            2.73179106600461       -0.41334228563121       -0.09553246900698
C            1.46262718083247       -0.80783266329557        0.39439509954242
C            0.81242384187456       -1.64707220217734       -0.70767539795413
O            1.46910851522280       -2.86903614846912       -0.89779414782107
C            0.64577872542995        0.42966643816693        0.80573940315189
O           -0.60023821318037        0.01281948033743        1.34532696477894
C           -1.73390379564633        0.79648775269402        1.02897839391125
O           -1.79835390780230        1.24763428429398       -0.28706439850396
C           -2.18648291127401        0.31798651422509       -1.30076930587903
C           -2.47569132883658        1.16863771856108       -2.55221648913087
O           -2.79840834785174        0.37893472955438       -3.66863346040663
C           -3.41730502132316       -0.52022362769117       -0.91915861104563
O           -3.61085518698386       -1.57796631441142       -1.82340711564679
C           -3.23097558538232       -1.12808613092837        0.47517793738919
O           -4.37977744108180       -1.81903728521384        0.89605530029967
C           -2.98040351689345        0.01175088735950        1.46260339991898
O           -2.80350486918499       -0.43297814027296        2.77515780005464
C            1.42832347732947        1.24469630234010        1.84860919177401
O            0.79461632491879        2.45932747859897        2.16854681573242
C            2.87313066453139        1.51050704079794        1.39313706269360
O            3.65230041273654        1.98356820184307        2.45844619873954
H            5.19223795855284       -1.14357120428990       -0.75238897861258
H            5.86669710811571       -0.99997543159689        0.89776752158430
H            6.51366797702330        0.01323667031327       -0.42581445418838
H            3.72645838292984       -0.45119296911868        1.71500291352559
H            1.58989850782676       -1.44031349555425        1.28769136306657
H            0.81216948327104       -1.06105029504113       -1.63525912272594
H           -0.20620098129256       -1.89522568727585       -0.40750466180602
H            2.39180872047876       -2.69220965322373       -1.12986838242764
H            0.47095533030983        1.05316592795425       -0.08256306117193
H           -1.68261576338520        1.72541003277942        1.62251814184376
H           -1.36392024931015       -0.37990032784716       -1.50643292748040
H           -1.61648954801198        1.81755694106940       -2.74268241039935
H           -3.34404149625260        1.80066562423896       -2.35201431520371
H           -1.99211422070689        0.02138982121854       -4.06627223535000
H           -4.30759139693850        0.12854345769209       -0.88959972405917
H           -3.70251299314101       -1.20436937397243       -2.71824386327505
H           -2.36066985650865       -1.80143460755140        0.47068224735578
H           -4.62124357351016       -2.45627530117448        0.20698778094623
H           -3.83984674385502        0.70151165177727        1.40921966138412
H           -3.48658610714107       -1.09939966420563        2.95678021613242
H            1.44281536509870        0.67622103905071        2.78522630521146
H            0.72883689579038        3.01383299920516        1.37574831258421
H            2.87231553135806        2.23691677587862        0.56407616484447
H            3.17072022583005        2.70222673213443        2.89980436554578
48
 energy: -84.844440562769 gnorm: 0.010076963843 xtb: 6.7.1 (edcfbbe)
C            5.62159517059329       -0.46037261096729       -0.02190049243920
O            4.72202023393214        0.60871466397007        0.25536685610015
C            3.53872093570143        0.23501241679973        0.86042882615657
O            2.72259981806130       -0.40327220527826       -0.10479249654335
C            1.45011106990038       -0.80047533577637        0.37678040789297
C            0.80151534406885       -1.64111836213462       -0.72190586086467
O            1.46201573024737       -2.86254697487991       -0.90634350225553
C            0.65898376567579        0.42982562056302        0.85382796640095
O           -0.59880761783445        0.04395342067671        1.38766812387556
C           -1.73400866244320        0.79967151532820        1.01815762747877
O           -1.79648272503461        1.22939554560535       -0.30358741494018
C           -2.18690102179228        0.30124852535959       -1.31221027382143
C           -2.47643207218066        1.16074538905759       -2.55754633675915
O           -2.80017714542661        0.37601011740622       -3.67655594658209
C           -3.41939249681792       -0.52834147740035       -0.92246304470502
O           -3.61753877357985       -1.58563096580219       -1.82550335843098
C           -3.22992360502822       -1.13100460720015        0.47390085576533
O           -4.37893875239151       -1.81980022844235        0.89766630840138
C           -2.97894294779830        0.01307856970457        1.45675738504676
O           -2.80326175609193       -0.42557031702354        2.77180091950421
C            1.44412071787216        1.25068052299959        1.87861312819270
O            0.80738270959025        2.46672968669879        2.18712750164900
C            2.88058320622074        1.51149752716836        1.39982974065842
O            3.66700906407272        1.98537592525795        2.45873061362107
H            5.19154158094154       -1.14488575577243       -0.75418721040118
H            5.86421755054826       -1.00128974232065        0.89672669309034
H            6.51217328995393        0.01231767687007       -0.42560737503990
H            3.72157485416265       -0.45681180785332        1.70811646310718
H            1.58502433819327       -1.44454293675408        1.26206145096864
H            0.80155547647840       -1.05639128255010       -1.64956902076092
H           -0.21506277625846       -1.89170743838948       -0.41743655557135
H            2.38584756963000       -2.68580959484272       -1.13440771988349
H            0.48203995858659        1.05625605477838       -0.03449430157018
H           -1.69933080230331        1.73864328852961        1.59808849547757
H           -1.36471158688375       -0.39630240687721       -1.51729297788908
H           -1.61691710963803        1.81042501206825       -2.74505298092514
H           -3.34359015210444        1.79351167547701       -2.35339469799559
H           -1.99376210604844        0.01846568496999       -4.07379823427215
H           -4.30682985760709        0.12455705271024       -0.89199729881298
H           -3.70609883539941       -1.21099058311158       -2.72032065184367
H           -2.35972500239017       -1.80433095417233        0.47082764159630
H           -4.62191089780485       -2.45782907675068        0.20982298102304
H           -3.84012103768620        0.70048364236192        1.40018103075113
H           -3.48415111889608       -1.09399101804453        2.95504576068728
H            1.46188892758672        0.68576247592734        2.81619098134005
H            0.73272411663006        3.01042355412791        1.38710453444766
H            2.87213248575992        2.23743709853506        0.57012819863458
H            3.18563286824768        2.70278958808078        2.90290046852333
48
 energy: -84.845251888438 gnorm: 0.005865418823 xtb: 6.7.1 (edcfbbe)
C            5.61956376984713       -0.46295070887889       -0.02474666967542
O            4.72101464598849        0.60681954430672        0.25286114199124
C            3.53832149412913        0.23520866469151        0.86004960726458
O            2.71366692546687       -0.38973726563217       -0.10664894776502
C            1.44471608648893       -0.79256415748300        0.38181291672074
C            0.79058685490850       -1.61924487937124       -0.72459188552730
O            1.44889192115070       -2.84141312600285       -0.91226123927191
C            0.65941121550324        0.43977941177526        0.87201396401210
O           -0.59983132547290        0.05764843104681        1.40523280064764
C           -1.73275011146198        0.80624528903312        1.01173513654997
O           -1.78664288037520        1.21302673082396       -0.31678443931153
C           -2.18635521354900        0.28554947292690       -1.32132993209234
C           -2.47704710324911        1.14676861541556       -2.56524655795635
O           -2.80446742261743        0.36725443416219       -3.68682974929717
C           -3.42111318745502       -0.53747436249397       -0.92750720107974
O           -3.62750624350501       -1.59672346280934       -1.82671641799731
C           -3.22893972056765       -1.13319437711325        0.47151786502560
O           -4.37734336300784       -1.82019970621571        0.89999365387582
C           -2.97765032274978        0.01601647815547        1.44956631393175
O           -2.80293528820736       -0.41826903953395        2.76619864370176
C            1.45599978046955        1.24550774202476        1.89909521208386
O            0.82155055236961        2.46102348389387        2.21168327592759
C            2.88814214503908        1.51068723842641        1.41060239997849
O            3.68831737645425        1.98274410494045        2.46046048486262
H            5.18953241864363       -1.14687792615627       -0.75751283946031
H            5.86148414540660       -1.00420766806063        0.89387265397807
H            6.51066630172489        0.00948631248962       -0.42755466766526
H            3.71969248320265       -0.46554490718092        1.70059157211466
H            1.58828661813138       -1.45539831828599        1.25490415830047
H            0.79085215948485       -1.03513661034142       -1.65285432553135
H           -0.22595984679035       -1.87249878114190       -0.42210010984825
H            2.37365576183479       -2.66771208019155       -1.13909128892036
H            0.48083795477127        1.08169846158170       -0.00807279059918
H           -1.70998641155393        1.75574380982805        1.57701951195257
H           -1.36981785439061       -0.41646022145758       -1.53211461579607
H           -1.61684221082181        1.79604501678316       -2.75126670427488
H           -3.34231500339843        1.78064613609758       -2.35645874271239
H           -1.99891043836381        0.01004671732620       -4.08605455184576
H           -4.30543251063280        0.11955813384096       -0.89568257338430
H           -3.71358446715075       -1.22354802332147       -2.72240920024799
H           -2.35905733216920       -1.80710854135231        0.47036248086519
H           -4.62249686829811       -2.45984085769959        0.21435965411001
H           -3.84008715719332        0.70163803423317        1.39034008105940
H           -3.48257255226112       -1.08759553204536        2.95077783902914
H            1.48361184572331        0.68349324928078        2.83852931565352
H            0.73906174767008        3.00329518044651        1.41131339272040
H            2.87059045859652        2.23807796916782        0.58219917876558
H            3.21118209540829        2.69968845882607        2.91022540288403
48
 energy: -84.845662356296 gnorm: 0.005215020854 xtb: 6.7.1 (edcfbbe)
C            5.61859347847942       -0.46665782033488       -0.02830760514177
O            4.72291158096541        0.60485705287358        0.25125119015355
C            3.54045134790405        0.23596618994896        0.85990822411192
O            2.70813645272238       -0.37484831601055       -0.10849670392445
C            1.44264400464271       -0.78039952430008        0.38788389444497
C            0.78063917676321       -1.59438510045803       -0.72372079125509
O            1.43335556212151       -2.81843378051518       -0.92220674734341
C            0.65937428926997        0.45216732182004        0.88362660360318
O           -0.60046007079891        0.06550725234101        1.41280947075702
C           -1.73147555144690        0.80989702736554        1.00240493472224
O           -1.77145776138251        1.19598701817112       -0.33267899777813
C           -2.18639014380962        0.26948980591506       -1.33274481430300
C           -2.47899150753800        1.13089656018739       -2.57624259960052
O           -2.81146824913837        0.35266485855736       -3.69707531445259
C           -3.42369133168034       -0.54590145046911       -0.93203277556053
O           -3.63906067620417       -1.60877023082657       -1.82528084647704
C           -3.22847569433163       -1.13422565406673        0.46958147103594
O           -4.37540380752602       -1.81967444620696        0.90476696967838
C           -2.97812214118114        0.02069313960624        1.44205044909890
O           -2.80329298035234       -0.40941783391351        2.75998952565018
C            1.46572345837575        1.24103866300699        1.91946062376433
O            0.83680932625565        2.45527647300930        2.24962670706897
C            2.89562491725664        1.50847222329626        1.42295784609820
O            3.70907368050463        1.97489166764580        2.46542961726645
H            5.18724632969709       -1.14844927938948       -0.76236773368863
H            5.85896984038586       -1.00993197872426        0.88951899797932
H            6.51076706232601        0.00447420630257       -0.43018234688813
H            3.71928614344028       -0.47498077632609        1.69231185664267
H            1.58987337637764       -1.45435172529759        1.25186373239117
H            0.78197837338667       -1.00467998828268       -1.64841476530373
H           -0.23662056875244       -1.84699281365543       -0.42270920986461
H            2.35835992394334       -2.64749604554312       -1.15000069412164
H            0.48431101757551        1.10777657235220        0.01250548483417
H           -1.71658109833846        1.76873743570239        1.55211575551291
H           -1.37832047932329       -0.43950235692258       -1.55205788358144
H           -1.61756758130433        1.77807938451926       -2.76382945943488
H           -3.34229151940581        1.76631691342306       -2.36410428302632
H           -2.00744936571427       -0.00426154070074       -4.09971762741188
H           -4.30531713008688        0.11466065244248       -0.89981387450707
H           -3.72428397895009       -1.23968090731768       -2.72263394938865
H           -2.35841475470728       -1.80818601583586        0.47100117031519
H           -4.62335885115741       -2.46137082816220        0.22198244451619
H           -3.84196117113279        0.70445193889805        1.38004177609579
H           -3.48181298501979       -1.07928844913639        2.94652421354774
H            1.50220254366393        0.67390339245237        2.85564579409315
H            0.74602045900934        3.00234402843087        1.45366097860356
H            2.87000401634012        2.23983216834587        0.59824620172502
H            3.23990496104289        2.69350148455782        2.92093629662541
48
 energy: -84.845914287830 gnorm: 0.003714750721 xtb: 6.7.1 (edcfbbe)
C            5.61834239449053       -0.46993468945483       -0.03130851863479
O            4.72687512467361        0.60406343542307        0.25213392155411
C            3.54427463628263        0.23690831713791        0.86083664498316
O            2.70730076442284       -0.36327361730006       -0.10923501582988
C            1.44437117765402       -0.76805111545323        0.39336236708898
C            0.77362488819971       -1.57161431288021       -0.72065810459042
O            1.41891473808815       -2.79771938733489       -0.93369621055101
C            0.66147391898491        0.46405170599189        0.88867779796606
O           -0.59928668654410        0.07232992870968        1.41209111919453
C           -1.73047609721758        0.81139470306765        0.99099539581057
O           -1.75729282304676        1.18225374288406       -0.34919967164006
C           -2.18907003252456        0.25646780044313       -1.34474983280849
C           -2.48432824185118        1.11600330191389       -2.58911000689300
O           -2.82146152130005        0.33479308744987       -3.70640034400716
C           -3.42791701942645       -0.55224718243586       -0.93536610092582
O           -3.65027829337274       -1.61944569349526       -1.82203444789822
C           -3.22917318333748       -1.13421873553850        0.46806958458596
O           -4.37413664034040       -1.81883627420042        0.90994304830493
C           -2.97836562074553        0.02567953742469        1.43457771940027
O           -2.80248490550125       -0.39914855950580        2.75398375848950
C            1.47412250083440        1.23590425115240        1.93670927542974
O            0.85241212672755        2.44782389103515        2.29199941153714
C            2.90304239758577        1.50617827007809        1.43505334896954
O            3.72487094797989        1.96403736726613        2.47460695764328
H            5.18435256928520       -1.14802509284382       -0.76745643909246
H            5.85693848269634       -1.01718522877408        0.88462069727767
H            6.51205023003406       -0.00101998605123       -0.43229027545186
H            3.72101638748611       -0.48195832955953        1.68675659490478
H            1.59190455966629       -1.44395909081689        1.25367246447599
H            0.77446726648907       -0.97279152213523       -1.63959382063092
H           -0.24362126177370       -1.82109695609118       -0.41730249223997
H            2.34312461469830       -2.62865405929537       -1.16567393995904
H            0.49287234159358        1.12879673149832        0.02488528332267
H           -1.71904846169077        1.77684315557276        1.52768223763973
H           -1.38940673317526       -0.45930265247593       -1.57263959987997
H           -1.62164519093277        1.76021468976874       -2.78067535731151
H           -3.34585682872607        1.75342485177252       -2.37633026286169
H           -2.01909849303545       -0.02192234543759       -4.11264365895790
H           -4.30779099902165        0.11054711359837       -0.90373786879055
H           -3.73683250284287       -1.25609051331642       -2.72143031564386
H           -2.35838682864371       -1.80730832959783        0.47158228081249
H           -4.62466833023770       -2.46264426254154        0.23005441348789
H           -3.84273385899403        0.70843746992818        1.37018133986910
H           -3.47987998577770       -1.06942015419431        2.94330350826621
H            1.51519961750590        0.65555177644246        2.86463159889417
H            0.75460495686407        3.00535568586750        1.50441768257089
H            2.87223031787444        2.24323580646439        0.61556799418205
H            3.26484550317885        2.68556803871234        2.93461904450786
48
 energy: -84.846076028879 gnorm: 0.003026117287 xtb: 6.7.1 (edcfbbe)
C            5.61901229859800       -0.47192434163869       -0.03369246486101
O            4.73285056547327        0.60479111609426        0.25652995213847
C            3.54973802086771        0.23770787817312        0.86388461971339
O            2.71107834754908       -0.35600498940075       -0.10789605883016
C            1.44902984739385       -0.75758096977696        0.39709758192850
C            0.77012538018091       -1.55356525643825       -0.71701321087041
O            1.40797512708894       -2.78079973637730       -0.94595328991194
C            0.66561630103700        0.47424672364988        0.88867342437037
O           -0.59669306824875        0.07953165210714        1.40579846997587
C           -1.72928542577941        0.81279346389484        0.97845069826914
O           -1.74744917761196        1.17348886300309       -0.36538363845210
C           -2.19436138627203        0.24743354171513       -1.35621103282841
C           -2.49345458293776        1.10284721389029       -2.60270068970738
O           -2.83420694609588        0.31522909078868       -3.71458373398278
C           -3.43338198109634       -0.55639892683677       -0.93744704276571
O           -3.66048243645295       -1.62801153215721       -1.81765940210327
C           -3.23009995403741       -1.13309046470149        0.46708304019329
O           -4.37261231167300       -1.81745814292194        0.91558380229380
C           -2.97718932490872        0.03132252854245        1.42707354137215
O           -2.79991466071862       -0.38679605734278        2.74833053654729
C            1.48105005245946        1.22987455455834        1.94949211120724
O            0.86607908160480        2.43769521585420        2.33194608850624
C            2.91016387073416        1.50367712573339        1.44730519310422
O            3.73456234612499        1.95142090485098        2.48862612501663
H            5.18074772419486       -1.14435185551778       -0.77275839912331
H            5.85590689356845       -1.02527808328339        0.87904108638470
H            6.51451771371029       -0.00564849889532       -0.43368735871866
H            3.72538910603277       -0.48602166414377        1.68566253204417
H            1.59466583592346       -1.43059960119950        1.25786071417202
H            0.76767672005502       -0.94458370349102       -1.62941946373308
H           -0.24605708218018       -1.79925948897860       -0.40766793189930
H            2.33047028999179       -2.61244186066353       -1.18488906699357
H            0.50457576792728        1.14443715179846        0.02997519499930
H           -1.71896357373596        1.78246667827048        1.50599817849898
H           -1.40128667218654       -0.47348353049209       -1.59054202148283
H           -1.63025997170778        1.74446457157502       -2.80010118159212
H           -3.35388270979549        1.74209847809340       -2.39166553991364
H           -2.03332388797231       -0.04126643464695       -4.12404394373788
H           -4.31255505820310        0.10722332306788       -0.90654369149117
H           -3.75082191192180       -1.27092084150963       -2.71905372448703
H           -2.35842179020269       -1.80494595530567        0.47102715896770
H           -4.62556331626586       -2.46326473303958        0.23847651888494
H           -3.84104313366896        0.71435707264850        1.36060912112492
H           -3.47650570624171       -1.05702503423947        2.94093490989441
H            1.52256514887711        0.63100816373409        2.86573411630676
H            0.76404667951052        3.00972098006724        1.55547961898498
H            2.87763911039449        2.24728110013892        0.63393425074423
H            3.28232576402065        2.67560087980587        2.95178750746217
48
 energy: -84.846158280851 gnorm: 0.002653896112 xtb: 6.7.1 (edcfbbe)
C            5.62026755225111       -0.47178622764088       -0.03496955259826
O            4.73837475849439        0.60647117787438        0.26318526174327
C            3.55469744169904        0.23772724242731        0.86858606223465
O            2.71699344244755       -0.35420382605385       -0.10486176654803
C            1.45392563864974       -0.75269374946435        0.39796425379806
C            0.77074002386908       -1.54493898964566       -0.71571650452806
O            1.40456833709623       -2.77152423152527       -0.95584112660019
C            0.66977766139994        0.47950501134469        0.88582537799369
O           -0.59417499065350        0.08510387759953        1.39868937806631
C           -1.72783355973018        0.81470932316349        0.96897408693531
O           -1.74455250582941        1.17153214531591       -0.37645630672856
C           -2.19945320654721        0.24398334123401       -1.36345035487471
C           -2.50258068693078        1.09453233447844       -2.61243454341283
O           -2.84564286511064        0.30040558779002       -3.71936676636574
C           -3.43774082578443       -0.55773803925153       -0.93799835140643
O           -3.66717043357686       -1.63231317670099       -1.81387421355917
C           -3.23045014690189       -1.13104224637902        0.46707057273291
O           -4.37097359356179       -1.81516626276986        0.92060460273484
C           -2.97502239279805        0.03648756877859        1.42190705016754
O           -2.79681161392795       -0.37563355573184        2.74492347140823
C            1.48437581551125        1.22494198400206        1.95503234992845
O            0.87297406940929        2.42836304172536        2.35472846291064
C            2.91468803713776        1.50134185688565        1.45686806157730
O            3.73648292650190        1.94115925135703        2.50304941887124
H            5.17779312667504       -1.13820491974694       -0.77706434961834
H            5.85638627164722       -1.03150593512859        0.87413154884816
H            6.51698938580204       -0.00702869857412       -0.43393814427011
H            3.73061959612744       -0.48755891441468        1.68897655116443
H            1.59669635638877       -1.42278803329814        1.26100962591316
H            0.76340218396588       -0.92920978636060       -1.62360244854604
H           -0.24390022292948       -1.78892861891509       -0.40028842025990
H            2.32526444544306       -2.60258478420424       -1.20119780019169
H            0.51416838635818        1.15129905645815        0.02868483411745
H           -1.71718875732125        1.78611989565940        1.49298123434786
H           -1.40908875445614       -0.47911788396394       -1.59971155712937
H           -1.64009428991405        1.73521404599342       -2.81554928188587
H           -3.36295923760761        1.73446992991953       -2.40359243419793
H           -2.04585741259918       -0.05622191183655       -4.13087532342518
H           -4.31697106706217        0.10577056109227       -0.90717168096395
H           -3.76186897898640       -1.27941599454694       -2.71642588359486
H           -2.35827638707768       -1.80217988403110        0.46986313052700
H           -4.62571428083525       -2.46244476903519        0.24556307440777
H           -3.83793499619012        0.72055688969048        1.35373484408837
H           -3.47314928250804       -1.04538195824042        2.94019825303996
H            1.52348692233672        0.61180247513753        2.86193620221537
H            0.77138555461712        3.01235609451512        1.58728972110178
H            2.88416355187571        2.24993954420570        0.64821728605613
H            3.28718092675493        2.66581673001656        2.96787529859117
48
 energy: -84.846213317192 gnorm: 0.001686287332 xtb: 6.7.1 (edcfbbe)
C            5.62170670449734       -0.47023024833731       -0.03568067468034
O            4.74292528888397        0.60832148978234        0.27114431552965
C            3.55874913128771        0.23687472536791        0.87438060885897
O            2.72319492200147       -0.35519875977215       -0.10102815596998
C            1.45797082725476       -0.75150026444023        0.39694307753006
C            0.77379343291987       -1.54191159341153       -0.71715057606827
O            1.40683461376770       -2.76647390781884       -0.96471477954151
C            0.67326786236091        0.48162601191732        0.88202585393602
O           -0.59228093717202        0.08952421570870        1.39235176094818
C           -1.72613340511663        0.81748926654954        0.96170783178243
O           -1.74540535621480        1.17340279539695       -0.38434004415143
C           -2.20350803271810        0.24332575543206       -1.36787353415315
C           -2.51083844378416        1.08876465568350       -2.61937316667710
O           -2.85597485066643        0.28894104142215       -3.72195460371427
C           -3.44082477400525       -0.55769143375350       -0.93755758679342
O           -3.67181777948792       -1.63418059224499       -1.81046061767127
C           -3.23018541346825       -1.12839217616705        0.46798771627719
O           -4.36916579369555       -1.81198210923762        0.92570388112355
C           -2.97262794434883        0.04178619707202        1.41840215875073
O           -2.79390978738750       -0.36484834618533        2.74310347141818
C            1.48514278246739        1.22102917121640        1.95664991133346
O            0.87505678444314        2.42049746524767        2.36536380879865
C            2.91737928178893        1.49874427445745        1.46513703787133
O            3.73424957915205        1.93222769908364        2.51759879651697
H            5.17561494644923       -1.13042949796030       -0.78108439697690
H            5.85782797006245       -1.03649589351457        0.86940791476721
H            6.51905044881006       -0.00558946566929       -0.43330847454078
H            3.73555555297131       -0.48881138850307        1.69444035388932
H            1.59728070424337       -1.42041631354158        1.26204500965416
H            0.76109662539510       -0.92209029752510       -1.62216012103779
H           -0.23928681015289       -1.78666324650715       -0.39716684062441
H            2.32584905691719       -2.59595082000280       -1.21528042896973
H            0.52136627114241        1.15341429962607        0.02448189355598
H           -1.71443927007825        1.78971048651400        1.48483614754743
H           -1.41349717191449       -0.48036655288871       -1.60331802486983
H           -1.64991305599480        1.72966005449065       -2.82809401515211
H           -3.37176012027912        1.72845926311966       -2.41194674987923
H           -2.05720806511415       -0.06843652272078       -4.13476345964212
H           -4.32021233868198        0.10562489036729       -0.90626778330278
H           -3.77058754420471       -1.28356627756144       -2.71347588286865
H           -2.35777294308521       -1.79921590901041        0.46925089768431
H           -4.62531228898856       -2.46063296247999        0.25249345547109
H           -3.83470479473421        0.72688146035614        1.34834511748259
H           -3.47020951460814       -1.03394642330844        2.94069751071596
H            1.52085178081751        0.59861685126580        2.85716383320819
H            0.77748050164880        3.01361821883256        1.60464812993162
H            2.89120006995266        2.25126422745062        0.66014543310417
H            3.28412322052961        2.65521305547960        2.98402719377364
48
 energy: -84.846264609946 gnorm: 0.001903323983 xtb: 6.7.1 (edcfbbe)
C            5.62368464509859       -0.46686909538902       -0.03674015397212
O            4.74796381487694        0.61042346965324        0.28365541613669
C            3.56324783383848        0.23429829572218        0.88366288922975
O            2.73100507154135       -0.35752323111336       -0.09535315959988
C            1.46197310525348       -0.75222305709086        0.39403553411950
C            0.78005962850816       -1.54058189366381       -0.72295288838403
O            1.41599848180739       -2.76092252990268       -0.97804724635851
C            0.67696740822538        0.48258382671101        0.87657506942142
O           -0.59085980703194        0.09520995898597        1.38482940189845
C           -1.72360103459721        0.82290389310549        0.95265049451646
O           -1.74810343199025        1.17792743964910       -0.39405198514712
C           -2.20775642445669        0.24317053306675       -1.37250216714822
C           -2.52156355003659        1.08129223178438       -2.62736192125876
O           -2.87076124399529        0.27483231291087       -3.72423676484001
C           -3.44379143460203       -0.55731968471406       -0.93608784860856
O           -3.67732714703395       -1.63605716216125       -1.80524593027020
C           -3.22904914480225       -1.12384241788517        0.47058906230419
O           -4.36604021259603       -1.80640767362640        0.93417711779095
C           -2.96978631505967        0.05071014560847        1.41456729603447
O           -2.79084773436091       -0.34783480335391        2.74176065016489
C            1.48422780335575        1.21621480997620        1.95725408106186
O            0.87428767119831        2.41158521480244        2.37128286758445
C            2.92000186606062        1.49393658886303        1.47723391826126
O            3.72900561375740        1.91884671669488        2.53959665146630
H            5.17364534755717       -1.11753643943144       -0.78788939593699
H            5.86051418362495       -1.04332068816593        0.86178571616563
H            6.52125076654329       -0.00023335118727       -0.43147054919145
H            3.74116919243808       -0.49267804710233        1.70274955333306
H            1.59569353322353       -1.42245372170901        1.26019277256197
H            0.76049260465350       -0.91668709324456       -1.62503397471467
H           -0.23120515078501       -1.78985240677604       -0.40000531945782
H            2.33299230445684       -2.58686494928214       -1.23354563934378
H            0.52914492065628        1.15443132507082        0.01778686235417
H           -1.70979455028168        1.79648624511665        1.47482540221451
H           -1.41692320984050       -0.48063669626354       -1.60533973300783
H           -1.66340925244923        1.72308397789355       -2.84432411515925
H           -3.38324493994163        1.72012223691623       -2.41993764047026
H           -2.07382235404039       -0.08498871292067       -4.13844910908513
H           -4.32305317309363        0.10622128848073       -0.90382649391083
H           -3.78097200307996       -1.28725031231780       -2.70851736987651
H           -2.35620943209255       -1.79417912944540        0.47066320832626
H           -4.62385012662232       -2.45750206189282        0.26393725812077
H           -3.83110038107385        0.73665991947720        1.34089376816692
H           -3.46710766658209       -1.01590905961655        2.94273736075843
H            1.51458060764502        0.58607821932633        2.85233835126538
H            0.78631557260611        3.01467455955008        1.61743813301501
H            2.90215642608460        2.25180083383073        0.67706099846461
H            3.27379324168134        2.63617674433049        3.01012277441581
48
 energy: -84.846299699772 gnorm: 0.001846985196 xtb: 6.7.1 (edcfbbe)
C            5.62444037889131       -0.46476195433908       -0.03790086812550
O            4.74927647614749        0.61047824600079        0.29050071640199
C            3.56443751376541        0.23168032956402        0.88868900396724
O            2.73317486111336       -0.35737610269066       -0.09309346791200
C            1.46228107534101       -0.75255963577935        0.39202131480312
C            0.78406184093890       -1.53882803504882       -0.72910575844940
O            1.42465015215502       -2.75621699875882       -0.98697594387764
C            0.67754204132285        0.48277476455608        0.87424806161704
O           -0.59144401871862        0.09813959912238        1.38213414379711
C           -1.72260452000294        0.82669117763715        0.94800729580789
O           -1.74808358073332        1.17910173123384       -0.39950311540224
C           -2.20885907229181        0.24162525354934       -1.37491057212820
C           -2.52627089563218        1.07633981688750       -2.63109948824637
O           -2.87953730194129        0.26774455648289       -3.72502863222606
C           -3.44447424472369       -0.55798121247504       -0.93478405254932
O           -3.68010215475020       -1.63824316720419       -1.80138820636595
C           -3.22817308988932       -1.12081873221642        0.47318366584533
O           -4.36412434659452       -1.80282004758929        0.94003560624191
C           -2.96955648886605        0.05723323284869        1.41295243190301
O           -2.79092132316027       -0.33599903672156        2.74170285842102
C            1.48310787967614        1.21379425216209        1.95822410627670
O            0.87283742266332        2.40915687056616        2.37134847984021
C            2.92123937452736        1.48987405087780        1.48514510812197
O            3.72679303156564        1.90913093713456        2.55287164074411
H            5.17384827977836       -1.10964703669161       -0.79350046791701
H            5.86166288532239       -1.04771144384415        0.85625705998938
H            6.52183908622495        0.00477755344505       -0.42964951945925
H            3.74201736967479       -0.49805907905902        1.70547519946655
H            1.59292862702554       -1.42554151477256        1.25654636641129
H            0.76318293948016       -0.91270950907949       -1.62963148178183
H           -0.22692314377670       -1.79315999798821       -0.40878683985096
H            2.34116400600583       -2.57894735232674       -1.24181781223593
H            0.53176890540012        1.15611657915575        0.01590040743075
H           -1.70718720259794        1.80194817176792        1.46760161872646
H           -1.41796438311605       -0.48255836708001       -1.60691925310494
H           -1.66915909831434        1.71784474112173       -2.85275134888443
H           -3.38739358558102        1.71542526858433       -2.42182071277495
H           -2.08426064416786       -0.09517334814073       -4.13982013698558
H           -4.32320559594302        0.10629420300663       -0.90244010385128
H           -3.78525290656799       -1.29024520280013       -2.70490215091767
H           -2.35465183383182       -1.79029128042957        0.47472831752967
H           -4.62234778985920       -2.45605832890956        0.27206572285585
H           -3.83073486829745        0.74300660732228        1.33616545634176
H           -3.46703779437045       -1.00346661067625        2.94506640748167
H            1.50971448252752        0.58287499597293        2.85303070083799
H            0.79242543008987        3.01524275855883        1.61905066865550
H            2.90897802985234        2.25125679669260        0.68813475622558
H            3.26688971871062        2.62061806952761        3.02822602040293
48
 energy: -84.846346233060 gnorm: 0.001210060515 xtb: 6.7.1 (edcfbbe)
C            5.62500521430707       -0.46186329617942       -0.03990316207894
O            4.74972821357564        0.60956835210252        0.29978687196843
C            3.56465393976690        0.22685583030971        0.89488743675829
O            2.73428294961131       -0.35612621886806       -0.09132323291810
C            1.46118110837925       -0.75277798338624        0.38842046932437
C            0.79055209233815       -1.53561599441842       -0.74022746139905
O            1.44030416046196       -2.74828573447548       -1.00075518890525
C            0.67680983886470        0.48234413172849        0.87059797343640
O           -0.59323976658616        0.10124048943581        1.37897568149003
C           -1.72199975021148        0.83167469001250        0.94283497431775
O           -1.74678592634005        1.17950642919413       -0.40574100547485
C           -2.20961142135406        0.23882309419221       -1.37725137235829
C           -2.53141180735473        1.06991801044425       -2.63468867705610
O           -2.89193973868069        0.25934193273930       -3.72450755847054
C           -3.44444423161540       -0.55964981639794       -0.93207892645809
O           -3.68187677255739       -1.64257903552909       -1.79469293431986
C           -3.22701866126922       -1.11640501298075        0.47809663292578
O           -4.36152788380643       -1.79828631368753        0.94856567535763
C           -2.97063705186230        0.06717501624947        1.41155056601390
O           -2.79355484140837       -0.31767772921083        2.74274516885288
C            1.48031579462207        1.21117761861100        1.95842114960093
O            0.87034164114070        2.40949856958603        2.36591181833972
C            2.92238565443673        1.48280976954185        1.49663398912192
O            3.72293042191274        1.89228202612216        2.57258657709781
H            5.17553145545481       -1.09792800796381       -0.80359727543009
H            5.86187798457112       -1.05515968997405        0.84746487241313
H            6.52247269206068        0.01292181549703       -0.42541256952578
H            3.74080995753342       -0.50806110203592        1.70716250323210
H            1.58796040224306       -1.42946965672028        1.25002792184011
H            0.77113651185357       -0.90565395548114       -1.63804895376158
H           -0.22069069889558       -1.79863187730423       -0.42752458977395
H            2.35710740859788       -2.56448349103347       -1.24989552047786
H            0.53335533610782        1.15767155385668        0.01363456841024
H           -1.70345070723782        1.80916220955586        1.45796750321345
H           -1.41890072600504       -0.48571732005115       -1.60883502879305
H           -1.67454957087156        1.70949589238134       -2.86270895364605
H           -3.39032585262305        1.71100610990706       -2.42220974344582
H           -2.09957865916839       -0.10952461717538       -4.13982711030672
H           -4.32277036720821        0.10524296360460       -0.90083992313365
H           -3.78892086699538       -1.29617435531566       -2.69874931547057
H           -2.35183420062017       -1.78365458466478        0.48368528632750
H           -4.61927528024132       -2.45501882238459        0.28392542411930
H           -3.83130677933656        0.75278494912383        1.32930886723168
H           -3.46986310817504       -0.98380744834707        2.94968802149481
H            1.49828233275944        0.58192484338660        2.85488339895460
H            0.80329545135835        3.01687716266249        1.61322301239811
H            2.91955043256301        2.24979754235585        0.70477312267950
H            3.25563560067462        2.59344762992998        3.05654221901638
48
 energy: -84.846373498918 gnorm: 0.000959893480 xtb: 6.7.1 (edcfbbe)
C            5.62554485275519       -0.45988513609792       -0.04168016324043
O            4.75082945220389        0.60856629342682        0.30835500427341
C            3.56515687621180        0.22230394647934        0.89992829685827
O            2.73532383925851       -0.35359517580105       -0.09068870923440
C            1.46051027112950       -0.75120315323182        0.38460369987289
C            0.79595933532077       -1.52994000129549       -0.75067440600812
O            1.45312103950356       -2.73828078456016       -1.01579190348273
C            0.67624008939402        0.48340740816494        0.86687536452539
O           -0.59423037303111        0.10431767457869        1.37584456065549
C           -1.72162867621253        0.83563893504747        0.93787688556225
O           -1.74458589160693        1.17858513335692       -0.41186157204044
C           -2.21096755865858        0.23535604053734       -1.37963796176267
C           -2.53605274030134        1.06321454954943       -2.63835448313733
O           -2.90376506295102        0.25013475463476       -3.72383490190355
C           -3.44485242084781       -0.56211424569635       -0.92956568778060
O           -3.68258894327731       -1.64854567468347       -1.78769320503565
C           -3.22635439732930       -1.11264063389721        0.48285109459215
O           -4.35943722738311       -1.79461232147113        0.95656400790094
C           -2.97175638171829        0.07624965159826        1.40994760702923
O           -2.79713344748456       -0.30005314263246        2.74381917631938
C            1.47806314359802        1.20901527528558        1.95903825366319
O            0.86995134636517        2.41058674657162        2.36275253521607
C            2.92400902736690        1.47571217343922        1.50817294568557
O            3.71974196696203        1.87374787345820        2.59231452426255
H            5.17729068975776       -1.08668046429946       -0.81388655340851
H            5.86013210072291       -1.06375827216248        0.83915040053080
H            6.52418633879112        0.01872174744581       -0.41984274043917
H            3.73972557084133       -0.51803201672934        1.70750049468931
H            1.58434495863134       -1.43065574945568        1.24403032967964
H            0.77795228643014       -0.89472601121703       -1.64488140861883
H           -0.21529132449329       -1.80002675494949       -0.44442641279434
H            2.37062122650078       -2.54773773756810       -1.25760541423588
H            0.53452676815833        1.16077324277218        0.01155097230364
H           -1.70047738650543        1.81514014537007        1.44891482058842
H           -1.42107098361046       -0.48984964054285       -1.61186610884227
H           -1.67835140354932        1.69963223922829       -2.87228400971749
H           -3.39211107577043        1.70742402059493       -2.42390236773378
H           -2.11426220636660       -0.12417258474262       -4.13982668013493
H           -4.32353280213219        0.10243993081066       -0.90034377302677
H           -3.79271805174213       -1.30501431117833       -2.69256014770783
H           -2.34951576591711       -1.77765611087212        0.49219455654816
H           -4.61653426594761       -2.45451178515615        0.29483200615625
H           -3.83149905854130        0.76226352361667        1.32194356937265
H           -3.47423551516055       -0.96434325002333        2.95402355988910
H            1.48654790848291        0.57962636164149        2.85586286519131
H            0.81497749392970        3.01942145275956        1.60997627731258
H            2.93008679035953        2.24894510405101        0.72222321961917
H            3.24810151287985        2.56680730264081        3.08354478428334
48
 energy: -84.846387336423 gnorm: 0.000780187731 xtb: 6.7.1 (edcfbbe)
C            5.62609449382541       -0.45898447083810       -0.04241538199009
O            4.75236963332827        0.60795886536918        0.31432177865519
C            3.56590592528488        0.21950080103495        0.90290760417045
O            2.73658107883100       -0.35092860420370       -0.09093936773775
C            1.46075518090637       -0.74902403248062        0.38134330672893
C            0.79906261254008       -1.52415532807781       -0.75795902465273
O            1.46025682855598       -2.72935819564508       -1.02788626824768
C            0.67605718158384        0.48477047201506        0.86415123967402
O           -0.59449221414551        0.10619139959672        1.37343689002570
C           -1.72163143102420        0.83768050854082        0.93465055977837
O           -1.74347479624877        1.17756014461554       -0.41572099411886
C           -2.21240017530597        0.23272349234544       -1.38100467241941
C           -2.53899786111240        1.05816928896633       -2.64089355920928
O           -2.91139725954877        0.24290861166805       -3.72312805018243
C           -3.44544232172864       -0.56436155156018       -0.92786093466221
O           -3.68198493592557       -1.65386740576258       -1.78246646292759
C           -3.22657565483759       -1.11047703958436        0.48616706872844
O           -4.35894353305881       -1.79205351344559        0.96203844747745
C           -2.97274614821467        0.08196352529317        1.40864132061877
O           -2.80033038921128       -0.28832486252387        2.74440497052179
C            1.47690836754797        1.20781682733569        1.95908142143770
O            0.87084816618880        2.41139104890904        2.36095049927514
C            2.92580769407283        1.47089086013913        1.51648029438965
O            3.71809329928766        1.85915538272316        2.60663375332600
H            5.17885070773564       -1.07844859601973       -0.82108777194241
H            5.85740166525422       -1.07071633828208        0.83375901798640
H            6.52652333813458        0.02119488055345       -0.41424217235533
H            3.73919590168842       -0.52483391960175        1.70700239121922
H            1.58273160908801       -1.42997613126184        1.23966035599514
H            0.78110289383187       -0.88467115610208       -1.64914250545288
H           -0.21184136160827       -1.79841724850339       -0.45483294779699
H            2.37848426109255       -2.53406802973642       -1.26315484764246
H            0.53506851628721        1.16330542168037        0.00998909786864
H           -1.69861247437002        1.81818610613872        1.44351481153691
H           -1.42319876692637       -0.49308215387221       -1.61351329500488
H           -1.68017430484611        1.69158534604939       -2.87878479654205
H           -3.39277461618566        1.70520523092754       -2.42616934093412
H           -2.12377073428726       -0.13468459096970       -4.13963721878008
H           -4.32495110514327        0.09915291307082       -0.90091139544863
H           -3.79562411685004       -1.31316021458297       -2.68793173508873
H           -2.34891741569449       -1.77435320330555        0.49783512898448
H           -4.61561508623845       -2.45398227062933        0.30216662062115
H           -3.83149080737090        0.76867934718246        1.31645490241483
H           -3.47864351957117       -0.95071677514821        2.95668391332483
H            1.47827776083993        0.57767884610564        2.85532925596156
H            0.82327117963592        3.02118592797334        1.60856803418732
H            2.93843272683815        2.24894291503355        0.73542112221927
H            3.24594193222846        2.54884403759379        3.10157213795240
48
 energy: -84.846396046585 gnorm: 0.000586848077 xtb: 6.7.1 (edcfbbe)
C            5.62666065694262       -0.45885848337123       -0.04232057086702
O            4.75409283647695        0.60749402775123        0.31880421264463
C            3.56657973232734        0.21774087958755        0.90455224243246
O            2.73763281334362       -0.34804951938296       -0.09193504299239
C            1.46128487248367       -0.74656393028539        0.37824491383377
C            0.80078565198686       -1.51874139106445       -0.76346356624206
O            1.46421498901071       -2.72143322537857       -1.03883678907165
C            0.67634681191189        0.48674468315202        0.86174348368825
O           -0.59393274530557        0.10766218865141        1.37149033207100
C           -1.72155449487506        0.83877735709871        0.93246533122185
O           -1.74326511823063        1.17686167865401       -0.41824395897244
C           -2.21367408545450        0.23056911159539       -1.38164146015515
C           -2.54067307595556        1.05387306957008       -2.64279235519171
O           -2.91619984585545        0.23664111374408       -3.72249936354724
C           -3.44612345047711       -0.56657245327637       -0.92679708919864
O           -3.68065158925489       -1.65884730864373       -1.77855683577141
C           -3.22734037465021       -1.10916096713478        0.48861374142876
O           -4.35972437919923       -1.78959683899124        0.96599532319237
C           -2.97325083204985        0.08554560425556        1.40779085841698
O           -2.80291558006227       -0.28046319365655        2.74496622114263
C            1.47622560710883        1.20740128400713        1.95919331656455
O            0.87196178198731        2.41211733656114        2.36052051790961
C            2.92747232520979        1.46749005711615        1.52256063297311
O            3.71717479901758        1.84683943108320        2.61746058451451
H            5.18066982792468       -1.07186368912368       -0.82681062961685
H            5.85367072758378       -1.07714803455994        0.83034230065012
H            6.52946916261835        0.02172300011397       -0.40780719882385
H            3.73858217739859       -0.52972633513664        1.70601217434930
H            1.58223429150685       -1.42879961018396        1.23570054353164
H            0.78140009099355       -0.87532497715842       -1.65188986272461
H           -0.20947224340588       -1.79575387057469       -0.46097468617232
H            2.38315424724452       -2.52273834067697       -1.26839786272209
H            0.53522235706224        1.16627333863731        0.00853787394631
H           -1.69742949294500        1.81981933888553        1.44028907171683
H           -1.42487600032470       -0.49564887680985       -1.61397166765198
H           -1.68076067678313        1.68476411971605       -2.88340636477861
H           -3.39274352149516        1.70322141178263       -2.42851651217149
H           -2.12981064412758       -0.14290084959174       -4.13950107093528
H           -4.32662885038358        0.09565815166950       -0.90220780712632
H           -3.79786399743198       -1.32080312363642       -2.68446736560783
H           -2.34965799673756       -1.77295390433306        0.50186019721336
H           -4.61624427474007       -2.45305161990940        0.30756754818081
H           -3.83104396708438        0.77305519239753        1.31235792466986
H           -3.48288722270696       -0.94073767123552        2.95860337491702
H            1.47258212773599        0.57589419268194        2.85445866468849
H            0.82883900836182        3.02298389330997        1.60884337850097
H            2.94529972650556        2.24976939056797        0.74591210246349
H            3.24715976201787        2.53681493020549        3.11363439514378
48
 energy: -84.846401201398 gnorm: 0.000441893570 xtb: 6.7.1 (edcfbbe)
C            5.62732184339661       -0.45903979412002       -0.04160264929632
O            4.75579552047835        0.60714804667399        0.32246390053258
C            3.56709369743078        0.21673189479260        0.90547711424136
O            2.73870577239824       -0.34527755567759       -0.09339059188971
C            1.46199923421325       -0.74434438779163        0.37517215642333
C            0.80165338868951       -1.51402790926569       -0.76818180977826
O            1.46696754778477       -2.71428093205580       -1.04859081587594
C            0.67643642858723        0.48803693593318        0.85989186847246
O           -0.59379564270966        0.10845489370663        1.36991818451588
C           -1.72186652069500        0.83938962196961        0.93118551055308
O           -1.74418276972727        1.17683557289825       -0.41959354841037
C           -2.21452789617788        0.22900578451492       -1.38165017374013
C           -2.54138549280031        1.05027453320205       -2.64415188876149
O           -2.91870621012707        0.23129948868933       -3.72192430954819
C           -3.44659443724695       -0.56840380072301       -0.92587741243118
O           -3.67885000411824       -1.66294975365816       -1.77541908380290
C           -3.22861169151477       -1.10844908152145        0.49062793445391
O           -4.36175516655263       -1.78694184696333        0.96903974836287
C           -2.97395472120151        0.08785714229830        1.40740416234230
O           -2.80490668416134       -0.27543387673916        2.74542679515046
C            1.47583490099870        1.20726026253052        1.95863118916214
O            0.87267736799806        2.41250031276823        2.35946329192588
C            2.92917452544738        1.46523943651948        1.52721625341071
O            3.71694689210651        1.83674673635597        2.62605195559261
H            5.18306909457857       -1.06621580937048       -0.83155285062451
H            5.84931304068363       -1.08311608722593        0.82820608770119
H            6.53282327865467        0.02143831822999       -0.40053566219516
H            3.73762175625637       -0.53329897638352        1.70487773135625
H            1.58226238112972       -1.42753103387346        1.23198585882158
H            0.77983825923828       -0.86766637805356       -1.65446042757375
H           -0.20773014235848       -1.79376416609117       -0.46516327534760
H            2.38642057507736       -2.51297644663802       -1.27381221771898
H            0.53508486210660        1.16827861120188        0.00739833289177
H           -1.69682271327095        1.82058821998365        1.43878377749166
H           -1.42567206632162       -0.49742166657291       -1.61285465669827
H           -1.68063853625850        1.67927813867691       -2.88661687812240
H           -3.39232896251983        1.70134834011197       -2.43073753829546
H           -2.13305036319439       -0.14952048878838       -4.13909628408822
H           -4.32799978411248        0.09262826296868       -0.90358922578037
H           -3.79901741094807       -1.32709402834656       -2.68164130153821
H           -2.35152449500649       -1.77302396290660        0.50510835372095
H           -4.61826772670976       -2.45181359999532        0.31202089545936
H           -3.83091291031291        0.77617310296802        1.30983224258149
H           -3.48667424091282       -0.93352272403686        2.96016731602638
H            1.46860782752322        0.57492010409818        2.85317744255110
H            0.83229783201091        3.02425848436379        1.60841464239842
H            2.95136421584158        2.25095762040055        0.75431596524236
H            3.25045827158434        2.52946100957019        3.12166709161478
48
 energy: -84.846403854699 gnorm: 0.000359464245 xtb: 6.7.1 (edcfbbe)
C            5.62777336146463       -0.45947952999722       -0.04061190359349
O            4.75676325525241        0.60670308768308        0.32471780100487
C            3.56710221136658        0.21621126752244        0.90578932865216
O            2.73895278470408       -0.34323547186987       -0.09463981610925
C            1.46217602247814       -0.74298884273736        0.37298795511690
C            0.80210609576804       -1.51147238847707       -0.77124468893983
O            1.46903703082268       -2.70979200338768       -1.05559560863663
C            0.67663510704369        0.48917003912945        0.85846578938853
O           -0.59333915360409        0.10902537060154        1.36895848612099
C           -1.72190962007878        0.83968937288161        0.93089134771953
O           -1.74544931431230        1.17733142065127       -0.41981888083041
C           -2.21492602946948        0.22819812208298       -1.38113353608098
C           -2.54124858102763        1.04782432184901       -2.64481582264735
O           -2.91890185210026        0.22766628570212       -3.72156371085466
C           -3.44693996932226       -0.56948917381008       -0.92542667604847
O           -3.67763593119046       -1.66531800773239       -1.77381468951154
C           -3.22988484822777       -1.10793819377800        0.49185379463027
O           -4.36415469155954       -1.78441555939814        0.97055281417051
C           -2.97410841237265        0.08876792187139        1.40770072385406
O           -2.80541293136133       -0.27349868882217        2.74604075864143
C            1.47535639104551        1.20751944262571        1.95839449009915
O            0.87252321530498        2.41299793811987        2.35858337875335
C            2.92988120396096        1.46401852533797        1.52957096323351
O            3.71654304502019        1.83045485151103        2.63078565161347
H            5.18537551498704       -1.06247734581898       -0.83474498524149
H            5.84540755668698       -1.08758833069943        0.82736094881404
H            6.53550475780353        0.02078346309037       -0.39413891177695
H            3.73634056967682       -0.53545335611502        1.70396603815107
H            1.58239227578300       -1.42715636427027        1.22908327072258
H            0.77781646519678       -0.86299885098989       -1.65598906239879
H           -0.20638067984722       -1.79356305506334       -0.46729110830643
H            2.38855737819019       -2.50661828740367       -1.27881149472451
H            0.53473800500693        1.17000468616253        0.00648337318081
H           -1.69653678968391        1.82090154778731        1.43861344625454
H           -1.42571213830237       -0.49816603110559       -1.61100035102656
H           -1.68013863239972        1.67601065542897       -2.88805206941810
H           -3.39183222803223        1.69965506196641       -2.43231692685646
H           -2.13341973236781       -0.15380139642264       -4.13846703038766
H           -4.32877753452610        0.09095224241515       -0.90467745712325
H           -3.79909253212011       -1.33069730235984       -2.68024624198340
H           -2.35371917920306       -1.77366468035404        0.50725753927673
H           -4.62063177373076       -2.45047890063136        0.31473375521600
H           -3.83069976498753        0.77744224915139        1.30936414539900
H           -3.48859277801073       -0.92987215862524        2.96161207441534
H            1.46644205054960        0.57485029417427        2.85273575120556
H            0.83330782261681        3.02501948455475        1.60772077825605
H            2.95487491520524        2.25190680441124        0.75910251733985
H            3.25382998716071        2.52705603172604        3.12455725268011
