48
 energy: -84.830115304334 gnorm: 0.096136196579 xtb: 6.7.1 (edcfbbe)
C            5.56382659986924       -0.05228728484125       -0.98268079554166
O            4.84882563140921        0.86485479042389       -0.16502141623601
C            3.60243676611402        0.43147647873948        0.23484789676293
O            2.73687243174890        0.44658309335866       -0.88060327880551
C            1.41854388982845       -0.00304447648767       -0.63346945740133
C            0.71665604848976        0.08399251690938       -1.99726791717191
O            1.07602663388470       -0.97427097053042       -2.84098178141202
C            0.71315140171821        0.83017669428051        0.45627291655008
O           -0.43974082666715        0.14355612832577        0.93384082423915
C           -1.68542886765756        0.76455736598549        0.80838302442955
O           -2.25439665065944        0.64136851068690       -0.46521200593352
C           -2.64980328365039       -0.68017846824152       -0.84738285758997
C           -3.41298863987003       -0.53472684081229       -2.17397804747155
O           -2.63938203409182        0.04516930828749       -3.18678050140272
C           -3.53339975724958       -1.36803377897585        0.20374109575656
O           -3.81361732955050       -2.70085632142857       -0.13428921442350
C           -2.87844283663357       -1.27326642518880        1.58875003597891
O           -3.71593898807695       -1.79681729912923        2.59098589897284
C           -2.62042169366169        0.20299079769505        1.89179856179060
O           -2.04908668201467        0.41039444653095        3.14904657623895
C            1.63102739723800        1.04161818435670        1.67838884310742
O            1.12438406657112        2.00224593442206        2.56852054419054
C            3.08075092558934        1.39189293724834        1.30638943049423
O            3.90502423077923        1.29773719948498        2.43581935460365
H            5.07036120885993       -0.17719425332034       -1.94890140598731
H            5.65163206273954       -1.02343387307854       -0.48479856110529
H            6.54910657763346        0.38628176529268       -1.11971091532621
H            3.64832612568320       -0.59597436616825        0.65580535375923
H            1.43854476820233       -1.05024271043748       -0.28980812828232
H            0.97748986657810        1.05192835876298       -2.44272365731059
H           -0.36192494776709        0.02733605291418       -1.87788130059997
H            2.02203470595954       -0.91497609074996       -3.02299577716516
H            0.42816710684527        1.80432211258900        0.03569667803872
H           -1.58680337117407        1.85059236381073        0.95728945491725
H           -1.74991914171096       -1.29585017976740       -1.00035961773084
H           -4.31730597023646        0.05858783394909       -1.98600802919076
H           -3.70345161529227       -1.52522704815905       -2.52843815654409
H           -2.40854795352420        0.94202422669132       -2.91305533508903
H           -4.50953840898414       -0.87036971528443        0.24858411608077
H           -2.98814921878190       -3.18601306386700       -0.27400646838983
H           -1.91181057297888       -1.80316245383040        1.58614197671230
H           -4.14465006033526       -2.59169698430064        2.24232295908693
H           -3.57912657168027        0.74500458214662        1.81408219180324
H           -2.51123841172194       -0.16400908575753        3.77756641114079
H            1.63458672494359        0.10470364353195        2.24777673759556
H            1.04112020069439        2.85539994448829        2.12055036715354
H            3.12558138109758        2.40702335766142        0.87751237626074
H            3.46063500762732        1.74980927621209        3.16972394179817
48
 energy: -84.835726122562 gnorm: 0.013651923365 xtb: 6.7.1 (edcfbbe)
C            5.56321591281163       -0.05177905013051       -0.98145931580970
O            4.84880499848564        0.86476361439147       -0.16234186891891
C            3.60199381350976        0.43176133459617        0.23702412100022
O            2.73700514044084        0.45339670812767       -0.87911252090259
C            1.41717400302662        0.00737987929290       -0.63501265613682
C            0.71511151712447        0.09213514899981       -1.99839588035901
O            1.07448145237252       -0.96863464301024       -2.83970403462590
C            0.72211143118433        0.82487348995086        0.47546643294813
O           -0.44940905534629        0.12756264200534        0.88845760712429
C           -1.67980367999237        0.78154244576527        0.78671578801109
O           -2.28690260762216        0.63119467990578       -0.46521362666768
C           -2.66224050437319       -0.69205360368158       -0.84786233087992
C           -3.42016740445140       -0.54213445088103       -2.17646555166687
O           -2.64287258065953        0.04106531527723       -3.18512607570780
C           -3.53979277373506       -1.37531132430055        0.20687002109956
O           -3.81674204764049       -2.70963272462251       -0.12649382802487
C           -2.87514646679304       -1.26712119847311        1.58614841461410
O           -3.70972072170505       -1.78739038004135        2.59283650837475
C           -2.60872910367150        0.21203735016660        1.87987380528272
O           -2.03619180185503        0.41601413005523        3.13729301625046
C            1.63476434002797        1.03253010875266        1.69603281326429
O            1.12627589593708        1.99645520153079        2.58142601311475
C            3.08114985156765        1.38820852677147        1.31323969484312
O            3.90949106055340        1.29676818573107        2.43951643731940
H            5.06941625091873       -0.17686465165396       -1.94728362991154
H            5.65215520111124       -1.02277796271260       -0.48422572675032
H            6.54793759919004        0.38693625105538       -1.11964524353545
H            3.64727308589062       -0.59722276677358        0.65424436183342
H            1.43706527048620       -1.04247543974469       -0.29757125360126
H            0.97593136731943        1.05925206574028       -2.44547008056995
H           -0.36354915730008        0.03419023421075       -1.87835125894159
H            2.02089061943850       -0.91067748707114       -3.02170716061181
H            0.44199901279261        1.80326974286391        0.05960647958470
H           -1.57382168084899        1.86583091372606        0.93550279193082
H           -1.75594178558633       -1.29868965158973       -1.00068266559439
H           -4.32393426029261        0.05195126004941       -1.98888887486289
H           -3.70870637764139       -1.53157977794774       -2.53403281475966
H           -2.41253155845246        0.93743055748845       -2.90894143452160
H           -4.51588251875648       -0.87774926939962        0.25203374346455
H           -2.98979689281515       -3.19087357815458       -0.27114419560125
H           -1.91000910636657       -1.79981804145809        1.58211744439147
H           -4.14007799813924       -2.58342103157185        2.24778140155415
H           -3.56946063044545        0.75198026409483        1.80939198109610
H           -2.50076048972176       -0.15697053920247        3.76600861626392
H            1.63880732679056        0.09545824791598        2.26368216477838
H            1.04191322502219        2.84774886049945        2.12914436579878
H            3.12201446764263        2.40370105944802        0.88402585276177
H            3.46520628670508        1.74773556783082        3.17417509300197
48
 energy: -84.836229872472 gnorm: 0.003525863826 xtb: 6.7.1 (edcfbbe)
C            5.56454366123269       -0.05002437146372       -0.97805210848699
O            4.85100771943005        0.86454276407653       -0.15583270800965
C            3.60302354426396        0.43050270825061        0.23849522697957
O            2.74253673821979        0.46058506050109       -0.88079513010518
C            1.42270470194681        0.01425290225132       -0.63883045924828
C            0.71470142193106        0.10687857716813       -1.99776017536323
O            1.07067115544562       -0.95522285304138       -2.83870202976375
C            0.72564026295006        0.82224443511223        0.47783993315790
O           -0.45165166457383        0.12112148651285        0.86899257846259
C           -1.68022827735860        0.77909995408223        0.77004877188653
O           -2.29858356763080        0.62750386187553       -0.47664549839787
C           -2.66945564416746       -0.69735704201923       -0.85257471376153
C           -3.42829647279594       -0.55236110543192       -2.18103092769693
O           -2.64935215166822        0.03221930971671       -3.18745234806139
C           -3.54236650169503       -1.37827376398093        0.20753447798296
O           -3.81940209263839       -2.71615457361412       -0.11272733592196
C           -2.87216485414684       -1.25896583353255        1.58371653022842
O           -3.70138248054553       -1.77182879405112        2.59902192685141
C           -2.60657150616876        0.22187636365909        1.87395500899653
O           -2.02560758638276        0.42677327775995        3.12780735526879
C            1.63252996639093        1.01875804109309        1.70348692345572
O            1.12670506870378        1.98075147496160        2.59285892018256
C            3.07858692997274        1.37957991241803        1.32011896313529
O            3.91094235248278        1.28929729881644        2.44373506308340
H            5.06925517640264       -0.17364879745590       -1.94330174656187
H            5.65439073737759       -1.02187453169216       -0.48286382765815
H            6.54869708346331        0.38932835999416       -1.11717849423028
H            3.64630217333600       -0.60142068480899        0.64870557201416
H            1.44192152088489       -1.03867876767532       -0.30866569687917
H            0.97529682498122        1.07337453267803       -2.44643075904608
H           -0.36389698483418        0.04886584040169       -1.87426039607954
H            2.01718496040170       -0.90013412909638       -3.02177001622884
H            0.45168742742919        1.80776530893805        0.07235674838574
H           -1.56748389478332        1.86189345477023        0.91037995279254
H           -1.76161306149873       -1.30198515923204       -1.00282848598549
H           -4.33198387178488        0.04180256656441       -1.99404457022564
H           -3.71610304033634       -1.54162201927883       -2.53963413389989
H           -2.42021965977634        0.92839822384924       -2.90933696489793
H           -4.51918638521773       -0.88231799737896        0.25493107840009
H           -2.99244645985505       -3.19585824399684       -0.26234566992630
H           -1.90702920725253       -1.79194839645200        1.57861375019870
H           -4.13392880188234       -2.56945034145975        2.26033217174894
H           -3.56646090575494        0.76370972460020        1.80509967565149
H           -2.48866828275902       -0.14323537630318        3.76007358599442
H            1.64096808948947        0.08150920114027        2.27100937511368
H            1.04258599897002        2.83353595162154        2.14321594562214
H            3.11385458760777        2.39674609111827        0.89425998635818
H            3.46834317825364        1.73944231103363        3.17995761444386
48
 energy: -84.836473123803 gnorm: 0.005823268434 xtb: 6.7.1 (edcfbbe)
C            5.56721878197570       -0.04772746651836       -0.97287459507934
O            4.85428624376192        0.86389716264215       -0.14680017807571
C            3.60414866067907        0.42899977154470        0.23977367985464
O            2.74778988924703        0.46970467279178       -0.88238325685419
C            1.42845275634031        0.02188833699651       -0.64330339621185
C            0.71550798254555        0.12241294888305       -1.99842638376806
O            1.06522057854338       -0.93828696470093       -2.84410800306019
C            0.72767797193630        0.82108293627343        0.47690266413534
O           -0.45167258076088        0.11843454989224        0.85806816289169
C           -1.67967598291273        0.77723835805909        0.75474736494213
O           -2.30195703822999        0.62343759198741       -0.49020945262897
C           -2.67477081318841       -0.70300918883746       -0.85729952520336
C           -3.43696662156683       -0.56510998925507       -2.18495296077137
O           -2.65989958862947        0.02015130942192       -3.19239947367955
C           -3.54450527372050       -1.37856477955710        0.21012531441902
O           -3.82142288443074       -2.71979357012954       -0.09722045879594
C           -2.87037852159989       -1.25022817127217        1.58401189336797
O           -3.69454649760286       -1.75662243755062        2.60726525907713
C           -2.60419969795615        0.23213354109838        1.86590335936624
O           -2.01530305906020        0.44220937586917        3.11502245886832
C            1.63012980708928        1.00350168949487        1.70830306920805
O            1.12597866113473        1.95858698283459        2.60651338442793
C            3.07639400977576        1.36977028797196        1.32727573031715
O            3.91087503438815        1.27703742308273        2.44907272234481
H            5.06993907395475       -0.16914165965656       -1.93740786966514
H            5.65847482361321       -1.02079511097913       -0.48036284769889
H            6.55063825527684        0.39277766199418       -1.11286995383002
H            3.64405994710733       -0.60664709036710        0.64116285603807
H            1.44772856751340       -1.03374474767435       -0.32090508187062
H            0.97585041933495        1.08952289740269       -2.44588606403325
H           -0.36278621217477        0.06612601398270       -1.86987137704133
H            2.01191769334868       -0.88712722832077       -3.02761917357100
H            0.45952847042383        1.81322570259109        0.08266597975327
H           -1.56087346478255        1.86029050997856        0.88298067745504
H           -1.76717494365232       -1.30808105768280       -1.00627855181056
H           -4.34164700507904        0.02765021236618       -1.99826487113304
H           -3.72377897426157       -1.55490030113201       -2.54277045512008
H           -2.43159712966498        0.91628749889014       -2.91331018209497
H           -4.52219295608853       -0.88410846477847        0.25778729421888
H           -2.99483097409537       -3.19879160260583       -0.25100889027460
H           -1.90452115253031       -1.78185342636970        1.57829774915573
H           -4.12788836054790       -2.55666592519987        2.27559686515867
H           -3.56262065196951        0.77563345708553        1.79730969926879
H           -2.47488022539796       -0.12500995605240        3.75206714741162
H            1.64045932246454        0.06327239261393        2.27095265701255
H            1.04131704314269        2.81499804058836        2.16396114761665
H            3.10616716058455        2.38960070902213        0.90716221040895
H            3.47032738164938        1.72633331529652        3.18708659454444
48
 energy: -84.836687463190 gnorm: 0.004491544920 xtb: 6.7.1 (edcfbbe)
C            5.57172054725022       -0.04518327986003       -0.96521750451471
O            4.85880218362307        0.86285358296942       -0.13517208577242
C            3.60559085376227        0.42788592659183        0.24137145241011
O            2.75294979005164        0.48083773055482       -0.88341741526893
C            1.43459249540070        0.02974324087722       -0.64850458619946
C            0.71696683032043        0.13890489419571       -2.00031528735071
O            1.05789331440724       -0.91853101583036       -2.85418701696102
C            0.72977638475449        0.82147277528938        0.47339713436131
O           -0.45081892889302        0.11972093405447        0.84848946415179
C           -1.67944104065652        0.77685403724745        0.73907165565069
O           -2.30053743173076        0.61867562115760       -0.50634287370015
C           -2.67930608555924       -0.70977154417100       -0.86249599753587
C           -3.44824870590006       -0.58029232915673       -2.18766808069553
O           -2.67748112032659        0.00560880623231       -3.19973852700883
C           -3.54566758515515       -1.37777946152678        0.21399915881434
O           -3.82242311347678       -2.72208980225206       -0.08082115034086
C           -2.86769375679719       -1.23953715599093        1.58530189194056
O           -3.68674608430506       -1.73987535988476        2.61582958351462
C           -2.60164584458190        0.24447438607989        1.85603383913051
O           -2.00499820251456        0.46396981721792        3.09956015972139
C            1.62859739475355        0.98632833004722        1.71112621863851
O            1.12422393100164        1.92882071009189        2.62297581494398
C            3.07519018569097        1.35911126300505        1.33561808720235
O            3.90977427074414        1.26049514504394        2.45649173776086
H            5.07211724024352       -0.16463601108408       -1.92879605983143
H            5.66540676373610       -1.01937808127047       -0.47530613984219
H            6.55404141097379        0.39727235237907       -1.10630629855593
H            3.64076703970375       -0.61198419508978        0.63244773058217
H            1.45484637762844       -1.02799282393229       -0.33323792430012
H            0.97725754574973        1.10748259222791       -2.44476125990926
H           -0.36089679680221        0.08558547920145       -1.86513269684930
H            2.00469998837774       -0.87219769601211       -3.03840335001249
H            0.46785967175508        1.81948529667423        0.09038156941215
H           -1.55653370513916        1.86118483034042        0.85385326985550
H           -1.77330810563993       -1.31698615701802       -1.01223781641918
H           -4.35517109542453        0.00896705131278       -1.99993190741314
H           -3.73263046308848       -1.57189172595888       -2.54231587723342
H           -2.44906230758051        0.90171539798720       -2.92065611381583
H           -4.52405387766578       -0.88447393800127        0.26061159633068
H           -2.99648495603598       -3.20096409485921       -0.23816785215129
H           -1.90079513495320       -1.76911949063858        1.57940664992681
H           -4.11913899538209       -2.54355518592386        2.29217493840915
H           -3.55902922632295        0.78870649966405        1.78711114774546
H           -2.45793271028753       -0.10139982632334        3.74276682156864
H            1.63837148312778        0.03943633683496        2.26256837468104
H            1.03733760376088        2.79111756246261        2.19235434331264
H            3.10007211347766        2.38233680854060        0.92325054546017
H            3.47118777967165        1.70858797742022        3.19642357382569
48
 energy: -84.836865032491 gnorm: 0.002642164866 xtb: 6.7.1 (edcfbbe)
C            5.57788434411178       -0.04233291069412       -0.95668202915819
O            4.86366663784655        0.86178177277134       -0.12351710570512
C            3.60742027696823        0.42723613659687        0.24297040185579
O            2.75750921511397        0.49226990537325       -0.88378018928462
C            1.44009548356659        0.03682316250145       -0.65407719405128
C            0.71910860209872        0.15446582287533       -2.00371707314710
O            1.05098191885983       -0.89833350333773       -2.86713286348026
C            0.73163688993375        0.82342524370825        0.46817007267909
O           -0.45019800303987        0.12473552505067        0.83966586049690
C           -1.67988607530533        0.77936046524383        0.72468596202637
O           -2.29622299011411        0.61445172139458       -0.52250841028046
C           -2.68256580118963       -0.71632433828342       -0.86721542245536
C           -3.46081489231155       -0.59630610414667       -2.18828373889672
O           -2.70027628684747       -0.01070434637772       -3.20851610933876
C           -3.54497597667762       -1.37604221320712        0.21858680858648
O           -3.82159472990019       -2.72272219412381       -0.06551832965941
C           -2.86429667327378       -1.22809234827955        1.58751238581521
O           -3.67950845305454       -1.72296568685450        2.62338438304011
C           -2.59969856873148        0.25777370447475        1.84554563551249
O           -1.99787014612575        0.49007937018379        3.08408074468638
C            1.62816731330643        0.96930679492353        1.71152722523884
O            1.12175018840126        1.89468226974253        2.64000970588241
C            3.07505980354844        1.34858264560394        1.34424832883914
O            3.90735492309722        1.24041515622459        2.46545807580391
H            5.07655969719054       -0.16090318706564       -1.91941402057647
H            5.67508096186208       -1.01725565986504       -0.46875489814168
H            6.55871448018019        0.40311164031642       -1.09855519749412
H            3.63772831779019       -0.61663092631749        0.62378965258767
H            1.46170306253013       -1.02217973626877       -0.34431760794842
H            0.97999839267334        1.12518618178937       -2.44339831339512
H           -0.35833672722303        0.10455555830455       -1.86217322532142
H            1.99755036390206       -0.85606643047504       -3.05323468805403
H            0.47623920200990        1.82581352348766        0.09395402002013
H           -1.55585546354778        1.86533839992454        0.82844856847389
H           -1.77891464962775       -1.32652229769731       -1.01948885092224
H           -4.37057076765742       -0.01190813061742       -1.99806874513171
H           -3.74169757236600       -1.59115482701501       -2.53679698638239
H           -2.46972464211082        0.88535530789683       -2.93121891675191
H           -4.52374537531523       -0.88338024116066        0.26343155628584
H           -2.99642409139148       -3.20224625653010       -0.22444029189484
H           -1.89623193848621       -1.75545726947511        1.58243138505541
H           -4.10921449525771       -2.53113298804596        2.30771310146817
H           -3.55725424755600        0.80105326696748        1.77534495402562
H           -2.44178276351150       -0.07480375794389        3.73382175375739
H            1.63599130590538        0.01253400060074        2.24607195368509
H            1.03022461618046        2.76403628301152        2.22458333918124
H            3.09770944416270        2.37559602707719        0.94120336001816
H            3.46952381491745        1.68549167755170        3.20765390856796
48
 energy: -84.836986571767 gnorm: 0.002611346864 xtb: 6.7.1 (edcfbbe)
C            5.58460260211520       -0.03896396028269       -0.94952415706012
O            4.86731418097599        0.86163197700703       -0.11522607634402
C            3.60931228176258        0.42681966941865        0.24384869644046
O            2.76086138087458        0.50144076985259       -0.88391201530761
C            1.44385366916193        0.04214691334053       -0.65943112810222
C            0.72184580114931        0.16680968136438       -2.00841730067328
O            1.04758986970119       -0.88116929165059       -2.87963824917726
C            0.73267547148416        0.82597584796399        0.46280591542821
O           -0.45056421474219        0.13081766345693        0.83220770206296
C           -1.68090093517731        0.78395679128689        0.71348868432129
O           -2.29203618644749        0.61204266457148       -0.53546954533765
C           -2.68426040762647       -0.72095176551005       -0.87036368334252
C           -3.47220812428219       -0.61009726829400       -2.18660985198024
O           -2.72300939678131       -0.02675408312599       -3.21663566970620
C           -3.54248538671309       -1.37407156569851        0.22289691332707
O           -3.81861942095705       -2.72236837400338       -0.05334529639758
C           -2.86087049105171       -1.21774433029391        1.59023418509297
O           -3.67435024236000       -1.70789728633735        2.62904919654418
C           -2.59928907916910        0.27001105428217        1.83665015595819
O           -1.99645302586625        0.51586945083906        3.07213566052383
C            1.62821436767415        0.95486677403773        1.70995167307628
O            1.11938703936646        1.86249977596351        2.65429265274698
C            3.07536578853852        1.33926106678894        1.35154659111361
O            3.90384898943185        1.21957561481468        2.47416545656347
H            5.08316073485393       -0.15843864318732       -1.91199055196313
H            5.68586430436331       -1.01393988947411       -0.46237959479997
H            6.56370978203440        0.41031255795296       -1.09131046814170
H            3.63650590935173       -0.62009368980847        0.61628789687290
H            1.46645968056853       -1.01750336690907       -0.35342797723910
H            0.98383108230548        1.13981883260279       -2.44265311604260
H           -0.35534989626623        0.11933594387315       -1.86300242497827
H            1.99343887646367       -0.84025367915572       -3.06919086523131
H            0.48327879261487        1.83128851228429        0.09406067898949
H           -1.55765714747770        1.87116140229332        0.81085926304164
H           -1.78246349736513       -1.33329810391560       -1.02569578842959
H           -4.38417927934474       -0.03000245998262       -1.99333452591162
H           -3.75020429003519       -1.60869202148129       -2.52708684606817
H           -2.48826369071827        0.86933961695986       -2.94314563628239
H           -4.52157510609643       -0.88194200160015        0.26619263647370
H           -2.99383637079516       -3.20293440590017       -0.21088421007643
H           -1.89169318333617       -1.74310329689394        1.58725816884270
H           -4.10048506584562       -2.52052003857281        2.32010908430154
H           -3.55816942588695        0.81082598753137        1.76354087444726
H           -2.43165543440613       -0.04938501062082        3.72727474770306
H            1.63461695554157       -0.01218009401009        2.22628155672394
H            1.02111443143703        2.73799810935685        2.25362199135976
H            3.09912069543162        2.36993845285401        0.95819984377197
H            3.46460453688020        1.65855570483810        3.21919768752667
48
 energy: -84.837068912335 gnorm: 0.002474273428 xtb: 6.7.1 (edcfbbe)
C            5.59102761310745       -0.03481331167357       -0.94464641919391
O            4.86905939217759        0.86309043699428       -0.11149781741130
C            3.61094564952233        0.42635049191107        0.24351737714617
O            2.76285389413916        0.50712109654608       -0.88440200733232
C            1.44568582684317        0.04543412773147       -0.66419681863783
C            0.72469982290253        0.17522487131106       -2.01371433692552
O            1.04819474691162       -0.86850345106460       -2.89004865332106
C            0.73283901581634        0.82795446639516        0.45830076572640
O           -0.45189650265266        0.13571490624453        0.82660951860578
C           -1.68218547546542        0.78895715198840        0.70597617835303
O           -2.28983631120510        0.61179312241807       -0.54394541331612
C           -2.68478862338312       -0.72300455819074       -0.87165530708779
C           -3.48076791708249       -0.62014684849669       -2.18355208749358
O           -2.74111899381395       -0.04122063095161       -3.22277589783950
C           -3.53913969539358       -1.37239285685080        0.22656147345080
O           -3.81385807068090       -2.72185172224063       -0.04456272584643
C           -2.85820106943981       -1.20941134822053        1.59327799775367
O           -3.67168376212957       -1.69581986939522        2.63325945992734
C           -2.60062590038646        0.28007336559896        1.83043994930848
O           -2.00040174037550        0.53800300307171        3.06485000136234
C            1.62807397469509        0.94367659044448        1.70742952506197
O            1.11776253116323        1.83611212222477        2.66450849911845
C            3.07552690273420        1.33136889312730        1.35660541688741
O            3.89992943490061        1.20037363541997        2.48107992301412
H            5.09129103103657       -0.15682064192749       -1.90759417751353
H            5.69613824807197       -1.00916717043678       -0.45697867739096
H            6.56839497035756        0.41863550502445       -1.08535974608814
H            3.63765515212717       -0.62255535424101        0.60999964513697
H            1.46853575825363       -1.01460736736621       -0.36074417264554
H            0.98767482778265        1.15031904172293       -2.44284077762093
H           -0.35249897908840        0.12858601368385       -1.86737770017143
H            1.99294265774999       -0.82585135808439       -3.08435204793685
H            0.48813009367528        1.83516129619470        0.09259386292954
H           -1.55963948334205        1.87673336430960        0.80050990376369
H           -1.78369379533177       -1.33585783022808       -1.02942084273295
H           -4.39355419921256       -0.04223907473128       -1.98761596206209
H           -3.75776799458200       -1.62197888956412       -2.51567197467551
H           -2.50127114646242        0.85512099669857       -2.95456398677819
H           -4.51886386439728       -0.88133879692436        0.26881232948365
H           -2.98868172967311       -3.20307692555177       -0.19814329301607
H           -1.88799368517597       -1.73292875723264        1.59330698205010
H           -4.09433669369599       -2.51210136774930        2.32922159737194
H           -3.56124749448075        0.81774797953240        1.75273093676481
H           -2.42928885229265       -0.02765305853850        3.72356678925344
H            1.63441052247368       -0.03162511372858        2.20821125555093
H            1.01210345926438        2.71600038082534        2.27602270187587
H            3.10250249916490        2.36525803864163        0.97232799893299
H            3.45696188004917        1.63015161330942        3.22942368773523
48
 energy: -84.837137574897 gnorm: 0.001936919990 xtb: 6.7.1 (edcfbbe)
C            5.59749780046248       -0.02908620121125       -0.94154280522246
O            4.86911771493000        0.86654184796884       -0.11149354126804
C            3.61229991133676        0.42561113481992        0.24184834169587
O            2.76374941764266        0.50999332631646       -0.88560412433218
C            1.44608309326407        0.04712601999435       -0.66876983674857
C            0.72742270690060        0.18104405296394       -2.01950564710428
O            1.05214928261429       -0.85865479173698       -2.89925113426274
C            0.73234338634080        0.82882944232273        0.45435784123861
O           -0.45412129035517        0.13920209143851        0.82228331902567
C           -1.68367722518854        0.79401308004842        0.70091080787574
O           -2.28980741384804        0.61348294255947       -0.54916760208084
C           -2.68468152294406       -0.72294734592089       -0.87145752135387
C           -3.48702536395693       -0.62750048549861       -2.17970799829632
O           -2.75459913475689       -0.05551036641799       -3.22740013137142
C           -3.53536279222540       -1.37109670703371        0.23006992208649
O           -3.80691290743550       -2.72178080065830       -0.03748453440122
C           -2.85630779648363       -1.20190539690797        1.59687822807527
O           -3.67074468839724       -1.68522939876818        2.63720088171617
C           -2.60350128708881        0.28927694164265        1.82617123577595
O           -2.00853186741745        0.55834422555586        3.06079566259209
C            1.62747020222345        0.93350498275000        1.70445579216308
O            1.11654892670207        1.81275813642144        2.67201822799341
C            3.07530609675571        1.32359681284391        1.36002042603978
O            3.89573402489615        1.18152913476392        2.48643156995604
H            5.10107014637928       -0.15512442786819       -1.90566736287763
H            5.70642317183269       -1.00218621844667       -0.45217766318094
H            6.57299479861818        0.42907456367276       -1.08026526439007
H            3.64113644554636       -0.62473856296355        0.60368170298112
H            1.46847442603753       -1.01333536877051       -0.36751293255924
H            0.99080809723176        1.15821923165792       -2.44370067073576
H           -0.35001535294351        0.13352682380811       -1.87450260430541
H            1.99552769864807       -0.81135237888907       -3.09911042523208
H            0.49141358782987        1.83762440103988        0.09094274591028
H           -1.56061942475463        1.88188352504223        0.79434228215912
H           -1.78317365579409       -1.33481651338756       -1.03078647752820
H           -4.39920882232353       -0.04929449428262       -1.98199476432510
H           -3.76519459065537       -1.63198244477768       -2.50307129029915
H           -2.50943043733389        0.84145774289682       -2.96603914986910
H           -4.51638127420305       -0.88233186606086        0.27135240762460
H           -2.98030618639450       -3.20266339633573       -0.18488630052913
H           -1.88500121058797       -1.72336536127240        1.60071276145531
H           -4.09013902584583       -2.50454946750284        2.33689058955705
H           -3.56581360223751        0.82354938460781        1.74194228104800
H           -2.43361151923171       -0.00717209972481        3.72183649378557
H            1.63472202447739       -0.04832528289099        2.19215370822373
H            1.00295915606161        2.69576213896655        2.29379490081302
H            3.10628883816851        2.36054010570875        0.98478872195035
H            3.44662536256259        1.59845349465697        3.23870186319086
48
 energy: -84.837220204570 gnorm: 0.002159237953 xtb: 6.7.1 (edcfbbe)
C            5.60810569483653       -0.01670376314344       -0.93876197524234
O            4.86691873516700        0.87526917222749       -0.11595183461835
C            3.61386264660972        0.42386911078797        0.23711648446182
O            2.76355433535527        0.51116218472141       -0.88886769805744
C            1.44496782983140        0.04771490614803       -0.67593942987582
C            0.73075767938837        0.18748382319878       -2.02890461121868
O            1.06219703984716       -0.84537921415360       -2.91324907222180
C            0.73082337845879        0.82788620607185        0.44874125628532
O           -0.45885842263746        0.14250028028063        0.81675536485162
C           -1.68625817670820        0.80170673004286        0.69525709145580
O           -2.29272941780839        0.61853100014025       -0.55408643012736
C           -2.68413341861496       -0.72050159795296       -0.86945505956026
C           -3.49379253791768       -0.63619281788618       -2.17342304854796
O           -2.76829703658551       -0.07935501920781       -3.23322279129040
C           -3.52934193905167       -1.36960011349523        0.23592498880203
O           -3.79211561908021       -2.72290279708168       -0.02692930412823
C           -2.85466927223144       -1.18987481584760        1.60357791150506
O           -3.67109565844260       -1.66888406501595        2.64429963212131
C           -2.60990880622178        0.30404101566600        1.82137287135094
O           -2.02575061358858        0.58968162977143        3.05739507006571
C            1.62569104986197        0.91647764563518        1.69974114453346
O            1.11497200171366        1.77715885065518        2.68211145170183
C            3.07415499362029        1.31010194514106        1.36366757943134
O            3.88917584455548        1.15135155897716        2.49257788292319
H            5.11893251244893       -0.15112168479989       -1.90557154066538
H            5.72338753726215       -0.98697772413201       -0.44526359718078
H            6.58022572081725        0.45004126381759       -1.07324097024889
H            3.64994611545152       -0.62849869145067        0.59221428965083
H            1.46589083706731       -1.01370062222413       -0.37847549020187
H            0.99290359901357        1.16835834544859       -2.44524910014939
H           -0.34726238733793        0.13552736151466       -1.88824549947608
H            2.00322158149710       -0.78661287905259       -3.12164282014125
H            0.49512177196530        1.83944905203756        0.08964162538299
H           -1.55974379586805        1.88926334597784        0.78741249979482
H           -1.78059339176490       -1.32911675116917       -1.02971143848645
H           -4.40287239746159       -0.05327040074869       -1.97503507360745
H           -3.77737733404814       -1.64390602338936       -2.48226370303612
H           -2.51564298404007        0.81944603795539       -2.98519514012770
H           -4.51375373933746       -0.88708030192306        0.27501062152130
H           -2.96145251491322       -3.20087669067395       -0.16200854958262
H           -1.88143307026173       -1.70749827364151        1.61441243209025
H           -4.08577995337848       -2.49237758495639        2.34897994187966
H           -3.57423159275585        0.83320717818595        1.72418253340541
H           -2.44880820139194        0.02601566780565        3.72106460491011
H            1.63511570780624       -0.07389156882004        2.16973641311727
H            0.98830282931349        2.66393433794820        2.31807554232856
H            3.11061227458435        2.35184906773657        1.00305252506738
H            3.42705848991743        1.54229188852742        3.25185535081125
48
 energy: -84.837254577879 gnorm: 0.001765627035 xtb: 6.7.1 (edcfbbe)
C            5.61200186340958       -0.00968843355890       -0.93893791635766
O            4.86498363976845        0.88010119928407       -0.11908258692483
C            3.61397324260493        0.42272233577729        0.23440539338405
O            2.76253006194781        0.51029646825331       -0.89071179103302
C            1.44380445703547        0.04690146677917       -0.67830700853021
C            0.73073255042780        0.18896784051442       -2.03170282312760
O            1.06708426416274       -0.84040691354823       -2.91853465218811
C            0.72997768531744        0.82585866274040        0.44722594161997
O           -0.46114855935980        0.14242840231770        0.81526745281324
C           -1.68723399686621        0.80402728135855        0.69386209400381
O           -2.29486276508096        0.62099017828742       -0.55494761600445
C           -2.68404960039138       -0.71907649140111       -0.86815102299830
C           -3.49441132935758       -0.63845849083638       -2.17177155258800
O           -2.76789130326627       -0.08975650950492       -3.23488139683952
C           -3.52769949719680       -1.36925118700849        0.23840851805877
O           -3.78471477907396       -2.72413768734074       -0.02240302293659
C           -2.85522358908799       -1.18463773399770        1.60651254773073
O           -3.67221530794101       -1.66194760819424        2.64783535225538
C           -2.61287967536053        0.31022007472136        1.82011341841988
O           -2.03287932461926        0.60104957304825        3.05662147774207
C            1.62468775865089        0.90824424405466        1.69858820057830
O            1.11467525572286        1.76339546624567        2.68596207296555
C            3.07319201829316        1.30364419739544        1.36458154826428
O            3.88741386775375        1.14000476296964        2.49345404638803
H            5.12603155543417       -0.14756833423677       -1.90688635935311
H            5.73018049218718       -0.97872425580182       -0.44377908813468
H            6.58244842168074        0.46104372915815       -1.07157320923172
H            3.65466327314923       -0.63051087045493        0.58647781584482
H            1.46412686469548       -1.01511998528131       -0.38284809397634
H            0.99048835581709        1.17174934597803       -2.44490068166438
H           -0.34741552835368        0.13313096479810       -1.89306510232864
H            2.00740512382743       -0.77570675990438       -3.12806620694021
H            0.49630198914752        1.83891707322983        0.09098120657168
H           -1.55785515945816        1.89137934575269        0.78445085546014
H           -1.77940184315488       -1.32620567613235       -1.02765509912397
H           -4.40111369612698       -0.05107624741529       -1.97525105809624
H           -3.78202936461688       -1.64666291388006       -2.47509197426972
H           -2.51422424217554        0.81039948882059       -2.99318792871957
H           -4.51415533986962       -0.89074815611087        0.27569588228349
H           -2.95163528099786       -3.19924267052825       -0.15253753287649
H           -1.88123913195015       -1.70060202693964        1.62029889789847
H           -4.08544683905579       -2.48681591123974        2.35440653893606
H           -3.57713435571322        0.83823597324780        1.71743656688815
H           -2.45784659345533        0.03969576079605        3.72115408959712
H            1.63451547807320       -0.08456459042563        2.16348416063480
H            0.98392434272585        2.65116896644677        2.32615772540380
H            3.10972785257258        2.34706657101770        1.00925694062643
H            3.41983461307599        1.51926628567564        3.25511791140130
48
 energy: -84.837310482697 gnorm: 0.001415565943 xtb: 6.7.1 (edcfbbe)
C            5.61931524636370        0.00876045731657       -0.94245413678202
O            4.85893976037623        0.89228646805336       -0.12831716636958
C            3.61335897289683        0.41974252005478        0.22722935574474
O            2.75842571869661        0.50614319302203       -0.89523476214717
C            1.43981301281716        0.04288521153273       -0.68202358805303
C            0.72815993833404        0.18934878543299       -2.03565350170398
O            1.07934099142480       -0.83041298244924       -2.92916807820717
C            0.72763007125245        0.81905731621517        0.44563163067967
O           -0.46662167165871        0.14039102423511        0.81416545765166
C           -1.68915616967718        0.80814105788984        0.69339619874370
O           -2.29969214330102        0.62669558641132       -0.55437216630604
C           -2.68354195197061       -0.71533976180139       -0.86421797736777
C           -3.49148214898260       -0.64118883438477       -2.16941917705596
O           -2.75644134921640       -0.11377283814954       -3.23753951556366
C           -3.52534071001224       -1.36862551262825        0.24345790485198
O           -3.76742408273395       -2.72730195266466       -0.01335870720695
C           -2.85885912505430       -1.17329315713554        1.61297150017194
O           -3.67786206371259       -1.64648970664443        2.65528999978813
C           -2.62003359971809        0.32319662069563        1.81888664103113
O           -2.04891837649118        0.62249458945781        3.05683338874426
C            1.62258091945365        0.88932622668514        1.69711183626800
O            1.11480000057637        1.73575290318662        2.69334662092842
C            3.07051779528250        1.28887602146619        1.36525656036328
O            3.88535954136351        1.11733305822171        2.49245473150269
H            5.14031054519526       -0.13648539056878       -1.91284747496993
H            5.74501252551612       -0.95775288444478       -0.44436803119803
H            6.58553016702221        0.48931321648674       -1.07103028013950
H            3.66646077559295       -0.63513296875253        0.57268081252851
H            1.45923635229154       -1.02045429442664       -0.39089406341522
H            0.97916830438291        1.17739918197097       -2.44141496822724
H           -0.34993250003502        0.12079849142684       -1.90180650492754
H            2.01896635595311       -0.75093917706259       -3.13627601161975
H            0.49828119206472        1.83533364311932        0.09597029808956
H           -1.55245296667811        1.89486828906455        0.78039018591725
H           -1.77642418244634       -1.31952197626892       -1.02037728843743
H           -4.39103463161979       -0.04004990815704       -1.98049714628508
H           -3.79089131253024       -1.64938226165391       -2.46101001502598
H           -2.50352286029661        0.79060083198582       -3.01159868375797
H           -4.51680225144478       -0.90031505225959        0.27538883450937
H           -2.92825037109473       -3.19424034800211       -0.13322166995674
H           -1.88361082065026       -1.68631132248761        1.63375883367765
H           -4.08820249836788       -2.47402418691531        2.36566126594928
H           -3.58317584130963        0.85018183617055        1.70422259154991
H           -2.48274507005288        0.06897478417460        3.72272294491398
H            1.63267606777236       -0.10720954998094        2.15397592660544
H            0.97790048805109        2.62504617650654        2.34028085526426
H            3.10434004514165        2.33557183653523        1.01997001906311
H            3.40629183631479        1.46972094268168        3.25952945200006
48
 energy: -84.837330871013 gnorm: 0.001103536874 xtb: 6.7.1 (edcfbbe)
C            5.62102852918334        0.01736809693468       -0.94584909877984
O            4.85640328771352        0.89664155098656       -0.13141650788578
C            3.61294586337067        0.41851085939290        0.22445677580003
O            2.75635320774838        0.50492322210235       -0.89672590572708
C            1.43822678545752        0.04059889146004       -0.68249028332641
C            0.72595980635442        0.18863377982783       -2.03552501582240
O            1.08430590214170       -0.82505245819396       -2.93338260410667
C            0.72680154988076        0.81592192928373        0.44599697430665
O           -0.46840929031445        0.13941293324847        0.81455267411384
C           -1.68957329474146        0.80937326768343        0.69373673201732
O           -2.29964355059916        0.62773412003398       -0.55440829501541
C           -2.68305152635896       -0.71485122363836       -0.86275313016006
C           -3.48868649414526       -0.64276014918032       -2.16952870691155
O           -2.74825329259729       -0.12489907354786       -3.23904511630076
C           -3.52546813997225       -1.36776696484808        0.24493365523871
O           -3.76296965755134       -2.72754690923356       -0.01005580030724
C           -2.86202356477287       -1.16895114371478        1.61531822131156
O           -3.68308684239075       -1.63918920206483        2.65739501186531
C           -2.62245258070233        0.32785231260065        1.81840773480738
O           -2.05353859105908        0.62935443360627        3.05682312621704
C            1.62240348719251        0.88143299745912        1.69743071076250
O            1.11530633668189        1.72460688048623        2.69757180590394
C            3.06962786402114        1.28294952638883        1.36571986650743
O            3.88569496690052        1.10914955417846        2.49169757412634
H            5.14326679858286       -0.12944360811550       -1.91656128657034
H            5.75115759190760       -0.94886013953817       -0.44837151338712
H            6.58501935987643        0.50257499949356       -1.07367500101255
H            3.67041662395127       -0.63698076698158        0.56681629295935
H            1.45835343623088       -1.02301553225252       -0.39264090057037
H            0.97115372022408        1.17979843306406       -2.43726470324913
H           -0.35162073834416        0.11263260848067       -1.90281525693418
H            2.02462797437784       -0.74055581142768       -3.13509242807311
H            0.49973166566625        1.83333955043791        0.09855846331935
H           -1.55071744644486        1.89595638557049        0.77924713832688
H           -1.77570403928294       -1.31918948419537       -1.01697878845892
H           -4.38489992796264       -0.03549432160745       -1.98549163821560
H           -3.79323583411374       -1.65065666066355       -2.45667376511171
H           -2.49680178701066        0.78156767029038       -3.02012641161074
H           -4.51823761394908       -0.90243568366155        0.27393552469842
H           -2.92219168625248       -3.19188266576742       -0.12773755440687
H           -1.88694353569646       -1.68217481985922        1.63929177548166
H           -4.09171095628859       -2.46832555453176        2.36990211548402
H           -3.58487983402420        0.85537928674357        1.70045758065787
H           -2.49236636598813        0.08056353202655        3.72346460463230
H            1.63231630648915       -0.11696436482433        2.15090695603684
H            0.97844699210746        2.61543493795010        2.34761727437057
H            3.10155089147380        2.33085287212231        1.02346170252670
H            3.40536556822591        1.45442810829565        3.26039235271336
48
 energy: -84.837357448488 gnorm: 0.001200663359 xtb: 6.7.1 (edcfbbe)
C            5.62072889839528        0.02752772477340       -0.95268137132396
O            4.85393977414009        0.90057463013488       -0.13404961233286
C            3.61273491098147        0.41724054232139        0.22211604008670
O            2.75394328929448        0.50398585148894       -0.89733935757401
C            1.43683350637036        0.03736718681229       -0.68116704919155
C            0.72296442532755        0.18646659080466       -2.03305262519957
O            1.09157062441380       -0.81785537237552       -2.93728898158572
C            0.72605183112723        0.81197771905490        0.44816343380350
O           -0.46983311400602        0.13756343311699        0.81639145586035
C           -1.68970741191349        0.80964138662123        0.69512901300990
O           -2.29798300708784        0.62752679352410       -0.55409872401438
C           -2.68226714548987       -0.71527914980778       -0.86117482771334
C           -3.48345611912743       -0.64467913187037       -2.17080805197911
O           -2.73521660422559       -0.13788356510488       -3.24074829742474
C           -3.52755947161414       -1.36613412351019        0.24539586255664
O           -3.76286336695745       -2.72651827491418       -0.00786917401449
C           -2.86779819819959       -1.16520105594421        1.61726085128808
O           -3.69311293537788       -1.63082779314947        2.65783558980991
C           -2.62476415613647        0.33128526278575        1.81845804326660
O           -2.05620335379770        0.63282810878865        3.05716587144137
C            1.62317547023701        0.87392240954326        1.69892632929228
O            1.11657415314964        1.71518780823348        2.70134566723341
C            3.06922241280702        1.27747674352901        1.36633804316414
O            3.88809004168920        1.10278933486117        2.49000699950073
H            5.14171383921237       -0.11886778887182       -1.92278881997590
H            5.75699216283684       -0.93948288843240       -0.45835125332269
H            6.58191669598295        0.51796233661428       -1.08125654707022
H            3.67392712066978       -0.63891949005969        0.56116331037800
H            1.45897339947928       -1.02626852418969       -0.39203073611833
H            0.95861685302280        1.18244868836906       -2.42895133955812
H           -0.35366082120705        0.09916796466200       -1.90115399387729
H            2.03383948856989       -0.72861950941299       -3.12800898886048
H            0.50145207220519        1.83019387572684        0.10205555249913
H           -1.54928732738232        1.89612065440018        0.77964878486813
H           -1.77534591597900       -1.32114203045560       -1.01231556193511
H           -4.37575100205931       -0.03025427693267       -1.99354569454619
H           -3.79353005707047       -1.65206259530717       -2.45357864950279
H           -2.48594089323384        0.77095304832464       -3.02985679770354
H           -4.52068041506230       -0.90173668545683        0.27061649912205
H           -2.92152079835553       -3.18954718824416       -0.12551549455317
H           -1.89396718351030       -1.68073339706406        1.64518924271042
H           -4.09909150997919       -2.46220106300034        2.37312465625915
H           -3.58595343321434        0.86075440573728        1.69931647947863
H           -2.50199159216053        0.09078417444037        3.72472943985376
H            1.63284002010792       -0.12524546796942        2.15029377668876
H            0.98369878199166        2.60742089984455        2.35358996137002
H            3.09843104499377        2.32620909867441        1.02594225347835
H            3.40925294154287        1.44407890012949        3.26091172550337
48
 energy: -84.837384440292 gnorm: 0.001534878719 xtb: 6.7.1 (edcfbbe)
C            5.61890526988299        0.03989652526159       -0.96326982230792
O            4.85176449999007        0.90506422879166       -0.13677216198760
C            3.61302437015310        0.41638141206983        0.21987290987524
O            2.75171807507754        0.50362883088921       -0.89760285953244
C            1.43609238510280        0.03367744135318       -0.67912082961559
C            0.72060992110733        0.18311152321217       -2.02975627552698
O            1.10445183910674       -0.80834699166774       -2.94170587545082
C            0.72583596232500        0.80762364255502        0.45108639720794
O           -0.47067420019752        0.13488358888286        0.81853613308167
C           -1.68940003054038        0.80915981643771        0.69652841342918
O           -2.29553082021916        0.62658411144821       -0.55393035640369
C           -2.68123328360956       -0.71627725975307       -0.85949313479750
C           -3.47683116080221       -0.64794244789502       -2.17274866679421
O           -2.72013502510856       -0.15450866182847       -3.24349774873946
C           -3.53129669795647       -1.36329926757713        0.24538635312558
O           -3.76734909947914       -2.72388762826859       -0.00603492072913
C           -2.87615369703979       -1.16128742198965        1.61952050836016
O           -3.70812234052703       -1.62015055746439        2.65764276735615
C           -2.62709887852885        0.33446154319722        1.81867449638985
O           -2.05797487488028        0.63524241475630        3.05761660185242
C            1.62435418810443        0.86609182792023        1.70156600142371
O            1.11826508735164        1.70412757156752        2.70754627898376
C            3.06923627475702        1.27192121957931        1.36764350339884
O            3.89101360762049        1.09552086290678        2.48883272783606
H            5.13587741628489       -0.10449193110285       -1.93175394853544
H            5.76289710379607       -0.92878070439199       -0.47430720374105
H            6.57677720616589        0.53614195404608       -1.09430284355585
H            3.67793203446072       -0.64063523845345        0.55538036339309
H            1.46129346157872       -1.02984069597160       -0.39026288705903
H            0.94257603075674        1.18567240225149       -2.41773040864617
H           -0.35472082254435        0.07966129232946       -1.89941254491443
H            2.04927741690135       -0.71248387845978       -3.11767798004770
H            0.50346372851620        1.82673677283328        0.10640816786490
H           -1.54717834589329        1.89552822676542        0.78018407653467
H           -1.77497695702717       -1.32450523511435       -1.00580141741733
H           -4.36481173565836       -0.02551886092156       -2.00323133542194
H           -3.79335751841845       -1.65496069843735       -2.44991868450715
H           -2.47144021686472        0.75665495562949       -3.04223020414034
H           -4.52382671037912       -0.89753183622790        0.26617620538051
H           -2.92639431044833       -3.18750952460752       -0.12433259550731
H           -1.90471231540853       -1.68114324473716        1.65253887758353
H           -4.11053512453655       -2.45452940247856        2.37676196444296
H           -3.58640879376001        0.86726920786079        1.69867650563429
H           -2.51188920911834        0.10168582203052        3.72655935097395
H            1.63475686502791       -0.13485311805339        2.14941272087085
H            0.99077108198751        2.59906435106662        2.36364427270836
H            3.09606941396820        2.32173613920893        1.02974228590844
H            3.41508685461132        1.43495312035265        3.26243975624131
48
 energy: -84.837407926389 gnorm: 0.001500091566 xtb: 6.7.1 (edcfbbe)
C            5.61570232190159        0.05203548083535       -0.97533224011632
O            4.85055901273296        0.90940020515168       -0.13870696651595
C            3.61415477929070        0.41590852561812        0.21894510608202
O            2.75063720908813        0.50357253361823       -0.89669168522716
C            1.43637700226443        0.03051526108083       -0.67649365962367
C            0.72062905197411        0.17953106155879       -2.02674936806807
O            1.12185915038570       -0.79856939322257       -2.94547945686804
C            0.72579212028020        0.80345826570573        0.45415358724056
O           -0.47133797883768        0.13164615562840        0.82085385440388
C           -1.68909418504066        0.80786849351308        0.69792541874434
O           -2.29357455810480        0.62534105642573       -0.55341639387697
C           -2.68058744731648       -0.71739866236491       -0.85764872369791
C           -3.47060123089823       -0.65163832630344       -2.17439667563225
O           -2.70669658545194       -0.17085624915428       -3.24575211282389
C           -3.53641353742754       -1.35984723075024        0.24518868780764
O           -3.77609138741741       -2.72007635676333       -0.00507233352049
C           -2.88511717548906       -1.15818002479026        1.62143856127961
O           -3.72414991608845       -1.61001037620920        2.65688082688328
C           -2.62926185242280        0.33651548384223        1.81928301962387
O           -2.05920962250624        0.63575306346292        3.05832287942774
C            1.62593611580577        0.85931424036188        1.70396304136090
O            1.12034538952801        1.69467594374481        2.71185337280282
C            3.07021476444941        1.26727140979151        1.36984815824096
O            3.89376574429672        1.08836523863296        2.48930130595781
H            5.12692304045718       -0.08840428264971       -1.94155283994739
H            5.76666282123360       -0.91894417266389       -0.49311062391185
H            6.57064561986560        0.55290846340695       -1.10972463782859
H            3.68250008797985       -0.64185046935960        0.55153450880364
H            1.46442042586480       -1.03288053601454       -0.38769013870686
H            0.92808933947924        1.18842314042206       -2.40684929592080
H           -0.35324175482420        0.05870376873356       -1.89980488147900
H            2.06849714126779       -0.69435691878623       -3.10761628403690
H            0.50472361319715        1.82303980401337        0.11023594132377
H           -1.54503171057272        1.89401926759765        0.78134120086958
H           -1.77496694487095       -1.32800920253169       -0.99840358863942
H           -4.35484044505306       -0.02219489542823       -2.01210801038425
H           -3.79294457590491       -1.65828465767770       -2.44618793271503
H           -2.45626410734977        0.74157516464349       -3.05298142734481
H           -4.52741420072886       -0.89062493236923        0.26207178399635
H           -2.93645861691323       -3.18627038744876       -0.12335609766345
H           -1.91666234501865       -1.68327427484754        1.65936263207454
H           -4.12382649395426       -2.44677924701820        2.37958111340238
H           -3.58636680101550        0.87319505504638        1.69869186190694
H           -2.51996681720971        0.10964323590028        3.72834067292338
H            1.63728575813345       -0.14238468117588        2.14941612363601
H            0.99758134429895        2.59129463308853        2.37105899152249
H            3.09585993087726        2.31801740554510        1.03461317525583
H            3.42095643175498        1.42883911844922        3.26440248492235
48
 energy: -84.837431062548 gnorm: 0.001095707288 xtb: 6.7.1 (edcfbbe)
C            5.61218447404404        0.06387838216629       -0.98730902671702
O            4.85066764058941        0.91381021296300       -0.13944059221279
C            3.61614167975237        0.41619122858809        0.21904026925347
O            2.75105313571281        0.50414199052891       -0.89514289519740
C            1.43803589902767        0.02787360162491       -0.67460966677073
C            0.72334064355170        0.17571707169294       -2.02532864581877
O            1.14257608483699       -0.78928057539257       -2.94963031925958
C            0.72682366073932        0.79986128797683        0.45624187781643
O           -0.47089067367840        0.12826252815496        0.82209696432268
C           -1.68803033290409        0.80595794256007        0.69827902578939
O           -2.29164897089200        0.62367677170663       -0.55347437246004
C           -2.68073592213088       -0.71874701083285       -0.85594703046987
C           -3.46599457010013       -0.65593522824233       -2.17558892687813
O           -2.69675731638833       -0.18675431111666       -3.24783448249492
C           -3.54252558128027       -1.35564171367207        0.24538240202469
O           -3.78897905665872       -2.71496713919668       -0.00383413539845
C           -2.89379238012028       -1.15544136138583        1.62319636488314
O           -3.73900074665284       -1.60015777974046        2.65675492831779
C           -2.63039507051227        0.33808610700521        1.81957651675840
O           -2.05914544771568        0.63573912309014        3.05845094108371
C            1.62711141020918        0.85380024893111        1.70634913639913
O            1.12132688834027        1.68516322056118        2.71720126110972
C            3.07135304519394        1.26336635593759        1.37269956056985
O            3.89508879902637        1.08058630278785        2.49138433310879
H            5.11671619999616       -0.07082800812506       -1.95089230694625
H            5.76861999445137       -0.91003108950536       -0.51297852536341
H            6.56485950841648        0.56802054801244       -1.12515703283111
H            3.68767663181681       -0.64220908238020        0.54916717088176
H            1.46873223901751       -1.03545256613422       -0.38585478273350
H            0.91645453595189        1.19035235722264       -2.39776742816103
H           -0.34885074899913        0.03729934639757       -1.90273036121899
H            2.08968154335529       -0.67470742986802       -3.10133560524924
H            0.50610753181178        1.81997113551406        0.11354784433097
H           -1.54218291667085        1.89191948941478        0.78138418453641
H           -1.77602894248681       -1.33200431743012       -0.99098426227301
H           -4.34713262064743       -0.02070184802274       -2.01924897084546
H           -3.79351894993730       -1.66241706270738       -2.44194047262837
H           -2.44176261478743        0.72572561752344       -3.06181696286130
H           -4.53101034066844       -0.88091712258956        0.25929333965979
H           -2.95170368238022       -3.18592809680301       -0.12079661530325
H           -1.92867407703111       -1.68619825978507        1.66495430105325
H           -4.13790772311709       -2.43827148127567        2.38281345407673
H           -3.58522767770613        0.87876239282403        1.69857089845703
H           -2.52452529198999        0.11527438972789        3.72941302202016
H            1.64012270297690       -0.14956548238848        2.14829145884698
H            1.00027937867126        2.58361097905925        2.38041178369241
H            3.09668593774497        2.31532780044773        1.04134508837394
H            3.42478001651205        1.42377673081791        3.26728023017026
48
 energy: -84.837454633767 gnorm: 0.000867057640 xtb: 6.7.1 (edcfbbe)
C            5.60867597743720        0.07750142340153       -0.99929137588982
O            4.85142406598759        0.91933711265039       -0.13907302794437
C            3.61880142977677        0.41697792307449        0.22003124366088
O            2.75271852812892        0.50508657312034       -0.89311085692917
C            1.44099046916845        0.02505899596492       -0.67307812615639
C            0.72813576214755        0.17155582948421       -2.02491560038958
O            1.16741396816059       -0.77936435442106       -2.95439992569960
C            0.72799982781250        0.79543113418461        0.45752224511135
O           -0.47055065485649        0.12409036823383        0.82279417005966
C           -1.68682980870388        0.80346144230086        0.69792495300689
O           -2.29003702243022        0.62156352559291       -0.55394377649309
C           -2.68186766149818       -0.72045210400274       -0.85390344629056
C           -3.46246772889147       -0.66103392229496       -2.17629595749904
O           -2.68814833572172       -0.20373503380718       -3.24944366612577
C           -3.55038401778609       -1.35014878521795        0.24639299082308
O           -3.80643375533831       -2.70792760297294       -0.00196657278721
C           -2.90246321728234       -1.15253003402482        1.62496082731349
O           -3.75254007078817       -1.58994064840080        2.65771795592544
C           -2.63097165423701        0.33968736325610        1.81986276644895
O           -2.05822320248420        0.63571647097744        3.05831008220713
C            1.62843986823653        0.84699237542274        1.70781655109750
O            1.12194800402343        1.67433772548449        2.72065292535217
C            3.07307318154673        1.25917999214713        1.37682233603665
O            3.89572885503430        1.07112915964380        2.49555973453549
H            5.10649668614810       -0.04973860767520       -1.96038144823221
H            5.76963217403822       -0.90011643612089       -0.53432658644755
H            6.55956443158760        0.58431272843085       -1.13962919839934
H            3.69425735101162       -0.64210005694921        0.54759547051948
H            1.47447163091716       -1.03828802564605       -0.38464611110968
H            0.90569169132065        1.19191824549718       -2.38939490338732
H           -0.34202246675477        0.01376823716940       -1.90767532169848
H            2.11367038624136       -0.65009789225258       -3.09918166886992
H            0.50742192751942        1.81592289318995        0.11576017848157
H           -1.53871259270441        1.88921438773465        0.78042449227273
H           -1.77838916457203       -1.33689895304934       -0.98256429875969
H           -4.34073617274107       -0.02011453095386       -2.02602193730959
H           -3.79496058125464       -1.66755764493867       -2.43665364263867
H           -2.42658907771474        0.70804276865598       -3.06910843465995
H           -4.53541946562042       -0.86802348576471        0.25790378215493
H           -2.97234913246456       -3.18548849340178       -0.11561462456073
H           -1.94089890768972       -1.68933810344320        1.66931828877243
H           -4.15371782229200       -2.42773730069343        2.38656817111633
H           -3.58317965904325        0.88489710059875        1.69821218607091
H           -2.52649900520949        0.11923550727527        3.73018159894209
H            1.64299001319464       -0.15748235437578        2.14678091845164
H            0.99896973075160        2.57347954482941        2.38721645806839
H            3.09870695502576        2.31254778163953        1.05039416389034
H            3.42716618947556        1.41766395514444        3.27137895706343
48
 energy: -84.837475102918 gnorm: 0.001166651111 xtb: 6.7.1 (edcfbbe)
C            5.60587114967751        0.09288621669624       -1.01072649010112
O            4.85271119946427        0.92574503622949       -0.13795855924927
C            3.62199071787159        0.41803868072068        0.22123257277442
O            2.75508733581462        0.50661505344080       -0.89090552087795
C            1.44490824494876        0.02172368693916       -0.67235811460917
C            0.73421834429339        0.16667052280287       -2.02553742150688
O            1.19431401498326       -0.76903162246434       -2.96050104800997
C            0.73009559674625        0.79019011503546        0.45809780166249
O           -0.46940498647539        0.11943748538431        0.82259012524574
C           -1.68469794070937        0.80060973123354        0.69663450723288
O           -2.28789759238940        0.61889335105212       -0.55517439970067
C           -2.68410353703077       -0.72253604412033       -0.85162274380734
C           -3.45980027874976       -0.66722593541484       -2.17693067577651
O           -2.68004343995846       -0.22158286560462       -3.25061493708642
C           -3.55965169205203       -1.34348039533541        0.24831901969752
O           -3.82789812979580       -2.69927671444882        0.00155460441508
C           -2.91079205225441       -1.14888528080318        1.62675174684746
O           -3.76359430894394       -1.57925158184879        2.66025729464705
C           -2.63045613784421        0.34194472104094        1.81967494825879
O           -2.05547141748026        0.63626160012757        3.05727551345495
C            1.62911322188764        0.83970307964467        1.70949737843430
O            1.12070611500462        1.66203042623794        2.72528325755760
C            3.07411225919637        1.25415787785143        1.38130725711173
O            3.89517946225275        1.06023310615936        2.50022811461287
H            5.09788529738521       -0.02516054660898       -1.96989516881091
H            5.76988669981331       -0.88913842695455       -0.55634536038991
H            6.55551703283013        0.60174382826718       -1.15168111821090
H            3.70176653591226       -0.64186688864869        0.54553292461281
H            1.48188909843650       -1.04174671684275       -0.38485688941508
H            0.89533216558363        1.19275118047165       -2.38149063302537
H           -0.33339833265576       -0.01131209966785       -1.91400299911521
H            2.13881214165524       -0.62176651057261       -3.10019967656850
H            0.50988839362920        1.81126287392719        0.11771506100371
H           -1.53411315462534        1.88617847571007        0.77770810001691
H           -1.78254543256630       -1.34312687065495       -0.97354215906033
H           -4.33525398676819       -0.02075601000703       -2.03333285141835
H           -3.79702773787726       -1.67371673998305       -2.43140045521580
H           -2.41184214459266        0.68912534797666       -3.07479740794053
H           -4.54023340355493       -0.85223929004430        0.25803419560398
H           -2.99786095165913       -3.18490283592528       -0.10750653755685
H           -1.95273030015527       -1.69176632170058        1.67181085909960
H           -4.17055949126945       -2.41480468826320        2.39091091840747
H           -3.57994217195557        0.89189866609726        1.69800686038070
H           -2.52492660560288        0.12194674474514        3.72993555599942
H            1.64542797505529       -0.16649570054864        2.14461615528195
H            0.99212791129608        2.56145552478651        2.39495610333921
H            3.09958133768322        2.30926284803313        1.06104315578317
H            3.42782090250324        1.40930009830226        3.27589007687240
48
 energy: -84.837490688650 gnorm: 0.001238527707 xtb: 6.7.1 (edcfbbe)
C            5.60441413264879        0.10788422613419       -1.01905255794808
O            4.85336637061055        0.93224981867361       -0.13644662648263
C            3.62442113880359        0.41926302666355        0.22199983821667
O            2.75704727157075        0.50845053948978       -0.88952217877967
C            1.44855470168851        0.01832884734762       -0.67225485487054
C            0.73913232063980        0.16223631873265       -2.02623384718075
O            1.21663141435522       -0.75995932247080       -2.96574410893932
C            0.73160398002123        0.78486790064162        0.45783173220478
O           -0.46874797183397        0.11518775432433        0.82186816129065
C           -1.68295854566863        0.79802470278565        0.69491784176748
O           -2.28599559720571        0.61597948674324       -0.55694137214141
C           -2.68660352101528       -0.72494890222056       -0.84955281912933
C           -3.45778775159324       -0.67289972610885       -2.17745400072940
O           -2.67224486703296       -0.23713604662274       -3.25102571012946
C           -3.56831809524897       -1.33689054903188        0.25077488260481
O           -3.84815945119054       -2.69068310746305        0.00611139592701
C           -2.91725447141281       -1.14529233177280        1.62842124022746
O           -3.77052448176493       -1.57028412009930        2.66371094427003
C           -2.62945053840738        0.34434316892329        1.81940084141632
O           -2.05203029737468        0.63742242345742        3.05607894326740
C            1.62972382178107        0.83171153567043        1.71009902854445
O            1.11940450894243        1.65037055667189        2.72772949969281
C            3.07493109299953        1.24934516721821        1.38554498742735
O            3.89479103650402        1.05006848187077        2.50454880304334
H            5.09374148820135       -0.00111367681231       -1.97778728539300
H            5.76970834122705       -0.87851995435386       -0.57472140931906
H            6.55355294074469        0.61828544469933       -1.15785180773698
H            3.70833809998018       -0.64147288869882        0.54274349124166
H            1.48928991020814       -1.04522737801572       -0.38578472061914
H            0.88562601740413        1.19281016012167       -2.37512286127041
H           -0.32584982409593       -0.03329943446695       -1.91919532335406
H            2.15874843312501       -0.59569530726923       -3.10243694592574
H            0.51240639546998        1.80657567566052        0.11849536735164
H           -1.52995801454749        1.88348836375446        0.77394186110581
H           -1.78703378673326       -1.34961935680699       -0.96540782972545
H           -4.33079299486877       -0.02162232679162       -2.04037335240651
H           -3.79889239619762       -1.67930487870362       -2.42715836196430
H           -2.39933277262992        0.67284294168775       -3.07857938469842
H           -4.54457771262473       -0.83707543278711        0.25916654593609
H           -3.02206408441122       -3.18395904607133       -0.09813432630205
H           -1.96181769761821       -1.69295492988725        1.67257006202650
H           -4.18568734563313       -2.40182307366572        2.39425542484642
H           -3.57649349921450        0.89858637007111        1.69795284005429
H           -2.52098164641804        0.12335524852304        3.72935130668407
H            1.64697226155921       -0.17572703768395        2.14243604427872
H            0.98352584809486        2.54913740094502        2.39868172527428
H            3.09995269723948        2.30608030011719        1.07087135059233
H            3.42767106818622        1.39860915723140        3.28076046826086
48
 energy: -84.837504197812 gnorm: 0.000992212762 xtb: 6.7.1 (edcfbbe)
C            5.60501100203216        0.12433923716666       -1.02565562245407
O            4.85347341804256        0.93955501316634       -0.13532590496794
C            3.62658797236335        0.42025755122366        0.22163532209428
O            2.75832592288558        0.51047164043520       -0.88901531797444
C            1.45178666866836        0.01440594173779       -0.67280818330494
C            0.74257723468014        0.15694677194843       -2.02708426791958
O            1.23659067597330       -0.75087907807050       -2.97227941473718
C            0.73303357431900        0.77865256114139        0.45741824999557
O           -0.46819497343978        0.11079052489579        0.82114042547248
C           -1.68104856368217        0.79578161819547        0.69326180043838
O           -2.28395698297730        0.61307585101478       -0.55864093969178
C           -2.68928297066280       -0.72739412310796       -0.84711847896695
C           -3.45549734630152       -0.67878278591687       -2.17790011567353
O           -2.66324137114782       -0.25245444968162       -3.25065716634583
C           -3.57679643913671       -1.33022537309348        0.25369892619731
O           -3.86817760943099       -2.68205566809374        0.01213659523936
C           -2.92301693242782       -1.14087343175559        1.63023248265337
O           -3.77555159704391       -1.56157752376314        2.66773294950563
C           -2.62832420026342        0.34762286441387        1.81906810981286
O           -2.04826713307950        0.63978707865110        3.05472469608528
C            1.62988937181895        0.82311774245605        1.71059968759352
O            1.11729475051107        1.63816519167301        2.73027916203890
C            3.07488073242667        1.24342171506934        1.38898576842489
O            3.89411172253413        1.03932302900822        2.50751727901447
H            5.09471628572008        0.02462621308121       -1.98557240867250
H            5.77034812726761       -0.86642906662832       -0.59119005906503
H            6.55411562449247        0.63637368792467       -1.15897441824958
H            3.71489178832847       -0.64145647774003        0.53799359295315
H            1.49700934250410       -1.04918315387869       -0.38761839822494
H            0.87388919143376        1.19223606695952       -2.36840937384256
H           -0.31945241569631       -0.05600365513283       -1.92356426962065
H            2.17602279122683       -0.56949259196291       -3.10574981982531
H            0.51548962191324        1.80101889386224        0.11913485173003
H           -1.52548118400030        1.88112282648879        0.76974899960637
H           -1.79194200510211       -1.35631045869114       -0.95704166788568
H           -4.32567964189117       -0.02241381192078       -2.04784256126959
H           -3.80068001308186       -1.68473378185368       -2.42373727793155
H           -2.38732290090090        0.65726134487319       -3.08158059860101
H           -4.54861488816977       -0.82193778529135        0.26070298047243
H           -3.04618906134478       -3.18312197589355       -0.08681470205709
H           -1.96974488768760       -1.69265669143234        1.67272081265367
H           -4.20121545634319       -2.38730266642506        2.39625301734481
H           -3.57301330338159        0.90601363665757        1.69809825403968
H           -2.51566884193438        0.12478827986928        3.72849512699361
H            1.64797267246714       -0.18548439338749        2.14009429003637
H            0.97309284145031        2.53564739041878        2.40150117932119
H            3.09877916722194        2.30179572284031        1.08006624888727
H            3.42646814641936        1.38416673672138        3.28482310281923
48
 energy: -84.837509277009 gnorm: 0.000410943264 xtb: 6.7.1 (edcfbbe)
C            5.60639907740343        0.12579151486349       -1.02439879990343
O            4.85273301650257        0.94040599141801       -0.13554753728989
C            3.62618261212139        0.42041306402436        0.22066903353724
O            2.75759007348957        0.51062114056815       -0.88981315529212
C            1.45152289653606        0.01352633957270       -0.67301971356806
C            0.74100837447893        0.15592152411583       -2.02659754779226
O            1.23470815385862       -0.75062519015241       -2.97258552378293
C            0.73283875762406        0.77796044997527        0.45717592252416
O           -0.46832411424062        0.11057126524807        0.82112930613497
C           -1.68104874892983        0.79575076147942        0.69329236006786
O           -2.28361632971914        0.61268687851829       -0.55875500860444
C           -2.68923213805845       -0.72778314340482       -0.84701136018584
C           -3.45501426057479       -0.67875702243348       -2.17804797871793
O           -2.66203260213905       -0.25193140181826       -3.25022742987908
C           -3.57681260301610       -1.32986233121934        0.25398494917545
O           -3.86838658919929       -2.68155962327687        0.01314477107680
C           -2.92303240602812       -1.14048855427485        1.63050406703124
O           -3.77529884298297       -1.56165673946978        2.66807262732036
C           -2.62817078615777        0.34796023062408        1.81913104076272
O           -2.04777444092258        0.64013633683120        3.05471880615511
C            1.62998851196614        0.82219727519576        1.71025299031153
O            1.11740786444729        1.63785037852506        2.72975036621238
C            3.07457359791502        1.24313067891745        1.38832278610827
O            3.89464406306674        1.03959102097537        2.50634941098515
H            5.09841598586522        0.02643272202868       -1.98558559131257
H            5.77124849936999       -0.86506768901168       -0.58994396412418
H            6.55574106513766        0.63797357166593       -1.15535114461080
H            3.71483728320667       -0.64133597465859        0.53630470606103
H            1.49771306621059       -1.04995118978177       -0.38768863368679
H            0.87088533982132        1.19115536233631       -2.36770163597468
H           -0.32044010922530       -0.05803192649511       -1.92229960806675
H            2.17402034480136       -0.56930081319978       -3.10505547675087
H            0.51574867766008        1.80039120566078        0.11882478958450
H           -1.52534903849687        1.88107755261702        0.76943729127782
H           -1.79207496848087       -1.35693288848438       -0.95683091180256
H           -4.32508200085070       -0.02244905997607       -2.04843207405633
H           -3.80000956541949       -1.68461821550605       -2.42455712843203
H           -2.38744429135312        0.65820927316621       -3.08123552846361
H           -4.54847843414438       -0.82148118302721        0.26072760828159
H           -3.04669123911792       -3.18283523908781       -0.08616168350081
H           -1.96961204998997       -1.69211609965323        1.67276601436816
H           -4.20261920041435       -2.38613727582917        2.39507669444257
H           -3.57280128687263        0.90652000684164        1.69851312105485
H           -2.51465964084620        0.12466789734183        3.72852630600438
H            1.64783914582804       -0.18642514389539        2.13997040490456
H            0.97353937037838        2.53526874675112        2.40028445041850
H            3.09777558307138        2.30153205997318        1.07914776395309
H            3.42664225400450        1.38159964353907        3.28425279228022
48
 energy: -84.837514670838 gnorm: 0.000549548304 xtb: 6.7.1 (edcfbbe)
C            5.61034832568682        0.12937022427594       -1.02176845553737
O            4.85134983131542        0.94296964283587       -0.13687975161191
C            3.62563687492852        0.42092089639309        0.21796395964016
O            2.75610513989135        0.51112533198897       -0.89210170653529
C            1.45094638095376        0.01209205855906       -0.67375279316139
C            0.73767915530722        0.15315497231431       -2.02602195101150
O            1.23157986677883       -0.75096744747298       -2.97378575419674
C            0.73249995481351        0.77630276745598        0.45685152944159
O           -0.46860096597980        0.10978479170096        0.82111223885180
C           -1.68095283079539        0.79571181741247        0.69344587642976
O           -2.28329691904059        0.61224478841289       -0.55868625291838
C           -2.68945888239058       -0.72829018649816       -0.84641733393463
C           -3.45407176819848       -0.67884509239632       -2.17814304347199
O           -2.65949003508350       -0.25087622763679       -3.24896239966889
C           -3.57742238564692       -1.32929290933269        0.25461117668074
O           -3.86990187737305       -2.68086932513205        0.01518621438911
C           -2.92310139378262       -1.13951429184297        1.63087595219404
O           -3.77478792601721       -1.56166834121440        2.66850680428685
C           -2.62792125201103        0.34881955909383        1.81946274793171
O           -2.04666623749801        0.64098280149343        3.05484445885376
C            1.63000842993165        0.82072915896534        1.70970148212246
O            1.11737242767774        1.63667519473062        2.72940366275010
C            3.07373317043181        1.24224291109723        1.38653039812116
O            3.89551816446903        1.03982581834521        2.50342521359658
H            5.10833439547261        0.03047771105417       -1.98619577171266
H            5.77326263681362       -0.86172818102397       -0.58707688669411
H            6.56036986211512        0.64198468050617       -1.14657884708056
H            3.71511865398560       -0.64106079245907        0.53225328669797
H            1.49920686194507       -1.05111594569631       -0.38802101638504
H            0.86391866339239        1.18908335222967       -2.36618422644557
H           -0.32285030421876       -0.06357483585373       -1.91934185427548
H            2.17094217608055       -0.56938347591168       -3.10446759010943
H            0.51629402634287        1.79881752393482        0.11829833361264
H           -1.52467447760328        1.88098742091921        0.76889444624062
H           -1.79270496032360       -1.35805158907730       -0.95582546972180
H           -4.32422554407122       -0.02280544009646       -2.04931114809588
H           -3.79829572644130       -1.68461689855075       -2.42611496652315
H           -2.38775769467523        0.66013501348753       -3.08007918517045
H           -4.54864874005225       -0.82015081446027        0.26102258022879
H           -3.04876958705491       -3.18279213616361       -0.08491369512759
H           -1.96948741475906       -1.69096550843606        1.67269427465071
H           -4.20637187331435       -2.38289127488472        2.39198876711266
H           -3.57230817287376        0.90792681463107        1.69950622068690
H           -2.51216767955216        0.12434058680294        3.72871950581787
H            1.64787873653630       -0.18782954086812        2.13951958219754
H            0.97421845260339        2.53398841788989        2.39917834625012
H            3.09539971506389        2.30072767585655        1.07725642152775
H            3.42621067383317        1.37586451057329        3.28285956357243
48
 energy: -84.837516488833 gnorm: 0.000409182387 xtb: 6.7.1 (edcfbbe)
C            5.61272902823403        0.13154460036047       -1.02048518955154
O            4.85066133380494        0.94506379776812       -0.13816015490551
C            3.62556242784385        0.42160021702391        0.21648535740259
O            2.75551951125106        0.51134775645475       -0.89337028225975
C            1.45082426508950        0.01137371139600       -0.67414583938862
C            0.73645109450580        0.15165004235129       -2.02592793785507
O            1.23124609103391       -0.75157768907692       -2.97414161248288
C            0.73233898470007        0.77562177773275        0.45645257183373
O           -0.46873930842524        0.10929592286635        0.82093254372711
C           -1.68098743336419        0.79552296518666        0.69341509998222
O           -2.28363725343953        0.61211399906700       -0.55855299664750
C           -2.68987766591747       -0.72840902309445       -0.84612098595958
C           -3.45386726274146       -0.67901670637732       -2.17820767700674
O           -2.65880188467416       -0.25045312740986       -3.24843837260394
C           -3.57813515500561       -1.32855249896352        0.25512511469504
O           -3.87160614164926       -2.67999341026229        0.01611768052433
C           -2.92350370139427       -1.13922038551466        1.63132867770234
O           -3.77491260417890       -1.56167297672186        2.66910082855720
C           -2.62789692828835        0.34902939715221        1.81971254129055
O           -2.04626970883786        0.64110164952119        3.05495343567573
C            1.63020655382467        0.81959514733113        1.70902081507197
O            1.11772259336977        1.63502407944390        2.72913151489019
C            3.07345187311067        1.24217431857502        1.38560083925309
O            3.89584803088625        1.03982144572207        2.50205031659254
H            5.11438522920309        0.03274584526306       -1.98684603727656
H            5.77416264022782       -0.85962521617031       -0.58542805058146
H            6.56317655549063        0.64427317119607       -1.14166802059329
H            3.71599552624204       -0.64050433993613        0.53022413484185
H            1.50012918337310       -1.05174109188108       -0.38808271238812
H            0.86048090652149        1.18793977428159       -2.36622934296869
H           -0.32369157678690       -0.06693126452120       -1.91856703513597
H            2.17062026068270       -0.56927711522865       -3.10450049425264
H            0.51624640259789        1.79823064817898        0.11793992168722
H           -1.52427420840858        1.88075219444259        0.76867350008195
H           -1.79320716169121       -1.35842327438940       -0.95490330724617
H           -4.32438908558673       -0.02334912560693       -2.04967833429090
H           -3.79750198815470       -1.68484088365377       -2.42665001666931
H           -2.38794313838306        0.66077215055442       -3.07937711553512
H           -4.54904568452788       -0.81872008411687        0.26161103250033
H           -3.05082438323889       -3.18251427120560       -0.08431595019753
H           -1.96990597845593       -1.69073302257155        1.67278774801933
H           -4.20913482776260       -2.38092787475770        2.39092812341331
H           -3.57207496206990        0.90850192629601        1.69995664686641
H           -2.51098534803443        0.12385254122169        3.72887437674569
H            1.64851757323243       -0.18904444853199        2.13861891461554
H            0.97481181328403        2.53252883222878        2.39944792254124
H            3.09454313389299        2.30080053716065        1.07660055251028
H            3.42558030624542        1.37324556902801        3.28219019946020
