48
 energy: -84.834585572272 gnorm: 0.083137428948 xtb: 6.7.1 (edcfbbe)
C            5.57369954137227        1.27545468273114        0.73134369656788
O            4.43872161612848        1.45513582805510       -0.10976383991611
C            3.22831833835651        1.14480556515870        0.47891324515534
O            3.11828220985207       -0.25645877976448        0.59700513084322
C            1.93561805032177       -0.65777896946744        1.25628184085336
C            2.02067176677072       -2.17799507521744        1.43656296329957
O            3.00160769937395       -2.54916488052171        2.36706381832811
C            0.64675092578852       -0.25610047327262        0.50172333584631
O           -0.36022116961094       -0.40005392628068        1.50461517036145
C           -1.65909005364685       -0.91915462215501        1.35154213878936
O           -2.64193071595919        0.07860007776420        1.25437985733472
C           -2.95221106068277        0.62397611663874       -0.02507772472225
C           -4.11342656404411        1.60476864840233        0.20740431917401
O           -4.45204247172041        2.31014966024821       -0.96140096359268
C           -3.34844616125528       -0.48417162004586       -1.00980777610031
O           -3.58154942187852        0.00351287117934       -2.30692789435022
C           -2.19870742710132       -1.49024842442282       -1.09602966955903
O           -2.52707048153311       -2.59953395077414       -1.89793326578012
C           -1.88573195346572       -2.03232319238982        0.30445573995002
O           -0.78880198948700       -2.90567596816775        0.29263807988323
C            0.71871533482868        1.19999534761847       -0.01509407755167
O           -0.16310705752233        1.43176319654296       -1.09146959578579
C            2.12292965762524        1.67814840803772       -0.43395394571739
O            2.19033895417279        3.07855035863960       -0.40508324210443
H            5.69226590259209        0.22429164167092        0.99811329320274
H            5.47457734584375        1.87980084125109        1.63731943011463
H            6.42249673414791        1.61361380536629        0.14439753788234
H            3.13730484387176        1.61035009728923        1.48157657515027
H            1.88486292433879       -0.17932104360243        2.24706067793367
H            2.21828076717291       -2.63022559109188        0.45822049589725
H            1.06822360014848       -2.54561284340321        1.81684940050992
H            3.86113084059499       -2.24303645168179        2.04496542538309
H            0.48648308726696       -0.94888729732453       -0.32902533405458
H           -1.84303539848565       -1.34746165835088        2.34696129376138
H           -2.09114846469296        1.16507939571818       -0.43600038259859
H           -3.84148155414616        2.27540734353793        1.02732375284623
H           -5.00285583834942        1.04423378407024        0.50416838190274
H           -3.78540544025499        2.99030173663421       -1.13570198565258
H           -4.24258587282554       -1.00393536810805       -0.62647579849047
H           -4.17833699892934        0.77072648055895       -2.24396682801855
H           -1.32426274245137       -0.97526530336365       -1.51764295038701
H           -2.90006972372229       -2.27058832944646       -2.72964301147551
H           -2.79037619130851       -2.56934166524087        0.63401966367818
H           -0.99156883871539       -3.61912762985667       -0.33418271219588
H            0.36845020919980        1.84495138864314        0.79971462857388
H            0.18234460393512        1.01396364898678       -1.89558444600002
H            2.35548661904692        1.29825119454298       -1.44157652042974
H            1.51590210710158        3.44562464448430       -0.99879373411782
48
 energy: -84.839934032189 gnorm: 0.011397323312 xtb: 6.7.1 (edcfbbe)
C            5.57335311592322        1.27168849049418        0.73223924451124
O            4.43784228157103        1.44801167049862       -0.10859959927569
C            3.22652558836176        1.13817527352813        0.47900389965850
O            3.11050305808993       -0.26495421474304        0.59131384272597
C            1.92675224431516       -0.67329981329013        1.24759817294201
C            2.01318566349837       -2.19073594866287        1.42942837337964
O            2.99545611666204       -2.55583024904152        2.36186141994937
C            0.64609436520519       -0.21946661458171        0.50955002591131
O           -0.38096357775005       -0.35080299009993        1.49191518704867
C           -1.65872747104956       -0.92742530494918        1.36887493028923
O           -2.65128789477070        0.06092322744740        1.24684461213998
C           -2.95366613497465        0.61618863108321       -0.02900030725257
C           -4.11283904317915        1.59995868846221        0.20544410697258
O           -4.45079157894749        2.30854790738252       -0.96168827474180
C           -3.34873016662804       -0.49035458409254       -1.01273693184325
O           -3.57941678553058       -0.00094283173643       -2.30954387505070
C           -2.19651869084380       -1.49437945662795       -1.08981214585197
O           -2.52293268858192       -2.60299909816315       -1.89348500826519
C           -1.87984925252874       -2.03613635989319        0.31281086199670
O           -0.78092187208985       -2.90620183252448        0.29550572933301
C            0.72049830967890        1.22593203993083       -0.01668061926119
O           -0.16106187011283        1.44839646087974       -1.09522260516646
C            2.12830382398607        1.68483104014874       -0.43543560366012
O            2.20246814473794        3.08457405287010       -0.40801877328809
H            5.69378036252653        0.22106439705343        0.99971881969246
H            5.47378292749844        1.87711730409708        1.63739329235030
H            6.42122729796304        1.61108839778744        0.14451047601750
H            3.13660087193075        1.60241734959937        1.48243076447947
H            1.88431751424433       -0.19812912716578        2.24121358748284
H            2.21310360853233       -2.64201450655378        0.45150996567106
H            1.06118250793982       -2.55662288124169        1.81165875456281
H            3.85426875729247       -2.24637248098818        2.04071024587995
H            0.48179912462427       -0.91392615550910       -0.32073113443437
H           -1.83331476288255       -1.34430123093589        2.36941871137323
H           -2.09069254612957        1.15847909746867       -0.43488228168092
H           -3.84024297069239        2.26915561489552        1.02658014010421
H           -5.00358333890113        1.04129143615919        0.50156433159249
H           -3.78370247744634        2.98864071101465       -1.13449656669465
H           -4.24386065500125       -1.00858065669050       -0.62995332002451
H           -4.17560147755598        0.76693280409865       -2.24623750463055
H           -1.32347042210830       -0.97742709220104       -1.51230564364894
H           -2.89694765751015       -2.27329829919757       -2.72467822457413
H           -2.78309228062916       -2.57698363913193        0.63993244173308
H           -0.98463953923419       -3.61837219857676       -0.33254962872704
H            0.37086103396470        1.87283889625436        0.79610335876287
H            0.18205509091229        1.01905421408037       -1.89444544812053
H            2.35712755322041        1.30140396879647       -1.44259558901751
H            1.52576588041276        3.45283959291783       -0.99855201662156
48
 energy: -84.840477189099 gnorm: 0.004380144789 xtb: 6.7.1 (edcfbbe)
C            5.57484130166021        1.26497633670031        0.73363193444742
O            4.44035811649280        1.44086870691509       -0.10844140979077
C            3.22715535003512        1.13621290089464        0.47765797251174
O            3.10173405971822       -0.26655222924457        0.58249443601797
C            1.91643542074353       -0.67059622758462        1.24158726241631
C            1.99690108832255       -2.18981092944660        1.41188759107213
O            2.97741328134796       -2.55695313418017        2.34566266540038
C            0.63517646545188       -0.20572108006414        0.50641759434663
O           -0.38696857819617       -0.33257817050560        1.49432638151159
C           -1.65872232799559       -0.92422102827055        1.37703492815588
O           -2.66324077723390        0.05342314927688        1.24747771928828
C           -2.95556562143411        0.61022192303595       -0.02847018314399
C           -4.11411799037915        1.59502307273976        0.20319882195265
O           -4.44764926771131        2.30371095662987       -0.96509318573030
C           -3.34620442089305       -0.49655974392886       -1.01262891055634
O           -3.57245413851991       -0.01148973834680       -2.31195629580882
C           -2.19145071246302       -1.49848292949002       -1.08125278770212
O           -2.51330166846514       -2.61111795276248       -1.88146728460874
C           -1.87395267739677       -2.03773470138713        0.32343130826062
O           -0.77314170619944       -2.90576625513895        0.30333789643690
C            0.72454393450495        1.24091500713486       -0.01233595597349
O           -0.15760671173952        1.46713458250271       -1.08906596801283
C            2.13294667830142        1.69306861029641       -0.43522240760102
O            2.22176617227087        3.09237641781375       -0.40886913520320
H            5.69552150464680        0.21469474271561        1.00224302222321
H            5.47446507845275        1.87151109378241        1.63793843758885
H            6.42283858943290        1.60434564643793        0.14606033350397
H            3.13948747603572        1.59480975947122        1.48372618489026
H            1.88507717712793       -0.20629412764948        2.24250902117305
H            2.19853043816109       -2.64220744614373        0.43480212772192
H            1.04570266620040       -2.55848311682568        1.79354001167403
H            3.83747552170456       -2.24763182823822        2.02769654779698
H            0.46018941702022       -0.89275399477655       -0.32976702492385
H           -1.82937726669493       -1.34051138313011        2.37683668085919
H           -2.08947152111420        1.15156361095807       -0.42931463216620
H           -3.84193947592551        2.26347312241954        1.02501789075176
H           -5.00603173212219        1.03708222294626        0.49712068943866
H           -3.77999248680398        2.98393229913336       -1.13520522003197
H           -4.24212004931899       -1.01518377796651       -0.63225274339256
H           -4.16831023595656        0.75699692462130       -2.25208084008782
H           -1.31839513459187       -0.98140865758963       -1.50386993815119
H           -2.88854085485853       -2.28452424610806       -2.71345280931500
H           -2.77604825162937       -2.58049502269426        0.65114723821034
H           -0.97604630367771       -3.61759558050345       -0.32541923216892
H            0.38018411414649        1.89341444129326        0.79837593607005
H            0.17982831595280        1.03185593006996       -1.88764614237028
H            2.35786283608996        1.30738069776171       -1.44249348736841
H            1.54421499545994        3.46567484778531       -0.99537084478439
48
 energy: -84.840800702388 gnorm: 0.004946580779 xtb: 6.7.1 (edcfbbe)
C            5.57724227065713        1.25533444828785        0.73557529337194
O            4.44477019902608        1.43145968847365       -0.10898832057374
C            3.22905959386627        1.13297117387710        0.47467557506104
O            3.09293293099739       -0.26902916210753        0.56927088158293
C            1.90587810771034       -0.66661060479707        1.23092284707710
C            1.97707457826686       -2.18765728067196        1.39015579553723
O            2.95530893198976       -2.56309647122880        2.32391997953849
C            0.62214187447988       -0.18922626066269        0.50496471892109
O           -0.38963982749261       -0.31680147190409        1.50397039884406
C           -1.65732561602087       -0.91659541993213        1.38485078084756
O           -2.67690070308445        0.04660814903573        1.25107124089563
C           -2.95684722189310        0.60325968944495       -0.02614810831965
C           -4.11572248123743        1.58896101852420        0.19808385080596
O           -4.44276676260268        2.29686922196038       -0.97244424940555
C           -3.34106270357201       -0.50496160940892       -1.01139597376465
O           -3.56097714002242       -0.02605473501056       -2.31428465659142
C           -2.18442403255301       -1.50514587881728       -1.07179776552343
O           -2.50031792287228       -2.62452246399889       -1.86545877493645
C           -1.86617370129160       -2.03696875645602        0.33617071808197
O           -0.76446607575049       -2.90378148119651        0.31584365994439
C            0.72506067415454        1.26070739399138       -0.00622632061748
O           -0.15930499582130        1.49928620220479       -1.07920081139788
C            2.13681141932879        1.70085593849345       -0.43374198586681
O            2.24329036858736        3.09922879162615       -0.40775785438086
H            5.69752491943881        0.20533305057632        1.00572143330693
H            5.47541130641593        1.86289711811769        1.63901838142559
H            6.42634744201901        1.59394620326670        0.14917600854425
H            3.14447174181109        1.58408848702692        1.48420667406474
H            1.88359036914759       -0.21266008233345        2.23717055021076
H            2.17867879357123       -2.63688732375152        0.41178818610876
H            1.02530297065278       -2.55773800153577        1.76901569546033
H            3.81666052976123       -2.25392837384269        2.00951395202603
H            0.43512254365442       -0.86595345475255       -0.33703554541242
H           -1.82573335272458       -1.33315174830462        2.38392109044307
H           -2.08663986631714        1.14319076559177       -0.42031441655046
H           -3.84643260708832        2.25703286797017        1.02103315356399
H           -5.00902640268499        1.03131518853157        0.48828930281896
H           -3.77479280457317        2.97785876172840       -1.13808329643018
H           -4.23791888236784       -1.02444328360154       -0.63437129601750
H           -4.15664248854870        0.74283940596677       -2.26008267398081
H           -1.31167732782110       -0.98865459567241       -1.49578799252466
H           -2.87691382887626       -2.30397865858023       -2.69921503459225
H           -2.76679765857439       -2.58055039157308        0.66660945916281
H           -0.96643586467043       -3.61573093128604       -0.31308493761037
H            0.39064743338670        1.91760022273993        0.80530548478161
H            0.16898411280207        1.05843852337125       -1.87868442525558
H            2.35563399748887        1.31370846661499       -1.44191191800686
H            1.56699324719746        3.48033136710762       -0.99074455962635
48
 energy: -84.840961424943 gnorm: 0.003902910187 xtb: 6.7.1 (edcfbbe)
C            5.57859632615864        1.24718747876815        0.73665440904932
O            4.44822564115488        1.42471837499267       -0.11045660159731
C            3.23103275954235        1.13028037365757        0.47177566329750
O            3.08787969193209       -0.27095000432473        0.55923615143149
C            1.90032589517513       -0.66261075804997        1.22270873374178
C            1.96319061031305       -2.18496371736555        1.37380813994966
O            2.93989827502483       -2.57116702446008        2.30536911867710
C            0.61510610093262       -0.17882709127788        0.50394432816016
O           -0.39054295032313       -0.30835574622273        1.50929573805855
C           -1.65648685910365       -0.91030044435859        1.38997264250159
O           -2.68466865441298        0.04345059954874        1.25503310707625
C           -2.95685262153430        0.59826226010935       -0.02411407261343
C           -4.11705782455739        1.58415473278627        0.19163006379116
O           -4.43776735982269        2.29086816859647       -0.98123183636170
C           -3.33608076434942       -0.51193614959070       -1.01024064510241
O           -3.55033107905939       -0.03663644301110       -2.31550208651246
C           -2.17922846376226       -1.51176135044426       -1.06501698812315
O           -2.49188519991228       -2.63685050418498       -1.85197035537207
C           -1.86155901223233       -2.03571641080069        0.34582269635076
O           -0.76040363492553       -2.90280360635090        0.32835521102099
C            0.72490286309231        1.27557143519553        0.00089705134216
O           -0.16305853919881        1.53032624116283       -1.06639514567687
C            2.13907614898186        1.70605219342349       -0.43198768851904
O            2.25696863468616        3.10345149030915       -0.40539607490883
H            5.69742603324242        0.19713110158317        1.00777447358248
H            5.47569868191314        1.85508233196744        1.63975616775322
H            6.42950054999061        1.58434307789547        0.15203142047918
H            3.14932631724734        1.57621390563992        1.48373254485420
H            1.88218783402648       -0.21298138336808        2.23015198482241
H            2.16251651795258       -2.62878128179353        0.39249860886183
H            1.01002588461979       -2.55348680601705        1.75012037986093
H            3.80195153762599       -2.26280751973159        1.99248089173030
H            0.42016474603973       -0.84799917619451       -0.34090380254331
H           -1.82280387082787       -1.32514159343230        2.39054301320598
H           -2.08378601465496        1.13721383765159       -0.41319381477566
H           -3.85239534472834        2.25264809583407        1.01571814788812
H           -5.01160220568051        1.02626317598332        0.47772468071165
H           -3.76972431265419        2.97285024374416       -1.14234651874044
H           -4.23399742166414       -1.03150454962948       -0.63587133041469
H           -4.14627965649811        0.73205364384964       -2.26642297449193
H           -1.30675750837445       -0.99708549846935       -1.49182556107098
H           -2.86790065880428       -2.32248514881205       -2.68825680575180
H           -2.76164531989561       -2.57800306329457        0.67943156930010
H           -0.96134092186146       -3.61478141824973       -0.30082532280508
H            0.40043352565057        1.93181874749469        0.81704099968315
H            0.15548035452703        1.08893679862080       -1.86945111609234
H            2.35093035517490        1.31824690039389       -1.44147638505519
H            1.58331100181626        3.49080518489027       -0.98713861543129
48
 energy: -84.841082252008 gnorm: 0.002462534573 xtb: 6.7.1 (edcfbbe)
C            5.57948593238320        1.24005473811744        0.73660829666526
O            4.45123778006630        1.42057664100156       -0.11277917076937
C            3.23322793529032        1.12880173681163        0.46884624001225
O            3.08510342525365       -0.27172172734392        0.55171584573525
C            1.89806394607678       -0.65879570670867        1.21660947826217
C            1.95416375037175       -2.18202579580919        1.36201231005472
O            2.93085797352421       -2.57953352634447        2.28892218421801
C            0.61228266529902       -0.17190327741107        0.50277540377229
O           -0.39080627967115       -0.30422607944800        1.51063117168360
C           -1.65631073774085       -0.90559723653192        1.39284998529024
O           -2.68806389593241        0.04287790202865        1.25823027864387
C           -2.95630516707074        0.59469515374707       -0.02323753119959
C           -4.11843955277871        1.58010809365874        0.18403216568778
O           -4.43225530339475        2.28555910247011       -0.99128324079570
C           -3.33156240209769       -0.51773265983000       -1.00975798758520
O           -3.54002518851126       -0.04393643742894       -2.31645336100231
C           -2.17602892081621       -1.51880064606398       -1.05961344700921
O           -2.48820555052214       -2.64854983871609       -1.83985958569246
C           -1.86066303099012       -2.03540125111800        0.35375504861075
O           -0.76141499888076       -2.90440645529601        0.34151398612506
C            0.72571764164573        1.28740326344202        0.00992571012576
O           -0.16812106551873        1.56071316446782       -1.04863217186099
C            2.14064194248499        1.71041266594778       -0.43017255656208
O            2.26579843190802        3.10678641295555       -0.40306692507322
H            5.69526297538766        0.18960130137335        1.00809319795482
H            5.47600493605749        1.84783401899603        1.63972619221122
H            6.43275752008855        1.57496707949636        0.15416216102742
H            3.15418684010141        1.57143652800558        1.48239744809767
H            1.88203781351198       -0.21040868530518        2.22363260724859
H            2.14894721371299       -2.61990379293947        0.37696579729690
H            0.99982430926057       -2.54750139564660        1.73749200892538
H            3.79301768855812       -2.27288903776889        1.97508577263243
H            0.41301593862900       -0.83485318692975       -0.34433236100735
H           -1.82041827458498       -1.31771934324005        2.39586126833011
H           -2.08150973200680        1.13317109606869       -0.40863468895205
H           -3.85958875806094        2.24942565498804        1.00935924360651
H           -5.01431204852923        1.02164191033720        0.46518633511238
H           -3.76398270927838        2.96836320722258       -1.14785190118541
H           -4.23105561598600       -1.03629172054437       -0.63788196236587
H           -4.13651572251766        0.72432162498963       -2.27199836638242
H           -1.30308152837924       -1.00752629159372       -1.48970445404122
H           -2.86097221852077       -2.34019258456145       -2.67969551411485
H           -2.76169098648631       -2.57452644085504        0.68972928143391
H           -0.96130577908717       -3.61628304164470       -0.28806176406330
H            0.41199959575645        1.93848932129463        0.83432703459998
H            0.13930614246010        1.12311058198341       -1.85800720485101
H            2.34456358319875        1.32177711913542       -1.44099361838316
H            1.59512957439557        3.49859154670114       -0.98494444505271
48
 energy: -84.841190281146 gnorm: 0.002749616537 xtb: 6.7.1 (edcfbbe)
C            5.58078343603526        1.23280162493220        0.73503312717565
O            4.45442594043953        1.41847249353141       -0.11585580719919
C            3.23607654874215        1.12870242208546        0.46597486639564
O            3.08384593186969       -0.27125294945607        0.54574502456283
C            1.89795290455012       -0.65517764465322        1.21208022358943
C            1.94860784808113       -2.17914030890675        1.35267913305044
O            2.92755050654902       -2.58720503247517        2.27214506241028
C            0.61201031122551       -0.16614415899957        0.50178925231900
O           -0.39118507116782       -0.30189294737904        1.50942595120727
C           -1.65701705351881       -0.90176544263890        1.39427150059196
O           -2.68911371361289        0.04441202778601        1.26027987010910
C           -2.95598731594841        0.59190126764567       -0.02412035600035
C           -4.12056484733046        1.57614992574331        0.17453441146217
O           -4.42655654574670        2.28048016637097       -1.00341173627346
C           -3.32749493837270       -0.52301637438664       -1.01045884656994
O           -3.52894718511225       -0.04958910107119       -2.31822825355943
C           -2.17474641296966       -1.52718584156492       -1.05481915724673
O           -2.48918089893433       -2.66117327354220       -1.82772482724012
C           -1.86311963073533       -2.03613090693866        0.36126719962570
O           -0.76716481149132       -2.90885858688527        0.35668329513191
C            0.72818170208902        1.29848606908394        0.02247796745567
O           -0.17426482384979        1.59341879160058       -1.02327379993882
C            2.14209156248879        1.71503091230472       -0.42786787646691
O            2.27265434432257        3.11034395695099       -0.40124091333534
H            5.69156756881816        0.18158448625487        1.00608374687735
H            5.47783905948200        1.84008686959630        1.63855821536445
H            6.43676951263028        1.56448705702464        0.15477968846585
H            3.15994591580754        1.56921701602947        1.48070242309192
H            1.88379102469786       -0.20708014693962        2.21867338583239
H            2.13616998149450       -2.61164922818298        0.36360040462206
H            0.99397536220395       -2.54094703212481        1.73022400489081
H            3.78925116604570       -2.28357938468226        1.95442005786853
H            0.41117349686687       -0.82277690562112       -0.34880504361964
H           -1.81862617152477       -1.31067734877438        2.39994334288231
H           -2.08047435263945        1.13061869249192       -0.40700324750413
H           -3.86862750972796        2.24640235419274        1.00131210040118
H           -5.01797559874280        1.01689637320792        0.44951490555666
H           -3.75792369734805        2.96400163152256       -1.15519464483162
H           -4.22944180282267       -1.03939229213068       -0.64158912538798
H           -4.12584681784772        0.71848530256366       -2.27835459894996
H           -1.30015973628369       -1.02130397366126       -1.48822642106465
H           -2.85574585797105       -2.35898046068867       -2.67240625139027
H           -2.76664524229660       -2.57004833304177        0.69907964153313
H           -0.96627702984683       -3.62104203251563       -0.27276372411028
H            0.42779436473315        1.94091189690834        0.85866744061250
H            0.11969022849162        1.16330960834653       -1.84177486693471
H            2.33664175989339        1.32476169134954       -1.43988674441120
H            1.60429667649433        3.50504077759060       -0.98345580536517
48
 energy: -84.841275239252 gnorm: 0.003123031984 xtb: 6.7.1 (edcfbbe)
C            5.58299786206304        1.22573263864888        0.73164144907129
O            4.45742976393645        1.41831302201989       -0.11889124841185
C            3.23923052734565        1.13008677320565        0.46404317230645
O            3.08386517367250       -0.26962073919256        0.54192503071780
C            1.89919517797365       -0.65245197068953        1.20974179896243
C            1.94671088886421       -2.17702356334447        1.34625141244748
O            2.93052404259479       -2.59229006938472        2.25647076760801
C            0.61311018221731       -0.16123834305445        0.50182328251325
O           -0.39200874956243       -0.30010372349717        1.50741578215939
C           -1.65862358658621       -0.89868228305927        1.39444584345407
O           -2.68918231831792        0.04769822666394        1.26045219843066
C           -2.95655983591540        0.59006189454071       -0.02705425652256
C           -4.12362693644225        1.57268801396470        0.16433564452349
O           -4.42225070911341        2.27638650779030       -1.01593052213767
C           -3.32463917043043       -0.52723206120137       -1.01256677959844
O           -3.51857849747911       -0.05381883588764       -2.32132958056601
C           -2.17536463066797       -1.53565661596817       -1.05121310773097
O           -2.49425140421471       -2.67315017454239       -1.81697867076934
C           -1.86783887150777       -2.03738925805097        0.36766022766062
O           -0.77576202617219       -2.91470719806440        0.37163007041560
C            0.73195051031628        1.30794541110999        0.03686378221816
O           -0.17988615812673        1.62256696588482       -0.99445265233515
C            2.14336110047946        1.71990778362599       -0.42488349490280
O            2.27779358439474        3.11449208530415       -0.39979887421919
H            5.68780142433923        0.17350437070110        1.00125365070834
H            5.48262019050211        1.83215432189545        1.63606508817547
H            6.44109885743586        1.55369397444482        0.15249654391074
H            3.16618960614923        1.56930675176052        1.47969080243763
H            1.88714673896007       -0.20515302906224        2.21674800316906
H            2.12529716597151       -2.60609632992037        0.35379139226054
H            0.99319774930792       -2.53604973034381        1.72905350585286
H            3.79116489727491       -2.29244199706624        1.93224105043393
H            0.41303485653153       -0.81186933695269       -0.35351145661836
H           -1.81813854948487       -1.30465119015298        2.40212707217335
H           -2.08134338132563        1.12980084936123       -0.40890394672031
H           -3.87822174391907        2.24360334348418        0.99253104589623
H           -5.02253859613928        1.01269214218451        0.43296961276533
H           -3.75329588793950        2.96053511781391       -1.16343262475544
H           -4.22958006431313       -1.04086582816834       -0.64719071951423
H           -4.11551680970191        0.71452597054835       -2.28539415582491
H           -1.29828500338590       -1.03626430856513       -1.48734485499329
H           -2.85319833136781       -2.37641839016248       -2.66681793676652
H           -2.77467520283313       -2.56508769309289        0.70703279971871
H           -0.97498855340461       -3.62844499294624       -0.25603281705734
H            0.44544788849080        1.94100135379692        0.88515570938951
H            0.10106073685776        1.20157710258420       -1.82242476068607
H            2.32890688973145        1.32749511005522       -1.43768909534171
H            1.60921929137635        3.51093164058264       -0.98053098788665
48
 energy: -84.841338863367 gnorm: 0.002411441109 xtb: 6.7.1 (edcfbbe)
C            5.58631554536882        1.21876222698010        0.72634567969081
O            4.45991820912107        1.41910846870048       -0.12145423603475
C            3.24237643376280        1.13232126916924        0.46358839367461
O            3.08451606744973       -0.26739741931237        0.54030605014959
C            1.90071198584054       -0.65068063905606        1.20962380346052
C            1.94741923135683       -2.17575415719779        1.34238886852193
O            2.93837856490619       -2.59447672598469        2.24253373206110
C            0.61435953103840       -0.15680511493712        0.50336408492353
O           -0.39329957420187       -0.29790355041712        1.50619318859576
C           -1.66082719677959       -0.89585520689446        1.39389241737191
O           -2.68944221956646        0.05204475968569        1.25878545353828
C           -2.95816851829057        0.58901985591323       -0.03157679127177
C           -4.12758150316152        1.56978748985004        0.15431739553052
O           -4.41998347466502        2.27337680809432       -1.02775655497343
C           -3.32298225287896       -0.53033858224474       -1.01585627643740
O           -3.50960306011201       -0.05717774499662       -2.32575948581854
C           -2.17708061497858       -1.54317764451715       -1.04887266937763
O           -2.50144692173426       -2.68341620269860       -1.80823032777383
C           -1.87308640098376       -2.03840268488823        0.37271437445896
O           -0.78456338408756       -2.91995193303335        0.38471339051489
C            0.73596224775307        1.31571501306821        0.05127723476778
O           -0.18416332748414        1.64586003935495       -0.96640091681948
C            2.14438902878719        1.72443813453679       -0.42104269033442
O            2.28165647282303        3.11869331077006       -0.39822129839067
H            5.68532378758476        0.16545103024276        0.99365416489421
H            5.49084256805967        1.82403067306467        1.63212961388218
H            6.44522880962216        1.54301232658290        0.14643452286952
H            3.17260251464434        1.57065978054143        1.48000375864484
H            1.89112123839368       -0.20533216794308        2.21787918697819
H            2.11628150311300       -2.60324687677757        0.34744610996398
H            0.99645554916923       -2.53369525295753        1.73286892833573
H            3.79726503781550       -2.29812736797484        1.91014881857817
H            0.41605738347560       -0.80197824073056       -0.35714697275198
H           -1.81926653007009       -1.29930856422591        2.40273575450886
H           -2.08395425933272        1.13036478138666       -0.41355701107391
H           -3.88760352266734        2.24093942776682        0.98380397866852
H           -5.02778767311217        1.00917260869405        0.41712213550594
H           -3.75082164506262        2.95810716702377       -1.17166764074684
H           -4.23097548757581       -1.04138976598279       -0.65435577773353
H           -4.10621653722208        0.71178631989011       -2.29297792118338
H           -1.29730847822931       -1.05033729173230       -1.48708177757857
H           -2.85304504654171       -2.39096889518018       -2.66258860232520
H           -2.78309578878323       -2.56011922675900        0.71355421926650
H           -0.98510277422464       -3.63702832609115       -0.23878195047160
H            0.46222399347866        1.94080952530931        0.90955739964030
H            0.08618680062461        1.23321020153974       -1.80200884485570
H            2.32240191025628        1.32997646906401       -1.43429813599193
H            1.60941186603006        3.51621560667966       -0.97426258063384
48
 energy: -84.841379456710 gnorm: 0.001389311018 xtb: 6.7.1 (edcfbbe)
C            5.59037207128058        1.21205676197361        0.71966679296196
O            4.46161853380413        1.41940466827139       -0.12344216347146
C            3.24517349218550        1.13418924123566        0.46457765555454
O            3.08506725611501       -0.26560838951381        0.54054585487347
C            1.90147438537956       -0.64967937423951        1.21112982556057
C            1.94889864268462       -2.17512188994261        1.34055960450497
O            2.94804134527281       -2.59442701764647        2.23112931924440
C            0.61477198231397       -0.15297603013148        0.50621198451612
O           -0.39488217713307       -0.29506073108693        1.50672365631492
C           -1.66313879917132       -0.89292861717981        1.39324378804885
O           -2.69053991558624        0.05644592378445        1.25597202884487
C           -2.96039438028686        0.58861012378846       -0.03655723502200
C           -4.13199750705235        1.56747072560223        0.14545328638507
O           -4.42009722832887        2.27123434592160       -1.03779976947177
C           -3.32205422346284       -0.53245069619068       -1.01957207574073
O           -3.50249211129869       -0.06007739381703       -2.33078814543000
C           -2.17862443630315       -1.54867796198740       -1.04760195432503
O           -2.50773285381868       -2.69107025245289       -1.80174364897134
C           -1.87693255368311       -2.03851259699239        0.37632548823449
O           -0.79061952831418       -2.92258841606689        0.39446593469025
C            0.73923438520954        1.32170278496781        0.06359644663552
O           -0.18673720168164        1.66281410205605       -0.94357210473229
C            2.14530636392029        1.72781051508303       -0.41660873188054
O            2.28480160535211        3.12201536766905       -0.39614028932216
H            5.68507994782994        0.15783042541426        0.98440425272985
H            5.50134272827858        1.81610801975475        1.62698357676117
H            6.44853823358702        1.53328717482200        0.13703627972838
H            3.17872115283899        1.57187130694990        1.48158534574307
H            1.89430567543158       -0.20697473685267        2.22083868436329
H            2.10861534347329       -2.60217017077259        0.34396024729177
H            1.00140233162462       -2.53363930879324        1.73944613731399
H            3.80451051096722       -2.29996477346810        1.89060781336021
H            0.41766438904763       -0.79366341942873       -0.35858256902644
H           -1.82190335176751       -1.29427554389884        2.40259618070852
H           -2.08741564666465        1.13176117208105       -0.41915650170736
H           -3.89615891242694        2.23855135084179        0.97604818240557
H           -5.03296756837871        1.00609324040960        0.40364787487208
H           -3.75130035743981        2.95697648025589       -1.17871317529510
H           -4.23253423504047       -1.04174168104806       -0.66181559777103
H           -4.09865241344689        0.70953127566128       -2.30046632678551
H           -1.29674162871736       -1.06119723744007       -1.48739798197610
H           -2.85415622497233       -2.40167149935511       -2.65916886218843
H           -2.78903474112312       -2.55595344395573        0.71841970728426
H           -0.99335603668996       -3.64456360052423       -0.22274774480064
H            0.47562472529376        1.94151413055961        0.92856189487053
H            0.07615423309347        1.25563634561062       -1.78394573014056
H            2.31796328082985        1.33193618512789       -1.43016733028758
H            1.60578150603631        3.52013682805694       -0.96426570859724
48
 energy: -84.841410696504 gnorm: 0.001578385326 xtb: 6.7.1 (edcfbbe)
C            5.59631602499065        1.20287198071744        0.70914302418772
O            4.46290049429939        1.41791117774543       -0.12589143083877
C            3.24838605874736        1.13532738825444        0.46718311562467
O            3.08512209820617       -0.26442945411792        0.54265741419546
C            1.90112656927626       -0.64888555590010        1.21452861523089
C            1.95031692659466       -2.17466006109267        1.34000918348898
O            2.96090169938596       -2.59303634924390        2.21842459305364
C            0.61406405391978       -0.14876967154948        0.51130294894258
O           -0.39726249701226       -0.29062133106925        1.50970912089846
C           -1.66614243070227       -0.88845018196141        1.39269169267694
O           -2.69300306226063        0.06208274521503        1.25153704384082
C           -2.96352954710201        0.58880522149494       -0.04302111825102
C           -4.13817447447254        1.56494401053743        0.13496953006459
O           -4.42281806077127        2.26862327138882       -1.04941580070587
C           -3.32103075252280       -0.53435276294438       -1.02446489323952
O           -3.49507575526363       -0.06375652768877       -2.33756766039592
C           -2.17949645099901       -1.55323744689820       -1.04679377420490
O           -2.51287807532892       -2.69820713069245       -1.79526070190771
C           -1.87934699600127       -2.03717687845221        0.37969239597738
O           -0.79371830070637       -2.92179016347429        0.40353436427385
C            0.74238596250969        1.32782147044397        0.07703820065214
O           -0.18837537770766        1.67923146761513       -0.92063264924237
C            2.14648901486015        1.73080526924224       -0.41008682915053
O            2.28846967877232        3.12510586333196       -0.39209601014289
H            5.68752705049318        0.14769330599440        0.97065504006065
H            5.51702844236888        1.80537693679559        1.61844717549847
H            6.45177053547435        1.52114212573101        0.12085481264392
H            3.18679729898927        1.57235877578087        1.48477517922527
H            1.89671608366989       -0.20956590131574        2.22572327582281
H            2.09876085443948       -2.60141276275529        0.34169822888019
H            1.00815377766026       -2.53527949127232        1.75005332573549
H            3.81320490477069       -2.29767452700426        1.86822984932731
H            0.41691963721235       -0.78483094144345       -0.35727492896205
H           -1.82720742048840       -1.28721287812650        2.40235433900753
H           -2.09217234340364        1.13433998772527       -0.42646152818524
H           -3.90682934717757        2.23601377063701        0.96669572198186
H           -5.03932229481322        1.00200922286996        0.38870745376383
H           -3.75562849096313        2.95666992268485       -1.18682038213886
H           -4.23380271755377       -1.04244594462044       -0.67097744588888
H           -4.09088373672453        0.70633827529781       -2.31015404028546
H           -1.29591181760400       -1.07090352532281       -1.48850824805018
H           -2.85600147498345       -2.41190325671865       -2.65491042556954
H           -2.79254543757447       -2.55182298347640        0.72289200286993
H           -0.99978054540422       -3.65180449689439       -0.20320050408875
H            0.48856159639325        1.94340422073894        0.94756117998875
H            0.06761502425622        1.27543122622535       -1.76443167118236
H            2.31442526629834        1.33411035819576       -1.42413081506206
H            1.59697844349891        3.52380594484729       -0.94548377290970
48
 energy: -84.841431002203 gnorm: 0.001374024610 xtb: 6.7.1 (edcfbbe)
C            5.59959369500254        1.19729678797454        0.70196128253500
O            4.46283112018941        1.41485958451011       -0.12775539830631
C            3.24974631486528        1.13437497104167        0.46912836422294
O            3.08427312614984       -0.26508344660367        0.54475662432784
C            1.89984767426012       -0.64849846245845        1.21712402086018
C            1.94951816708746       -2.17434218397605        1.34113282879285
O            2.96633410465335       -2.59269590640373        2.21280991109810
C            0.61286021945929       -0.14725910000621        0.51480478467752
O           -0.39878035222956       -0.28790852344498        1.51285535995854
C           -1.66763776645912       -0.88531620569442        1.39293222492109
O           -2.69481916187805        0.06490174081493        1.24919662754446
C           -2.96485227315939        0.58952401932129       -0.04595914018176
C           -4.14140039685136        1.56399135609571        0.13002249515927
O           -4.42577314170098        2.26678758512836       -1.05495643048281
C           -3.32013575727194       -0.53496828167330       -1.02663242867579
O           -3.49266970660737       -0.06602038013010       -2.34072914853494
C           -2.17836521088564       -1.55349997370762       -1.04668308087624
O           -2.51171910303318       -2.69995096604009       -1.79292810761406
C           -1.87812736362783       -2.03516420309442        0.38071016981482
O           -0.79076085423598       -2.91752218434793        0.40589909573764
C            0.74299342581948        1.32991611520272        0.08201148888724
O           -0.18800026115840        1.68453206954490       -0.91441105376350
C            2.14702930688165        1.73146955516225       -0.40593814370028
O            2.28999137972048        3.12577181321561       -0.38787736583086
H            5.69069151224861        0.14181331845553        0.96207263700930
H            5.52580842079948        1.79900861014156        1.61215101431973
H            6.45254986830454        1.51484961589129        0.10958098277211
H            3.19165876366308        1.57127192729358        1.48691030750201
H            1.89639373738933       -0.20996188704456        2.22835374223104
H            2.09183414994350       -2.60058333970194        0.34182825649217
H            1.01045719374329       -2.53595234885899        1.75702050134107
H            3.81562783386556       -2.29384482542477        1.85849333763021
H            0.41419658397675       -0.78204078969158       -0.35396523004010
H           -1.83135223867571       -1.28278566159202        2.40274358282595
H           -2.09414777817886        1.13612495797886       -0.42947013951962
H           -3.91220599581242        2.23559621292025        0.96188803846071
H           -5.04187683507612        0.99955488916714        0.38280462053963
H           -3.76069185708839        2.95715151295468       -1.19077382676534
H           -4.23310426476508       -1.04327844961282       -0.67419598794655
H           -4.08926590341173        0.70343160670656       -2.31507549819428
H           -1.29481235240795       -1.07215047768910       -1.48944905095068
H           -2.85616444251065       -2.41507704280030       -2.65252015852091
H           -2.79051495128058       -2.55107747265574        0.72368557839270
H           -0.99801589937466       -3.65227253848531       -0.19444257661963
H            0.49098407426958        1.94465290262464        0.95362174551281
H            0.06614107070978        1.27997072957910       -1.75848409927648
H            2.31384735807420        1.33547408856180       -1.42057653238230
H            1.58998485644769        3.52492239773934       -0.93019202745226
48
 energy: -84.841453332737 gnorm: 0.000940369367 xtb: 6.7.1 (edcfbbe)
C            5.60364949962050        1.18941915671007        0.69104561930283
O            4.46213649450682        1.40937392009496       -0.13133021321452
C            3.25131894496204        1.13220652403865        0.47176683547506
O            3.08259963294610       -0.26666086750544        0.54804069764191
C            1.89799375100403       -0.64782102160305        1.22128654098616
C            1.94711618210681       -2.17368204384794        1.34470693614107
O            2.97239412130018       -2.59313731119849        2.20629945308455
C            0.61141713581264       -0.14600680578508        0.51969131860696
O           -0.40099197223308       -0.28466891940734        1.51732760477326
C           -1.66958858454524       -0.88107887631377        1.39354013742012
O           -2.69674347023917        0.06864109666413        1.24643924383456
C           -2.96594621142133        0.59118850647968       -0.04943436524601
C           -4.14509586665385        1.56330931163053        0.12399716497596
O           -4.43095302229517        2.26343586322477       -1.06206258631661
C           -3.31878570206867       -0.53542819602410       -1.02882391580954
O           -3.49121858573209       -0.06911602114141       -2.34394494603049
C           -2.17582461758914       -1.55229316532775       -1.04676372505384
O           -2.50737540475247       -2.70048457669795       -1.79120193408767
C           -1.87518808049222       -2.03192741015355        0.38135933614765
O           -0.78406219547469       -2.90971868772521        0.40748940982455
C            0.74295511303910        1.33137485867105        0.08689676655435
O           -0.18627691602917        1.68707502166082       -0.91127867429308
C            2.14734475758203        1.73234563503405       -0.39961400643116
O            2.29100755998292        3.12654549571495       -0.37931330474957
H            5.69563644953881        0.13350955363149        0.94926123216234
H            5.53673594035053        1.78999381058247        1.60241507782586
H            6.45301189871063        1.50671673691511        0.09327974397833
H            3.19910300539729        1.56927739152095        1.48974512951152
H            1.89554707896352       -0.20884041529367        2.23207776097473
H            2.07973578617477       -2.59939365375894        0.34379056549352
H            1.01199328392362       -2.53492861644712        1.76930167449203
H            3.81722124792084       -2.28802315536043        1.84656022890350
H            0.41085272170487       -0.78038209417569       -0.34838935144170
H           -1.83744473237626       -1.27736986551428        2.40338820583299
H           -2.09589485105099        1.13883559933640       -0.43287336011760
H           -3.91828688217209        2.23668843625532        0.95503923988621
H           -5.04397874296717        0.99654103006045        0.37740448649045
H           -3.76993147539852        2.95777134271909       -1.19693478751978
H           -4.23121531266675       -1.04432769077404       -0.67595119075040
H           -4.08993356859179        0.69860190693830       -2.32078783914827
H           -1.29279179454286       -1.07071040103470       -1.49047025319744
H           -2.85541794153743       -2.41721004387431       -2.64997150909264
H           -2.78568409517161       -2.55160080749752        0.72316269502628
H           -0.99139546441778       -3.65002282905304       -0.18549574851686
H            0.48930176855796        1.94565563955280        0.95837832723246
H            0.06788064804988        1.28073293488727       -1.75453187458307
H            2.31352951671409        1.33874692050818       -1.41553166458745
H            1.57954304180774        3.52684050151286       -0.90550198385608
48
 energy: -84.841464118572 gnorm: 0.000695066128 xtb: 6.7.1 (edcfbbe)
C            5.60638102606169        1.18288673198346        0.68242971335521
O            4.46177425462537        1.40506747778112       -0.13494968592841
C            3.25265457210396        1.13063478718503        0.47299777284680
O            3.08120437755810       -0.26777558097932        0.54964165350358
C            1.89695894753669       -0.64676400319118        1.22436641872646
C            1.94454416132488       -2.17258967998595        1.34871261959570
O            2.97651019723450       -2.59333354299559        2.20156423109453
C            0.61073510874651       -0.14463632775461        0.52293757637871
O           -0.40260963604029       -0.28251678857934        1.51993430998420
C           -1.67097329659676       -0.87842793557823        1.39392607267532
O           -2.69784479697660        0.07103889239349        1.24479500198927
C           -2.96657930765633        0.59212191013690       -0.05190366892593
C           -4.14742286755145        1.56263713003119        0.11963402922749
O           -4.43480609868230        2.25978954565208       -1.06775106529616
C           -3.31770787552951       -0.53608948287848       -1.03029646535591
O           -3.49021750688506       -0.07180517950058       -2.34603599495881
C           -2.17383857303599       -1.55177828600844       -1.04664085077705
O           -2.50371700545732       -2.70090435589779       -1.79040337476611
C           -1.87358440003125       -2.03010741633120        0.38197576958353
O           -0.78017776975565       -2.90515367785143        0.40936358263765
C            0.74278827910514        1.33285531849547        0.09054918537892
O           -0.18569020421995        1.68951711065013       -0.90864512856203
C            2.14746915405109        1.73390485774252       -0.39475417117232
O            2.29206741326315        3.12791200096998       -0.37098254004561
H            5.69842402324605        0.12655261716970        0.93899482722859
H            5.54394979770400        1.78240863732813        1.59476522924190
H            6.45360562117331        1.49996254961451        0.08150411947621
H            3.20544283089937        1.56774921044724        1.49120070116566
H            1.89574560196797       -0.20656138343398        2.23463424544439
H            2.06778803932316       -2.59925362808093        0.34691388218260
H            1.01231140940539       -2.53179486367513        1.78122496515886
H            3.81797061968338       -2.28535688538558        1.83618040287878
H            0.40981352658937       -0.77883777865166       -0.34505247488966
H           -1.84110299534598       -1.27423594973516        2.40372672982106
H           -2.09684610632420        1.14035474251408       -0.43510730824414
H           -3.92197743385400        2.23806763714906        0.94936529121890
H           -5.04509188787408        0.99442447777761        0.37433783978284
H           -3.77690325128880        2.95696248657024       -1.20293510704113
H           -4.22967166931012       -1.04539164798545       -0.67669417056299
H           -4.09087533854798        0.69441428400674       -2.32474457360039
H           -1.29098970669919       -1.06973179389142       -1.49035227370732
H           -2.85343483918872       -2.41862566278714       -2.64887044850451
H           -2.78300251088575       -2.55211179733451        0.72290777011788
H           -0.98644173578544       -3.64813113742816       -0.18038972113011
H            0.48786637863767        1.94660679058615        0.96233676279721
H            0.06852188095895        1.28284413648924       -1.75193837702554
H            2.31256675216173        1.34314845933063       -1.41212893563550
H            1.57441293073128        3.53004671431723       -0.88686016832075
48
 energy: -84.841474654344 gnorm: 0.000755617262 xtb: 6.7.1 (edcfbbe)
C            5.60872466938383        1.17576982701835        0.67330543480962
O            4.46139211077249        1.40075724801513       -0.13943407358046
C            3.25400530923765        1.12909864153914        0.47336073528461
O            3.07961667884666       -0.26886639730012        0.55017898088004
C            1.89614030444238       -0.64501528426998        1.22737862702731
C            1.94110093043894       -2.17071639516010        1.35442986241764
O            2.98064748308924       -2.59277171651639        2.19710193439390
C            0.61018176623235       -0.14284787019777        0.52591611275845
O           -0.40427186500964       -0.28068317154778        1.52195458829811
C           -1.67238652590982       -0.87645018734747        1.39414700491576
O           -2.69888898351666        0.07281000263714        1.24337915623920
C           -2.96718970277733        0.59254004934330       -0.05426305535114
C           -4.14933580857100        1.56176651342645        0.11546482870195
O           -4.43894929553604        2.25509868861194       -1.07359941300127
C           -3.31676454489873       -0.53721504465770       -1.03157651905862
O           -3.48940232054387       -0.07491911229948       -2.34781652936987
C           -2.17183329210910       -1.55164598075203       -1.04648013420401
O           -2.49970491399592       -2.70133427512580       -1.79023390152902
C           -1.87254273503872       -2.02892751626599        0.38255577460077
O           -0.77766018637027       -2.90215307050577        0.41170981297479
C            0.74278720959955        1.33476954391856        0.09452489905454
O           -0.18487981370090        1.69187754454590       -0.90552559547154
C            2.14754180001376        1.73659428701375       -0.38992048278190
O            2.29352130509193        3.13031505177120       -0.36053811039558
H            5.70031783199430        0.11892727270929        0.92790232260826
H            5.55050699083976        1.77392192595159        1.58680027926176
H            6.45420796588318        1.49256824026786        0.06981374974282
H            3.21216331104757        1.56599545107963        1.49188677682331
H            1.89682294941910       -0.20262825408538        2.23673946619586
H            2.05244511847591       -2.59990683333056        0.35220583183444
H            1.01205799867762       -2.52615579859215        1.79696127811103
H            3.81865101400170       -2.28504717587754        1.82341315139974
H            0.40991468885272       -0.77689022339875       -0.34232569711960
H           -1.84404975212980       -1.27195367347541        2.40390541886865
H           -2.09759696860520        1.14115020678568       -0.43710579308795
H           -3.92443920737841        2.23991915259039        0.94307327733380
H           -5.04576048006635        0.99263715617817        0.37259349630274
H           -3.78393148411429        2.95461645777317       -1.21035645888943
H           -4.22822492206146       -1.04699011334362       -0.67718718607487
H           -4.09224838214246        0.68964529932877       -2.32819036835164
H           -1.28898996631855       -1.06881908855047       -1.48947383054640
H           -2.84999691206284       -2.41973779962637       -2.64870695381044
H           -2.78140216844307       -2.55236887168566        0.72269351222010
H           -0.98213769012766       -3.64622991390463       -0.17711335336267
H            0.48626842250025        1.94784464516231        0.96637832610306
H            0.07018780331916        1.28606659564340       -1.74896247325888
H            2.31120416890736        1.35008181965551       -1.40924626910284
H            1.57218018124594        3.53549586894181       -0.86823424120458
48
 energy: -84.841486311710 gnorm: 0.001008003539 xtb: 6.7.1 (edcfbbe)
C            5.61116804857412        1.16715132555643        0.66280679549037
O            4.46124255543490        1.39584089207487       -0.14518864953931
C            3.25570776104248        1.12725351540031        0.47275176891188
O            3.07745435297062       -0.27020511459169        0.54909858569894
C            1.89527502716799       -0.64230322075822        1.23036304159967
C            1.93627494953632       -2.16776267936016        1.36228122069519
O            2.98424916412662       -2.59106787331320        2.19324088699732
C            0.60961950010559       -0.14008191862984        0.52860556403735
O           -0.40593049208561       -0.27852720479130        1.52345072167264
C           -1.67368750032481       -0.87482015046563        1.39425348044220
O           -2.70020362742233        0.07385977107310        1.24202205746121
C           -2.96784777299904        0.59216613801121       -0.05670955576704
C           -4.15101341940069        1.56036727088467        0.11120896743797
O           -4.44369090049547        2.24862197778029       -1.08010317062532
C           -3.31569185269790       -0.53910775021639       -1.03297001113966
O           -3.48843561811610       -0.07892998674701       -2.34975694023428
C           -2.16944000008304       -1.55210689794095       -1.04614518434140
O           -2.49461395728895       -2.70222931142703       -1.79037443518867
C           -1.87183993860413       -2.02835817774034        0.38343065935214
O           -0.77639539263784       -2.90079114833951        0.41492828383386
C            0.74253175186161        1.33785381541115        0.09888429040652
O           -0.18533324462872        1.69648403151077       -0.90088693596314
C            2.14757804716067        1.74050316311994       -0.38448831978507
O            2.29604620814068        3.13376113820523       -0.34665582380981
H            5.70154931739294        0.10965788374289        0.91505626931819
H            5.55724417262479        1.76362455214683        1.57766402472220
H            6.45515170988887        1.48350036355952        0.05701533021607
H            3.21997137331528        1.56331280403060        1.49188875456792
H            1.89902739267353       -0.19645018237864        2.23828764111431
H            2.03301105805289       -2.60139133684683        0.36044060686240
H            1.01104818423581       -2.51745056157605        1.81738943001111
H            3.81860452917105       -2.28784044049716        1.80772476916893
H            0.41053531523414       -0.77348081172407       -0.34050524666642
H           -1.84612685225880       -1.27008531408148        2.40400655630073
H           -2.09818614575566        1.14096676511362       -0.43900418874355
H           -3.92584389805200        2.24217436488056        0.93572766486203
H           -5.04608599715018        0.99075881224063        0.37208268326559
H           -3.79125738811719        2.94992428298328       -1.21992444268335
H           -4.22655826839113       -1.04954266374513       -0.67787063689907
H           -4.09391038763505        0.68367021784596       -2.33170275658455
H           -1.28655811569681       -1.06803654745787       -1.48779748789193
H           -2.84416261516890       -2.42119406680724       -2.64935166723254
H           -2.78078729358203       -2.55222732614156        0.72283890723582
H           -0.97858782563296       -3.64433697232852       -0.17540233961510
H            0.48567041743367        1.94976546004217        0.97168501462391
H            0.07047877016536        1.29304615011284       -1.74537276877510
H            2.30877783351659        1.36027978327652       -1.40660713941638
H            1.57397115563366        3.54377690305275       -0.84883207507741
48
 energy: -84.841495078610 gnorm: 0.000925784536 xtb: 6.7.1 (edcfbbe)
C            5.61289773114216        1.15947954449281        0.65337037437465
O            4.46084548706566        1.39203784219042       -0.15058783237218
C            3.25691295362327        1.12572609487682        0.47141874399405
O            3.07530778567453       -0.27134651923619        0.54682563010762
C            1.89449112459398       -0.63946612076672        1.23244548165047
C            1.93188211915218       -2.16458920379909        1.37016620696665
O            2.98633194818364       -2.58829553594728        2.19220904205121
C            0.60883222479890       -0.13745183352545        0.53080327811693
O           -0.40745468607256       -0.27700347639515        1.52456645615661
C           -1.67482020300631       -0.87414501070831        1.39419670000629
O           -2.70165347330176        0.07387206870585        1.24093283933930
C           -2.96860519594250        0.59114084647645       -0.05856711355368
C           -4.15227334551646        1.55884093549205        0.10811298469871
O           -4.44818792669342        2.24252774347451       -1.08509182812040
C           -3.31509062772176       -0.54118590280485       -1.03411069779908
O           -3.48785575440816       -0.08241660341842       -2.35131217169157
C           -2.16745012692953       -1.55271537730082       -1.04610508584296
O           -2.48994039739294       -2.70309389826603       -1.79105118628142
C           -1.87155916919995       -2.02832099818493        0.38392279497962
O           -0.77647919629284       -2.90103041057030        0.41754118944649
C            0.74264953825409        1.34106872329470        0.10327054424087
O           -0.18525744959297        1.70081316988849       -0.89571390074424
C            2.14759492651879        1.74479105004821       -0.38023376603736
O            2.29873457033950        3.13758400610318       -0.33355575080517
H            5.70185663382416        0.10135364870499        0.90331697569467
H            5.56297371618654        1.75428039741966        1.56959156387601
H            6.45572997379946        1.47524813728676        0.04568570809425
H            3.22627183598324        1.56050555392451        1.49130023433373
H            1.90140688342714       -0.18984400598105        2.23866374367821
H            2.01632055366727       -2.60304828242632        0.36950924783497
H            1.00991009056571       -2.50862782497722        1.83600107786020
H            3.81810070708178       -2.29279789463051        1.79525187600479
H            0.41130284380443       -0.77005976642400       -0.33930934086606
H           -1.84752086079945       -1.26925269867606        2.40394700686322
H           -2.09881609789521        1.14004354638109       -0.44040349175709
H           -3.92598200968343        2.24396637728118        0.92955108286278
H           -5.04617988697201        0.98928711662340        0.37304489312111
H           -3.79705266326357        2.94430392747604       -1.22862690931745
H           -4.22545935692440       -1.05239687884987       -0.67883078391678
H           -4.09564360915246        0.67843274104814       -2.33409447672044
H           -1.28456727053175       -1.06727826714924       -1.48626365578816
H           -2.83795698977635       -2.42237009879585       -2.65074288513677
H           -2.78112218974916       -2.55165192928027        0.72274468988606
H           -0.97687320019766       -3.64288844896710       -0.17576890149101
H            0.48586125094130        1.95172329647483        0.97680757447351
H            0.07182623363109        1.30062106169069       -1.74124798739761
H            2.30658461692101        1.37094268752877       -1.40498708625480
H            1.57917602936688        3.55268019621031       -0.83510888780020
48
 energy: -84.841500022001 gnorm: 0.000689515749 xtb: 6.7.1 (edcfbbe)
C            5.61388525667728        1.15502592012978        0.64783498673586
O            4.46067756965182        1.39015069200282       -0.15372554182589
C            3.25764259244978        1.12483098599181        0.47036658566169
O            3.07387644826544       -0.27200798228056        0.54474265295939
C            1.89404918595140       -0.63764639454005        1.23343745548871
C            1.92940888707583       -2.16251558828681        1.37525106846684
O            2.98618193852630       -2.58565751865505        2.19434271150172
C            0.60841620569601       -0.13571359344027        0.53170105999735
O           -0.40808483552164       -0.27607973239686        1.52485867150992
C           -1.67513400288533       -0.87409446956982        1.39393296055591
O           -2.70260046315202        0.07327417057423        1.24025171221683
C           -2.96912952363494        0.59010695980747       -0.05945572260100
C           -4.15294635711210        1.55765279634572        0.10697402195417
O           -4.45098179934733        2.23890942870111       -1.08710190050746
C           -3.31485524452877       -0.54255093731547       -1.03487027402960
O           -3.48778120440812       -0.08420317451041       -2.35225365907734
C           -2.16631817724392       -1.55313841401621       -1.04633289910188
O           -2.48704897721186       -2.70371645263898       -1.79171778775295
C           -1.87134830186379       -2.02855462264640        0.38395692195351
O           -0.77691926319541       -2.90193898581727        0.41848391264526
C            0.74224676033293        1.34331025908216        0.10552266114787
O           -0.18660149968915        1.70468833360252       -0.89191154834381
C            2.14741306098156        1.74727840574741       -0.37762405363340
O            2.30030783801593        3.13969437593310       -0.32541114312752
H            5.70155414715351        0.09651757592595        0.89650109551971
H            5.56638791536666        1.74891140727894        1.56476199047249
H            6.45606676265384        1.47023873777634        0.03895272756431
H            3.22961453504443        1.55843444095093        1.49082467023273
H            1.90331943964970       -0.18555662944613        2.23852067542643
H            2.00861254940234       -2.60426945282851        0.37594455216674
H            1.00883588037435       -2.50318577627742        1.84601782254790
H            3.81711220958976       -2.29720454088190        1.79091936057463
H            0.41146721459573       -0.76736758290231       -0.33928091002093
H           -1.84775525583051       -1.26922818199855        2.40364252235614
H           -2.09926676559593        1.13908311251776       -0.44107777946096
H           -3.92560402594994        2.24453499611114        0.92666262454491
H           -5.04618632037466        0.98827468196297        0.37445415306777
H           -3.79970137149973        2.94004025897758       -1.23334020629227
H           -4.22488943885361       -1.05433266323176       -0.67971336171975
H           -4.09681794430596        0.67568151416893       -2.33502973109203
H           -1.28361204353201       -1.06667616841569       -1.48565781980193
H           -2.83368936889029       -2.42321222281904       -2.65203798686902
H           -2.78152544425023       -2.55118957334954        0.72245191187340
H           -0.97662324390394       -3.64211331716339       -0.17737016929928
H            0.48690962357976        1.95286754743476        0.98024904318399
H            0.07091900070136        1.30725718497741       -1.73865136881370
H            2.30479558522251        1.37752191656628       -1.40394602293101
H            1.58572035751417        3.55786200001231       -0.83156644454202
