48
 energy: -84.830035622893 gnorm: 0.074942441603 xtb: 6.7.1 (edcfbbe)
C            5.98121814908743       -0.51643178880300        0.24194046635340
O            4.98870344557236        0.33126055953347       -0.33144287284792
C            3.80082707354850        0.36707524455292        0.37360400883194
O            3.16771978463123       -0.88650909458761        0.24402927728011
C            1.94958575004485       -1.00207715377577        0.95082853877871
C            1.46829571447813       -2.44942595967910        0.78042886242755
O            2.18547832199897       -3.36181482196365        1.57221430693964
C            0.91948328286635        0.01213289104208        0.42054509686144
O           -0.20621796520423        0.01166589399576        1.29310761639652
C           -1.49871896169161        0.11646200696795        0.75751003032966
O           -1.48021421254172        0.20992442352031       -0.63990681181945
C           -2.72156769322080        0.62966021833141       -1.19709728212966
C           -2.81128133045061        2.16500841153006       -1.31991946170391
O           -3.99409017259249        2.53884592651866       -1.98496286256111
C           -3.93036908560723        0.08268881667449       -0.41300348977613
O           -5.03370156481141       -0.13665872939971       -1.25428716923339
C           -3.54295228676997       -1.25883831583431        0.21865411729381
O           -4.62348375260783       -1.84626102182984        0.89550892351821
C           -2.40226930937035       -1.05738371047100        1.23190340047560
O           -1.64688430940929       -2.22818909848225        1.38002492728632
C            1.50947328997114        1.43340959269940        0.38085038129078
O            0.66999106626297        2.33254357425322       -0.30449537614499
C            2.92533036062351        1.47542332416858       -0.22119641146944
O            3.53857155839128        2.70749600444816        0.04913183069718
H            5.61448636553943       -1.54239953770080        0.30663943095151
H            6.25525146065801       -0.15570217415384        1.23760325496445
H            6.83275011269943       -0.45690974381937       -0.42907945196159
H            3.98152325346100        0.58481176749682        1.44755715607408
H            2.11873902830123       -0.78382676833607        2.01767733734312
H            1.65009804177176       -2.74596486128879       -0.25435104861342
H            0.39843288559735       -2.48754473063625        0.99822582903340
H            1.94995055399184       -3.23257157825633        2.50190105399201
H            0.61818165550062       -0.29200046991267       -0.58694295360887
H           -1.92740141769625        1.04813637534277        1.17410777035894
H           -2.73812264917693        0.18080158882236       -2.19775643980637
H           -1.91973804601174        2.54849221061138       -1.82157560419229
H           -2.85660600698757        2.61264368053945       -0.32362679017475
H           -3.86076258333027        2.48222509497564       -2.94196973684968
H           -4.20601629147169        0.77812717581442        0.39371752404335
H           -5.34288164575454        0.72155381420072       -1.58649977866316
H           -3.18506125610167       -1.92655105990838       -0.58130419094375
H           -5.39728978713984       -1.81809097505414        0.31094729088961
H           -2.84597387671850       -0.77230778716422        2.19627149334307
H           -2.23346237468204       -2.92810434895968        1.70722428294187
H            1.55766591555367        1.80994675291799        1.40932208155566
H            0.51375099919244        1.98985867630232       -1.19722609804546
H            2.87750900960848        1.29644530253737       -1.30700308290320
H            2.93204645887255        3.41891919986332       -0.21434566122812
48
 energy: -84.835228071661 gnorm: 0.009851121073 xtb: 6.7.1 (edcfbbe)
C            5.97920866658110       -0.51937823095094        0.24216847224737
O            4.98524042918356        0.32619294087057       -0.33144274914205
C            3.79652582665552        0.36221148678408        0.37250267953709
O            3.15642175889884       -0.88894741077967        0.23367946587802
C            1.93524487785901       -1.01168231407291        0.93666273316009
C            1.45520331736448       -2.45684572182337        0.76890255222212
O            2.17776664656885       -3.36475975110649        1.56181176228432
C            0.93177871400360        0.04879441190731        0.44811289509778
O           -0.21075014401992        0.06483941860925        1.29770314278581
C           -1.50241256048614        0.11151666516833        0.75346938389273
O           -1.48428373535803        0.17497650053202       -0.64587152883774
C           -2.72058602505237        0.61550596562836       -1.20092093448147
C           -2.80604389278528        2.15321806421277       -1.32061361931801
O           -3.98904935529908        2.53252336580268       -1.98280164124810
C           -3.93019900189313        0.07733624109013       -0.41258763514771
O           -5.03542989692113       -0.13937674539787       -1.25197676575930
C           -3.54201903857226       -1.26310871797749        0.22181475084024
O           -4.62374262019068       -1.84854682256992        0.89826479967562
C           -2.40131278620126       -1.06090416257137        1.23648217301905
O           -1.64425796900156       -2.22973183343902        1.38781997987668
C            1.52250221934509        1.46103108153819        0.39219877890844
O            0.67984201645814        2.35137063533989       -0.30095617174715
C            2.93243249594624        1.48151178405760       -0.21949448559303
O            3.55290090296939        2.71045463207174        0.04581108038891
H            5.61410901110827       -1.54574186381823        0.30723351102997
H            6.25315055869927       -0.15763506995133        1.23744486133987
H            6.83072260181022       -0.45848008833368       -0.42882269156222
H            3.97767696806947        0.57590403782180        1.44728068809191
H            2.11354957510818       -0.80458585318052        2.00520328140920
H            1.63698322231400       -2.75289452432089       -0.26549415643234
H            0.38688307736116       -2.49391288424580        0.99189906383867
H            1.94698456429393       -3.23243133663589        2.49241605262913
H            0.62780533380137       -0.25420239781180       -0.56089075713297
H           -1.94638408522246        1.04534852674692        1.15033030424437
H           -2.74335579398732        0.16924376651860       -2.20223898146375
H           -1.91526870061981        2.53830540728093       -1.82230318827241
H           -2.85049654333169        2.60151951383075       -0.32439266638846
H           -3.85784721317057        2.47876560268956       -2.94012964366482
H           -4.20253368537876        0.77570972783793        0.39295947211225
H           -5.34160798030408        0.71947996540794       -1.58547801614918
H           -3.18456824468585       -1.93127243577798       -0.57790545440848
H           -5.39694923570373       -1.81963899242531        0.31288498438418
H           -2.84656615075805       -0.77192679256290        2.19882149534877
H           -2.23112537208304       -2.93024138677712        1.71271484397337
H            1.57268650614616        1.84104799837963        1.41831609989782
H            0.51798300387837        1.99621590384317       -1.18821041275594
H            2.87735826553834        1.30024257563406       -1.30463563661280
H            2.94582642988711        3.42297391382759       -0.21425845595660
48
 energy: -84.836051253359 gnorm: 0.006508988669 xtb: 6.7.1 (edcfbbe)
C            5.97672779691761       -0.52524961183930        0.24211823458379
O            4.98308473238445        0.32001855427299       -0.33210777396264
C            3.79499177539430        0.36055879580492        0.37229288489257
O            3.14416951854132       -0.88403755863482        0.22506440837760
C            1.92546688014062       -1.00395346271119        0.93539160449527
C            1.43808506777513       -2.44482267820651        0.75243726374873
O            2.16273085993828       -3.35611916068238        1.53971059677994
C            0.92655561395025        0.06761884840895        0.45325768775700
O           -0.21784426569654        0.09097274034043        1.30114209191332
C           -1.50767493134395        0.11409775047147        0.74949799268592
O           -1.48677529551999        0.14717505258049       -0.65223048498605
C           -2.71925011386175        0.60053047075356       -1.20612667409893
C           -2.79553116243180        2.13909956794442       -1.32326241359151
O           -3.97952208663830        2.52186557731382       -1.98169897776621
C           -3.92923332662852        0.06920552016269       -0.41286663460137
O           -5.03746411214730       -0.14886768589932       -1.24782264331394
C           -3.54043231180845       -1.26809644317239        0.22839655109123
O           -4.62192446587605       -1.85183956889550        0.90656994718128
C           -2.39862511809789       -1.06044916070355        1.24234554196989
O           -1.64132368956239       -2.22849789396617        1.39733651260290
C            1.53222272873397        1.47324450601200        0.40619519201502
O            0.69150711788574        2.36553976076044       -0.28588050354432
C            2.93831331222947        1.48841895767336       -0.21354882054001
O            3.57335994414216        2.71152655144440        0.04602881862720
H            5.61201422674974       -1.55165581987104        0.30797796188264
H            6.25076793024165       -0.16245977947801        1.23698858148100
H            6.82824338230782       -0.46432682678521       -0.42887461921253
H            3.97695181265605        0.56460443200525        1.44867002314336
H            2.11494877175510       -0.81688535728975        2.00807291520153
H            1.61730582336301       -2.73996269938709       -0.28276085702669
H            0.37053574832526       -2.48526160021827        0.97791003678988
H            1.93669945269010       -3.22780033632358        2.47212520705218
H            0.61747303520483       -0.22002129832246       -0.56095574442116
H           -1.96526006645256        1.04853118799589        1.12950979792813
H           -2.74698143778141        0.15517421081519       -2.20746467002349
H           -1.90502200081227        2.52236322409047       -1.82675657757956
H           -2.83749773789422        2.58642412855800       -0.32646137242702
H           -3.85154532499566        2.46991664507385       -2.93949298288302
H           -4.19868236963026        0.77182170878035        0.38989697489310
H           -5.34194985321526        0.70966734383261       -1.58391608074388
H           -3.18222481619063       -1.93893180174381       -0.56876096026717
H           -5.39488161375350       -1.82440855325176        0.32067299557137
H           -2.84404184424166       -0.76884205555951        2.20378411178004
H           -2.22821021696652       -2.92963957994241        1.72101580302633
H            1.59031016163092        1.85928064787604        1.42990468161912
H            0.52504588794703        2.00907254541514       -1.17183358637679
H            2.87498205040340        1.30701043032759       -1.29825740353584
H            2.96940148900240        3.42838456994553       -0.20975092154198
48
 energy: -84.836416464033 gnorm: 0.004797851377 xtb: 6.7.1 (edcfbbe)
C            5.97420601323922       -0.53290547675187        0.24243554364832
O            4.98268864863695        0.31420238956667       -0.33234914150810
C            3.79491562604566        0.35930815460427        0.37175119326387
O            3.13450117627372       -0.87848430961522        0.21549216206240
C            1.91809003748005       -0.99372418763955        0.93162568400710
C            1.42148847933354       -2.43017204383942        0.73512470844235
O            2.14331178803402       -3.35262120582748        1.51306723605918
C            0.92094185473881        0.08213121149105        0.45351840910125
O           -0.22203948175285        0.10491939497507        1.30437425334961
C           -1.50979951048303        0.11583631735811        0.74553147491048
O           -1.48744073960138        0.12749801192587       -0.65714782496059
C           -2.71792099573205        0.58589811580126       -1.21054133361985
C           -2.78505034807701        2.12403041284736       -1.32811713188375
O           -3.96940898956277        2.51136568058641       -1.98308249792305
C           -3.92890602095476        0.05963096380117       -0.41372586561252
O           -5.03879429481467       -0.16428665601281       -1.24479310754392
C           -3.53959107682462       -1.27290765706745        0.23778794946208
O           -4.62034434442138       -1.85417111657116        0.91902586277276
C           -2.39694075967308       -1.05708864525842        1.25029862739752
O           -1.63977972907169       -2.22429102128869        1.41003782423279
C            1.53839180728290        1.48531402927503        0.41867503331153
O            0.70158725899727        2.38809107435958       -0.26578028619845
C            2.94303840272547        1.49464518027897       -0.20611744638590
O            3.59132895975316        2.71132842300518        0.05164997806234
H            5.60822373197281       -1.55894509708385        0.30812735441690
H            6.24816537495444       -0.17040594862393        1.23743494229138
H            6.82615885436759       -0.47319998467631       -0.42809872010218
H            3.97721710214754        0.55265898297231        1.44991926799023
H            2.11249935692090       -0.81939927196293        2.00547752869190
H            1.59736164806121       -2.71847533536294       -0.30256180999349
H            0.35407301171702       -2.47012079390792        0.96073832796350
H            1.92227156784990       -3.22948416971768        2.44737835623914
H            0.61051339408925       -0.19106191855180       -0.56406891379854
H           -1.97732683273895        1.05022699177984        1.11010292369876
H           -2.74858679868083        0.14031940972199       -2.21148952609395
H           -1.89405398469063        2.50181740022777       -1.83476609574837
H           -2.82182410703023        2.57188403331159       -0.33144821458522
H           -3.84464992752991        2.45911799198057       -2.94122150662315
H           -4.19765969982508        0.76790701462371        0.38418667875798
H           -5.34403959233248        0.69251080278475       -1.58448702687213
H           -3.17916582482155       -1.94886866408916       -0.55418884918262
H           -5.39293118423621       -1.83070931050373        0.33241749960476
H           -2.84052255833644       -0.76136239357563        2.21141495463610
H           -2.22669098503418       -2.92559185998078        1.73348543738678
H            1.60397782481692        1.86947233259558        1.44271365074179
H            0.53240471884473        2.03804479801485       -1.15356418375180
H            2.87266797387384        1.31607379760843       -1.29090070349809
H            2.99344013276962        3.43403894686004       -0.20185895925901
48
 energy: -84.836649876166 gnorm: 0.003083902195 xtb: 6.7.1 (edcfbbe)
C            5.97122222523155       -0.54057371892212        0.24308515106493
O            4.98331356547179        0.31047544454399       -0.33194266191953
C            3.79553020647369        0.35855696808764        0.37133696978499
O            3.12855467521788       -0.87401793015157        0.20720332328129
C            1.91359887604906       -0.98471369771992        0.92598476939487
C            1.40666668550476       -2.41634687570405        0.71760670539453
O            2.12237384011197       -3.35311527338932        1.48509405259210
C            0.91786259702452        0.09232539774482        0.45065150497808
O           -0.22342596746646        0.11195434997675        1.30436878844129
C           -1.51023132622577        0.11644134361856        0.74287416583298
O           -1.48783571375478        0.11652752399781       -0.65946183725668
C           -2.71777420143934        0.57296503941697       -1.21389134995733
C           -2.77762085526058        2.11016293823436       -1.33457321851442
O           -3.96157181309575        2.50337948660952       -1.98637980836211
C           -3.92960284455366        0.04994320564243       -0.41475546675599
O           -5.03836750846945       -0.18345843882400       -1.24460877206856
C           -3.53898108537017       -1.27685498353482        0.24836104769794
O           -4.61893638889421       -1.85492546428865        0.93322362782675
C           -2.39591720935162       -1.05285161484923        1.25903112057499
O           -1.63933442210680       -2.21929828748416        1.42567590214516
C            1.54385821007512        1.49499678400305        0.42984394462404
O            0.71185039600010        2.41216681058166       -0.24318596582481
C            2.94766065609018        1.50059571607237       -0.19903424359657
O            3.60523690496467        2.71164457645221        0.06104429171003
H            5.60220875178272       -1.56575981496604        0.30751929611068
H            6.24522057051345       -0.17999668838546        1.23877092729652
H            6.82406640001025       -0.48327135806811       -0.42651152288627
H            3.97789723769724        0.54307865924984        1.45093460266233
H            2.10845204898513       -0.81628119286582        1.99921122345955
H            1.57883422564637       -2.69458797043601       -0.32356709274569
H            0.33927545174537       -2.45188173016385        0.94349605978909
H            1.90557077815285       -3.23491920955924        2.42097377392057
H            0.60826336414104       -0.16937331032980       -0.56869068639754
H           -1.98208357428804        1.05159056994384        1.09577012814988
H           -2.74904702040370        0.12514974508596       -2.21375874153901
H           -1.88563753998720        2.48019736519430       -1.84535969667261
H           -2.80721824121761        2.56050111786781       -0.33883096403729
H           -3.83947464698945        2.44964017722471       -2.94472103507664
H           -4.20055607568050        0.76440334391541        0.37684259066693
H           -5.34768732198508        0.67015350568370       -1.58812776759347
H           -3.17592743512426       -1.95890916321618       -0.53739582639023
H           -5.39106142207154       -1.83728095087218        0.34577449494119
H           -2.83674368661272       -0.75047495725111        2.21936493247861
H           -2.22667961849398       -2.91994464510455        1.74982551812860
H            1.61456218014653        1.87000176753351        1.45686748599367
H            0.54281727637761        2.07499301492035       -1.13581932826553
H            2.87205001269544        1.32661923612113       -1.28430148610091
H            3.01476574137230        3.44036798150496       -0.19233520889506
48
 energy: -84.836834597413 gnorm: 0.003269905284 xtb: 6.7.1 (edcfbbe)
C            5.96831765051305       -0.54799416380423        0.24378878521077
O            4.98531606280094        0.30926687384439       -0.33050951510845
C            3.79705220283718        0.35851981137584        0.37154427915620
O            3.12621214743749       -0.87056338148126        0.20077665166062
C            1.91136563589761       -0.97829646524445        0.91862453631754
C            1.39456696565180       -2.40509639092249        0.70005727161756
O            2.10267028094903       -3.35647015459328        1.45698745144077
C            0.91735637834354        0.09944081638263        0.44565696959194
O           -0.22244088218600        0.11539814499353        1.30150035776731
C           -1.50967868279893        0.11741416515052        0.74211395556391
O           -1.48795433994631        0.11305504167344       -0.65938827609008
C           -2.71863137885557        0.56229576270711       -1.21641495041689
C           -2.77425296554981        2.09851311246012       -1.34281866653488
O           -3.95767743474284        2.49735436590736       -1.99144240927457
C           -3.93080808715726        0.04076757906698       -0.41606037571315
O           -5.03597838101285       -0.20522727551560       -1.24720434981448
C           -3.53806991467320       -1.27967017280872        0.25899846880062
O           -4.61730032589893       -1.85401587552566        0.94787945573861
C           -2.39539499212946       -1.04736097698402        1.26783529187155
O           -1.63990434238417       -2.21310482187008        1.44406302218979
C            1.54931688990256        1.50189093683520        0.43962813068197
O            0.72180357439122        2.43420297000194       -0.21943438487926
C            2.95245375318156        1.50635609719130       -0.19210994945705
O            3.61544062308628        2.71280383102090        0.07340391273271
H            5.59414923553238       -1.57163346071113        0.30565213797051
H            6.24259469874428       -0.19105129499153        1.24071145463196
H            6.82238489855143       -0.49397746263362       -0.42450519615141
H            3.97911346936309        0.53658381629482        1.45218586701322
H            2.10399713960760       -0.81271111160974        1.99121528449690
H            1.56273302436655       -2.67233573466671       -0.34479357315682
H            0.32729957130303       -2.43392111626281        0.92709097210861
H            1.88881328859603       -3.24319155850884        2.39405491228637
H            0.60913280794917       -0.15312340849554       -0.57477183937896
H           -1.98170490357942        1.05400662011103        1.08861906917138
H           -2.74866385109784        0.11001235221746       -2.21437050905369
H           -1.88144497318616        2.46025641878798       -1.85850115859839
H           -2.79587728613449        2.55254556578657       -0.34849184569248
H           -3.83770470662891        2.44221523258623       -2.94991883318010
H           -4.20676818415443        0.76113965023804        0.36838791598978
H           -5.35303632632955        0.64380714803769       -1.59436618471846
H           -3.17280464375372       -1.96784330417118       -0.52057760404203
H           -5.38889258007601       -1.84395662125917        0.35950437918501
H           -2.83427254991542       -0.73650043942759        2.22633189271796
H           -2.22828050853400       -2.91214826105420        1.76987350569736
H            1.62323992872527        1.86246825437564        1.47154327064210
H            0.55627346402899        2.11483775131057       -1.11939154308638
H            2.87344317451142        1.33809528626080       -1.27807132514182
H            3.03249233303329        3.44694063983156       -0.18140299395784
48
 energy: -84.836980427501 gnorm: 0.003325356933 xtb: 6.7.1 (edcfbbe)
C            5.96595059914997       -0.55501570637175        0.24414810477283
O            4.98842675002332        0.31030714349710       -0.32774587661810
C            3.79932164067203        0.35911654223623        0.37297312828692
O            3.12670056148205       -0.86802448161142        0.19654157272221
C            1.91057335243137       -0.97521444248103        0.91069453558400
C            1.38618018606430       -2.39783720089545        0.68305219569272
O            2.08790034461954       -3.36113363879424        1.43020495405356
C            0.91861188886727        0.10440325558925        0.44045548523965
O           -0.22008519191748        0.11783086460119        1.29765180954622
C           -1.50871711549344        0.12022888919338        0.74304441005624
O           -1.48789149261048        0.11546587556267       -0.65783454132023
C           -2.72025510827154        0.55457846082157       -1.21857160118644
C           -2.77543424066517        2.09001729458062       -1.35260003746461
O           -3.95907344437669        2.49155702938945       -1.99813057116003
C           -3.93207361932284        0.03309780184408       -0.41772830506244
O           -5.03233418383445       -0.22693909267942       -1.25154491076628
C           -3.53647665426264       -1.28091072896090        0.26840984510699
O           -4.61497364794808       -1.85158257767307        0.96146488996011
C           -2.39518042263261       -1.04025496528767        1.27593638686850
O           -1.64089861720662       -2.20509786749049        1.46381195646516
C            1.55465510864304        1.50596835858408        0.44802417392713
O            0.73067731776468        2.45108371703768       -0.19697484589086
C            2.95724868723559        1.51165452870123       -0.18509739826269
O            3.62265901677240        2.71463485180168        0.08768250081412
H            5.58513004322293       -1.57653937605729        0.30200562370511
H            6.24115316231014       -0.20339388973975        1.24273242001415
H            6.82113539636342       -0.50428934782334       -0.42292568580439
H            3.98088998332018        0.53267450755100        1.45442511422843
H            2.09981875276436       -0.81256414735383        1.98380788176323
H            1.55029348275887       -2.65542004670733       -0.36491257234322
H            0.31921452453614       -2.42029323901024        0.91225580107834
H            1.87580021590672       -3.25328199071981        2.36825783914671
H            0.61121202477874       -0.14109998180894       -0.58104494963465
H           -1.97850164700587        1.05880628413078        1.08818099385458
H           -2.74766906692491        0.09618786465203       -2.21395631298977
H           -1.88279161553356        2.44497305968890       -1.87359296650105
H           -2.78992163052628        2.54817211059345       -0.35992616416841
H           -3.84078082132705        2.43608599301618       -2.95674911747989
H           -4.21478878465064        0.75841222416029        0.35961955603942
H           -5.35960841818364        0.61668072818549       -1.60187495665785
H           -3.16977064039706       -1.97452549844084       -0.50570533757891
H           -5.38590239443704       -1.85075586965144        0.37204428137476
H           -2.83438500102053       -0.72060166014654        2.23138939074196
H           -2.23089779703461       -2.90170403064904        1.79201441021894
H            1.63057348505988        1.85091855263412        1.48517072307295
H            0.57154094685767        2.15119066347420       -1.10507302168094
H            2.87686407414326        1.34946211791648       -1.27185427688200
H            3.04587696836018        3.45296585171136       -0.16867281539144
48
 energy: -84.837098556735 gnorm: 0.002472533841 xtb: 6.7.1 (edcfbbe)
C            5.96423797875338       -0.56203881512587        0.24389360377812
O            4.99201752229115        0.31238302618391       -0.32366990362141
C            3.80196801176519        0.35983474317905        0.37587275445110
O            3.12849674077381       -0.86617365655125        0.19416977744359
C            1.91016139212596       -0.97476222686396        0.90340808583734
C            1.38110343311214       -2.39420594320680        0.66703883725829
O            2.07954465730379       -3.36607596912003        1.40489104344328
C            0.92046125623388        0.10825934192393        0.43643226912786
O           -0.21745094379397        0.12104975693009        1.29453092675232
C           -1.50772417033703        0.12556928945070        0.74477839851273
O           -1.48787939434596        0.12154037964156       -0.65587942407499
C           -2.72243776502264        0.54950625257371       -1.22080644610628
C           -2.78055330972341        2.08433718055140       -1.36335327275228
O           -3.96555639041486        2.48451907764430       -2.00612802201266
C           -3.93336232072976        0.02701136830468       -0.41992258250736
O           -5.02850425246994       -0.24744155223890       -1.25647122037745
C           -3.53421265752680       -1.28067532893000        0.27618118398584
O           -4.61177322056600       -1.84829588143726        0.97340055475475
C           -2.39508678145094       -1.03131094597516        1.28301616588822
O           -1.64146752855025       -2.19466103480518        1.48332471093517
C            1.55969997778355        1.50815868550742        0.45553494773017
O            0.73829071817155        2.46276467016879       -0.17699180505952
C            2.96201283614822        1.51623430919099       -0.17758330659156
O            3.62839009987922        2.71660723653472        0.10298181993917
H            5.57634015198121       -1.58118212294897        0.29648119966068
H            6.24122225217036       -0.21715111998294        1.24438187677446
H            6.82002371779295       -0.51376903768975       -0.42250603792722
H            3.98300105219444        0.52972137010655        1.45808479575012
H            2.09582374723789       -0.81678037366856        1.97815787199029
H            1.54121239801846       -2.64389250430897       -0.38342732566061
H            0.31457815954252       -2.41259241482545        0.89916558017209
H            1.86911481715622       -3.26477570662798        2.34411831077604
H            0.61294941516892       -0.13154884091031       -0.58627487779891
H           -1.97431725981887        1.06642218500911        1.09127874019046
H           -2.74619665757681        0.08443966479199       -2.21332182923289
H           -1.88933284033737        2.43507591634254       -1.88965602573650
H           -2.78974976777116        2.54654404418610       -0.37242943866718
H           -3.84826883754192        2.43084660314065       -2.96491785413928
H           -4.22345459108861        0.75625715602850        0.35079334975519
H           -5.36700299710501        0.59031437983863       -1.60978249859474
H           -3.16644412006922       -1.97892766456970       -0.49314057821005
H           -5.38177001669147       -1.85817011991180        0.38272818518462
H           -2.83686849251677       -0.70361962223478        2.23461451568752
H           -2.23316450793681       -2.88826870410921        1.81494790647591
H            1.63715882313781        1.83954299967368        1.49700527026229
H            0.58698722813067        2.18142569160303       -1.09251059984211
H            2.88198945985278        1.35999155461815       -1.26517737618237
H            3.05578993513291        3.45795749271191       -0.15377853727757
48
 energy: -84.837198176045 gnorm: 0.001716321120 xtb: 6.7.1 (edcfbbe)
C            5.96307344182949       -0.56951365834904        0.24309397200543
O            4.99550041621943        0.31420200816207       -0.31844097178980
C            3.80465577217562        0.36009019509490        0.38024689244937
O            3.13027787757567       -0.86482292637722        0.19320240637742
C            1.90937528586206       -0.97572121169417        0.89753897286824
C            1.37815316086305       -2.39286124527692        0.65193949564515
O            2.07660024549845       -3.37094155969245        1.38034037972267
C            0.92209399856605        0.11169561522696        0.43419868807953
O           -0.21528936458225        0.12559506752005        1.29295095705515
C           -1.50687634963615        0.13321138180694        0.74653094811672
O           -1.48775222476728        0.12960174135398       -0.65414173607044
C           -2.72462140767264        0.54645613434935       -1.22319934329351
C           -2.78912556892361        2.08055699619544       -1.37478628337982
O           -3.97733966627186        2.47410708694488       -2.01508440505442
C           -3.93422848057344        0.02236740910081       -0.42229267850006
O           -5.02469622688722       -0.26444518469648       -1.26108963176083
C           -3.53126017989741       -1.27948260852449        0.28226569751762
O           -4.60770066558625       -1.84507698254206        0.98318388147190
C           -2.39485394166673       -1.02093421531010        1.28902140912703
O           -1.64061694629797       -2.18179427261365        1.50172215993975
C            1.56446245522478        1.50949888725334        0.46280045259284
O            0.74520828281991        2.47093855875349       -0.15978432159905
C            2.96686685797839        1.51994617148694       -0.16922286550596
O            3.63386474872592        2.71820825968360        0.11894349334699
H            5.56863662251329       -1.58634625031525        0.28946070641021
H            6.24256653968623       -0.23240351954467        1.24558592456856
H            6.81879684919964       -0.52234113504799       -0.42337348289293
H            3.98518005894251        0.52618222745931        1.46325550480037
H            2.09166728129944       -0.82422462907891        1.97438813511595
H            1.53450832859640       -2.63551651782992       -0.40072689295742
H            0.31214435846774       -2.41015257134073        0.88729233913560
H            1.86828858270542       -3.27754094405179        2.32098920482777
H            0.61373270694703       -0.12306535162246       -0.58970589912737
H           -1.97018441909703        1.07632866904343        1.09481711763627
H           -2.74409155924141        0.07496545023306       -2.21285085511893
H           -1.90080725236157        2.42985849147955       -1.90668513251922
H           -2.79493357959060        2.54722048866141       -0.38588416977233
H           -3.86144321593347        2.42249601083010       -2.97415002930157
H           -4.23119979324051        0.75464802983844        0.34260831793373
H           -5.37285912466146        0.56819748822539       -1.61656476616127
H           -3.16215601728340       -1.98149554186310       -0.48276988323263
H           -5.37635429111675       -1.86646609413050        0.39099730183294
H           -2.84075076030238       -0.68632894281252        2.23638976448030
H           -2.23330897230563       -2.87226272913055        1.83821472418690
H            1.64320434305041        1.83056873492309        1.50736006260670
H            0.60176412921425        2.20563169666857       -1.08115577324404
H            2.88838772095322        1.36941708111925       -1.25768373461265
H            3.06343690140424        3.46174299931071       -0.13626233317581
48
 energy: -84.837320780443 gnorm: 0.002332830075 xtb: 6.7.1 (edcfbbe)
C            5.96186336768869       -0.58207556703104        0.24116801743496
O            5.00011300014969        0.31512272161411       -0.30939694898702
C            3.80854492443787        0.35914860810148        0.38861515418530
O            3.13170782822631       -0.86332090166778        0.19303114706725
C            1.90710610482571       -0.97766024088221        0.89107681669868
C            1.37503302866185       -2.39211058959399        0.63042490889815
O            2.07787829752711       -3.37803426982723        1.34306833404934
C            0.92376456959695        0.11686714348553        0.43334801785859
O           -0.21319811682346        0.13454322648198        1.29272943633170
C           -1.50593288334382        0.14755188100174        0.74846872651269
O           -1.48735929263942        0.14316266518627       -0.65230014236384
C           -2.72761596101282        0.54370224850662       -1.22703630967132
C           -2.80580091485307        2.07631911817034       -1.39264402327638
O           -4.00132678195529        2.45314800777539       -2.02957852874250
C           -3.93508848325227        0.01670546921169       -0.42597575816694
O           -5.01990522595807       -0.28559330631877       -1.26676316227225
C           -3.52598864120005       -1.27695344389113        0.28950266146903
O           -4.60040356075615       -1.84140451093790        0.99495199528281
C           -2.39421466234833       -1.00352331545723        1.29674465418170
O           -1.63700508037292       -2.15914248217831        1.52704605901134
C            1.57149224485220        1.51137649869957        0.47397967903532
O            0.75545053192584        2.48081853805100       -0.13749884941081
C            2.97465898718178        1.52435771051979       -0.15509053742412
O            3.64297148425040        2.71966618372937        0.14394924674827
H            5.55914725225658       -1.59588987609633        0.27712961547495
H            6.24573859865234       -0.25778415973164        1.24673010188014
H            6.81667618457456       -0.53430512824782       -0.42635387246910
H            3.98847507519839        0.51850122649222        1.47288262417165
H            2.08499682652588       -0.83761381259522        1.97082964048739
H            1.52582695443626       -2.62356842124682       -0.42570074548304
H            0.30998351177939       -2.41184696232505        0.87123169938848
H            1.87464565426765       -3.29816499939032        2.28631421833224
H            0.61361911979362       -0.11040034029887       -0.59214377441028
H           -1.96471912459173        1.09380025138180        1.09788549170549
H           -2.74021532970916        0.06325387571183       -2.21253048458630
H           -1.92391328043691        2.42757077924299       -1.93345423309520
H           -2.80937954933836        2.55086093990386       -0.40746532535579
H           -3.88793651795939        2.40422243010974       -2.98907254582340
H           -4.24050108139190        0.75254546242204        0.33176090777794
H           -5.37911479919153        0.54078886083184       -1.62518786816606
H           -3.15352912820473       -1.98343788331592       -0.46941965886909
H           -5.36644554733882       -1.88049552773366        0.40024615297207
H           -2.84713504360209       -0.66003625581257        2.23775682799667
H           -2.22932575373274       -2.84491356481138        1.87387898893023
H            1.65144361926104        1.82118689399471        1.52182258503511
H            0.62217362466015        2.23503651967080       -1.06520047154439
H            2.89948631427935        1.38217774614250       -1.24487615433354
H            3.07325461334199        3.46583534053348       -0.10540059272311
48
 energy: -84.837386346000 gnorm: 0.002032252533 xtb: 6.7.1 (edcfbbe)
C            5.96112726381441       -0.59024100784700        0.23979809924053
O            5.00202885894052        0.31367821843948       -0.30427038932756
C            3.81048327564770        0.35753545852278        0.39380158667591
O            3.13095584683854       -0.86252119692475        0.19297449040174
C            1.90490422332035       -0.97766676830156        0.88879374195901
C            1.37236781692076       -2.39048572544742        0.61907880999381
O            2.07930944620612       -3.38133299299458        1.32122318668357
C            0.92393952882548        0.12027888433301        0.43384158499597
O           -0.21299309276721        0.14052539003449        1.29333222835917
C           -1.50574805776810        0.15621017708904        0.74865334634720
O           -1.48713318027481        0.15017966925748       -0.65206355012127
C           -2.72894904832824        0.54227538782552       -1.22930628398298
C           -2.81609756112448        2.07359124346697       -1.40254927479889
O           -4.01647135115764        2.43878787818025       -2.03795201987768
C           -3.93518483970477        0.01371001491507       -0.42751932133342
O           -5.01806973588529       -0.29500174566775       -1.26824295024145
C           -3.52260277759876       -1.27586796545955        0.29293129074572
O           -4.59575093083444       -1.84113253976383        0.99977281325533
C           -2.39354371343981       -0.99367751561900        1.30052971988491
O           -1.63354573715181       -2.14566167537479        1.53932435138571
C            1.57552805692926        1.51317194512031        0.48061146161949
O            0.76186857903228        2.48713333953055       -0.12686925782678
C            2.97947431031863        1.52634209415706       -0.14630290690115
O            3.64936248333290        2.71962851941558        0.15834483666004
H            5.55509167534167       -1.60285876502025        0.26958119527031
H            6.24715559304751       -0.27340048447764        1.24707473183786
H            6.81533996789361       -0.54085349091144       -0.42841807278958
H            3.99031821590613        0.51210752367083        1.47877799078358
H            2.08097646681867       -0.84383975673258        1.96939757358128
H            1.51962602048279       -2.61415516999750       -0.43933778951647
H            0.30812851941615       -2.41322971792943        0.86363457370499
H            1.88093261845711       -3.30899518653149        2.26608089559641
H            0.61316441720453       -0.10233989740929       -0.59235550596707
H           -1.96277766114026        1.10379213338769        1.09660703651857
H           -2.73807652659890        0.05746372315062       -2.21266350000295
H           -1.93852599284018        2.42759877623945       -1.94840132007557
H           -2.81990000630997        2.55331022164367       -0.41988340802079
H           -3.90467839349005        2.39006526125236       -2.99762104843710
H           -4.24354021551895        0.75121525852853        0.32734885001427
H           -5.38009142328619        0.52909763510051       -1.62890702330764
H           -3.14685333106798       -1.98410916409960       -0.46261382646116
H           -5.36007790859136       -1.88879114241311        0.40377247864752
H           -2.84977632691453       -0.64594896696523        2.23836597815228
H           -2.22401378799795       -2.82901734949538        1.89405999793512
H            1.65520760940345        1.81838809991879        1.52992918887922
H            0.63194891053823        2.24895969503090       -1.05672644409466
H            2.90606688534855        1.38870058067724       -1.23679345755858
H            3.07909196809276        3.46737588336758       -0.08536096619401
48
 energy: -84.837462388813 gnorm: 0.001494284457 xtb: 6.7.1 (edcfbbe)
C            5.95997645181842       -0.60177827174235        0.23772417941333
O            5.00415127019925        0.31060213919305       -0.29765708921046
C            3.81292354867695        0.35474455310104        0.40084302848845
O            3.12910354287689       -0.86147409163533        0.19286029307442
C            1.90152641183063       -0.97685894684865        0.88645688283134
C            1.36812195250270       -2.38730180010555        0.60501275816931
O            2.08137535675211       -3.38484775571513        1.29201500279992
C            0.92380639065184        0.12518386935618        0.43477646665526
O           -0.21315838810381        0.14878289263468        1.29422995351488
C           -1.50569309956008        0.16773829279101        0.74851720511654
O           -1.48695775058934        0.15926632738760       -0.65211580332605
C           -2.73072515899887        0.54055493969993       -1.23209289124773
C           -2.83025143858657        2.06983344912672       -1.41527706392175
O           -4.03676352605720        2.41876686471619       -2.04961783877137
C           -3.93523595944697        0.00990225086240       -0.42888953751552
O           -5.01678494317623       -0.30542246361969       -1.26846735299336
C           -3.51777044206653       -1.27479426471021        0.29687475220304
O           -4.58910471718537       -1.84255578332045        1.00447756467179
C           -2.39240822274778       -0.98109100907817        1.30503749450256
O           -1.62807648476469       -2.12795086490773        1.55376708706665
C            1.58081051224054        1.51600634713607        0.48914677905122
O            0.77098664353199        2.49570217537663       -0.11500463268414
C            2.98612870889184        1.52872907320953       -0.13419175284714
O            3.65841525617073        2.71904900058383        0.17775326309985
H            5.55045054149084       -1.61322553266164        0.25863585895000
H            6.24826294700048       -0.29527435363391        1.24751140709633
H            6.81365154727130       -0.54927442868333       -0.43104383897020
H            3.99288485798843        0.50244893453797        1.48672137090121
H            2.07561158207551       -0.85065743201554        1.96779183587897
H            1.50974390270668       -2.59978003971782       -0.45656155380129
H            0.30533852899802       -2.41467476329247        0.85560210581805
H            1.89138650244093       -3.32160538295276        2.23915587550467
H            0.61255985639747       -0.09125698692842       -0.59226339234766
H           -1.96092857316744        1.11671285560810        1.09377409528108
H           -2.73576211502307        0.05021947880866       -2.21270946763490
H           -1.95842832683516        2.42832882551473       -1.96720472111692
H           -2.83581764273080        2.55669978389127       -0.43617007938885
H           -3.92652205351916        2.36879156163683       -3.00935572925462
H           -4.24594147526062        0.74920171911057        0.32331457755814
H           -5.37959337906965        0.51661642873603       -1.63321559571598
H           -3.13664155729220       -1.98441448763303       -0.45458542877552
H           -5.35127967974169       -1.89948018803742        0.40698454018923
H           -2.85243073789839       -0.62850882153056        2.23910666007195
H           -2.21488316877083       -2.80819574295166        1.92044193575413
H            1.65886140018293        1.81633984795788        1.54007734051673
H            0.64323352219772        2.26427436012485       -1.04651719082866
H            2.91514152359302        1.39702183835344       -1.22560683104427
H            3.08670304032032        3.46890038824034       -0.05657879977368
48
 energy: -84.837554374041 gnorm: 0.002300381237 xtb: 6.7.1 (edcfbbe)
C            5.95733700398757       -0.62377214896189        0.23382822787575
O            5.00818065148198        0.30456889516827       -0.28578966178300
C            3.81754494517734        0.34943576296938        0.41355092188341
O            3.12564374789809       -0.85938099737552        0.19228906075974
C            1.89547521424263       -0.97438425766570        0.88187051527018
C            1.35908720237021       -2.37988305873445        0.58021907206226
O            2.08350921686879       -3.39016705857900        1.23817566833529
C            0.92372456401649        0.13481125981338        0.43579859939906
O           -0.21316194151245        0.16323830272207        1.29515463683507
C           -1.50543453649221        0.18796317686481        0.74849420483627
O           -1.48650154241914        0.17650872295277       -0.65201083748177
C           -2.73400342389461        0.53757861369691       -1.23645163155575
C           -2.85690296803133        2.06261203300248       -1.43875823371231
O           -4.07403606960334        2.38014483284279       -2.07261908115524
C           -3.93454913559367        0.00359280243360       -0.42930136237343
O           -5.01512866595918       -0.31917560403199       -1.26609687954957
C           -3.50837581376693       -1.27364518162558        0.30329286696796
O           -4.57615468984555       -1.84788524190906        1.01098937061768
C           -2.38992220525417       -0.95968307142716        1.31261176907783
O           -1.61769949289550       -2.09736951702078        1.57834340876434
C            1.59038736085871        1.52181564764406        0.50410205962543
O            0.78863409670126        2.51220678103343       -0.09528473344602
C            2.99870274345065        1.53335267909367       -0.11168106215011
O            3.67521416969254        2.71777723306292        0.21454751997796
H            5.54139683621329       -1.63313208887716        0.23699141372574
H            6.24831767744862       -0.33730415198110        1.24884733467466
H            6.81103215490300       -0.56499988291951       -0.43458556957341
H            3.99793209318114        0.48431683015530        1.50100704005284
H            2.06601054181195       -0.86072278566839        1.96440581302604
H            1.48819636252744       -2.57143963214105       -0.48714438733793
H            0.29951680477347       -2.41458767080192        0.84354567685546
H            1.91152296548369       -3.34166200127809        2.18964913184541
H            0.61212924239173       -0.07056894746482       -0.59282091821478
H           -1.95775288338404        1.13901735976729        1.08972721190567
H           -2.73255883705536        0.03667003202860       -2.21188034121255
H           -1.99512707953594        2.42913573375321       -2.00106858575259
H           -2.86713079648694        2.56317385409350       -0.46651160972980
H           -3.96761620283126        2.32079720941986       -3.03232575673875
H           -4.24757609629242        0.74539299375080        0.31972399923002
H           -5.37365709143274        0.50138286552676       -1.63894089633885
H           -3.11664457152314       -1.98420458381637       -0.44177410192081
H           -5.33501560033065       -1.91808636848320        0.41120534447316
H           -2.85654553654122       -0.59913952516685        2.24020910466890
H           -2.19722080284035       -2.77185953825847        1.96696017909029
H            1.66411100843491        1.81320380419665        1.55808392155004
H            0.66184218392830        2.28976836531668       -1.02901261484547
H            2.93247586289996        1.41300378167644       -1.20487836427494
H            3.10078829086123        3.47157852565168       -0.00120371994501
48
 energy: -84.837587940990 gnorm: 0.001994359365 xtb: 6.7.1 (edcfbbe)
C            5.95580878807720       -0.63234898386908        0.23250630923036
O            5.01025796482215        0.30261458492683       -0.28168034235808
C            3.81950858895624        0.34774850712538        0.41749990242046
O            3.12481927195976       -0.85828205172339        0.19117137696117
C            1.89367036268772       -0.97275665479280        0.87885946967434
C            1.35459036457529       -2.37574163544806        0.57067160961825
O            2.08156013715615       -3.39085077724891        1.21772319062035
C            0.92413716730582        0.13914718264981        0.43499560987766
O           -0.21248189119264        0.16795384819784        1.29457404527294
C           -1.50505203497336        0.19450270162181        0.74892751294722
O           -1.48646382847392        0.18337112368024       -0.65157935216276
C           -2.73559832260567        0.53606765386666       -1.23745509302232
C           -2.86643698108380        2.05911981869748       -1.44777240743941
O           -4.08570059096193        2.36613816802983       -2.08253378025561
C           -3.93418472406410        0.00132372535602       -0.42814402106527
O           -5.01549144387045       -0.32300290809629       -1.26331795912201
C           -3.50454872914096       -1.27376198153327        0.30569832481159
O           -4.57073705117067       -1.85125529006684        1.01309386848081
C           -2.38872455616243       -0.95297736142211        1.31544163328590
O           -1.61419249149469       -2.08759519091194        1.58761482983865
C            1.59417758925992        1.52448449863996        0.50904877209422
O            0.79596871605640        2.51924075339891       -0.08817996393738
C            3.00382177211878        1.53570191005611       -0.10361182880478
O            3.68172930708782        2.71720972267813        0.22994155799393
H            5.53665151112386       -1.64037727869429        0.22817661654983
H            6.24646126924375       -0.35405083352891        1.24978052156960
H            6.81046921098203       -0.57161893071318       -0.43447402961549
H            3.99983710222126        0.47786142430458        1.50551943828207
H            2.06261928172574       -0.86304560401060        1.96196231692951
H            1.47773043890597       -2.56011214181100       -0.49841217149462
H            0.29651347543744       -2.41149835693442        0.83942144982844
H            1.91725078573839       -3.34626923738404        2.17053387040910
H            0.61264780647795       -0.06212587329780       -0.59429832612251
H           -1.95638748898589        1.14605562870847        1.09005206291236
H           -2.73218022618663        0.03047589504832       -2.21053021664742
H           -2.00749938172597        2.42754623748379       -2.01294689266097
H           -2.87940247142174        2.56497778870594       -0.47842801974124
H           -3.98077216259877        2.29813322043754       -3.04192855717676
H           -4.24697050734937        0.74364385917638        0.32064030607760
H           -5.37034491718942        0.49772245197210       -1.64013963791918
H           -3.10896229295317       -1.98387937623036       -0.43769763742528
H           -5.32903096446116       -1.92399929394868        0.41300499512393
H           -2.85788785543655       -0.58970171380374        2.24063314540117
H           -2.19143632396777       -2.75978258981678        1.98284610174008
H            1.66613830364991        1.81171244828605        1.56436760349629
H            0.66771322922741        2.29903769752194       -1.02240400459752
H            2.93969913940324        1.42068679581003       -1.19756175887599
H            3.10670261130369        3.47255120283052        0.02187328376550
48
 energy: -84.837649936732 gnorm: 0.001633684346 xtb: 6.7.1 (edcfbbe)
C            5.95124544518522       -0.65139226074234        0.23017209364681
O            5.01537105161271        0.29890864410822       -0.27330447865044
C            3.82373232698595        0.34466428155050        0.42458372261306
O            3.12329250040172       -0.85533281956376        0.18704938280435
C            1.89041938328309       -0.96789894295207        0.87073669335923
C            1.34321500485450       -2.36463933349488        0.55034362999094
O            2.07365160059625       -3.39151954684824        1.17265216550610
C            0.92559515260894        0.14981397993605        0.43160880541765
O           -0.20996281014990        0.17703498088297        1.29233185594026
C           -1.50374016572164        0.20696731152005        0.75078205272615
O           -1.48653363144025        0.19872235515363       -0.64982572451402
C           -2.73943725071290        0.53237416465291       -1.23842520053639
C           -2.88629320122916        2.05072067140820       -1.46789947892291
O           -4.10736133307752        2.33625132693273       -2.10774546722796
C           -3.93270466577432       -0.00293823535972       -0.42272207746327
O           -5.01794649473185       -0.32676439650254       -1.25289446267066
C           -3.49581431956667       -1.27523547854704        0.31046864923449
O           -4.55809476908611       -1.86152401924033        1.01645918751057
C           -2.38557610259779       -0.94099650452238        1.32120615522709
O           -1.60719798831112       -2.06964783398838        1.60678003937563
C            1.60227775665646        1.53123710772567        0.51814685519501
O            0.81252874150993        2.53547871300395       -0.07449438957392
C            3.01549355635365        1.54211324436909       -0.08677195914247
O            3.69651088472186        2.71610804325156        0.26546936711396
H            5.52417834134710       -1.65589012320233        0.20754151273270
H            6.23883837812762       -0.39212486176087        1.25319842851481
H            6.80975008470213       -0.58666166833839       -0.43141882861822
H            4.00352412219958        0.46458514719214        1.51385746072744
H            2.05624073324618       -0.86565321282389        1.95509968515976
H            1.45068720853121       -2.53350943316736       -0.52271827753946
H            0.28869578719504       -2.39937436639169        0.83261444735414
H            1.92857673090485       -3.35365647756217        2.12868538398342
H            0.61437385268209       -0.04287147410856       -0.59913860030913
H           -1.95319229804938        1.15907351473462        1.09388466228440
H           -2.73270221580403        0.01500634856541       -2.20554339066444
H           -2.03090184124239        2.42127908686274       -2.03675243543272
H           -2.90710958451871        2.56852467300419       -0.50518261744099
H           -4.00578667839597        2.23813702955515       -3.06571615304333
H           -4.24257171358230        0.73955614833740        0.32752617311333
H           -5.36062451037095        0.49578796889858       -1.63902593585362
H           -3.09219526105832       -1.98273217794714       -0.43103339370763
H           -5.31665282269214       -1.93455273194889        0.41692309525465
H           -2.86028221383442       -0.57237189367563        2.24134506032313
H           -2.18063692730968       -2.73706889128469        2.01373926486492
H            1.67032269700934        1.80894697600566        1.57632786574999
H            0.67722272043899        2.31720984877379       -1.00854779876475
H            2.95681259736781        1.44056950560387       -1.18242390078101
H            3.12075909866165        3.47528039483276        0.07553460090513
48
 energy: -84.837670994571 gnorm: 0.001195088785 xtb: 6.7.1 (edcfbbe)
C            5.94867571993553       -0.65820895873366        0.22983251529094
O            5.01778440764163        0.29868810359120       -0.27040043536957
C            3.82514966018437        0.34442629375350        0.42597849152030
O            3.12296971595107       -0.85347474821441        0.18363076928409
C            1.88983176879718       -0.96545274522600        0.86618219909434
C            1.33790995442432       -2.35948327850942        0.54189418480630
O            2.06809896455679       -3.39170308068445        1.15471264645440
C            0.92645837236691        0.15452849519436        0.42945159702921
O           -0.20836585996766        0.17976952346837        1.29131596682087
C           -1.50300998088299        0.21038165560791        0.75238669249061
O           -1.48695982283892        0.20400956770661       -0.64830042835049
C           -2.74139275916986        0.53001716991715       -1.23799567749171
C           -2.89159528537524        2.04668126932519       -1.47584602081444
O           -4.11007148528576        2.32719718412129       -2.12158617149261
C           -3.93259266943786       -0.00432629171359       -0.41931483724577
O           -5.02064150263405       -0.32815898033087       -1.24647644287303
C           -3.49265758768464       -1.27620819339077        0.31287786579227
O           -4.55311172002797       -1.86620626323223        1.01850538082679
C           -2.38415102620780       -0.93797189224795        1.32411111164419
O           -1.60528196116091       -2.06497171072248        1.61479167641974
C            1.60505946376428        1.53452674083266        0.52108092274060
O            0.81848385404367        2.54264422037267       -0.06876262976489
C            3.01981106560509        1.54559701063416       -0.08112749423364
O            3.70203691747887        2.71623066989774        0.27916909388539
H            5.51798908611220       -1.66082449726436        0.19913572001100
H            6.23348935523136       -0.40670702130943        1.25555432267509
H            6.80980449013448       -0.59241972861129       -0.42820061202513
H            4.00412570040952        0.46024407863225        1.51594719088505
H            2.05495796224549       -0.86573365694087        1.95103431056637
H            1.43853314282210       -2.52311938305372       -0.53266564172189
H            0.28480958369647       -2.39212042663449        0.82994574561826
H            1.93076460933129       -3.35623682846427        2.11204370326236
H            0.61485342411638       -0.03482527041865       -0.60181844339849
H           -1.95191294422318        1.16246737248199        1.09730607695845
H           -2.73355959674777        0.00700494031653       -2.20213583928852
H           -2.03442969552877        2.41620546382535       -2.04312756988626
H           -2.91732100617795        2.56891052002427       -0.51571848943487
H           -4.00664735076198        2.21259881298759       -3.07732152017663
H           -4.24022419432844        0.73823369485460        0.33205313193707
H           -5.36069717596157        0.49411736595590       -1.63585528079349
H           -3.08677838537632       -1.98246052991161       -0.42870320758211
H           -5.31310491684469       -1.93660558331158        0.41995753722257
H           -2.86107300213506       -0.56719552779121        2.24235705314856
H           -2.17901417475898       -2.73155197386502        2.02287562101528
H            1.67253897991482        1.80801111603339        1.58042467722183
H            0.67953102533384        2.32582348453008       -1.00298013258416
H            2.96359729238278        1.45040411381212       -1.17736211243295
H            3.12732654492964        3.47724248516690        0.09462650849047
48
 energy: -84.837686616368 gnorm: 0.000911922688 xtb: 6.7.1 (edcfbbe)
C            5.94662162343008       -0.66042094804688        0.23010899275647
O            5.01910801158712        0.30019045803700       -0.26907532504864
C            3.82531197914596        0.34533783619753        0.42545400162092
O            3.12280962956857       -0.85174080839460        0.17996538287471
C            1.89006955276893       -0.96394857583385        0.86262911938181
C            1.33531200207257       -2.35650422016482        0.53727336709336
O            2.06422688562669       -3.39137408437616        1.14602228878927
C            0.92678038028023        0.15691708707848        0.42793716101867
O           -0.20725170124714        0.18001286307479        1.29118756615786
C           -1.50267241612336        0.21052197257433        0.75443120217441
O           -1.48755768923300        0.20577015290936       -0.64628284810692
C           -2.74252093131672        0.52834588601873       -1.23668524312464
C           -2.89128561766688        2.04424086053049       -1.47984580317082
O           -4.10480547118648        2.32460851623518       -2.13438643929670
C           -3.93242632367002       -0.00424744746880       -0.41554373299998
O           -5.02271469765595       -0.32751289785577       -1.24012857775352
C           -3.49180560854101       -1.27692190261110        0.31499794751556
O           -4.55134964819856       -1.86896498206275        1.02019514524816
C           -2.38359291541655       -0.93813998499737        1.32631613610705
O           -1.60529906635729       -2.06486353438372        1.61859793797561
C            1.60572518975875        1.53635852516923        0.52182658378357
O            0.82025405767290        2.54586030601386       -0.06611179655425
C            3.02129418495832        1.54820004478954       -0.07929057969011
O            3.70386936717008        2.71704185442084        0.28568466826480
H            5.51394312147051       -1.66180008306653        0.19384798259788
H            6.22826939901298       -0.41361502621360        1.25779352641558
H            6.81016717702589       -0.59382724569843       -0.42463206020678
H            4.00303941153222        0.45880045889014        1.51594739377541
H            2.05559668729939       -0.86541546615466        1.94763892235146
H            1.43256012083033       -2.51828391048248       -0.53772186208602
H            0.28299281741767       -2.38711718404367        0.82820675129708
H            1.92981530305646       -3.35740539446923        2.10362808092532
H            0.61441240174829       -0.03091434415222       -0.60336997500304
H           -1.95127154564597        1.16242364686816        1.10107527677757
H           -2.73459530636704        0.00166548192619       -2.19876451033223
H           -2.02947403213614        2.41127211228304       -2.04224733523220
H           -2.92266117967631        2.56891012831957       -0.52124843879071
H           -3.99700809555312        2.19597823059602       -3.08754677689180
H           -4.23797361564874        0.73829358156493        0.33668643017166
H           -5.36431755298759        0.49369742430237       -1.62964259008366
H           -3.08564661155233       -1.98185888973319       -0.42770558356588
H           -5.31338261312655       -1.93371053160695        0.42341191613657
H           -2.86135092085095       -0.56686984707815        2.24392274538028
H           -2.18092685422577       -2.73274951099776        2.02209334726232
H            1.67331627301961        1.80771170706219        1.58162103465007
H            0.67883639706002        2.32987542964151       -1.00003640002443
H            2.96634274041214        1.45681640482554       -1.17572860732993
H            3.13121265834496        3.47935063279410        0.10097730310459
48
 energy: -84.837697779403 gnorm: 0.000839226712 xtb: 6.7.1 (edcfbbe)
C            5.94478816546664       -0.66118227130258        0.23036738527627
O            5.01977771956857        0.30249070797037       -0.26770229683291
C            3.82479802655794        0.34651078425969        0.42488235824735
O            3.12231815732966       -0.85003629467816        0.17643701123699
C            1.89034928600056       -0.96331103250001        0.86009768652263
C            1.33392426704566       -2.35494880402414        0.53332587154039
O            2.06282392323366       -3.39213185620017        1.13848457127943
C            0.92677483145111        0.15806721430363        0.42742102846772
O           -0.20635891839811        0.17997461236821        1.29211277337199
C           -1.50236050507821        0.21036093860584        0.75683607257200
O           -1.48779617304363        0.20620627198891       -0.64387211803200
C           -2.74313105518956        0.52684413665716       -1.23486308013316
C           -2.88964172999413        2.04220759562968       -1.48302017714149
O           -4.09712250316600        2.32281676250931       -2.14874602957946
C           -3.93271771955629       -0.00331816464820       -0.41206861785965
O           -5.02489866374168       -0.32640678312880       -1.23412090745725
C           -3.49150523127847       -1.27654653988940        0.31759014510721
O           -4.55069045283298       -1.86950512508952        1.02237197805216
C           -2.38309574125365       -0.93837772199925        1.32894954850276
O           -1.60519471069701       -2.06515898660348        1.62196908969471
C            1.60539240347863        1.53753731647986        0.52257311866741
O            0.81995155401441        2.54775480091331       -0.06368866087180
C            3.02141633242867        1.55041092399508       -0.07813316765972
O            3.70413141720518        2.71816767035202        0.29012271242445
H            5.51107635149664       -1.66191587924147        0.18841831141149
H            6.22333940401132       -0.41903685216820        1.26012697298640
H            6.81056157809471       -0.59279938346697       -0.42123944043639
H            4.00100625849230        0.45785690897365        1.51589148835930
H            2.05697563445075       -0.86622861680513        1.94514353397229
H            1.42864722378531       -2.51468690683566       -0.54249458883014
H            0.28209059585576       -2.38436442309834        0.82653394328635
H            1.93000866417160       -3.36092626085002        2.09663877333502
H            0.61320380755056       -0.02851283700850       -0.60376409975012
H           -1.95071376781100        1.16229210908436        1.10429728617801
H           -2.73572750713271       -0.00292779802121       -2.19524580186994
H           -2.02227919824657        2.40685340681468       -2.03894428821993
H           -2.92854585112172        2.56958757986185       -0.52611611278068
H           -3.98391561878734        2.18061614620339       -3.09938487217542
H           -4.23582751316127        0.73979565572416        0.34051822957407
H           -5.36980061774583        0.49353756146467       -1.62285481841004
H           -3.08557318865288       -1.98090256580210       -0.42594618143644
H           -5.31460746588177       -1.92896486319828        0.42698546726595
H           -2.86109836696721       -0.56657857213690        2.24639326935936
H           -2.18310476203729       -2.73568108310065        2.01849938984653
H            1.67330905729578        1.80736755182743        1.58277360319079
H            0.67812196390790        2.33372957493527       -0.99804578328098
H            2.96704937599505        1.46174640227369       -1.17475333844753
H            3.13386822078045        3.48171177056330        0.10272648792729
48
 energy: -84.837704336603 gnorm: 0.000745269688 xtb: 6.7.1 (edcfbbe)
C            5.94400211994885       -0.66054177224305        0.23011394788188
O            5.01973110994871        0.30448356851441       -0.26664915712047
C            3.82416529191321        0.34734523885835        0.42487684481284
O            3.12201175769036       -0.84899200531302        0.17437727502008
C            1.89048441871053       -0.96368910538805        0.85876527803959
C            1.33437985491931       -2.35516842383612        0.53069299726409
O            2.06380360252455       -3.39232135694575        1.13488906630520
C            0.92637082842866        0.15778108087136        0.42788572636773
O           -0.20628399413763        0.17961489722630        1.29328775101731
C           -1.50243277139172        0.21019643095291        0.75827954653142
O           -1.48810414301849        0.20589197048309       -0.64239959640660
C           -2.74334500281981        0.52635583450890       -1.23371086466467
C           -2.88797054342157        2.04124613490277       -1.48512179363912
O           -4.09077036240459        2.32104143888515       -2.15978843112797
C           -3.93270136933751       -0.00198500718945       -0.40932704737608
O           -5.02579248566646       -0.32466898200964       -1.22982794855479
C           -3.49237156445591       -1.27568985045992        0.32015077355529
O           -4.55167837005196       -1.86844223469266        1.02488562100881
C           -2.38319905245258       -0.93819542249075        1.33084599493628
O           -1.60545307956106       -2.06523540570771        1.62259296082680
C            1.60469223493117        1.53760168786072        0.52344922284420
O            0.81841982827317        2.54735427769512       -0.06235879724455
C            3.02075455442002        1.55164230517255       -0.07716063215283
O            3.70315134119650        2.71923445802996        0.29238613238857
H            5.51061842022735       -1.66120184647070        0.18428540094619
H            6.22042654106264       -0.42156103668255        1.26113268860183
H            6.81098489821206       -0.58988043517481       -0.41961274816072
H            3.99926151584258        0.45727600783374        1.51620713581134
H            2.05780740043718       -0.86783450179587        1.94372533373423
H            1.42919482011163       -2.51418957035757       -0.54498790868113
H            0.28270208448534       -2.38558302088406        0.82406958723086
H            1.92955816072751       -3.36325719678838        2.09265991210560
H            0.61212689151696       -0.02826041918156       -0.60312365321416
H           -1.95040231807750        1.16228435470221        1.10565475328247
H           -2.73654023583241       -0.00502988010893       -2.19323644870379
H           -2.01661066272147        2.40496750715151       -2.03557049803613
H           -2.93398661732952        2.57046059336612       -0.52961441612470
H           -3.97317830413105        2.17048174511534       -3.10855713679703
H           -4.23409066172204        0.74176795104899        0.34325536204397
H           -5.37272400526495        0.49472788530338       -1.61767059348698
H           -3.08705962306440       -1.97988373819200       -0.42391287422424
H           -5.31658142751701       -1.92437801579039        0.43042132507170
H           -2.86018781542102       -0.56675073066986        2.24894975008312
H           -2.18454461972899       -2.73823512986654        2.01371382988225
H            1.67241764080202        1.80724415097470        1.58368956031430
H            0.67811393636540        2.33470459957522       -0.99710355450373
H            2.96644578297999        1.46404429540458       -1.17384769922137
H            3.13438095175976        3.48322145558916        0.10182174805523
48
 energy: -84.837709080610 gnorm: 0.000506428781 xtb: 6.7.1 (edcfbbe)
C            5.94383498157763       -0.65936843804835        0.22955822364059
O            5.01919464559623        0.30612512848240       -0.26556742860873
C            3.82350405449052        0.34784169544753        0.42565723043748
O            3.12157841661603       -0.84832507656276        0.17387414201097
C            1.89033713631856       -0.96451622835810        0.85885481605288
C            1.33558066738348       -2.35617745570500        0.52887923786800
O            2.06639255542954       -3.39365495107539        1.13175511490058
C            0.92585857697153        0.15690564350214        0.42896858481482
O           -0.20645957293928        0.17943849315235        1.29466616306090
C           -1.50250187681969        0.21037334680007        0.75923181027678
O           -1.48807673147956        0.20529095917575       -0.64138439770148
C           -2.74324829673696        0.52611657968354       -1.23278094012662
C           -2.88739749703376        2.04052569243790       -1.48671789633552
O           -4.08669212283483        2.31860731314036       -2.16829365173753
C           -3.93308799754901       -0.00042850525095       -0.40778849670817
O           -5.02659683196099       -0.32294643165890       -1.22749987473262
C           -3.49346318606810       -1.27398240938681        0.32252891731695
O           -4.55316514306320       -1.86521203844789        1.02788421256465
C           -2.38315556402744       -0.93765006570654        1.33222347805510
O           -1.60508603593938       -2.06500267288314        1.62230723877549
C            1.60380748685693        1.53716109630993        0.52446938745220
O            0.81648252635969        2.54619746944205       -0.06150598427446
C            3.01973823790134        1.55208428040392       -0.07600591187564
O            3.70169089046829        2.71994240870102        0.29373060054033
H            5.51147105947222       -1.66035136124722        0.18057022331550
H            6.21909143132620       -0.42302093563856        1.26146620547073
H            6.81131617244941       -0.58602940274005       -0.41919684240561
H            3.99803403363624        0.45678215872355        1.51713320371832
H            2.05821855972511       -0.87034104849830        1.94380188687085
H            1.43083460097112       -2.51350208084754       -0.54723723924334
H            0.28379802201311       -2.38806436143988        0.82195294813093
H            1.93059045173294       -3.36729086123987        2.08954850992470
H            0.61115928661026       -0.02864407957980       -0.60196032905636
H           -1.95014010574553        1.16281956290395        1.10579460202612
H           -2.73708277406083       -0.00629582549755       -2.19179531011593
H           -2.01338283845605        2.40395374637496       -2.03309867454336
H           -2.93930115849193        2.57156089859183       -0.53257123844372
H           -3.96550256056728        2.16333574608940       -3.11576076420890
H           -4.23325010457681        0.74429907866028        0.34432178722919
H           -5.37370748462300        0.49628267322172       -1.61556846323418
H           -3.08922032131777       -1.97898994756482       -0.42134682337530
H           -5.31837118055317       -1.92008837123423        0.43380959131551
H           -2.85866171813976       -0.56641903990961        2.25124139247329
H           -2.18445247905084       -2.73978394832872        2.01000623981950
H            1.67103844366614        1.80702244235037        1.58469747830979
H            0.67928897271880        2.33498772013143       -0.99695178470544
H            2.96537796166365        1.46450940654277       -1.17270834985316
H            3.13378136799843        3.48391677820010        0.10029090149856
