48
 energy: -84.840599860422 gnorm: 0.072159959271 xtb: 6.7.1 (edcfbbe)
C            5.71915271253471       -0.60767050355822        0.20885153425931
O            4.83454730712626        0.46431052826410        0.52056010963750
C            3.57227585709327        0.08185176587390        0.92633388802956
O            2.84468217671685       -0.35954028621377       -0.20291162830129
C            1.52339172446749       -0.75776167093399        0.11110260213426
C            0.93902222368524       -1.42763273898997       -1.13644247303294
O            1.70946973347844       -2.51895926893799       -1.55643773756012
C            0.71400017413280        0.45896899794484        0.58955599638791
O           -0.60721948982543        0.05220338948820        0.93204050836030
C           -1.62724685283206        0.95457935184938        0.58326115492732
O           -1.85500496737607        1.05480948073882       -0.79127161924939
C           -2.44405160457514       -0.07906112377871       -1.43335253589812
C           -2.75514681307268        0.35255217682569       -2.87375186023959
O           -1.59638285609966        0.66375434896270       -3.60107051748741
C           -3.71294946207605       -0.56611268678197       -0.71999141753720
O           -4.23404083151647       -1.73112434661750       -1.30416612128225
C           -3.42347752874194       -0.77209544948215        0.77421554843835
O           -4.58803324077829       -1.12262672395443        1.48169410603411
C           -2.89647015049595        0.54524186511920        1.34765226836449
O           -2.59481284023961        0.46342797079891        2.70989711825095
C            1.40261795328811        1.11110849192772        1.80079788250477
O            0.81363171865963        2.33968050469370        2.15472719934815
C            2.91291021039660        1.30537346586577        1.57574599949422
O            3.57254801111612        1.53117502312031        2.79249855485102
H            5.36276991669976       -1.16205302660043       -0.66019709103135
H            5.81704050651745       -1.28055633428636        1.06494003999827
H            6.67310595060098       -0.13701779061895       -0.01007622247770
H            3.62004724135798       -0.73700304216859        1.67298851486139
H            1.55319088412574       -1.49791788577920        0.92712372684719
H            0.83552319171130       -0.68759453001707       -1.93903248649516
H           -0.03743508409320       -1.83494143237145       -0.87498073019859
H            2.60020791229911       -2.20291970796447       -1.76355147908430
H            0.66553937819474        1.18029021007034       -0.23818767353786
H           -1.34644650044231        1.96956852052516        0.89558280899519
H           -1.71378657194116       -0.89828646300685       -1.45425372321909
H           -3.43991251167575        1.20763010774312       -2.84200450990884
H           -3.23807145912545       -0.47552924640044       -3.39472858280065
H           -1.20307213911469        1.46068396234577       -3.21999789966740
H           -4.50430581642749        0.18598031132477       -0.81934162238860
H           -3.55824545277518       -2.42532061729164       -1.32427836500083
H           -2.64995902315234       -1.54565423212381        0.90774479613844
H           -5.09180550663621       -1.76188342254952        0.95431095187042
H           -3.65694742865883        1.32409662638221        1.17144892061773
H           -3.34075159913526        0.02824136831977        3.15349449141915
H            1.24514850093113        0.45993622332219        2.66770631344056
H            0.99013092127341        2.99866353720941        1.46492712943138
H            3.07630933620477        2.14963939914607        0.88610930853280
H            3.11830991028967        2.24549256443178        3.26819799837529
48
 energy: -84.845880624023 gnorm: 0.011448092477 xtb: 6.7.1 (edcfbbe)
C            5.71731898581713       -0.60837486744225        0.20676863340259
O            4.83199349151283        0.46322359952857        0.51758466430076
C            3.56881137872077        0.08169008983003        0.92205215077103
O            2.83751175299586       -0.34838752957331       -0.21129319596159
C            1.51384003957477       -0.74840739515635        0.09381184867345
C            0.93011975817709       -1.41963023563345       -1.15035635774022
O            1.70319209095353       -2.51180839116232       -1.56473598182364
C            0.72144800803372        0.45177562883550        0.63687065668483
O           -0.60882387884031        0.07718274777202        0.97818269823462
C           -1.62502183147851        0.95706735061796        0.56864860960925
O           -1.84943924124625        1.03321491850894       -0.80606143929396
C           -2.44501656687335       -0.09713855802681       -1.44087672388587
C           -2.75591800467077        0.34424909612980       -2.87838719830940
O           -1.59687985321833        0.65913217071406       -3.60391213942793
C           -3.71444619096128       -0.57229928357658       -0.72222830626564
O           -4.23918197127799       -1.73746012666340       -1.30182797961279
C           -3.42208190833000       -0.77117924014885        0.77236122511166
O           -4.58627487957582       -1.11936204251507        1.48182180993325
C           -2.89562617765161        0.55076188047963        1.33715719021959
O           -2.59571742585250        0.47559655294919        2.70070165116901
C            1.41474261959261        1.11215679184860        1.83143992728357
O            0.82386202017964        2.34294787151054        2.17460157110732
C            2.91962104593492        1.30528574780998        1.58249984005299
O            3.58721361473874        1.53262605648704        2.79400745579466
H            5.36176484616581       -1.16318596981228       -0.66224099146214
H            5.81535278464874       -1.28078183800853        1.06324567730631
H            6.67128930952478       -0.13733516919377       -0.01152684067238
H            3.61616075219164       -0.74067631037831        1.66505010905716
H            1.55140361125317       -1.49908409432595        0.90138116211377
H            0.82687151868098       -0.68065405749294       -1.95300267359234
H           -0.04448489637955       -1.82881856384044       -0.88503451410852
H            2.59555057655051       -2.19705389389474       -1.76695624979895
H            0.67023855641858        1.17614067582378       -0.19068979177940
H           -1.35552947203647        1.97909666548439        0.86886209466046
H           -1.71656319800494       -0.91734548204503       -1.46077580400766
H           -3.43866719136194        1.20106539872605       -2.84140489351478
H           -3.24065962083714       -0.48002937852316       -3.40295662366210
H           -1.20398694730054        1.45488053222599       -3.21958213629777
H           -4.50318587386586        0.18255481633939       -0.82271886141838
H           -3.56348476160250       -2.43165033244743       -1.32304423684889
H           -2.64845282915907       -1.54415719675893        0.90853628450658
H           -5.09057144836957       -1.75992252065808        0.95623742678072
H           -3.65834598262878        1.32638159420849        1.15774837112437
H           -3.33892131954068        0.03640587634964        3.14555967282331
H            1.26065686279965        0.46404097403566        2.70002819127169
H            0.99127377161425        2.99379899184930        1.47429715023983
H            3.07556780098762        2.14954268024262        0.89077115996273
H            3.13147399583379        2.24392143111243        3.27286888194685
48
 energy: -84.846716586309 gnorm: 0.005558521900 xtb: 6.7.1 (edcfbbe)
C            5.71620309482287       -0.60982259711290        0.20241745449267
O            4.83201592598451        0.46229702512277        0.51414099718842
C            3.56949703994579        0.08223092719172        0.92156856969867
O            2.83096809806965       -0.33507902148370       -0.21179300405526
C            1.51018184703333       -0.74210360297558        0.09921882260365
C            0.92139479796422       -1.39648949405205       -1.15181516832222
O            1.69124844433955       -2.48970666568984       -1.56950591288744
C            0.72225324052501        0.45893467326845        0.65368272623101
O           -0.60935639279408        0.08803242552992        0.99432261753161
C           -1.62233479017401        0.95945702297862        0.55786701605502
O           -1.84055891675487        1.01151295102725       -0.81720979263542
C           -2.44640502640824       -0.11528969935673       -1.44758092240892
C           -2.75739153480147        0.33023681339118       -2.88421898648120
O           -1.59758824661122        0.64751881667220       -3.60742482824437
C           -3.71697260325835       -0.58082265642349       -0.72607115885167
O           -4.24812047283679       -1.74733905411130       -1.29731452088513
C           -3.42198857640003       -0.76893244097889        0.76944764659926
O           -4.58506369863670       -1.11387373535216        1.48232861407135
C           -2.89701326610038        0.55773609398935        1.32590550972252
O           -2.59879169773251        0.49133676580781        2.69025706973732
C            1.42451176031603        1.10325476675310        1.85106439963716
O            0.83383297742273        2.33224753236312        2.19869999985999
C            2.92662148997827        1.30285959902961        1.59298730844649
O            3.60867554692936        1.52946586952265        2.79692088463299
H            5.35982302447894       -1.16467082808104       -0.66620181916653
H            5.81463716871874       -1.28193016636866        1.05911284021975
H            6.67015646424619       -0.13904973800883       -0.01642419754552
H            3.61606096836082       -0.74723893380213        1.65654847168089
H            1.55652259193535       -1.51019781168212        0.89323219223266
H            0.81883787060721       -0.65701319057739       -1.95451358953170
H           -0.05344090294615       -1.80706590303662       -0.88952029432066
H            2.58574646314172       -2.17897259458189       -1.76861370615000
H            0.67101385205187        1.19805020269622       -0.16373685664925
H           -1.35844324347397        1.98883168809504        0.84101635920515
H           -1.72548213784044       -0.94196323209170       -1.47054252202575
H           -3.43756678647183        1.18881264188826       -2.84184184895202
H           -3.24439645509750       -0.48950068177807       -3.41385948804392
H           -1.20473634237023        1.44153411404243       -3.21928769377216
H           -4.50220388927423        0.17718575553747       -0.82948775216593
H           -3.57385965764271       -2.44285924147526       -1.31938851119363
H           -2.64763438761159       -1.54037924108792        0.91045348853842
H           -5.09012835237276       -1.75641236038409        0.95974981133932
H           -3.66070906875900        1.33117362297088        1.14138611634813
H           -3.33951998751697        0.04885080555203        3.13596630158135
H            1.27972069471482        0.45663170344221        2.72273295376426
H            0.99225414988887        2.98259193438246        1.49566457451863
H            3.07349163708279        2.14871890464495        0.90101121063591
H            3.15403500675434        2.23720789709874        3.28213179166665
48
 energy: -84.847179865444 gnorm: 0.006208793635 xtb: 6.7.1 (edcfbbe)
C            5.71700965286857       -0.61189106537687        0.19675384660963
O            4.83550844499338        0.46145791937563        0.51119936365968
C            3.57338333867072        0.08347040436457        0.92093069461930
O            2.82874485556312       -0.32039056458997       -0.21265738824373
C            1.51039615947708       -0.73142858483724        0.10493479899533
C            0.91414243624185       -1.37002705900276       -1.15097425350409
O            1.67741420249764       -2.46419134212668       -1.57977475432900
C            0.72356337880187        0.46885080186453        0.66447958434552
O           -0.60837377810920        0.09334594208304        1.00016327509856
C           -1.62015116263955        0.95829169187152        0.54663034944659
O           -1.82691736848737        0.98642232603453       -0.83009020274666
C           -2.44875451350891       -0.13569369808445       -1.45530511134791
C           -2.76006096240927        0.31287778752610       -2.89143203754877
O           -1.59928531530696        0.62945261074961       -3.61320391268327
C           -3.72061450066542       -0.58908747257327       -0.72916744650793
O           -4.25955641097702       -1.75808010902784       -1.28838113061909
C           -3.42331450603889       -0.76493644570273        0.76744578122604
O           -4.58485392976787       -1.10578887197871        1.48488625122511
C           -2.89999481243754        0.56685567459700        1.31375853856849
O           -2.60563680246616        0.51198184974597        2.67935018037358
C            1.43275116692581        1.09446516905922        1.87049374194752
O            0.84336735691829        2.31902742523819        2.23699851987040
C            2.93355960948178        1.29902365788165        1.60401076296707
O            3.62931413413334        1.52172876625853        2.80105008898266
H            5.35832128431663       -1.16559076997212       -0.67172475229311
H            5.81563597606330       -1.28473050743116        1.05284927439044
H            6.67124497677685       -0.14242453224370       -0.02340972145648
H            3.61836591753457       -0.75402806327062        1.64673231428983
H            1.56041990009406       -1.51030298168761        0.88817555295463
H            0.81334166407297       -0.62434055643070       -1.94819079181350
H           -0.06230399359395       -1.77865969449400       -0.89155718277013
H            2.57371110814702       -2.15715811601101       -1.77642243329042
H            0.67778537924197        1.22128724847369       -0.14118053764958
H           -1.35931005024177        1.99409678087564        0.81026580488597
H           -1.73937048405512       -0.97236855629614       -1.48354988840076
H           -3.43772855278242        1.17321082295317       -2.84556724524544
H           -3.24930549417842       -0.50325559834902       -3.42453708653563
H           -1.20434091602639        1.42027634969064       -3.22073568551422
H           -4.50230928343150        0.17183515721150       -0.83752095556089
H           -3.58754158203038       -2.45577917824882       -1.31167639443876
H           -2.64764782814713       -1.53408474377126        0.91431969491975
H           -5.09142890149179       -1.75003954331141        0.96576600226777
H           -3.66295381659208        1.33901205463651        1.12061794231956
H           -3.34419175233538        0.06649431667688        3.12544763441752
H            1.29755769335564        0.44154631628335        2.73915960716938
H            0.98994442371811        2.97392448070237        1.53583419889342
H            3.07168490893479        2.14846110879754        0.91449604061920
H            3.17877646978615        2.22687905472949        3.29379224065448
48
 energy: -84.847513707002 gnorm: 0.004967104913 xtb: 6.7.1 (edcfbbe)
C            5.71901432592310       -0.61337085720874        0.19063483265309
O            4.84139848698407        0.46176449761409        0.50984764499814
C            3.57940466647662        0.08526107359742        0.92036606311983
O            2.83077237722992       -0.30744829017245       -0.21372933504426
C            1.51413702771929       -0.71863893725088        0.10949147945141
C            0.90886041275361       -1.34277828958880       -1.14937812061602
O            1.66302405931566       -2.43757903597703       -1.59420164271276
C            0.72710993874089        0.48022852164436        0.66989118976039
O           -0.60466261060692        0.09803568771941        0.99879378540361
C           -1.61849034855081        0.95510788531352        0.53462548306410
O           -1.81152427792698        0.96091042905778       -0.84482709231379
C           -2.45277230200519       -0.15624267459890       -1.46337772749143
C           -2.76505902873148        0.29337953447289       -2.89942546229235
O           -1.60351884446251        0.60610221712653       -3.62138272616882
C           -3.72550011899089       -0.59602145002739       -0.73072628791221
O           -4.27178013053647       -1.76819734366242       -1.27631867248894
C           -3.42592148992234       -0.75968191781217        0.76673596496823
O           -4.58570228809040       -1.09611547626789        1.48916112958516
C           -2.90267266737569        0.57689793322879        1.30071076994133
O           -2.61448122153642        0.53695255569918        2.66803837786239
C            1.44080871562122        1.08407012335967        1.88849325928460
O            0.85356525284177        2.30116836527820        2.28564278668080
C            2.94084258872545        1.29510591534119        1.61465556961532
O            3.64604416817409        1.51096220901635        2.80728474833402
H            5.35651832055946       -1.16464081183852       -0.67799839027767
H            5.81814421114191       -1.28831472821832        1.04501187757539
H            6.67386855647959       -0.14626433026536       -0.03164422871724
H            3.62322625806275       -0.75907395852721        1.63816125630210
H            1.56433622883423       -1.50080166067146        0.88697950374213
H            0.80891488516962       -0.58748455981511       -1.93779234711607
H           -0.06913010001780       -1.74698478922865       -0.88973911346945
H            2.56025891509652       -2.13345625890945       -1.79058650262440
H            0.68884247622062        1.24348055147420       -0.12416709632542
H           -1.35918038778941        1.99578500429524        0.77938510100777
H           -1.75616695980557       -1.00376930318064       -1.49754430614223
H           -3.44020921323188        1.15560364858720       -2.85296263884531
H           -3.25656052963293       -0.52089517239812       -3.43320055168846
H           -1.20301677342479        1.39145561434329       -3.22366989407899
H           -4.50432283032252        0.16691914042263       -0.84531579248513
H           -3.60224559524733       -2.46833195411264       -1.30066529152780
H           -2.64873275005003       -1.52626709150864        0.91897998408354
H           -5.09482716270819       -1.74114211552748        0.97341205064144
H           -3.66270170578883        1.34897964722897        1.09555007167724
H           -3.35136513580954        0.08912501984385        3.11443834852733
H            1.31353223587138        0.41585326374861        2.74682532248351
H            0.98538761839436        2.96619173978359        1.59137914972091
H            3.07122247724274        2.14980768522019        0.93002308954048
H            3.20130798930021        2.21435040652980        3.30761755282789
48
 energy: -84.847703241087 gnorm: 0.003653703835 xtb: 6.7.1 (edcfbbe)
C            5.72144097289040       -0.61294300511174        0.18504135450201
O            4.84776516942974        0.46353437449452        0.51118160814403
C            3.58569069969545        0.08683053752102        0.92088950502785
O            2.83587456228149       -0.30019717123976       -0.21384618027479
C            1.51948080532932       -0.70827070659349        0.11122340218819
C            0.90680462263570       -1.32330951808694       -1.14822079278795
O            1.65295719788183       -2.41730569013710       -1.60842802339583
C            0.73148631930697        0.48933297018497        0.67016341990512
O           -0.60005638225845        0.10243494673904        0.99324871235335
C           -1.61724573313465        0.95273140147557        0.52477707772831
O           -1.80082372994292        0.94378145095430       -0.85722396079433
C           -2.45702772920408       -0.17036860474046       -1.46905289498670
C           -2.77117999143138        0.27654180600881       -2.90578680896072
O           -1.60987948348607        0.58382617326009       -3.63032818533334
C           -3.72971419439723       -0.59994729038084       -0.73044194426656
O           -4.28035036921580       -1.77487374305077       -1.26549512439079
C           -3.42827700305495       -0.75437961133995        0.76738871895501
O           -4.58655395103728       -1.08661767195247        1.49395297783440
C           -2.90346197541648        0.58561242209678        1.28972177836110
O           -2.62156572600919        0.56041144546949        2.65864906461189
C            1.44675409691298        1.07419912300434        1.89983078045966
O            0.86119678574142        2.28199160509925        2.32893208765592
C            2.94637651810416        1.29178919159318        1.62309920415937
O            3.65384254259600        1.50033992791288        2.81516017269589
H            5.35406472310403       -1.16046168614993       -0.68410786766598
H            5.82167213090282       -1.29125163978383        1.03664479014160
H            6.67691976539446       -0.14825411995012       -0.03954485513663
H            3.62964851931325       -0.76107255288862        1.63433557905404
H            1.56722098281299       -1.48864779792384        0.88826542431788
H            0.80550883434992       -0.55931753780134       -1.92806523412439
H           -0.07174784368533       -1.72311112842091       -0.88531272924065
H            2.54972242255721       -2.11398132313006       -1.80759625449197
H            0.69913309864564        1.25866842206890       -0.11588407391314
H           -1.35837500739145        1.99581389426242        0.75724551020919
H           -1.76910769595017       -1.02489347673932       -1.50637179089835
H           -3.44462218368898        1.14021599397578       -2.86198693244243
H           -3.26454766770375       -0.53855744818279       -3.43657166935598
H           -1.20158698228841        1.36304183565029       -3.22840628865562
H           -4.50726716728541        0.16343255731090       -0.85032104371157
H           -3.61276557103169       -2.47692965131989       -1.28943596771896
H           -2.65034427200106       -1.51945645658794        0.92304556838368
H           -5.09885300946214       -1.73144161368320        0.98099543490994
H           -3.65957502299927        1.35851622797755        1.07265496263279
H           -3.35769099144899        0.11184280409077        3.10564436224747
H            1.32391902296701        0.38641042015538        2.74350807418331
H            0.97959084828512        2.96029095569425        1.64525692675626
H            3.07220968691649        2.15160036779533        0.94421952723975
H            3.21333707533930        2.20239625377133        3.32083576993985
48
 energy: -84.847798061683 gnorm: 0.003026218052 xtb: 6.7.1 (edcfbbe)
C            5.72325915284648       -0.61034296482046        0.18061637459894
O            4.85204192408943        0.46606883225118        0.51435324983337
C            3.59001924520220        0.08740804373293        0.92275322100278
O            2.84096533832301       -0.29881991238657       -0.21266950852150
C            1.52375775179021       -0.70355440632110        0.11057270232484
C            0.90764892118163       -1.31495688327855       -1.14870840022817
O            1.64989446338974       -2.40666521991874       -1.61874452930678
C            0.73475309899139        0.49362599808587        0.66794192759801
O           -0.59690582044381        0.10568742369039        0.98795530069380
C           -1.61614781513349        0.95261717620804        0.51877594764718
O           -1.79726047335065        0.93835509410658       -0.86460241917518
C           -2.45957207590938       -0.17574753785560       -1.47120239317221
C           -2.77633350452036        0.26558957497472       -2.90908380481269
O           -1.61632477827786        0.56762933502233       -3.63789156392732
C           -3.73171475680023       -0.60081091759625       -0.72911491334065
O           -4.28341805041169       -1.77743157364040       -1.25886190576512
C           -3.42922062341453       -0.74982058010936        0.76882841730502
O           -4.58661128976260       -1.07847202313805        1.49801598670221
C           -2.90262696764555        0.59204817516844        1.28309252998953
O           -2.62497843362312        0.57752770426413        2.65294159382997
C            1.44923303588968        1.06657218999422        1.90398889106156
O            0.86431710150462        2.26604335073939        2.35482738019261
C            2.94862787593599        1.28919870090557        1.62861647382111
O            3.65324358865376        1.49264380242460        2.82276012170463
H            5.35150974497919       -1.15374285273066       -0.68931076815826
H            5.82538958969345       -1.29237582591400        1.02906666219924
H            6.67880622166307       -0.14668358073062       -0.04574706110634
H            3.63549812062124       -0.76132994192442        1.63515553697388
H            1.56842376114564       -1.48161039884157        0.88958262810914
H            0.80322574317242       -0.54603079058608       -1.92317094718209
H           -0.07033661803991       -1.71315556889527       -0.88200673450554
H            2.54513521937190       -2.10199464464334       -1.82248718237093
H            0.70531520103319        1.26489157808767       -0.11486491201769
H           -1.35683893804380        1.99621697728304        0.74668941202434
H           -1.77425485528298       -1.03213192645520       -1.50783326196036
H           -3.44894553573364        1.13017337692982       -2.86922084478824
H           -3.27136471190409       -0.55199853143455       -3.43463122219326
H           -1.20059582389023        1.34197834724762       -3.23417069701830
H           -4.50939551475679        0.16193353257955       -0.85191579230470
H           -3.61693629707694       -2.48061258554280       -1.28063816118700
H           -2.65149565929172       -1.51471684832876        0.92619985009846
H           -5.10169246334095       -1.72280470881740        0.98716315188066
H           -3.65589443092052        1.36551301167223        1.05758850691841
H           -3.36111592090766        0.12980284912306        3.10093633117045
H            1.32792526067138        0.36347090649562        2.73519977116499
H            0.97471019522688        2.95556747452955        1.68135294095872
H            3.07325922302888        2.15244957311364        0.95424251700850
H            3.21301929972813        2.19279485869901        3.33114276816582
48
 energy: -84.847865081108 gnorm: 0.002194113465 xtb: 6.7.1 (edcfbbe)
C            5.72445472584246       -0.60579955239925        0.17583392146722
O            4.85443529192395        0.46910797647028        0.51824111979228
C            3.59284356086581        0.08709034185977        0.92553545893118
O            2.84520322052534       -0.30019669258258       -0.21067377415311
C            1.52676085552444       -0.70246033214863        0.10879735758439
C            0.91014603181727       -1.31258711944055       -1.15085130119229
O            1.65177154845202       -2.40078155886843       -1.62730858296680
C            0.73698845360375        0.49496422781814        0.66523571485147
O           -0.59536381214589        0.10844193258901        0.98360743629565
C           -1.61485997890058        0.95456603383521        0.51429585966826
O           -1.79742786788422        0.93973202732173       -0.86973792669751
C           -2.46047921484739       -0.17656564582076       -1.47143288239271
C           -2.78055457856750        0.25699625601654       -2.91079344826834
O           -1.62271546654327        0.55342314929341       -3.64538410179381
C           -3.73201062794024       -0.60014461892406       -0.72722485600498
O           -4.28301651314600       -1.77817769841275       -1.25413145669305
C           -3.42915405626265       -0.74488794381137        0.77093003904436
O           -4.58611488716171       -1.06977224148354        1.50204119620399
C           -2.90119482767171        0.59855393810002        1.27868773495190
O           -2.62637305017486        0.59271011522824        2.64899646443442
C            1.44945579172096        1.05928206227312        1.90556674556288
O            0.86418804923087        2.25086223168995        2.37179756915419
C            2.94864748377627        1.28624512553923        1.63334112910724
O            3.64869427016886        1.48622705628706        2.83054665957377
H            5.34871930567564       -1.14464608664098       -0.69513307652687
H            5.82957765056227       -1.29203458692510        1.02059381218408
H            6.67935742060465       -0.14158598846007       -0.05201311723683
H            3.64086031863974       -0.76174313444010        1.63789669902694
H            1.56834003249567       -1.47941810423216        0.88969557102600
H            0.80141054274537       -0.54079774707386       -1.92181869073295
H           -0.06654387316796       -1.71203958459381       -0.88116541650163
H            2.54481621151588       -2.09327262001253       -1.83658152036089
H            0.70949927728439        1.26711967235636       -0.11640022648491
H           -1.35423433538297        1.99804790366062        0.74112599106941
H           -1.77433951029594       -1.03224878542812       -1.50481425068101
H           -3.45249591431447        1.12242811551223       -2.87512846079077
H           -3.27784825188028       -0.56376900663306       -3.42946179717321
H           -1.19971256654452        1.32382608886829       -3.24179516654429
H           -4.51042481496069        0.16155689115368       -0.85192468302629
H           -3.61721223301628       -2.48213053191760       -1.27192216724814
H           -2.65210797279138       -1.51018088216354        0.92992407125871
H           -5.10358261473278       -1.71392977373227        0.99337561655548
H           -3.65271565190704        1.37190549493470        1.04657248436793
H           -3.36288009444539        0.14695715566513        3.09852393315399
H            1.32921522831958        0.34436145662253        2.72653989370937
H            0.96951060941979        2.94990371154652        1.70781023462551
H            3.07337891585472        2.15210302973601        0.96262834347646
H            3.20508563767037        2.18275590515399        3.34103901845736
48
 energy: -84.847916211924 gnorm: 0.001771592915 xtb: 6.7.1 (edcfbbe)
C            5.72490839994679       -0.59972681391571        0.16998243633685
O            4.85484188913905        0.47234594322744        0.52155860907714
C            3.59420006489875        0.08606817066799        0.92839305860586
O            2.84774889323256       -0.30219067310377       -0.20862236362252
C            1.52822230626592       -0.70369828338771        0.10676685192332
C            0.91334432473904       -1.31320249233739       -1.15434654632827
O            1.65740244801402       -2.39699680119238       -1.63484785316235
C            0.73802498952633        0.49417573035250        0.66320718807318
O           -0.59569617717700        0.11084199978265        0.98046801553110
C           -1.61352879786804        0.95821251780516        0.51041711410939
O           -1.79894270691955        0.94445152318268       -0.87379976978915
C           -2.45984201031758       -0.17549195819774       -1.47066411870768
C           -2.78327411840130        0.24914147739052       -2.91171312020523
O           -1.62796814624692        0.53925133498037       -3.65282439706889
C           -3.73100786713135       -0.59882476820984       -0.72504419228135
O           -4.28040595443969       -1.77845939294943       -1.24989702462915
C           -3.42862007127331       -0.73905063961020        0.77360542413127
O           -4.58559372716087       -1.05993274183721        1.50617998638391
C           -2.90007719318685        0.60623505141310        1.27557227290665
O           -2.62676681917245        0.60781013041744        2.64597265398763
C            1.44826030903390        1.05145635079824        1.90711770596143
O            0.86158266262135        2.23592747447231        2.38461781506206
C            2.94715093523245        1.28253401953525        1.63798882609540
O            3.64320909202076        1.48043448081393        2.83799159073165
H            5.34595059685444       -1.13401683132047       -0.70223228408542
H            5.83402267268975       -1.29037031703281        1.01069333700286
H            6.67842904957318       -0.13329802839840       -0.05904816834784
H            3.64526182181638       -0.76329421189549        1.64022051165227
H            1.56740626792446       -1.48129258779058        0.88804725038164
H            0.79996704808120       -0.53968318925291       -1.92298007189480
H           -0.06164777141007       -1.71663682626597       -0.88370567549924
H            2.54792235562488       -2.08558822032455       -1.84940901545185
H            0.71277424673668        1.26771577408378       -0.11753783502582
H           -1.35063898053550        2.00149130066455        0.73705959552564
H           -1.77136223773823       -1.02955487156456       -1.49929327018826
H           -3.45417263989368        1.11569175692392       -2.87992568195428
H           -3.28367098793768       -0.57464181150115       -3.42275964965012
H           -1.19851330803518        1.30712423401316       -3.25150368632592
H           -4.51023720812829        0.16179145056862       -0.85168702536249
H           -3.61504068433361       -2.48300117700875       -1.26201786542249
H           -2.65229178588738       -1.50462842186977        0.93511290528171
H           -5.10466932286501       -1.70482162538377        1.00015470642585
H           -3.65083095645168        1.37880503655199        1.03814268901804
H           -3.36375829498037        0.16481706794370        3.09752671385916
H            1.32979181571149        0.32787010461628        2.72048171268480
H            0.96319317008000        2.94261432492485        1.72854837380946
H            3.07195728643160        2.15062106471900        0.97026904709971
H            3.19298284081247        2.17097202781221        3.35124639573790
48
 energy: -84.847969953931 gnorm: 0.002462807890 xtb: 6.7.1 (edcfbbe)
C            5.72443742062075       -0.58934564564271        0.15972120845796
O            4.85262474089406        0.47708511247389        0.52416517859901
C            3.59409815622808        0.08397534275004        0.93142720335099
O            2.84839928477426       -0.30427692106061       -0.20656630330441
C            1.52806163664653       -0.70756584704029        0.10411997686413
C            0.91814548384760       -1.31610317503007       -1.16061936329192
O            1.66980071873389       -2.39252791578108       -1.64463431626024
C            0.73767215213200        0.49057064595737        0.66167921141599
O           -0.59870784048788        0.11357785380004        0.97746909297983
C           -1.61202850447078        0.96491531529388        0.50574590002557
O           -1.80104031276640        0.95265752770696       -0.87825340882208
C           -2.45708855532654       -0.17339789476608       -1.46859656329409
C           -2.78418232188109        0.23808923167208       -2.91229879897668
O           -1.63206861494142        0.51756945484055       -3.66240961939376
C           -3.72829607712177       -0.59651358353846       -0.72158351566540
O           -4.27462050462693       -1.77905034622544       -1.24323141757221
C           -3.42804855558162       -0.72911040515178        0.77821575635058
O           -4.58585740893775       -1.04412871674891        1.51194161395564
C           -2.89964605929784        0.61916880704289        1.27254633914377
O           -2.62692518626430        0.63002838378269        2.64269728064930
C            1.44529729757104        1.03905242568080        1.91045966626663
O            0.85542094875975        2.21514757694543        2.39999535672293
C            2.94345227417364        1.27612376124325        1.64454629439492
O            3.63595841354976        1.47247309693602        2.84733639580082
H            5.34240161005673       -1.11769225947659       -0.71452498581774
H            5.84027770712941       -1.28619239045561        0.99443057934967
H            6.67508993220868       -0.11765071982653       -0.07049131371049
H            3.64974748523822       -0.76732683567108        1.64088661174139
H            1.56556648502788       -1.48787209348237        0.88351214679037
H            0.79867227360353       -0.54082414070629       -1.92669194517678
H           -0.05408357329495       -1.72853069296346       -0.89224103707643
H            2.55649763716793       -2.07407518509320       -1.86496125806672
H            0.71679372006786        1.26717341820496       -0.11691739755057
H           -1.34471275408126        2.00779814650124        0.73180402808143
H           -1.76481221278001       -1.02492877430003       -1.48929881032150
H           -3.45253439259940        1.10697374497365       -2.88579666463773
H           -3.29001210671145       -0.58916556243519       -3.41240531458986
H           -1.19566769236337        1.28494544793361       -3.26817215483185
H           -4.50849671801567        0.16255370640822       -0.85219242698835
H           -3.60966079922849       -2.48421280332880       -1.24510866929866
H           -2.65252100822616       -1.49439636351952        0.94515867281087
H           -5.10553637400151       -1.69189107951210        1.01041161336277
H           -3.65000786366096        1.39020204646427        1.02893121132044
H           -3.36480669682635        0.19205880050945        3.09768130573224
H            1.33012266494619        0.30681595277023        2.71641990392842
H            0.95272514072442        2.92987560104085        1.75233921097034
H            3.06742402347854        2.14720626078241        0.98046685160636
H            3.17267264540476        2.15073935320729        3.36636984711639
48
 energy: -84.847997523597 gnorm: 0.002040542072 xtb: 6.7.1 (edcfbbe)
C            5.72376099118464       -0.58414414761978        0.15416288024040
O            4.85037104395014        0.47923074270539        0.52335006361234
C            3.59313453658219        0.08300466653169        0.93132474936878
O            2.84691397476710       -0.30378705145588       -0.20687315098806
C            1.52692132090545       -0.70949006718014        0.10333647642055
C            0.91994305888853       -1.31727852408846       -1.16345850241215
O            1.67665917756228       -2.39015775789316       -1.64832157208791
C            0.73653162731380        0.48813692948509        0.66180300931385
O           -0.60095196627927        0.11413812703944        0.97686076227072
C           -1.61185857618806        0.96774368909108        0.50440741297301
O           -1.80067045904144        0.95475504133555       -0.87939821185245
C           -2.45537157750858       -0.17347167945644       -1.46736036952391
C           -2.78249779786629        0.23309082558795       -2.91230280555410
O           -1.63075480945852        0.50687187956089       -3.66492441264402
C           -3.72701575285744       -0.59549934047346       -0.71992411065930
O           -4.27198352210885       -1.77978712953389       -1.23914815362746
C           -3.42861194518647       -0.72392699714323        0.78058016938911
O           -4.58740037823752       -1.03641339660134        1.51399052299538
C           -2.90034004195798        0.62556487551509        1.27181467414730
O           -2.62742193207624        0.63985901208827        2.64181308354068
C            1.44379269636995        1.03304525070834        1.91281413644527
O            0.85239151358433        2.20704724043771        2.40620538123691
C            2.94138553781475        1.27274163921984        1.64727275762449
O            3.63396522896335        1.46847083331333        2.85030147104102
H            5.34152604286213       -1.11053381892519       -0.72113928024381
H            5.84259775209337       -1.28336948271836        0.98637256498850
H            6.67288345766870       -0.10937611104840       -0.07609171323730
H            3.65068092279704       -0.77001283731043        1.63848855810193
H            1.56520678865745       -1.49120409933368        0.88089778779818
H            0.79882401711932       -0.54125796785758       -1.92841750902366
H           -0.05104076849631       -1.73461270911865       -0.89810896380954
H            2.56189844172135       -2.06801070084913       -1.86886087230538
H            0.71822610035900        1.26661046281985       -0.11489262595852
H           -1.34228692393860        2.01037424454830        0.72932426064422
H           -1.76238117306294       -1.02448294248331       -1.48485018258135
H           -3.44892437397066        1.10352355844053       -2.88828678852396
H           -3.29083013656852       -0.59493542732760       -3.40842985832790
H           -1.19368053082292        1.27679508400549       -3.27657909159582
H           -4.50739008798066        0.16288573681772       -0.85344391990339
H           -3.60707728193465       -2.48497990625656       -1.23600824800082
H           -2.65331691966413       -1.48862365069577        0.95093576921894
H           -5.10606156156742       -1.68665522004812        1.01471246956684
H           -3.65025809182867        1.39627372289612        1.02603622868556
H           -3.36599631084330        0.20478290295515        3.09833761851575
H            1.32977247791185        0.29860488453748        2.71708318679175
H            0.94813605218440        2.92346957575072        1.76021747860184
H            3.06407080449062        2.14529679472543        0.98477350162268
H            3.16452707316684        2.13969090839537        3.37308654132222
48
 energy: -84.848035208742 gnorm: 0.001294291587 xtb: 6.7.1 (edcfbbe)
C            5.72242329555114       -0.57435596408281        0.14388058451870
O            4.84561511366009        0.48336755752625        0.52039762448449
C            3.59082970285431        0.08139294208510        0.92975028574832
O            2.84324690192014       -0.30226289084210       -0.20856816840417
C            1.52430193846956       -0.71313802506836        0.10184460203238
C            0.92287833279395       -1.32014753923176       -1.16830835364906
O            1.68955995586330       -2.38663009806871       -1.65380746122149
C            0.73373262236473        0.48305124612095        0.66221811744197
O           -0.60516979983527        0.11399176490373        0.97650337839989
C           -1.61199237658705        0.97204111591680        0.50360699448620
O           -1.79952739686726        0.95770459517097       -0.87976128256852
C           -2.45212379585282       -0.17379546955893       -1.46426656934055
C           -2.77745265875856        0.22482503137732       -2.91168341936579
O           -1.62505478492923        0.48780439488554       -3.66694433037868
C           -3.72499630814757       -0.59328502147058       -0.71685027809603
O           -4.26741166029584       -1.78074858751866       -1.23160567193215
C           -3.43070551372864       -0.71462470805177        0.78497792033602
O           -4.59196274318654       -1.02260821758200        1.51668714850050
C           -2.90200226882943        0.63625058720181        1.27163290622102
O           -2.62868476914713        0.65534682276995        2.64142465669917
C            1.44076826389033        1.02300926311545        1.91631507000450
O            0.84712097329041        2.19502091448299        2.41395760422799
C            2.93731357266029        1.26660982424858        1.65140475959024
O            3.63046885778788        1.46066762616664        2.85455326796702
H            5.34090830724271       -1.09780511873243       -0.73353273493150
H            5.84616352996979       -1.27753188459317        0.97191310471893
H            6.66886115747835       -0.09392403212984       -0.08583920826801
H            3.65186257772966       -0.77490205539746        1.63241424055246
H            1.56524420678160       -1.49689567712112        0.87635128365528
H            0.79951171711690       -0.54302668071101       -1.93152347132255
H           -0.04581845030815       -1.74639789788845       -0.90903524612677
H            2.57258845954684       -2.05734001425408       -1.87236425410515
H            0.71947114406199        1.26436890248031       -0.11125762564312
H           -1.33827724620555        2.01387288943147        0.72695267587729
H           -1.75841535793126       -1.02419982743557       -1.47610208227553
H           -3.43991142064054        1.09834626060843       -2.89273498592465
H           -3.28994143646755       -0.60427911111018       -3.40163919035269
H           -1.18946400420574        1.26524308564927       -3.29185208186114
H           -4.50556844897936        0.16382296600458       -0.85613474536757
H           -3.60224569751705       -2.48554141776768       -1.21979868673752
H           -2.65621593538401       -1.47857705943089        0.96153372670547
H           -5.10762760466554       -1.67812192784647        1.02129363038674
H           -3.65053748906983        1.40713607272593        1.02277674882817
H           -3.36922187717437        0.22638543277893        3.10040198304217
H            1.32738836675151        0.28633154016103        2.71872617715344
H            0.94140917569835        2.91262302258041        1.76917400643736
H            3.05762370708769        2.14184235114027        0.99183141243996
H            3.15103488359271        2.11908067930398        3.38456911203787
48
 energy: -84.848057747384 gnorm: 0.001390010409 xtb: 6.7.1 (edcfbbe)
C            5.72140704178851       -0.56213428363329        0.13097368503817
O            4.84070958016088        0.48912473877875        0.51603846423664
C            3.58881187127141        0.07999747493036        0.92679506990787
O            2.83941823811972       -0.29966172081184       -0.21149957539421
C            1.52185902691693       -0.71631066285375        0.09968049966268
C            0.92573096479796       -1.32260600263205       -1.17345794536182
O            1.70285005905624       -2.38173303137011       -1.66062659791439
C            0.73059988727917        0.47780267037802        0.66252725906227
O           -0.60907773732738        0.11298477113880        0.97646705339373
C           -1.61221969741769        0.97556482651758        0.50348740032713
O           -1.79751553228946        0.95913017127582       -0.87960052095794
C           -2.44883124184370       -0.17548329359058       -1.46000241588041
C           -2.76999923011525        0.21396879345688       -2.91088411470978
O           -1.61536839445216        0.46364365839257       -3.66724727746322
C           -3.72373113393165       -0.59064164116894       -0.71332486038749
O           -4.26380057804184       -1.78170263917168       -1.22236961854742
C           -3.43487994606740       -0.70379786648360        0.79017977126173
O           -4.59970683480464       -1.00527343871965        1.51921683641651
C           -2.90402812662662        0.64785496519686        1.27151264047580
O           -2.63139940636175        0.67257868216135        2.64146434903149
C            1.43759799853519        1.01189420066015        1.91996467754275
O            0.84230258400137        2.18195866747789        2.42328563624962
C            2.93312020850466        1.25931415810002        1.65625507483704
O            3.62653231952302        1.44917994227669        2.85991380443298
H            5.34083223576106       -1.08183098415154       -0.74922307051788
H            5.85025513617485       -1.27016650150546        0.95404018145207
H            6.66503634617281       -0.07562634532768       -0.09764381373456
H            3.65448346053227       -0.78022307673079        1.62402724073366
H            1.56647638473727       -1.50165457145904        0.87163673754932
H            0.79925826274942       -0.54390122892686       -1.93432818065807
H           -0.04011799349980       -1.75815297102585       -0.91980918271591
H            2.58376928316338       -2.04413579373074       -1.87514932210371
H            0.71978659889499        1.26200452191485       -0.10755875190486
H           -1.33376736219879        2.01635012242815        0.72518561638412
H           -1.75529797388582       -1.02594961047910       -1.46490170052211
H           -3.42753371137760        1.09117352395801       -2.89935687132424
H           -3.28672074392473       -0.61646360239033       -3.39427514320411
H           -1.18353985120244        1.25174419363147       -3.30948291982743
H           -4.50414621678875        0.16521596995793       -0.85986605075901
H           -3.59839240597858       -2.48600032524560       -1.20135052503272
H           -2.66242734393020       -1.46802958168267        0.97388114857182
H           -5.11157679484704       -1.66722889285657        1.02842411837849
H           -3.64977537816375        1.42001906601010        1.01840236638188
H           -3.37533028758967        0.25207098405063        3.10276817103383
H            1.32388731429760        0.27160420874088        2.71928741653477
H            0.93526047460600        2.90142360856738        1.78013587345963
H            3.05095709212154        2.13843738441117        1.00123432138880
H            3.13823927289315        2.09366442429333        3.39865622110841
48
 energy: -84.848070571650 gnorm: 0.001007946105 xtb: 6.7.1 (edcfbbe)
C            5.72186265577310       -0.55709734526758        0.12594558367471
O            4.84008857829914        0.49209700752827        0.51412987435442
C            3.58917607794908        0.08013012910517        0.92516223970684
O            2.83914955245906       -0.29818481108428       -0.21300909829862
C            1.52211154768258       -0.71614886871918        0.09857937090151
C            0.92596643119477       -1.32215395810698       -1.17453985642111
O            1.70448766423206       -2.37909748670809       -1.66375665931827
C            0.73001530057559        0.47693177535493        0.66252080340102
O           -0.60925308252911        0.11185279794988        0.97683625508304
C           -1.61224821860851        0.97513033221854        0.50408451763640
O           -1.79672403747195        0.95783752809890       -0.87911524180354
C           -2.44835412146917       -0.17733039972399       -1.45796795069252
C           -2.76619879541676        0.20862454056973       -2.91060104948135
O           -1.60951277222503        0.45366669760457       -3.66530060804288
C           -3.72469662246641       -0.58960575148849       -0.71239268456452
O           -4.26495271383884       -1.78135888317747       -1.21955332567887
C           -3.43815579250438       -0.70054271702286        0.79174967243261
O           -4.60477105614783       -0.99811419561842        1.51946211149964
C           -2.90472626600679        0.65046515026739        1.27141651736255
O           -2.63348754401669        0.67687808406775        2.64169887299323
C            1.43720118751149        1.00900968532227        1.92063331730665
O            0.84228979322767        2.17833645508186        2.42621092228443
C            2.93277398168925        1.25690118831678        1.65822153514613
O            3.62566977630628        1.44279585938896        2.86263775344393
H            5.34149183597062       -1.07495835874491       -0.75544203095056
H            5.85180897156766       -1.26707785119666        0.94712009983952
H            6.66486892399092       -0.06908269039023       -0.10181064892086
H            3.65705831400665       -0.78137137027031        1.62055705101866
H            1.56803072542558       -1.50147981829860        0.87057564971015
H            0.79735012748097       -0.54270279422914       -1.93431724508920
H           -0.03877587348382       -1.75943061491126       -0.92057096234351
H            2.58523364209490       -2.03958041059290       -1.87589004346739
H            0.71889267351180        1.26165478543582       -0.10695298465743
H           -1.33229113675757        2.01551432747407        0.72545264762921
H           -1.75574528535556       -1.02851233002933       -1.45973675866809
H           -3.42214442052476        1.08683724920846       -2.90312903606543
H           -3.28340317607226       -0.62246437168354       -3.39237270370089
H           -1.18069035072709        1.24633573624385       -3.31459164548032
H           -4.50443281828958        0.16636745471248       -0.86153104301378
H           -3.59980500303157       -2.48571914328453       -1.19672117051116
H           -2.66778341120868       -1.46634782689365        0.97759599980570
H           -5.11577560654868       -1.66187438589205        1.03028611285195
H           -3.64851437027732        1.42393021618769        1.01637681199156
H           -3.37961132532157        0.26031458967651        3.10300085074583
H            1.32250076327920        0.26692736816004        2.71807837603794
H            0.93569219587429        2.89903399269575        1.78447864187674
H            3.05062240488821        2.13809315403023        1.00602628228628
H            3.13770839465064        2.08456794131970        3.40394805264900
48
 energy: -84.848089628368 gnorm: 0.000900084511 xtb: 6.7.1 (edcfbbe)
C            5.72356137097090       -0.54861066736473        0.11782166399903
O            4.84013252653976        0.49757134142184        0.51039496811026
C            3.59069899626860        0.08115588123083        0.92192626352652
O            2.83952308327625       -0.29530331614834       -0.21585837423034
C            1.52348198597021       -0.71484034392544        0.09683014818336
C            0.92512467566347       -1.32057742346556       -1.17511743398650
O            1.70372095784293       -2.37461558885036       -1.66922144381673
C            0.72999368361969        0.47672778315088        0.66260592921097
O           -0.60833727009378        0.10952356601536        0.97808661415182
C           -1.61219686525043        0.97276569326780        0.50564058252885
O           -1.79607402444628        0.95436416855964       -0.87783614833594
C           -2.44820027877125       -0.18146843495175       -1.45437087458805
C           -2.75873086341523        0.19856506778352       -2.91036315856539
O           -1.59780458363598        0.43759682606410       -3.66054427440385
C           -3.72788637967965       -0.58772763283655       -0.71164412411722
O           -4.27015576908382       -1.77926107664182       -1.21708610119901
C           -3.44526644378464       -0.69659888550626        0.79355874707591
O           -4.61522899276842       -0.98589631920718        1.51912657167908
C           -2.90578576164447        0.65231960780333        1.27163758848928
O           -2.63710197713903        0.67984677882019        2.64246580106622
C            1.43739765870561        1.00675180958833        1.92114844671134
O            0.84356582410686        2.17511921757088        2.42928598708743
C            2.93368315855658        1.25381146182591        1.66117007427412
O            3.62596318678809        1.43053564437428        2.86711224212036
H            5.34385699561844       -1.06326916713193       -0.76569084691759
H            5.85441088051485       -1.26182509916863        0.93605949199958
H            6.66599142185834       -0.05855086505356       -0.10786408383367
H            3.66242052927629       -0.78228501912816        1.61460517893109
H            1.57138265680657       -1.50007005501369        0.86922846534723
H            0.79176189609343       -0.53986777811247       -1.93301723316511
H           -0.03798814301181       -1.75943026739972       -0.91789123621398
H            2.58479522309696       -2.03346025780082       -1.87746220592967
H            0.71667075486392        1.26188739160544       -0.10648536998158
H           -1.33063297151240        2.01276727377328        0.72671606113377
H           -1.75783868342894       -1.03446723420519       -1.44977253719688
H           -3.41293270330999        1.07781950329924       -2.91005370907296
H           -3.27527407998602       -0.63397067779695       -3.39051871778392
H           -1.17417569121134        1.23678534974112       -3.31899960827456
H           -4.50525082074479        0.16986751057056       -0.86450479284511
H           -3.60608550596359       -2.48451460572492       -1.19327040089621
H           -2.67976820822038       -1.46666107121269        0.98234906642464
H           -5.12621903220702       -1.65148684966751        1.03248535380067
H           -3.64592964610863        1.42850947685745        1.01405785845734
H           -3.38763343477334        0.27021762220336        3.10288477740225
H            1.32106372342625        0.26233155805742        2.71600521462909
H            0.93923725996968        2.89803660840287        1.79042568947201
H            3.05284544267740        2.13904894198690        1.01477514135665
H            3.14121195691957        2.07083021489491        3.41265192570809
48
 energy: -84.848102093380 gnorm: 0.001110852906 xtb: 6.7.1 (edcfbbe)
C            5.72514226483079       -0.54009927023674        0.10982581950976
O            4.83957389019150        0.50276423221438        0.50656419457855
C            3.59169507060676        0.08209674310144        0.91895215954416
O            2.83936793054071       -0.29279026493791       -0.21849414781938
C            1.52440508386867       -0.71418341458268        0.09563665707186
C            0.92414657806062       -1.31987946737277       -1.17541945962048
O            1.70367536624997       -2.37096744752483       -1.67363947479183
C            0.72991286240612        0.47611244404596        0.66286643618600
O           -0.60814093152390        0.10756893829561        0.97925161179769
C           -1.61223448260722        0.97098177086586        0.50704470466499
O           -1.79609319661019        0.95201758771418       -0.87656575966647
C           -2.44766927818670       -0.18508651940051       -1.45087867161450
C           -2.75123440579012        0.18863837242553       -2.91009482010802
O           -1.58648471363016        0.42297207424018       -3.65591821923545
C           -3.73101254262827       -0.58538758399395       -0.71127495912242
O           -4.27614588879547       -1.77591058676566       -1.21610974037384
C           -3.45218936859037       -0.69306889441393        0.79485793603032
O           -4.62534077620702       -0.97412284799352        1.51855348874808
C           -2.90679749017145        0.65365812876838        1.27240760312378
O           -2.63931136333712        0.68062216456897        2.64343078855624
C            1.43748631108324        1.00500078471676        1.92176776458100
O            0.84427760009641        2.17293428955582        2.43067492230073
C            2.93455835244078        1.25096568569556        1.66414017394139
O            3.62634285644299        1.41892201725578        2.87163241919212
H            5.34670479788429       -1.05175397990766       -0.77594909854518
H            5.85711101554415       -1.25645405971190        0.92517337546897
H            6.66679320112250       -0.04739158448896       -0.11349446405337
H            3.66693843505121       -0.78320973510229        1.60899180082002
H            1.57432718920279       -1.49952559927193        0.86794612209813
H            0.78567324969863       -0.53866390887784       -1.93197764888543
H           -0.03705527512538       -1.76141095112270       -0.91523453142936
H            2.58457705095960       -2.02803378668731       -1.87998826186977
H            0.71505190546080        1.26171888139331       -0.10580279207501
H           -1.32947700110149        2.01078091574263        0.72781263613205
H           -1.75915397107299       -1.03955067374507       -1.43910423614288
H           -3.40452841698765        1.06845216778098       -2.91681830072122
H           -3.26642768816104       -0.64561538831705       -3.38878827029460
H           -1.16660446291526        1.22654984665775       -3.32018480944551
H           -4.50530290667777        0.17470667192449       -0.86717284841162
H           -3.61373840176181       -2.48274898306822       -1.19143978114316
H           -2.69165338690621       -1.46740620382318        0.98636985893970
H           -5.13725109396934       -1.64067519664938        1.03425083250398
H           -3.64394796064870        1.43235992374804        1.01379543548616
H           -3.39385785195241        0.27756024468033        3.10320890714301
H            1.31993307390217        0.25963567780334        2.71548087514714
H            0.94299375222757        2.89749891496310        1.79420111699254
H            3.05581768829158        2.13989192417785        1.02328602084648
H            3.14514504836083        2.05952360806688        3.41970981255517
48
 energy: -84.848115486132 gnorm: 0.000996544701 xtb: 6.7.1 (edcfbbe)
C            5.72672399317707       -0.52984042179205        0.10029456939027
O            4.83825611099178        0.50869974674944        0.50194017442437
C            3.59241034431303        0.08296131619824        0.91568222094119
O            2.83846330588469       -0.29006536424436       -0.22126296269333
C            1.52480485898001       -0.71403891985559        0.09462770682481
C            0.92304749824321       -1.32050900171497       -1.17542389264289
O            1.70499870711266       -2.36764653795918       -1.67796666233990
C            0.72976772675441        0.47519209895666        0.66317370314009
O           -0.60834303824288        0.10595447763459        0.98042818150948
C           -1.61232799482091        0.96953202318380        0.50855420427642
O           -1.79665577870097        0.95024829252938       -0.87513933251836
C           -2.44687054219008       -0.18878420516655       -1.44685948963921
C           -2.74210894747594        0.17666837219743       -2.90984063941718
O           -1.57315682537656        0.40677121433445       -3.65049180783303
C           -3.73460492439899       -0.58187080624062       -0.71095661238857
O           -4.28396963824127       -1.77040992552085       -1.21597861871769
C           -3.46005827216194       -0.68899776377615        0.79606596042423
O           -4.63678328993078       -0.96064367961308        1.51765604724951
C           -2.90778598613582        0.65499679589099        1.27385165922680
O           -2.64018531653381        0.67973224005381        2.64480915502776
C            1.43717478254877        1.00333790451027        1.92265496645639
O            0.84422829076892        2.17125410994054        2.43148924706264
C            2.93515749464291        1.24758223514094        1.66743750586670
O            3.62655405418191        1.40540676602653        2.87671577393860
H            5.35009068070898       -1.03797332050011       -0.78824979024337
H            5.86029678793619       -1.24992794977556        0.91207983776771
H            6.66717881797742       -0.03343274525622       -0.12004973323583
H            3.67173442354187       -0.78461350212507        1.60246108271098
H            1.57731720451977       -1.49963882627693        0.86648488049153
H            0.77839353303441       -0.53895847697708       -1.93051739514158
H           -0.03548516073191       -1.76644846553118       -0.91239679725608
H            2.58476297989908       -2.02174399779087       -1.88444701172472
H            0.71381119876387        1.26146055346345       -0.10479630258358
H           -1.32872308080895        2.00927312427098        0.72885978799778
H           -1.76019835222972       -1.04453084878212       -1.42582600901033
H           -3.39528357890141        1.05644071009664       -2.92504282200451
H           -3.25483355131919       -0.66019037578785       -3.38670855446912
H           -1.15632177712656        1.21338129868035       -3.31849297105996
H           -4.50454753667465        0.18196377681280       -0.87001626820062
H           -3.62421228712332       -2.47973042873176       -1.19029633764050
H           -2.70532426263069       -1.46823323524299        0.99051002747551
H           -5.15072495912878       -1.62716652452163        1.03559616961745
H           -3.64206708561935        1.43654079996303        1.01563699695399
H           -3.39898754949376        0.28432691885742        3.10431383965012
H            1.31840849655995        0.25758209826837        2.71593458981094
H            0.94698476937399        2.89729133699946        1.79728828627798
H            3.05900854751878        2.14077386292841        1.03308769199501
H            3.14998284767359        2.04802091170392        3.42660892417766
48
 energy: -84.848129250611 gnorm: 0.000773406128 xtb: 6.7.1 (edcfbbe)
C            5.72793525018901       -0.51713304954262        0.08866259248613
O            4.83573574982972        0.51579501983755        0.49653818965769
C            3.59256994084031        0.08379806476822        0.91204913926341
O            2.83673422664790       -0.28724388404427       -0.22429609122621
C            1.52466835337717       -0.71474660896588        0.09395238416361
C            0.92206714650417       -1.32264174347253       -1.17530496859272
O            1.70863500076170       -2.36445006625028       -1.68187892043461
C            0.72899942374474        0.47322001164912        0.66369862497478
O           -0.60957224629606        0.10439052458655        0.98146715206963
C           -1.61269581737212        0.96860787142316        0.51006846225346
O           -1.79754682841816        0.94916145673468       -0.87373244718350
C           -2.44561984640183       -0.19265440678771       -1.44213952756662
C           -2.73104918648618        0.16225165069628       -2.90950933149732
O           -1.55722224232847        0.38833487764593       -3.64373802002532
C           -3.73872524444092       -0.57662086713187       -0.71066590554491
O           -4.29408016737182       -1.76220041271134       -1.21625282780292
C           -3.46898680583636       -0.68377195279956        0.79722532635001
O           -4.64956546817630       -0.94524411707121        1.51641460391958
C           -2.90879243783264        0.65679851295845        1.27608672245788
O           -2.63921672684884        0.67744499468536        2.64669281368786
C            1.43633006617883        1.00069536017539        1.92382088207328
O            0.84342713186547        2.16920502118912        2.43117363793307
C            2.93525718393889        1.24334000243529        1.67164043271892
O            3.62629772966218        1.39015248077000        2.88285111732702
H            5.35352656332712       -1.02101485719337       -0.80324364124573
H            5.86398552489188       -1.24184095047341        0.89590581890933
H            6.66664438998890       -0.01581330005922       -0.12821966381188
H            3.67679397642780       -0.78636977586366        1.59488878306839
H            1.58056435052750       -1.50030837389523        0.86543352320997
H            0.76983893645228       -0.54127192887451       -1.92904042816394
H           -0.03277146446139       -1.77529077567787       -0.90984682014757
H            2.58575763460811       -2.01357263746919       -1.89142122042818
H            0.71294954562652        1.26022585132634       -0.10342721537454
H           -1.32815878849171        2.00832262981186        0.72970699352239
H           -1.76089220709558       -1.04962282301375       -1.40923784259486
H           -3.38500667832590        1.04132228188608       -2.93550287574649
H           -3.23976321607661       -0.67838797049350       -3.38408931058537
H           -1.14263237328052        1.19665838866340       -3.31310229244533
H           -4.50285232590615        0.19235822461731       -0.87300129265376
H           -3.63819886212031       -2.47508888098354       -1.18889321722950
H           -2.72071187164354       -1.46837253039917        0.99469029862353
H           -5.16662170950318       -1.61049583634711        1.03603887363834
H           -3.64018727248566        1.44176827782770        1.02013976373155
H           -3.40239831613959        0.29115475637598        3.10673199158651
H            1.31569577166099        0.25546515411801        2.71734355173647
H            0.95125400840347        2.89605452410085        1.79875636949276
H            3.06199491958346        2.14105728299573        1.04445252658020
H            3.15560299737863        2.03657219018313        3.43359646648794
48
 energy: -84.848137243027 gnorm: 0.000600931860 xtb: 6.7.1 (edcfbbe)
C            5.72815739236609       -0.50740767538096        0.07961265064501
O            4.83328414457669        0.52108902790443        0.49265042515133
C            3.59232649439562        0.08418339272533        0.90965683639065
O            2.83492706001524       -0.28541518297348       -0.22608021877055
C            1.52409556689915       -0.71593581759322        0.09382436116877
C            0.92180710848654       -1.32575869094870       -1.17484493430938
O            1.71292957217161       -2.36308039242048       -1.68397629129752
C            0.72832230661429        0.47154944815315        0.66408584910559
O           -0.61051144158141        0.10364717728345        0.98206237055017
C           -1.61281389174256        0.96836592749066        0.51086197953194
O           -1.79793777329777        0.94846871465233       -0.87303131482617
C           -2.44476092056472       -0.19532688580390       -1.43887112320503
C           -2.72249785418432        0.15144200094450       -2.90941018391737
O           -1.54502795792749        0.37570138216130       -3.63834947833733
C           -3.74163797363970       -0.57200072952554       -0.71038191868466
O           -4.30250612418418       -1.75493946963851       -1.21617567642590
C           -3.47502591583556       -0.67946187871650        0.79802031183740
O           -4.65805659284308       -0.93453192487388        1.51547047536227
C           -2.90917465123724        0.65854376427737        1.27783674067603
O           -2.63683173332530        0.67547718580491        2.64803904164939
C            1.43504178831761        0.99846221523315        1.92506204234785
O            0.84180067642271        2.16760325591906        2.43158080997784
C            2.93441553708854        1.24000771884651        1.67441582837827
O            3.62529756878056        1.37979149894565        2.88665079544279
H            5.35484296341056       -1.00816563882241       -0.81450045300625
H            5.86663122658291       -1.23544960397868        0.88336132962543
H            6.66531021889693       -0.00233042216137       -0.13524460426877
H            3.68035754579789       -0.78793362065244        1.58948632978024
H            1.58282277860005       -1.50140484184909        0.86504456227269
H            0.76402429337050       -0.54458528949064       -1.92750862597927
H           -0.03001751184816       -1.78411836828732       -0.90836247244647
H            2.58694299849423       -2.00717792612201       -1.89806521745516
H            0.71280386165119        1.25926694138396       -0.10228453665289
H           -1.32762694232053        2.00814718225457        0.72962374714557
H           -1.76165531262837       -1.05307451572470       -1.39703255022688
H           -3.37761813659292        1.02937981911783       -2.94354833718713
H           -3.22750045472009       -0.69210136178958       -3.38270243530826
H           -1.13109932065163        1.18356969730677       -3.30568842017847
H           -4.50083936938865        0.20135686024120       -0.87492617590539
H           -3.65040220419067       -2.47124156027424       -1.18688925264043
H           -2.73104026023509       -1.46761723017743        0.99719708955300
H           -5.17789918932313       -1.59743357871972        1.03489707474185
H           -3.63878112336930        1.44612953617934        1.02480084080282
H           -3.40237706340529        0.29553468342500        3.10923721567845
H            1.31320364157348        0.25341669640082        2.71878726268790
H            0.95255825620198        2.89464580375495        1.79972708180247
H            3.06238357343038        2.14083095815604        1.05205899352881
H            3.15935086398204        2.02987937907273        3.43730535819132
48
 energy: -84.848141161331 gnorm: 0.000472155037 xtb: 6.7.1 (edcfbbe)
C            5.72746754583185       -0.50267372470116        0.07516106242769
O            4.83164592005669        0.52371486402831        0.49116240465829
C            3.59182132986148        0.08446527271640        0.90885732217394
O            2.83394609708177       -0.28502938690110       -0.22655374270765
C            1.52371787084137       -0.71720586545059        0.09419027398303
C            0.92202793323497       -1.32822912027372       -1.17436913680325
O            1.71599015845470       -2.36331719703119       -1.68375029902770
C            0.72749611127320        0.46984455971316        0.66447339046071
O           -0.61155808159181        0.10306676846956        0.98218109183042
C           -1.61303429824501        0.96841841540681        0.51092163108538
O           -1.79779844931152        0.94811486218699       -0.87301520188549
C           -2.44421774513631       -0.19656298143300       -1.43758670050239
C           -2.71841700173171        0.14701480292787       -2.90929350652120
O           -1.53903513262620        0.37131248556968       -3.63509476024173
C           -3.74281163769144       -0.56923122684844       -0.71027640145066
O           -4.30693342962718       -1.75067491800134       -1.21583843584150
C           -3.47726172575363       -0.67716224665284        0.79827213791189
O           -4.66105114255730       -0.93049574407554        1.51498208582494
C           -2.90918182788578        0.65960147789816        1.27877912868992
O           -2.63458324918955        0.67442293678580        2.64868534771706
C            1.43422623720274        0.99665477407611        1.92551426759546
O            0.84058937582473        2.16620267117731        2.43105008457271
C            2.93357850243364        1.23875851636130        1.67564569150792
O            3.62460845775938        1.37690381644352        2.88795470274689
H            5.35396171943688       -1.00207726413646       -0.81962003305568
H            5.86781520536387       -1.23220488345258        0.87720344997349
H            6.66365343317750        0.00418580731694       -0.13959591992073
H            3.68169528820650       -0.78823008544811        1.58756682852694
H            1.58385746483553       -1.50219559694134        0.86565737237346
H            0.76190758367165       -0.54753896454962       -1.92689424081457
H           -0.02830083568893       -1.78959139317196       -0.90795081270914
H            2.58771498006162       -2.00429142891656       -1.90168071752509
H            0.71296677573751        1.25761130815800       -0.10178827326616
H           -1.32719990095659        2.00811737179335        0.72914386256201
H           -1.76194635812874       -1.05469232274683       -1.39162410578129
H           -3.37443745401204        1.02415521742227       -2.94730711112910
H           -3.22102138980045       -0.69793605798650       -3.38251973990647
H           -1.12484356670435        1.17778946274262       -3.29909732905924
H           -4.49942464515634        0.20645219023365       -0.87559824286583
H           -3.65735623656017       -2.46917861024792       -1.18471017397779
H           -2.73463773494576       -1.46649951298615        0.99776779889955
H           -5.18259209903483       -1.59085376810488        1.03269717614605
H           -3.63810332594319        1.44848562039848        1.02792765877536
H           -3.40034482550853        0.29666113946651        3.11107330161571
H            1.31167252726180        0.25219841710160        2.71955217431140
H            0.95180912155609        2.89258653240780        1.79857024979656
H            3.06126393851552        2.14032138541287        1.05443543631446
H            3.16065623524452        2.02880928541749        3.43822213624996
