48
 energy: -84.795231605154 gnorm: 0.072546806210 xtb: 6.7.1 (edcfbbe)
C            5.67687617362675       -0.63103477205879        0.22616888651061
O            4.83029969738101        0.45490029807360        0.55082398177404
C            3.56400920802509        0.09226782389423        0.95366108417896
O            2.83414978371575       -0.33383311201686       -0.18028926866924
C            1.51353394662393       -0.74012722581029        0.11373901194522
C            0.97389669664230       -1.39316312407539       -1.16534289192997
O            1.85931780471319       -2.36447744403499       -1.64305852335419
C            0.69547919589852        0.46636457424198        0.60454335430704
O           -0.61902656018918        0.05240399065081        0.94763639897268
C           -1.64044569746610        0.94443272707801        0.60873572947960
O           -1.86981039047666        1.04388964776777       -0.77052051169417
C           -2.39882655432964       -0.12023585113606       -1.40447717143722
C           -2.61169820285395        0.28620195314652       -2.86989043372079
O           -1.42376056579552        0.74315287470124       -3.44883355807626
C           -3.68787937591656       -0.60518582382320       -0.72609285162674
O           -4.11986240390061       -1.85084275253979       -1.22347715635770
C           -3.41779488177280       -0.79770737429739        0.77095956520370
O           -4.58503267526104       -1.16577144633847        1.46376524030662
C           -2.91765479845756        0.52433979981126        1.35386645513030
O           -2.65615572254269        0.43557238154801        2.71961924663173
C            1.38998195872192        1.10399504217070        1.81976139295484
O            0.80897254690657        2.32999510172050        2.19912494252414
C            2.89780767117699        1.31674095942933        1.59043740088819
O            3.53253472394885        1.58182509860089        2.81038826261042
H            5.29600897731442       -1.18775066203103       -0.63420029975226
H            5.78179941352550       -1.30956049419169        1.07954174572280
H            6.64185653720517       -0.19275447913149       -0.01635117473559
H            3.59409577185281       -0.72943166041049        1.69895975341389
H            1.53359156285324       -1.49307931920209        0.91860165370194
H            0.79757935601230       -0.61936993088586       -1.92602948918047
H            0.04297967224724       -1.91386536405309       -0.93883584945110
H            2.73071824244140       -1.95156131824017       -1.69461629995269
H            0.64864046924527        1.20103193690086       -0.21464365545922
H           -1.37548651586127        1.96550114720321        0.91829066897793
H           -1.66394145507349       -0.93242962501909       -1.35430625098921
H           -3.38865666169837        1.06456379417634       -2.91109720529851
H           -2.92692810818910       -0.57407871659799       -3.46463995249905
H           -1.06579326147234        1.42147105251273       -2.86289573001125
H           -4.47893948489971        0.15313024780021       -0.84677734306301
H           -4.30978246388784       -1.77939949308700       -2.16429493690055
H           -2.63904792372389       -1.56420840625553        0.89778105523730
H           -4.97092760426331       -1.91472393870501        0.99335691577245
H           -3.68473720479742        1.29510250140879        1.15945074900075
H           -3.36449343156802       -0.09630219515405        3.10663465144794
H            1.24052620212004        0.44472040396723        2.68168810888370
H            0.90317252631054        2.96311456799020        1.47560285508905
H            3.04251267111461        2.15730144354003        0.88887126218945
H            2.98633577747802        2.21887097145822        3.29214738911085
48
 energy: -84.800496309406 gnorm: 0.011536412941 xtb: 6.7.1 (edcfbbe)
C            5.67506541604403       -0.63189250628765        0.22413466362701
O            4.82762509117468        0.45368744374675        0.54761714775977
C            3.56051975621914        0.09196128220805        0.94935226654511
O            2.82685107500750       -0.32314853604523       -0.18836627726171
C            1.50373959244236       -0.73063173197114        0.09674189037045
C            0.96510372812825       -1.38487870518872       -1.17924214980739
O            1.85278615565132       -2.35721567078552       -1.65174344572605
C            0.70306825243815        0.45923010048814        0.65164435583386
O           -0.62068972309416        0.07723242198056        0.99346672477816
C           -1.63842122171104        0.94729476344543        0.59414312783322
O           -1.86436180929175        1.02301189200815       -0.78519129187521
C           -2.39919635910590       -0.13832890059617       -1.41185744061296
C           -2.61224398918846        0.27743391320148       -2.87471400645895
O           -1.42431700588159        0.73820181845736       -3.45101445085404
C           -3.68906028150341       -0.61129259019769       -0.72838305154722
O           -4.12599801962820       -1.85609616838773       -1.22226791850576
C           -3.41649533235216       -0.79705299126121        0.76901732489015
O           -4.58343934791977       -1.16264727464768        1.46383049107985
C           -2.91683963144752        0.52960832047249        1.34332858987104
O           -2.65716500915899        0.44750160901601        2.71038903248011
C            1.40213240956841        1.10515755222386        1.85026698736407
O            0.81940986301647        2.33381727280801        2.21846989288982
C            2.90449294460337        1.31668466582375        1.59710919482730
O            3.54683333407733        1.58323033609297        2.81215963046524
H            5.29516061415920       -1.18922581236337       -0.63617408000120
H            5.78006754248826       -1.30978168825802        1.07806635138787
H            6.64011582302748       -0.19319328936627       -0.01765171903987
H            3.59025140046497       -0.73302355945151        1.69121648401307
H            1.53136040843250       -1.49377540538256        0.89325073122130
H            0.78908942768196       -0.61194074228824       -1.93979024674652
H            0.03609657616770       -1.90733408037166       -0.94890759195278
H            2.72542274590427       -1.94608407429405       -1.69761725574988
H            0.65375263159744        1.19642690331744       -0.16776325731791
H           -1.38487827487287        1.97512980066338        0.89170481448899
H           -1.66580776165326       -0.95111160902895       -1.36034773174264
H           -3.38804912256264        1.05752164842488       -2.91109765206195
H           -2.92853050441947       -0.57933300044622       -3.47323858772079
H           -1.06781210294958        1.41563694317627       -2.86296349124208
H           -4.47692109986731        0.15031515408113       -0.85027531706686
H           -4.31505981841481       -1.78520541054393       -2.16337008932252
H           -2.63768124745996       -1.56306382412114        0.89839473636456
H           -4.96956424932948       -1.91320475564678        0.99601155378479
H           -3.68612166423129        1.29706714610939        1.14573966030635
H           -3.36235671379601       -0.08793185184010        3.09901511297136
H            1.25584131715073        0.44907176017462        2.71396457327484
H            0.90475810085971        2.95803250929004        1.48558587148216
H            3.04183976085992        2.15718257130894        0.89361714753126
H            2.99962096516395        2.21695216120590        3.29722590246265
48
 energy: -84.801315849940 gnorm: 0.005370638669 xtb: 6.7.1 (edcfbbe)
C            5.67401377261768       -0.63361724733644        0.21990396603248
O            4.82763811025996        0.45243664522237        0.54407724620532
C            3.56124082708877        0.09218373541947        0.94880535296697
O            2.82049055253157       -0.31034123466645       -0.18874261061103
C            1.49998760868800       -0.72434967031865        0.10225162973433
C            0.95603313004649       -1.36158231536161       -1.18028028034451
O            1.84072197078942       -2.33506153430804       -1.65602288835332
C            0.70363534161684        0.46644290784029        0.66821012160481
O           -0.62165089132181        0.08868576091636        1.00943432300051
C           -1.63608548975405        0.95045654715958        0.58367044185489
O           -1.85594988700221        1.00271005427671       -0.79587972191058
C           -2.40006733637545       -0.15588896604510       -1.41842500267874
C           -2.61356649751348        0.26270228896359       -2.88097117015595
O           -1.42565567313804        0.72571485320758       -3.45534964729160
C           -3.69134258855845       -0.61909027524408       -0.73230837662472
O           -4.13568990473698       -1.86419103168702       -1.21901905769232
C           -3.41641640387647       -0.79470902628752        0.76591962855661
O           -4.58224367369628       -1.15731546842317        1.46411207954968
C           -2.91832042949742        0.53662518006834        1.33230771780708
O           -2.66011751008458        0.46282826498549        2.70003659649878
C            1.41183818121780        1.09621565834090        1.86929064958369
O            0.82979366445333        2.32307485082946        2.24215636932244
C            2.91147840176298        1.31403811807276        1.60767326811887
O            3.56818705398661        1.57987304397670        2.81567019800556
H            5.29336841754936       -1.19114473315998       -0.63994188569581
H            5.77936513276449       -1.31110736077083        1.07415084169136
H            6.63903149433766       -0.19518612053365       -0.02241514317327
H            3.59019926459140       -0.73976679301553        1.68278806026356
H            1.53643196816514       -1.50441296255225        0.88528786019963
H            0.78078865900607       -0.58811351268810       -1.94083957001614
H            0.02679300470703       -1.88522030399020       -0.95341996503083
H            2.71587529695938       -1.92876357773014       -1.69756131728491
H            0.65434969126943        1.21840422651612       -0.14081434500811
H           -1.38808855064238        1.98550371225521        0.86416918299177
H           -1.67365458796399       -0.97496180272718       -1.36947362112261
H           -3.38801589874941        1.04427571001743       -2.91252267208302
H           -2.93149762801153       -0.59024175004353       -3.48409118205187
H           -1.07030792874758        1.40264932265113       -2.86583152614306
H           -4.47505403985767        0.14624332525698       -0.85712554032090
H           -4.32439779903605       -1.79640553963544       -2.16046367403304
H           -2.63689309638974       -1.55930360715899        0.89997777083383
H           -4.96844208681007       -1.91040444920502        1.00034991276839
H           -3.68868097655909        1.30171657048256        1.12983114770860
H           -3.36220370357833       -0.07566961911714        3.09001519526592
H            1.27461570724622        0.44137230016315        2.73581191719721
H            0.90524801179242        2.94638425792844        1.50723667489399
H            3.03994448333907        2.15605399100751        0.90414182483239
H            3.02326747727037        2.21025338773663        3.30770642668013
48
 energy: -84.801749341493 gnorm: 0.005925611603 xtb: 6.7.1 (edcfbbe)
C            5.67484628368311       -0.63604607433333        0.21462069984378
O            4.83112859414810        0.45111400845228        0.54139024167206
C            3.56510773180753        0.09303483619571        0.94828176673360
O            2.81832851123511       -0.29578943393374       -0.18938895661892
C            1.50010367222293       -0.71369837000600        0.10794281241407
C            0.94909553423869       -1.33621280207444       -1.17895211781893
O            1.82851142940757       -2.30983689067231       -1.66525659951834
C            0.70465307819428        0.47623362396810        0.67882724743927
O           -0.62112168526854        0.09426887585365        1.01496278795754
C           -1.63400457049798        0.95007989805359        0.57309741822896
O           -1.84293919518029        0.98025359547342       -0.80790193666122
C           -2.40194624368879       -0.17466707800191       -1.42589433459211
C           -2.61664958157059        0.24503688532962       -2.88864323540282
O           -1.42867869500610        0.70669083130114       -3.46354302750029
C           -3.69496617482813       -0.62573410859434       -0.73558424977120
O           -4.14769803306698       -1.87211484022145       -1.21179045343715
C           -3.41768510119278       -0.79036240644456        0.76349036134162
O           -4.58177177206133       -1.14956976337880        1.46633791918387
C           -2.92118770957966        0.54572561923170        1.32078025160947
O           -2.66637674532149        0.48218443961015        2.68940473533075
C            1.41975241272522        1.08790360075347        1.88802471392272
O            0.83960396333185        2.31026670240678        2.27924223740669
C            2.91823675230703        1.30998373710265        1.61863096593753
O            3.58815456773521        1.57154024118720        2.82053904644015
H            5.29197397962030       -1.19255183416030       -0.64501959306101
H            5.78040265892283       -1.31421749711089        1.06830656955890
H            6.64003818415365       -0.19888711494699       -0.02907264531305
H            3.59234093446852       -0.74694434001056        1.67311322412264
H            1.54041867295612       -1.50371665129263        0.88074084687890
H            0.77488241828865       -0.55672274784530       -1.93353284541564
H            0.01830817129129       -1.85862625508451       -0.95538475495894
H            2.70577059113309       -1.90772684598413       -1.70339723070846
H            0.66058624489742        1.24071012982121       -0.11881201064003
H           -1.38901266386259        1.99136394914586        0.83467996616182
H           -1.68634352149016       -1.00360896658372       -1.38136335022544
H           -3.38974295673963        1.02802770770908       -2.91727580418673
H           -2.93696958670135       -0.60558856862700       -3.49371597201135
H           -1.07234822531175        1.38286552995867       -2.87370450460458
H           -4.47461254291421        0.14294311432524       -0.86499722655116
H           -4.33679563460678       -1.81007232409468       -2.15360238671510
H           -2.63677134668529       -1.55277250862169        0.90289851417521
H           -4.96843970135347       -1.90535676397863        1.00728889462053
H           -3.69084786312168        1.30948235169551        1.11040833755909
H           -3.36580300510491       -0.05874996758707        3.08048701451099
H            1.29176830892815        0.42679138669166        2.75140808947907
H            0.90201835938468        2.93784687572098        1.54681437001822
H            3.03857288762412        2.15555903098772        0.91789423209654
H            3.04810325420357        2.19966299419374        3.32070717685888
48
 energy: -84.802055555953 gnorm: 0.004680744154 xtb: 6.7.1 (edcfbbe)
C            5.67685131818423       -0.63781318362409        0.20917517246892
O            4.83697152996730        0.45089529934920        0.54058442373739
C            3.57099275573417        0.09448794858153        0.94796662653335
O            2.82029941905355       -0.28281429968661       -0.19021215730966
C            1.50394197136431       -0.70148706846445        0.11278702838977
C            0.94466891991274       -1.31125771259309       -1.17657577849997
O            1.81788166269802       -2.28337517529030       -1.67800083352474
C            0.70794614705078        0.48679170566907        0.68448833238150
O           -0.61790282721038        0.09862002525343        1.01358016512096
C           -1.63208031710234        0.94747995644656        0.56190659750119
O           -1.82816709253860        0.95811333763897       -0.82164263437545
C           -2.40555180146706       -0.19280900301903       -1.43380538905026
C           -2.62284867921834        0.22593218584817       -2.89712115227751
O           -1.43517798493943        0.68280389714595       -3.47583544870161
C           -3.69997738868334       -0.63042816106254       -0.73741429575769
O           -4.16038948461680       -1.87879169210607       -1.20156911366011
C           -3.42025400788034       -0.78467058339534        0.76217217652246
O           -4.58226838121518       -1.14029453280735        1.47024770962984
C           -2.92359017856658        0.55566861414574        1.30854636575977
O           -2.67443625959539        0.50519854006099        2.67847174957148
C            1.42739009414138        1.07847762123024        1.90517627478822
O            0.85011993662252        2.29367932087388        2.32487429840738
C            2.92536638562997        1.30590747806850        1.62944075897401
O            3.60405694487273        1.55983264897212        2.82790654684112
H            5.29031429613119       -1.19196942289310       -0.65056723116266
H            5.78299282710860       -1.31808085839415        1.06112482412602
H            6.64243994781155       -0.20287177821620       -0.03672383224524
H            3.59677478471741       -0.75243255284358        1.66471764178807
H            1.54515094806501       -1.49415002596467        0.88049668231003
H            0.76936727619141       -0.52305635049405       -1.92184353879689
H            0.01292223608206       -1.83151014916469       -0.95319731823652
H            2.69603787457268       -1.88339043187173       -1.71550888143327
H            0.67070330671486        1.26063230941418       -0.10239838875290
H           -1.38846490387067        1.99333453411516        0.80582836356158
H           -1.70196432870014       -1.03252405401008       -1.39422278990183
H           -3.39424364325884        1.01062468535652       -2.92496709748101
H           -2.94685699057350       -0.62447791491140       -3.50054784312855
H           -1.07430103709192        1.35712326891043       -2.88668856637506
H           -4.47632131195175        0.14060495999717       -0.87225673390913
H           -4.35098563822414       -1.82435390929532       -2.14360199068319
H           -2.63771292470658       -1.54465432613213        0.90618371502281
H           -4.97009229420044       -1.89838157704665        1.01594679052191
H           -3.69019770434223        1.31952324775071        1.08729511210067
H           -3.37190155815624       -0.03723146196210        3.07075912411911
H            1.30676425407273        0.40301410598040        2.75866915244492
H            0.89691132036764        2.93100498928691        1.59977192558689
H            3.03899420169520        2.15675497627581        0.93393412069481
H            3.06982102070459        2.18631638066908        3.33613654146268
48
 energy: -84.802244652384 gnorm: 0.003470265358 xtb: 6.7.1 (edcfbbe)
C            5.67938212185050       -0.63765188400514        0.20398186320279
O            4.84371663029594        0.45225754634396        0.54256998315466
C            3.57751411246566        0.09595969400112        0.94882185038468
O            2.82543948299515       -0.27444507363549       -0.19017444012621
C            1.50981478857310       -0.69107732537749        0.11525660780359
C            0.94325105728886       -1.29249720607577       -1.17457178161244
O            1.81144073011024       -2.26081336802497       -1.69190778183770
C            0.71260363326195        0.49565151433504        0.68563661785311
O           -0.61324469449381        0.10276088424589        1.00831232185937
C           -1.63007802578803        0.94528360960135        0.55190354575063
O           -1.81678180314352        0.94221516685930       -0.83431033824822
C           -2.40972734294035       -0.20602877623472       -1.43996599148352
C           -2.63121933135106        0.20853411278919       -2.90427441276741
O           -1.44454900981462        0.65836943898344       -3.49001672701925
C           -3.70455264906998       -0.63287097663096       -0.73743867199770
O           -4.16970683262396       -1.88347869470165       -1.19100515358284
C           -3.42263719025079       -0.77853744842710        0.76227898280904
O           -4.58290615352633       -1.13021430723748        1.47493879300363
C           -2.92411748729998        0.56510640956221        1.29738976916563
O           -2.68158626928948        0.52886893829833        2.66879880086366
C            1.43350592200263        1.06891168685189        1.91713108679340
O            0.85848618511635        2.27491061323433        2.36729952055025
C            2.93134086439802        1.30218244660931        1.63915178361412
O            3.61215457133177        1.54708667208072        2.83772944899146
H            5.28785077261151       -1.18783990811267       -0.65625548640742
H            5.78671380744461       -1.32150999146162        1.05293305671822
H            6.64538669871967       -0.20511249929468       -0.04446039447331
H            3.60295435592909       -0.75521060353278        1.66047264750647
H            1.54961996351800       -1.48204426821551        0.88249057865930
H            0.76392199713690       -0.49603696764860       -1.91011291385751
H            0.01190291886433       -1.81140530985865       -0.94832317276494
H            2.68893620519262       -1.85996845234756       -1.73224737896424
H            0.68099402485325        1.27522181290117       -0.09323152378627
H           -1.38666783476298        1.99355803282449        0.78366212598641
H           -1.71502422185582       -1.05332450232185       -1.40338435143242
H           -3.40069919687079        0.99508900199831       -2.93341330826622
H           -2.96005490459428       -0.64397293667305       -3.50238661029939
H           -1.07575452698549        1.32986403526068       -2.90255944680204
H           -4.47923683436934        0.13885803986537       -0.87713715799438
H           -4.36283661983326       -1.83662429233193       -2.13294704326580
H           -2.63920878174682       -1.53700526718255        0.90935325364401
H           -4.97259431676096       -1.88977790200447        1.02471928042616
H           -3.68633407320901        1.33008319010880        1.06433243609480
H           -3.37812665607220       -0.01366296957686        3.06259723784288
H            1.31706596309486        0.37465283716056        2.75629882652853
H            0.89094700949865        2.92537979525943        1.65319155322666
H            3.04103980665037        2.15878113802357        0.95023351152661
H            3.08165577450024        2.17152012560928        3.35212580765270
48
 energy: -84.802348573741 gnorm: 0.002974207144 xtb: 6.7.1 (edcfbbe)
C            5.68143813955095       -0.63514256456082        0.19952633675859
O            4.84877919019478        0.45471451522330        0.54641845318935
C            3.58247604349253        0.09665484644063        0.95104252926040
O            2.83097378680926       -0.27156409171094       -0.18895492405302
C            1.51499607285105       -0.68557807997068        0.11526490454223
C            0.94448036124819       -1.28320946981615       -1.17442068665270
O            1.81063848852011       -2.24631771526342       -1.70350680945137
C            0.71662237010084        0.50045192497790        0.68412718112802
O           -0.60952774724868        0.10620078012457        1.00295774019418
C           -1.62813785497648        0.94513600736686        0.54474568706900
O           -1.81177247526246        0.93592539954775       -0.84317608132807
C           -2.41259002174571       -0.21202257500923       -1.44296384778098
C           -2.63901891888617        0.19620319455292       -2.90837908518375
O           -1.45396795346318        0.63891260897836       -3.50257033472679
C           -3.70685750746514       -0.63351433374287       -0.73608490260966
O           -4.17323903938126       -1.88608974551387       -1.18271579710741
C           -3.42360164153250       -0.77300636180996        0.76367851606319
O           -4.58294366052659       -1.12058890585448        1.47945704472267
C           -2.92304145905244        0.57295474907218        1.28956302478846
O           -2.68577916356575        0.54877064140258        2.66210812538360
C            1.43657567657479        1.06071109860668        1.92272676974986
O            0.86227637865704        2.25793816404570        2.39510601968719
C            2.93442839048946        1.29895332344362        1.64666604764428
O            3.61234295209217        1.53641911684776        2.84785832281723
H            5.28509749689175       -1.18068182815391       -0.66151528228198
H            5.79073176859660       -1.32318877723071        1.04489789750962
H            6.64741974184460       -0.20379472584215       -0.05102981510134
H            3.60903923252999       -0.75623441010468        1.66061930038343
H            1.55239666371349       -1.47445209911077        0.88416040538018
H            0.75929835089291       -0.48176596521115       -1.90308493357775
H            0.01484959136906       -1.80312928839592       -0.94449124366730
H            2.68642180649253       -1.84232429127263       -1.74855683648005
H            0.68833860802900        1.28277297619462       -0.09061683534874
H           -1.38393186870489        1.99412056440903        0.77105782549944
H           -1.72119038985568       -1.06181677029106       -1.40636351804552
H           -3.40673731332782        0.98446129946399       -2.93950150587494
H           -2.97302238442798       -0.65949620130308       -3.49946462526589
H           -1.07641580936749        1.30767909522277       -2.91752614000578
H           -4.48157127225093        0.13750935424888       -0.87895758438186
H           -4.36920435490873       -1.84471789023434       -2.12429004920963
H           -2.64034255815456       -1.53124781896799        0.91266699739210
H           -4.97467101604129       -1.88091110947371        1.03230079312492
H           -3.68176863834488        1.33868640773180        1.04691527591281
H           -3.38224137932521        0.00730257827142        3.05765165923818
H            1.32158168862005        0.35083532578986        2.74899121870816
H            0.88562622500188        2.91989872678553        1.69162470423978
H            3.04325109977407        2.16015334108444        0.96361114201295
H            3.08148894437718        2.15742479090190        3.36591412017930
48
 energy: -84.802426238339 gnorm: 0.002244256982 xtb: 6.7.1 (edcfbbe)
C            5.68293765632122       -0.63037797344623        0.19474749185819
O            4.85184197089343        0.45790876427057        0.55102060244973
C            3.58585674361460        0.09638913745627        0.95423997730296
O            2.83577582977772       -0.27191488713382       -0.18692406384395
C            1.51889409135757       -0.68396998054648        0.11382063387992
C            0.94744083919464       -1.28007645961818       -1.17624545170323
O            1.81440218759263       -2.23664377656240       -1.71387553483643
C            0.71961064458654        0.50208043841811        0.68164114857298
O           -0.60741281460296        0.10924251810881        0.99830217731894
C           -1.62612844907419        0.94716512405710        0.53899807288968
O           -1.81072872401173        0.93616989201862       -0.84984226078999
C           -2.41386486859896       -0.21356659734135       -1.44381355555970
C           -2.64583632138374        0.18667147431190       -2.91040385847202
O           -1.46289076457291        0.62198975870788       -3.51414954992930
C           -3.70709863469428       -0.63335055177306       -0.73376187243231
O           -4.17240493187612       -1.88796103047172       -1.17535200462237
C           -3.42331544333805       -0.76716278870718        0.76624957672219
O           -4.58239137855878       -1.11017753196113        1.48426535321422
C           -2.92131243995627        0.58102334794394        1.28386195214357
O           -2.68794562026268        0.56768036985528        2.65715861113693
C            1.43716763000962        1.05273609514923        1.92517439964893
O            0.86225738227562        2.24167804255243        2.41325234851536
C            2.93510608435063        1.29525986255162        1.65336974986754
O            3.60786083351055        1.52671219219797        2.85839904544242
H            5.28228296836042       -1.17082882871823       -0.66738832973554
H            5.79526576833609       -1.32309956509273        1.03597199588683
H            6.64820904972421       -0.19850791385478       -0.05755012440205
H            3.61478776119071       -0.75731991431971        1.66291285669845
H            1.55354960964699       -1.47185933094133        0.88439657639762
H            0.75517743603317       -0.47590036910578       -1.90007426759051
H            0.02057201861491       -1.80368826570244       -0.94341353184416
H            2.68777985050094       -1.82793197131080       -1.76407655747190
H            0.69379172053479        1.28606024593845       -0.09113613487864
H           -1.38003447208596        1.99614772652731        0.76332282693066
H           -1.72195067126492       -1.06270214671446       -1.40500477315037
H           -3.41168535856554        0.97674328788458       -2.94342332373840
H           -2.98565301059561       -0.67254775394288       -3.49345509527870
H           -1.07652424410924        1.28874629427699       -2.93257386527853
H           -4.48286641106668        0.13614923534089       -0.87905787679303
H           -4.37131854478030       -1.85074598721985       -2.11642707552151
H           -2.64082572153522       -1.52578179489835        0.91741749774739
H           -4.97603166010536       -1.87125805010937        1.04007158255309
H           -3.67779988256762        1.34654955316735        1.03309834393346
H           -3.38470980203040        0.02808961659432        3.05488728755585
H            1.32278708929487        0.33084530679583        2.74078425934971
H            0.87977757253958        2.91306548916783        1.71920127034542
H            3.04473738819557        2.16033402246328        0.97559846564784
H            3.07285468402533        2.14193148555859        3.37927220836151
48
 energy: -84.802489911555 gnorm: 0.001900839534 xtb: 6.7.1 (edcfbbe)
C            5.68389701545270       -0.62346541765608        0.18892920563470
O            4.85265256592918        0.46157890057671        0.55519787960099
C            3.58762031464232        0.09514059587737        0.95768205723768
O            2.83895029121914       -0.27361908926009       -0.18472225072424
C            1.52111266535894       -0.68528647955901        0.11160245233103
C            0.95142106110049       -1.28037086128281       -1.18012302383737
O            1.82204817148556       -2.22905979417340       -1.72400159418377
C            0.72125348470957        0.50114594675316        0.67913052828696
O           -0.60734781864660        0.11200375174660        0.99449787513799
C           -1.62417421768162        0.95118847256421        0.53369511868816
O           -1.81142144007193        0.94002332625613       -0.85545977912718
C           -2.41358168628855       -0.21312297861745       -1.44332009956871
C           -2.65106362525069        0.17804048258220       -2.91117250189331
O           -1.47028203594523        0.60525065467125       -3.52489553663870
C           -3.70571648350005       -0.63295543568429       -0.73060292223689
O           -4.16860045965297       -1.88997943070965       -1.16749023356502
C           -3.42228879600798       -0.76016011103047        0.77002411497546
O           -4.58170183252497       -1.09800848751280        1.48971452766319
C           -2.91977691025458        0.59070910608944        1.27945932063399
O           -2.68887257499779        0.58776823530056        2.65311455237986
C            1.43588637666798        1.04392105992592        1.92678746185771
O            0.85909804648571        2.22524941845416        2.42639548269291
C            2.93385503464046        1.29047879541823        1.65998916519163
O            3.60118427513041        1.51704346212545        2.86910031142961
H            5.27992925150287       -1.15885118785630       -0.67458551833877
H            5.80044097213729       -1.32110925989125        1.02556234367320
H            6.64762952127930       -0.18898628675548       -0.06467730332763
H            3.61983552539009       -0.75966249372792        1.66515364530834
H            1.55333303452621       -1.47383896605092        0.88249882712152
H            0.75164142185755       -0.47460396458070       -1.90024546345239
H            0.02810320135936       -1.81038965575974       -0.94660242586991
H            2.69256076255976       -1.81457852554836       -1.77810399182494
H            0.69822408436896        1.28690210367529       -0.09231920226471
H           -1.37503059636515        2.00000491905583        0.75703162102513
H           -1.71911325188685       -1.06012927543286       -1.40080742258847
H           -3.41458100255726        0.97037239100910       -2.94578621141293
H           -2.99738517107926       -0.68440941254710       -3.48583935789693
H           -1.07597740425293        1.27158965673395       -2.94832231198282
H           -4.48299094368742        0.13460523957994       -0.87857250059873
H           -4.37032736992002       -1.85641009386535       -2.10807907414442
H           -2.64074496934306       -1.51908231021560        0.92470230852221
H           -4.97675671450649       -1.86046324891917        1.04912756334473
H           -3.67515343366212        1.35502571107427        1.02147630087664
H           -3.38602730687272        0.05073679351159        3.05369239869443
H            1.32249247284865        0.31302261208837        2.73418606406332
H            0.87214356790553        2.90415393471144        1.74009434832008
H            3.04481426582592        2.15912400823274        0.98715268565062
H            3.05878330141438        2.12345900033737        3.39321776989577
48
 energy: -84.802556823071 gnorm: 0.002637647202 xtb: 6.7.1 (edcfbbe)
C            5.68460566137309       -0.61087958350656        0.17868305102679
O            4.85048123835977        0.46721628495906        0.55906746940515
C            3.58783366393610        0.09214918111481        0.96172038162342
O            2.84034493723748       -0.27605335405839       -0.18231683866247
C            1.52161664207284       -0.69000789714689        0.10794336463457
C            0.95771576102625       -1.28291290612655       -1.18826207291908
O            1.83744202302685       -2.21876453233293       -1.73854665111656
C            0.72136974730177        0.49681503829845        0.67602832229924
O           -0.61028460927906        0.11543688012871        0.99005048566520
C           -1.62194234803702        0.95897984004829        0.52643388442701
O           -1.81258846820000        0.94713260184757       -0.86249635414758
C           -2.41134890927080       -0.21220399900636       -1.44138125748863
C           -2.65533944671945        0.16551560545968       -2.91120813624410
O           -1.47688816969830        0.57972522426072       -3.53821586491377
C           -3.70219115319457       -0.63240100094600       -0.72502834991912
O           -4.16053790589457       -1.89367405489282       -1.15415140079776
C           -3.42075096414991       -0.74786412447876        0.77703705606073
O           -4.58150008335616       -1.07778771921679        1.49827769304556
C           -2.91875830444204        0.60757748605955        1.27443660864981
O           -2.68939953974561        0.61932890278825        2.64808419144954
C            1.43215940352763        1.02928229830189        1.92956280280186
O            0.85128588236803        2.20124687920255        2.44210786952527
C            2.92988739928734        1.28175070328857        1.66954852886608
O            3.59079623660187        1.50242623374851        2.88385734369580
H            5.27808343732808       -1.13980822494676       -0.68726268680286
H            5.80863035869708       -1.31547158343449        1.00843577623116
H            6.64499377245729       -0.16961737940845       -0.07595694505781
H            3.62554726248406       -0.76546549623355        1.66579688932516
H            1.55158205728965       -1.48143048131408        0.87675829303472
H            0.74815184752564       -0.47530586656252       -1.90370196678128
H            0.04005690835211       -1.82507323929883       -0.95821316402792
H            2.70354121823074       -1.79517873584870       -1.79411506773585
H            0.70373671219857        1.28588653471337       -0.09296311811622
H           -1.36696284025707        2.00748553265588        0.74771776856066
H           -1.71247908362785       -1.05567495051657       -1.39226204400163
H           -3.41453858068614        0.96198072545631       -2.94807639308627
H           -3.01138362863426       -0.70056365751987       -3.47442030110577
H           -1.07397351408070        1.24904263723168       -2.97143437458852
H           -4.48175295640677        0.13199188093694       -0.87833955949952
H           -4.36561280760370       -1.86561730115343       -2.09423324237644
H           -2.64030944054770       -1.50633801804549        0.93932056693636
H           -4.97717610443627       -1.84371671842505        1.06430739833137
H           -3.67346610089588        1.36930846590929        1.00702555671787
H           -3.38716487472709        0.08699034565138        3.05380651848179
H            1.32076682381775        0.28870138879798        2.72834374223328
H            0.85853417870387        2.88830546123891        1.76415595339242
H            3.04233662369251        2.15539215520975        1.00349675245628
H            3.03484467785307        2.09213834863759        3.41406872591956
48
 energy: -84.802588352933 gnorm: 0.002079481445 xtb: 6.7.1 (edcfbbe)
C            5.68473475159943       -0.60468010970638        0.17355792381525
O            4.84796207217194        0.46954310456156        0.55865661544328
C            3.58680808870757        0.09047871348226        0.96199487843479
O            2.83892414211072       -0.27588791593349       -0.18245877985844
C            1.52039571460947       -0.69240549627850        0.10647592072956
C            0.96005402406520       -1.28350022488776       -1.19247515527944
O            1.84486902311787       -2.21405775256900       -1.74405021303742
C            0.72011198770675        0.49401152924576        0.67523037722302
O           -0.61276316068353        0.11626932205877        0.98873296540107
C           -1.62166909320215        0.96227633649448        0.52387953311319
O           -1.81182913896807        0.94847873617500       -0.86473876631360
C           -2.40997879074919       -0.21312940328575       -1.44023250460369
C           -2.65477052696261        0.15996362550963       -2.91094227609825
O           -1.47620418922963        0.56829941016291       -3.54129699528860
C           -3.70070214242213       -0.63223693002361       -0.72242761189036
O           -4.15724591994048       -1.89568795721170       -1.14712302016325
C           -3.42094305390399       -0.74164826779011        0.78043812772721
O           -4.58268672030353       -1.06845437585920        1.50165214391430
C           -2.91937976237740        0.61569617507080        1.27288113295986
O           -2.68985320845749        0.63312366384170        2.64632890450801
C            1.43013703391445        1.02228741215134        1.93145204322479
O            0.84746505845201        2.19187734774627        2.44816187815672
C            2.92751403413569        1.27713724655315        1.67336172610875
O            3.58737415645844        1.49547820999445        2.88887964180472
H            5.27889718516135       -1.13188709360418       -0.69372737004602
H            5.81211570954596       -1.31169570759431        1.00063126357815
H            6.64331362128131       -0.15925345945142       -0.08072268130932
H            3.62684284259713       -0.76926380499496        1.66325668252750
H            1.55064797260718       -1.48542357215960        0.87321042209835
H            0.74846225616738       -0.47485039341958       -1.90601076031427
H            0.04443301190762       -1.83081377702446       -0.96657563055325
H            2.70940336677660       -1.78700010014781       -1.79640372843955
H            0.70549718055450        1.28490932693975       -0.09181604419171
H           -1.36386979043579        2.01060774327314        0.74311036003793
H           -1.71038868035623       -1.05588720107776       -1.38844278512037
H           -3.41165707015260        0.95854340833012       -2.94917916298783
H           -3.01421306027051       -0.70672459637522       -3.47071069521543
H           -1.07246562004337        1.24151743188182       -2.97991990188691
H           -4.48094998312297        0.13076848025456       -0.87922481571842
H           -4.36276451212926       -1.87071058707156       -2.08722196649835
H           -2.64062183144291       -1.49918733225355        0.94712323289797
H           -4.97737512511938       -1.83686042658070        1.07123965146746
H           -3.67365020617851        1.37657980252649        1.00213814845904
H           -3.38804653874776        0.10337880268069        3.05456083318878
H            1.31922401538852        0.27904757204378        2.72806668508395
H            0.85262639428375        2.88065373843976        1.77189526985310
H            3.03973514213894        2.15285695823689        1.01000877733547
H            3.02647398058832        2.07745819909261        3.42226293151992
48
 energy: -84.802626121251 gnorm: 0.001114942979 xtb: 6.7.1 (edcfbbe)
C            5.68511455828447       -0.59348613276549        0.16491580045035
O            4.84273181955116        0.47374495940774        0.55638269141784
C            3.58431143441309        0.08760379460400        0.96097877743965
O            2.83536989491235       -0.27510809086585       -0.18388962738697
C            1.51749157109650       -0.69679252045998        0.10355505442380
C            0.96382560802891       -1.28503205714374       -1.20003832039708
O            1.85754737567791       -2.20761676784468       -1.75196515481530
C            0.71700562118698        0.48835970316340        0.67387622534820
O           -0.61736735299464        0.11641277259810        0.98710475105184
C           -1.62178336140554        0.96708456275904        0.52108139600500
O           -1.81026748007770        0.94995844051709       -0.86681035172970
C           -2.40762784754729       -0.21498483459915       -1.43736058037528
C           -2.65149931632301        0.15148439841895       -2.90973637820418
O           -1.47143818908401        0.55009620305455       -3.54309600717455
C           -3.69861905294264       -0.63160371993423       -0.71796996894780
O           -4.15216919355282       -1.89873363473791       -1.13506712879728
C           -3.42249183861517       -0.73109909024129        0.78629873276247
O           -4.58646521096326       -1.05277102012573        1.50650454317624
C           -2.92099469644782        0.62869689956477        1.27137609770072
O           -2.69088447520414        0.65428308152186        2.64446608495617
C            1.42617350954987        1.01100786099143        1.93382055094914
O            0.84087957351652        2.17835070931785        2.45474636764096
C            2.92289950027633        1.26912888596734        1.67877985766616
O            3.58178511493793        1.48326313267021        2.89581429497069
H            5.28211206620931       -1.11865585993033       -0.70502542150155
H            5.81775535287541       -1.30413239115301        0.98788554699160
H            6.64059693180101       -0.14043525065311       -0.08780534747607
H            3.62838157601155       -0.77592390382625        1.65705723989180
H            1.54922178322871       -1.49230496802653        0.86671553423046
H            0.75088065656188       -0.47466660306377       -1.91092185413462
H            0.05094629861761       -1.83998930885671       -0.98230535712429
H            2.71999832346182       -1.77537432106277       -1.79572621462393
H            0.70694360785668        1.28190220499430       -0.08999276501552
H           -1.35900541488891        2.01472193213635        0.73726669840665
H           -1.70751266005804       -1.05693905213185       -1.38095101209089
H           -3.40425781505197        0.95375117065268       -2.95095436911454
H           -3.01572293921125       -0.71572623287763       -3.46513377776187
H           -1.06878196775268        1.23184729236321       -2.99132564818498
H           -4.47983838226174        0.12902828648768       -0.88125464829677
H           -4.35708461389396       -1.87944148950147       -2.07544159353056
H           -2.64259600443434       -1.48718657487228        0.96050589955977
H           -4.97853409022895       -1.82587018744874        1.08225179024343
H           -3.67399390146651        1.38894827664077        0.99595551205369
H           -3.39047342984622        0.12973492917814        3.05678760886771
H            1.31465593010086        0.26504232871647        2.72799969082077
H            0.84416239240937        2.86817188835810        1.77960921858561
H            3.03445953266223        2.14821484293190        1.01977180869603
H            3.01415384185619        2.05303126640427        3.43475095897811
48
 energy: -84.802640698864 gnorm: 0.001003946209 xtb: 6.7.1 (edcfbbe)
C            5.68609538572599       -0.58259951464343        0.15657818626546
O            4.83849027059973        0.47833533789779        0.55340399828897
C            3.58253555393022        0.08542757857331        0.95881387395718
O            2.83246242861291       -0.27349732106436       -0.18627671309953
C            1.51529244642100       -0.69963277840363        0.10028532238793
C            0.96669563929174       -1.28524512717228       -1.20682954144847
O            1.86688209025837       -2.20205295646404       -1.75893867477424
C            0.71424147035648        0.48384879167511        0.67250937347008
O           -0.62069194836483        0.11572132907578        0.98595959898575
C           -1.62203238692151        0.97010992474801        0.51940733521721
O           -1.80841624907410        0.94966693126796       -0.86803349158456
C           -2.40600105840521       -0.21772348276135       -1.43414578421382
C           -2.64710609665774        0.14290254346110       -2.90849007336645
O           -1.46460899637706        0.53285239671422       -3.54257575786691
C           -3.69784630623224       -0.63085568281864       -0.71414810953708
O           -4.14910987542679       -1.90126580554253       -1.12397256387012
C           -3.42565474537752       -0.72158561272557        0.79146222306245
O           -4.59212916688884       -1.03768803250269        1.51025138160304
C           -2.92270573450643        0.63968100314510        1.27005966377443
O           -2.69326573737243        0.67246543973088        2.64319268455126
C            1.42288092300766        1.00130970912299        1.93568308900749
O            0.83603465594559        2.16701995529155        2.46079039721363
C            2.91918855982237        1.26172826896005        1.68352955436770
O            3.57736792363875        1.47006629987965        2.90197686029263
H            5.28619405459055       -1.10573349461426       -0.71624556595511
H            5.82276865570347       -1.29669217929962        0.97584644348827
H            6.63905741905853       -0.12300908076756       -0.09395833176791
H            3.63063118812506       -0.78165918793383        1.64995289750252
H            1.54884039867553       -1.49697815778978        0.86082468609885
H            0.75349769222855       -0.47310503854542       -1.91548076837877
H            0.05549409590270       -1.84501393037874       -0.99555510034686
H            2.72812265609969       -1.76635662629065       -1.79361307206237
H            0.70713219437828        1.27965153838412       -0.08853395408390
H           -1.35478614607789        2.01695567910538        0.73313369917796
H           -1.70637541678069       -1.05963436576857       -1.37310812379717
H           -3.39607735977514        0.94837859722173       -2.95367898112120
H           -3.01475300775717       -0.72497930111308       -3.46052569314698
H           -1.06394292441661        1.22255454679740       -2.99912659047959
H           -4.47963015932163        0.12772629217512       -0.88392216691117
H           -4.35194164324986       -1.88827509415093       -2.06490602656330
H           -2.64700114245951       -1.47728402959559        0.97223426584690
H           -4.98172516824133       -1.81513636308493        1.09178461785706
H           -3.67343280911137        1.40046166904314        0.98986584509287
H           -3.39515410853427        0.15358203271297        3.05865333812989
H            1.30988502727038        0.25211074529307        2.72693178740015
H            0.83825367815020        2.85823903892483        1.78683756746258
H            3.03010479062678        2.14455356111336        1.02932911038584
H            3.00623362969599        2.03064976427908        3.44625449092116
48
 energy: -84.802648221698 gnorm: 0.000713815423 xtb: 6.7.1 (edcfbbe)
C            5.68696675060565       -0.57954683025002        0.15434773358376
O            4.83837557683588        0.48016702041587        0.55218922731646
C            3.58288434573559        0.08555678647855        0.95746877068276
O            2.83253866923681       -0.27236544426764       -0.18757914695008
C            1.51558110260602       -0.69898914232702        0.09908796591991
C            0.96673748353509       -1.28414896295789       -1.20792328382676
O            1.86620997738486       -2.20140580910279       -1.76014110896275
C            0.71394366722148        0.48367509130937        0.67221173961542
O           -0.62052453513530        0.11482280335835        0.98609359105555
C           -1.62218711067992        0.96939889149710        0.51990104694514
O           -1.80817245018663        0.94846978133490       -0.86763991656097
C           -2.40625132503043       -0.21904007166965       -1.43287465746394
C           -2.64500836905990        0.14004451316251       -2.90807512253471
O           -1.46119073488521        0.52870658830317       -3.54045908375746
C           -3.69896512089193       -0.63049403694361       -0.71374814680297
O           -4.15026834137225       -1.90129972432718       -1.12216202912078
C           -3.42814298234823       -0.71996373998555        0.79217979496450
O           -4.59562541787839       -1.03361470933114        1.51030196932514
C           -2.92328693242012        0.64077650291796        1.26982012574325
O           -2.69513000312213        0.67453524947059        2.64318943841036
C            1.42272573359417        1.00014188538563        1.93566983911781
O            0.83635468880163        2.16566811316025        2.46155791557331
C            2.91924737732382        1.26026566898343        1.68454640864794
O            3.57729661685998        1.46523796254622        2.90346008459682
H            5.28794101640242       -1.10172512230609       -0.71948247796162
H            5.82363823121041       -1.29466209076895        0.97270338132819
H            6.63975635719960       -0.11908374610596       -0.09496756015929
H            3.63221921508281       -0.78231635232214        1.64747279137601
H            1.54970591257068       -1.49646097924684        0.85959909137678
H            0.75411486640307       -0.47168972556574       -1.91644539713067
H            0.05508345147557       -1.84285743270773       -0.99655662094856
H            2.72784720430249       -1.76650238552262       -1.79290560914241
H            0.70616482203925        1.27979204865482       -0.08844659777521
H           -1.35412874676487        2.01596943424087        0.73363340383819
H           -1.70744098890378       -1.06145127253469       -1.37010940118264
H           -3.39344892208846        0.94574965478275       -2.95550889444711
H           -3.01208018653566       -0.72832869758852       -3.45978162742986
H           -1.06145989068637        1.21927442521830       -2.99768331290633
H           -4.48043447610815        0.12794456866110       -0.88517365424163
H           -4.35097874564121       -1.89038886023147       -2.06351272906478
H           -2.65085150882894       -1.47679197799739        0.97398035184220
H           -4.98519668161188       -1.81167053718669        1.09310988130008
H           -3.67258669021815        1.40254153090116        0.98833351084590
H           -3.39859504991606        0.15770235754380        3.05847868966839
H            1.30867708316423        0.25007395738322        2.72582082463348
H            0.83962584899708        2.85759813534524        1.78837660595365
H            3.03046687669404        2.14452485949349        1.03236007442648
H            3.00784697578097        2.02615563183260        3.44876932799147
48
 energy: -84.802661009204 gnorm: 0.000771709621 xtb: 6.7.1 (edcfbbe)
C            5.68938027923498       -0.57217148388578        0.14888054048795
O            4.83848278058339        0.48484267847069        0.54890167377897
C            3.58396112401688        0.08635701986898        0.95394115006665
O            2.83289782072363       -0.26939756560245       -0.19098006867983
C            1.51659274517387       -0.69711433280805        0.09641518015055
C            0.96640037400650       -1.28173623199168       -1.20987671783846
O            1.86320411704335       -2.20137130547978       -1.76207573954873
C            0.71375952002503        0.48390020931532        0.67168356626988
O           -0.61973968302476        0.11260604864766        0.98688998327316
C           -1.62258049907238        0.96709226901071        0.52161318877219
O           -1.80848419310869        0.94579224527312       -0.86618385118990
C           -2.40707543212514       -0.22211250620634       -1.42965919103006
C           -2.63932848832216        0.13285081390394       -2.90703473017392
O           -1.45232314835938        0.51961289162335       -3.53474145079427
C           -3.70244825244759       -0.62951769404632       -0.71340920780408
O           -4.15470035326066       -1.90056266407454       -1.11982832123716
C           -3.43495102266270       -0.71713951237950        0.79334303269825
O           -4.60523560514563       -1.02372684973009        1.50985225749091
C           -2.92476793038909        0.64182303760378        1.26995620047840
O           -2.69959258989248        0.67637783672524        2.64385102221215
C            1.42276059838670        0.99901090065045        1.93543243199670
O            0.83761167563396        2.16440566171566        2.46219759215035
C            2.92012071753296        1.25746783259533        1.68664645043595
O            3.57803104419149        1.45322348984774        2.90686988210395
H            5.29274566202396       -1.09169927513865       -0.72761696413163
H            5.82533746796283       -1.29006846849463        0.96497753979431
H            6.64215752407202       -0.10973824383543       -0.09687886699353
H            3.63623095480784       -0.78343116588838        1.64137152030482
H            1.55216789056503       -1.49505527254796        0.85674812875877
H            0.75538089326892       -0.46898314979515       -1.91872738658989
H            0.05311530625154       -1.83732928790478       -0.99719689510954
H            2.72629911942049       -1.76923232976203       -1.79232900912949
H            0.70351795279017        1.28073276142013       -0.08831414670245
H           -1.35321606991961        2.01328117778455        0.73565229450133
H           -1.71028519757104       -1.06579559185093       -1.36184381826911
H           -3.38743102660713        0.93839509431794       -2.96039051955397
H           -3.00371240763024       -0.73719317813093       -3.45801017611752
H           -1.05444164964555        1.21091412253003       -2.99162981577868
H           -4.48243028429779        0.12958289475856       -0.88831347486602
H           -4.34902801687510       -1.89380667277029       -2.06248724909491
H           -2.66181758809533       -1.47778496174665        0.97739423261634
H           -4.99613244829545       -1.80248870858140        1.09533386588403
H           -3.67074084829832        1.40606313175134        0.98602926772657
H           -3.40754389535611        0.16472910183402        3.05806372285036
H            1.30667910900305        0.24770653414558        2.72387636988325
H            0.84481857229663        2.85820441565490        1.79101743622599
H            3.03299048275039        2.14547619232088        1.03985864736285
H            3.01335753930006        2.01700390194548        3.45421763078523
48
 energy: -84.802667089773 gnorm: 0.000828114214 xtb: 6.7.1 (edcfbbe)
C            5.69089871712032       -0.56589363055082        0.14385207305690
O            4.83785515788672        0.48849062711559        0.54629742821413
C            3.58432369121429        0.08677306601240        0.95160462521851
O            2.83260717546483       -0.26749729615392       -0.19323530342811
C            1.51685291894970       -0.69656863309028        0.09473613234057
C            0.96643380529655       -1.28106851279070       -1.21144809604194
O            1.86242103157095       -2.20195468687945       -1.76285631433263
C            0.71331736078731        0.48332531295337        0.67135063810642
O           -0.62006458930409        0.11132164286467        0.98740790261669
C           -1.62297894935600        0.96619369597772        0.52279197856348
O           -1.80925348018022        0.94488668525983       -0.86503209711340
C           -2.40704245885641       -0.22402631216751       -1.42703813300795
C           -2.63456052643384        0.12675451105933       -2.90612536685232
O           -1.44547425465963        0.51228737494104       -3.53064905750184
C           -3.70461228489762       -0.62836455335827       -0.71293739924108
O           -4.15800854792583       -1.89924035745106       -1.11849332180718
C           -3.43995398428322       -0.71475399231020        0.79443588668763
O           -4.61254661583339       -1.01579556499556        1.50959015136507
C           -2.92592695751443        0.64296359919318        1.27058662459224
O           -2.70186395294242        0.67738394352013        2.64459068543426
C            1.42240865766391        0.99776653402866        1.93535683497885
O            0.83769945238139        2.16328144893907        2.46187837758273
C            2.92039338963929        1.25509809780658        1.68859531125697
O            3.57789722427504        1.44423437351513        2.91012273568008
H            5.29634384845801       -1.08301923771735       -0.73500526784702
H            5.82685510742932       -1.28628099116907        0.95776264999283
H            6.64335170042786       -0.10118513040388       -0.09894904056124
H            3.63891613387224       -0.78452716786922        1.63692236734300
H            1.55360599072540       -1.49492348842498        0.85459815257432
H            0.75625383859921       -0.46870029366712       -1.92092795893411
H            0.05256166267829       -1.83565836972617       -0.99861046225634
H            2.72610973858709       -1.77097536830546       -1.79284519837693
H            0.70200821334799        1.28061061293321       -0.08814947738679
H           -1.35272479121541        2.01216614536422        0.73694737670809
H           -1.71117538155894       -1.06810304010611       -1.35451158012457
H           -3.38264399559034        0.93199120147023       -2.96426865505806
H           -2.99673477057251       -0.74482104339678       -3.45612418315358
H           -1.04908817099657        1.20406589265473       -2.98701597951730
H           -4.48314649833459        0.13166552839286       -0.89019726541646
H           -4.34752769128921       -1.89456174769602       -2.06212796742812
H           -2.67013434905207       -1.47823547143654        0.98055247343365
H           -5.00515965377632       -1.79453090468387        1.09675418139696
H           -3.66991985783436        1.40876688169334        0.98572694309987
H           -3.41324443599701        0.17002669654947        3.05832653867003
H            1.30503706755268        0.24632134574689        2.72341727679308
H            0.84834430183913        2.85817094349499        1.79189604024812
H            3.03507202363003        2.14581245025757        1.04591692218401
H            3.01621262963054        2.01032299359795        3.45801702631701
48
 energy: -84.802672845696 gnorm: 0.000522336353 xtb: 6.7.1 (edcfbbe)
C            5.69197514996776       -0.55916426273833        0.13777921024657
O            4.83681540795867        0.49222218654328        0.54361926975650
C            3.58451534447825        0.08706938744108        0.94960644417359
O            2.83182177550789       -0.26561174093710       -0.19505415790517
C            1.51672523735345       -0.69642284014920        0.09362185125436
C            0.96658692746154       -1.28132584005896       -1.21253330906914
O            1.86251309110848       -2.20295125716640       -1.76309369061566
C            0.71292895735445        0.48282844904102        0.67113815431130
O           -0.62063254009469        0.11074680808358        0.98787525267367
C           -1.62334096545063        0.96580092364624        0.52371443385386
O           -1.81018881865452        0.94441904262360       -0.86415112629957
C           -2.40669592787019       -0.22598687323782       -1.42432284110545
C           -2.62922453201228        0.11956922843757       -2.90525570619845
O           -1.43824958337340        0.50439809762525       -3.52669777125235
C           -3.70665230865735       -0.62687767749691       -0.71251523611977
O           -4.16229087422609       -1.89706109019757       -1.11780915636406
C           -3.44470587531929       -0.71229054434032        0.79540424929901
O           -4.61975288225412       -1.00758287744960        1.50902497726597
C           -2.92691161015100        0.64416189970873        1.27153403867372
O           -2.70291774206265        0.67777373710353        2.64552507752432
C            1.42185733126219        0.99657697161599        1.93570430740197
O            0.83738126902595        2.16237761649365        2.46193154503425
C            2.92045709697221        1.25259223265787        1.69080697529737
O            3.57750733354020        1.43506836022950        2.91379579333873
H            5.29929017618737       -1.07322162898351       -0.74368997609433
H            5.82823030356834       -1.28267269988987        0.94884934035219
H            6.64393875146795       -0.09181976715265       -0.10196155845528
H            3.64163286864941       -0.78588780090474        1.63258669423825
H            1.55486509608623       -1.49526085814252        0.85282946112272
H            0.75688455351142       -0.46935576407695       -1.92257064050886
H            0.05263511953901       -1.83585800410940       -0.99985395747160
H            2.72619247875411       -1.77208907432036       -1.79486382367337
H            0.70111630165226        1.28076585107808       -0.08766491863281
H           -1.35272228880174        2.01179625646275        0.73758808686001
H           -1.71159170982305       -1.07018256476971       -1.34616777700507
H           -3.37794381960726        0.92386154316880       -2.96886811906780
H           -2.98848818469359       -0.75423388605288       -3.45364035315002
H           -1.04361600232734        1.19656526918557       -2.98216576512874
H           -4.48295872248238        0.13494538241361       -0.89200013755609
H           -4.34716057109919       -1.89340080653324       -2.06237320102881
H           -2.67835836079224       -1.47863239024618        0.98388560115435
H           -5.01496140587095       -1.78549547560374        1.09717448741382
H           -3.66940562535380        1.41140701107151        0.98656723129887
H           -3.41766900031395        0.17500837563290        3.05909910035524
H            1.30341731913010        0.24507934085973        2.72372149840549
H            0.85152030752239        2.85832599055074        1.79298476263365
H            3.03701243272813        2.14616071137848        1.05249445907972
H            3.01861336110548        2.00386086241802        3.46187812947346
48
 energy: -84.802677357360 gnorm: 0.000349367069 xtb: 6.7.1 (edcfbbe)
C            5.69211769405347       -0.55317690063306        0.13159957511659
O            4.83553653287297        0.49545099495365        0.54161997164485
C            3.58446500016913        0.08730237450106        0.94846181190586
O            2.83094121119175       -0.26434538684512       -0.19599086591496
C            1.51643252655897       -0.69681668056879        0.09343457481244
C            0.96679748807104       -1.28248392902628       -1.21277034000425
O            1.86366123593531       -2.20393486164586       -1.76232054506872
C            0.71235706180337        0.48196066094575        0.67130178662359
O           -0.62165392021125        0.11062184842733        0.98818426030872
C           -1.62373094571335        0.96597561060672        0.52427423516069
O           -1.81104454021864        0.94445008828030       -0.86363701702558
C           -2.40585469449507       -0.22760841303631       -1.42210891678023
C           -2.62411399350598        0.11260733212695       -2.90474871013077
O           -1.43179854049283        0.49761702115351       -3.52353435090719
C           -3.70799471396521       -0.62486592536024       -0.71213163620470
O           -4.16670230679008       -1.89390006738788       -1.11767536735731
C           -3.44842144124470       -0.71012723794210        0.79615021650160
O           -4.62541485151697       -1.00109960546512        1.50844726378801
C           -2.92756112579158        0.64520299057080        1.27257448417740
O           -2.70227465766965        0.67721354391468        2.64634169737008
C            1.42119320704683        0.99529503639193        1.93624314222769
O            0.83682910547220        2.16160300830787        2.46148780309217
C            2.92026288434219        1.25046881709126        1.69313602990849
O            3.57686986373562        1.42813229715117        2.91730176012268
H            5.30043072453477       -1.06391069332364       -0.75223692598961
H            5.82907939424747       -1.27999849578575        0.93956702719762
H            6.64353062688732       -0.08346295874840       -0.10578157822678
H            3.64381739316482       -0.78694620392592        1.62950912628059
H            1.55579194408847       -1.49563861487964        0.85241654764131
H            0.75686445250357       -0.47123388594435       -1.92343732133714
H            0.05337314753334       -1.83804771174146       -1.00050237120607
H            2.72657011756654       -1.77172578926318       -1.79736943606280
H            0.70095045963146        1.28021721360491       -0.08708158391372
H           -1.35293958684468        2.01208435028156        0.73764742391764
H           -1.71117584206071       -1.07163150560863       -1.33847578713860
H           -3.37403126069172        0.91543765317137       -2.97357406458765
H           -2.98003835752721       -0.76364338802112       -3.45138340915972
H           -1.03925804304766        1.19047896557000       -2.97822866793497
H           -4.48181976252637        0.13918752322597       -0.89300345086709
H           -4.34875358732219       -1.88998790590274       -2.06279732076493
H           -2.68478699719314       -1.47865452319652        0.98641495830767
H           -5.02338404140688       -1.77744201815754        1.09627959528062
H           -3.66925270852295        1.41362138386954        0.98879952420711
H           -3.41953079825055        0.17835869643381        3.06027682375820
H            1.30159422618578        0.24433703549179        2.72459118196086
H            0.85379861302554        2.85782164698119        1.79291089449724
H            3.03834532856824        2.14607649988564        1.05811276690097
H            3.01992111843249        1.99915592030790        3.46519239435428
