48
 energy: -84.839660217984 gnorm: 0.080106061211 xtb: 6.7.1 (edcfbbe)
C            1.84156097624546        4.54307944150714        0.05259375735670
O            1.87250462766625        3.38397983243699       -0.77501827605523
C            1.48264882700084        2.21567881339329       -0.13692044820286
O            2.42348082776849        1.88690954882614        0.86104984602749
C            2.00681389300963        0.81641358462729        1.68781068697444
C            3.28439920119961        0.12683886467819        2.19843674890392
O            3.03429440067935       -0.79390144750654        3.22390527712403
C            1.06476341507624       -0.18994175171703        0.99489356768773
O           -0.26556679497048        0.29033403465108        1.17560272763633
C           -1.38492728349001       -0.51735537144567        1.49136455080817
O           -2.46881003675359       -0.05665644426060        0.73889791271780
C           -2.41363440764243       -0.40449388024008       -0.64363900914611
C           -3.64947801215440        0.23808988395608       -1.29430072425632
O           -3.71124551631831        0.00177211204069       -2.67860674500482
C           -2.43418255655055       -1.93362615172211       -0.82294815908340
O           -2.24514034119956       -2.31293823090566       -2.16318325422429
C           -1.32102368266673       -2.60078694198332       -0.00328562487348
O           -1.52677213520343       -3.99103829191043        0.10004197229060
C           -1.32162685851368       -2.05492758847491        1.42679091104425
O           -0.25331059607569       -2.54144102018982        2.19140724841584
C            1.41104780206256       -0.28919228258127       -0.50785759545590
O            2.62167066445184       -0.98760318151208       -0.61314477974513
C            1.46236106872938        1.09821380705630       -1.18683167712574
O            0.36308857532274        1.22041212880526       -2.05326397371147
H            2.53274094621924        4.43214137586021        0.88899322821814
H            0.82876149499739        4.71033172629745        0.43052939476225
H            2.14914857696191        5.36423538581908       -0.58805183106059
H            0.48008217890677        2.32764181481925        0.32046312034446
H            1.44225415129302        1.23354735576498        2.53974954793154
H            3.98370492621651        0.90936082968178        2.51478039005911
H            3.73033796208748       -0.43607789633721        1.37734969518300
H            2.72762672572252       -0.32892240572840        4.01561816337007
H            1.20281899061503       -1.16491458841267        1.46630181560027
H           -1.65580145938589       -0.25789810938861        2.52889814105145
H           -1.49875109870443        0.00495775801717       -1.09701394208212
H           -3.64783197896950        1.30661055282644       -1.06150271242998
H           -4.54763022320042       -0.20802306304213       -0.86094417418289
H           -3.05399465477141        0.54997216514692       -3.13013052918368
H           -3.39868110029173       -2.31261537935320       -0.44529309598136
H           -2.89794583160834       -1.83817319789888       -2.70964545387305
H           -0.35426274612025       -2.41054876073113       -0.48501198139356
H           -1.60607230322627       -4.35864949610590       -0.79253137759391
H           -2.27664327535541       -2.38174556492246        1.87466339423654
H           -0.26040141243558       -3.51107326826534        2.14004275439579
H            0.60505807176228       -0.83472874078831       -1.01734177260147
H            2.80503243152565       -1.19782145824757       -1.54114172874242
H            2.40876543871938        1.18034260932499       -1.74173535261437
H            0.42876444364678        2.07422403882655       -2.50735671344296
48
 energy: -84.845140641088 gnorm: 0.012012169305 xtb: 6.7.1 (edcfbbe)
C            1.84441541944370        4.54037908203003        0.05505804580337
O            1.87880822776037        3.37910270277629       -0.76890715544525
C            1.48545972666468        2.21034905131859       -0.13315773117181
O            2.41746498243207        1.87857618230835        0.87458011076023
C            1.99626667016880        0.80493278270724        1.69936052758720
C            3.27788334713079        0.11920423932244        2.20443617270144
O            3.03218812162305       -0.80247388093223        3.22936714800838
C            1.06373410961203       -0.17775029592162        0.96138955552832
O           -0.27661577688620        0.27881281257353        1.12183409291349
C           -1.38829940104473       -0.50790309647749        1.50999533140762
O           -2.47381504414303       -0.06811127748071        0.74399656922843
C           -2.41452382008693       -0.40808560972598       -0.63971703161413
C           -3.64893944615262        0.23766716444841       -1.29112938178112
O           -3.71038237450925        0.00425366499101       -2.67604825056898
C           -2.43511117707304       -1.93531669231696       -0.81988276350228
O           -2.24346261216745       -2.31295738290789       -2.16030185599673
C           -1.32311935754254       -2.59600021777965        0.00624746028881
O           -1.52615695333171       -3.98703609709743        0.10623756502211
C           -1.32367773416259       -2.04813886687472        1.43879306168454
O           -0.25200221244308       -2.53730101404225        2.19669235706585
C            1.41896408491275       -0.28909419361799       -0.53105410359157
O            2.62901907690162       -0.98873988446209       -0.62519531941588
C            1.46846440254896        1.10223891085912       -1.19488647040866
O            0.36816053457291        1.22514634223903       -2.05987857787476
H            2.53486327774647        4.43206962659417        0.89227700652944
H            0.83072812267373        4.70771661317828        0.43057727993698
H            2.15203961238430        5.36009581103260       -0.58767640896502
H            0.47999898245849        2.32276114834158        0.31780521737939
H            1.42636195253614        1.21978752460046        2.54811190363521
H            3.97587924593098        0.90364446077433        2.51999118960407
H            3.72511627308135       -0.44014801695420        1.38141676213649
H            2.72552705660030       -0.33718614761174        4.02095580835697
H            1.19882480481564       -1.15243416773304        1.43725926322009
H           -1.64663715064297       -0.22796768120973        2.54399664043276
H           -1.49954816615875        0.00397337420695       -1.09091311307774
H           -3.64684840379813        1.30599437853963       -1.05678828080736
H           -4.54815910229276       -0.20786528238063       -0.85955744048545
H           -3.05333030312959        0.55351208238483       -3.12659239895743
H           -3.40037432689840       -2.31411927491022       -0.44433337355808
H           -2.89523297949903       -1.83709176548862       -2.70739930959477
H           -0.35684914489906       -2.40524844214852       -0.47671092701367
H           -1.60438742446478       -4.35279528934999       -0.78753174518746
H           -2.27696990104300       -2.37860067158954        1.88701089591190
H           -0.25918415574554       -3.50683890531651        2.14114603867949
H            0.61233241794656       -0.83541963139154       -1.03825499750394
H            2.81540681950407       -1.20417776842302       -1.55100767655795
H            2.41514970411912        1.18762994894814       -1.74787758152928
H            0.43056630677113        2.08094680251087       -2.51025018711126
48
 energy: -84.845737375920 gnorm: 0.004331325790 xtb: 6.7.1 (edcfbbe)
C            1.84987875278364        4.54004908345624        0.05884546641999
O            1.88912774931842        3.37986870939405       -0.76591541602742
C            1.48985233661330        2.20990658895444       -0.13667901009114
O            2.41339480778480        1.87376991688176        0.87764432865408
C            1.98588337789596        0.78985417446504        1.69074466636242
C            3.26445445627409        0.10584983525905        2.20403115677558
O            3.02229552879197       -0.81455079548290        3.23132351104649
C            1.05716437994912       -0.19245911561075        0.94524112690321
O           -0.27947562786903        0.27751057175756        1.10044748880243
C           -1.38879648467812       -0.49992730254560        1.51110532234142
O           -2.48079827331045       -0.07042753467759        0.74694969528481
C           -2.41733863184155       -0.40750240082511       -0.63577819266006
C           -3.65074992230347        0.23934167956197       -1.28736704330890
O           -3.70873439440341        0.00657435017932       -2.67249560639514
C           -2.43561830411226       -1.93414793949674       -0.81390978138859
O           -2.23928402789260       -2.31448734646348       -2.15297726008559
C           -1.32442192680344       -2.58933736257331        0.01780395097369
O           -1.52329860955249       -3.98095871316936        0.12025813116895
C           -1.32632894123352       -2.04179083525000        1.45135876469000
O           -0.25196657962183       -2.52978704492602        2.20681872285566
C            1.42632405359096       -0.28538313108567       -0.54378063403460
O            2.63559697146256       -0.98602942862368       -0.63695122479540
C            1.47879487614430        1.10726728428339       -1.20444251351494
O            0.37867639077975        1.23450923406815       -2.06869304598506
H            2.53789788155806        4.43270360847405        0.89820143720038
H            0.83458928820714        4.70551778923583        0.43084949923300
H            2.15808385051983        5.35997697945215       -0.58331895999927
H            0.48100833154904        2.32029720586294        0.30710957038792
H            1.40965026201215        1.19691999270159        2.53850118310506
H            3.95864542667413        0.89396818181221        2.51950846988459
H            3.71592856221654       -0.45256111710435        1.38284950869504
H            2.71663836810502       -0.34809151981948        4.02271099775320
H            1.18375367215316       -1.17275373051441        1.41452058817185
H           -1.63571495333921       -0.21144211653884        2.54388064213994
H           -1.50108485203819        0.00517338039319       -1.08345661609252
H           -3.64799956797607        1.30742566809894       -1.05206669889338
H           -4.55073045109390       -0.20646661895674       -0.85768277440036
H           -3.05147307540543        0.55702485521425       -3.12130946967554
H           -3.40128911215985       -2.31426493318564       -0.44068712436240
H           -2.88883098574972       -1.83831715020807       -2.70259756870755
H           -0.35721945587824       -2.39658844884765       -0.46254973589503
H           -1.60059050048893       -4.34702608946910       -0.77354508541778
H           -2.27901958799315       -2.37229135957246        1.90114141884392
H           -0.25749588214353       -3.49923888694539        2.14992337068263
H            0.62216946210116       -0.82806016601588       -1.05855488329540
H            2.82314397768036       -1.20178013783711       -1.56258204137517
H            2.42577125622205        1.19956887469796       -1.75598428028335
H            0.43953243963103        2.09258641717844       -2.51496012642810
48
 energy: -84.846036058589 gnorm: 0.004512756687 xtb: 6.7.1 (edcfbbe)
C            1.85816426273566        4.53950866833229        0.06530852434363
O            1.90384307595141        3.38065270689617       -0.76081309503795
C            1.49553595986509        2.20950891252259       -0.13992802027264
O            2.41033071649675        1.86622365602665        0.87990575933870
C            1.97741856703735        0.77337118767896        1.68062995321357
C            3.25171629072001        0.08774827291520        2.20095340263686
O            3.00534472526523       -0.82988128374362        3.22989594502510
C            1.04822135421727       -0.20306270334926        0.92702115706126
O           -0.28255643364220        0.28484032467431        1.08602671913263
C           -1.38801090389495       -0.48964027067452        1.50810940752958
O           -2.48951992811501       -0.07008596849322        0.75139173535041
C           -2.42169663305059       -0.40621150129347       -0.62997943727769
C           -3.65333213995198        0.23978767981068       -1.28465840027149
O           -3.70633670309178        0.00717612608964       -2.67003449926674
C           -2.43492161124537       -1.93299875526990       -0.80535740089506
O           -2.23274880768449       -2.31754164488810       -2.14255996191885
C           -1.32353496383728       -2.58258955739730        0.03082567716631
O           -1.51684495339409       -3.97500392087905        0.13744018287010
C           -1.32785225505101       -2.03233119756504        1.46319256364124
O           -0.25473057827027       -2.51898120646809        2.22151014755318
C            1.42671975383676       -0.28511428977673       -0.56155534149323
O            2.63799331935312       -0.98329653324758       -0.65095472474938
C            1.48666759839715        1.11184943148052       -1.21292395759370
O            0.38980561341759        1.24745582967642       -2.07975583220511
H            2.54199205570919        4.43326234789571        0.90825591700664
H            0.84065636182302        4.70252634368881        0.43232253412700
H            2.16762616811647        5.36051348361513       -0.57491108709550
H            0.48328323570903        2.32044148850637        0.29567637304648
H            1.39442408836941        1.17356747036602        2.52700758820038
H            3.94399413655319        0.87713985830643        2.51769593392805
H            3.70647523666928       -0.47276806465402        1.38310878566501
H            2.70219791866404       -0.36121443091588        4.02102896623643
H            1.16568072699744       -1.18869366149478        1.38623510919071
H           -1.62470630508946       -0.19377646863599        2.54025540146582
H           -1.50419285902231        0.00720463067687       -1.07413519598712
H           -3.65107764422846        1.30766017964856       -1.04861555286838
H           -4.55417842232363       -0.20648026442276       -0.85742935116533
H           -3.04896480505976        0.55953592386005       -3.11634834190362
H           -3.40060107911571       -2.31540438961413       -0.43434598613736
H           -2.87967960685554       -1.84200042003245       -2.69566033785235
H           -0.35535675191473       -2.38528287268875       -0.44599876877506
H           -1.59399755137724       -4.34257055472735       -0.75566173529254
H           -2.28084120370738       -2.35903047158059        1.91466572151341
H           -0.25919140109131       -3.48845776031739        2.16502066873137
H            0.62758571003524       -0.82426364082863       -1.08966154645268
H            2.83013833833945       -1.19835309814508       -1.57599040287672
H            2.43522114500328        1.20735365209102       -1.76117225124640
H            0.45383349372822        2.10769991618845       -2.52154901602222
48
 energy: -84.846179705935 gnorm: 0.003485078899 xtb: 6.7.1 (edcfbbe)
C            1.86760707254917        4.53839877121534        0.07249650494942
O            1.91903856141729        3.38165790219993       -0.75636974160088
C            1.50191561920413        2.20980880061604       -0.14290940132909
O            2.41151481201641        1.85814928196547        0.87827109172616
C            1.97488746386291        0.76130075075671        1.67072510202633
C            3.24367622659239        0.06933005895161        2.19526103901743
O            2.98726839574339       -0.84517276345655        3.22475899951178
C            1.04139582774847       -0.20805596247554        0.91414979758156
O           -0.28521982033436        0.29092612398688        1.07868742574955
C           -1.38904932835829       -0.48067324606023        1.50578463954924
O           -2.49651312484604       -0.06623064388994        0.75508403967079
C           -2.42578461951900       -0.40498380657477       -0.62500382657429
C           -3.65612732227204        0.23787260823766       -1.28445583659147
O           -3.70363776587681        0.00487014761350       -2.66995910078364
C           -2.43377316667450       -1.93266417789207       -0.79715896958556
O           -2.22671447884676       -2.32030594492911       -2.13291903705127
C           -1.32190789888686       -2.57790651593521        0.04212099772364
O           -1.51010200986504       -3.97075195910931        0.15201822195714
C           -1.33036183157193       -2.02278165110302        1.47187737610442
O           -0.26137999327968       -2.50754590393626        2.23722341830952
C            1.42317810993071       -0.28322532284139       -0.57593494176441
O            2.63530068478748       -0.98120465362974       -0.66100887141339
C            1.49087908557373        1.11685807343718       -1.22052070951999
O            0.39723036260505        1.26229166561217       -2.08998784504322
H            2.54694325444224        4.43182215590058        0.91910063288800
H            0.84798028237354        4.69907044035235        0.43473985764511
H            2.17895426178551        5.36143170909255       -0.56424477357496
H            0.48830434019316        2.32444652622498        0.28837114580188
H            1.38882791084077        1.15769459824270        2.51691339661020
H            3.93810456997696        0.85600098233955        2.51351946052754
H            3.69857295936275       -0.49570457158202        1.38071227324304
H            2.68714693176974       -0.37384051499091        4.01547110114652
H            1.15204922789197       -1.19648407477653        1.36620450889109
H           -1.61986628072786       -0.17773635186891        2.53758666774920
H           -1.50759101814209        0.00931698569622       -1.06703207605564
H           -3.65618977761865        1.30575736959697       -1.04835223439272
H           -4.55774482992354       -0.20939586117982       -0.85992909346957
H           -3.04665896604303        0.55975998301305       -3.11371365115816
H           -3.39911563624137       -2.31732976913271       -0.42756194177487
H           -2.87178826842137       -1.84646794380374       -2.68925017462984
H           -0.35330470658992       -2.37687615739221       -0.43229429864074
H           -1.58673995277558       -4.34032728894104       -0.74015433360140
H           -2.28510071568640       -2.34317147731667        1.92346284041328
H           -0.26509871432489       -3.47713862979405        2.18260260486636
H            0.62820166331924       -0.81902875056637       -1.11468459393817
H            2.83186099220167       -1.19564164314357       -1.58540941892414
H            2.44135773171577        1.21030916608687       -1.76583519004690
H            0.46757019077116        2.12356464949167       -2.52896914851208
48
 energy: -84.846283481191 gnorm: 0.002192621785 xtb: 6.7.1 (edcfbbe)
C            1.87843392860920        4.53713514504126        0.08073457571704
O            1.93461255562522        3.38339856413964       -0.75216176158323
C            1.50984867172290        2.21078958302617       -0.14545151820557
O            2.41725228566882        1.84969872867594        0.87372041910523
C            1.97629780910301        0.75321935822836        1.66139995256166
C            3.23851411854560        0.05009768112945        2.18703132341035
O            2.96907946529200       -0.86153017186144        3.21610890219442
C            1.03631213385979       -0.20889660044277        0.90487243759167
O           -0.28736383374710        0.29646691337006        1.07467450155815
C           -1.39149855936317       -0.47165884507294        1.50406334714245
O           -2.50124437345222       -0.05877363621366        0.75662587616065
C           -2.42940442000566       -0.40371916140467       -0.62205570496090
C           -3.65948932124410        0.23365638419651       -1.28684920552086
O           -3.70060914296744       -0.00053936868617       -2.67229518736852
C           -2.43223003315923       -1.93267268931118       -0.78951047714564
O           -2.22110431385068       -2.32282882145041       -2.12397423474208
C           -1.31976032643187       -2.57333186030676        0.05290842374637
O           -1.50305066252489       -3.96629739018522        0.16578068658690
C           -1.33492295967047       -2.01266152355642        1.47957994801091
O           -0.27153948637397       -2.49432835170735        2.25470290049059
C            1.41706735151794       -0.28043182995686       -0.58733809650714
O            2.62840440137358       -0.98079262645271       -0.67001633332372
C            1.49276892387048        1.12197655516448       -1.22679100784656
O            0.40151613987185        1.27777530345086       -2.09766303235114
H            2.55327546503128        4.42824343621724        0.93070957830548
H            0.85683631894066        4.69549369330302        0.43851279549820
H            2.19230003830624        5.36306504342171       -0.55105305338693
H            0.49659981936051        2.33033431235086        0.28521768748189
H            1.39168690359396        1.14890580384640        2.50923659493752
H            3.93943410757490        0.83012034049607        2.50677153252824
H            3.68999550250995       -0.52081500577705        1.37477758322268
H            2.67304438036427       -0.38734809268260        4.00661950436147
H            1.14199336855915       -1.19884324559482        1.35226210667556
H           -1.62009964989472       -0.16241736695793        2.53532339611827
H           -1.51123833544919        0.01127502898340       -1.06370356066485
H           -3.66380689274928        1.30177619232388       -1.05145476918158
H           -4.56146707795252       -0.21587363976482       -0.86535544163099
H           -3.04453633189543        0.55742742961871       -3.11354388687054
H           -3.39702629709165       -2.31942198618789       -0.42073384788290
H           -2.86511436079996       -1.85174605108346       -2.68347591370620
H           -0.35091134692938       -2.36922228810179       -0.41967610517940
H           -1.57795647318652       -4.33861376476047       -0.72530803778951
H           -2.29268686218750       -2.32717569371298        1.92871008576744
H           -0.27424762412726       -3.46410213718566        2.20311317558711
H            0.62365984573873       -0.81261139923410       -1.13185565843657
H            2.82792287780827       -1.19394261372444       -1.59411216151686
H            2.44472747607128        1.21048530983633       -1.77046871995321
H            0.47972110781314        2.13924852374200       -2.53512568039556
48
 energy: -84.846378775980 gnorm: 0.002385242748 xtb: 6.7.1 (edcfbbe)
C            1.89121773066592        4.53557843299728        0.09023656229210
O            1.95073452038711        3.38568252151947       -0.74784939398578
C            1.52010060081189        2.21211772177757       -0.14714659005106
O            2.42798775225893        1.84061058863271        0.86736890403730
C            1.98080847979764        0.74794142871147        1.65312197334744
C            3.23556104635777        0.02945032924943        2.17691926842221
O            2.95201498008041       -0.87999018406109        3.20453183193729
C            1.03248950105236       -0.20679973694539        0.89857945983760
O           -0.28891803673790        0.30266042087426        1.07199097289103
C           -1.39514323039925       -0.46113500014589        1.50252780261786
O           -2.50398098903425       -0.04736056282816        0.75519821989864
C           -2.43285267793776       -0.40216689513818       -0.62174021366053
C           -3.66404776032967        0.22724993210791       -1.29181110400832
O           -3.69815094925495       -0.00902266840702       -2.67703025902242
C           -2.43069401579013       -1.93256378987267       -0.78238629891553
O           -2.21638387387641       -2.32571494021554       -2.11537173210314
C           -1.31785627097123       -2.56835227889451        0.06367371433432
O           -1.49668311521817       -3.96116134554772        0.18013273936691
C           -1.34134519593051       -2.00105737167647        1.48681792115550
O           -0.28435042503313       -2.47830748269025        2.27346594596485
C            1.40970257341863       -0.27653764692783       -0.59580685735844
O            2.61776496931444       -0.98292967215229       -0.67985242344825
C            1.49393728037728        1.12726272979429       -1.23185863006378
O            0.40383117796361        1.29343602407116       -2.10227459289346
H            2.56164046830677        4.42227308959919        0.94321168828261
H            0.86788343797319        4.69220978778212        0.44382051887253
H            2.20845662655424        5.36496242601673       -0.53533902261405
H            0.50860180584076        2.33655048215810        0.28631321654753
H            1.40128656559419        1.14588596188484        2.50388032248229
H            3.94677934236731        0.79940791504241        2.49813370890203
H            3.67997514493673       -0.54759777212477        1.36513904763769
H            2.66088091507961       -0.40311471213520        3.99517232244155
H            1.13427637500193       -1.19774589583345        1.34346891988763
H           -1.62407417421722       -0.14620638269357        2.53285201811172
H           -1.51572703584420        0.01311289925084       -1.06546361226552
H           -3.67493590935432        1.29572426959356       -1.05777322300457
H           -4.56553949592209       -0.22634312912214       -0.87348505500764
H           -3.04355954512967        0.55240205573267       -3.11611375115692
H           -3.39483933591170       -2.32089783735064       -0.41373484639589
H           -2.85992784420601       -1.85810269227126       -2.67811475317020
H           -0.34870990041164       -2.36228784357672       -0.40721817630822
H           -1.56827840540502       -4.33726084939535       -0.70963488957214
H           -2.30293872381548       -2.31082017216431        1.93133801367704
H           -0.28601136575445       -3.44833590502139        2.22644391833489
H            0.61432476620499       -0.80331928845188       -1.14183363353178
H            2.81791241515407       -1.19314958723239       -1.60441877997431
H            2.44660335211186        1.20919676634785       -1.77552746507363
H            0.49017276033804        2.15455903452778       -2.53906976323736
48
 energy: -84.846461147344 gnorm: 0.002879658377 xtb: 6.7.1 (edcfbbe)
C            1.90531414697263        4.53398914854304        0.09984355338031
O            1.96525447611610        3.38806959984214       -0.74365313827800
C            1.53145391954598        2.21346880508335       -0.14738654766575
O            2.44199945722123        1.83192536274651        0.86110345150928
C            1.98697251881332        0.74480403184144        1.64733274727161
C            3.23459887364098        0.01004675675376        2.16704556604612
O            2.93975072353068       -0.89856406577152        3.19233833202133
C            1.02998901736505       -0.20310622563600        0.89526952721591
O           -0.28961845533250        0.30968124449643        1.06925135900039
C           -1.39906983328009       -0.44960869632683        1.50060099807429
O           -2.50494056004868       -0.03394502124669        0.75056193795425
C           -2.43595053884582       -0.40048088376074       -0.62432345413782
C           -3.66965648689466        0.21943172872191       -1.29864211512376
O           -3.69724110752390       -0.01932102048477       -2.68355637973518
C           -2.42966727120680       -1.93211665781344       -0.77671614115514
O           -2.21322881653864       -2.32908206535594       -2.10802135515176
C           -1.31687887213738       -2.56314755443325        0.07326398541558
O           -1.49293516634062       -3.95552537220851        0.19443239445290
C           -1.34824741210376       -1.98894968173229        1.49298966686125
O           -0.29702840028298       -2.46132332244964        2.29022556547989
C            1.40245275859506       -0.27257835403487       -0.60079862780833
O            2.60481785464489       -0.98822390594420       -0.69052251256650
C            1.49500910335045        1.13193256089011       -1.23482410957806
O            0.40459284939869        1.30709187919655       -2.10288533462568
H            2.57221979313708        4.41460324851968        0.95481178947097
H            0.88095643281895        4.69065697486009        0.45035560723718
H            2.22666400758700        5.36637579228879       -0.51957564258096
H            0.52265165926169        2.34135190928123        0.29146877324779
H            1.41427947410866        1.14726545127614        2.50107424683665
H            3.95713186815757        0.76892252590853        2.48956204855710
H            3.66989295149656       -0.57126695962823        1.35333563907452
H            2.65292454408751       -0.42000865568584        3.98345077280100
H            1.12858949242155       -1.19482379454074        1.33956238965147
H           -1.62947083953566       -0.12989007724062        2.52961394895621
H           -1.52082290617830        0.01461067000823       -1.07249585293232
H           -3.68859242390573        1.28823066062144       -1.06633471319733
H           -4.56968618840663       -0.23968193207410       -0.88310416794700
H           -3.04436584103542        0.54526993630634       -3.12114982653164
H           -3.39331323077571       -2.32115222947926       -0.40756221805321
H           -2.85644015149341       -1.86448414809643       -2.67370294064627
H           -0.34720506269986       -2.35688998432180       -0.39609945112230
H           -1.56003865941147       -4.33618373508876       -0.69381410464588
H           -2.31342621770962       -2.29544001875362        1.93249950327767
H           -0.29835511537001       -3.43163989514234        2.24919563284063
H            0.60135572431088       -0.79219174861190       -1.14471435812151
H            2.80285712226037       -1.19352414972866       -1.61658749892256
H            2.44736289740253        1.20756514026959       -1.78009954844682
H            0.49708420203748        2.16784990876473       -2.53913544698560
48
 energy: -84.846526341553 gnorm: 0.002422916389 xtb: 6.7.1 (edcfbbe)
C            1.92015752822395        4.53230455235992        0.10886570242073
O            1.97686156088468        3.38991140181571       -0.73957802523363
C            1.54216650002118        2.21440757513846       -0.14605963508291
O            2.45641749389803        1.82411779447736        0.85637310594638
C            1.99317188700928        0.74222187480032        1.64426902455252
C            3.23514535520517       -0.00628978302966        2.15872343710670
O            2.93429365480865       -0.91503940231530        3.18186390264620
C            1.02826872029630       -0.19949495637221        0.89406626095705
O           -0.28964222466098        0.31745129686000        1.06565986088341
C           -1.40257978278275       -0.43775833899075        1.49783466550539
O           -2.50507921787313       -0.02084327347630        0.74363428734357
C           -2.43876368271274       -0.39875826618815       -0.62897996670366
C           -3.67581581292134        0.21136566130349       -1.30631978298881
O           -3.69807666280079       -0.03008398725861       -2.69090794232267
C           -2.42920964553648       -1.93125929729937       -0.77291968784018
O           -2.21127248894207       -2.33293633741216       -2.10240158779003
C           -1.31714003483037       -2.55801170468405        0.08116082579259
O           -1.49254614305654       -3.94978971613612        0.20824832297900
C           -1.35443589994443       -1.97707888830323        1.49777960999498
O           -0.30764820202072       -2.44542573074347        2.30278702735530
C            1.39600894084042       -0.26940373701636       -0.60307095787501
O            2.59104125641813       -0.99610256075760       -0.70148169151539
C            1.49612793321897        1.13552562097296       -1.23565828045054
O            0.40439366679028        1.31795480465007       -2.10026708398020
H            2.58494390782448        4.40590500448278        0.96451181933549
H            0.89576251181226        4.69145759033997        0.45804632021900
H            2.24616689025017        5.36650632043705       -0.50554254010001
H            0.53643020863854        2.34402760750788        0.29928911316328
H            1.42703040363045        1.15000035546177        2.50006565911452
H            3.96732370297152        0.74305625117690        2.48163899187135
H            3.66124250840404       -0.58923883650472        1.34123123885935
H            2.65131219127239       -0.43567725632264        3.97388268487824
H            1.12354905121324       -1.19191999763435        1.33871099156835
H           -1.63437510229812       -0.11369514557261        2.52519021189117
H           -1.52620796811188        0.01595599481442       -1.08287636791252
H           -3.70332565210927        1.28037931941187       -1.07595425274553
H           -4.57360405968162       -0.25399802260200       -0.89289720187463
H           -3.04688550045693        0.53695610735495       -3.12784508759490
H           -3.39261314016037       -2.32028161632251       -0.40299430064898
H           -2.85394495900544       -1.87042676690522       -2.67065782380856
H           -0.34659210665588       -2.35334819772669       -0.38672957315813
H           -1.55447669960485       -4.33535650507196       -0.67832388926662
H           -2.32227340614703       -2.28101711470989        1.93355799894754
H           -0.31017328141182       -3.41600114747737        2.26875825608656
H            0.58677950958514       -0.78063960685030       -1.14309019651256
H            2.78486089861348       -1.19508922184899       -1.62985495645891
H            2.44744846623112        1.20630940298471       -1.78339278207109
H            0.49977323664512        2.17914406542444       -2.53486174872260
48
 energy: -84.846568583062 gnorm: 0.001491276003 xtb: 6.7.1 (edcfbbe)
C            1.93537050989375        4.53043659664345        0.11693435218776
O            1.98563118139282        3.39084633248330       -0.73569291354680
C            1.55066615937739        2.21481575617771       -0.14381555197833
O            2.46807282402760        1.81754076734354        0.85379820342939
C            1.99789597873208        0.73883818265848        1.64285028567341
C            3.23625893379147       -0.01909987678391        2.15198597696737
O            2.93426417356173       -0.92890985940264        3.17340286516821
C            1.02654013206329       -0.19721608992567        0.89337091454683
O           -0.28953140737322        0.32533002535679        1.06114542695196
C           -1.40536569282801       -0.42652853016783        1.49427807491343
O           -2.50558225166141       -0.01008815402202        0.73624696482026
C           -2.44143795639434       -0.39718975135083       -0.63408286565498
C           -3.68170752855672        0.20426356641360       -1.31358054397717
O           -3.69990703826901       -0.03980876849517       -2.69788456477062
C           -2.42915538791436       -1.93024698095222       -0.77060028411319
O           -2.20962085760420       -2.33694614129242       -2.09828450557380
C           -1.31842581743076       -2.55328522663140        0.08770405280452
O           -1.49496670583170       -3.94440522558643        0.22138084346882
C           -1.35924810075340       -1.96603970589280        1.50159609552865
O           -0.31552066973492       -2.43145539481203        2.31174664724603
C            1.39050260812443       -0.26739665470170       -0.60443377523132
O            2.57813626728416       -1.00451350085580       -0.71176866853824
C            1.49712990607036        1.13809806308599       -1.23520942549564
O            0.40410083075879        1.32649710054783       -2.09669847295682
H            2.59937979056426        4.39682719002768        0.97210608919302
H            0.91184648900835        4.69425590317464        0.46655093997073
H            2.26633614096987        5.36510011933022       -0.49407243013367
H            0.54765935877677        2.34528482226204        0.30714598253723
H            1.43660901632132        1.15079491912389        2.49966462858951
H            3.97478534142208        0.72396585816256        2.47440495635107
H            3.65513116776544       -0.60144823402091        1.33023600839432
H            2.65456633006762       -0.44975554492168        3.96674956451071
H            1.11773204364489       -1.19032394620465        1.33817990854816
H           -1.63783450674984       -0.09801635032304        2.51978967805346
H           -1.53136822279323        0.01729172097265       -1.09328831290549
H           -3.71699625918489        1.27335705806788       -1.08510523573189
H           -4.57711598229315       -0.26686136108509       -0.90161751530933
H           -3.05007459602424        0.52886077258082       -3.13474585580330
H           -3.39262721876699       -2.31897373972021       -0.40026339099485
H           -2.85152771826663       -1.87587012855782       -2.66884387451418
H           -0.34672057101742       -2.35151608481808       -0.37878676133714
H           -1.55176498879320       -4.33474051879522       -0.66344884193784
H           -2.32880808056627       -2.26717566193056        1.93553423667219
H           -0.32054957233138       -3.40223932541005        2.28489175111205
H            0.57329765164018       -0.77037740747630       -1.14093334525632
H            2.76718605675033       -1.19730192901532       -1.64253783467287
H            2.44740974150067        1.20575265598393       -1.78505184323355
H            0.49934480838194        2.18956587416279       -2.52746367154833
48
 energy: -84.846594959041 gnorm: 0.001256313831 xtb: 6.7.1 (edcfbbe)
C            1.95400920703571        4.52797972917130        0.12494261941274
O            1.99278502841180        3.39085592586864       -0.73175739669518
C            1.55670436369774        2.21496339128475       -0.14082635621086
O            2.47602325452168        1.81212919421157        0.85339009548988
C            2.00086723069267        0.73403600970135        1.64218656739873
C            3.23777886150464       -0.02951420114100        2.14530498184707
O            2.93882133534463       -0.94156332588996        3.16525526582747
C            1.02415873142762       -0.19621936497908        0.89243995551577
O           -0.28979427631824        0.33353488139459        1.05570325568116
C           -1.40791887276256       -0.41539566787577        1.48975016517171
O           -2.50714307320962       -0.00123421450819        0.72867811863478
C           -2.44441322905190       -0.39572711390825       -0.63925715670577
C           -3.68742302599683        0.19794747959254       -1.32086326281089
O           -3.70244741545756       -0.04911026192808       -2.70484413935975
C           -2.42961731385869       -1.92922194607423       -0.76912790371259
O           -2.20746970319107       -2.34123390536112       -2.09491344933859
C           -1.32117166433032       -2.54905115291977        0.09397961404558
O           -1.50093785906432       -3.93933549106145        0.23539224486063
C           -1.36351437830363       -1.95501367469752        1.50507020113462
O           -0.32192571645734       -2.41834848412405        2.31869029411069
C            1.38509419221586       -0.26627662154688       -0.60594357378157
O            2.56554118790878       -1.01258214095949       -0.72176670841646
C            1.49755552938920        1.14018344990773       -1.23386053271439
O            0.40383963008375        1.33407592887748       -2.09315496710959
H            2.61882807538754        4.38571891090650        0.97808541053572
H            0.93268227397184        4.69961223021886        0.47745499214658
H            2.29092365827319        5.36165183329435       -0.48407397674408
H            0.55595457640055        2.34656152985981        0.31423146244415
H            1.44316402686937        1.14814271825586        2.49978274780005
H            3.97971198297202        0.71046131222872        2.46641093306738
H            3.65142935358859       -0.60949718648647        1.31914377133805
H            2.66295198464724       -0.46376381857047        3.96080777049014
H            1.10996161388199       -1.18992542025435        1.33678749191599
H           -1.64056442803005       -0.08159346103273        2.51312564683184
H           -1.53651560658094        0.01855668710991       -1.10298205472574
H           -3.72958908745335        1.26708200388912       -1.09468822624757
H           -4.58055790828086       -0.27800255401837       -0.90974005971830
H           -3.05375571219064        0.52053256850008       -3.14218967473439
H           -3.39359480144875       -2.31752064772934       -0.39931910106101
H           -2.84836522621073       -1.88161056706910       -2.66796703471639
H           -0.34797247344545       -2.35190877818066       -0.37123957120107
H           -1.55243229802847       -4.33474790662770       -0.64739160769856
H           -2.33415531229115       -2.25240101858418        1.93890987773950
H           -0.33094567799062       -3.38926138406656        2.29962031908040
H            0.56086994323709       -0.76124192556313       -1.13985526552261
H            2.74950957057516       -1.20002144532302       -1.65470700226498
H            2.44717261677144        1.20591555594143       -1.78498623591895
H            0.49588314166045        2.20137553709490       -2.51620457667524
48
 energy: -84.846610905903 gnorm: 0.001062350711 xtb: 6.7.1 (edcfbbe)
C            1.96495010590431        4.52657749947216        0.12792456045567
O            1.99501056534944        3.39045453771347       -0.73061796579616
C            1.55654327103059        2.21535029204238       -0.13978019307493
O            2.47474591411319        1.81171354601708        0.85478027190431
C            2.00021960766161        0.73153858872394        1.64160856344639
C            3.23832952964163       -0.03186822148138        2.14173007416190
O            2.94223329487125       -0.94598962317743        3.16080646081032
C            1.02244959186735       -0.19662244159935        0.89144127764635
O           -0.29073642012351        0.33591125910652        1.05375707005023
C           -1.40923206581833       -0.41200776729752        1.48791649908649
O           -2.50890497949004        0.00070100043962        0.72667947464282
C           -2.44584553122220       -0.39539231171478       -0.64048765360138
C           -3.68897284776728        0.19659534113793       -1.32334884766618
O           -3.70348435315758       -0.05228117498864       -2.70705652242079
C           -2.43038608637866       -1.92913573758723       -0.76868606203041
O           -2.20594585468908       -2.34258933305498       -2.09377391964636
C           -1.32350918497937       -2.54835908357070        0.09668446009915
O           -1.50588052683880       -3.93812342276404        0.24143481889297
C           -1.36545728269397       -1.95134375791536        1.50654290713210
O           -0.32428191109091       -2.41411488986095        2.32117898492989
C            1.38297132589139       -0.26610539354788       -0.60729016607316
O            2.56210083595456       -1.01351490741325       -0.72449989640347
C            1.49685487611219        1.14111271480922       -1.23330138599505
O            0.40393656223973        1.33698362258515       -2.09317708100159
H            2.63149224713453        4.37942572148560        0.97884571845219
H            0.94567720155528        4.70344858178699        0.48381947870378
H            2.30477971248172        5.35897807578982       -0.48120505774384
H            0.55581129524147        2.34864558021728        0.31462987481640
H            1.44330717024372        1.14385256838890        2.50042409227246
H            3.97969778121411        0.70901111923792        2.46251168100611
H            3.65173808363964       -0.61020389512465        1.31429236777054
H            2.66851653124393       -0.46991220466193        3.95809314759123
H            1.10577861560228       -1.19044255593175        1.33499479193974
H           -1.64197128410604       -0.07576543075505        2.51049545920552
H           -1.53805591099675        0.01863472179578       -1.10463485973325
H           -3.73211180666363        1.26591610500497       -1.09866365466263
H           -4.58184057473480       -0.27949696680857       -0.91191625173310
H           -3.05526917843001        0.51738279325954       -3.14512105824710
H           -3.39494567152781       -2.31729305893526       -0.40023432406558
H           -2.84651561982892       -1.88421646071304       -2.66809683002433
H           -0.34962415273086       -2.35403971541024       -0.36832906635892
H           -1.55563929817894       -4.33572918303397       -0.64033708061763
H           -2.33628475229146       -2.24672086451674        1.94111996021490
H           -0.33521699252431       -3.38499320298330        2.30499080509624
H            0.55804125988650       -0.75934000694677       -1.14143339220501
H            2.74470198816483       -1.20102282720173       -1.65759577008846
H            2.44691158304809        1.20661701500191       -1.78383485309508
H            0.49330964659655        2.20776695425409       -2.50979693685430
48
 energy: -84.846632438130 gnorm: 0.000934085435 xtb: 6.7.1 (edcfbbe)
C            1.98557125874326        4.52422605289881        0.13203758336608
O            1.99757411579953        3.39000813502688       -0.72989502174447
C            1.55412654476957        2.21679489659449       -0.13834999616863
O            2.46934964313830        1.81335403695927        0.85798208405973
C            1.99814770767424        0.72896490370179        1.64098349125513
C            3.23954647110147       -0.03351361480014        2.13478975301896
O            2.94878183178871       -0.95229842304544        3.15141465813842
C            1.01946673434659       -0.19685939676405        0.89061676150110
O           -0.29315404623910        0.33808891021160        1.05217624298641
C           -1.41229840988645       -0.40823584415798        1.48595869216678
O           -2.51195981846479        0.00337114438069        0.72411528102530
C           -2.44791884691521       -0.39517158266450       -0.64220812180454
C           -3.69043151823172        0.19545773998178       -1.32735959276554
O           -3.70479568885325       -0.05748396270194       -2.71034680885430
C           -2.43213767491397       -1.92937206690239       -0.76833269866077
O           -2.20324247352347       -2.34413836578827       -2.09237697657464
C           -1.32817049664222       -2.54855347317737        0.10075526756038
O           -1.51532643334000       -3.93731282682385        0.25045927570079
C           -1.36975002975710       -1.94705159977333        1.50868162949314
O           -0.32902811016857       -2.40862766069176        2.32497613448476
C            1.37949726575179       -0.26551226129529       -0.60862677538653
O            2.55838253924563       -1.01273763801345       -0.72688910221948
C            1.49427775829954        1.14282240744096       -1.23213779431893
O            0.40284556158541        1.34098598352552       -2.09332517597933
H            2.65676220072100        4.36752333996155        0.97759678490012
H            0.97086364189853        4.71107226970528        0.49595752624621
H            2.33000091835674        5.35431174970624       -0.47764824137795
H            0.55264082952599        2.35385688293931        0.31354741782453
H            1.44326711687960        1.13666263621125        2.50339690175113
H            3.97927209947475        0.70906832221838        2.45609800862688
H            3.65284161922390       -0.60811887178924        1.30469733506300
H            2.67920665614611       -0.48027475502139        3.95246211904982
H            1.10029999415232       -1.19083346389523        1.33325707962672
H           -1.64599043999665       -0.06914516278780        2.50760926638963
H           -1.53959292631855        0.01794587797755       -1.10614639439845
H           -3.73312238779138        1.26545840449933       -1.10587510155931
H           -4.58362047058169       -0.27894115931255       -0.91459630789540
H           -3.05753469061719        0.51186574346631       -3.15026659146935
H           -3.39792223238727       -2.31711583584411       -0.40283583276537
H           -2.84383333774080       -1.88880102072224       -2.66890643245104
H           -0.35318701195834       -2.35891343041813       -0.36413333342597
H           -1.56277986788476       -4.33864064510679       -0.62966802688296
H           -2.34075688070420       -2.24019704682499        1.94409286049042
H           -0.34239056342133       -3.37946742402323        2.31286377515976
H            0.55435904687303       -0.75777793781447       -1.14311127064532
H            2.73903789875253       -1.20250647247055       -1.65987983875374
H            2.44518878135463        1.20810154666575       -1.78162472368931
H            0.48763243102739        2.21765416181933       -2.49850179434357
48
 energy: -84.846642821670 gnorm: 0.000735900365 xtb: 6.7.1 (edcfbbe)
C            2.00323511978870        4.52253007781416        0.13532514028322
O            2.00027758578908        3.39034814900269       -0.72953270996277
C            1.55280475547646        2.21856532925365       -0.13744290084845
O            2.46575470994646        1.81482579294971        0.86013552339421
C            1.99679886036760        0.72782156611664        1.64041851541068
C            3.24012291821380       -0.03557969864182        2.12886065805886
O            2.95203020700355       -0.95849152520669        3.14255462945976
C            1.01703425838479       -0.19646574793130        0.89016090342140
O           -0.29532953579346        0.33945438645704        1.05135797710293
C           -1.41523707602864       -0.40543541905384        1.48506496664426
O           -2.51412068678492        0.00621301516323        0.72207341507921
C           -2.44934655545960       -0.39514112693041       -0.64364181588770
C           -3.69110806962714        0.19458858717736       -1.33094645267424
O           -3.70542811816136       -0.06223772557141       -2.71320972129639
C           -2.43364043238318       -1.92968408300872       -0.76767045210363
O           -2.20146024654279       -2.34562790608590       -2.09077141377003
C           -1.33182095208892       -2.54875710387888        0.10444471116202
O           -1.52197380871560       -3.93668749542161        0.25754891872755
C           -1.37400746489449       -1.94406124849825        1.51087542398976
O           -0.33421799514303       -2.40432961211163        2.32935338346808
C            1.37646514036547       -0.26419087527603       -0.60936327081119
O            2.55548366154493       -1.01128528960661       -0.72892376594904
C            1.49174422366491        1.14478718301404       -1.23149647363613
O            0.40061091548329        1.34480955444545       -2.09261469034427
H            2.67881104230827        4.35782536912304        0.97583057595293
H            0.99261612137328        4.71679208066500        0.50654368246038
H            2.35057623419909        5.35118025795252       -0.47461697616158
H            0.55080410918361        2.35877185161006        0.31274885865006
H            1.44420997777346        1.13224552143424        2.50594402273612
H            3.97974782799120        0.70663269028753        2.45137592270605
H            3.65227451739726       -0.60682100202420        1.29592767207426
H            2.68573010964416       -0.48984703241615        3.94662953152870
H            1.09701992025845       -1.19073574384411        1.33237263422886
H           -1.64957529521163       -0.06464697123686        2.50621677650230
H           -1.54054474918512        0.01697024579360       -1.10751483520232
H           -3.73283792996222        1.26526620295781       -1.11243098330213
H           -4.58484472907700       -0.27774176613612       -0.91691860955854
H           -3.05905571026610        0.50672598397068       -3.15493772367970
H           -3.40039066640630       -2.31681818052623       -0.40425736173389
H           -2.84230626626581       -1.89303532687121       -2.66913302910075
H           -0.35598090086840       -2.36209800679494       -0.35992318573103
H           -1.56787768027127       -4.34093509159419       -0.62132752440488
H           -2.34558643565039       -2.23573625493785        1.94605973282113
H           -0.34877139507720       -3.37519687607384        2.32033300865829
H            0.55124623065606       -0.75612390754429       -1.14396665166816
H            2.73425194999572       -1.20292496107107       -1.66193055029058
H            2.44276828897774        1.20962980001277       -1.78108051910645
H            0.48304032425978        2.22464553977132       -2.49102098765719
48
 energy: -84.846648582317 gnorm: 0.000474393034 xtb: 6.7.1 (edcfbbe)
C            2.01573431472696        4.52145328480805        0.13747549997191
O            2.00257463917962        3.39095307632991       -0.72930569657849
C            1.55247191539925        2.22012237014078       -0.13684918155075
O            2.46434878706918        1.81553595894936        0.86101934800963
C            1.99616572837514        0.72762447761645        1.64000019775261
C            3.23999635430733       -0.03756219054522        2.12491528804216
O            2.95241164249594       -0.96374950366286        3.13566274467808
C            1.01543131294590       -0.19586044441430        0.88996365692859
O           -0.29675807111928        0.34031779386057        1.05100424388192
C           -1.41735544847009       -0.40358416188291        1.48473460858721
O           -2.51531393358708        0.00845568816023        0.72067124755432
C           -2.44993843418841       -0.39523517508004       -0.64460448839291
C           -3.69097356523477        0.19420602115299       -1.33348781876309
O           -3.70535039668462       -0.06590237954646       -2.71511770319149
C           -2.43470622127789       -1.92999456685214       -0.76671351246677
O           -2.20106452311192       -2.34727452503456       -2.08905910635418
C           -1.33396562963740       -2.54892074265224        0.10703939302026
O           -1.52535669858835       -3.93635668921381        0.26192876329462
C           -1.37719755099005       -1.94216789969011        1.51244307995139
O           -0.33838241317062       -2.40125209161055        2.33276894507158
C            1.37436102719667       -0.26287076430650       -0.60966773822021
O            2.55375569927294       -1.00963377525747       -0.73048075743350
C            1.48945801964523        1.14649647872915       -1.23108736925101
O            0.39752336551408        1.34769097717154       -2.09091030752578
H            2.69506573659128        4.35174591539651        0.97383353881210
H            1.00826032489268        4.72007623601312        0.51459518679825
H            2.36388515615278        5.34944900046296       -0.47283922567795
H            0.55043536574395        2.36252996525999        0.31285373464597
H            1.44532101148010        1.13054720377791        2.50736279211168
H            3.98010220304279        0.70322278330117        2.44928651376741
H            3.65108628658139       -0.60607049768333        1.28964326233785
H            2.68746958084360       -0.49777703672171        3.94162441121411
H            1.09545804957987       -1.19037584750338        1.33205250148672
H           -1.65209228264064       -0.06193237050072        2.50558242181212
H           -1.54068657794340        0.01588411966946       -1.10841314834459
H           -3.73138560236301        1.26546336795546       -1.11747416959890
H           -4.58533580509261       -0.27607662126571       -0.91839870227735
H           -3.05958509436996        0.50251151443415       -3.15843077814015
H           -3.40198495610281       -2.31640097496995       -0.40403232295930
H           -2.84218719758056       -1.89652865493697       -2.66854203174698
H           -0.35768127509358       -2.36338886708778       -0.35687404572262
H           -1.57089552885462       -4.34226369336258       -0.61619572220095
H           -2.34936180718088       -2.23288487696393        1.94708407350234
H           -0.35330211966029       -3.37216095489752        2.32572940264360
H            0.54910545561702       -0.75487601187844       -1.14414892593432
H            2.73099638150546       -1.20227264141881       -1.66359596966339
H            2.43983133831866        1.21099163298024       -1.78186824953091
H            0.47960774657176        2.22808930187382       -2.48769390197071
48
 energy: -84.846653788360 gnorm: 0.000469955111 xtb: 6.7.1 (edcfbbe)
C            2.02788902099326        4.52043986009015        0.13950091793299
O            2.00525574930017        3.39161619781817       -0.72901991182072
C            1.55285872995696        2.22162448083556       -0.13632729238470
O            2.46445215766634        1.81531766501152        0.86097472311324
C            1.99594145218601        0.72746981837983        1.63938509291390
C            3.23935551349136       -0.04018464430657        2.12174152111888
O            2.95074459490764       -0.97022910113641        3.12855853434698
C            1.01395071937686       -0.19512000299785        0.88962701025707
O           -0.29796094708705        0.34136439350961        1.05047300202653
C           -1.41922865636535       -0.40160951988409        1.48444927205024
O           -2.51627362664320        0.01074051091552        0.71933079733811
C           -2.45028146326175       -0.39540174443788       -0.64545414424368
C           -3.69034832983856        0.19394797002011       -1.33615249064657
O           -3.70490874292523       -0.06969815968185       -2.71710882349318
C           -2.43584201283472       -1.93036072677288       -0.76531798256989
O           -2.20186476474386       -2.34970938308674       -2.08688420041588
C           -1.33559352957370       -2.54860307689139        0.10974327302869
O           -1.52713174827194       -3.93570652099338        0.26595523697479
C           -1.37991570065141       -1.94019369166519        1.51427829294774
O           -0.34227043662480       -2.39802557288917        2.33666586943574
C            1.37237029420637       -0.26131365373603       -0.61010997365244
O            2.55227367538935       -1.00744240660979       -0.73235565857943
C            1.48662367039889        1.14841875661080       -1.23096847721142
O            0.39279419708009        1.35061408197549       -2.08818128486046
H            2.71167340181932        4.34669202255167        0.97136327543174
H            1.02357975016156        4.72233000623393        0.52316125292620
H            2.37545139953394        5.34822991665318       -0.47146708582773
H            0.55128618302425        2.36620971654403        0.31392942376885
H            1.44659142327167        1.12996627650836        2.50789323533444
H            3.98010840970975        0.69846826741533        2.44921013727302
H            3.64986260013930       -0.60554961512820        1.28409503952394
H            2.68544514512872       -0.50735273303238        3.93607728189972
H            1.09406085871658       -1.18988874876364        1.33160590617178
H           -1.65410525250646       -0.05900007319107        2.50498542441895
H           -1.54050662971459        0.01454810177448       -1.10916885628238
H           -3.72905956457405        1.26581126526345       -1.12281770009647
H           -4.58545489285458       -0.27389625870085       -0.91987742606901
H           -3.05953589457369        0.49781476157764       -3.16213753001694
H           -3.40344568232838       -2.31568424183191       -0.40237742266523
H           -2.84318628254883       -1.90040458515163       -2.66726803369255
H           -0.35903984442669       -2.36342333252844       -0.35375797447086
H           -1.57304063752387       -4.34274895694517       -0.61164940173647
H           -2.35280652762153       -2.22994996551340        1.94807958325171
H           -0.35724154320033       -3.36896688870240        2.33125186944735
H            0.54714564338076       -0.75358149204440       -1.14441764880027
H            2.72804243776794       -1.20054425770374       -1.66567188737227
H            2.43567896171214        1.21271010297666       -1.78399331631682
H            0.47560303140734        2.23024839316651       -2.48636746465510
48
 energy: -84.846660135843 gnorm: 0.000656671436 xtb: 6.7.1 (edcfbbe)
C            2.04409749972379        4.51905070039461        0.14222837932959
O            2.00930926817058        3.39240815799586       -0.72853719946931
C            1.55410414004512        2.22348398324891       -0.13566466851623
O            2.46622962734603        1.81377546124401        0.85976155489574
C            1.99602175177583        0.72696806193863        1.63818633288688
C            3.23803629259650       -0.04436049613498        2.11834268029101
O            2.94673497700191       -0.98048060794102        3.11867932146210
C            1.01217445555804       -0.19422943041160        0.88888979329333
O           -0.29913617082019        0.34333550313858        1.04929347201417
C           -1.42129855105836       -0.39833601982783        1.48380831766888
O           -2.51735091363765        0.01393872283439        0.71740309426634
C           -2.45057066186532       -0.39550742615658       -0.64662012401642
C           -3.68933124087394        0.19370610815628       -1.33980346845843
O           -3.70402601067196       -0.07497689636515       -2.71979949801403
C           -2.43742127665449       -1.93081206208486       -0.76268492865852
O           -2.20416359586673       -2.35383405616620       -2.08311951435744
C           -1.33721003476724       -2.54784250558785        0.11337015004235
O           -1.52820843488917       -3.93470133383652        0.27135218473204
C           -1.38303626977647       -1.93687081572830        1.51667135602178
O           -0.34679566856609       -2.39293855633261        2.34154517208491
C            1.36990771650200       -0.25930132421269       -0.61105864653111
O            2.55057765333962       -1.00414034290104       -0.73529127523124
C            1.48224411150345        1.15110252376639       -1.23098516834891
O            0.38479301344174        1.35446517514421       -2.08330712500371
H            2.73468735872379        4.34078405846303        0.96753662040574
H            1.04413862189364        4.72419168302914        0.53547639574045
H            2.38941547434760        5.34690852104959       -0.46997054100526
H            0.55378068216256        2.37100377971919        0.31659098916003
H            1.44833637455266        1.13010618499582        2.50747016083499
H            3.97901638752654        0.69127252394359        2.45179212675539
H            3.64926938340686       -0.60476651286216        1.27774806437179
H            2.67830861182885       -0.52255296945042        3.92787798460612
H            1.09185166691774       -1.18933899736372        1.33056820043402
H           -1.65627341090566       -0.05399980076015        2.50378470348089
H           -1.54003092243202        0.01270037467216       -1.11024859042588
H           -3.72578051614132        1.26642790932488       -1.13036425837884
H           -4.58549978468729       -0.27078861394242       -0.92199676517459
H           -3.05883583674956        0.49092498512157       -3.16715201219353
H           -3.40522688949801       -2.31441465016306       -0.39841090441595
H           -2.84552675518845       -1.90584895139980       -2.66449944471419
H           -0.36055277525395       -2.36266561179703       -0.34997986162510
H           -1.57540814387761       -4.34281599972010       -0.60571910472040
H           -2.35672329155557       -2.22526539317770        1.94973645765562
H           -0.36184051543419       -3.36393194641376        2.33827944731387
H            0.54475059723382       -0.75208892544164       -1.14501454892385
H            2.72467354600540       -1.19722963771012       -1.66893575506966
H            2.42882794856499        1.21532268119762       -1.78814087667606
H            0.46895682092994        2.23215599928816       -2.48560469117224
48
 energy: -84.846666855167 gnorm: 0.000793190648 xtb: 6.7.1 (edcfbbe)
C            2.06707218233365        4.51674151487437        0.14610796904781
O            2.01586762553356        3.39309768339890       -0.72769584725236
C            1.55684983069608        2.22563087992073       -0.13484257057987
O            2.47053815343005        1.81007647835515        0.85688272137110
C            1.99674857577591        0.72564110020935        1.63603058648663
C            3.23609829484365       -0.05058300231947        2.11484767327967
O            2.93950984931880       -0.99672030432178        3.10423391767229
C            1.01003057307931       -0.19301517148918        0.88734785718594
O           -0.30029836385559        0.34670362079350        1.04701906516427
C           -1.42358856344902       -0.39306643921640        1.48237895580516
O           -2.51870631674018        0.01873169389283        0.71457888900752
C           -2.45114457204384       -0.39558717341472       -0.64822596368642
C           -3.68805957339962        0.19312577539175       -1.34506714690810
O           -3.70291364696624       -0.08252199156335       -2.72374323661939
C           -2.44006626914221       -1.93135956154801       -0.75871871082740
O           -2.20896297711684       -2.36040498184750       -2.07757860748608
C           -1.33945073472688       -2.54584340568614        0.11870795459701
O           -1.52928042069327       -3.93243869705981        0.27946710620754
C           -1.38640951419698       -1.93142510755317        1.52033035526969
O           -0.35190747171288       -2.38511877817165        2.34857316644125
C            1.36688532258261       -0.25648965389891       -0.61298539396898
O            2.54881344160257       -0.99884554805537       -0.73978403779509
C            1.47555654985024        1.15496739158625       -1.23155007553115
O            0.37196115461120        1.35987390760955       -2.07564319764545
H            2.76801167305025        4.33290565471958        0.96156128304860
H            1.07338785530105        4.72511350654584        0.55354817714219
H            2.40773317655846        5.34506291624945       -0.46815833652476
H            0.55890116575740        2.37742871984683        0.32136997633781
H            1.45090518713979        1.13088544034598        2.50552309146201
H            3.97623331241059        0.68093955137501        2.45915833951522
H            3.65051713943418       -0.60284687163112        1.27040543312384
H            2.66284398426531       -0.54711573363896        3.91527589665267
H            1.08835819213178       -1.18857900636172        1.32833322593491
H           -1.65860617663002       -0.04584651882463        2.50139637774326
H           -1.53961315793644        0.00999480035271       -1.11201101881340
H           -3.72155293164368        1.26697457415889       -1.14109043552297
H           -4.58561629664096       -0.26682849006479       -0.92519285126943
H           -3.05745504925681        0.48065698111540       -3.17416921503034
H           -3.40794495285001       -2.31212880561151       -0.39155483459540
H           -2.84998459945354       -1.91346551028907       -2.66017044437113
H           -0.36284245595171       -2.36082148663783       -0.34482340352595
H           -1.57874937802838       -4.34180622372749       -0.59695235293291
H           -2.36108646709474       -2.21772099840444        1.95265687051766
H           -0.36717791062986       -3.35613330070303        2.34812391714529
H            0.54204231209621       -0.75028729735542       -1.14649799532216
H            2.72117077604329       -1.19145747600935       -1.67385124046464
H            2.41802295249552        1.21932495548113       -1.79553364968405
H            0.45735482959170        2.23457360868321       -2.48453424601120
48
 energy: -84.846670813605 gnorm: 0.000546842799 xtb: 6.7.1 (edcfbbe)
C            2.06918831915281        4.51623096606646        0.14605410349400
O            2.01696548911038        3.39283134392848       -0.72779557477310
C            1.55791086235732        2.22550773754245       -0.13497785002952
O            2.47265763585451        1.80844941859621        0.85523551842728
C            1.99736335504526        0.72542250110859        1.63558651494127
C            3.23589422892727       -0.05063684584123        2.11630927443903
O            2.93792856935470       -0.99898189349303        3.10298785117784
C            1.01058774183931       -0.19311054454672        0.88702256371390
O           -0.29959906923988        0.34721589835031        1.04640714543456
C           -1.42296236308197       -0.39231556885861        1.48188590723122
O           -2.51825855909007        0.01911015130909        0.71412649135912
C           -2.45114681922205       -0.39550941540802       -0.64849148150193
C           -3.68794087023897        0.19331302968696       -1.34539239546480
O           -3.70303194285028       -0.08299843113176       -2.72391953873785
C           -2.44086509914505       -1.93134242797649       -0.75781784182381
O           -2.21146692348277       -2.36172561268520       -2.07651167682536
C           -1.33962429624210       -2.54556700325342        0.11874614702743
O           -1.52916953842123       -3.93225133120141        0.27992071005342
C           -1.38597864495758       -1.93063293710742        1.52017316450013
O           -0.35117241417510       -2.38478023386195        2.34768781218701
C            1.36744657645382       -0.25642909602558       -0.61338275493717
O            2.55005386767480       -0.99731652300634       -0.74004419558923
C            1.47427231465634        1.15525655086715       -1.23185479863277
O            0.36870367038340        1.35982054844899       -2.07333304478480
H            2.77223650328556        4.33288756182439        0.95957618217622
H            1.07646175381651        4.72329344050918        0.55597336701420
H            2.40738210893735        5.34506390324074       -0.46887620162033
H            0.56088661318665        2.37775197809738        0.32293908594438
H            1.45105900813606        1.13238359445996        2.50399419952799
H            3.97425852216160        0.68090991774294        2.46416402924597
H            3.65339294519825       -0.60073983026964        1.27200940731748
H            2.65606251485810       -0.55155157228306        3.91346458739908
H            1.08834352918796       -1.18868000219861        1.32780847561064
H           -1.65811332667365       -0.04443270556567        2.50065031652273
H           -1.53950892913705        0.00950815654890       -1.11252545952296
H           -3.72120959276427        1.26721806907069       -1.14198174628478
H           -4.58556886375998       -0.26622928803725       -0.92531152106531
H           -3.05693250835925        0.47923613877226       -3.17459436211018
H           -3.40853341162793       -2.31137969227726       -0.38929116573776
H           -2.85211748002831       -1.91387889320831       -2.65882640036124
H           -0.36330848841586       -2.36057943660740       -0.34546217900241
H           -1.57974387286611       -4.34133007084858       -0.59654758454005
H           -2.36037831854432       -2.21662947150322        1.95322653287013
H           -0.36704338555950       -3.35577933433527        2.34716386435478
H            0.54305888050475       -0.75111011050742       -1.14676559437529
H            2.72295751654108       -1.18947925175038       -1.67408262712948
H            2.41536468495986        1.22010763436751       -1.79797578409127
H            0.45323381605946        2.23387220312849       -2.48386747885225
