48
 energy: -84.796060423541 gnorm: 0.076668214212 xtb: 6.7.1 (edcfbbe)
C            5.99527812556030       -0.30925376923549       -0.61725214072803
O            4.83259822140482        0.32389532803286       -1.11740158394410
C            3.84684973859729        0.52182121201790       -0.17512994838020
O            3.33571973967115       -0.74094522740148        0.21066763275607
C            2.25958814350681       -0.66976300354001        1.10862095044535
C            1.93516812923836       -2.09769503919180        1.56971639274128
O            1.20880543223262       -2.11989692013553        2.76688986767029
C            1.05845074637333        0.00675368102247        0.41961683358581
O           -0.03389974439220        0.02357730765488        1.35553107595452
C           -1.32922543660242       -0.22666277025756        0.93927536074701
O           -1.78631302952852        0.87193944250276        0.15138680268184
C           -3.09368886875792        0.76095844373985       -0.39599196005205
C           -3.81259767806347        2.09992918685489       -0.13386374784933
O           -5.05666978359568        2.17569209525300       -0.78579816321149
C           -3.90033220600246       -0.41362539984563        0.18252730120274
O           -5.09776689682259       -0.59337595622424       -0.52620007075626
C           -3.11794676570710       -1.74391436206407        0.11071924361626
O           -3.45869783344842       -2.57480749355630        1.18757256607626
C           -1.59037820862140       -1.52661561462551        0.15841410006611
O           -1.02426600663552       -1.51819550014054       -1.12400211292047
C            1.47014329671010        1.42819309625839        0.01457389580252
O            0.51200652507792        2.08083921788770       -0.78498722995408
C            2.76518437943256        1.40147652443593       -0.81419665840312
O            3.28142651302980        2.69810391035552       -0.93482112312994
H            5.76403710037366       -1.30875466954011       -0.24169005216756
H            6.44614433563087        0.28627281461072        0.18427480125734
H            6.68134403983379       -0.37625420440147       -1.45810025196957
H            4.24464963622143        1.04219768041081        0.72263989707804
H            2.53854453487509       -0.07155949225766        1.99316820622208
H            2.87393251517829       -2.62190371446112        1.76074264343269
H            1.40128711254724       -2.62295088004887        0.76539660718106
H            0.48189565763751       -1.48854908972789        2.68486837153324
H            0.80380398794871       -0.57165402644042       -0.47170122012608
H           -1.89433716941184       -0.27273917432282        1.88295360334626
H           -3.01727544601342        0.61421904268311       -1.48809065302668
H           -3.14754011959002        2.91792402877206       -0.43278645974824
H           -4.02018442567000        2.19712627493762        0.93453201408170
H           -4.91762095766636        2.28441565497077       -1.73390690192464
H           -4.11360442430299       -0.20087392272926        1.24383544496335
H           -5.56721437548721        0.25639060185844       -0.55198969487142
H           -3.36238278973671       -2.22471411129673       -0.84868210670434
H           -4.39940301996397       -2.78036235259599        1.12880038056366
H           -1.15041912005291       -2.37584842032433        0.68846063242907
H           -1.24833054321686       -0.69234706199290       -1.57150706918901
H            1.64727811229994        2.00994063207953        0.93505367052632
H           -0.36144458320202        1.91644265648514       -0.39649039498617
H            2.53703466056981        0.97785935377185       -1.80347364197341
H            2.58036365963273        3.24729073120851       -1.30868792758859
48
 energy: -84.801280367173 gnorm: 0.011257863268 xtb: 6.7.1 (edcfbbe)
C            5.99443759759952       -0.31031010498673       -0.61618619774886
O            4.83101618219181        0.32132615833303       -1.11657408890450
C            3.84330960767111        0.51652415532662       -0.17557459097976
O            3.32521931899066       -0.74891130575873        0.19859743700442
C            2.24835847272817       -0.68756761910878        1.09734998397625
C            1.92291069413573       -2.11142441709854        1.56080876420828
O            1.20208844094573       -2.12557414903165        2.76150460852934
C            1.06624199382621        0.04607932351321        0.43600506045140
O           -0.04292361076468        0.07655219219509        1.35048260634364
C           -1.33024462700969       -0.23149769300851        0.94802659079663
O           -1.78472404610474        0.85162787385132        0.13289875818251
C           -3.09616411312701        0.75115135179111       -0.40332281770224
C           -3.80911160067611        2.09373481695271       -0.13696884463738
O           -5.05502695434314        2.17414683473115       -0.78496050226478
C           -3.90091729459267       -0.41942842467339        0.18301748224409
O           -5.09963341438571       -0.59867166206679       -0.52353460602822
C           -3.11498247667109       -1.74840562478915        0.11500489075268
O           -3.45932598271694       -2.57803014699228        1.19145602324970
C           -1.58568320357813       -1.53348577158343        0.16808838192924
O           -1.02035046242596       -1.52288544705955       -1.11513076529323
C            1.48013269500105        1.45548364658172        0.01826613748982
O            0.51631199251918        2.09639469575078       -0.78410056883659
C            2.77043209555996        1.40793895577383       -0.81439975527998
O            3.29309971627308        2.70108868418642       -0.93949911761801
H            5.76451458917524       -1.31006990836301       -0.24071247272005
H            6.44456385765949        0.28589422655058        0.18530965500030
H            6.68094993178837       -0.37613932777107       -1.45680864349865
H            4.24146132642363        1.03164837354493        0.72528069797060
H            2.53851201771338       -0.09868172685115        1.98596670831254
H            2.86306963413249       -2.63390091048922        1.75113725724039
H            1.38614723689426       -2.63546094110692        0.75868023330261
H            0.47946885133617       -1.48891845280116        2.68122319959117
H            0.80526980142699       -0.53190481906164       -0.45588175731450
H           -1.89623261347191       -0.26568506810581        1.89114856693952
H           -3.02567233713390        0.60374035569761       -1.49539686666424
H           -3.14361422214618        2.91125765645415       -0.43640832435822
H           -4.01421612912108        2.19189650798951        0.93199661968605
H           -4.91847441232391        2.28405116765497       -1.73329355901262
H           -4.11221294477680       -0.20222535502249        1.24386753950978
H           -5.56690771351232        0.25241090777720       -0.55140486375506
H           -3.35834803947469       -2.22901580802832       -0.84486284741596
H           -4.40017523289321       -2.78217100763086        1.13034624950171
H           -1.14530891741657       -2.38208621418218        0.69763199053736
H           -1.24731251182782       -0.69791328068559       -1.56328009050379
H            1.65840872492884        2.03916432559992        0.93625401257057
H           -0.35635680357743        1.92297591604929       -0.39640634690401
H            2.53619354984985        0.98296619611116       -1.80186599333543
H            2.59179624638601        3.25230760543828       -1.31028865223883
48
 energy: -84.802081268980 gnorm: 0.005967925571 xtb: 6.7.1 (edcfbbe)
C            5.99344294450836       -0.31284952223500       -0.61472974522713
O            4.83026154411144        0.31807462593652       -1.11645767188600
C            3.84143004315450        0.51387343400510       -0.17695914234266
O            3.31155926331226       -0.74998472852587        0.18625210354502
C            2.24061303507275       -0.68517474852331        1.09261172532049
C            1.90073146597370       -2.11030999619549        1.54027882477435
O            1.18488339816041       -2.12768084502337        2.74427426877703
C            1.06148116036389        0.06111384066490        0.43532620513247
O           -0.04573854976964        0.10051648885135        1.35185103484000
C           -1.32895794698971       -0.22839440139483        0.95184828650393
O           -1.78129640138244        0.84060649654448        0.11235352618058
C           -3.09737897757695        0.74392605073200       -0.41128230540211
C           -3.80671559309678        2.08750807712710       -0.14123625527397
O           -5.05535277152950        2.16947614783481       -0.78412213117924
C           -3.89807610612127       -0.42469228435485        0.18349909144660
O           -5.09862150936794       -0.61007016944940       -0.51863984258369
C           -3.10924526144054       -1.75268129295457        0.12370440310501
O           -3.45901672701811       -2.58008729501188        1.20028461968142
C           -1.57909933774566       -1.53829668775838        0.18355716544368
O           -1.00775734868263       -1.53098224959642       -1.09662195536325
C            1.48980048258035        1.46845192280617        0.02710592183705
O            0.52545211911614        2.11321902713818       -0.77073768346806
C            2.77540809814863        1.41585160274194       -0.81208009749525
O            3.31095900526457        2.70376047835403       -0.94123683195952
H            5.76406063534318       -1.31259453151754       -0.23896288667679
H            6.44257551550779        0.28423790168727        0.18674058051668
H            6.68074257916652       -0.37831871126041       -1.45472723447544
H            4.24046550421864        1.01819645783716        0.72959187239155
H            2.54687041813423       -0.11308369152535        1.98980835852250
H            2.83840831493849       -2.63937954698413        1.72563401274134
H            1.35919423034594       -2.63080943110604        0.73877691711189
H            0.46846391031693       -1.48305356090663        2.67491601023918
H            0.78896403472118       -0.50396857817465       -0.46364408803373
H           -1.89767911832467       -0.25280686872704        1.89270603345492
H           -3.03646685162182        0.59432804144392       -1.50361750864201
H           -3.14074575496839        2.90358696542247       -0.44354059709654
H           -4.00691835166138        2.18539789791937        0.92873687107611
H           -4.92219685381843        2.28097187000346       -1.73275470279194
H           -4.10784356805936       -0.20221136419651        1.24355418114837
H           -5.56566786978345        0.24110903912974       -0.55093030672680
H           -3.34660580156465       -2.23629274086929       -0.83629166090359
H           -4.39957584328192       -2.78443053678151        1.13450487086857
H           -1.14314628962310       -2.38712458067385        0.71628313491593
H           -1.23621198828911       -0.70819940941855       -1.54846251470509
H            1.67661545771991        2.05558915519522        0.94157863742665
H           -0.34768638456816        1.93095791991829       -0.38807550163130
H            2.53331917258459        0.99219900111774       -1.79829474130075
H            2.61229378457864        3.26052207261845       -1.30888606970426
48
 energy: -84.802564413570 gnorm: 0.006675190339 xtb: 6.7.1 (edcfbbe)
C            5.99314432519341       -0.31658925690107       -0.61216105917365
O            4.83111205205283        0.31433317632308       -1.11614357430046
C            3.84022102437264        0.50984244148093       -0.17928262238899
O            3.29782768153763       -0.75229818696983        0.17053485606340
C            2.23268930826523       -0.68269218844527        1.08413345244679
C            1.87446845046929       -2.10917617818480        1.51444789435321
O            1.15892326258186       -2.13274279274700        2.71937966476534
C            1.05646041956018        0.07496731411353        0.43372712882488
O           -0.04653691024115        0.12111408313018        1.35588171289765
C           -1.32536956960445       -0.21809386917549        0.95045644966947
O           -1.77643374361546        0.83430742627180        0.08628152987483
C           -3.09847538273587        0.73651871330245       -0.42051033340504
C           -3.80581986246416        2.07976901387105       -0.14691871388551
O           -5.05818066211852        2.16007739912126       -0.78299325903667
C           -3.89266183423952       -0.43094211002723        0.18531792589086
O           -5.09524280488652       -0.62712467532467       -0.51105882623878
C           -3.10062106346151       -1.75737466341049        0.13581226629685
O           -3.45649614705693       -2.58043162592975        1.21387335750659
C           -1.57035016378432       -1.54112491459939        0.20289846266785
O           -0.99339452870659       -1.54744313765632       -1.07428210329099
C            1.49916242232888        1.48327352116162        0.03740843033772
O            0.53620468381502        2.14374384653214       -0.75026104492369
C            2.78102258987910        1.42416232230263       -0.80812146121381
O            3.33140575741729        2.70605222454646       -0.93766172600340
H            5.76340752993701       -1.31640472473982       -0.23662786264533
H            6.44063609690848        0.28091158101384        0.18997429973928
H            6.68195752772091       -0.38206384148478       -1.45088792998931
H            4.23925286683745        1.00058475940899        0.73471909417318
H            2.54973972276796       -0.12593124023367        1.98755931543991
H            2.80518228955080       -2.65393448339243        1.69235943676327
H            1.32503499125698       -2.61455025596876        0.70846907574694
H            0.45356837462288       -1.47446966091131        2.66330291256521
H            0.77540637819778       -0.47380574475887       -0.47226285018207
H           -1.90074802411302       -0.22820639688945        1.88696353757363
H           -3.04965624068533        0.58388625467031       -1.51318873392022
H           -3.14087070472122        2.89480357956309       -0.45426025354715
H           -3.99933711010666        2.17803476826457        0.92423595248297
H           -4.92973282877882        2.27435069998267       -1.73195096199432
H           -4.10091597297160       -0.20128797313796        1.24420933378725
H           -5.56417751527373        0.22274674116663       -0.54887485519731
H           -3.32978636993286       -2.24697851035300       -0.82337025949956
H           -4.39651024855082       -2.78589953923863        1.14252967759293
H           -1.14014873675194       -2.38665982896852        0.74555791203867
H           -1.22324444243446       -0.72901563387116       -1.53400200409276
H            1.69759663546787        2.06655475350009        0.95219342665629
H           -0.33804942917332        1.94890915722619       -0.37671552816868
H            2.53021058820987        1.00524447606334       -1.79421236945507
H            2.63812022846595        3.27104992251295       -1.30299159177762
48
 energy: -84.802863588515 gnorm: 0.005094376472 xtb: 6.7.1 (edcfbbe)
C            5.99354023008735       -0.31987391669769       -0.60902724843149
O            4.83294169982130        0.31142734851605       -1.11543035316947
C            3.84013544824842        0.50564003500718       -0.18101675452044
O            3.28829317098668       -0.75516498857693        0.15785226314381
C            2.22674451042517       -0.68134869834186        1.07526016039411
C            1.85032675599841       -2.10907326620224        1.48869561909672
O            1.13190607340677       -2.13917148098028        2.69239006779762
C            1.05397058118471        0.08412624293058        0.43045973102375
O           -0.04669087132146        0.13725115436130        1.35556186805671
C           -1.32242773614508       -0.20386771210880        0.94432316735838
O           -1.77247374926634        0.83382815604265        0.06257599354788
C           -3.09985190037796        0.73057711425088       -0.42836751950904
C           -3.80770233950810        2.07256331349053       -0.15272469769091
O           -5.06385337822032        2.14840904192774       -0.78188284141056
C           -3.88693410599109       -0.43661432313481        0.18819224633607
O           -5.09066580379001       -0.64388041429891       -0.50364180209792
C           -3.09190023939792       -1.76108851032080        0.14863129548664
O           -3.45247434500012       -2.57924555276084        1.22886392221081
C           -1.56231111175043       -1.54109971784509        0.22035223081201
O           -0.98097990310919       -1.56868167983652       -1.05476242918108
C            1.50847206809144        1.49511968325723        0.04741314030588
O            0.54801293859965        2.17701593261005       -0.72700818700963
C            2.78697085003934        1.43091532948808       -0.80399066079863
O            3.34902287498177        2.70802619256626       -0.92968207299263
H            5.76293403383501       -1.31976296608899       -0.23390157837413
H            6.43936659805599        0.27761474980728        0.19406450643075
H            6.68414283054354       -0.38572786105415       -1.44622407518774
H            4.23843087393782        0.98547132770428        0.73897010034150
H            2.54819090479141       -0.13478115438984        1.98150609531203
H            2.77208456373689       -2.67143557148622        1.65968320515290
H            1.29371622332624       -2.59430752436818        0.67477751327184
H            0.43943833746357       -1.46602276828340        2.64748538793887
H            0.76833113005609       -0.45143546677734       -0.47983285120379
H           -1.90483227616241       -0.19819276211578        1.87686575420336
H           -3.06110816544213        0.57445003462589       -1.52105272520942
H           -3.14557901584999        2.88775051202456       -0.46579456883280
H           -3.99474662633113        2.17235484789975        0.91939764256515
H           -4.94039753303615        2.26604498662410       -1.73107738328830
H           -4.09456349420454       -0.19987079853652        1.24566849746590
H           -5.56359581697618        0.20334841085007       -0.54545930230909
H           -3.31397593382450       -2.25717781329357       -0.80895759343608
H           -4.39187600026475       -2.78611122615385        1.15302243825465
H           -1.13524967265933       -2.37774967809763        0.77944978251975
H           -1.21355116177743       -0.75745460862940       -1.52656991178363
H            1.71767192975086        2.06741104402491        0.96691206740974
H           -0.32768092865891        1.96968702084117       -0.36425877087698
H            2.52898770267665        1.01860735041685       -1.79104100647245
H            2.66178468995583        3.28149737356774       -1.29318318124270
48
 energy: -84.803038235123 gnorm: 0.003540622050 xtb: 6.7.1 (edcfbbe)
C            5.99494162172052       -0.32257943121635       -0.60592074475320
O            4.83599489602393        0.31005362339387       -1.11423360545084
C            3.84183064660853        0.50298960082686       -0.18151943408537
O            3.28440212095862       -0.75701410445288        0.15052019163397
C            2.22307729144708       -0.68165664922233        1.06742223748041
C            1.83345173664243       -2.11023166983404        1.46739440905852
O            1.11009017161345       -2.14559306615416        2.66814660587749
C            1.05413266899645        0.08904216965447        0.42550072373937
O           -0.04620399907469        0.14822323328306        1.35047347253297
C           -1.32089924764996       -0.18956990727941        0.93608486502652
O           -1.77081521498789        0.83764391199746        0.04606795353197
C           -3.10181060737894        0.72686167343717       -0.43386058980668
C           -3.81268396860955        2.06711705741795       -0.15839616834240
O           -5.07227070405281        2.13682355913382       -0.78134983139164
C           -3.88309125742452       -0.44039037945798        0.19128785523779
O           -5.08678222301095       -0.65633635875717       -0.49818880004345
C           -3.08593278701715       -1.76317093027347        0.15959002023449
O           -3.44830855992288       -2.57685656510334        1.24244968562356
C           -1.55768489742499       -1.53841430847538        0.23329836455678
O           -0.97261782008416       -1.58851133700799       -1.04010841149227
C            1.51724882466667        1.50225187180621        0.05494566654460
O            0.55912248440172        2.20403075088582       -0.70581072515510
C            2.79320547458206        1.43622425261695       -0.80030209203855
O            3.36222474331416        2.71042410903168       -0.91961899577865
H            5.76264538968246       -1.32239363121621       -0.23136895517592
H            6.43963904335908        0.27429910417396        0.19824038881442
H            6.68723211680949       -0.38915035153995       -1.44164666918025
H            4.23934244306631        0.97646552480502        0.74183491386149
H            2.54423714960560       -0.14142492506900        1.97546912271416
H            2.74715015379385       -2.68602373031920        1.63393497821386
H            1.27351261831943       -2.57755472977136        0.64512548218431
H            0.42875343032057       -1.46095981771278        2.62972087897645
H            0.76693015588708       -0.43845220514072       -0.48690559972789
H           -1.90748336566831       -0.17172327975232        1.86642902129431
H           -3.06923787137811        0.56699589007548       -1.52608488783803
H           -3.15466349558023        2.88346207148276       -0.47711243965653
H           -3.99438093958385        2.16945915339132        0.91439029421386
H           -4.95368354238416        2.25705151631318       -1.73078715441355
H           -4.09112862046342       -0.19787687399024        1.24731258901175
H           -5.56492026691271        0.18760318185020       -0.54136055650018
H           -3.30408544146148       -2.26466317620198       -0.79597111016116
H           -4.38715886865448       -2.78519790596256        1.16462932101292
H           -1.13058362253873       -2.36286121785125        0.81077632713404
H           -1.21007434332669       -0.78714192277240       -1.52678418691233
H            1.73431275927392        2.05990201508157        0.98162902955528
H           -0.31769201784091        1.98749427292461       -0.35237265804519
H            2.53110192665998        1.03050597788513       -1.78889490194857
H            2.67960872552032        3.29082069559160       -1.28058869922215
48
 energy: -84.803127058676 gnorm: 0.002858216832 xtb: 6.7.1 (edcfbbe)
C            5.99702500760345       -0.32496421666774       -0.60340785801541
O            4.83982498963451        0.31020441473395       -1.11262685478520
C            3.84499535742988        0.50270117433561       -0.18068127702404
O            3.28523781720468       -0.75709341405460        0.14809328313245
C            2.22151154729702       -0.68302579170471        1.06176659515695
C            1.82553888098127       -2.11242258644382        1.45254470362955
O            1.09723128753322       -2.15123183070311        2.65008453028235
C            1.05574602128237        0.09132188291067        0.42030273872503
O           -0.04533278777557        0.15442350782611        1.34367594134971
C           -1.32093538159998       -0.17893505371900        0.92937137641514
O           -1.77166421853614        0.84285373266763        0.03806206524424
C           -3.10426733198755        0.72527438192912       -0.43707803690643
C           -3.81915210601521        2.06406841639218       -0.16374284225032
O           -5.08155427312100        2.12726747005177       -0.78168484899021
C           -3.88220258898874       -0.44172166365316        0.19384784211600
O           -5.08516156542491       -0.66301846388352       -0.49505350404012
C           -3.08356272023147       -1.76334723477044        0.16734296309211
O           -3.44518672974388       -2.57370556693468        1.25278578560605
C           -1.55666489480356       -1.53485442194147        0.24078566982833
O           -0.96873432025040       -1.60178102724295       -1.03098388114167
C            1.52423093065785        1.50534002124282        0.05922595653884
O            0.56784593426228        2.21985475198621       -0.69115959742548
C            2.79898468519235        1.44041859815374       -0.79726755039833
O            3.37088411572126        2.71349465646126       -0.91007355194399
H            5.76230317347045       -1.32458932894967       -0.22978133720523
H            6.44161486249857        0.27053916217627        0.20182303893327
H            6.69046978785897       -0.39235632327692       -1.43809231232231
H            4.24238483665847        0.97371171013831        0.74384034909240
H            2.54009534021725       -0.14668286170692        1.97224038230395
H            2.73454122287221       -2.69447201904096        1.61775455666818
H            1.26630898284749       -2.56943000691099        0.62444598003165
H            0.42297239775847       -1.46015646900289        2.61409260609118
H            0.76842429137957       -0.43264498315965       -0.49336625307395
H           -1.90746295976394       -0.15493799070534        1.86003371665351
H           -3.07391409905083        0.56173081632612       -1.52859028116502
H           -3.16548703609300        2.88184647051486       -0.48766154761954
H           -3.99696464104162        2.16950096450320        0.90942580804821
H           -4.96744078902408        2.24801559899438       -1.73153546627180
H           -4.09099237287640       -0.19519850400588        1.24869428933302
H           -5.56813372846943        0.17804613191967       -0.53752445493171
H           -3.30104670367499       -2.26843500553548       -0.78630879669156
H           -4.38366727829929       -2.78350291117141        1.17545250259656
H           -1.12816264481503       -2.34874693757502        0.83201818657911
H           -1.21280131178462       -0.81094529627096       -1.53156256917943
H            1.74555333796575        2.05052143079657        0.99222721654933
H           -0.30966090317254        1.99891336993341       -0.34352374374314
H            2.53616296441829        1.03971417521893       -1.78757510129460
H            2.69026052454439        3.29843381227233       -1.26716923704227
48
 energy: -84.803179607779 gnorm: 0.002243729452 xtb: 6.7.1 (edcfbbe)
C            5.99939526690138       -0.32730564817705       -0.60141742342397
O            4.84402948664224        0.31137113508995       -1.11069467560039
C            3.84890945065001        0.50407924760534       -0.17895304280940
O            3.28834237026059       -0.75585680703832        0.14803683389377
C            2.22112320035612       -0.68465100048226        1.05769121717066
C            1.82319562630343       -2.11516809930370        1.44163677414982
O            1.09055493583912       -2.15695307069128        2.63635849022636
C            1.05764230204565        0.09269681264991        0.41558377612467
O           -0.04414970330376        0.15799740136199        1.33759327707595
C           -1.32174368926737       -0.17199838619098        0.92531344010279
O           -1.77390691067338        0.84758549099326        0.03531013426684
C           -3.10685365258415        0.72479276464783       -0.43909275437107
C           -3.82550936821745        2.06267655702604       -0.16928968831233
O           -5.09043730593325        2.11943059009811       -0.78276170506326
C           -3.88325119164918       -0.44143616018742        0.19592321344793
O           -5.08543826993374       -0.66617014796406       -0.49295835780809
C           -3.08359591189338       -1.76242000180480        0.17299451245854
O           -3.44332813666339       -2.57002295646138        1.26104246649499
C           -1.55763493246363       -1.53177621308064        0.24496455624220
O           -0.96771640704011       -1.60949058631621       -1.02520885878374
C            1.52953433435564        1.50671949378942        0.06147044022002
O            0.57457234652719        2.22827625300489       -0.68211082737201
C            2.80431345139113        1.44426615507613       -0.79446500736337
O            3.37706178591902        2.71727397522585       -0.90139183488604
H            5.76178877797496       -1.32674121828788       -0.22916434241309
H            6.44474977868025        0.26612314981653        0.20493091371471
H            6.69346572733915       -0.39543801071979       -1.43550605566705
H            4.24672335475031        0.97422954750801        0.74586719621801
H            2.53640350596346       -0.15133461599799        1.97135917139052
H            2.73047478277512       -2.69885382986944        1.60740093384915
H            1.26650769833590       -2.56760090686957        0.60978551522956
H            0.42072915432511       -1.46189108788691        2.60156695797365
H            0.77033602222548       -0.42966091290194       -0.49931916709737
H           -1.90545092200828       -0.14572178376978        1.85806232671179
H           -3.07644509873970        0.55758036936573       -1.52986165314983
H           -3.17600941374879        2.88156232718658       -0.49857639993123
H           -4.00008422402731        2.17173423107369        0.90409935211461
H           -4.98074223953716        2.23841590155106       -1.73330835660172
H           -4.09254812187828       -0.19180572713954        1.24984687270537
H           -5.57222291620937        0.17277116613735       -0.53408339559226
H           -3.30222169193180       -2.27013937277096       -0.77894114219211
H           -4.38161496098122       -2.78118871008236        1.18557796093620
H           -1.12805517802846       -2.33864559714293        0.84432697208588
H           -1.21958764465370       -0.82896972769008       -1.53758179798990
H            1.75294067180005        2.04321722808323        0.99892648534415
H           -0.30350435772386        2.00591298936511       -0.33762353963141
H            2.54288337283850        1.04731579490589       -1.78658153045777
H            2.69636975554149        3.30520873959738       -1.25329105343824
48
 energy: -84.803217193040 gnorm: 0.001793364020 xtb: 6.7.1 (edcfbbe)
C            6.00179848725200       -0.32982893797643       -0.59963747053025
O            4.84853182568795        0.31338429136116       -1.10833037487774
C            3.85314961134710        0.50645488460332       -0.17661715853907
O            3.29211929625604       -0.75378022836219        0.14850984049383
C            2.22115429026691       -0.68611431906252        1.05413422365298
C            1.82344546289175       -2.11810219844189        1.43193557293776
O            1.08673822802644       -2.16357867750215        2.62412124548094
C            1.05924064215562        0.09396562905538        0.41130353404260
O           -0.04270446329795        0.16028865729970        1.33291689744799
C           -1.32267440630497       -0.16764451670526        0.92350935511664
O           -1.77668996294008        0.85143036439760        0.03523898085724
C           -3.10922724838144        0.72463482939768       -0.44067382955374
C           -3.83101521473744        2.06216541202874       -0.17570973815875
O           -5.09857290476313        2.11229926228047       -0.78447163527424
C           -3.88515014603868       -0.44025069594730        0.19787687888935
O           -5.08690856067215       -0.66779418767474       -0.49065207872865
C           -3.08492069264733       -1.76098503780075        0.17800457168567
O           -3.44243639180980       -2.56562431476193        1.26899315384499
C           -1.55937965394956       -1.52956062354040        0.24772420736299
O           -0.96818955891449       -1.61403185725522       -1.02098774382631
C            1.53373366486680        1.50784663854498        0.06284267429314
O            0.58012215826370        2.23356877558293       -0.67650425766211
C            2.80954059614251        1.44841473765989       -0.79141898979545
O            3.38235180602451        2.72192861684753       -0.89259107620330
H            5.76083492572678       -1.32917597568627       -0.22941776344439
H            6.44858174427778        0.26068389283387        0.20808351274595
H            6.69615524574402       -0.39852329335231       -1.43343583352706
H            4.25156250073646        0.97577654899225        0.74851553217322
H            2.53287159916564       -0.15578226951770        1.97138295809616
H            2.73093640077297       -2.70106409923504        1.59915934144717
H            1.27006241544734       -2.56903453400101        0.59722885155359
H            0.42014235943430       -1.46536599721068        2.59078115991727
H            0.77149234791588       -0.42681567304629       -0.50500706164008
H           -1.90237921462787       -0.14080813491039        1.85910401991773
H           -3.07754315530687        0.55352083178428       -1.53072053526376
H           -3.18554615269055        2.88152246506621       -0.51144488299700
H           -4.00215036822756        2.17592131833195        0.89779753353126
H           -4.99367606486479        2.22711806321352       -1.73606941190811
H           -4.09442325204932       -0.18761759184879        1.25101631436819
H           -5.57651288150734        0.16966495948545       -0.53059339612280
H           -3.30556767897043       -2.27130416937138       -0.77214083442970
H           -4.38067095935104       -2.77797335726160        1.19613392830216
H           -1.12944490783183       -2.33256306163871        0.85129305755446
H           -1.22928430170340       -0.84393819227215       -1.54375806290620
H            1.75804411545545        2.03859453327048        1.00339842496480
H           -0.29855015626867        2.01100950014611       -0.33372182090670
H            2.55068300963312        1.05486481426835       -1.78558201839351
H            2.70032047491567        3.31219966015167       -1.23803261609908
48
 energy: -84.803249303771 gnorm: 0.001945683704 xtb: 6.7.1 (edcfbbe)
C            6.00443952016752       -0.33348961210040       -0.59727450140550
O            4.85459717418986        0.31745297507371       -1.10439422123526
C            3.85851900961245        0.51040026231733       -0.17286759592846
O            3.29653299702860       -0.75036216398412        0.14827812884128
C            2.22113112117082       -0.68754929639980        1.04922859243550
C            1.82523215985148       -2.12187759727373        1.41891648875693
O            1.08317329281048       -2.17395981515273        2.60787937957938
C            1.06047205970389        0.09579431022760        0.40629582272043
O           -0.04059276801946        0.16206133784544        1.32906138365330
C           -1.32341361629256       -0.16461714055314        0.92360475093584
O           -1.78022123266915        0.85521923072930        0.03732844228705
C           -3.11136441990567        0.72423158146751       -0.44253639629614
C           -3.83606613075816        2.06212513569665       -0.18597634764851
O           -5.10745993923968        2.10322333391572       -0.78766344543336
C           -3.88760511085559       -0.43800902936135        0.20075892070142
O           -5.08962028724196       -0.66907931184058       -0.48609407955384
C           -3.08744085076050       -1.75891129230113        0.18490229883854
O           -3.44197552742758       -2.55864362467913        1.28057469254062
C           -1.56179234974509       -1.52790309882998        0.25057455711699
O           -0.97016129057659       -1.61748185384737       -1.01678134371710
C            1.53785326137218        1.50982530759135        0.06427696551653
O            0.58603228120282        2.23897333734644       -0.67258019284371
C            2.81625499119834        1.45478434704934       -0.78656605005786
O            3.38870718552015        2.72945528256086       -0.87950893215248
H            5.75821151234211       -1.33302398466016       -0.23113993808014
H            6.45379747967028        0.25158064698721        0.21302276837340
H            6.69898300285205       -0.40245189671638       -1.43090861964004
H            4.25742215451167        0.97741519087620        0.75342410853635
H            2.52830035240145       -0.16139871512641        1.97106548734712
H            2.73456259791745       -2.70224277915719        1.58844173896438
H            1.27678004100653       -2.57270440648475        0.58068308661655
H            0.41996313333697       -1.47222839696700        2.57747179303938
H            0.77110383549159       -0.42165689429062       -0.51202391894781
H           -1.89788885350282       -0.13795858797611        1.86273654264785
H           -3.07685538336726        0.54741396007690       -1.53165113573340
H           -3.19565767359622        2.88083882534862       -0.53253335881401
H           -4.00173653647517        2.18435062236946        0.88751062831227
H           -5.00951594337442        2.20874891885908       -1.74116614537196
H           -4.09587398447181       -0.18098371391821        1.25297071526077
H           -5.58153444176925        0.16723737605452       -0.52526148135316
H           -3.31148486222884       -2.27335770025589       -0.76240911192064
H           -4.38036066167611       -2.77192786021761        1.21189621232433
H           -1.13204761933095       -2.32939102222271        0.85594735270719
H           -1.24552140954415       -0.86138891032633       -1.55168012260370
H            1.76170319864817        2.03612086307651        1.00767193399329
H           -0.29338818597300        2.01675852791097       -0.33090363606798
H            2.56178034310214        1.06613762127736       -1.78388604652009
H            2.70402128409741        3.32244645213244       -1.21522899118921
48
 energy: -84.803267713294 gnorm: 0.001277191386 xtb: 6.7.1 (edcfbbe)
C            6.00418311565231       -0.33493552237357       -0.59626270924265
O            4.85645573331428        0.32073661327048       -1.10209926559808
C            3.85950492157511        0.51216591467602       -0.17104904504792
O            3.29646615105461       -0.74898172680857        0.14615878953615
C            2.22068906288916       -0.68770843067357        1.04664713935840
C            1.82569621084138       -2.12312738083682        1.41286807507329
O            1.08173185496351       -2.17926765297340        2.60062329837371
C            1.05992567852564        0.09657323960449        0.40516815518732
O           -0.03984673418874        0.16181624362498        1.32973514882958
C           -1.32276615883269       -0.16518913494665        0.92512899627899
O           -1.78058354375115        0.85560819148680        0.03911383164854
C           -3.11053447513878        0.72339652541306       -0.44320743481042
C           -3.83501007353766        2.06223440557084       -0.19178611775345
O           -5.10804366938829        2.10005177543331       -0.79012685195591
C           -3.88743874204329       -0.43697725130489        0.20255068495120
O           -5.09042976084101       -0.66932943070473       -0.48227101252216
C           -3.08813765724177       -1.75835097008661        0.18859422077638
O           -3.44156442853158       -2.55499764959674        1.28690616150173
C           -1.56207464039799       -1.52825602633580        0.25158337219074
O           -0.97181832802838       -1.61772292208111       -1.01626410299120
C            1.53786020620353        1.51124993529385        0.06502839352044
O            0.58676090395307        2.24062380465952       -0.67352399346695
C            2.81812326659104        1.45824253039584       -0.78358196065018
O            3.39036651693727        2.73353013305892       -0.87216112547728
H            5.75505221576081       -1.33498284845813       -0.23349033375873
H            6.45476350240203        0.24621958400747        0.21616220565791
H            6.69896312083918       -0.40321166362154       -1.42977514205051
H            4.25781252397007        0.97638943362608        0.75688953559268
H            2.52703601777683       -0.16339325138062        1.96953744052752
H            2.73593704148682       -2.70251734526515        1.58267819543529
H            1.27903639501477       -2.57339815870897        0.57291003666177
H            0.41950057129036       -1.47648378100942        2.57252684982648
H            0.76887517382481       -0.41813956465028       -0.51384786446241
H           -1.89668768761731       -0.13860206471220        1.86441866462299
H           -3.07431006591469        0.54364771816191       -1.53192635511732
H           -3.19592419269590        2.87923031012919       -0.54455659679943
H           -3.99769556512014        2.19006739977675        0.88142487946062
H           -5.01278673643255        2.19854966549000       -1.74465237378173
H           -4.09437617423760       -0.17757155540843        1.25444908153422
H           -5.58195017688296        0.16722269941835       -0.52218537889018
H           -3.31389492564590       -2.27530571447449       -0.75697530732598
H           -4.38026025025918       -2.76762411212751        1.22039054310178
H           -1.13224487972489       -2.33121076987857        0.85557687769648
H           -1.25360721722902       -0.86656330476778       -1.55390372436672
H            1.75955131082130        2.03783303562202        1.00888558755653
H           -0.29281373066443        2.01855023141434       -0.33190252709812
H            2.56561140700947        1.07245762037246       -1.78250917189140
H            2.70489182198570        3.32744796492362       -1.20441059040635
48
 energy: -84.803288816526 gnorm: 0.000811214162 xtb: 6.7.1 (edcfbbe)
C            6.00214138893601       -0.33643480128479       -0.59467567767398
O            4.85824776147790        0.32757249303837       -1.09832017630426
C            3.85943531013173        0.51489234450671       -0.16836952016465
O            3.29507637678797       -0.74726762317894        0.14144961252539
C            2.22002976857334       -0.68834872134982        1.04266187476486
C            1.82611833279456       -2.12521611185346        1.40442735878005
O            1.08039009840058       -2.18688768286961        2.59079503651384
C            1.05871248980599        0.09689213981146        0.40427131283939
O           -0.03889485300523        0.16024464169600        1.33172139329440
C           -1.32117121768091       -0.16673139750060        0.92780724790919
O           -1.78007244080779        0.85620506788763        0.04314491447124
C           -3.10769253442883        0.72180842989068       -0.44376730621686
C           -3.83102298197603        2.06262650132496       -0.20095980008533
O           -5.10616132113499        2.09656081417578       -0.79487713612855
C           -3.88600181526513       -0.43539621699137        0.20575560768035
O           -5.09065887560617       -0.66860617303031       -0.47585872015810
C           -3.08837637812094       -1.75774592448781        0.19432883896786
O           -3.43956306598155       -2.54956884886786        1.29686321576414
C           -1.56188053633071       -1.52868760791614        0.25245566161067
O           -0.97473759475752       -1.61695936476728       -1.01703780439408
C            1.53589718495664        1.51271281567103        0.06579099982971
O            0.58569360833886        2.24006965225724       -0.67752021795470
C            2.81933230488565        1.46369148089322       -0.77863584636642
O            3.39092467585676        2.73995491842399       -0.85957776120318
H            5.74791123586244       -1.33773012548664       -0.23874740398273
H            6.45409546347860        0.23734079270032        0.22225251649394
H            6.69790969379988       -0.40263190871617       -1.42754810284774
H            4.25587522414256        0.97404836234567        0.76280652280086
H            2.52647587596912       -0.16634262281070        1.96645332812870
H            2.73706384979575       -2.70382545206194        1.57361018173102
H            1.28142658767492       -2.57344854844801        0.56201131622623
H            0.41923158879702       -1.48301920726485        2.56629956302695
H            0.76487273245344       -0.41445254697947       -0.51521951304264
H           -1.89548899586774       -0.14108129255903        1.86659593221667
H           -3.06843875705464        0.53703419902116       -1.53178804368590
H           -3.19278591136329        2.87623537095072       -0.56301625860734
H           -3.98928810036613        2.19943565086783        0.87170974869281
H           -5.01393142518490        2.18317954459732       -1.75090375422982
H           -4.09062860243491       -0.17243054364467        1.25724995067168
H           -5.58097137060544        0.16862793456696       -0.51712007563408
H           -3.31719813894941       -2.27847661527096       -0.74839798126270
H           -4.37895881815684       -2.76032735462377        1.23420253368124
H           -1.13056028595390       -2.33354440884997        0.85346312306792
H           -1.26548299587211       -0.87125430285981       -1.55717404253111
H            1.75193970628590        2.04072876709998        1.01010206080839
H           -0.29400077948371        2.01884286524899       -0.33581863373649
H            2.56980405847418        1.08271740390653       -1.78011863667693
H            2.70535738894613        3.33498995527005       -1.18929026027287
48
 energy: -84.803300020620 gnorm: 0.001017837072 xtb: 6.7.1 (edcfbbe)
C            6.00007281103331       -0.33689592224909       -0.59342518309801
O            4.85948768541753        0.33407094534554       -1.09533944305860
C            3.85889114606000        0.51713230906169       -0.16649743065645
O            3.29388133316893       -0.74619451037610        0.13683627375609
C            2.21971499520620       -0.68974560514591        1.03908264728613
C            1.82577455322125       -2.12765807056590        1.39714537458199
O            1.07968626996997       -2.19281623988398        2.58297899056221
C            1.05804735942960        0.09678027737639        0.40350456625888
O           -0.03797965398333        0.15900120075557        1.33296667349805
C           -1.31989520673768       -0.16732827115267        0.92956436242224
O           -1.77945078145302        0.85705487308370        0.04640503326569
C           -3.10525518080126        0.72035232252450       -0.44423425655908
C           -3.82779394678840        2.06280055467535       -0.20868401532180
O           -5.10396530139794        2.09438848182543       -0.80025431120195
C           -3.88481919150424       -0.43412667863235        0.20860717762931
O           -5.09036287749290       -0.66783413856467       -0.47114416255525
C           -3.08834626838060       -1.75730449694607        0.19957694856963
O           -3.43731342233687       -2.54526392717126        1.30559887640588
C           -1.56179398323614       -1.52890012616653        0.25366536462383
O           -0.97743593821179       -1.61720840286536       -1.01736326435324
C            1.53391160877086        1.51356217473855        0.06635629256682
O            0.58419586108065        2.23896909140423       -0.68023886852485
C            2.81976745546609        1.46835620806616       -0.77459318340553
O            3.39099334736198        2.74522029755666       -0.84850556719570
H            5.74149318042446       -1.33941197917706       -0.24410188492659
H            6.45225932882231        0.23028129560924        0.22798317075084
H            6.69730011288403       -0.40051767962935       -1.42526325585092
H            4.25340102185814        0.97203665795023        0.76758160802378
H            2.52691495159385       -0.16989701818686        1.96379383448876
H            2.73653348760263       -2.70692106375128        1.56489240308625
H            1.28139583676632       -2.57309107789132        0.55302261482345
H            0.41975758527594       -1.48764348676677        2.56148133605017
H            0.76222654946564       -0.41286674458459       -0.51620474798800
H           -1.89428761312834       -0.14248899144314        1.86839197639933
H           -3.06353707377585        0.53097525157538       -1.53148987944455
H           -3.18958818693818        2.87361007226546       -0.57702096182551
H           -3.98344415575709        2.20633664630425        0.86340021099052
H           -5.01310300312669        2.17224875338988       -1.75713703928383
H           -4.08795352969739       -0.16814253595207        1.25965271191653
H           -5.57995215165290        0.16980642432851       -0.51363120174313
H           -3.31973137613807       -2.28101041467993       -0.74085253380243
H           -4.37727152793352       -2.75451473807460        1.24638589768767
H           -1.12884305395083       -2.33404406632803        0.85326174106823
H           -1.27225687427069       -0.87410845252454       -1.55832226359713
H            1.74544512198113        2.04194021820715        1.01150172335887
H           -0.29576381739942        2.01804078079178       -0.33892645970859
H            2.57248796363037        1.09176353332357       -1.77827960480408
H            2.70649945975268        3.34120301125659       -1.17864111191161
48
 energy: -84.803308548777 gnorm: 0.000823416408 xtb: 6.7.1 (edcfbbe)
C            5.99841324027773       -0.33659928581734       -0.59250086768321
O            4.86041300439267        0.33960092597514       -1.09322624791178
C            3.85824396985006        0.51886742937207       -0.16545176368562
O            3.29302243069352       -0.74553325770481        0.13268677747182
C            2.21967087169816       -0.69137175722326        1.03596597510805
C            1.82512514059258       -2.12987057271915        1.39113388326151
O            1.07997414240387       -2.19693396151242        2.57733559947482
C            1.05765958066946        0.09634548752315        0.40284884914102
O           -0.03721289616005        0.15798471199565        1.33371422639525
C           -1.31922117463055       -0.16739333674548        0.93082010813851
O           -1.77914006148530        0.85779626572525        0.04913861940913
C           -3.10363046148094        0.71910094436009       -0.44442432030817
C           -3.82558644838105        2.06282564637870       -0.21462919446162
O           -5.10170665828971        2.09316737281047       -0.80610976192199
C           -3.88423714091597       -0.43325573696484        0.21090392537350
O           -5.09003202216117       -0.66729115898542       -0.46809638897340
C           -3.08850102634204       -1.75705148898644        0.20402124534582
O           -3.43561990816152       -2.54189383328863        1.31282671946442
C           -1.56203196066238       -1.52882499024107        0.25509160275377
O           -0.97935999322995       -1.61787970968484       -1.01684436075196
C            1.53237786322678        1.51379518304325        0.06676666197642
O            0.58270209832277        2.23752168398301       -0.68144356734984
C            2.81986683118345        1.47202147265555       -0.77174404400774
O            3.39103956020541        2.74916494933742       -0.83959099986867
H            5.73664756126999       -1.34039570844798       -0.24939645205755
H            6.44983512704666        0.22495992101186        0.23315751504818
H            6.69743171284448       -0.39713886035027       -1.42303677205225
H            4.25095708697339        0.97050228415441        0.77097526383884
H            2.52777981002536       -0.17354737146046        1.96152179573211
H            2.73532560198169       -2.71039304573362        1.55675270736247
H            1.27979276006456       -2.57269368536834        0.54635096363368
H            0.42090590492353       -1.49100855708117        2.55814335165142
H            0.76064194264444       -0.41260367466631       -0.51694320039451
H           -1.89323340680957       -0.14326336627153        1.87002778993284
H           -3.05995739436729        0.52590194253703       -1.53092943600271
H           -3.18670514923102        2.87154554955180       -0.58633938947546
H           -3.98072162851545        2.21081708560700        0.85684439290317
H           -5.01070973256658        2.16557362711576       -1.76331114464379
H           -4.08670803788304       -0.16486187011136        1.26144500326233
H           -5.57921090797115        0.17053131790518       -0.51187432033154
H           -3.32183831202729       -2.28304456045358       -0.73461864910291
H           -4.37591016486235       -2.75033775033757        1.25636360087610
H           -1.12779824364163       -2.33329686725925        0.85451789500367
H           -1.27489326026009       -0.87508615270677       -1.55798396582875
H            1.74075985734272        2.04192345670890        1.01271915550367
H           -0.29741608481931        2.01658353071681       -0.34050168582616
H            2.57434809616369        1.09916917766561       -1.77722103852878
H            2.70844279013790        3.34586733689861       -1.17236887770507
48
 energy: -84.803316587200 gnorm: 0.000687207931 xtb: 6.7.1 (edcfbbe)
C            5.99715162327660       -0.33569997214870       -0.59182893565196
O            4.86128449996968        0.34479551925781       -1.09154664582372
C            3.85756880691836        0.52036677515202       -0.16484966741713
O            3.29236424769165       -0.74508560422897        0.12858247460575
C            2.21985126029273       -0.69331036791611        1.03297434042021
C            1.82463056029036       -2.13229023633783        1.38542889043647
O            1.08160604267519       -2.20080025970049        2.57285615406673
C            1.05757606343430        0.09571623422196        0.40209667430735
O           -0.03633098392110        0.15692799356976        1.33404136112136
C           -1.31889103724307       -0.16749360788073        0.93205921226537
O           -1.77914504735381        0.85832202717222        0.05196141440176
C           -3.10252010378565        0.71788806117381       -0.44441014796504
C           -3.82413501189268        2.06269351515868       -0.22004456924585
O           -5.09921184746749        2.09246784289569       -0.81362583475951
C           -3.88436940920407       -0.43240006447846        0.21304113100374
O           -5.09001519402408       -0.66680454117105       -0.46594472329710
C           -3.08922739979220       -1.75673182539162        0.20854264002776
O           -3.43458589472703       -2.53857616389122        1.31997000651779
C           -1.56277669898720       -1.52898958672354        0.25698757482882
O           -0.98192577351889       -1.61910238921889       -1.01573969859300
C            1.53097323516490        1.51384175269665        0.06709575998480
O            0.58105847031360        2.23619938982206       -0.68178128307483
C            2.81980076791802        1.47528145887042       -0.76941974833263
O            3.39108067822999        2.75257416333124       -0.83141892713627
H            5.73309361102208       -1.34117308758556       -0.25561163734775
H            6.44674431208823        0.22027269180159        0.23857510882475
H            6.69849838570488       -0.39196609854711       -1.42069291266949
H            4.24853518715338        0.96916834475650        0.77369144846516
H            2.52895907052438       -0.17762667516254        1.95943487725198
H            2.73416531537884       -2.71456020063804        1.54799333549917
H            1.27707190008745       -2.57227961213316        0.54064774020229
H            0.42332679988727       -1.49399183576401        2.55615661540137
H            0.75969829803187       -0.41271621469728       -0.51786060553596
H           -1.89185088296622       -0.14382573249075        1.87209972232127
H           -3.05693198743132        0.52114718736091       -1.53016538047251
H           -3.18380786338027        2.86963873238268       -0.59312125408839
H           -3.98071545980775        2.21402656867160        0.85072967891683
H           -5.00664360110955        2.16125858110919       -1.77088747472691
H           -4.08674482052669       -0.16182254654216        1.26301779606458
H           -5.57873736319062        0.17116294492238       -0.51174294654849
H           -3.32425213335150       -2.28489784256096       -0.72841996457692
H           -4.37502828024357       -2.74687371866140        1.26590209801091
H           -1.12783091224813       -2.33281131572889        0.85651855187545
H           -1.27443889659380       -0.87423081013345       -1.55552847777520
H            1.73722206967598        2.04128498547675        1.01389279522944
H           -0.29910488448766        2.01508245994297       -0.34098312329994
H            2.57584001687606        1.10608408777795       -1.77656295562381
H            2.71111517465767        3.34985573533909       -1.16862330895327
48
 energy: -84.803323249688 gnorm: 0.000459897182 xtb: 6.7.1 (edcfbbe)
C            5.99660081017482       -0.33453298530734       -0.59153139104541
O            4.86224963326347        0.34913337946196       -1.09038670259085
C            3.85728108769678        0.52165827399654       -0.16453844524040
O            3.29215888774138       -0.74465770261184        0.12500423552638
C            2.22008476180215       -0.69507309719458        1.03007437797845
C            1.82459569777567       -2.13448971679693        1.38017323700536
O            1.08428630658683       -2.20444735543259        2.56928503460382
C            1.05738308455825        0.09498628702165        0.40132041563557
O           -0.03558528244849        0.15567069924835        1.33435327656138
C           -1.31902978296590       -0.16784811081058        0.93361055533021
O           -1.77972617066110        0.85858003966666        0.05502456888002
C           -3.10207367472587        0.71678637253874       -0.44412473875542
C           -3.82349813137763        2.06255115513518       -0.22491639733855
O           -5.09678481236762        2.09185663668698       -0.82229545551028
C           -3.88515918610123       -0.43166445363493        0.21494693912675
O           -5.09044763298895       -0.66640401575280       -0.46444670413419
C           -3.09070620346108       -1.75651232985392        0.21297752696980
O           -3.43471795630376       -2.53526957357504        1.32699741173143
C           -1.56410396148562       -1.52915783637371        0.25902997209494
O           -0.98448614414336       -1.62026334681942       -1.01412915737429
C            1.53016610565626        1.51366188945473        0.06754658023670
O            0.57990006346991        2.23510811117070       -0.68132665158864
C            2.81999037058231        1.47802093071356       -0.76764479754186
O            3.39140236649524        2.75546538678689       -0.82457110373502
H            5.73136307058066       -1.34199862184505       -0.26234731128254
H            6.44369979267611        0.21620663947205        0.24368948347818
H            6.70045669523590       -0.38570240008660       -1.41859677626393
H            4.24689282881517        0.96818230230494        0.77568843223988
H            2.52970690324261       -0.18123963546151        1.95737924878104
H            2.73389072397198       -2.71787775347216        1.53942956462979
H            1.27463429947527       -2.57244583567539        0.53599440039253
H            0.42609925883923       -1.49769163950858        2.55483841350616
H            0.75895564899188       -0.41280609762857       -0.51892343743211
H           -1.89050172868045       -0.14452596478335        1.87466744678175
H           -3.05451702557986        0.51693351455750       -1.52920147022853
H           -3.18148853567406        2.86827656438515       -0.59782077058661
H           -3.98319555361729        2.21631055633847        0.84506598304756
H           -5.00155531699841        2.15842007716271       -1.77946720357827
H           -4.08785441461658       -0.15895377316123        1.26431128364755
H           -5.57840009777388        0.17183800913445       -0.51302224072253
H           -3.32715740939636       -2.28684349145296       -0.72238306301275
H           -4.37515061938279       -2.74402310367438        1.27475885211893
H           -1.12885551474149       -2.33253488279067        0.85883547200419
H           -1.27307732963841       -0.87240133537673       -1.55255325506059
H            1.73502809807376        2.04031545530300        1.01507176161173
H           -0.30013701493769        2.01414134423652       -0.34006779135045
H            2.57741555120152        1.11202438861809       -1.77623214067830
H            2.71396236310214        3.35323378903696       -1.16606028977613
48
 energy: -84.803328279898 gnorm: 0.000453189473 xtb: 6.7.1 (edcfbbe)
C            5.99669068549505       -0.33327159064227       -0.59171770282386
O            4.86296127417960        0.35196715210298       -1.08980559714621
C            3.85722650800826        0.52245808359902       -0.16440520202516
O            3.29215057203315       -0.74438957371908        0.12254129572247
C            2.22027988186979       -0.69648667194994        1.02796691526785
C            1.82505858352214       -2.13641157443214        1.37617238171703
O            1.08728070596800       -2.20801780364640        2.56685502634471
C            1.05734501522045        0.09437995241329        0.40058775116975
O           -0.03487387815156        0.15454090526325        1.33445354380070
C           -1.31918089138445       -0.16845375699840        0.93513764219659
O           -1.78042599570913        0.85866813713993        0.05778218514802
C           -3.10189786957262        0.71592177539397       -0.44372663796984
C           -3.82354157523027        2.06221133714890       -0.22879236482249
O           -5.09459883467619        2.09128935898290       -0.83098582500263
C           -3.88632524776137       -0.43090815541212        0.21643148459261
O           -5.09125209740549       -0.66600129556052       -0.46349682130026
C           -3.09246252984354       -1.75612008979111        0.21681467659175
O           -3.43549535949176       -2.53217137619118        1.33301344904701
C           -1.56559342133659       -1.52960963977265        0.26099975146929
O           -0.98758900353190       -1.62119880749513       -1.01270585636528
C            1.52963507504512        1.51356738561559        0.06799543585841
O            0.57912216488256        2.23485116065240       -0.68060308884343
C            2.82012606371759        1.47976999252876       -0.76635152961399
O            3.39156843623153        2.75734231715194       -0.81990256798543
H            5.73156307394097       -1.34268898751053       -0.26856532143059
H            6.44109486041530        0.21337736116554        0.24757543682266
H            6.70275284885122       -0.37935384251008       -1.41720492036666
H            4.24610800439621        0.96743912599422        0.77687040466315
H            2.53010759412745       -0.18407905015064        1.95600721610737
H            2.73443848354031       -2.72053014058378        1.53243052399658
H            1.27283864416669       -2.57269089040235        0.53256368991076
H            0.42896994260763       -1.50119881187452        2.55459588403262
H            0.75837440295693       -0.41245230451770       -0.52004198533207
H           -1.88915116385310       -0.14522038077394        1.87714176148044
H           -3.05263310220135        0.51375966245861       -1.52830902571281
H           -3.17974293068389        2.86712684809768       -0.60036560524310
H           -3.98727154924617        2.21748649532032        0.84039393631339
H           -4.99594103818102        2.15676976292628       -1.78790869614061
H           -4.08947623161836       -0.15655272543819        1.26529002948985
H           -5.57810119171038        0.17267866631349       -0.51537956050778
H           -3.33000969482580       -2.28842969490949       -0.71710839739517
H           -4.37581391959697       -2.74168528886936        1.28189608181605
H           -1.13044546988005       -2.33324413854832        0.86051998363244
H           -1.27140458913447       -0.86984484422400       -1.54877694814243
H            1.73390906306976        2.03946267465288        1.01606534025673
H           -0.30069184919652        2.01449266401642       -0.33836054053730
H            2.57844232163155        1.11601250766613       -1.77589154511667
H            2.71587013823232        3.35543485287650       -1.16420890855106
48
 energy: -84.803332055144 gnorm: 0.000420455129 xtb: 6.7.1 (edcfbbe)
C            5.99718402913446       -0.33205962270111       -0.59226954502023
O            4.86339091213644        0.35353133893760       -1.08973429947391
C            3.85738534957686        0.52286779377852       -0.16437775240201
O            3.29232806114506       -0.74427344831417        0.12105010336432
C            2.22029040423698       -0.69747978019349        1.02637105247108
C            1.82555826955364       -2.13784945531267        1.37317316698711
O            1.08962493332534       -2.21108053154079        2.56495296199938
C            1.05707663530253        0.09390236224986        0.40015233751565
O           -0.03452635931914        0.15357513392732        1.33480123850523
C           -1.31949273427405       -0.16901524329014        0.93670478148685
O           -1.78125962580163        0.85874683968242        0.06017549441325
C           -3.10194005185556        0.71532973814717       -0.44327162948663
C           -3.82386225187016        2.06200757838136       -0.23187514871988
O           -5.09273313133711        2.09069252335257       -0.83882119340796
C           -3.88729225520169       -0.43036725036086        0.21759437056800
O           -5.09189277798344       -0.66568714064102       -0.46282575564884
C           -3.09406343801812       -1.75591339395441        0.22002955177671
O           -3.43651105469193       -2.52955363425234        1.33813274032289
C           -1.56695564743512       -1.52982430444324        0.26258563072768
O           -0.99001383196511       -1.62161293775291       -1.01151912214453
C            1.52964347028719        1.51335801840536        0.06864450077628
O            0.57903674960175        2.23500899050529       -0.67950509434843
C            2.82034490937961        1.48074060979431       -0.76554814094765
O            3.39174806522492        2.75844916856835       -0.81730103144999
H            5.73305153328092       -1.34322040056031       -0.27377847688988
H            6.43919113694112        0.21173256798922        0.25010369640884
H            6.70491094723230       -0.37364318303804       -1.41656787795589
H            4.24610725944023        0.96689780050067        0.77743033697583
H            2.52984817927610       -0.18593760318486        1.95494880296121
H            2.73535557363632       -2.72188424503548        1.52729160879797
H            1.27208160349397       -2.57334353890969        0.53001496929717
H            0.43065914605667       -1.50497362256291        2.55423175988333
H            0.75767079601090       -0.41193917374813       -0.52082880745881
H           -1.88834544715139       -0.14574651086612        1.87936837259828
H           -3.05123889196943        0.51142426756669       -1.52749818877427
H           -3.17862605868492        2.86660249121585       -0.60169206746798
H           -3.99171448576165        2.21814621997402        0.83657005614144
H           -4.99065418439092        2.15552795238342       -1.79548079523163
H           -4.09094431755325       -0.15459437294178        1.26601538450079
H           -5.57740347465858        0.17356055303106       -0.51809561389030
H           -3.33239233334118       -2.28997968074139       -0.71266201323526
H           -4.37670249067202       -2.73979816224334        1.28765920290405
H           -1.13185195423251       -2.33380169041124        0.86178589753041
H           -1.27101130933816       -0.86793228088067       -1.54613829277271
H            1.73375648774319        2.03857057051819        1.01711605387240
H           -0.30053686026501        2.01574909957949       -0.33593587987624
H            2.57909060807467        1.11822183017459       -1.77561398915537
H            2.71662481752620        3.35686450295839       -1.16207617795885
