48
 energy: -84.796858089397 gnorm: 0.072625935410 xtb: 6.7.1 (edcfbbe)
C            5.64714895190833       -0.42605091401122        0.29679392104740
O            4.75460342240598        0.63038837069566        0.59251573522333
C            3.52343106499076        0.22735359539957        1.06053747032524
O            2.78159098314904       -0.29726103294396       -0.02481748879352
C            1.48320577102184       -0.73792967922825        0.31784887432098
C            0.94786001222861       -1.43967742144849       -0.93248139967422
O            1.80484734277487       -2.46500323704507       -1.34312604993265
C            0.62793847905708        0.44560961929015        0.80194846358602
O           -0.64789477261641       -0.02161300392765        1.20596107234790
C           -1.74134321349764        0.80266906803096        0.89168210843961
O           -1.80339855939684        1.21188292685453       -0.44662935995587
C           -2.18772389531133        0.23162876146910       -1.40210526822517
C           -2.37034851685105        0.97386595707279       -2.73577198828776
O           -2.60926199737399        0.09042742586079       -3.80491769491948
C           -3.46779063603018       -0.52200896060062       -1.00744089049931
O           -3.71735913334906       -1.60124954391054       -1.87345753041806
C           -3.30548129707072       -1.08156210900395        0.40852529723142
O           -4.47367515479330       -1.72985551510333        0.84683292652975
C           -3.02275696220767        0.08952418528330        1.34931624256279
O           -2.88893147961637       -0.31247934174496        2.67705690103259
C            1.33690699119787        1.14800300707911        1.97092304281775
O            0.69707063502644        2.34112007469165        2.35924030665031
C            2.81339511738130        1.44808159188205        1.65537028642490
O            3.48291542984632        1.82645412365830        2.82536785251001
H            5.27093278486059       -1.04685889357842       -0.52113247034319
H            5.81429696440655       -1.05206809332360        1.17996040884600
H            6.57973859519890        0.04756574650332       -0.00018904218397
H            3.62126930939312       -0.55033175577425        1.84604974639136
H            1.54581745164121       -1.47088122529199        1.13889500012103
H            0.83874927453714       -0.69024714515259       -1.73162261771828
H           -0.01274559262913       -1.90540056813463       -0.70864339986027
H            2.69892512235885       -2.09951664032783       -1.34853617580408
H            0.51236524361647        1.15786732714216       -0.03028287083005
H           -1.65072831537924        1.74918657183780        1.44968461469032
H           -1.39279740111031       -0.51877942465682       -1.51426895245915
H           -1.48824015746911        1.59820356007410       -2.91708609163975
H           -3.24514303900985        1.62461664032368       -2.67480624854361
H           -1.80833714546135       -0.41659022595314       -3.98496956206855
H           -4.32065507032596        0.17744089649109       -1.01098826864716
H           -3.70815434080218       -1.26180344360235       -2.78219817869824
H           -2.45347280677738       -1.77832872683056        0.43045342987284
H           -4.75093052401739       -2.32209836386582        0.13685376714806
H           -3.85366993937025        0.81097787007214        1.25151128504906
H           -3.55204309047262       -0.99988230542115        2.82783363913784
H            1.27795678177450        0.49772879773990        2.85074033247203
H            0.63944832858108        2.93261497588185        1.59789568484086
H            2.86917611885187        2.25209132645396        0.90065565816188
H            2.90328971219778        2.43217283899721        3.30849865477592
48
 energy: -84.802055404014 gnorm: 0.010560807080 xtb: 6.7.1 (edcfbbe)
C            5.64525974288445       -0.42715473717389        0.29501808948503
O            4.75183356683912        0.62883992140960        0.58965681678666
C            3.51978628339266        0.22666656007360        1.05655215697192
O            2.77323180018446       -0.28685334742098       -0.03322185288887
C            1.47210365535116       -0.72908086249018        0.30082013494094
C            0.93823120042105       -1.43201428148412       -0.94664938157227
O            1.79831915709779       -2.45755420722424       -1.35182171145225
C            0.63764476550089        0.44033709729091        0.85030247325947
O           -0.64972568151077        0.00484284406946        1.25120232833576
C           -1.74044720462966        0.80682651805898        0.87958149835159
O           -1.79907525769401        1.19391702811942       -0.46366491614743
C           -2.18740330809568        0.21469013952750       -1.41294339738139
C           -2.37081749496560        0.96552757356795       -2.74149220792269
O           -2.61073407215107        0.08606798880847       -3.81299614391244
C           -3.46953221901707       -0.52907484369077       -1.01073658563387
O           -3.72415816737052       -1.60766253005875       -1.87536251869966
C           -3.30446253752972       -1.08311770672948        0.40715163831698
O           -4.47291808116462       -1.72891509854309        0.84836720440406
C           -3.02147426415390        0.09292184810350        1.34226316912625
O           -2.88894377985644       -0.30292320125726        2.67240421890154
C            1.35058578959232        1.15056601190522        2.00185672866968
O            0.70845597642899        2.34618525574594        2.37859301443469
C            2.82043555301715        1.44857022676925        1.66238228582144
O            3.49733136409625        1.82846950840531        2.82708490628372
H            5.27026530646622       -1.04818835719545       -0.52310831306720
H            5.81225591694761       -1.05276388202305        1.17850326563818
H            6.57800137708838        0.04692871042550       -0.00085374785114
H            3.61725777512305       -0.55481716568693        1.83848886676427
H            1.54263633346763       -1.47232816170011        1.11337743469780
H            0.82936302759563       -0.68354154590548       -1.74573938989507
H           -0.02005746233074       -1.90055098837341       -0.71911095991606
H            2.69283668009791       -2.09283143126446       -1.35265989944034
H            0.52019768712070        1.15521360844930        0.01793601436861
H           -1.66473877899735        1.76304989921196        1.42411289890183
H           -1.39348478194784       -0.53609567582727       -1.52412917873975
H           -1.48838824863853        1.59047888370314       -2.92012573792516
H           -3.24455125212854        1.61766929367355       -2.67662723999781
H           -1.81010468290120       -0.42148891751388       -3.99256006299683
H           -4.31916501434369        0.17459088024499       -1.01364247313143
H           -3.71167157894664       -1.26788577429474       -2.78408448039101
H           -2.45269743097377       -1.77999797594184        0.43099203079447
H           -4.75154200179472       -2.32243240710012        0.13993112092766
H           -3.85409466481771        0.81189327595681        1.24112477248314
H           -3.54945743647019       -0.99261910116800        2.82521206957328
H            1.29480537720625        0.50391121935359        2.88333233806130
H            0.64261056678246        2.92739076033942        1.60941343940178
H            2.86856838614698        2.25210880770123        0.90633142851154
H            2.91762496099251        2.43222602695196        3.31301902759030
48
 energy: -84.802877785805 gnorm: 0.005693113778 xtb: 6.7.1 (edcfbbe)
C            5.64387787369256       -0.42924432121065        0.29122964858431
O            4.75139866409553        0.62724276354099        0.58655646363474
C            3.52010041758741        0.22673485586905        1.05633050671152
O            2.76545532557728       -0.27402995744827       -0.03374890934933
C            1.46719682538175       -0.72240348134385        0.30658658190398
C            0.92811319546111       -1.40947792953164       -0.94773540258795
O            1.78625489869503       -2.43523570462525       -1.35655217747062
C            0.63756687802914        0.44811487138603        0.86847873039852
O           -0.65174957576241        0.01748584186121        1.26871909546317
C           -1.73865401926841        0.81350893467904        0.87188710927620
O           -1.78903742702069        1.17711979736915       -0.47702166933007
C           -2.18723319256348        0.19874315677252       -1.42207237457954
C           -2.37137827041362        0.95049631746547       -2.74997643225969
O           -2.61526069393905        0.07524109184870       -3.82401557737252
C           -3.47171655258133       -0.53706268849949       -1.01571814784353
O           -3.73451682865748       -1.61703873667094       -1.87645545222320
C           -3.30425173833636       -1.08328544985116        0.40494920661968
O           -4.47206950499486       -1.72697680768359        0.85092358229599
C           -3.02108747200215        0.09825185259798        1.33435486202618
O           -2.88954935242839       -0.29209418202637        2.66616090847725
C            1.36132428504753        1.14281290961420        2.02192325372784
O            0.72075224992374        2.33711036839620        2.40303412932461
C            2.82761689890281        1.44649726165391        1.67360981688100
O            3.51874283250263        1.82588570934001        2.83066130453332
H            5.26852891359983       -1.05006836369619       -0.52683930321733
H            5.81081753679266       -1.05481205898116        1.17476726286726
H            6.57673869052109        0.04464170984607       -0.00449347176851
H            3.61691838765227       -0.56250950852288        1.83041797967820
H            1.54702582016719       -1.48293694021378        1.10551081312727
H            0.81963047672224       -0.66076350499334       -1.74690954284537
H           -0.02974723563602       -1.88063472799237       -0.72347371161930
H            2.68230789371097       -2.07427171173787       -1.35473348733535
H            0.51937320331518        1.17772780485937        0.04575280244911
H           -1.67232234659471        1.78058877827741        1.40059037206387
H           -1.39969998082503       -0.55760943552941       -1.53816375314620
H           -1.48805837958827        1.57460561120703       -2.92750250880054
H           -3.24318727110655        1.60477921902304       -2.68077832700367
H           -1.81552859171435       -0.43288209404531       -4.00582490282776
H           -4.31752066671958        0.17115537981610       -1.01825411835642
H           -3.71943373968738       -1.27948940449669       -2.78603643370880
H           -2.45274170201647       -1.78054419764377        0.43157232874850
H           -4.75270782896649       -2.32260425958502        0.14500096865453
H           -3.85478258470801        0.81549776318095        1.22988117615631
H           -3.54813578530630       -0.98322437982767        2.82059233805239
H            1.31507867755228        0.49839968790055        2.90598808862605
H            0.64596187711865        2.91668871554789        1.63326534999275
H            2.86653643792379        2.25125635835140        0.91821793843256
H            2.94304932821954        2.42861077332613        3.32282425750274
48
 energy: -84.803312215118 gnorm: 0.005587876283 xtb: 6.7.1 (edcfbbe)
C            5.64387331784105       -0.43237361641975        0.28636450945794
O            4.75416901977043        0.62546809723528        0.58462096503301
C            3.52330100658401        0.22736406232910        1.05669432122414
O            2.76128956486906       -0.25929036629874       -0.03388262393137
C            1.46573843084124       -0.71130554858689        0.31362963030903
C            0.91943732925698       -1.38430339772733       -0.94544305500545
O            1.77345431689561       -2.40945398180273       -1.36591308491067
C            0.63757018044546        0.45898301425512        0.88049724483374
O           -0.65246219614810        0.02494924296830        1.27578628348038
C           -1.73657362848131        0.81702209386255        0.86175045504097
O           -1.77328008084617        1.15886182481180       -0.49297946687243
C           -2.18769265457703        0.18181805507259       -1.43343149455479
C           -2.37304059906407        0.93257526474110       -2.76195675638506
O           -2.62330308372154        0.05800090793864       -3.83496203120154
C           -3.47521436540166       -0.54401839688488       -1.02016970569101
O           -3.74739407898397       -1.62704146288551       -1.87457955108601
C           -3.30492852929417       -1.08189574092035        0.40326596055534
O           -4.47122099946445       -1.72360542621139        0.85623407092546
C           -3.02223783492503        0.10575478205444        1.32593828804679
O           -2.89178343385908       -0.27855899287323        2.65939218115581
C            1.37004250320261        1.13584841958827        2.04208380714305
O            0.73318219615767        2.32666800091378        2.44108499212439
C            2.83471582455809        1.44281357016788        1.68624026524829
O            3.53930794508650        1.81761881061468        2.83694969407448
H            5.26653305012956       -1.05145686309481       -0.53222271736261
H            5.81043390608296       -1.05945380278886        1.16888922729390
H            6.57719265917708        0.04024819835024       -0.00976089732414
H            3.61850170786465       -0.57097766097272        1.82158064624440
H            1.54980885733030       -1.48218732199628        1.10221248392988
H            0.81134850444322       -0.62914125045785       -1.73848729810241
H           -0.03910359291339       -1.85576767121011       -0.72401043705061
H            2.67071604164346       -2.05156240703555       -1.36317865155018
H            0.52390502473746        1.20108648139088        0.06801321332445
H           -1.67606645655587        1.79416654733323        1.37316711405624
H           -1.41007665169554       -0.58346391796303       -1.55709949258531
H           -1.48786309067693        1.55342531407544       -2.94161021035155
H           -3.24239979323181        1.58979322544930       -2.68982093534751
H           -1.82475331963903       -0.45055724456887       -4.02091727262344
H           -4.31738407245224        0.16844922033802       -1.02340251099892
H           -3.73114811051537       -1.29428706514299       -2.78585431535449
H           -2.45310612082982       -1.77890277268598        0.43329979041930
H           -4.75482181632936       -2.32167937004111        0.15349846666284
H           -3.85638678302486        0.82195537611032        1.21711917605729
H           -3.54900221405846       -0.97043518006491        2.81578627117635
H            1.33302252743108        0.48612240348561        2.92290722902980
H            0.64772877656492        2.91040309252224        1.67572645596213
H            2.86539881248151        2.25116079096843        0.93431083453892
H            2.97056885063357        2.42116034919521        3.33612010326377
48
 energy: -84.803602959541 gnorm: 0.004158960410 xtb: 6.7.1 (edcfbbe)
C            5.64452779128857       -0.43522916753436        0.28169317200721
O            4.75912653215537        0.62466227772940        0.58540640095042
C            3.52828890517575        0.22836661613309        1.05811863318542
O            2.76158792473358       -0.24686198693562       -0.03326819407988
C            1.46819822631188       -0.69918255058962        0.32047926754685
C            0.91318015498715       -1.36017802930215       -0.94112765814766
O            1.76203154369903       -2.38333682893782       -1.37829879837365
C            0.64001000970414        0.47043818081187        0.88671538707634
O           -0.65056545470287        0.03156407163107        1.27517831234556
C           -1.73424621358314        0.81803740892192        0.84951384898720
O           -1.75668108690610        1.14227147778905       -0.51047982681702
C           -2.19022711267863        0.16645991231673       -1.44584775882915
C           -2.37759208466905        0.91422202017480       -2.77616009616483
O           -2.63518711274258        0.03653892845744       -3.84484253639156
C           -3.48045669391758       -0.54917864006312       -1.02346243043908
O           -3.76117762027638       -1.63621514244466       -1.87036170894553
C           -3.30672066885486       -1.07954959919144        0.40207824214166
O           -4.47090220224180       -1.71983139602772        0.86266752068016
C           -3.02287025210115        0.11384825595878        1.31706513496838
O           -2.89392677399567       -0.26271217010682        2.65259197977523
C            1.37794864891373        1.12853510257772        2.05983292783937
O            0.74636026694807        2.31408278531179        2.48516601027949
C            2.84208267112831        1.43911679091777        1.69912752857818
O            3.55529162205715        1.80548644635229        2.84710393147993
H            5.26350528091710       -1.05079763632365       -0.53809111325217
H            5.81087969015106       -1.06581590499987        1.16175345473495
H            6.57868939022751        0.03505152654299       -0.01536464209245
H            3.62205124910915       -0.57750066379337        1.81522876668263
H            1.55303127412301       -1.47213716647863        1.10464101622782
H            0.80264539493743       -0.59537198923352       -1.72459238877896
H           -0.04529583179808       -1.83094539445654       -0.71854799081178
H            2.65963013121560       -2.02649698631337       -1.37777598157208
H            0.53323639742975        1.22109223402870        0.08317572847469
H           -1.67615244095566        1.80287355614702        1.34545787786518
H           -1.42324874930627       -0.60831935655515       -1.57759312121450
H           -1.49008670142051        1.53015488334775       -2.96072588824346
H           -3.24413869700197        1.57497681258292       -2.70355173482352
H           -1.83781232239453       -0.47213843257506       -4.03578554036389
H           -4.31968340813944        0.16662677405116       -1.02825634350791
H           -3.74558763023101       -1.30985598715992       -2.78384813158970
H           -2.45401422834691       -1.77543209992194        0.43489934147852
H           -4.75783821925600       -2.32023242879539        0.16324058600707
H           -3.85593684209306        0.83050009178759        1.20320670985973
H           -3.55042785931266       -0.95464688360654        2.81161502306994
H            1.34679861361771        0.46567075490803        2.93119011151064
H            0.65028962837290        2.90770006079352        1.72889013479903
H            2.86711922004598        2.25288436101939        0.95283366699552
H            2.99426248707611        2.41080279764768        3.35259234093242
48
 energy: -84.803787559588 gnorm: 0.003154153399 xtb: 6.7.1 (edcfbbe)
C            5.64591576238823       -0.43658084514650        0.27795839126544
O            4.76566229436686        0.62535196052066        0.58996140326459
C            3.53442944335160        0.22929801634803        1.06143446020113
O            2.76629132929128       -0.23916648515070       -0.03112868547283
C            1.47368394093358       -0.68896734626886        0.32523625217766
C            0.91037044680242       -1.34195826140493       -0.93652581036248
O            1.75483680075861       -2.36096091451113       -1.39210031663826
C            0.64460423055054        0.48019816269373        0.88772999494477
O           -0.64667476130906        0.03791816443592        1.26960691576066
C           -1.73145972263107        0.81830577193618        0.83708047685423
O           -1.74428209056475        1.13067802045996       -0.52695662683367
C           -2.19456017148859        0.15521516524031       -1.45705343216622
C           -2.38509815724362        0.89803911879253       -2.79007185025951
O           -2.64974430346706        0.01442596337170       -3.85235282272166
C           -3.48635295584644       -0.55215626803158       -1.02528853043075
O           -3.77365861240517       -1.64323178557867       -1.86493046840055
C           -3.30865729490256       -1.07648264012766        0.40156775955305
O           -4.47080895721617       -1.71530664686547        0.86912476706575
C           -3.02168118037676        0.12173913685206        1.30866511619821
O           -2.89444906245372       -0.24583768368058        2.64668498541813
C            1.38424472558570        1.12144809041694        2.07204238033060
O            0.75738874756676        2.30014863102222        2.52455515717989
C            2.84873665346904        1.43568922057553        1.71133917169624
O            3.56378153117390        1.79174633870801        2.86083559973457
H            5.25955033977901       -1.04676501926281       -0.54360806497613
H            5.81245274874049       -1.07249521527047        1.15417678119277
H            6.58108816122048        0.03091513912449       -0.02025908902798
H            3.62753999034128       -0.58099157776556        1.81380781956521
H            1.55674084411825       -1.45919002147969        1.10990746679780
H            0.79338112139810       -0.56758619179729       -1.70970596867015
H           -0.04660682000234       -1.81268324746005       -0.70884256962273
H            2.65172945732855       -2.00255334107202       -1.39650377207527
H            0.54454485698542        1.23550286424867        0.09044158814278
H           -1.67363194025050        1.80788769493446        1.32224900550131
H           -1.43589941759269       -0.62682627000760       -1.59453018614629
H           -1.49573544635330        1.50898081441266       -2.98150484691470
H           -3.24914104581360        1.56206122699814       -2.71907515922076
H           -1.85344385120278       -0.49426640483765       -4.04782523255841
H           -4.32365993995403        0.16574187924414       -1.03168967753513
H           -3.76043702143462       -1.32335690211733       -2.78065675768063
H           -2.45522739897458       -1.77135514157123        0.43540378268433
H           -4.76103169372401       -2.31760305682746        0.17268789564971
H           -3.85224985059011        0.84045785312129        1.18976182832621
H           -3.55082252591667       -0.93722034316530        2.80897197908440
H            1.35479542887950        0.44115583232332        2.93011343075789
H            0.65359083187771        2.90714478126425        1.78013010098963
H            2.87183696169646        2.25555496733585        0.97179182582971
H            3.00811442066933        2.39793448103893        3.37082470329611
48
 energy: -84.803886914516 gnorm: 0.002746853978 xtb: 6.7.1 (edcfbbe)
C            5.64759480675239       -0.43575253394212        0.27574585068926
O            4.77143825959644        0.62707228822728        0.59691191306322
C            3.53972009096486        0.22948076486653        1.06614257479922
O            2.77277813570695       -0.23692957509016       -0.02794225146623
C            1.47948898715684       -0.68360636999265        0.32675688034111
C            0.91109875718678       -1.33278568620292       -0.93439069993665
O            1.75383670700004       -2.34627080685907       -1.40417594853972
C            0.64937997337486        0.48575937451743        0.88550868697195
O           -0.64280212486697        0.04292883216219        1.26321615824693
C           -1.72863220118188        0.81915588775621        0.82743224521006
O           -1.73903597181991        1.12615743323106       -0.53881835645839
C           -2.19855895183349        0.14963534631591       -1.46433947388008
C           -2.39281003155336        0.88696816556732       -2.80010984339862
O           -2.66314061854269       -0.00273696630878       -3.85625394887598
C           -3.49071734071163       -0.55303790762030       -1.02563653839684
O           -3.78223912999281       -1.64706133308537       -1.85990743259573
C           -3.30983534402174       -1.07322682871431        0.40202759473852
O           -4.47081868349950       -1.71006486828064        0.87467377746408
C           -3.01919050577264        0.12833910265384        1.30271183747402
O           -2.89321630895182       -0.23135234305999        2.64299650410692
C            1.38752484239617        1.11587059075451        2.07728198137020
O            0.76313500719939        2.28814071424980        2.54794369800667
C            2.85293320704160        1.43275317300271        1.72094393346442
O            3.56449786930934        1.78004566704901        2.87475166300859
H            5.25602500528149       -1.04004133395437       -0.54778465600626
H            5.81498828319369       -1.07733611081561        1.14772269628397
H            6.58335540880240        0.02998865894469       -0.02331316531527
H            3.63329024322257       -0.58231056104487        1.81686194362029
H            1.55964493756935       -1.45090091709845        1.11397872682185
H            0.78555850152787       -0.55247789248011       -1.70024397651419
H           -0.04332060183518       -1.80541421136835       -0.70068142030655
H            2.64936710097049       -1.98455354739396       -1.41365585525295
H            0.55380824353704        1.24272342964994        0.09084612153702
H           -1.66997315503507        1.81088769575595        1.30762621695888
H           -1.44371704220950       -0.63575059755909       -1.60335340288786
H           -1.50282773580629        1.49456387399494       -2.99854398391386
H           -3.25539153713303        1.55296467592809       -2.73091366824490
H           -1.86789373761699       -0.51192694122571       -4.05453854413314
H           -4.32706573604321        0.16590397224832       -1.03292282609363
H           -3.77189346055650       -1.33182627604510       -2.77725578168697
H           -2.45645204110757       -1.76810648845992        0.43539440449672
H           -4.76369538391817       -2.31364518991833        0.18046613617715
H           -3.84726561729113        0.84938557048051        1.17979825795303
H           -3.54972663301902       -0.92194237711835        2.80845171781547
H            1.35672170031306        0.42160907339664        2.92403915273055
H            0.65678695746471        2.90654413273720        1.81362126297806
H            2.87764062309071        2.25757945529152        0.98715307055923
H            3.00960309343737        2.38459747036768        3.38725793858572
48
 energy: -84.803951919198 gnorm: 0.001864914106 xtb: 6.7.1 (edcfbbe)
C            5.64923202659425       -0.43335558953006        0.27443691620414
O            4.77560864493523        0.62898581338900        0.60461551014329
C            3.54357499155054        0.22871740308704        1.07144020097667
O            2.77896650141806       -0.23782002308769       -0.02446602619814
C            1.48416332156673       -0.68204169013102        0.32597592172747
C            0.91412263764849       -1.32955992574556       -0.93519851482713
O            1.75780458738462       -2.33674912518441       -1.41480517527420
C            0.65329350023699        0.48805513568411        0.88211625526474
O           -0.63999408181867        0.04675881317471        1.25773578978350
C           -1.72599534968083        0.82110891087903        0.82028849131994
O           -1.73831756923575        1.12633481915938       -0.54700167744509
C           -2.20132371474720        0.14749722786576       -1.46847534975515
C           -2.39936156544109        0.87939323639055       -2.80677335433525
O           -2.67467461375909       -0.01536961526663       -3.85771981921571
C           -3.49332208299088       -0.55285793643265       -1.02503033141756
O           -3.78772214251170       -1.64896080354063       -1.85534133064473
C           -3.31030172843148       -1.06979484513053        0.40343891144757
O           -4.47090328261542       -1.70409212332602        0.87983844674546
C           -3.01647787201647        0.13435354866284        1.29893581002600
O           -2.89111028615420       -0.21882558399548        2.64106811900591
C            1.38834295069232        1.11156176206823        2.07847017945416
O            0.76449840233237        2.27867303737359        2.55862889546837
C            2.85498725692219        1.42976875105390        1.72864028587640
O            3.56089757575640        1.77027221964169        2.88777208860230
H            5.25349712549232       -1.03193023274130       -0.55113664565593
H            5.81813432171113       -1.08035150378240        1.14217056896523
H            6.58496247682498        0.03217173510233       -0.02495559821281
H            3.63825166890512       -0.58344887930213        1.82179269585014
H            1.56103212759878       -1.44808260591036        1.11532742020958
H            0.77979346650215       -0.54619150707544       -1.69637616648357
H           -0.03726361365645       -1.80614694122340       -0.69691176271194
H            2.65168160617326       -1.97099242006899       -1.42776197880112
H            0.56058575305870        1.24547864985134        0.08786554883281
H           -1.66588999858873        1.81386886118256        1.29865422280885
H           -1.44720396992393       -0.63878825674165       -1.60614460886862
H           -1.50963526369829        1.48496681448910       -3.01187884972651
H           -3.26117642344676        1.54645369786080       -2.73838968586282
H           -1.88073582622328       -0.52597303774381       -4.05735952459939
H           -4.32907547226143        0.16680154235139       -1.03271692737455
H           -3.77996153282253       -1.33670127637253       -2.77376862745568
H           -2.45756084518904       -1.76550315681856        0.43614809161894
H           -4.76587418783103       -2.30873501154796        0.18743757921561
H           -3.84276102537237        0.85708721819499        1.17286517088562
H           -3.54769470729072       -0.90866388021458        2.80946428702012
H            1.35514342162320        0.40848102414117        2.91755426610240
H            0.65935864381654        2.90515951980496        1.83144758370785
H            2.88334499941223        2.25841123173152        0.99943096571050
H            3.00305599556919        2.37057268280803        3.40213290342209
48
 energy: -84.804014659148 gnorm: 0.001914707343 xtb: 6.7.1 (edcfbbe)
C            5.65137938272977       -0.42838146005305        0.27269099675378
O            4.77931703007038        0.63131944100223        0.61580116086942
C            3.54727256624430        0.22618043442797        1.07940938513761
O            2.78622683059701       -0.24059177616051       -0.01957360025395
C            1.48878008084204       -0.68286922019689        0.32299453096419
C            0.92057087013915       -1.32844947870659       -0.94029170000589
O            1.76921474443728       -2.32541969686637       -1.42982798507809
C            0.65733814566297        0.48863128043064        0.87688013040791
O           -0.63794342820101        0.05156158831697        1.25120296562026
C           -1.72263806375920        0.82581129101425        0.81165512000243
O           -1.73973700075161        1.12969453187510       -0.55646143586043
C           -2.20361496657733        0.14606370190520       -1.47217136723590
C           -2.40710834468930        0.87019527710554       -2.81388270377976
O           -2.69008548502807       -0.03031542378118       -3.85824377421937
C           -3.49524355526874       -0.55232640979015       -1.02327178962330
O           -3.79303388470734       -1.65109715375889       -1.84844761034229
C           -3.31036265944150       -1.06409719466872        0.40689548839710
O           -4.47108445395149       -1.69412998529276        0.88801738248960
C           -3.01324103508228        0.14397144211961        1.29534024609766
O           -2.88776940900826       -0.20055824094399        2.63976513484867
C            1.38733513850362        1.10585615277872        2.07811521598310
O            0.76250587243916        2.26754348588719        2.56435455211793
C            2.85607996610659        1.42444610195138        1.73904075715857
O            3.55323041485932        1.75656254162403        2.90624025645902
H            5.25144386836685       -1.01890675819768       -0.55628212161671
H            5.82336131324734       -1.08312358387865        1.13404651909732
H            6.58617427681252        0.03922862503660       -0.02626891024342
H            3.64378837610229       -0.58694199029336        1.82884801662682
H            1.56072019089202       -1.44979454736772        1.11323495231797
H            0.77454544921254       -0.54249021004582       -1.69663674967993
H           -0.02613288566266       -1.81358938675840       -0.69926244739985
H            2.66049174147183       -1.95336413329064       -1.44399386576970
H            0.56802900211528        1.24677787801772        0.08226203745701
H           -1.65972955719279        1.81994381846121        1.28835474092105
H           -1.44849894154537       -0.64015565707277       -1.60585225847539
H           -1.51818638447887        1.47347740521826       -3.02854255267962
H           -3.26793148666711        1.53858298485511       -2.74476743262132
H           -1.89879535093761       -0.54470250720107       -4.05851574522219
H           -4.33010259820591        0.16849164553495       -1.03159540313250
H           -3.78845327419701       -1.34192289733568       -2.76806415645694
H           -2.45886463630752       -1.76140700311133        0.43990445386934
H           -4.76854008293864       -2.30069965622817        0.19835519420085
H           -3.83799682909573        0.86791612122899        1.16514102406536
H           -3.54414056474512       -0.88945650045304        2.81259014446060
H            1.35040550835441        0.39547935608030        2.91054342696727
H            0.66233188977783        2.90218335853830        1.84399746036440
H            2.89130038674286        2.25793899320987        1.01574155949958
H            2.98738868110999        2.34693109912153        3.42401192819145
48
 energy: -84.804054326422 gnorm: 0.001787058938 xtb: 6.7.1 (edcfbbe)
C            5.65228443947503       -0.42490527731196        0.27112528628147
O            4.77923754773357        0.63172478118264        0.62083034920469
C            3.54768555099599        0.22358748246537        1.08316925427132
O            2.78770158621729       -0.24103425388071       -0.01779208505982
C            1.48910032147527       -0.68410923739997        0.32061842002925
C            0.92508456917918       -1.32717119405602       -0.94632787447599
O            1.77937186229772       -2.31781974271526       -1.43866720788882
C            0.65775132957687        0.48774914049219        0.87444474253933
O           -0.63882650095144        0.05386540071473        1.24871842966856
C           -1.72159562200130        0.82963747658687        0.80753166993359
O           -1.73971211600278        1.13119200538174       -0.56103088100237
C           -2.20363251649455        0.14439596409867       -1.47349082268873
C           -2.40940955738872        0.86457242642787       -2.81689577863486
O           -2.69764982446944       -0.03782410735045       -3.85810180089270
C           -3.49536100846666       -0.55256949869496       -1.02167121444307
O           -3.79472150304064       -1.65321083374439       -1.84359039218374
C           -3.31055950254424       -1.06004676478784        0.41013150478792
O           -4.47168500835808       -1.68752787270844        0.89366780019308
C           -3.01296232346534        0.15097433067068        1.29433369996324
O           -2.88671474404439       -0.18866170391011        2.63984557872875
C            1.38582531876455        1.10223629643871        2.07833557398578
O            0.75988487349567        2.26321404085551        2.56454918517816
C            2.85578891961741        1.42001550128922        1.74519221716262
O            3.54926481334258        1.74761735959016        2.91629693371099
H            5.25220435968595       -1.01137838210781       -0.56044258720474
H            5.82637900474041       -1.08391947574955        1.12871695729600
H            6.58592586901505        0.04595899278457       -0.02640717172939
H            3.64479566009312       -0.59171711864871        1.83022390275232
H            1.55876331664126       -1.45345572614418        1.10876715553133
H            0.77539882058011       -0.53962590816039       -1.70025415569023
H           -0.01932153864029       -1.81876222732778       -0.70880852512136
H            2.66922479956644       -1.94229254997724       -1.44865433627371
H            0.57063985661678        1.24729150095398        0.08050642887434
H           -1.65653734776341        1.82506726700688        1.28191626195257
H           -1.44808546230869       -0.64203123359864       -1.60474668806452
H           -1.52033329883382        1.46580636401903       -3.03646934866823
H           -3.26886400308899        1.53468957486968       -2.74619792348260
H           -1.90869037761338       -0.55605619517869       -4.05785658395095
H           -4.32946935573885        0.16917348814563       -1.03126387744405
H           -3.79160303012750       -1.34558030217857       -2.76383157140078
H           -2.45954405708681       -1.75784731374759        0.44553190444844
H           -4.77003868643454       -2.29592320409281        0.20602076865689
H           -3.83748464107460        0.87470318992776        1.16181434744948
H           -3.54283919349092       -0.87696728309767        2.81561705183524
H            1.34646662149272        0.39091251884174        2.91006775513427
H            0.66410599592110        2.90002565610698        1.84539150274959
H            2.89512677911349        2.25622357332212        1.02525555455059
H            2.97762585240244        2.32980075814519        3.43736176132164
48
 energy: -84.804095418872 gnorm: 0.001074874541 xtb: 6.7.1 (edcfbbe)
C            5.65287776605098       -0.42089699790542        0.26919182632396
O            4.77728058378696        0.63147930343251        0.62470989860837
C            3.54648533034892        0.22001064254673        1.08573258785277
O            2.78699812275825       -0.24043824559125       -0.01741082369284
C            1.48756037252206       -0.68571814469193        0.31696952206121
C            0.93069899203730       -1.32530594222495       -0.95544113989624
O            1.79311695458570       -2.30931509384703       -1.44780921624517
C            0.65635010732760        0.48559807555992        0.87154509448387
O           -0.64112674310182        0.05517007214949        1.24674833150523
C           -1.72162969648619        0.83359051838924        0.80499907906817
O           -1.73925127871847        1.13227711576740       -0.56366873945822
C           -2.20280092153364        0.14241277858300       -1.47325010900448
C           -2.40932447944272        0.85906869844936       -2.81830541212107
O           -2.70330863595219       -0.04464547855297       -3.85647797832936
C           -3.49471539536488       -0.55309219711268       -1.01910325181642
O           -3.79429645828798       -1.65620545085421       -1.83746300748743
C           -3.31137747282057       -1.05537937949072        0.41470961845773
O           -4.47333434669979       -1.68046950457501        0.89958707318220
C           -3.01414088327626        0.15882206390962        1.29461991443473
O           -2.88717469936051       -0.17570358354274        2.64120583370644
C            1.38302530795083        1.09857993829326        2.07759538676158
O            0.75626842863837        2.26139027971931        2.56029534709422
C            2.85440039191998        1.41426818425760        1.75118524745404
O            3.54450644115533        1.73656017923640        2.92618516434654
H            5.25498788339125       -1.00353239750876       -0.56613505584246
H            5.82879544644699       -1.08449144278373        1.12277324500477
H            6.58516218983223        0.05472784242876       -0.02524004322976
H            3.64370661820698       -0.59854706957836        1.82900121863882
H            1.55551145734102       -1.45797120590354        1.10186582078907
H            0.78081435630322       -0.53556319042159       -1.70688588650483
H           -0.01202730777654       -1.82389478117539       -0.72583436406686
H            2.68155687220944       -1.93003824387730       -1.44868157793132
H            0.57119390242534        1.24655248813802        0.07889434677324
H           -1.65355219530292        1.82988115340135        1.27687907204752
H           -1.44690900475380       -0.64412401466022       -1.60169190551310
H           -1.51897650847684        1.45694360669590       -3.04189436701206
H           -3.26628345116655        1.53232167161914       -2.74643298356381
H           -1.91729173048984       -0.56797753161413       -4.05480311468834
H           -4.32833651132963        0.16918585334821       -1.03142443494119
H           -3.79328327380417       -1.35020075479806       -2.75830978972699
H           -2.46051864915616       -1.75306513177608        0.45433559276400
H           -4.77165472343050       -2.29127045841388        0.21414584655669
H           -3.83831542273532        0.88230263519793        1.15963014297830
H           -3.54352587465518       -0.86283800433901        2.82032489958065
H            1.33876589926187        0.38862849180876        2.91052068727827
H            0.66738027941220        2.89812627396815        1.84002507119544
H            2.89852114702322        2.25330863780680        1.03484941451680
H            2.96718766198805        2.30947542363348        3.45121908992615
48
 energy: -84.804121150860 gnorm: 0.000727579935 xtb: 6.7.1 (edcfbbe)
C            5.65344661491005       -0.41775292643626        0.26741513655569
O            4.77596175720577        0.63127193686224        0.62787762585536
C            3.54558761904527        0.21697001872239        1.08724250217792
O            2.78634607847245       -0.23842857042964       -0.01800714777517
C            1.48636891504257       -0.68565022478924        0.31312285993023
C            0.93541396020477       -1.32163449837615       -0.96393877279529
O            1.80415329451135       -2.30032380554889       -1.45690525164804
C            0.65496972546485        0.48465140841862        0.86884632041416
O           -0.64264748387218        0.05601186610614        1.24513142959344
C           -1.72184560820641        0.83632629329734        0.80310893827859
O           -1.73819958613946        1.13217003843844       -0.56579501220827
C           -2.20240450072798        0.13989840642480       -1.47275143840599
C           -2.40828276616894        0.85331131516624       -2.81957692027443
O           -2.70718315915129       -0.05206868822512       -3.85476826726161
C           -3.49466402121692       -0.55392201206246       -1.01668195906881
O           -3.79384478456230       -1.65993022950293       -1.83140464082183
C           -3.31286404871815       -1.05144632459438        0.41896629684116
O           -4.47563368318927       -1.67443710210039        0.90474190773817
C           -3.01550316488137        0.16557073625051        1.29483657918320
O           -2.88905130335410       -0.16403921530830        2.64267266437397
C            1.38062503266490        1.09564260137893        2.07721409156117
O            0.75405985317572        2.26041069197331        2.55769748172820
C            2.85344924562928        1.40883707846231        1.75693239103887
O            3.54077066825590        1.72461515043045        2.93551388467962
H            5.25778052256183       -0.99639051946538       -0.57190778833220
H            5.82967886008593       -1.08598384163776        1.11727677551663
H            6.58516071226536        0.06137571954839       -0.02324335143067
H            3.64269067124356       -0.60498985954999        1.82661189945574
H            1.55324274097063       -1.46025901353579        1.09537226281480
H            0.78595349739567       -0.52921434280029       -1.71271271671724
H           -0.00615944404932       -1.82529721524171       -0.74114589961073
H            2.69137921117835       -1.91800834304344       -1.44919449118066
H            0.57076194747431        1.24697348009140        0.07765659659911
H           -1.65118225023048        1.83328870636057        1.27295283693147
H           -1.44686507700672       -0.64727829456999       -1.59905925109052
H           -1.51594447355157        1.44720481351778       -3.04611999904068
H           -3.26245888937317        1.53009255606311       -2.74796325788093
H           -1.92361528090309       -0.57954763752525       -4.05189760039045
H           -4.32816361592079        0.16842787619783       -1.03215889940510
H           -3.79551502138505       -1.35607583869396       -2.75298532994556
H           -2.46215542723416       -1.74905008039282        0.46225365659189
H           -4.77357525989443       -2.28751836764274        0.22118637669371
H           -3.83876994314875        0.88950548357034        1.15702885836895
H           -3.54638816184649       -0.84943773994709        2.82466881900856
H            1.33108269681918        0.38582077092184        2.91025992310921
H            0.67157803361787        2.89762010179425        1.83676749063446
H            2.90166457268758        2.25112489620444        1.04457484839518
H            2.96078757277874        2.29156042771353        3.46376871394135
48
 energy: -84.804136617062 gnorm: 0.000690456193 xtb: 6.7.1 (edcfbbe)
C            5.65397603379322       -0.41589421654343        0.26648973806978
O            4.77584599562733        0.63140539882757        0.63023830863272
C            3.54538835208335        0.21541960314744        1.08784663460463
O            2.78648502499569       -0.23590351076221       -0.01904023917359
C            1.48626799778239       -0.68437380016681        0.30994591795355
C            0.93812401163826       -1.31756847265489       -0.96971639688006
O            1.80986870309449       -2.29316846873136       -1.46382684054475
C            0.65422659608787        0.48467574398351        0.86694330382142
O           -0.64317020677482        0.05619779844431        1.24396746577693
C           -1.72213985338061        0.83727375012031        0.80211122613414
O           -1.73777876193597        1.13144216497707       -0.56695232381888
C           -2.20258127410013        0.13769146336054       -1.47213678970257
C           -2.40703974511520        0.84855630985411       -2.82052152599230
O           -2.70858156687764       -0.05837124983006       -3.85352847823603
C           -3.49528415093093       -0.55466845393130       -1.01509059395406
O           -3.79384370706611       -1.66289500728933       -1.82716916590433
C           -3.31473175146744       -1.04910019251496        0.42177089186880
O           -4.47824982823075       -1.67020710257503        0.90815572818782
C           -3.01668033061498        0.16958044128678        1.29487436342764
O           -2.89135161033620       -0.15659325337278        2.64364978584496
C            1.37941097290414        1.09391758952560        2.07684450085984
O            0.75352094791102        2.25970369333583        2.55652060962699
C            2.85344719697744        1.40533020415983        1.76122480904524
O            3.53896336781411        1.71498808442558        2.94243477972064
H            5.25981480507864       -0.99097049241601       -0.57606372119307
H            5.82911402820308       -1.08785174259724        1.11360493899600
H            6.58599582481430        0.06472433847849       -0.02068188720097
H            3.64217574344881       -0.60908530496978        1.82432142127527
H            1.55257813532010       -1.46041397393997        1.09063642320389
H            0.78883168905753       -0.52324697832574       -1.71651127159552
H           -0.00282468359897       -1.82371815605075       -0.75050330330654
H            2.69633258334155       -1.90924355241880       -1.45133464605555
H            0.56997839424222        1.24801501900077        0.07696431430955
H           -1.64962910403404        1.83445805299743        1.27099893833047
H           -1.44765300715324       -0.65029821087743       -1.59662605768426
H           -1.51295805574254        1.43923709294052       -3.04852346028517
H           -3.25914434728062        1.52801383094045       -2.75036449695818
H           -1.92635155961912       -0.58811533255296       -4.04977134220820
H           -4.32881922673390        0.16751760342551       -1.03316294396618
H           -3.79758382324112       -1.36095293470845       -2.74931281590459
H           -2.46444284054878       -1.74704902749841        0.46718161564137
H           -4.77586941141500       -2.28489727382696        0.22590131781548
H           -3.83882437261115        0.89436338341835        1.15480722859423
H           -3.55009920578809       -0.84016468017470        2.82736021174243
H            1.32586477396304        0.38366061756672        2.90923300399410
H            0.67550173669822        2.89774212333339        1.83581585900211
H            2.90468737387307        2.25035402426674        1.05230616362437
H            2.95922898482696        2.28048073897858        3.47216997348122
48
 energy: -84.804149879312 gnorm: 0.000611037487 xtb: 6.7.1 (edcfbbe)
C            5.65452832170131       -0.41474449741390        0.26608329064598
O            4.77641260518508        0.63169093441868        0.63226656118430
C            3.54549869140621        0.21463986689108        1.08786560850189
O            2.78691711747248       -0.23286422290587       -0.02052292343711
C            1.48672818321506       -0.68240041141805        0.30696874959811
C            0.93990637559718       -1.31330291315924       -0.97427671790564
O            1.81283828299703       -2.28686166694423       -1.47047319860194
C            0.65407372047807        0.48555106266844        0.86533628949271
O           -0.64286165004099        0.05621952610290        1.24307212523868
C           -1.72223711988265        0.83738358420271        0.80157855242862
O           -1.73786421503397        1.13061353209807       -0.56763802549899
C           -2.20308196164332        0.13555980113350       -1.47129683229439
C           -2.40532792313677        0.84390794023536       -2.82133360683175
O           -2.70813248637435       -0.06470010138999       -3.85249144389848
C           -3.49644392982913       -0.55539822248723       -1.01393193847704
O           -3.79448682333744       -1.66541514852939       -1.82391776615773
C           -3.31704823408944       -1.04758410111668        0.42386428734706
O           -4.48153812288129       -1.66644024507888        0.91078023446274
C           -3.01748289120441        0.17205506244923        1.29492444502363
O           -2.89370038977384       -0.15161890179766        2.64444705822220
C            1.37864638086579        1.09313023684271        2.07669525881209
O            0.75350066972665        2.25938167303824        2.55638076514232
C            2.85384230565826        1.40274486566221        1.76469125901779
O            3.53797074139911        1.70597239562340        2.94821278037481
H            5.26166671817602       -0.98614590265999       -0.57960089016748
H            5.82744219156493       -1.09024396126898        1.11083110047910
H            6.58751454598058        0.06627560622016       -0.01725897658051
H            3.64175345171009       -0.61207611825462        1.82190251016637
H            1.55296875368908       -1.45967813868325        1.08642652098977
H            0.79004347759409       -0.51722300808028       -1.71918342556304
H           -0.00057520058468       -1.82079944057238       -0.75649317097711
H            2.69884532627194       -1.90207286601539       -1.45577769188502
H            0.56901651614154        1.24983517049152        0.07647877615367
H           -1.64851618454140        1.83467910692560        1.27004673969599
H           -1.44886754995435       -0.65334201657603       -1.59381164575137
H           -1.50969772957050        1.43197201519640       -3.04996787090742
H           -3.25590615341497        1.52541207252323       -2.75331519441224
H           -1.92661201490132       -0.59580452065119       -4.04777234986507
H           -4.32991572080555        0.16673448310063       -1.03420304264692
H           -3.79945718191276       -1.36531732465360       -2.74658057105876
H           -2.46764829445019       -1.74651409657218        0.47053133797511
H           -4.77907608747638       -2.28247733458390        0.22968898806662
H           -3.83833929490068        0.89796064592223        1.15287180947541
H           -3.55442640267700       -0.83300794368259        2.82923341457126
H            1.32218671455079        0.38191652718724        2.90805808015461
H            0.67896198985218        2.89870829224816        1.83646856635973
H            2.90768580849657        2.25059770865747        1.05934454467717
H            2.96029152167198        2.27308867635854        3.47827880195103
48
 energy: -84.804162887418 gnorm: 0.000474611077 xtb: 6.7.1 (edcfbbe)
C            5.65519568759436       -0.41366397991277        0.26598825072060
O            4.77748517121579        0.63224260289686        0.63468946642807
C            3.54580938311220        0.21434404412299        1.08770696753090
O            2.78785924426547       -0.22918854433322       -0.02248480162425
C            1.48776012847882       -0.67992023348729        0.30354543939657
C            0.94122587679515       -1.30842386393356       -0.97895144398816
O            1.81493305473360       -2.27975456432603       -1.47792900409380
C            0.65403411474665        0.48640888064933        0.86365359014170
O           -0.64257203460768        0.05598117766595        1.24199229070400
C           -1.72252471100592        0.83701344381289        0.80120258004609
O           -1.73872203038018        1.12987068168103       -0.56811579284345
C           -2.20370518689864        0.13319058378019       -1.47016556443010
C           -2.40311891449116        0.83843185936733       -2.82224435227160
O           -2.70601381533542       -0.07233526079195       -3.85147107754367
C           -3.49811872350793       -0.55592190663002       -1.01278129190510
O           -3.79590864962364       -1.66745297278514       -1.82085584066197
C           -3.32015426703396       -1.04624906082075        0.42586645361138
O           -4.48610498391290       -1.66183516776387        0.91347490865754
C           -3.01844600584450        0.17399860080526        1.29518403910507
O           -2.89599351964563       -0.14774226227489        2.64526288984735
C            1.37820346648447        1.09241912702808        2.07617925359626
O            0.75376150376161        2.25882223208117        2.55592026394034
C            2.85475294810458        1.40052186490964        1.76842034582378
O            3.53746199059300        1.69624674677450        2.95459859714918
H            5.26388312981323       -0.98050741568878       -0.58348679245905
H            5.82478298018153       -1.09340533602285        1.10803202491115
H            6.58970629333209        0.06727438033517       -0.01246377511825
H            3.64119865264476       -0.61471878442251        1.81920524015888
H            1.55404678069480       -1.45830325339069        1.08189446487285
H            0.78998499600995       -0.51079328801795       -1.72191820052018
H            0.00144576666258       -1.81748260254860       -0.76168730885519
H            2.70050102673049       -1.89397781832351       -1.46271030428353
H            0.56805571293735        1.25161952109263        0.07590649399646
H           -1.64765389332592        1.83430550305010        1.26956477834985
H           -1.45020432745694       -0.65678648116806       -1.58967161585746
H           -1.50600361636118        1.42410955450124       -3.05105957328929
H           -3.25248040834570        1.52172151861720       -2.75732673154063
H           -1.92489756905224       -0.60467104005135       -4.04496875221943
H           -4.33126245085158        0.16647131663695       -1.03517642966904
H           -3.80098721954204       -1.36932372444216       -2.74408287084838
H           -2.47230027913293       -1.74699514045280        0.47351166436714
H           -4.78396492519207       -2.27926776000169        0.23378645816733
H           -3.83782490019200        0.90132915433389        1.15148392339329
H           -3.55935897898963       -0.82632796826276        2.83105344534043
H            1.31892702813622        0.38028175003204        2.90645282808917
H            0.68268346437012        2.89975984616627        1.83714990557408
H            2.91159353848258        2.25153174126182        1.06716939396132
H            2.96302631981624        2.26714997955172        3.48413673976300
48
 energy: -84.804173889151 gnorm: 0.000433632791 xtb: 6.7.1 (edcfbbe)
C            5.65589338164151       -0.41268500403605        0.26594722074531
O            4.77854000155110        0.63267511298068        0.63704496819976
C            3.54606068805186        0.21406971487472        1.08747164082968
O            2.78853209739001       -0.22540972126550       -0.02449025856565
C            1.48868931621091       -0.67759078303038        0.30024357364806
C            0.94267704517908       -1.30400278002963       -0.98345655354078
O            1.81728151753058       -2.27257331551406       -1.48620766545910
C            0.65435645662523        0.48764075033051        0.86192704400926
O           -0.64182835716591        0.05604561587920        1.24098259072535
C           -1.72245452736075        0.83671220876855        0.80099204201607
O           -1.73987296324279        1.12938804329115       -0.56845620493324
C           -2.20449181642619        0.13088236818581       -1.46880599894477
C           -2.40046322038018        0.83244551148435       -2.82325484692946
O           -2.70247421390227       -0.08083230893279       -3.85055043289903
C           -3.50019225179162       -0.55610999937825       -1.01166493680472
O           -3.79847935941455       -1.66863623506258       -1.81822768715535
C           -3.32374074524359       -1.04487433787662        0.42774580927118
O           -4.49148977698380       -1.65657779144908        0.91606242615767
C           -3.01890252211664        0.17550241994976        1.29571064650859
O           -2.89718085277947       -0.14503316438117        2.64610625597578
C            1.37755165904700        1.09210032689228        2.07599109245924
O            0.75353023163502        2.25858464787014        2.55572760102925
C            2.85536840223838        1.39830429370487        1.77176031040245
O            3.53661082096106        1.68657006118221        2.96054319324802
H            5.26638354604148       -0.97464830331497       -0.58755765327120
H            5.82163820425525       -1.09685880069989        1.10515651310748
H            6.59211411390639        0.06808476694994       -0.00705208112833
H            3.64044349473282       -0.61732563515702        1.81647598067179
H            1.55541099746492       -1.45738283697144        1.07721140321441
H            0.78897498046628       -0.50458619984718       -1.72408452167027
H            0.00406149240135       -1.81522455083745       -0.76615244078975
H            2.70224567710578       -1.88536462769394       -1.47147785868761
H            0.56726184330795        1.25389748831778        0.07532775314934
H           -1.64679655009576        1.83413831831405        1.26915542332336
H           -1.45175944077242       -0.66023723077843       -1.58480226207607
H           -1.50216313503040        1.41633855212886       -3.05199264156980
H           -3.24909191279699        1.51694137827669       -2.76194221705715
H           -1.92158092295357       -0.61449865256171       -4.04130886917648
H           -4.33250169698590        0.16714421665254       -1.03578465292255
H           -3.80211363740249       -1.37234577551291       -2.74202590008182
H           -2.47791307053154       -1.74797171243516        0.47616470542793
H           -4.79019174425756       -2.27521383650692        0.23785783975760
H           -3.83699104389616        0.90414821963601        1.15112877811966
H           -3.56355120846936       -0.82042772314069        2.83293564580011
H            1.31597069399621        0.37904731552379        2.90531811903805
H            0.68561018601925        2.90097142528878        1.83800313074108
H            2.91519329781167        2.25258112202725        1.07482382420440
H            2.96582167337561        2.26219512877060        3.48896132590252
48
 energy: -84.804182338459 gnorm: 0.000362302504 xtb: 6.7.1 (edcfbbe)
C            5.65641722639367       -0.41167228526739        0.26588672133983
O            4.77931263916161        0.63315950625686        0.63911047734872
C            3.54622857649891        0.21395706926630        1.08733988139855
O            2.78921144313870       -0.22232655828811       -0.02619041152956
C            1.48954656307920       -0.67587380929178        0.29743636768697
C            0.94375822510224       -1.30041638505842       -0.98735907654938
O            1.81989488487338       -2.26580332383838       -1.49327255229752
C            0.65434476726914        0.48801828065299        0.86057886339796
O           -0.64177111924617        0.05586938484913        1.24001253227392
C           -1.72267837423124        0.83638961327404        0.80071772764254
O           -1.74103842458698        1.12903817830409       -0.56884981151950
C           -2.20503814781675        0.12876850233767       -1.46760642884009
C           -2.39786968609187        0.82691571089554       -2.82419941740263
O           -2.69810744769931       -0.08890716781213       -3.84976962157049
C           -3.50226395625107       -0.55561148006670       -1.01059490483805
O           -3.80185701004725       -1.66849906953697       -1.81614495989901
C           -3.32714601337968       -1.04354560032304        0.42929603163696
O           -4.49670128206488       -1.65134022443136        0.91828647148949
C           -3.01941430949983        0.17663646135242        1.29651183665735
O           -2.89718787286708       -0.14370426104496        2.64689792793277
C            1.37715808927479        1.09149908152256        2.07547256397529
O            0.75331866644361        2.25809912031664        2.55482203839152
C            2.85601172337239        1.39663522081407        1.77465689980780
O            3.53610104668379        1.67900938523177        2.96557836093282
H            5.26873637934056       -0.96918649763978       -0.59134082858307
H            5.81874761743033       -1.09989307578970        1.10244376059251
H            6.59411265732127        0.06905898887477       -0.00207273774678
H            3.63971666451471       -0.61939839386155        1.81421838706244
H            1.55658157980230       -1.45666518848568        1.07334105351553
H            0.78734324855382       -0.49972378957676       -1.72599934005832
H            0.00659136169206       -1.81442458902881       -0.77018119228181
H            2.70401782193450       -1.87660478889713       -1.47933781748936
H            0.56677258155605        1.25505766693123        0.07482236173721
H           -1.64636886968432        1.83394957290536        1.26864736759043
H           -1.45300383052704       -0.66351932573761       -1.57994972611656
H           -1.49875124602602        1.40969752139753       -3.05256410575661
H           -3.24629489741738        1.51200976931156       -2.76657442404073
H           -1.91728496956315       -0.62395472863893       -4.03702367740252
H           -4.33341141337127        0.16895569013760       -1.03575562482020
H           -3.80276974825537       -1.37368183926105       -2.74044750299818
H           -2.48342536268233       -1.74914409089356        0.47820000161938
H           -4.79669569381735       -2.27063625817425        0.24128764746446
H           -3.83647887297655        0.90651716828736        1.15215585681347
H           -3.56625569336644       -0.81611904577453        2.83489384908949
H            1.31365722617376        0.37806134302038        2.90429230063718
H            0.68770368419663        2.90138868025684        1.83771681782429
H            2.91825303329062        2.25340620711396        1.08112337901780
H            2.96827338330372        2.25855133385676        3.49296785131400
48
 energy: -84.804189559000 gnorm: 0.000330781383 xtb: 6.7.1 (edcfbbe)
C            5.65680842001825       -0.41070984111035        0.26564526446394
O            4.77974202846642        0.63350196185895        0.64070795690215
C            3.54625445849237        0.21378599674003        1.08728317929278
O            2.78953538794666       -0.22000994439805       -0.02742178175447
C            1.49005857123643       -0.67483234330668        0.29526290265417
C            0.94493423259661       -1.29797101368089       -0.99059741702298
O            1.82312571298447       -2.25971931417853       -1.49980235508856
C            0.65444828354192        0.48829858745203        0.85939597368086
O           -0.64152397272286        0.05585679591066        1.23927565947852
C           -1.72264131924935        0.83621853974271        0.80062838786875
O           -1.74194021865350        1.12871958627683       -0.56904585745192
C           -2.20560593624012        0.12701409010636       -1.46641111206844
C           -2.39523015488916        0.82173064056824       -2.82514039015579
O           -2.69310024173030       -0.09656229112189       -3.84923513731159
C           -3.50436704707067       -0.55454084116999       -1.00956294629919
O           -3.80617512245066       -1.66719766717618       -1.81457411054940
C           -3.33046830170109       -1.04214079946409        0.43060905727657
O           -4.50168865914082       -1.64637742784483        0.92011945913950
C           -3.01949813130665        0.17745230590120        1.29750600216918
O           -2.89585300586438       -0.14342537163401        2.64763930002738
C            1.37663403071685        1.09101352381090        2.07517957158415
O            0.75273809280723        2.25778104857731        2.55402138577581
C            2.85618365750838        1.39525335513734        1.77669134689861
O            3.53528929466826        1.67340630178113        2.96918419324235
H            5.27082869162385       -0.96441227379429       -0.59477380255757
H            5.81623713338576       -1.10239257877181        1.09985538877277
H            6.59569194911164        0.07013474384407        0.00209966756001
H            3.63902124700857       -0.62108352651177        1.81249398771449
H            1.55744289861497       -1.45657226694235        1.07014711792015
H            0.78547785077542       -0.49596058571518       -1.72715656290616
H            0.00944132024295       -1.81519147956612       -0.77372929554412
H            2.70621613344635       -1.86810013729215       -1.48621496643941
H            0.56651885306053        1.25597645929935        0.07430218615204
H           -1.64581904414439        1.83398678880117        1.26814512651980
H           -1.45446278154120       -0.66656231589512       -1.57528574404472
H           -1.49559023344023        1.40395480784735       -3.05290828946896
H           -3.24379550589450        1.50696891341359       -2.77124796611002
H           -1.91228628613937       -0.63309006391052       -4.03237679427163
H           -4.33390254540361        0.17186857367845       -1.03519788530925
H           -3.80339416160790       -1.37353342014978       -2.73929234026849
H           -2.48875933760816       -1.75008703703796        0.47971525849368
H           -4.80334592377690       -2.26564601313473        0.24387229542727
H           -3.83594865387330        0.90824786258098        1.15436243195915
H           -3.56723022339555       -0.81317429725320        2.83685643790278
H            1.31169374087685        0.37738373994372        2.90374282445245
H            0.68859745485305        2.90140539712061        1.83710141323700
H            2.92025034167450        2.25385686489220        1.08569412029124
H            2.96945387111540        2.25547364581513        3.49591803268358
48
 energy: -84.804196817014 gnorm: 0.000308509255 xtb: 6.7.1 (edcfbbe)
C            5.65710290471764       -0.40961960492409        0.26514074224945
O            4.77998352679860        0.63389471415973        0.64204202555988
C            3.54625307199876        0.21362296860596        1.08727810118700
O            2.78981080245099       -0.21814767620959       -0.02843145200928
C            1.49049099596275       -0.67418910525258        0.29337574881129
C            0.94622156447608       -1.29586597768824       -0.99370394387102
O            1.82708996251837       -2.25331397857591       -1.50628910422355
C            0.65441147198103        0.48816637272487        0.85838518220249
O           -0.64146836581566        0.05561942545487        1.23862349566993
C           -1.72264426177244        0.83593549468461        0.80043808228599
O           -1.74252480945710        1.12811374815072       -0.56937931513301
C           -2.20612847924582        0.12501857695918       -1.46520504665048
C           -2.39208017957600        0.81629115273210       -2.82610145707176
O           -2.68691640630437       -0.10475879684041       -3.84863991585054
C           -3.50689379165768       -0.55271382081915       -1.00841171929525
O           -3.81202363139558       -1.66465535767363       -1.81313648285570
C           -3.33399971829997       -1.04051849071904        0.43184558943806
O           -4.50691815158746       -1.64108434902718        0.92183243369464
C           -3.01946007364305        0.17812369198376        1.29883175660787
O           -2.89353022868850       -0.14396498925257        2.64853246323625
C            1.37614882634734        1.09040336413581        2.07478654235802
O            0.75200472725030        2.25729968815383        2.55317260241219
C            2.85619804896310        1.39412120377768        1.77830516142788
O            3.53446958025137        1.66931586939846        2.97198128947512
H            5.27277604888593       -0.95970032470006       -0.59831840935228
H            5.81396880518752       -1.10460714628313        1.09705125165641
H            6.59699451529557        0.07148760055601        0.00573090176163
H            3.63847024853257       -0.62251700369605        1.81108551299428
H            1.55815116082738       -1.45679713277053        1.06731284712323
H            0.78324112190039       -0.49254382427364       -1.72805572719415
H            0.01273445071657       -1.81690649771602       -0.77733556204569
H            2.70891749272038       -1.85882522750036       -1.49232290257065
H            0.56633108026053        1.25639382215508        0.07384043574871
H           -1.64532347698546        1.83395992966756        1.26741297932328
H           -1.45617780057763       -0.67019229963472       -1.57041932407951
H           -1.49192925922915        1.39813934271674       -3.05296176414164
H           -3.24101356371609        1.50143375201976       -2.77646385318878
H           -1.90608730684129       -0.64299226825973       -4.02680492927792
H           -4.33427974469022        0.17620583210786       -1.03403570115967
H           -3.80456543448341       -1.37211488635026       -2.73825647773394
H           -2.49443660435817       -1.75102640767255        0.48084061320656
H           -4.81084326557513       -2.25950377978976        0.24584275193571
H           -3.83532782481093        0.90998044167506        1.15778476082753
H           -3.56706997039425       -0.81110377649227        2.83919314088080
H            1.31006638061489        0.37665381032423        2.90318169440433
H            0.68862799281182        2.90095112235980        1.83618777016939
H            2.92152981118164        2.25406671050385        1.08915532810495
H            2.96964460538968        2.25246176669413        3.49856305844882
48
 energy: -84.804204059984 gnorm: 0.000283212489 xtb: 6.7.1 (edcfbbe)
C            5.65737576296136       -0.40831880865048        0.26434027416818
O            4.78019802846662        0.63445497145964        0.64317526146237
C            3.54631336975662        0.21362766101801        1.08729400766491
O            2.79020219414382       -0.21658105431610       -0.02926205735096
C            1.49096852137233       -0.67375449550507        0.29152402799594
C            0.94763313528385       -1.29389800591028       -0.99684540820514
O            1.83168721087154       -2.24635639001940       -1.51314934273273
C            0.65443687057746        0.48782229760581        0.85738840162264
O           -0.64124861879140        0.05516305781676        1.23813149547668
C           -1.72251000171251        0.83547363409017        0.80045248767597
O           -1.74282666472019        1.12712215893264       -0.56948325287686
C           -2.20674047171206        0.12283243964130       -1.46377317629702
C           -2.38819084685305        0.81013785240662       -2.82720892882479
O           -2.67944715243945       -0.11383760679582       -3.84818655289614
C           -3.50987096860699       -0.55016603443304       -1.00707153959640
O           -3.81966034397647       -1.66090648526916       -1.81166182461425
C           -3.33817949878176       -1.03864316719325        0.43312610293165
O           -4.51286882275844       -1.63538442590197        0.92357305161996
C           -3.01931420451527        0.17869248896868        1.30040397170622
O           -2.89045777966484       -0.14518740741828        2.64945652246918
C            1.37577493079653        1.08954081669764        2.07441926347384
O            0.75127145361226        2.25644402171999        2.55251902503741
C            2.85607170186159        1.39332037157868        1.77947709853775
O            3.53355617922234        1.66666682737064        2.97404189813280
H            5.27455911081602       -0.95495188867396       -0.60195702586125
H            5.81198369642740       -1.10647978724238        1.09397087831087
H            6.59814421556418        0.07310441075495        0.00874870838412
H            3.63810265330012       -0.62354062132323        1.80994797325506
H            1.55874808390983       -1.45722221775464        1.06450445713623
H            0.78081577501209       -0.48911256136767       -1.72869998753847
H            0.01637346599809       -1.81924332074653       -0.78124202048700
H            2.71211248171600       -1.84873970758747       -1.49781135459109
H            0.56613996567527        1.25651810487812        0.07333346619447
H           -1.64451502714765        1.83378191428680        1.26676399321285
H           -1.45856972379354       -0.67460458732899       -1.56489633429206
H           -1.48735104985329        1.39148271541546       -3.05270260737117
H           -3.23741415549474        1.49529701392712       -2.78255537901635
H           -1.89868049938190       -0.65413137266585       -4.02047797998995
H           -4.33437228137271        0.18206391929461       -1.03233006339068
H           -3.80668226083114       -1.36958946561178       -2.73717312137881
H           -2.50094914916438       -1.75193702458121        0.48165125813232
H           -4.81973356132940       -2.25202093832875        0.24727777546455
H           -3.83458606834179        0.91174391318976        1.16224392943476
H           -3.56605308610129       -0.80976020779333        2.84164130113153
H            1.30884540188969        0.37563229077882        2.90264640698762
H            0.68804712739325        2.89996321690261        1.83537595060474
H            2.92224381784287        2.25416080685060        1.09153087244113
H            2.96861393182522        2.24931835587373        3.50100927287020
48
 energy: -84.804210361238 gnorm: 0.000280219146 xtb: 6.7.1 (edcfbbe)
C            5.65767229903693       -0.40692167551555        0.26327180880503
O            4.78045129145647        0.63514616927382        0.64392174762300
C            3.54652019789958        0.21376926051019        1.08725624025490
O            2.79065947773608       -0.21528923396038       -0.02994074794962
C            1.49152943231114       -0.67350558437066        0.28994359755711
C            0.94921806672293       -1.29186144020254       -0.99987491692722
O            1.83626804769789       -2.23941458776639       -1.52002707417995
C            0.65447528188154        0.48728611846557        0.85662088406403
O           -0.64095681784436        0.05432185361594        1.23784901076760
C           -1.72232586223270        0.83460538064319        0.80043575624682
O           -1.74274318205474        1.12554845173514       -0.56965986273392
C           -2.20728499552638        0.12012900144648       -1.46229168164902
C           -2.38362495503757        0.80377717164520       -2.82814527591146
O           -2.67146567284310       -0.12313793334713       -3.84743306160052
C           -3.51331317906346       -0.54715585357352       -1.00572419068337
O           -3.82840025256409       -1.65640439509352       -1.81027967506767
C           -3.34251645193505       -1.03663190106283        0.43429644378643
O           -4.51897517034607       -1.62948718495125        0.92514662640401
C           -3.01914077545866        0.17908519427375        1.30218486508958
O           -2.88743948072730       -0.14676396115456        2.65058644655449
C            1.37553712816941        1.08868861549931        2.07404383795121
O            0.75048103588254        2.25526540941789        2.55250171237550
C            2.85586989122857        1.39283985589200        1.78008662662420
O            3.53270018292013        1.66564599878544        2.97513383359187
H            5.27598474709004       -0.95064477941832       -0.60533782343542
H            5.81059664587454       -1.10774363846249        1.09092974910209
H            6.59908193467555        0.07482763733537        0.01070358404298
H            3.63807953964329       -0.62414547122444        1.80908065495135
H            1.55941536006646       -1.45792733413113        1.06191800542332
H            0.77849405987524       -0.48555776390269       -1.72918055804657
H            0.02016694384317       -1.82135101033068       -0.78498803699970
H            2.71542466480562       -1.83906588276705       -1.50253866037226
H            0.56584221985513        1.25650140121273        0.07311744774292
H           -1.64366356991785        1.83319637949467        1.26606347187736
H           -1.46120081735968       -0.67981717085652       -1.55924397440569
H           -1.48174549807452        1.38418781460805       -3.05209605057294
H           -3.23286205295165        1.48927710869509       -2.78875249906364
H           -1.89092971591054       -0.66564618867442       -4.01382117885340
H           -4.33453854936412        0.18884877707927       -1.03043017852785
H           -3.80989931318783       -1.36640911016377       -2.73614314862815
H           -2.50772815856965       -1.75288500237395        0.48216206735303
H           -4.82924200859517       -2.24356742001048        0.24805078427625
H           -3.83357575282001        0.91362825899276        1.16699233612766
H           -3.56488110653160       -0.80901252935485        2.84418259761639
H            1.30834109231708        0.37435950111722        2.90190732124484
H            0.68689786685060        2.89882744900425        1.83539435720609
H            2.92217813546968        2.25415697666958        1.09274030360199
H            2.96656464458198        2.24642494570612        3.50286765441261
48
 energy: -84.804212121130 gnorm: 0.000167965195 xtb: 6.7.1 (edcfbbe)
C            5.65799069673137       -0.40625985122910        0.26323141133828
O            4.78059389690615        0.63565026080571        0.64391255743306
C            3.54674088499147        0.21396498166984        1.08723393829365
O            2.79104822696953       -0.21526090362818       -0.03002666891908
C            1.49187893848755       -0.67355572439861        0.28953208870539
C            0.94964341284238       -1.29134092411950       -1.00054394831368
O            1.83673126799409       -2.23867203494883       -1.52098729793938
C            0.65458273428961        0.48687802615374        0.85654911725971
O           -0.64074191411261        0.05373194770783        1.23791075206247
C           -1.72209191183857        0.83419977570841        0.80052619311916
O           -1.74219865293105        1.12489346632239       -0.56955243065765
C           -2.20733008239718        0.11964577381314       -1.46208839159694
C           -2.38269564483216        0.80285042010138       -2.82828249362184
O           -2.67130574347089       -0.12407698493751       -3.84729692362543
C           -3.51375595495754       -0.54668047877934       -1.00552765297345
O           -3.82985259090072       -1.65577926419025       -1.80982994813234
C           -3.34343249635364       -1.03622489717392        0.43452994372297
O           -4.52015605332234       -1.62852078771095        0.92542422973871
C           -3.01922560376513        0.17937467411093        1.30222237671591
O           -2.88785754410052       -0.14637114772791        2.65064037070244
C            1.37565606593095        1.08789519569736        2.07418456723698
O            0.75045144000015        2.25400387697517        2.55339060289206
C            2.85575586179331        1.39290854087357        1.78002061600907
O            3.53255752631612        1.66634955327993        2.97504112469705
H            5.27610318412731       -0.95049024918708       -0.60505015761201
H            5.81155799605994       -1.10675868802483        1.09112215550879
H            6.59913055201268        0.07575729392788        0.01004370923481
H            3.63850630272056       -0.62393591212860        1.80909229438240
H            1.55964104383731       -1.45820772255974        1.06126583675196
H            0.77919811607462       -0.48466327281806       -1.72947969251684
H            0.02046002399075       -1.82077097602163       -0.78606863978106
H            2.71597164545806       -1.83857845518365       -1.50271467764132
H            0.56575971822812        1.25622921886394        0.07323556530842
H           -1.64298240454709        1.83279016564771        1.26605152224980
H           -1.46195265041950       -0.68092266792674       -1.55865325948061
H           -1.48016335563225        1.38220474883898       -3.05216916992038
H           -3.23112363711745        1.48926404109176       -2.78931227289369
H           -1.89129268481878       -0.66727572560448       -4.01350941757602
H           -4.33433565576062        0.18994964699690       -1.03034009633584
H           -3.81144884199490       -1.36610303074089       -2.73572273113487
H           -2.50899593925540       -1.75287927913492        0.48231536084116
H           -4.83096944594698       -2.24203246550312        0.24804817828010
H           -3.83317609314726        0.91441003016399        1.16693043593415
H           -3.56538158631503       -0.80857041631544        2.84417964096059
H            1.30882207458223        0.37309146940145        2.90165293447309
H            0.68663417350944        2.89801464914957        1.83674255302925
H            2.92158938558513        2.25414647261711        1.09239580581283
H            2.96545816749509        2.24572530834374        3.50321116521787
