48
 energy: -84.830221643688 gnorm: 0.072068021662 xtb: 6.7.1 (edcfbbe)
C            5.73922946750468       -0.79072875150791        0.12855399854283
O            4.92274925766094        0.32022152368520        0.47705800620479
C            3.64399204332177       -0.00486170947497        0.87578692659162
O            2.88823940424080       -0.35810636828785       -0.26600734161756
C            1.55526811283362       -0.72290899408592        0.02981259689507
C            0.94826140957133       -1.25373019856896       -1.27374161749165
O            1.72668230805177       -2.26659728495436       -1.84356034664072
C            0.78761031064705        0.48071444502586        0.60317682098865
O           -0.52496752442240        0.07219516160939        0.97214663555103
C           -1.53933385438783        1.00403770348374        0.70445840605401
O           -1.80686577930586        1.16800954260450       -0.66056309592643
C           -2.44738262082594        0.07879629630536       -1.31694864993697
C           -2.76837673555858        0.56557180278521       -2.74107302166965
O           -3.30509437990945       -0.45490914457732       -3.54465088771902
C           -3.71994399979912       -0.38494648606481       -0.59015765312089
O           -4.23724582222523       -1.56224054039112       -1.15584203602581
C           -3.38711606052605       -0.67481988412494        0.87696800386921
O           -4.53273613928481       -1.02094542547765        1.61492822422610
C           -2.79470965816315        0.59337682203303        1.49160927440051
O           -2.46210009035279        0.43414497644156        2.83906144489392
C            1.52970748449165        1.05333981075557        1.82410345464892
O            0.98942260256392        2.27726869030733        2.26021712748978
C            3.03853155339863        1.22226429532148        1.56745593369934
O            3.72217127372078        1.41361402162408        2.77612609573509
H            5.33497893798847       -1.31640223926307       -0.73862813544107
H            5.82390604166367       -1.48291274656265        0.97177137639907
H            6.71352304521713       -0.37232105578743       -0.10915731303039
H            3.64553079120025       -0.85434397532941        1.59088899043158
H            1.55410247578380       -1.52573911919012        0.78512287675862
H            0.82433158790587       -0.41546600392829       -1.97304373979958
H           -0.02021668314806       -1.70161084872370       -1.05012242318166
H            2.62912778149617       -1.93138277135510       -1.93214466169072
H            0.72167153334923        1.25063125436836       -0.18012112731739
H           -1.22939592966900        2.00181238841155        1.04733414228667
H           -1.76756320881840       -0.78367052951775       -1.36358415775187
H           -1.86152805557202        0.99604209962746       -3.17641499575594
H           -3.52722145610036        1.34961440554881       -2.68399659222456
H           -2.60127417353612       -1.05117601518911       -3.83288264776681
H           -4.47293021190487        0.42069532290832       -0.62105901927555
H           -4.33380956490027       -1.41984275288127       -2.11360265741029
H           -2.64028633839668       -1.48224915587330        0.92803335066568
H           -4.99852801547006       -1.71560568765803        1.12931396595737
H           -3.53488003870633        1.40464344035428        1.37602277052834
H           -3.19026262068235       -0.04777177615195        3.25907578473038
H            1.38079532466611        0.36276390241635        2.66194996630692
H            1.12729753919205        2.95466316305505        1.58209297753655
H            3.20189164819860        2.07864097357388        0.89120379182894
H            3.25474171089663        2.09222315079758        3.28651433662934
48
 energy: -84.835486708307 gnorm: 0.011558342332 xtb: 6.7.1 (edcfbbe)
C            5.73742706832426       -0.79149399123283        0.12679574662894
O            4.91984380782160        0.31909769691115        0.47375890231301
C            3.64036226049366       -0.00496273111737        0.87159044102083
O            2.88091852427860       -0.34691731412308       -0.27336487962688
C            1.54524716356269       -0.71244961691452        0.01381119123053
C            0.93920049800351       -1.24422740309358       -1.28686270387659
O            1.72032649669548       -2.25883844175398       -1.85121487247067
C            0.79670399607890        0.47115127122726        0.64972660641049
O           -0.52448012873451        0.09491117299894        1.01967711797841
C           -1.53736380574679        1.00730760137406        0.68996271933861
O           -1.80145846882002        1.14690896777219       -0.67640484215621
C           -2.44870929935086        0.06113884373995       -1.32451899765596
C           -2.76967743844230        0.55689516922498       -2.74536875863238
O           -3.30872398636158       -0.45982825057618       -3.55124026939459
C           -3.72153883999226       -0.39044055518912       -0.59242110921126
O           -4.24369704188894       -1.56655514792643       -1.15514614706024
C           -3.38590641087222       -0.67404149203674        0.87516662176689
O           -4.53102560601595       -1.01773205249065        1.61523348311748
C           -2.79398056367041        0.59923495020710        1.48126790079653
O           -2.46261965507035        0.44640456369281        2.83034693208863
C            1.54282441115261        1.05280880964232        1.85439830408404
O            1.00034874900410        2.27977518009291        2.27949183209926
C            3.04553968701494        1.22169766438999        1.57410861538262
O            3.73685254233287        1.41440683799318        2.77761151618679
H            5.33441356310242       -1.31788506700528       -0.74042869998085
H            5.82208728138219       -1.48300039736229        0.97062776856759
H            6.71181020466650       -0.37258256999407       -0.10994778850579
H            3.64138809038895       -0.85758990479541        1.58309297803275
H            1.55119499192853       -1.52516535037319        0.75996211026451
H            0.81610374836230       -0.40669236032216       -1.98615410993535
H           -0.02756739841800       -1.69415978253118       -1.06000257192886
H            2.62390591534991       -1.92532871465184       -1.93517141891326
H            0.72843626670686        1.24385829927505       -0.13333322631550
H           -1.23901192899438        2.01281402715437        1.02130092195494
H           -1.77115296086419       -0.80252756011659       -1.37005344537652
H           -1.86213217425256        0.98770254181714       -3.17908927246818
H           -3.52613457086108        1.34321706911199       -2.68449407277999
H           -2.60552886913473       -1.05678788546015       -3.83912561849346
H           -4.47097871249766        0.41863173751585       -0.62448786270727
H           -4.33813399310160       -1.42505476403622       -2.11335514678031
H           -2.63891879204766       -1.48114553265040        0.92880004134204
H           -4.99723619919344       -1.71387229518632        1.13193504721699
H           -3.53662659543028        1.40754124786789        1.36271072123890
H           -3.18797284094713       -0.03917044675872        3.25165103183907
H            1.39711070850893        0.36532674083287        2.69412855621210
H            1.12903172445375        2.94935842514471        1.59127476768625
H            3.20139031817401        2.07837588130844        0.89610273496486
H            3.26810294655525        2.08988065666567        3.29113636302103
48
 energy: -84.836325249961 gnorm: 0.005520112177 xtb: 6.7.1 (edcfbbe)
C            5.73672473255237       -0.79330035293352        0.12308120093207
O            4.92006413626510        0.31776213927961        0.47021816050518
C            3.64142502758800       -0.00482463441085        0.87130610262286
O            2.87535047674325       -0.33408378138501       -0.27286052881006
C            1.54186867934059       -0.70617396553130        0.01979099338056
C            0.93098778927876       -1.21980005949859       -1.28605539844318
O            1.70854339841699       -2.23555338487789       -1.85356684142833
C            0.79820793653010        0.47759011207771        0.66679678586533
O           -0.52427010724293        0.10531786611394        1.03655056875313
C           -1.53484257695426        1.01053353314594        0.67947308175162
O           -1.79240365687630        1.12543092995494       -0.68860011150957
C           -2.45008736143288        0.04346082408795       -1.33126520025754
C           -2.77152745353732        0.54101035745683       -2.75144537993667
O           -3.31627034220125       -0.47060340411830       -3.55983342003953
C           -3.72418983077578       -0.39738043240220       -0.59642769719410
O           -4.25367878195045       -1.57318801062109       -1.15323626628830
C           -3.38602230389746       -0.67154096336514        0.87230806491023
O           -4.52975789458454       -1.01205713750522        1.61596253090794
C           -2.79540597463892        0.60677902150701        1.47063045456156
O           -2.46508587152032        0.46224369528521        2.82088014366582
C            1.55308388681347        1.04301400211806        1.87298224785226
O            1.01105886640697        2.26810926815584        2.30224054446295
C            3.05303067336619        1.21845930511991        1.58452679411268
O            3.75835323109801        1.41014751704803        2.78047505639810
H            5.33336903922938       -1.32001435739542       -0.74377103188510
H            5.82141591772665       -1.48424775110963        0.96739434672784
H            6.71112470040939       -0.37457401265478       -0.11381821076371
H            3.64123120891424       -0.86400537489134        1.57471600581345
H            1.55516953988378       -1.53553951765084        0.75091971406071
H            0.80930043124342       -0.38157194130363       -1.98513307987112
H           -0.03642112225217       -1.67027338344542       -1.06301957210094
H            2.61429457127092       -1.90726028866494       -1.93483700272646
H            0.73074833939099        1.26418488972487       -0.10559665959938
H           -1.24252643664957        2.02429589499186        0.99392984563939
H           -1.78116818484041       -0.82673104796795       -1.37927210408562
H           -1.86291656352699        0.97015963941548       -3.18471343319691
H           -3.52413545826164        1.33070537339182       -2.68645729022304
H           -2.61539841812633       -1.06925260464049       -3.84969463624407
H           -4.46895596348728        0.41580984251775       -0.63125461785991
H           -4.34712508789920       -1.43487948798752       -2.11204897063357
H           -2.63819210239126       -1.47761541015508        0.93071767510853
H           -4.99644357301517       -1.71052811796562        1.13639362499264
H           -3.53931758208247        1.41317506118678        1.34728865492753
H           -3.18777380995659       -0.02641695263148        3.24314919763886
H            1.41638714145949        0.35683125123529        2.71567086181800
H            1.13070798942521        2.93733958991179        1.61190994101204
H            3.20010096928509        2.07698550562438        0.90671676384907
H            3.29136245867896        2.08206648420311        3.30036324852772
48
 energy: -84.836779636681 gnorm: 0.006009634791 xtb: 6.7.1 (edcfbbe)
C            5.73779138320476       -0.79632884998894        0.11842448534940
O            4.92375591109124        0.31594047683017        0.46730523011657
C            3.64561423860156       -0.00422350536331        0.87100994543461
O            2.87394766129058       -0.31980108800264       -0.27259371217865
C            1.54243634366241       -0.69555090880112        0.02630808601990
C            0.92434608250896       -1.19259443431581       -1.28281452360307
O            1.69499076940227       -2.20837903182911       -1.86094762793173
C            0.80005227459746        0.48714009357364        0.67809525445437
O           -0.52295036872481        0.11059391360707        1.04265252760958
C           -1.53292644538720        1.01020132279950        0.66849548384158
O           -1.77875766806005        1.10108455481054       -0.70273552468389
C           -2.45202725678230        0.02423710341101       -1.33934295869725
C           -2.77402558613074        0.52184011506943       -2.75968167343546
O           -3.32645608218946       -0.48659469856555       -3.56657369979879
C           -3.72761306771827       -0.40345909284128       -0.60015061028719
O           -4.26543933945429       -1.57992472557308       -1.14811496819402
C           -3.38723906185189       -0.66745100656430        0.86983605193550
O           -4.52895651463480       -1.00445931374056        1.61825806344844
C           -2.79831090465707        0.61617959278232        1.45929242304473
O           -2.47096037536327        0.48208744122610        2.81121019617955
C            1.56164931395486        1.03435828777970        1.89127372127328
O            1.02196074932689        2.25473123605866        2.33803445344712
C            3.06042891341740        1.21387140534452        1.59538848921648
O            3.77868099443085        1.40106833066290        2.78458708616154
H            5.33270640161740       -1.32225954669962       -0.74820486364365
H            5.82213928408580       -1.48760597700147        0.96248936526214
H            6.71249343048565       -0.37897265406279       -0.11943290861374
H            3.64324106348817       -0.87076994006039        1.56520832767068
H            1.55846585198704       -1.53473478774977        0.74605065670501
H            0.80487990070308       -0.34893130325481       -1.97568109672836
H           -0.04507023429799       -1.64022845999286       -1.06296651028929
H            2.60271455832263       -1.88513924603167       -1.94041290321499
H            0.73847221868380        1.28515299771562       -0.08295017181707
H           -1.24446105554047        2.03125629183836        0.96404464735913
H           -1.79605837210920       -0.85593679161296       -1.39104805902747
H           -1.86387854787178        0.94589014472571       -3.19479356987145
H           -3.52201953106698        1.31573827764581       -2.69239741641020
H           -2.62883265146787       -1.08761295698453       -3.85943795434942
H           -4.46776858314238        0.41365720175448       -0.63935671507590
H           -4.36020736989026       -1.44699473652382       -2.10749094231240
H           -2.63773919703223       -1.47171772483336        0.93379909240972
H           -4.99650210495529       -1.70540491126585        1.14309161493316
H           -3.54193288092123        1.42165817372923        1.32810410418498
H           -3.19129080024318       -0.00930491023374        3.23408990967887
H            1.43344975058591        0.34237353962573        2.73072119432504
H            1.13073032137097        2.92859392015166        1.65057146429020
H            3.19979942257442        2.07601203500029        0.92047705806907
H            3.31667184277854        2.07070987433207        3.31179463453187
48
 energy: -84.837097265301 gnorm: 0.004650405335 xtb: 6.7.1 (edcfbbe)
C            5.73984130929150       -0.79951012923178        0.11413961611961
O            4.92979767556146        0.31465675647761        0.46627029193573
C            3.65166237285952       -0.00321206673955        0.87084765972252
O            2.87653426923820       -0.30743505065248       -0.27274719481185
C            1.54652161245648       -0.68292240328784        0.03162205543234
C            0.91962953736890       -1.16557006558985       -1.27877737951807
O            1.68131910274496       -2.18016114323123       -1.87205030908039
C            0.80411872774288        0.49849056665516        0.68390360335933
O           -0.51896155622696        0.11557523597529        1.04137464834809
C           -1.53155041688438        1.00796278652730        0.65692938694941
O           -1.76412657141907        1.07752367032183       -0.71839046942909
C           -2.45538507000322        0.00602294283680       -1.34785609532266
C           -2.77833160145686        0.50142504588614       -2.76914452220528
O           -3.33910058120371       -0.50663542700314       -3.57054445561259
C           -3.73205322975710       -0.40789451749934       -0.60283473969344
O           -4.27740010956699       -1.58601060296169       -1.14032551032826
C           -3.38928296163640       -0.66258063240591        0.86796880921314
O           -4.52858867838526       -0.99644499068837        1.62147643986136
C           -2.80070138251924        0.62576424968064        1.44716853765303
O           -2.47832049769475        0.50464856912351        2.80133748698934
C            1.56986310450220        1.02515576677587        1.90759875394704
O            1.03373052278301        2.23782712261470        2.38160142018039
C            3.06823316193328        1.20951584165571        1.60565037772460
O            3.79487548594777        1.38918170522596        2.79078594933470
H            5.33162387211444       -1.32356570225836       -0.75236556107763
H            5.82393122650310       -1.49220701217614        0.95705083328011
H            6.71517442553650       -0.38478214609953       -0.12557131083244
H            3.64731957313855       -0.87584205018041        1.55727901439413
H            1.56226535938771       -1.52459031268864        0.74588079271239
H            0.80080680395064       -0.31394492481371       -1.96204734052781
H           -0.05140310261429       -1.60861471846221       -1.05830318519300
H            2.59017603871423       -1.86052359651376       -1.95207893309580
H            0.75001739721339        1.30523637585256       -0.06640476915222
H           -1.24567120941609        2.03442865728050        0.93512971917604
H           -1.81333240455266       -0.88469840063109       -1.40322546891806
H           -1.86639946052633        0.91764489513697       -3.20798617162417
H           -3.52133362670991        1.29998574785605       -2.70254729392517
H           -2.64510155924872       -1.11029966442382       -3.86669460650513
H           -4.46848101622218        0.41220149614642       -0.64723504754023
H           -4.37638572384379       -1.45979892206885       -2.10004153736473
H           -2.63776818078943       -1.46466768708378        0.93643608762559
H           -4.99750573326057       -1.69937547795214        1.15061247686565
H           -3.54207351175359        1.43156519536527        1.30541240020700
H           -3.19681648607330        0.01116835783239        3.22479266094226
H            1.44745309216782        0.31966824259497        2.73675108296029
H            1.12989751161979        2.92117223585769        1.70185993154227
H            3.20170096703254        2.07665530747381        0.93586842729180
H            3.33957620406209        2.05780660215829        3.32490859381867
48
 energy: -84.837282794198 gnorm: 0.003360903796 xtb: 6.7.1 (edcfbbe)
C            5.74255717392431       -0.80122442143489        0.11118851362203
O            4.93671021804176        0.31458164342831        0.46826309680085
C            3.65805983403618       -0.00231041381608        0.87166305678781
O            2.88212761858734       -0.30019894130149       -0.27256186210472
C            1.55243785965645       -0.67225076997681        0.03376979789380
C            0.91799725101641       -1.14569438366182       -1.27615520292769
O            1.67203056934755       -2.15721882362188       -1.88446812475051
C            0.80915466874002        0.50810178179386        0.68452162552083
O           -0.51389460632915        0.12049699332274        1.03585163640843
C           -1.53038109903527        1.00617448320018        0.64693801717335
O           -1.75438659704029        1.06175698333866       -0.73180042380081
C           -2.45940145589463       -0.00641199050711       -1.35438790794354
C           -2.78392173081617        0.48394973466078       -2.77739143830739
O           -3.35187259664808       -0.52652900157389       -3.57083057991229
C           -3.73626359443592       -0.40995582076531       -0.60384692064715
O           -4.28641844445364       -1.59020126496765       -1.13190815361005
C           -3.39101113612468       -0.65773324334260        0.86719732246769
O           -4.52812630070426       -0.98865195667348        1.62503231242188
C           -2.80103167909002        0.63380951766101        1.43662324616861
O           -2.48382452851445        0.52547761159313        2.79296782649539
C            1.57609419795871        1.01665122599934        1.91778104447990
O            1.04284778333854        2.21983065368465        2.41994720925507
C            3.07454116507408        1.20595489607501        1.61392087829281
O            3.80287676108934        1.37754355254645        2.79870781357465
H            5.33013912854985       -1.32227757447833       -0.75532033138091
H            5.82681065257462       -1.49630551157663        0.95212680779497
H            6.71856582447055       -0.38939364912858       -0.13074186700441
H            3.65274088650437       -0.87823539672681        1.55378338356970
H            1.56568043867634       -1.51203481460415        0.74789430117839
H            0.79722874629697       -0.28656119915223       -1.94973688670609
H           -0.05336007376927       -1.58512622983822       -1.05177196045376
H            2.58072465430305       -1.83827957843942       -1.96757479286100
H            0.76087142849382        1.32001091242714       -0.05813558681276
H           -1.24586181805099        2.03546591656777        0.91394101300621
H           -1.82695709496586       -0.90408000552860       -1.41110906841795
H           -1.87073076266151        0.89201883661121       -3.22107330035186
H           -3.52280519573113        1.28645731602838       -2.71424000740837
H           -2.66121545151409       -1.13279563743538       -3.86946609184951
H           -4.47067352219341        0.41152131144889       -0.65263178248399
H           -4.39160925337678       -1.47013855600315       -2.09161491727366
H           -2.63844586482595       -1.45861286798265        0.93781593717039
H           -4.99908410547343       -1.69242299287484        1.15748711221094
H           -3.53909301574235        1.44087631256710        1.28439763187732
H           -3.20140771695256        0.03133524011519        3.21729609330838
H            1.45603883480092        0.29393611152725        2.73253698996310
H            1.12796154004301        2.91510071837533        1.75102403429375
H            3.20504444230473        2.07801382439338        0.95008278798626
H            3.35253064815896        2.04557519670695        3.33749287235479
48
 energy: -84.837375720190 gnorm: 0.002744500815 xtb: 6.7.1 (edcfbbe)
C            5.74498876964156       -0.80068300366408        0.10967777663692
O            4.94183097018493        0.31550359163148        0.47223956154935
C            3.66259083769582       -0.00214695931215        0.87354117471625
O            2.88768191470245       -0.29830144296873       -0.27175889483814
C            1.55732470502014       -0.66670545140663        0.03288469797090
C            0.91914862115932       -1.13598466335246       -1.27658880940257
O            1.66957536653269       -2.14334368807603       -1.89503267827027
C            0.81305262712844        0.51330561652040        0.68221533408455
O           -0.51016497370893        0.12430598533548        1.03027773182866
C           -1.52926429847623        1.00614538227289        0.64020530501271
O           -1.75163032905264        1.05650114690331       -0.74018740276931
C           -2.46224470599487       -0.01155446048574       -1.35757748229617
C           -2.78872129563188        0.47253142580054       -2.78245537688704
O           -3.36161358937355       -0.54152683797427       -3.56813764125837
C           -3.73874304869843       -0.41010927692635       -0.60349153329002
O           -4.29076701054977       -1.59224775356105       -1.12512037397237
C           -3.39158505578600       -0.65350618287886        0.86761877497812
O           -4.52725812901756       -0.98158990737425        1.62840052318825
C           -2.79973715040155        0.63970717003377        1.42999918229899
O           -2.48589891629577        0.54069563632374        2.78772657931448
C            1.57889567046433        1.01006782804660        1.92136812234418
O            1.04680327464543        2.20484730805678        2.44286858497507
C            3.07760182694810        1.20325160209516        1.61943001124500
O            3.80301273776239        1.36893029196582        2.80638302610869
H            5.32883387244092       -1.31847040675035       -0.75702468817573
H            5.83019800891477       -1.49841427381493        0.94836318341462
H            6.72121175719377       -0.39043134487092       -0.13403176678841
H            3.65754215540303       -0.87913069396813        1.55436550080085
H            1.56749041251245       -1.50450827282525        0.74894424326796
H            0.79450189957435       -0.27235031234781       -1.94371540315702
H           -0.05129458403451       -1.57493204542673       -1.04819599428946
H            2.57717655471569       -1.82252570698250       -1.98211413322205
H            0.76773511134358        1.32740659108797       -0.05690324013754
H           -1.24478881780013        2.03630749011535        0.90269823345479
H           -1.83284725233309       -0.91123977237633       -1.41271002975029
H           -1.87526956854689        0.87448712615848       -3.23091484878703
H           -3.52521520002615        1.27743016380908       -2.72332076141994
H           -2.67346988929530       -1.15015489188945       -3.86762278884806
H           -4.47268749260867        0.41149288733439       -0.65493133810344
H           -4.40153638131221       -1.47629097829034       -2.08461954739832
H           -2.63922558226803       -1.45451800883721        0.93869335675833
H           -5.00041862045001       -1.68525146110270        1.16289958398186
H           -3.53535603673296        1.44775791094328        1.27040574252132
H           -3.20335260512125        0.04724248635131        3.21324543028078
H            1.45908285156111        0.27379194748457        2.72396460603938
H            1.12540543287153        2.90992713867209        1.78376137977803
H            3.20794378121956        2.07874347783046        0.96035000274224
H            3.35345605525431        2.03553332126241        3.34741223844753
48
 energy: -84.837439698337 gnorm: 0.001954732268 xtb: 6.7.1 (edcfbbe)
C            5.74699077154674       -0.79843620678541        0.10867727745365
O            4.94495738978046        0.31689767478394        0.47685589506324
C            3.66532943185756       -0.00276018741322        0.87597501395307
O            2.89215595276683       -0.29913570682976       -0.27066446757947
C            1.56067226738883       -0.66486493195541        0.03027443078116
C            0.92191340840974       -1.13240393462850       -1.27960846723706
O            1.67230597504075       -2.13471458790726       -1.90454956853849
C            0.81558128024245        0.51526712926004        0.67890492584693
O           -0.50821244080291        0.12722685327163        1.02554503497572
C           -1.52809898135994        1.00778929017528        0.63530563809401
O           -1.75278967817415        1.05773192045211       -0.74556527632272
C           -2.46365687044790       -0.01266350137300       -1.35864400773906
C           -2.79235876140987        0.46458619404560       -2.78538801152211
O           -3.36921441428872       -0.55311020407108       -3.56384331876195
C           -3.73962316764569       -0.40946830976577       -0.60226056823573
O           -4.29193205887774       -1.59331427213960       -1.11924363698546
C           -3.39122219123712       -0.64934703910095        0.86911445811201
O           -4.52605942285831       -0.97444288016309        1.63198919302647
C           -2.79790551925373        0.64517040429163        1.42595899356395
O           -2.48588063824629        0.55318541169097        2.78443050853017
C            1.57918361092744        1.00431952551527        1.92177842201053
O            1.04687286276105        2.19194147630282        2.45571219375492
C            3.07820528271654        1.20054872895302        1.62355406107307
O            3.79906270300767        1.36221303375319        2.81364097829465
H            5.32788704432637       -1.31314523346808       -0.75832617111233
H            5.83403425731608       -1.49881117450832        0.94502354148480
H            6.72284606810068       -0.38818148849497       -0.13641474488750
H            3.66131092369051       -0.88010101095872        1.55656084486943
H            1.56776888385136       -1.50191230851740        0.74795273062885
H            0.79221419468031       -0.26625984723509       -1.94255306971535
H           -0.04684639477005       -1.57382977341827       -1.04866642374018
H            2.57827189902799       -1.81031566524767       -1.99553205106798
H            0.77199064314090        1.33041989161593       -0.05886546290531
H           -1.24251659039707        2.03803775226137        0.89647739883728
H           -1.83327029364447       -0.91164450841663       -1.41030886072736
H           -1.87935230892683        0.86184409727802       -3.23866598174280
H           -3.52738889777923        1.27102590945433       -2.72971571058978
H           -2.68322829236857       -1.16432944892551       -3.86284383954077
H           -4.47380943771833        0.41176718769547       -0.65552348952778
H           -4.40704057813802       -1.48013925512804       -2.07853112975159
H           -2.63962356410712       -1.45109133158063        0.94052603353674
H           -5.00127454300865       -1.67775607809580        1.16800839194746
H           -3.53223029810646        1.45350883968453        1.26117778865630
H           -3.20369987818189        0.06140695084996        3.21135634278853
H            1.45926400277731        0.25847721538115        2.71525741980734
H            1.12200481447421        2.90460508440965        1.80482806069631
H            3.20972039221892        2.07845770861496        0.96817131278331
H            3.34668584291215        2.02574633482164        3.35614252220032
48
 energy: -84.837509796736 gnorm: 0.002057994986 xtb: 6.7.1 (edcfbbe)
C            5.74932095568943       -0.79323651850999        0.10694680240884
O            4.94676021127002        0.31920755537633        0.48315498301246
C            3.66708762514951       -0.00471518384828        0.87954009904728
O            2.89650353392034       -0.30170634817951       -0.26924371266833
C            1.56323156726084       -0.66562432170775        0.02505109006495
C            0.92721656663151       -1.13159072596609       -1.28720410118503
O            1.68232173363342       -2.12495205995688       -1.91856233276383
C            0.81736381255664        0.51491550027152        0.67375407308273
O           -0.50803369887423        0.13085972744282        1.01968473396737
C           -1.52648137697900        1.01246652688264        0.62920973027030
O           -1.75684730888282        1.06448405150890       -0.75142504806484
C           -2.46370439630175       -0.01194077919334       -1.35848805197140
C           -2.79585313447433        0.45459998298510       -2.78798391520206
O           -3.37854183204382       -0.56782659899229       -3.55629545385160
C           -3.73898463336762       -0.40824442279569       -0.59960379155006
O           -4.29046327141724       -1.59473595112231       -1.11062812484146
C           -3.38977271631988       -0.64213798915333        0.87271282306338
O           -4.52410188327132       -0.96246580648514        1.63790625066658
C           -2.79544653447496        0.65467749077451        1.42228091933406
O           -2.48418128839292        0.57162355816997        2.78126001248126
C            1.57715461423681        0.99532819454080        1.92101078228341
O            1.04283870593298        2.17385550993089        2.46747062074798
C            3.07653889412419        1.19567816517644        1.62885568072362
O            3.79063618515553        1.35334864050615        2.82372557898603
H            5.32723894434223       -1.30420524502384       -0.76054798352197
H            5.84040873883246       -1.49723444733891        0.93989155448747
H            6.72373025211753       -0.38060483417731       -0.13979830398246
H            3.66513529917046       -0.88290548056368        1.55942584774366
H            1.56632315486765       -1.50361389123044        0.74305053433796
H            0.78913232293586       -0.26306583012877       -1.94554229736761
H           -0.03828530701366       -1.58067427512244       -1.05590877118461
H            2.58531438325457       -1.79332137002115       -2.01395164271155
H            0.77641502543213        1.33171490032508       -0.06287274328978
H           -1.23780259878382        2.04251492487884        0.88977571388808
H           -1.82877477379004       -0.90807771603944       -1.40320415789368
H           -1.88397717882691        0.84569400192315       -3.24860675966403
H           -3.52893272686945        1.26311737038185       -2.73625865598909
H           -2.69582660581354       -1.18387198749668       -3.85279876973444
H           -4.47389314478837        0.41224343636534       -0.65561604835071
H           -4.40996054073652       -1.48494323086049       -2.06980971906601
H           -2.63928248253908       -1.44485515022672        0.94608854018879
H           -5.00171698246532       -1.66576179220866        1.17631460685389
H           -3.52924591061531        1.46241786036726        1.25150835610282
H           -3.20278558906643        0.08338729093576        3.21097529789845
H            1.45774824955581        0.23942981018472        2.70469620866757
H            1.11477470357834        2.89528758264191        1.82644899097103
H            3.21022238775843        2.07653189291353        0.97805218435055
H            3.32947272973286        2.00892371004861        3.36904352380113
48
 energy: -84.837544504839 gnorm: 0.001918137090 xtb: 6.7.1 (edcfbbe)
C            5.74984659840173       -0.79037572778644        0.10551156706999
O            4.94578948487557        0.32008415696554        0.48428418470243
C            3.66653720441966       -0.00598941889618        0.88020826351303
O            2.89639813896453       -0.30193652796104       -0.26934436157384
C            1.56272188185513       -0.66687818373609        0.02274253077423
C            0.92941500440921       -1.13154841794036       -1.29165338436615
O            1.68906076420009       -2.12030177034850       -1.92479052910985
C            0.81682786391404        0.51350548711898        0.67213685843646
O           -0.50959508172173        0.13212359212275        1.01797165701003
C           -1.52615007035943        1.01536478830100        0.62694475748959
O           -1.75798034528251        1.06737104971204       -0.75341711857540
C           -2.46265927708993       -0.01210611308646       -1.35795612888972
C           -2.79574202292973        0.45004749948395       -2.78857646453931
O           -3.38117752959898       -0.57355531324244       -3.55314031161545
C           -3.73782621506111       -0.40796358513167       -0.59811173958583
O           -4.28867094028410       -1.59579677112985       -1.10647571612634
C           -3.38916102810586       -0.63810619703539        0.87500737206358
O           -4.52379306555035       -0.95632023313133        1.64066457478759
C           -2.79527419956915        0.66026141679417        1.42138272421465
O           -2.48344928277347        0.58086643779475        2.78037877391671
C            1.57556811249304        0.99055076952344        1.92135161662114
O            1.03978332248248        2.16638701260201        2.47145084562337
C            3.07487025809421        1.19277432672876        1.63102638094011
O            3.78744714581673        1.34946189079736        2.82717618552767
H            5.32765705105521       -1.30073802420817       -0.76219358328759
H            5.84323913076125       -1.49541829087649        0.93730165921679
H            6.72316794253166       -0.37543617569542       -0.14168307269077
H            3.66542059170476       -0.88537817545590        1.55859574516749
H            1.56506656411734       -1.50631085530516        0.73909381514280
H            0.78814368991577       -0.26206159092105       -1.94810872287049
H           -0.03448520997127       -1.58571401874218       -1.06295975740556
H            2.59066223513186       -1.78487499250305       -2.02000574381011
H            0.77783642632101        1.33166858674944       -0.06332318681624
H           -1.23558606564895        2.04540306850288        0.88645670147809
H           -1.82574722256069       -0.90708600639210       -1.39934279276679
H           -1.88412618948750        0.83840916586882       -3.25199005719914
H           -3.52754524924310        1.25983907536212       -2.73794512167277
H           -2.70002441313877       -1.19238795477084       -3.84750685935534
H           -4.47296214037176        0.41225383752742       -0.65606738577723
H           -4.40853980983263       -1.48757306329855       -2.06586250360392
H           -2.63866469006562       -1.44059110800284        0.95087570006616
H           -5.00159956189731       -1.66042271168371        1.18053457358360
H           -3.52925756376614        1.46738515443327        1.24850777371870
H           -3.20237614161307        0.09469510098017        3.21183883257960
H            1.45684799204427        0.23209253557992        2.70274331833059
H            1.11056243389154        2.89014217473573        1.83296388010983
H            3.20882284759436        2.07485214098746        0.98189864390015
H            3.32069531185965        1.99932768667825        3.37489076034031
48
 energy: -84.837602149448 gnorm: 0.001504987530 xtb: 6.7.1 (edcfbbe)
C            5.75005640681511       -0.78422624549047        0.10195167783867
O            4.94141015355121        0.32170550133454        0.48369891364953
C            3.66349970296897       -0.00884170031382        0.87967340481056
O            2.89333303024134       -0.30164447334240       -0.27089319297200
C            1.55944208423527       -0.67073857111448        0.01815772485708
C            0.93330614701120       -1.13298900806444       -1.30122851688484
O            1.70502403313804       -2.11206044994220       -1.93595683352568
C            0.81380227935165        0.50874749464747        0.66950442661309
O           -0.51448398083075        0.13341233581326        1.01586106380490
C           -1.52629526400740        1.02137116281717        0.62453504589148
O           -1.75950197502176        1.07315086575730       -0.75494493272727
C           -2.45924003398884       -0.01218918535909       -1.35549986378754
C           -2.79266213050008        0.44252864803503       -2.78817976571101
O           -3.38264009244580       -0.58239641236038       -3.54698828803924
C           -3.73447838995896       -0.40744285795544       -0.59475804289116
O           -4.28306484289062       -1.59810883498882       -1.09865554488850
C           -3.38839511469795       -0.62977793475675        0.88027414440915
O           -4.52463239103251       -0.94437953760338        1.64531763781012
C           -2.79612944991055        0.67160489367487        1.42127159535574
O           -2.48253547043165        0.59836424585221        2.78011094180474
C            1.57132393400702        0.98124178437977        1.92159885909425
O            1.03259280329952        2.15451213136147        2.47479055387992
C            3.07012831554462        1.18658114208981        1.63403749208640
O            3.78112418912836        1.34230005399292        2.83173883419331
H            5.32952609539527       -1.29514215038354       -0.76617678325491
H            5.84822767892057       -1.49026494546945        0.93227653136252
H            6.72084057181654       -0.36350672076660       -0.14564317380489
H            3.66403399934662       -0.89110927606364        1.55415164701680
H            1.56205528599533       -1.51338239431146        0.73014802876564
H            0.78712919299826       -0.26192740007968       -1.95439289455216
H           -0.02726579783930       -1.59866697831896       -1.08073965577554
H            2.60397665043262       -1.76839825003568       -2.02692497427162
H            0.77878890147681        1.32937010913439       -0.06351034377322
H           -1.23155404989464        2.05083840781651        0.88235277025528
H           -1.81844870290199       -0.90474452198701       -1.39023808539448
H           -1.88089476788737        0.82590116807225       -3.25546794809554
H           -3.52168189012255        1.25504302818073       -2.73961010740610
H           -2.70420950114868       -1.20690028907294       -3.83585844896990
H           -4.47037017961961        0.41187495146844       -0.65734370432861
H           -4.40158872234053       -1.49277314014171       -2.05870229488138
H           -2.63737183836874       -1.43104584935592        0.96259678753563
H           -5.00116960652580       -1.65119572209007        1.18816751456126
H           -3.53050884034800        1.47751261981078        1.24527432521508
H           -3.20251592190619        0.11735983414924        3.21542660007700
H            1.45303962983544        0.22089817076351        2.70130713084852
H            1.10269713886679        2.87995796624565        1.83829518639594
H            3.20395871825966        2.07066452478779        0.98749255187551
H            3.30231669272047        1.97890753704157        3.38518716100581
48
 energy: -84.837633259620 gnorm: 0.001036240340 xtb: 6.7.1 (edcfbbe)
C            5.75026254415439       -0.78009250325705        0.09861031918454
O            4.93850362764049        0.32297147665827        0.48181011023944
C            3.66160478194600       -0.01069847014058        0.87803355114357
O            2.89085910257768       -0.30019753160758       -0.27292938731892
C            1.55712906327688       -0.67221188406104        0.01502828583842
C            0.93521397708251       -1.13202525168997       -1.30745312583425
O            1.71494170391913       -2.10379762094160       -1.94462178249302
C            0.81150616898588        0.50611403739103        0.66797202924779
O           -0.51735940822625        0.13385234358228        1.01462898547691
C           -1.52665250131787        1.02463677570420        0.62335238904573
O           -1.75886692533954        1.07473843911017       -0.75591847327594
C           -2.45704399987330       -0.01352282767443       -1.35351473791963
C           -2.78925854796089        0.43610711593177       -2.78798965618576
O           -3.38192856820661       -0.59011681834680       -3.54282047491292
C           -3.73265367038774       -0.40717239345762       -0.59242014311327
O           -4.27951526016148       -1.60026996033633       -1.09264661820190
C           -3.38896594877158       -0.62371483314889        0.88404061246264
O           -4.52672962036046       -0.93559746167103        1.64810609182398
C           -2.79727444945151        0.67961850430272        1.42074323851066
O           -2.48386068586067        0.61177359363189        2.77997770385520
C            1.56881930439390        0.97447281376806        1.92235292079864
O            1.02903024301548        2.14637184693445        2.47921150510490
C            3.06719628892805        1.18179482114196        1.63622217748591
O            3.77755891427381        1.33552179957805        2.83467945188412
H            5.33108151355189       -1.29183040503616       -0.76980037907367
H            5.85141704489144       -1.48648149018496        0.92823866123245
H            6.71942022843828       -0.35579537987268       -0.14929134642872
H            3.66342929141651       -0.89535678554604        1.54916319711125
H            1.56066417719766       -1.51653563196163        0.72444077745338
H            0.78589387678015       -0.25906541016685       -1.95727363639187
H           -0.02284735384848       -1.60507783789792       -1.09238662416379
H            2.61232271726070       -1.75449372955974       -2.03009983427456
H            0.77892794702011        1.32855632442777       -0.06280742869274
H           -1.22918245162433        2.05360148575097        0.87967284591100
H           -1.81522038412874       -0.90538029767857       -1.38393322483585
H           -1.87656944047160        0.81543133743303       -3.25695311446667
H           -3.51602072771681        1.25080984342104       -2.74217057312337
H           -2.70516158559026       -1.21819391165665       -3.82785952460072
H           -4.46921561871032        0.41123822398437       -0.65910306837973
H           -4.39731354827314       -1.49770989863996       -2.05320378001713
H           -2.63772194008960       -1.42415599543415        0.97114684294130
H           -5.00167697763449       -1.64496199625307        1.19328997877585
H           -3.53093848334054        1.48538107768436        1.24123967272894
H           -3.20527954948223        0.13545246888586        3.21795772209897
H            1.44993158235398        0.21168722691965        2.69997144343703
H            1.09860334239605        2.87329320045314        1.84404966609769
H            3.20040517709219        2.06783472687841        0.99209239501313
H            3.29252970876928        1.96319257038173        3.39264951416066
48
 energy: -84.837654069179 gnorm: 0.000739794675 xtb: 6.7.1 (edcfbbe)
C            5.75057850418916       -0.77743025362007        0.09574140339172
O            4.93709147876335        0.32406130881433        0.47968551470305
C            3.66085451490340       -0.01162410908773        0.87620912841689
O            2.88942609337700       -0.29836906985527       -0.27479420405968
C            1.55599661917987       -0.67208754469552        0.01304092604446
C            0.93555817067380       -1.12975947618025       -1.31087146014301
O            1.71936367169935       -2.09657862216053       -1.95091307003708
C            0.81000910866401        0.50493162821478        0.66755030092760
O           -0.51869242441428        0.13337535114828        1.01441981726739
C           -1.52706953924165        1.02560941119265        0.62332668832988
O           -1.75770681124690        1.07402316910373       -0.75605649248915
C           -2.45588949483637       -0.01530351941187       -1.35180729606641
C           -2.78600286951675        0.43099425665377       -2.78777008813474
O           -3.37904833567499       -0.59646383136729       -3.54054872753694
C           -3.73227326775412       -0.40700604411396       -0.59112191933149
O           -4.27795214524072       -1.60180858119924       -1.08886154614706
C           -3.39068123499460       -0.61993732061222        0.88634681260648
O           -4.52978185985667       -0.92936182353377        1.64943998909509
C           -2.79859264813389        0.68422647332980        1.42018738934717
O           -2.48655424740690        0.62023379996136        2.77994427567214
C            1.56780440830457        0.97045492392408        1.92297469927168
O            1.02812497173037        2.14172526704427        2.48215816551559
C            3.06602629560052        1.17855119253139        1.63784112920166
O            3.77638616751275        1.32951053418751        2.83654852499063
H            5.33221363397128       -1.28966443509610       -0.77286269196384
H            5.85321644418996       -1.48398961600983        0.92501226484694
H            6.71889694391320       -0.35133737926370       -0.15230953908818
H            3.66374839937194       -0.89806520316197        1.54483134092662
H            1.56045393973911       -1.51732285532518        0.72107055868042
H            0.78407270771829       -0.25513019518281       -1.95786870499122
H           -0.02088699711783       -1.60678667733533       -1.09843069260879
H            2.61610582990189       -1.74435171118987       -2.03103971876670
H            0.77821915864371        1.32853726778708       -0.06166489140731
H           -1.22783654449960        2.05413241361051        0.87881735382381
H           -1.81454375751371       -0.90751607825356       -1.37938781003929
H           -1.87214714940288        0.80769425163830       -3.25652232482696
H           -3.51157823324308        1.24684811231206       -2.74511671482870
H           -2.70266784512875       -1.22592631983725       -3.82324275989642
H           -4.46924675055581        0.41071012996139       -0.66098045552185
H           -4.39536288849946       -1.50149861031541       -2.04968801482244
H           -2.63988090860575       -1.42037551678593        0.97654068495052
H           -5.00345433593363       -1.64067112413059        1.19634090789645
H           -3.53100583908084        1.49041363540191        1.23756624859663
H           -3.20978576417412        0.14796523269287        3.21925305183238
H            1.44779644564646        0.20626451374335        2.69893819479644
H            1.09823390238309        2.86936671865815        1.84795432995096
H            3.19883742461053        2.06623905741042        0.99586041636256
H            3.28962173773845        1.95249299608147        3.39774416082452
48
 energy: -84.837672737320 gnorm: 0.000680429732 xtb: 6.7.1 (edcfbbe)
C            5.75103194418794       -0.77511002789228        0.09270572752057
O            4.93636232767640        0.32524768779391        0.47738214864836
C            3.66061659117318       -0.01212879508199        0.87416335949231
O            2.88845685740060       -0.29647174525807       -0.27672698840368
C            1.55543456077185       -0.67136970888836        0.01134244733533
C            0.93516253119077       -1.12694467781295       -1.31328209914833
O            1.72126160734566       -2.08951151981557       -1.95694107857010
C            0.80916239311250        0.50456917839906        0.66741705622470
O           -0.51907136806917        0.13246552993104        1.01474132947515
C           -1.52733873512587        1.02547757336991        0.62390699557525
O           -1.75674472386855        1.07261644317077       -0.75566976041186
C           -2.45524404588827       -0.01727486447479       -1.34995433291958
C           -2.78221214651560        0.42585318508399       -2.78762357900803
O           -3.37411721193401       -0.60323468972083       -3.53911695319617
C           -3.73277396968106       -0.40689339349228       -0.59025955223353
O           -4.27766659558572       -1.60296607784386       -1.08609381671285
C           -3.39337691192023       -0.61708686423235        0.88814882374259
O           -4.53396918160468       -0.92328371253952        1.65029165436412
C           -2.79986689776010        0.68721149716163        1.41979171684607
O           -2.49002814274285        0.62632468006211        2.78017722875147
C            1.56733319282260        0.96793496564122        1.92359822637055
O            1.02820543092514        2.13878078101649        2.48472925162430
C            3.06567788837177        1.17588709247153        1.63918354381658
O            3.77608403324576        1.32289199757614        2.83817035426731
H            5.33320255566554       -1.28744490841521       -0.77615381191888
H            5.85459604618891       -1.48196717402898        0.92160842556488
H            6.71884724230693       -0.34786599929580       -0.15531470821576
H            3.66463527440154       -0.90009135797387        1.54067543656898
H            1.56077516939062       -1.51739996893484        0.71837051474764
H            0.78110122415437       -0.25061116662034       -1.95743269661682
H           -0.01990687190938       -1.60684300985630       -1.10166294107516
H            2.61780956394035       -1.73564448874161       -2.03196977644035
H            0.77697494056945        1.32912943471240       -0.06056338218220
H           -1.22677302356845        2.05361680665402        0.87903096462484
H           -1.81489600282838       -0.91024865152670       -1.37465825841990
H           -1.86701993967062        0.80084112286624       -3.25513079174619
H           -3.50742065885961        1.24214761573414       -2.74861316620355
H           -2.69729157784428       -1.23303225598309       -3.81989117088731
H           -4.46976452197656        0.41046806570121       -0.66305830242897
H           -4.39450336486645       -1.50486106977912       -2.04714455727720
H           -2.64386521292534       -1.41841436541794        0.98077224485896
H           -5.00691366791290       -1.63614529287767        1.19887325207488
H           -3.53063373954726        1.49419360327486        1.23393973906592
H           -3.21580658328697        0.15849916494433        3.22006062433535
H            1.44641792622093        0.20233395905131        2.69807493243794
H            1.09956467653016        2.86741539514147        1.85172682453792
H            3.19868896559795        2.06542214330360        0.99976483390029
H            3.28979683286657        1.94351359109147        3.40209922301825
48
 energy: -84.837691414017 gnorm: 0.000701290246 xtb: 6.7.1 (edcfbbe)
C            5.75161127542113       -0.77236940213123        0.08898478189379
O            4.93590836081604        0.32675467550858        0.47507183587408
C            3.66065284982276       -0.01246934396034        0.87210226436939
O            2.88784677328134       -0.29454656264052       -0.27873987294011
C            1.55520987456121       -0.67037866664813        0.00958829941895
C            0.93424679506992       -1.12382082641624       -1.31540664740513
O            1.72214078109396       -2.08182672635063       -1.96346161137461
C            0.80837369611014        0.50412577971513        0.66750846810075
O           -0.51956708872949        0.13119722122436        1.01531061364103
C           -1.52778768087499        1.02486874665383        0.62489791180799
O           -1.75640031024466        1.07125516117010       -0.75484780892341
C           -2.45455963408279       -0.01957199675456       -1.34768307510754
C           -2.77771146785163        0.41985724655175       -2.78735997472732
O           -3.36691687062600       -0.61142425013415       -3.53799051027418
C           -3.73385241590214       -0.40656058143872       -0.58958609144071
O           -4.27825426908037       -1.60359651591049       -1.08376841319968
C           -3.39717901879845       -0.61439980815288        0.88986829521208
O           -4.53970532185599       -0.91597438696770        1.65092990864842
C           -2.80144259402803        0.68960569127088        1.41961759002150
O           -2.49406389349864        0.63110443924852        2.78055253791824
C            1.56721893873872        0.96580691207983        1.92396630406082
O            1.02881199359679        2.13626777430756        2.48636482362811
C            3.06596945850779        1.17325964287159        1.64090840835625
O            3.77627591752120        1.31511374432574        2.84047251434197
H            5.33416555975831       -1.28423895961419       -0.78035584471830
H            5.85606544563064       -1.47998506039201        0.91713833009086
H            6.71897454172313       -0.34396559323554       -0.15881260725847
H            3.66596152045018       -0.90197376707977        1.53651204924701
H            1.56126040089973       -1.51713971923727        0.71571014068600
H            0.77675121747675       -0.24584914310604       -1.95654591249081
H           -0.01928014779944       -1.60677549527834       -1.10380985406357
H            2.61853333225031       -1.72658580446327       -2.03403630286406
H            0.77545597197215        1.32943285285124       -0.05948032806035
H           -1.22595233756149        2.05260473709364        0.87998912162477
H           -1.81505746093944       -0.91325332102354       -1.36859522741802
H           -1.86106452651555        0.79375436527794       -3.25282755245105
H           -3.50323163087914        1.23606435809723       -2.75292387730012
H           -2.68887610887211       -1.24091003770674       -3.81646076861020
H           -4.47048101464627        0.41080217785687       -0.66541771805035
H           -4.39363606368234       -1.50799591466699       -2.04515865426898
H           -2.64992264165125       -1.41752240594234        0.98528097305294
H           -5.01254152495357       -1.63015773162524        1.20150539967764
H           -3.53023149774250        1.49769096588288        1.23064134325982
H           -3.22316688991115        0.16848925414162        3.22047901565358
H            1.44523192866147        0.19929683115883        2.69725016142231
H            1.10248416625853        2.86602028405356        1.85496690906143
H            3.19994402207506        2.06487382941639        1.00460623447512
H            3.29178226898724        1.93504105774572        3.40652957344793
48
 energy: -84.837709908533 gnorm: 0.000708253281 xtb: 6.7.1 (edcfbbe)
C            5.75215846238021       -0.76917083723590        0.08437903909777
O            4.93539470183228        0.32839043356936        0.47273629410130
C            3.66068398136049       -0.01292385613383        0.87007776583010
O            2.88703756236058       -0.29264548656009       -0.28065784202406
C            1.55486981483385       -0.66950749052593        0.00793348787908
C            0.93320546829952       -1.12091270376858       -1.31742827837035
O            1.72283895547262       -2.07386550392887       -1.97058284424151
C            0.80799082623057        0.50413679503033        0.66745944957231
O           -0.51964447249039        0.13019760887841        1.01601347140366
C           -1.52798361565736        1.02420806821072        0.62609733320581
O           -1.75652943523685        1.07022333228395       -0.75377931192323
C           -2.45392209276203       -0.02192673095957       -1.34506043492851
C           -2.77227006937555        0.41278790540076       -2.78721717837649
O           -3.35780669444278       -0.62129368946882       -3.53694802069268
C           -3.73524572454735       -0.40612840454289       -0.58898025143881
O           -4.27980066968531       -1.60367538446537       -1.08181139219728
C           -3.40178464169588       -0.61150100065519        0.89163323648514
O           -4.54669835168948       -0.90723330777502        1.65143831321933
C           -2.80279766592693        0.69168612224084        1.41979198587034
O           -2.49781864096446        0.63486103412564        2.78123959999105
C            1.56685984004794        0.96415974915195        1.92463596631230
O            1.02913562301675        2.13427138417314        2.48822753902664
C            3.06614617703217        1.17032653318458        1.64278605392907
O            3.77606242600524        1.30594031252811        2.84325353114086
H            5.33493607772347       -1.27995280052899       -0.78569660984907
H            5.85767215679109       -1.47809854082867        0.91128074986106
H            6.71900205488796       -0.33934707454904       -0.16302232466080
H            3.66746081525131       -0.90405988425412        1.53228514862623
H            1.56177002395429       -1.51725357692933        0.71295993749008
H            0.77118420107610       -0.24124421437516       -1.95525930607981
H           -0.01829694390329       -1.60761844042109       -1.10522331796145
H            2.61879730399268       -1.71692091950202       -2.03803885988712
H            0.77396233006617        1.33036734996280       -0.05844752135893
H           -1.22520220843196        2.05171203085553        0.88114223809425
H           -1.81515044510730       -0.91616948899567       -1.36120368391534
H           -1.85414840985474        0.78611145955828       -3.25028184871100
H           -3.49868598568470        1.22837840978270       -2.75790874581491
H           -2.67808253619565       -1.25027694466532       -3.81244926997149
H           -4.47084048397136        0.41181017087792       -0.66798086779005
H           -4.39236618977372       -1.51083974510680       -2.04373833232824
H           -2.65763218241537       -1.41709388899309        0.99003715644836
H           -5.02017638240605       -1.62230937790097        1.20417114994943
H           -3.52953990607085        1.50101950200608        1.22809409395788
H           -3.23079734020549        0.17810889728604        3.22092910006477
H            1.44396460366177        0.19658271533051        2.69679604853978
H            1.10579604980337        2.86543799172551        1.85877967193897
H            3.20174551106291        2.06440592585624        1.01032540624415
H            3.29454080108417        1.92684128865571        3.41069763063327
48
 energy: -84.837727068112 gnorm: 0.000554504396 xtb: 6.7.1 (edcfbbe)
C            5.75240480355249       -0.76548526959662        0.07917623092844
O            4.93473000147993        0.33024590701372        0.47087960969116
C            3.66065010827489       -0.01335100583843        0.86846281212947
O            2.88638142511609       -0.29089201589185       -0.28234504222250
C            1.55456118377806       -0.66874301909857        0.00640778981410
C            0.93198479045886       -1.11843451134824       -1.31923749636938
O            1.72375862011384       -2.06609030975935       -1.97719788509739
C            0.80726870387287        0.50364436807764        0.66761334176426
O           -0.52049828456938        0.12935295956026        1.01658973103484
C           -1.52852871715725        1.02380672240152        0.62717631374570
O           -1.75715674421253        1.06965370631430       -0.75285491830546
C           -2.45297522586841       -0.02442202135018       -1.34241560109685
C           -2.76658782885237        0.40510773371775       -2.78711091017790
O           -3.34785395698664       -0.63224664792675       -3.53568969318984
C           -3.73674625623605       -0.40500143356218       -0.58849213841444
O           -4.28203967383920       -1.60269664910508       -1.08007401769400
C           -3.40660341757052       -0.60841666163399        0.89320412918511
O           -4.55406259097014       -0.89774641784739        1.65170158437584
C           -2.80426718562581        0.69373296936874        1.42027441993635
O           -2.50072282911776        0.63740780468618        2.78198618731080
C            1.56657608512347        0.96222598819664        1.92513722471509
O            1.02941513131973        2.13206862775954        2.48935190704803
C            3.06652454794590        1.16737821058680        1.64529890426887
O            3.77595041565803        1.29660206515073        2.84688490696382
H            5.33522006206418       -1.27445938430684       -0.79196704834556
H            5.85923750751743       -1.47643015114486        0.90418771997473
H            6.71863978802094       -0.33397800686238       -0.16770453533951
H            3.66893561804191       -0.90616517839942        1.52838863718861
H            1.56211691173267       -1.51720424588638        0.71053012417892
H            0.76506623018699       -0.23739232010157       -1.95394379727483
H           -0.01726168184979       -1.60947063826292       -1.10656079808697
H            2.61879240256481       -1.70662103845707       -2.04356819627552
H            0.77276354787396        1.33059757086054       -0.05738976949130
H           -1.22487452255617        2.05114688147419        0.88207093561232
H           -1.81450121696749       -0.91898695327943       -1.35294315447382
H           -1.84704635855753        0.77798434446728       -3.24774654062910
H           -3.49417354631629        1.21990221937425       -2.76346747646479
H           -2.66621712069075       -1.26085327469961       -3.80736975618943
H           -4.47090890277886        0.41396571573421       -0.67054038070918
H           -4.39040726256463       -1.51284576527876       -2.04276223956771
H           -2.66592751029169       -1.41682996328902        0.99471168208739
H           -5.02890301436756       -1.61307452249008        1.20637208142696
H           -3.52896905366937        1.50453763603230        1.22693765483186
H           -3.23735954835740        0.18643788751941        3.22157136557913
H            1.44250929719113        0.19402435366029        2.69645656777275
H            1.10923651945869        2.86454092472321        1.86178308613109
H            3.20403031368436        2.06385044661201        1.01671943573833
H            3.29783311445652        1.91961808970383        3.41499216877689
48
 energy: -84.837742281225 gnorm: 0.000431001298 xtb: 6.7.1 (edcfbbe)
C            5.75227799517242       -0.76168410406383        0.07367687302282
O            4.93384570793339        0.33200510273944        0.46952167371543
C            3.66042133155499       -0.01391377750563        0.86734860795179
O            2.88546324952273       -0.28932297365747       -0.28349088112379
C            1.55404857060406       -0.66839675553146        0.00535826686803
C            0.93118505235474       -1.11691256155771       -1.32070637981447
O            1.72520406802175       -2.05948786775045       -1.98307971675964
C            0.80681543684213        0.50341246421435        0.66767800614670
O           -0.52104488443056        0.12906196219523        1.01705222763931
C           -1.52873178643328        1.02383283107112        0.62808952479586
O           -1.75778826945784        1.06960019153892       -0.75204170948504
C           -2.45210989070292       -0.02638486268778       -1.33990893526801
C           -2.76093838729032        0.39732745473119       -2.78728620145439
O           -3.33830714115032       -0.64337175712501       -3.53430634023606
C           -3.73812386531571       -0.40344019920732       -0.58807263501875
O           -4.28504770398334       -1.60078873318916       -1.07866687000348
C           -3.41117676836347       -0.60508481682126        0.89461480848495
O           -4.56100053783924       -0.88856777426177        1.65179688807289
C           -2.80516575765912        0.69570625889998        1.42096844296402
O           -2.50197028861747        0.63889143061189        2.78271225271259
C            1.56583835637054        0.96047976685511        1.92605488564755
O            1.02902671693509        2.13015654613702        2.49074950935865
C            3.06633445714443        1.16439351628044        1.64780612618195
O            3.77506036655539        1.28776699562125        2.85049361086024
H            5.33482510145659       -1.26831314571451       -0.79868230389757
H            5.86050530862386       -1.47510773597749        0.89635334804326
H            6.71787563118020       -0.32841052278355       -0.17264770661188
H            3.67012981776362       -0.90834963158910        1.52506075574639
H            1.56242018201840       -1.51761474475335        0.70856094847421
H            0.75941416050030       -0.23468706020623       -1.95249787418575
H           -0.01569637774358       -1.61239677491207       -1.10773074705128
H            2.61888754113619       -1.69676698054615       -2.05013344678390
H            0.77207698340583        1.33117254407931       -0.05639816103235
H           -1.22446549071182        2.05114305203506        0.88259121126389
H           -1.81397031219528       -0.92117745909405       -1.34463824963633
H           -1.84020171332726        0.76968166753184       -3.24598952384498
H           -3.48960405131130        1.21130701957759       -2.76923086064802
H           -2.65501033661555       -1.27208373758919       -3.80161951037351
H           -4.47030065153258        0.41703685836064       -0.67284535104143
H           -4.38820761759810       -1.51379726068888       -2.04222555181484
H           -2.67386444063841       -1.41616581942498        0.99889224796761
H           -5.03761974304058       -1.60342642865139        1.20769698744546
H           -3.52825015964966        1.50786009809045        1.22731918984520
H           -3.24149513950017        0.19285769214788        3.22242859393988
H            1.44068922826475        0.19170603854470        2.69665016733662
H            1.11158780745705        2.86357344867510        1.86467672066869
H            3.20568901059411        2.06312265775678        1.02295599135869
H            3.30046391302046        1.91355361513701        3.41857624680493
48
 energy: -84.837756130855 gnorm: 0.000368946601 xtb: 6.7.1 (edcfbbe)
C            5.75168521049317       -0.75768402182999        0.06787841995412
O            4.93281109024345        0.33387707759575        0.46867355061153
C            3.66005809795453       -0.01438718995700        0.86662631533879
O            2.88457341546923       -0.28782278325962       -0.28431769583478
C            1.55355473149665       -0.66830714993196        0.00459417592560
C            0.93050988223232       -1.11588686541921       -1.32191190680778
O            1.72703837944806       -2.05369523327086       -1.98784606953434
C            0.80613095043429        0.50282011798628        0.66785826715549
O           -0.52199807600981        0.12892483733522        1.01731771533922
C           -1.52911711110413        1.02408828237737        0.62856689631581
O           -1.75833637521620        1.06959960296618       -0.75171556660053
C           -2.45109247972532       -0.02837791951043       -1.33771469454015
C           -2.75534553912068        0.38954090891506       -2.78765087529930
O           -3.32922707885889       -0.65463984230021       -3.53254789959135
C           -3.73943907046515       -0.40113725828761       -0.58770634166077
O           -4.28872332350587       -1.59775562048714       -1.07740827811645
C           -3.41529665308539       -0.60157727873180        0.89579148256470
O           -4.56729362562188       -0.87969255091775        1.65170417773054
C           -2.80585202583221        0.69777442857759        1.42185029972789
O           -2.50192467935290        0.63974723009116        2.78346041005745
C            1.56498657520384        0.95847134548155        1.92697450239509
O            1.02829951901518        2.12798988355460        2.49214979647800
C            3.06599704377673        1.16158329329738        1.65058649013490
O            3.77405913781255        1.27975839546478        2.85429964570975
H            5.33368577055149       -1.26135412792219       -0.80591931195864
H            5.86142513076758       -1.47412023517489        0.88772997096572
H            6.71663068067271       -0.32263646909383       -0.17786487632462
H            3.67115133071379       -0.91041581312278        1.52214067251882
H            1.56278698389746       -1.51808159564247        0.70706069536449
H            0.75429443860199       -0.23276568817555       -1.95119853354165
H           -0.01408116490357       -1.61576961498594       -1.10894496681900
H            2.61902981372754       -1.68713063683252       -2.05674736619046
H            0.77174381845684        1.33132575472372       -0.05536752091525
H           -1.22422365854082        2.05140544117023        0.88249425918782
H           -1.81323553868435       -0.92337880559133       -1.33647448105388
H           -1.83338169946657        0.76090793385285       -3.24473516528404
H           -3.48485266589891        1.20291336558532       -2.77532431820962
H           -2.64462348793431       -1.28420247077388       -3.79457900497484
H           -4.46927996543020        0.42123684244168       -0.67485671045920
H           -4.38603533012430       -1.51357373052773       -2.04188971154024
H           -2.68112722164948       -1.41519314348360        1.00247789796612
H           -5.04605289948452       -1.59334179594205        1.20800956139493
H           -3.52742746405548        1.51144839083357        1.22885382153154
H           -3.24345987651232        0.19768925008769        3.22371701811279
H            1.43875332866482        0.18914200919519        2.69688999144415
H            1.11273596168834        2.86217518379429        1.86716772081085
H            3.20684416516959        2.06234267133824        1.02907029571881
H            3.30263623325306        1.90816132200296        3.42226240250940
48
 energy: -84.837768395037 gnorm: 0.000361681825 xtb: 6.7.1 (edcfbbe)
C            5.75075510314842       -0.75357297172984        0.06186480889567
O            4.93175805507725        0.33583353201571        0.46822490756314
C            3.65964237641037       -0.01471069575394        0.86621830959531
O            2.88374570397871       -0.28630181622144       -0.28485344096840
C            1.55313835492047       -0.66831254019854        0.00404122157437
C            0.93026353060144       -1.11536259793853       -1.32290056133218
O            1.72922418697244       -2.04887464054778       -1.99191119838939
C            0.80552149100001        0.50219425439750        0.66810397890423
O           -0.52281443603598        0.12889136574421        1.01751399056934
C           -1.52926397996343        1.02460353207202        0.62892418960381
O           -1.75851118733565        1.06970163630413       -0.75144260825871
C           -2.45010037863376       -0.03001816485415       -1.33561539933903
C           -2.74984070280387        0.38169039909998       -2.78818773503915
O           -3.32098879410704       -0.66572397309945       -3.53069970621965
C           -3.74068157012362       -0.39828540314840       -0.58736067965144
O           -4.29320102851059       -1.59379559978060       -1.07618015901471
C           -3.41917040851211       -0.59790056924594        0.89683738079883
O           -4.57305115617958       -0.87151036971488        1.65157139177576
C           -2.80621488411267        0.69990481054857        1.42265908454897
O           -2.50087136553869        0.64022003973072        2.78394768025283
C            1.56400939221973        0.95631366382603        1.92812302869632
O            1.02726119451997        2.12561794869515        2.49373522689294
C            3.06539429899462        1.15903365077709        1.65334446223604
O            3.77276922843644        1.27278010229516        2.85793287730894
H            5.33190839514305       -1.25380352433035       -0.81349327303711
H            5.86192956478502       -1.47339885336006        0.87853336771874
H            6.71511657212115       -0.31688241386079       -0.18326408472804
H            3.67202143265314       -0.91224654437180        1.51964349518287
H            1.56327428376687       -1.51857212115368        0.70581203942640
H            0.75013248020437       -0.23147221657502       -1.94996034364981
H           -0.01225793236055       -1.61921876402766       -1.11017738197076
H            2.61944272774490       -1.67840860011276       -2.06291665764914
H            0.77171667309409        1.33134282451921       -0.05437031836672
H           -1.22362369485245        2.05190077016072        0.88215781260157
H           -1.81286149882528       -0.92540820448790       -1.32854566374830
H           -1.82659763509175        0.75150118563117       -3.24396728987113
H           -3.47969415004637        1.19481476294040       -2.78163869013769
H           -2.63560660400119       -1.29699726487796       -3.78661458676550
H           -4.46770844586216        0.42640129510234       -0.67656225021010
H           -4.38452610726519       -1.51232159556259       -2.04156026922793
H           -2.68780863533389       -1.41378041733808        1.00543577502256
H           -5.05412608529452       -1.58333976447842        1.20744989362059
H           -3.52648544487322        1.51504495287158        1.23111968605302
H           -3.24363334485907        0.20109334823015        3.22496720513152
H            1.43674373107863        0.18649110963006        2.69736602626419
H            1.11269057788872        2.86023108966201        1.86942735464804
H            3.20738886843429        2.06161212088070        1.03478520817985
H            3.30378592635468        1.90299695907256        3.42596705272742
48
 energy: -84.837778654043 gnorm: 0.000381279024 xtb: 6.7.1 (edcfbbe)
C            5.74968172072467       -0.74958537474129        0.05590306759010
O            4.93088230308765        0.33781741107483        0.46794414150745
C            3.65934825819519       -0.01482160484617        0.86594544730440
O            2.88308569935702       -0.28482414193877       -0.28520475277554
C            1.55292735397514       -0.66845711613903        0.00372168138709
C            0.93021826678782       -1.11485066073186       -1.32369470769348
O            1.73125777607229       -2.04490013934717       -1.99496619072806
C            0.80500823182832        0.50152447425841        0.66832493971499
O           -0.52346809945910        0.12876603606190        1.01763676008863
C           -1.52942981752247        1.02485349352074        0.62893225833978
O           -1.75835284937904        1.06925900490381       -0.75157834245188
C           -2.44915459031108       -0.03192656973779       -1.33388127780559
C           -2.74448299051673        0.37434114501402       -2.78878854369034
O           -3.31388208575980       -0.67590660290457       -3.52863456279739
C           -3.74195907597017       -0.39514953311091       -0.58706497075663
O           -4.29817115783518       -1.58925827548310       -1.07509250803855
C           -3.42242091516354       -0.59432987584116        0.89765160263903
O           -4.57783340334331       -0.86417023537661        1.65139894748154
C           -2.80637894154492        0.70195722592887        1.42351576673126
O           -2.49951648477006        0.64076747650133        2.78453582550580
C            1.56307798329891        0.95426460388343        1.92919374553958
O            1.02605735945193        2.12311080158253        2.49577984781719
C            3.06473332360618        1.15687527693691        1.65584591616266
O            3.77153446256292        1.26708841552555        2.86111419173625
H            5.32979924870534       -1.24615104882293       -0.82103453059496
H            5.86211398424845       -1.47287028677306        0.86932671854425
H            6.71356468671771       -0.31151192368962       -0.18861099932327
H            3.67291976037553       -0.91370379996026        1.51750404808392
H            1.56404322598418       -1.51916488380362        0.70488618511387
H            0.74702697951017       -0.23041083890771       -1.94904763209248
H           -0.01062638660875       -1.62191367638790       -1.11129586820119
H            2.61995388098482       -1.67115210135965       -2.06761319945742
H            0.77183334365655        1.33139598493949       -0.05334456275074
H           -1.22311422563043        2.05214015264848        0.88142451781249
H           -1.81271821061943       -0.92784227300456       -1.32127282066467
H           -1.81979555714319        0.74186941074607       -3.24356355055632
H           -3.47412705236847        1.18767776337989       -2.78776758241983
H           -2.62836234329718       -1.30960822792951       -3.77816747558088
H           -4.46597051001982        0.43206322198266       -0.67800339337428
H           -4.38421528611781       -1.51021608485180       -2.04120736933168
H           -2.69348764014702       -1.41221674779917        1.00772736857081
H           -5.06129490727985       -1.57373869989155        1.20620592120832
H           -3.52537973102002        1.51857595257151        1.23335546930418
H           -3.24284830283103        0.20351862875245        3.22636908604437
H            1.43512956094482        0.18364515427383        2.69757311133353
H            1.11149704135636        2.85822806886411        1.87203078433368
H            3.20735095929155        2.06105693616704        1.03980712573925
H            3.30393983285220        1.89787981123193        3.42966552418966
48
 energy: -84.837782144823 gnorm: 0.000218920478 xtb: 6.7.1 (edcfbbe)
C            5.74977690375403       -0.74862971418650        0.05526664618512
O            4.93097539177090        0.33831293259598        0.46837727094527
C            3.65945489203992       -0.01475950425874        0.86601127284615
O            2.88339329969444       -0.28422267772772       -0.28538190242851
C            1.55323796397710       -0.66819228301005        0.00313866315401
C            0.93098244637956       -1.11389243340648       -1.32468165301657
O            1.73219217879081       -2.04382362758887       -1.99612424979269
C            0.80497226579667        0.50127736124270        0.66818520083683
O           -0.52342768905541        0.12845703529492        1.01742343912739
C           -1.52924052547323        1.02481603402771        0.62868321146264
O           -1.75776837114172        1.06859272355390       -0.75181658116620
C           -2.44922319626226       -0.03245748049997       -1.33365160391149
C           -2.74373951031129        0.37258717895262       -2.78903012452021
O           -3.31403142689682       -0.67767364995962       -3.52813590206264
C           -3.74230653888778       -0.39442445699179       -0.58684816274529
O           -4.29960683698824       -1.58827253697584       -1.07422777088129
C           -3.42304874441267       -0.59337542084746        0.89797700340764
O           -4.57855131308859       -0.86271811808111        1.65181364292252
C           -2.80631487503649        0.70276065992051        1.42329057225461
O           -2.49941517571168        0.64194847939342        2.78429689554015
C            1.56292954212941        0.95310143691442        1.92949962743306
O            1.02570901863692        2.12140144482036        2.49699924521843
C            3.06451447480995        1.15641141977436        1.65649692493337
O            3.77111583012460        1.26626382120085        2.86190974447588
H            5.32991984071591       -1.24432247704899       -0.82215356992713
H            5.86222395874008       -1.47271461808971        0.86793390616776
H            6.71366093760183       -0.31031722600677       -0.18882459882808
H            3.67308988696865       -0.91403038899642        1.51703881810502
H            1.56433043965317       -1.51926958754874        0.70380046977980
H            0.74839574864460       -0.22901363865038       -1.94965793134184
H           -0.01012181512610       -1.62073258318031       -1.11295210807047
H            2.62094370995369       -1.67009390531271       -2.06801523965935
H            0.77192230197454        1.33145235572924       -0.05308553502808
H           -1.22242148236591        2.05202613545440        0.88076371511937
H           -1.81353284010354       -0.92881800566456       -1.32029070830286
H           -1.81855009061783        0.73867154089527       -3.24381129930210
H           -3.47243107862256        1.18666461635644       -2.78903844055628
H           -2.62927441236268       -1.31259974684096       -3.77618745111452
H           -4.46556724731666        0.43335025527494       -0.67817391095091
H           -4.38578494425167       -1.50969123446082       -2.04033244039451
H           -2.69435872600058       -1.41147817416474        1.00818026360166
H           -5.06249744578150       -1.57179264739763        1.20629892101188
H           -3.52485912428322        1.51972496541993        1.23296193883297
H           -3.24256784808379        0.20455581813557        3.22638436042729
H            1.43494518681567        0.18185926724624        2.69721434677975
H            1.11059249874713        2.85689864416111        1.87369113328032
H            3.20689364221042        2.06094863188528        1.04089534930926
H            3.30246357716052        1.89522910589855        3.43137375969922
