48
 energy: -84.793665217591 gnorm: 0.080701785985 xtb: 6.7.1 (edcfbbe)
C            5.36636675543642       -1.53279801635622       -1.34322766723742
O            4.61584213150606       -1.05862492626349       -0.24150138527678
C            3.25283695564239       -1.06402601492985       -0.44155721899913
O            2.92820770776012       -0.03317625827953       -1.35123121840576
C            1.55283790490066        0.07530419834541       -1.62993865612927
C            1.42571566883053        1.19878261313515       -2.66886183539511
O            1.96048730119129        2.39948613725468       -2.18977377589079
C            0.70887629535077        0.40091285550437       -0.37378620970487
O           -0.62670003980572        0.29368097783083       -0.84470669257498
C           -1.69237942269097        1.15061461439346       -0.50053968622152
O           -2.86019382394442        0.39479156307041       -0.61686708781892
C           -3.08082743524121       -0.57099062401364        0.40223793169310
C           -4.22852124681500       -1.45885198264137       -0.08664236093325
O           -3.84284740486946       -2.23175207369419       -1.18701924192902
C           -3.40767797003503        0.16706007090873        1.70350475192795
O           -3.73043171691796       -0.68352509863897        2.77480761140335
C           -2.19158707893691        1.03023098956514        2.04974995687296
O           -2.47068114852074        1.92877632063469        3.10752898484360
C           -1.72984804392386        1.89376016350272        0.86276096194368
O           -0.50479134089552        2.51160041157695        1.17484639056965
C            1.04823380503956       -0.58802082016904        0.74755377274774
O            0.55344132658228       -0.19377765093188        2.00875368223067
C            2.56820217464249       -0.80326187874927        0.90049909925811
O            2.79995071271141       -1.89795885006137        1.74299379387139
H            5.21060882690771       -0.90492645087906       -2.22430233818543
H            5.09384768190925       -2.56690313834760       -1.58099272395730
H            6.40788390985984       -1.48801469614501       -1.03475852226508
H            2.90552614286536       -2.03673202453456       -0.84832446053126
H            1.17009240917491       -0.86707622900160       -2.05151536588766
H            0.37264538485532        1.37711022784858       -2.88845812504688
H            1.94016078794796        0.88225922511511       -3.58683965282788
H            2.84890000353561        2.20342591717647       -1.86459059190662
H            0.93085793136419        1.42555183349887       -0.05680448168354
H           -1.76971906603549        1.91773946859450       -1.28781096323274
H           -2.17620170424274       -1.18377971311839        0.53386823032474
H           -5.08084256208376       -0.81258349172742       -0.33660713050121
H           -4.52408346713731       -2.15208969983233        0.70321726887091
H           -3.46051401556681       -1.63067922363035       -1.83865482244840
H           -4.28894171854592        0.79981312008478        1.55118003841586
H           -3.01574256987243       -1.32225433637761        2.89360212376362
H           -1.38007902773518        0.35388708751251        2.35328124640318
H           -3.03184989346895        1.46504892488657        3.74112994861129
H           -2.50731443888618        2.66384827481497        0.72694817334312
H           -0.65862191268475        3.02215047042026        1.98122052851360
H            0.57968956474480       -1.55530388403090        0.52842984960485
H            0.74928662864054        0.74797087901115        2.12241859174808
H            3.02026702640670        0.11174357868148        1.31898678729170
H            2.24962787529932       -1.77844762043947        2.52927691801142
48
 energy: -84.799185772397 gnorm: 0.011878955753 xtb: 6.7.1 (edcfbbe)
C            5.36537640397072       -1.53044217144869       -1.34522970916647
O            4.61443267438152       -1.05447283147685       -0.24467913954384
C            3.25111510793585       -1.05893321975250       -0.44384768783344
O            2.92406561727501       -0.02129563624848       -1.34746019512440
C            1.54853926654342        0.09308762586161       -1.62870857503608
C            1.42103791392576        1.21357075038728       -2.66711693187241
O            1.95845413253254        2.41204764202655       -2.18713978572606
C            0.70411543834831        0.36513484146124       -0.36069043019490
O           -0.64016255624534        0.25939554295999       -0.80367674956957
C           -1.69224920318179        1.15523730523583       -0.52047708390978
O           -2.86473151875769        0.40081984111414       -0.61178034481805
C           -3.08142348218744       -0.56747225837841        0.40499465387584
C           -4.22786732190786       -1.45713286355858       -0.08489874460336
O           -3.84154428422530       -2.22995700572394       -1.18524650018121
C           -3.40817468072486        0.17075930305803        1.70452256852927
O           -3.72759802803707       -0.67945073194434        2.77720663886892
C           -2.19128237106905        1.03662142115087        2.04025178072750
O           -2.46891584856490        1.93422974717606        3.09939679844711
C           -1.73076033242376        1.89852212564367        0.84764714510461
O           -0.50467204044660        2.51195715035433        1.16531027710210
C            1.05166779907881       -0.61007635779273        0.76142613543617
O            0.55763863191244       -0.20590351890320        2.01975744818077
C            2.57296369694586       -0.80857635921484        0.90381301246385
O            2.81154132456375       -1.90208379062758        1.74528913678422
H            5.21044652131927       -0.90348768773106       -2.22700045995097
H            5.09283242880353       -2.56486859785944       -1.58176930043986
H            6.40675432603750       -1.48597720069029       -1.03597404499813
H            2.90427556567096       -2.03075563385499       -0.85340921131224
H            1.17289940992442       -0.84949074862248       -2.05813948041223
H            0.36809729308466        1.38959515365178       -2.88738595371393
H            1.93684273551956        0.89359176391375       -3.58356647846157
H            2.84632909671895        2.21207515469930       -1.86259373416058
H            0.92181524717782        1.39250793907823       -0.04473878901846
H           -1.75715120303761        1.90699944491773       -1.32207239956971
H           -2.17621970195182       -1.17994416662180        0.53470068577777
H           -5.08100386591154       -0.81210128389850       -0.33526569927021
H           -4.52310810752503       -2.15107435268398        0.70448461110625
H           -3.46010596352676       -1.62893272535419       -1.83743958768541
H           -4.29068318772210        0.80170457250235        1.55266856248785
H           -3.01348991174082       -1.31931627613423        2.89346869253359
H           -1.37995708599876        0.35997151541615        2.34488996172598
H           -3.02748023424000        1.46895945421302        3.73463951103104
H           -2.50651201610170        2.67036171714650        0.71483090943516
H           -0.65895179262679        3.01999697229418        1.97340905577139
H            0.58511840953627       -1.57819108243317        0.54523002793602
H            0.74822184069312        0.73843960543300        2.12344249835235
H            3.01992122959508        0.10946745200159        1.32138050736695
H            2.25953849089700       -1.78512232081740        2.53103082368429
48
 energy: -84.799811469302 gnorm: 0.004434836194 xtb: 6.7.1 (edcfbbe)
C            5.36553635291651       -1.52622454235274       -1.34877759242852
O            4.61583468164965       -1.04997348360364       -0.24761968649750
C            3.25219704579051       -1.05685836330501       -0.44336956180838
O            2.92013794363662       -0.01377630639007       -1.33856710914899
C            1.54334764493095        0.09287298774241       -1.62077862018727
C            1.41216964548410        1.22411525478528       -2.64706146287135
O            1.94930845479399        2.42318198349198       -2.16809601410752
C            0.69624092689338        0.35449916254983       -0.34987408881214
O           -0.64612420608169        0.23735086698425       -0.79721293809701
C           -1.69146667615558        1.14469080289515       -0.52987839720699
O           -2.87113491163014        0.39969950090878       -0.61199617037318
C           -3.08462495629125       -0.56736081355144        0.40527098298299
C           -4.23054939330649       -1.45746187580123       -0.08377746526181
O           -3.84282221114939       -2.23046307318163       -1.18352720509236
C           -3.40735691794498        0.17510006345686        1.70274699317805
O           -3.72050967302765       -0.67005014611310        2.78123799822065
C           -2.18915103647994        1.04376989301555        2.02778385288924
O           -2.46212880230327        1.94597458400585        3.08438711665024
C           -1.72967889208284        1.90332076688671        0.83202708716878
O           -0.50247811658039        2.51615292640675        1.14823048541143
C            1.05385279132651       -0.62613802560192        0.76377917781312
O            0.55873189792651       -0.22487783254290        2.02209531678448
C            2.57600931399302       -0.81600208809479        0.90691334038427
O            2.82802902260759       -1.90926102778157        1.74542763646194
H            5.20969467774257       -0.90011050972528       -2.23098472794288
H            5.09304134732792       -2.56097419202689       -1.58407705015239
H            6.40712326839677       -1.48140364205787       -1.04031722336992
H            2.90638437564669       -2.02595174184828       -0.85991531123532
H            1.17644100277413       -0.84754944595197       -2.06661414079996
H            0.35958931823049        1.40077419432726       -2.86924630694242
H            1.92663293388327        0.90750630529274       -3.56560068386868
H            2.83961362466544        2.22424182344496       -1.84964447132723
H            0.90324139106558        1.38151371948113       -0.02135325703619
H           -1.74642743977889        1.88927295820170       -1.33683582446134
H           -2.17851133216993       -1.17820413769048        0.53393589437665
H           -5.08392518593663       -0.81295542037314       -0.33462721136849
H           -4.52451364022480       -2.15087970930538        0.70645083125130
H           -3.46083633698472       -1.62942007883362       -1.83537237927578
H           -4.29124709542814        0.80453300804612        1.55257778673299
H           -3.00727554592085       -1.31143758267623        2.89449670881234
H           -1.37603640383125        0.36895385048445        2.33164190540193
H           -3.01811413014120        1.48221068725484        3.72313154056566
H           -2.50502670894790        2.67522500381957        0.69606663869264
H           -0.65576877567712        3.02416319598215        1.95656595802391
H            0.59463696425991       -1.59869935028726        0.55084283142630
H            0.74451678962206        0.72051293987400        2.12563892470496
H            3.01700518585546        0.10475339327453        1.32496722104467
H            2.27638765084740       -1.79836126472719        2.53239309476459
48
 energy: -84.800183984364 gnorm: 0.005162192551 xtb: 6.7.1 (edcfbbe)
C            5.36673354133821       -1.52045330708227       -1.35375855806950
O            4.61929700798703       -1.04496347641981       -0.25085503003069
C            3.25541409590733       -1.05357115329153       -0.44291351877094
O            2.91935079849562       -0.00344623707368       -1.32763778446814
C            1.54169014914550        0.09406229443074       -1.61026842425406
C            1.40220983875418        1.23688259574933       -2.62383309238988
O            1.93417081244662        2.43445167269709       -2.13623097385073
C            0.68789932822699        0.34158376440441       -0.34004037295776
O           -0.65001369411523        0.21211538348103       -0.80122503789082
C           -1.68843677603750        1.12749328090974       -0.54025545718000
O           -2.87753594137221        0.39649977654869       -0.61555425056352
C           -3.08912307422910       -0.56715960366836        0.40460931566804
C           -4.23547008171361       -1.45816997557600       -0.08073959940397
O           -3.84724921995468       -2.23188259000655       -1.17981021144456
C           -3.40509912000358        0.18193663548106        1.69996898762090
O           -3.70971498952495       -0.65547613227512        2.78691279751827
C           -2.18527895837961        1.05314749836145        2.01412846796120
O           -2.45235229265133        1.96295408201330        3.06605451052212
C           -1.72683631595018        1.90443050369280        0.81240890402451
O           -0.50198291136693        2.52337490089575        1.12579592025614
C            1.05366495608338       -0.64556723542826        0.76753595017590
O            0.55612685145263       -0.25335142010471        2.02838098795354
C            2.57821985157517       -0.82429934969007        0.90900657926097
O            2.84465374595137       -1.91824155032560        1.74254780674267
H            5.20894414764327       -0.89455578749840       -2.23587727899842
H            5.09410008678247       -2.55531597041853       -1.58846100707833
H            6.40888606857328       -1.47512344874086       -1.04741550456939
H            2.91045400056775       -2.01889839996574       -0.86862350019939
H            1.18237654730703       -0.84313746680378       -2.06948391119773
H            0.34855464581186        1.41266182124947       -2.84279579428586
H            1.91476052578458        0.93169264649108       -3.54782648453998
H            2.82815496974564        2.23858690459450       -1.82628932514263
H            0.88251122648764        1.36642098549603        0.00100291134736
H           -1.73409080585712        1.86475544583810       -1.35339336847211
H           -2.18286553671266       -1.17740657865697        0.53263418991395
H           -5.08891944698700       -0.81415308750578       -0.33231797476388
H           -4.52858803401117       -2.15068198066740        0.71055530861683
H           -3.46389209014002       -1.63116462934742       -1.83121372337470
H           -4.29048077325875        0.80980556530744        1.55182965295442
H           -2.99764880774214       -1.29884469378366        2.89637309942513
H           -1.37078056699575        0.38000771702402        2.31747276445130
H           -3.00566789416402        1.50295419880708        3.70979351055560
H           -2.50273920796621        2.67375797452045        0.66621484363501
H           -0.65692540245726        3.03417610713382        1.93201249655153
H            0.60335298913629       -1.62245753918278        0.55442990477340
H            0.74233440670023        0.69102140551551        2.13831140320745
H            3.01190376021020        0.09880607060520        1.32971773597553
H            2.29592345358518       -1.81526240051095        2.53260655582367
48
 energy: -84.800408556493 gnorm: 0.004289900259 xtb: 6.7.1 (edcfbbe)
C            5.36841598706373       -1.51460529294050       -1.35805309081731
O            4.62328423694484       -1.04153539134837       -0.25257859587344
C            3.25941843435937       -1.05069309758575       -0.44281396359820
O            2.92118592912580        0.00528504539572       -1.31904600684042
C            1.54358078512618        0.09459943160381       -1.60161237916378
C            1.39441106294605        1.24839979728122       -2.60283700312187
O            1.91798079443583        2.44370634004075       -2.10096782785928
C            0.68401546899795        0.33179879566084       -0.33402967724124
O           -0.65015075137272        0.19388712908347       -0.80688317810362
C           -1.68593187485903        1.11197134809364       -0.54961188765541
O           -2.88090832788678        0.39042923987227       -0.62166595967636
C           -3.09302527856306       -0.56753810375317        0.40409196034363
C           -4.24168810398595       -1.45843429492137       -0.07574011839034
O           -3.85535223929736       -2.23370971684980       -1.17444874559496
C           -3.40241543139825        0.18897889277138        1.69728815037140
O           -3.69994974530109       -0.64160114505935        2.79146551117606
C           -2.18071466834193        1.06151842146629        2.00200537155566
O           -2.44260799833901        1.97882516495704        3.04874063839364
C           -1.72508124976338        1.90315651105543        0.79372766393121
O           -0.50491158361571        2.53299214998351        1.10284852639373
C            1.05350280790069       -0.66239990677824        0.76908733516316
O            0.55304313821653       -0.28243015437905        2.03350649477915
C            2.58014083020179       -0.83199988867811        0.91002719246557
O            2.85612766329001       -1.92779414260385        1.73794167889924
H            5.20790729434524       -0.88777546258373       -2.23918613996006
H            5.09608875370981       -2.54935735561911       -1.59359038647905
H            6.41134077197181       -1.46853444756404       -1.05457260890543
H            2.91525371254917       -2.01279474366612       -0.87631657876667
H            1.18964625067229       -0.84016165047998       -2.06790507455760
H            0.33882899656775        1.42048367102459       -2.81606985432594
H            1.90591530728811        0.95851839371961       -3.53259429832285
H            2.81501101321225        2.25218587182968       -1.79730208453715
H            0.86786193567052        1.35412470523822        0.01549287003445
H           -1.72648321393488        1.84250139554609       -1.36952073571229
H           -2.18772398763144       -1.17902165060712        0.53236583233397
H           -5.09505508654778       -0.81434024542901       -0.32747166827469
H           -4.53427221836221       -2.14961290456154        0.71685431293415
H           -3.47023160496775       -1.63397775645658       -1.82585195860429
H           -4.28863912857338        0.81600467199807        1.55058478309813
H           -2.98855676052013       -1.28617170654085        2.89816072318096
H           -1.36615123597380        0.38904596121423        2.30619875403722
H           -2.99375192955599        1.52353099676113        3.69753388805326
H           -2.50403919351809        2.66682309174485        0.63495899408853
H           -0.66314798394066        3.04834947331939        1.90550319275638
H            0.60934551190828       -1.64101771666590        0.55145981085614
H            0.74971345272477        0.65783648913265        2.15759141578031
H            3.00697998837909        0.09251178872341        1.33489254655811
H            2.31178533265061       -1.83196278657024        2.53182659344637
48
 energy: -84.800592434951 gnorm: 0.003228154372 xtb: 6.7.1 (edcfbbe)
C            5.37093848924621       -1.50813654864311       -1.36149022632049
O            4.62767718222905       -1.04008779601951       -0.25254598871377
C            3.26395673851416       -1.04872170441630       -0.44275827266076
O            2.92468572578701        0.01258249751329       -1.31162586350899
C            1.54785238056589        0.09579924779250       -1.59429221976574
C            1.38970653552565        1.25904596980158       -2.58424805667055
O            1.90198178783224        2.45189982580787       -2.06470008083586
C            0.68367138194287        0.32514902779101       -0.32982462107492
O           -0.64739027884771        0.18188106028081       -0.81179272514261
C           -1.68476045512213        1.09859702021208       -0.55834373995187
O           -2.88104350675850        0.38013415411420       -0.62969165355369
C           -3.09617829760578       -0.56944593518176        0.40424617679681
C           -4.24938507599746       -1.45845468345382       -0.06837720997788
O           -3.86836966076651       -2.23654497987021       -1.16713343058673
C           -3.39897794247902        0.19588104390098        1.69449653228758
O           -3.69134123348185       -0.62874802962362        2.79451243076007
C           -2.17544964247017        1.06939002878289        1.99030853873416
O           -2.43256447237229        1.99340158468542        3.03207281537235
C           -1.72642602105398        1.90199187185964        0.77508188470227
O           -0.51218628057565        2.54618510179480        1.07646809388564
C            1.05382397765831       -0.67714928492433        0.76839896009801
O            0.54893580907103       -0.31244304987279        2.03642693745508
C            2.58172230342180       -0.84033742228846        0.91042028694831
O            2.86310003140614       -1.93922170653699        1.73179479628742
H            5.20670362786428       -0.87885966041088       -2.24035353476864
H            5.09975968733363       -2.54258845480664       -1.59964388865009
H            6.41473300061387       -1.46095588624494       -1.06126310970874
H            2.92063013786522       -2.00799390842980       -0.88311403379755
H            1.19814177621066       -0.83703102267147       -2.06501610948968
H            0.33215912436053        1.42478033286858       -2.79269608985216
H            1.90262898446609        0.98680028627213       -3.51837488884402
H            2.80046820997328        2.26554808528353       -1.76269657643695
H            0.85865662421624        1.34507625299714        0.02613316193490
H           -1.72439247522929        1.82263897611618       -1.38523022032107
H           -2.19305428961231       -1.18391961951176        0.53412290689390
H           -5.10216007750095       -0.81302762699508       -0.31904664079390
H           -4.54135700593809       -2.14743752546571        0.72627202783879
H           -3.48108343072752       -1.63877219642828       -1.81920173332066
H           -4.28547013353942        0.82265157785000        1.54857248240037
H           -2.98001061406938       -1.27352462503937        2.90003726591185
H           -1.36063273293370        0.39764986929535        2.29527877923637
H           -2.98128382783575        1.54301016130641        3.68616435131017
H           -2.51168096825676        2.65710806231302        0.60576572868973
H           -0.67348573945079        3.06662628179035        1.87520286167320
H            0.61352151575380       -1.65507852406357        0.54163910966664
H            0.76713872223688        0.62022961192433        2.18316112101834
H            3.00255038332803        0.08447030027151        1.34080610018193
H            2.32353588908809       -1.85005282695449        2.52956198036764
48
 energy: -84.800768213473 gnorm: 0.004532798355 xtb: 6.7.1 (edcfbbe)
C            5.37464439189876       -1.50010080674536       -1.36382871433467
O            4.63222711641964       -1.04071831815941       -0.25046898546311
C            3.26876727300847       -1.04797294152040       -0.44254233127554
O            2.92960990060863        0.01903650034091       -1.30410994277595
C            1.55393009325968        0.09885969262923       -1.58779495321247
C            1.38947377227473        1.27005449147953       -2.56755069852636
O            1.88754029185684        2.46093858872805       -2.02907984323997
C            0.68552923738779        0.32135664118298       -0.32624998649701
O           -0.64284124773168        0.17484851871766       -0.81532454912921
C           -1.68581255623973        1.08691760660175       -0.56727476255084
O           -2.87878388780208        0.36453158196944       -0.63958532244292
C           -3.09860605948910       -0.57338933195665        0.40536887770682
C           -4.25892145453210       -1.45850615675817       -0.05759689766473
O           -3.88768774487038       -2.24110715394105       -1.15675196011043
C           -3.39432506251782        0.20253085393678        1.69153621525715
O           -3.68306480990975       -0.61627124015935        2.79675716826838
C           -2.16930146822159        1.07736371692096        1.97824842862080
O           -2.42179159872904        2.00681926529061        3.01588067494207
C           -1.73206169292357        1.90228614635557        0.75529513214887
O           -0.52486698878948        2.56451644102079        1.04370982841768
C            1.05439006762189       -0.69095299330082        0.76527234923012
O            0.54347999082685       -0.34498469679115        2.03667454238233
C            2.58258334431981       -0.85051200382383        0.91045695663127
O            2.86589702718714       -1.95411894552524        1.72391104962992
H            5.20575288965758       -0.86641040984655       -2.23873669273100
H            5.10605578278496       -2.53407625895904       -1.60706347780311
H            6.41920416325418       -1.45117325197375       -1.06665427346356
H            2.92661466828132       -2.00445440951831       -0.88995204773451
H            1.20761722493940       -0.83225570926328       -2.06263128956952
H            0.33067486552313        1.42725282969298       -2.77548508017242
H            1.90782317775397        1.01596899985865       -3.50313680059994
H            2.78529087421677        2.28018446178946       -1.72231327304850
H            0.85357095429570        1.33904894335698        0.03614769696627
H           -1.72795626142960        1.80411243975848       -1.40145238165630
H           -2.19895822046075       -1.19256390378257        0.53846511023919
H           -5.11035884146679       -0.81007577823116       -0.30554310582073
H           -4.54983607561736       -2.14401734692694        0.74038386272235
H           -3.49799901931601       -1.64664547532629       -1.81054285233189
H           -4.28071484194634        0.82943624381825        1.54574820433699
H           -2.97111725400696       -1.26020346075740        2.90291223942388
H           -1.35266579469331        0.40746224197570        2.28236315214527
H           -2.96726970763012        1.56090637876335        3.67557593328969
H           -2.52717327594102        2.64584180057036        0.57895075677714
H           -0.68774528709819        3.08982686128358        1.83882185182978
H            0.61648408975299       -1.66639625810861        0.52502578918002
H            0.79396599155664        0.57567554120871        2.21480618919295
H            2.99862559881433        0.07323621413740        1.34801589963454
H            2.33010222759156       -1.87211093613826        2.52482672643020
48
 energy: -84.800927733634 gnorm: 0.006279107939 xtb: 6.7.1 (edcfbbe)
C            5.37947140787777       -1.49066274986114       -1.36451078018098
O            4.63608672360780       -1.04324182437605       -0.24657015596610
C            3.27300959391140       -1.04874710465608       -0.44225064953605
O            2.93520130770930        0.02438968189078       -1.29649822594446
C            1.56059340478135        0.10425787347556       -1.58251987412901
C            1.39500455291347        1.28109240907471       -2.55462810115146
O            1.87810298915663        2.47104051028338       -2.00004113896198
C            0.68815849028729        0.32060479640377       -0.32300744556295
O           -0.63803016752338        0.17222049120621       -0.81686577800966
C           -1.68931153280912        1.07769916615311       -0.57573510981278
O           -2.87551798684027        0.34547478335009       -0.64959665675651
C           -3.10004253940147       -0.57895949530495        0.40753456462975
C           -4.26919961920185       -1.45884619439631       -0.04378673527770
O           -3.91149085182438       -2.24739079723433       -1.14341729543169
C           -3.38860303637231        0.20803887542539        1.68896187389448
O           -3.67498769335762       -0.60504062677259        2.79898369187118
C           -2.16283257576272        1.08485523433375        1.96696335032781
O           -2.41127521642126        2.01730412189351        3.00244229908071
C           -1.74175595242542        1.90470585663549        0.73620010873076
O           -0.54198661575622        2.58642659975005        1.00738188842258
C            1.05477762217029       -0.70279891213724        0.76033985611180
O            0.53768625854745       -0.37650288081032        2.03450581929193
C            2.58225518957222       -0.86215759344780        0.91006235073447
O            2.86408819486328       -1.97191674091486        1.71491408289718
H            5.20601380672299       -0.85079657989498       -2.23401083343682
H            5.11501001376976       -2.52397729838324       -1.61531109708357
H            6.42432511997974       -1.43940019942922       -1.06892563332682
H            2.93240101492624       -2.00239972801177       -0.89708668137527
H            1.21638471906381       -0.82514924089004       -2.06193003904579
H            0.33637024069257        1.42984832208832       -2.76858181261662
H            1.92310221244625        1.04164348921597       -3.48777673730268
H            2.77289261380993        2.29496366075700       -1.68231903568301
H            0.85179132645256        1.33633265888834        0.04637680057982
H           -1.73587739900035        1.78798264436127       -1.41676850215645
H           -2.20461098504382       -1.20368734855127        0.54480465476084
H           -5.11869009039663       -0.80608252572487       -0.28752178124578
H           -4.55841986741674       -2.13976938300408        0.75874488826190
H           -3.51994155386967       -1.65745828379978       -1.80026305561154
H           -4.27478804697071        0.83521410425407        1.54280894701723
H           -2.96182504475854       -1.24725803580691        2.90735366606904
H           -1.34225913439260        0.41821834410017        2.26752938778470
H           -2.95300749693920        1.57422419487146        3.66698589759877
H           -2.54887327637389        2.63515467681289        0.55703784093624
H           -0.70409889044822        3.11548497697744        1.79996422269244
H            0.61820089283721       -1.67482897931381        0.50477993923782
H            0.82202013597963        0.52867919751796        2.24595504600741
H            2.99568896766485        0.05898474607833        1.35596069439118
H            2.32878463711332       -1.89777367984045        2.51681569530754
48
 energy: -84.801078477122 gnorm: 0.005174019765 xtb: 6.7.1 (edcfbbe)
C            5.38519510005017       -1.48029010261740       -1.36326567125761
O            4.63864788239487       -1.04698178927930       -0.24148232104023
C            3.27608956626297       -1.05094110602660       -0.44207991767413
O            2.94061019639607        0.02842856628786       -1.28913762004942
C            1.56672343950934        0.11144199907719       -1.57868693643537
C            1.40591087609496        1.29156921824604       -2.54646219753881
O            1.87575858087778        2.48158371336290       -1.98098929440590
C            0.69040925128846        0.32265047677893       -0.32026165084307
O           -0.63414873773281        0.17272810006533       -0.81659641361649
C           -1.69454345885097        1.07113008095456       -0.58301771979953
O           -2.87254909580827        0.32599183504364       -0.65783564600960
C           -3.10044755660398       -0.58517470203854        0.41057752020506
C           -4.27885779931751       -1.45958406991761       -0.02803113657778
O           -3.93663848255036       -2.25495756331956       -1.12776647502762
C           -3.38229692950938        0.21185298010633        1.68737390517960
O           -3.66686324868594       -0.59572807587370        2.80197672449531
C           -2.15667210337674        1.09126352093852        1.95747028598846
O           -2.40167680481224        2.02375644412734        2.99335864613737
C           -1.75380045152675        1.90875018126493        0.71967176827671
O           -0.56124486712228        2.60881161088566        0.97202209191644
C            1.05466525073214       -0.71166337061365        0.75446194503800
O            0.53269081439981       -0.40295988637716        2.03063650843474
C            2.58063073770209       -0.87444442475937        0.90909443591805
O            2.85773316452109       -1.99137613680735        1.70542525390519
H            5.20840339361884       -0.83307285733108       -2.22650005474716
H            5.12604094525075       -2.51269238177174       -1.62365546175843
H            6.42962825319893       -1.42642124977034       -1.06685450745564
H            2.93735043629035       -2.00170155236470       -0.90457272646960
H            1.22307456660879       -0.81608662935477       -2.06296494283494
H            0.34902050598483        1.43434335588692       -2.77254545268503
H            1.94689671953536        1.06049308953359       -3.47373582491717
H            2.76597660230366        2.30810157331289       -1.64871575988631
H            0.85196388035462        1.33665814476869        0.05630546257917
H           -1.74579714770770        1.77478925223545       -1.42987584639316
H           -2.20924144371585       -1.21530109005133        0.55192227478773
H           -5.12618217785826       -0.80201263943228       -0.26674079808985
H           -4.56567605354533       -2.13519682436578        0.77992208353442
H           -3.54466769389819       -1.67037753607513       -1.78912651875228
H           -4.26844788750487        0.83913909853739        1.54069824283472
H           -2.95209709026945       -1.23571198942958        2.91341318123856
H           -1.33063419403623        0.42876107300839        2.25182467398725
H           -2.94000979898307        1.58126854931533        3.66096522278789
H           -2.57307605728725        2.62621295069210        0.54093633649861
H           -0.72048883403343        3.14045040840785        1.76327692971312
H            0.61838976853757       -1.67995984376547        0.48437615846278
H            0.84209539727811        0.48570068358392        2.26957335881573
H            2.99410594639161        0.04253882886279        1.36396045772209
H            2.31804250251832       -1.92578470110451        2.50514183494674
48
 energy: -84.801201957364 gnorm: 0.002844590221 xtb: 6.7.1 (edcfbbe)
C            5.39159258629949       -1.46860731491928       -1.36020033192826
O            4.63974860394313       -1.05038813303208       -0.23594461464819
C            3.27785797570774       -1.05368890929809       -0.44210413556605
O            2.94504288717415        0.03224733454947       -1.28145184813479
C            1.57152077317570        0.11958503923240       -1.57552007263801
C            1.41978852476084        1.30206971861154       -2.54123858830141
O            1.87950102541782        2.49261878459068       -1.96957213064912
C            0.69092762065837        0.32620393582708       -0.31792176464358
O           -0.63216745305795        0.17273537647080       -0.81592887680938
C           -1.70019147706155        1.06523948330358       -0.58984368338999
O           -2.87142822295272        0.30865218983149       -0.66340446192870
C           -3.10038372277402       -0.59099438323808        0.41413224807940
C           -4.28722698373647       -1.46092827916030       -0.01115685322780
O           -3.96049642318284       -2.26360819966072       -1.11006492582347
C           -3.37571512859312        0.21448415843805        1.68696408207402
O           -3.65703695419243       -0.58729088572604        2.80687379415826
C           -2.15083372774181        1.09710874457905        1.94882317006557
O           -2.39203799803844        2.02772526617061        2.98713724389120
C           -1.76565400585301        1.91337046203243        0.70487795045579
O           -0.58013531377463        2.62949985872429        0.93962507057191
C            1.05318972534653       -0.71851137075750        0.74821239762718
O            0.52688349925381       -0.42485988368665        2.02576207427490
C            2.57744073179073       -0.88739943440053        0.90761324323908
O            2.84782890311950       -2.01229583132391        1.69543628840924
H            5.21347980028438       -0.81352400991418       -2.21698348008516
H            5.13847064658061       -2.49975262948709       -1.63158045751342
H            6.43484642365822       -1.41222390709070       -1.06023256259993
H            2.94153311600695       -2.00118135657414       -0.91316332192486
H            1.22767069933245       -0.80563996610730       -2.06516392581383
H            0.36586018484905        1.44268593825472       -2.78279388269164
H            1.97461780190622        1.07317991504182       -3.46104117581060
H            2.76484716676749        2.31949488475224       -1.62372008870340
H            0.85058157011241        1.33841650915479        0.06638724544574
H           -1.75460594399916        1.76209993710080       -1.44188113582734
H           -2.21272051877622       -1.22550857626378        0.55837274860342
H           -5.13268982480557       -0.79915340548918       -0.24491012766055
H           -4.57079449572785       -2.13078769035536        0.80283246166992
H           -3.57033760203158       -1.68481084883792       -1.77749142119172
H           -4.26246792629033        0.84118206626689        1.54029680463993
H           -2.94055749263567       -1.22502091878111        2.92083627283296
H           -1.31899777516580        0.43875323527855        2.23516890005819
H           -2.92809965188186        1.58409116983108        3.65586563617510
H           -2.59568161585454        2.61885038003503        0.52683756668231
H           -0.73566850424540        3.16340998274800        1.73005225248121
H            0.61633149311104       -1.68296882056389        0.46513946155367
H            0.85489875547368        0.44780862711222        2.28771957244240
H            2.99293969042064        0.02406028194234        1.37221151400013
H            2.29852442040090       -1.95643331274278        2.48962027538256
48
 energy: -84.801283020255 gnorm: 0.002452056596 xtb: 6.7.1 (edcfbbe)
C            5.39757189372256       -1.45638702282041       -1.35592965076615
O            4.63955411153190       -1.05193293021188       -0.23068145103271
C            3.27841649287800       -1.05568074232493       -0.44222392831275
O            2.94777046236747        0.03656188517050       -1.27381302130271
C            1.57461162964296        0.12704730899116       -1.57251817836769
C            1.43214041768403        1.31180107169733       -2.53708963761522
O            1.88574742664542        2.50240106827910       -1.96148969478135
C            0.68946738900867        0.32947278152146       -0.31640997798453
O           -0.63214396357640        0.17027196191183       -0.81650516272250
C           -1.70477358683599        1.05899297511663       -0.59629225204832
O           -2.87262955139157        0.29609280824309       -0.66653673589320
C           -3.10039622548661       -0.59520559451044        0.41745601016365
C           -4.29348605696252       -1.46272354470298        0.00436918961020
O           -3.97937625779158       -2.27227474229541       -1.09272005247933
C           -3.36953864484895        0.21677767313895        1.68750930989625
O           -3.64533594395675       -0.57944622712613        2.81307196304018
C           -2.14534748004561        1.10259253957874        1.94060413797174
O           -2.38220674942448        2.03144870025970        2.98155630681307
C           -1.77440227018168        1.91713594449411        0.69162240950321
O           -0.59535381181780        2.64645487093470        0.91278888795658
C            1.05021820030741       -0.72435110753753        0.74234083691981
O            0.51984017792806       -0.44354406331663        2.02110212078987
C            2.57303470846249       -0.89974861953779        0.90601291854420
O            2.83652935551282       -2.03248456634148        1.68564143819485
H            5.22014886099567       -0.79400268931475       -2.20707455460077
H            5.15009887566168       -2.48602553382389       -1.63804717414755
H            6.43925574918016       -1.39819908642228       -1.05082885907937
H            2.94501148491132       -1.99978623537031       -0.92211206499890
H            1.23087318980762       -0.79578341130176       -2.06703353737625
H            0.38129511827740        1.45338929450369       -2.79177802206050
H            1.99794746326956        1.08184699755939       -3.45064659388625
H            2.76768652780889        2.32854274455805       -1.60759941772727
H            0.84555278127222        1.33975830231811        0.07504502463294
H           -1.76073668982049        1.74935514389971       -1.45298563904627
H           -2.21492308712332       -1.23244889318089        0.56278772429397
H           -5.13795468078422       -0.79840758327642       -0.22565223186445
H           -4.57343468646195       -2.12716336800513        0.82413314000171
H           -3.59302473971368       -1.69875579012096       -1.76683418723293
H           -4.25769483165683        0.84195454366054        1.54189159437534
H           -2.92727483123771       -1.21532397382018        2.92775841844369
H           -1.30880515186883        0.44753787882593        2.21945139106285
H           -2.91751731247386        1.58637107123630        3.65012420234057
H           -2.61273268135994        2.61249175251490        0.51223233840528
H           -0.74804627188747        3.18233664537444        1.70247302612655
H            0.61215107195079       -1.68516562189858        0.44844055450792
H            0.86625589181763        0.41507900891438        2.30499874941478
H            2.99081386277495        0.00588753534392        1.38040467680785
H            2.27513822630649       -1.98676594880530        2.47247006095203
48
 energy: -84.801339146997 gnorm: 0.002339225191 xtb: 6.7.1 (edcfbbe)
C            5.40244222077921       -1.44509531255673       -1.35039275704168
O            4.63790351142328       -1.05176768095639       -0.22580064679781
C            3.27757066773880       -1.05694975233065       -0.44253807878593
O            2.94837120064777        0.04009292539180       -1.26786209079274
C            1.57575340807734        0.13251323791881       -1.57069275491568
C            1.44150082856001        1.31874103443792       -2.53538089604976
O            1.89459854999411        2.50847173482405       -1.95833499183784
C            0.68671367281966        0.33213038562625       -0.31666015904821
O           -0.63388714318839        0.16745087837731       -0.81815396044388
C           -1.70802534475659        1.05452532706719       -0.60086370706315
O           -2.87549666531369        0.29012739010576       -0.66696382080525
C           -3.10004309302238       -0.59716087826366        0.42029750117133
C           -4.29620448699290       -1.46482721798693        0.01658465073416
O           -3.98989951981029       -2.28030051002528       -1.07767931915652
C           -3.36432132593088        0.21833459669268        1.68919911833358
O           -3.63354832408345       -0.57408550959177        2.81912286874629
C           -2.14078272501892        1.10674470169454        1.93475498295531
O           -2.37381075059903        2.03430036676358        2.97792430588403
C           -1.77912839438657        1.91957436956756        0.68261281116369
O           -0.60478248177679        2.65715122240571        0.89557935116643
C            1.04635052933156       -0.72776224854235        0.73750933238577
O            0.51437650960983       -0.45498120751051        2.01729424540372
C            2.56779406100357       -0.90977810105885        0.90416347216365
O            2.82391757411384       -2.04948997222946        1.67671904432554
H            5.22790058314588       -0.77632575339447       -2.19707061749161
H            5.15937628475884       -2.47296426021131       -1.64223205682863
H            6.44229402986672       -1.38646499383380       -1.03900893732146
H            2.94739498697613       -1.99825575279196       -0.92981243883820
H            1.23235678517838       -0.78842692243757       -2.06846861814179
H            0.39334455571491        1.46418927340596       -2.79824914315569
H            2.01331852935941        1.08520297764273       -3.44485402476451
H            2.77506806595351        2.33285779980729       -1.60254199820410
H            0.83868056854632        1.34087233572195        0.07923921399617
H           -1.76505341337908        1.74023214733244       -1.46069936235675
H           -2.21494089951588       -1.23496583876606        0.56481628962325
H           -5.14076787619451       -0.80012750244897       -0.21175060185738
H           -4.57270738710212       -2.12468982136244        0.84122973640310
H           -3.60909779657330       -1.71097229887792       -1.75841759959468
H           -4.25438711985552        0.84137119584016        1.54558462539036
H           -2.91397066719059       -1.20841746666758        2.93284124096529
H           -1.30112601224339        0.45383051847003        2.20800402168645
H           -2.91010213770034        1.58796735076729        3.64510750398353
H           -2.62237139142417        2.60810166122622        0.50133159805428
H           -0.75559543760077        3.19359268884842        1.68525098035959
H            0.60625601867816       -1.68551939678116        0.43689209670365
H            0.86943841256694        0.39369827542555        2.31368281395513
H            2.98791653890214       -0.00975820611681        1.38727821679456
H            2.24940816282309       -2.01299257912920        2.45489296284693
48
 energy: -84.801377504447 gnorm: 0.002225314617 xtb: 6.7.1 (edcfbbe)
C            5.40680758508897       -1.43370491739732       -1.34452401714777
O            4.63615941763074       -1.05044023745406       -0.22079780292249
C            3.27665334714144       -1.05742189446720       -0.44273738677966
O            2.94834136400399        0.04393668000134       -1.26226158419872
C            1.57655408250105        0.13659663751932       -1.56886384318599
C            1.44738874437822        1.32488830661180       -2.53257022142244
O            1.90203015082619        2.51279053132274       -1.95301310686878
C            0.68376270363598        0.33361689684148       -0.31747168041443
O           -0.63587245966631        0.16374822985623       -0.82096751718443
C           -1.71055790653046        1.05003116674174       -0.60571881194933
O           -2.87883606648799        0.28618485472181       -0.66785286485212
C           -3.09982229219176       -0.59822622826482        0.42256704215811
C           -4.29805418216192       -1.46700046533798        0.02726859253141
O           -3.99728760785461       -2.28827496637311       -1.06384588722385
C           -3.35923475798135        0.22024307052763        1.69091072628225
O           -3.62117910314790       -0.56915089900744        2.82463886130674
C           -2.13619776348292        1.11116919534423        1.92884368501913
O           -2.36533719209288        2.03902758479512        2.97280691129868
C           -1.78214288713975        1.92143222379362        0.67346675639281
O           -0.61184186340694        2.66672639970374        0.87995591513259
C            1.04187457178847       -0.73175412374552        0.73298102557541
O            0.50784858303610       -0.46691803603921        2.01392267506556
C            2.56217328113338       -0.91934235395999        0.90237484768326
O            2.81189494686650       -2.06565337806835        1.66766748372864
H            5.23564771064561       -0.75870011629568       -2.18705644724497
H            5.16725835029762       -2.45965209729268       -1.64568333640938
H            6.44494373370476       -1.37555712390514       -1.02721198629346
H            2.95010904683102       -1.99621950489510       -0.93705134187556
H            1.23441632084286       -0.78289772840958       -2.06951554197251
H            0.40077522974794        1.47413972205980       -2.79854917875004
H            2.02147579646134        1.08985718232580       -3.44053103811223
H            2.78263089127749        2.33577069601420       -1.59869374120315
H            0.83064241669654        1.34095936030718        0.08222901096967
H           -1.76882403339243        1.73166312785591       -1.46874283635536
H           -2.21435476056229       -1.23588269645841        0.56546701065053
H           -5.14308959850165       -0.80268919046569       -0.20056792428286
H           -4.57160720746278       -2.12247314402255        0.85642791482492
H           -3.62218648335366       -1.72267806475046       -1.75082837449429
H           -4.25127474736791        0.84109018903071        1.54998214031787
H           -2.90003717573048       -1.20205179361980        2.93639155085243
H           -1.29435360447265        0.45990302179243        2.19840087587993
H           -2.90270039261977        1.59277297885266        3.63939965336618
H           -2.62974208636534        2.60393968896148        0.48954186239961
H           -0.76158668767860        3.20273923438687        1.67009565106414
H            0.59957125639904       -1.68651868567577        0.42567933449784
H            0.87727558466499        0.37248318400040        2.32554364618123
H            2.98365268766438       -0.02452137280724        1.39402562792703
H            2.22622891921251       -2.03798593375962        2.43795207235854
48
 energy: -84.801406729514 gnorm: 0.001732999870 xtb: 6.7.1 (edcfbbe)
C            5.40993662489725       -1.42458669666954       -1.33865143887821
O            4.63391008333460       -1.04857154759841       -0.21649075014062
C            3.27517601662875       -1.05768733413561       -0.44316303121173
O            2.94712914132036        0.04606464178205       -1.25924037855379
C            1.57621319345183        0.13818926630710       -1.56853783901033
C            1.44946360147588        1.32801220433191       -2.53138947958128
O            1.90981956802073        2.51328824483271       -1.95082329785966
C            0.68102686449566        0.33392137576854       -0.31946671636029
O           -0.63837353260319        0.16160329512789       -0.82376080003094
C           -1.71210892509297        1.04838780047696       -0.60838809232303
O           -2.88203021777722        0.28667376655484       -0.66759504189809
C           -3.09912343521759       -0.59768461498599        0.42414120440212
C           -4.29694286130113       -1.46913731811256        0.03395804022130
O           -3.99704013370432       -2.29534187582576       -1.05345793738526
C           -3.35570443318836        0.22154693436481        1.69286781384225
O           -3.61167424120206       -0.56704165324179        2.82824373195441
C           -2.13329319819833        1.11434767865210        1.92592001949185
O           -2.36016613789946        2.04348663819172        2.96941099927444
C           -1.78255461610771        1.92246578572588        0.66878741295751
O           -0.61389686570083        2.67069644237483        0.87284799468751
C            1.03771780591883       -0.73396987110991        0.72976460173196
O            0.50413218395443       -0.47197878553486        2.01149900113329
C            2.55697638515432       -0.92625091989043        0.90048059234390
O            2.80122061824351       -2.07771774756793        1.65987790449099
H            5.24307046547232       -0.74429384753836       -2.17792281241755
H            5.17218175503852       -2.44852626586935       -1.64760367451388
H            6.44648148911567       -1.36830712009937       -1.01573887257904
H            2.95219370438785       -1.99505963899945       -0.94218115091923
H            1.23539487689131       -0.78067409417115       -2.07070291773644
H            0.40314143321686        1.48199131121902       -2.79478571639151
H            2.02086702217891        1.09172600160564       -3.44061472323284
H            2.79183603965622        2.33399991624252       -1.60120650410751
H            0.82454029151329        1.34058317513073        0.08134269183204
H           -1.77163570365805        1.72832944213880       -1.47288709936657
H           -2.21210663107801       -1.23369599447522        0.56475526527067
H           -5.14292844700616       -0.80661219451018       -0.19563075229108
H           -4.56867180694588       -2.12104785374795        0.86648993903829
H           -3.62726169765894       -1.73244943980383       -1.74545107240974
H           -4.24947116862537        0.84043216811919        1.55456536230596
H           -2.88897408929187       -1.19854593653707        2.93778833247165
H           -1.29054459870028        0.46400473887964        2.19451374724047
H           -2.89888153868583        1.59824928169561        3.63570511858004
H           -2.63160479643374        2.60254290610669        0.48355939626481
H           -0.76295454160897        3.20477988113392        1.66441315246397
H            0.59303047799556       -1.68665084326927        0.41954199854590
H            0.87598403161468        0.36292656947131        2.32653481678990
H            2.97946626444342       -0.03566754848888        1.39868915080765
H            2.20702954206140       -2.05675511359096        2.42347621234199
48
 energy: -84.801437790180 gnorm: 0.001581174366 xtb: 6.7.1 (edcfbbe)
C            5.41432114360744       -1.41133123993892       -1.33011015309545
O            4.63080554457583       -1.04573809658290       -0.20989111445189
C            3.27322890702483       -1.05812812200915       -0.44380704257522
O            2.94537502766699        0.04842106428983       -1.25599788184164
C            1.57568927816201        0.13923226870481       -1.56858771129737
C            1.44885916155248        1.33158167670973       -2.52867383109602
O            1.91901680018088        2.51237037611435       -1.94643764983791
C            0.67787760182581        0.33337031862810       -0.32225175438126
O           -0.64146421510511        0.16017116979112       -0.82757658603583
C           -1.71446243330308        1.04758047347121       -0.61203535748551
O           -2.88548178266268        0.28727825449220       -0.66861808425254
C           -3.09768071234077       -0.59651472278513        0.42585653907948
C           -4.29431222163264       -1.47220482901101        0.04211609532193
O           -3.99359477659653       -2.30594483371263       -1.03956403730736
C           -3.35104895428136        0.22380796888761        1.69497311726591
O           -3.59935869165423       -0.56492138422172        2.83158908870477
C           -2.13002033150332        1.11987713225057        1.92229070490765
O           -2.35513707300027        2.05240069668989        2.96323191606847
C           -1.78340683312184        1.92464822689814        0.66228365358394
O           -0.61593164662151        2.67634728611379        0.86269377162399
C            1.03143803095608       -0.73840921768852        0.72493877043312
O            0.49747509582296       -0.48060688386031        2.00757363762832
C            2.54935839068335       -0.93656836306119        0.89770925932450
O            2.78752731536481       -2.09538713387814        1.64778587551919
H            5.25358556633038       -0.72296694033028       -2.16418142652888
H            5.17837737295341       -2.43217350173957       -1.65056525256343
H            6.44870845682025       -1.35861232534205       -0.99968426294700
H            2.95596216455080       -1.99408649243648       -0.94902553211226
H            1.23706085813543       -0.77924998462783       -2.07271317941628
H            0.40125800923205        1.49153639103102       -2.78339606267487
H            2.01266358362616        1.09631228718112       -3.44253372930624
H            2.80326922715382        2.32903564805908       -1.60373837589190
H            0.81875491270644        1.33926595200485        0.08009161797841
H           -1.77593165300165        1.72588503825768       -1.47837744405019
H           -2.20823109215402       -1.22976539255412        0.56363472838538
H           -5.14156129468519       -0.81269017218623       -0.19165439050087
H           -4.56447575987659       -2.11873743228248        0.87934130328010
H           -3.62989324545807       -1.74696364721732       -1.73777366985265
H           -4.24713634098701        0.83999398811278        1.56014899971148
H           -2.87380968368572       -1.19366071354202        2.93848429309532
H           -1.28592873143538        0.47145237610287        2.19149848208129
H           -2.89382926321065        1.61001054119992        3.63138967257151
H           -2.63420399973363        2.60241869485727        0.47642586861820
H           -0.76362652089005        3.20707080948112        1.65684425318055
H            0.58342408510815       -1.68808024564687        0.40976317689772
H            0.87881242384157        0.34803497541256        2.33017099747429
H            2.97248787312585       -0.05166501926460        1.40533569289128
H            2.18518628872003       -2.08370171089264        2.40450741387991
48
 energy: -84.801460305532 gnorm: 0.001377765937 xtb: 6.7.1 (edcfbbe)
C            5.41707986487826       -1.40319799743698       -1.32489833398688
O            4.62857675720076       -1.04404136407414       -0.20611427410261
C            3.27179922918015       -1.05903141811706       -0.44483647127051
O            2.94389303493042        0.04827389471784       -1.25606844257142
C            1.57453438005679        0.13869684434499       -1.56982961989529
C            1.44622668419619        1.33236922318625       -2.52772386446304
O            1.92470347522576        2.51028664993933       -1.94648039665063
C            0.67659760261847        0.33241266282607       -0.32359248055037
O           -0.64315222594902        0.16195138832137       -0.82853824883883
C           -1.71615109175573        1.04969001050885       -0.61271991931715
O           -2.88625776524178        0.28816605170619       -0.66927128143163
C           -3.09589771881933       -0.59510142500801        0.42666175715534
C           -4.29052506862615       -1.47420232183035        0.04533962002124
O           -3.98655212987309       -2.31301140382852       -1.03185968703341
C           -3.34934674588617        0.22529344521656        1.69576557904254
O           -3.59460326228391       -0.56487436020172        2.83200441504322
C           -2.13010856474530        1.12418956537677        1.92197828063162
O           -2.35693656707972        2.05936398040201        2.96003194480764
C           -1.78420345391348        1.92718785408287        0.66067560927437
O           -0.61573793287354        2.67823757042139        0.85922188742426
C            1.02743239550642       -0.74173566698373        0.72189695247228
O            0.49311090581336       -0.48505920901406        2.00465033075651
C            2.54463805101230       -0.94323410919170        0.89542644193050
O            2.78050161416474       -2.10658929198905        1.63906047100615
H            5.26051476524179       -0.70953222207597       -2.15522427786931
H            5.18180112527210       -2.42182862516448       -1.65271993708556
H            6.44997823994329       -1.35340704173098       -0.98944179290947
H            2.95859056256755       -1.99486972414003       -0.95287109346255
H            1.23675084585158       -0.77983080949001       -2.07478048350191
H            0.39690851790310        1.49621847976596       -2.77399773028112
H            2.00210853600271        1.09772912267825       -3.44642074671058
H            2.80918210096858        2.32219990756847       -1.60658444291704
H            0.81976923425984        1.33791265506503        0.07973014272241
H           -1.77814532120413        1.72792472268780       -1.47932188559031
H           -2.20476148768846       -1.22604641706416        0.56377229362737
H           -5.13841419585528       -0.81732085869300       -0.19320609969768
H           -4.56090303624605       -2.11709342991098        0.88526940311864
H           -3.62445572757487       -1.75668666992015       -1.73284287823511
H           -4.24684567097301        0.83963898529405        1.56217589631755
H           -2.86657364819293       -1.19086594063092        2.93839042459996
H           -1.28498423154801        0.47787361785321        2.19330619331443
H           -2.89323985798409        1.61881084917223        3.63109103957047
H           -2.63466268087658        2.60576592044749        0.47586515878356
H           -0.76162269199801        3.20760013552336        1.65472452947400
H            0.57765695220854       -1.68979998311714        0.40427294915817
H            0.87714560794890        0.34139840819729        2.32849128110385
H            2.96809535986178       -0.06176911077999        1.40874803648501
H            2.17648109719952       -2.10006733506164        2.39427815019261
48
 energy: -84.801482042277 gnorm: 0.001072067614 xtb: 6.7.1 (edcfbbe)
C            5.42076111936857       -1.39251721251658       -1.31913050196007
O            4.62564751502543       -1.04188168269046       -0.20220449494823
C            3.26990845337720       -1.06057722727108       -0.44678673703165
O            2.94190525862098        0.04754695132289       -1.25699510194621
C            1.57246795415403        0.13810058516271       -1.57153189227822
C            1.44287800185135        1.33279938295083       -2.52737915565147
O            1.93192743550539        2.50776477297176       -1.94894633333158
C            0.67512054543607        0.33133881722285       -0.32442514038471
O           -0.64507669825804        0.16519445367340       -0.82857024377668
C           -1.71841749216493        1.05303200498362       -0.61258745263790
O           -2.88669493305853        0.28918958560277       -0.66957549134231
C           -3.09336739757420       -0.59294219793370        0.42776775135056
C           -4.28510905753938       -1.47663022523445        0.04870913003691
O           -3.97620986050041       -2.32187445610823       -1.02239520782445
C           -3.34823639864954        0.22762220783559        1.69646262488190
O           -3.59054655414573       -0.56415383385112        2.83246892798945
C           -2.13176407072773        1.13057672491268        1.92255833368798
O           -2.36286284642383        2.06864478332703        2.95678936899687
C           -1.78564939062518        1.93128998026949        0.65982478765365
O           -0.61540984006840        2.68042257758597        0.85574518669431
C            1.02251760058720       -0.74681816166862        0.71759920001562
O            0.48658892645061       -0.49270925024800        2.00036854151184
C            2.53896533072926       -0.95226837824888        0.89218075023114
O            2.77260665863597       -2.12158993831875        1.62714627199153
H            5.26952007196933       -0.69202483109757       -2.14455044458930
H            5.18691510927712       -2.40836983403277       -1.65646656907386
H            6.45159732707151       -1.34607958487765       -0.97683230560985
H            2.96186955606660       -1.99634090832903       -0.95827538164328
H            1.23495487941206       -0.78019004170795       -2.07716106456228
H            0.39197398167413        1.50153622810496       -2.76457294727687
H            1.98935540184972        1.09709512254219       -3.45146596642397
H            2.81476129447093        2.31204830321489       -1.60898709803787
H            0.82289420627216        1.33574139449208        0.08127940933022
H           -1.78033143858283        1.73094013027254       -1.47941901444499
H           -2.20032806656107       -1.22111227314508        0.56534348306706
H           -5.13358674211459       -0.82313198454523       -0.19663529483308
H           -4.55641746617973       -2.11476502182597        0.89194143357210
H           -3.61388785473571       -1.76927343246945       -1.72615185241298
H           -4.24767450878221        0.83927965029614        1.56356646011885
H           -2.85926456999695       -1.18639241248338        2.93884902366338
H           -1.28517297780829        0.48754525763449        2.19711552857379
H           -2.89432766872741        1.62883177887968        3.63192742728238
H           -2.63518800610648        2.61144890093698        0.47562051824961
H           -0.75874037583524        3.21106027858708        1.65090524673900
H            0.57098667863957       -1.69283831825300        0.39628074017183
H            0.87547670681014        0.33081819987703        2.32824117973785
H            2.96307137953935       -0.07531472766163        1.41278117221138
H            2.16958868526282       -2.12007692827750        2.38305759366638
48
 energy: -84.801493426911 gnorm: 0.000854263490 xtb: 6.7.1 (edcfbbe)
C            5.42382485315817       -1.38367964954748       -1.31523384035562
O            4.62333448329511       -1.03995994122333       -0.19998415146121
C            3.26838230488816       -1.06196959870025       -0.44882230245911
O            2.93999155638093        0.04685970483491       -1.25783671576675
C            1.57039008679724        0.13757562122667       -1.57278805930134
C            1.44138573629276        1.33253897968715       -2.52824594917391
O            1.93834084640350        2.50570325724808       -1.95265198850875
C            0.67371161607512        0.33049229015455       -0.32495638880433
O           -0.64679451247945        0.16739027444666       -0.82821871319128
C           -1.71987759281560        1.05563363877624       -0.61174020091719
O           -2.88734587721603        0.29089569854024       -0.66862836795656
C           -3.09150167437702       -0.59083090720621        0.42912373330509
C           -4.28046636280811       -1.47866421417486        0.05117952307697
O           -3.96685372606742       -2.32858011028827       -1.01487751319506
C           -3.34809400732148        0.22975133415397        1.69744907342285
O           -3.58843703785742       -0.56260591254195        2.83368046545389
C           -2.13376169081462        1.13578170271491        1.92374780020577
O           -2.36902930421605        2.07558970629168        2.95531185816957
C           -1.78630512099580        1.93471251725567        0.66021283610761
O           -0.61455003172826        2.68174343280782        0.85469443401320
C            1.01870837534023       -0.75105773271466        0.71415425592578
O            0.48137869361068       -0.49934302113426        1.99691366799463
C            2.53460377330179       -0.95959525911684        0.88918714997683
O            2.76620918669817       -2.13372582297330        1.61723109346239
H            5.27669051180215       -0.67802397977528       -2.13690339657115
H            5.19165552639413       -2.39732057645284       -1.66003017740103
H            6.45290626455686       -1.33944979848777       -0.96737203707194
H            2.96437584044047       -1.99752950279238       -0.96307508260026
H            1.23280344195778       -0.78043294808674       -2.07877232019431
H            0.39011352862599        1.50549228418708       -2.76078832291704
H            1.98246292290797        1.09435874932499       -3.45511406419198
H            2.81901950989374        2.30352664730950       -1.61084237760380
H            0.82444726880758        1.33363622808804        0.08314437569584
H           -1.78165575782610        1.73327011525233       -1.47865798179489
H           -2.19679768982516       -1.21655957188659        0.56740368689998
H           -5.12948534982390       -0.82804667863130       -0.19976000537778
H           -4.55269055030192       -2.11319608762574        0.89680294854237
H           -3.60349489948568       -1.77892304383610       -1.72039808692580
H           -4.24898225330568        0.83922725369175        1.56458672441950
H           -2.85512436538817       -1.18244371032469        2.94005502227186
H           -1.28629728394650        0.49513062770628        2.20120087520903
H           -2.89663532667959        1.63491764730868        3.63285613566247
H           -2.63475510890357        2.61620945116222        0.47569044680993
H           -0.75664973521901        3.21583999948941        1.64770849660678
H            0.56609336437281       -1.69552722724484        0.38987308263820
H            0.87031848164221        0.32239680923425        2.32671624695336
H            2.95932801644804       -0.08640836879030        1.41552287782670
H            2.16510493226251       -2.13480509746260        2.37473563229822
48
 energy: -84.801500486957 gnorm: 0.000729847698 xtb: 6.7.1 (edcfbbe)
C            5.42587393507694       -1.37694700702213       -1.31329106573887
O            4.62199556906109       -1.03876990760516       -0.19877578000165
C            3.26755077687833       -1.06308990135108       -0.45023503823297
O            2.93881787688231        0.04655629649344       -1.25782184016440
C            1.56915977629922        0.13738483972310       -1.57318522625738
C            1.44135119998043        1.33203345484618       -2.52921044668765
O            1.94169060143386        2.50459065417576       -1.95530544934192
C            0.67260202150478        0.32991597554164       -0.32525480304269
O           -0.64806707580216        0.16845369387888       -0.82802688125624
C           -1.72075972996544        1.05703029712463       -0.61109159111293
O           -2.88797152457688        0.29203926992206       -0.66756611195462
C           -3.09049271655448       -0.58929533777049        0.43055341522141
C           -4.27744251103976       -1.48009177040804        0.05310963927773
O           -3.96036611953539       -2.33269114338199       -1.00964656595544
C           -3.34844444300966        0.23181387865068        1.69825009747317
O           -3.58786809029189       -0.55999824455619        2.83513603689172
C           -2.13530598995174        1.13963000704585        1.92468005028777
O           -2.37360292919142        2.08041869680504        2.95460711370628
C           -1.78674830727351        1.93704224142093        0.66041175788623
O           -0.61417228427822        2.68292998923806        0.85381032066334
C            1.01617624494619       -0.75474763724226        0.71124425316310
O            0.47702215543763       -0.50610914470458        1.99385655784954
C            2.53174128525822       -0.96524439367687        0.88712783539338
O            2.76190643533867       -2.14277663176559        1.61019699458214
H            5.28065040734799       -0.66773980062740       -2.13219700607090
H            5.19566327790300       -2.38916087562650       -1.66333326019496
H            6.45382851410839       -1.33343395449576       -0.96219152061007
H            2.96630861412277       -1.99824053269311       -0.96680245946361
H            1.23143418782684       -0.78047398173044       -2.07918029772695
H            0.39047237704233        1.50718580261220       -2.76124368624251
H            1.98124609965932        1.09172645253754       -3.45631240153697
H            2.82025247205131        2.29870339274239       -1.61042836076109
H            0.82456001740716        1.33181823744160        0.08518993206089
H           -1.78255171547580        1.73431408863924       -1.47820700370462
H           -2.19468174716867       -1.21329599595933        0.56966067898152
H           -5.12691731658408       -0.83153199462818       -0.20144693070736
H           -4.55029799926119       -2.11242230431736        0.90014691435923
H           -3.59540203958991       -1.78493142769442       -1.71580866127070
H           -4.25007506991147        0.84002405160537        1.56484422585485
H           -2.85389684973470       -1.17899849532095        2.94161699587366
H           -1.28740775860119        0.50041903384898        2.20422308396214
H           -2.89869552454558        1.63844820339233        3.63330147250081
H           -2.63453464892824        2.61907085259262        0.47509310477416
H           -0.75652192501305        3.22182549929710        1.64345307002638
H            0.56305258367086       -1.69791882816989        0.38392068425308
H            0.86827700922687        0.31357141991099        2.32787859747409
H            2.95671902721345       -0.09473262235090        1.41754395756728
H            2.16386771360157       -2.14430918657528        2.37018999690883
48
 energy: -84.801505093090 gnorm: 0.000439137077 xtb: 6.7.1 (edcfbbe)
C            5.42703293974954       -1.37176225433124       -1.31255888942869
O            4.62124348052557       -1.03819295153269       -0.19807347642222
C            3.26709466148488       -1.06396949599096       -0.45112249895699
O            2.93803340139135        0.04649281770323       -1.25725258503102
C            1.56851857655428        0.13700224048983       -1.57337186949590
C            1.44212460044194        1.33126389220811       -2.53027316866289
O            1.94249703430197        2.50397671429345       -1.95647840038706
C            0.67181900653431        0.32914332875463       -0.32569264432405
O           -0.64904248576731        0.16840329904082       -0.82812843810098
C           -1.72094668435582        1.05754269123338       -0.61049592540555
O           -2.88860803851314        0.29317934457167       -0.66634051119702
C           -3.08997817169762       -0.58809188913854        0.43207211039719
C           -4.27520343783469       -1.48120702884038        0.05464304704332
O           -3.95524858768134       -2.33524169310794       -1.00600556534853
C           -3.34901609861471        0.23367970183722        1.69908450695308
O           -3.58855591436936       -0.55691113219763        2.83674915074133
C           -2.13618142254530        1.14211717907169        1.92544581620639
O           -2.37623932162145        2.08369218545044        2.95427618895099
C           -1.78631520578092        1.93832418540477        0.66074170869119
O           -0.61319957989101        2.68344573863705        0.85378846918452
C            1.01442391733365       -0.75770513549872        0.70914365556682
O            0.47383607869212       -0.51148516240453        1.99151699344076
C            2.52981257366750       -0.96941282438185        0.88571227899329
O            2.75872854945844       -2.14928453916626        1.60535925645013
H            5.28213454553683       -0.66003116218002       -2.12938418559895
H            5.19866710587932       -2.38306925972289       -1.66632776202359
H            6.45442397830974       -1.32807583210023       -0.95982694265392
H            2.96768741628788       -1.99862583078370       -0.96957060742425
H            1.23105035328796       -0.78093228394432       -2.07939298690231
H            0.39178688950611        1.50692243021626       -2.76402158501485
H            1.98342216269524        1.08968073206213       -3.45636580783618
H            2.81980387651583        2.29707107109839       -1.60921262093349
H            0.82375806731190        1.33010138586028        0.08653792405477
H           -1.78285332501364        1.73470626630321       -1.47770279201767
H           -2.19322307650674       -1.21060174463647        0.57176609850944
H           -5.12521931746610       -0.83428038188117       -0.20230239309551
H           -4.54840512543545       -2.11235281958191        0.90246968738623
H           -3.58888982727843       -1.78847944115636       -1.71227121902662
H           -4.25075152882556        0.84149959004228        1.56469406740727
H           -2.85507876866896       -1.17644144574313        2.94339073430425
H           -1.28842088645036        0.50343723130646        2.20666439587542
H           -2.90071510872684        1.64099124134926        3.63304463933955
H           -2.63361066373332        2.62062258294096        0.47450253068624
H           -0.75687423006744        3.22705460959865        1.63986874337695
H            0.56126168094758       -1.69997514685407        0.37940942322205
H            0.86514925317184        0.30683313577661        2.32795721904022
H            2.95468983742630       -0.10071353327416        1.41904944031864
H            2.16357268286074       -2.15034539715407        2.36776918775570
