48
 energy: -84.830378733954 gnorm: 0.075152553431 xtb: 6.7.1 (edcfbbe)
C            5.60984212993234        1.62599252325782       -0.91419933647727
O            4.81031049687348        0.70179555838081       -0.18311010572203
C            3.57224411398468        0.44118734288785       -0.73601530541479
O            2.74044162994139        1.56650084211885       -0.53731529365412
C            1.43077321057389        1.39811117746862       -1.04518955076208
C            0.70439475693287        2.73899007689625       -0.88473771757562
O            1.23376449253765        3.72877179679868       -1.72464107820032
C            0.69970560229254        0.25502775748157       -0.31844995353958
O           -0.55343450057261        0.07826223507267       -0.96956869511420
C           -1.69533888046977       -0.18991073413415       -0.21051442389370
O           -1.38724746097096       -0.90579445594032        0.96110227685828
C           -2.50335682556726       -1.64206235940214        1.45743893858990
C           -2.49107243688166       -3.07715960047989        0.89769353600392
O           -1.32079889829636       -3.77092394886560        1.23849501320377
C           -3.84775158473259       -0.95140958403633        1.15050896457877
O           -4.84005108048044       -1.30955587217021        2.07608502512464
C           -3.72254635969913        0.58798037458221        1.05043069057044
O           -4.85975898496533        1.12078970416067        0.42028035833358
C           -2.47605486953940        1.05944582228215        0.25781587446698
O           -1.66467673892779        1.90197779168113        1.03328935297873
C            1.52972637421611       -1.03880748662270       -0.40567189463389
O            1.01751499621624       -2.08181142290437        0.38840664240343
C            3.00308481461768       -0.79578914161747       -0.03186961756296
O            3.79108876571705       -1.89467762904761       -0.40369460530808
H            5.14129950089797        2.61090164691446       -0.93090978619929
H            5.76332742497648        1.26989919712110       -1.93658557923367
H            6.55690542336251        1.66784918603508       -0.38444722120712
H            3.65423407373036        0.23144992797132       -1.82257143655523
H            1.47773192356015        1.14490496567122       -2.11622713521297
H            0.75198203206272        3.04649572419490        0.16558755479859
H           -0.33872607834548        2.61182576419424       -1.17312469655656
H            2.15913949458502        3.87428123880881       -1.48234036617354
H            0.55745620670026        0.53094258572881        0.73040460715065
H           -2.32926854806597       -0.77571594527223       -0.89061846700568
H           -2.33960078659664       -1.69274542197810        2.53968365627338
H           -2.61693545560268       -3.04176973441169       -0.19253722014318
H           -3.32446557459307       -3.63161232111458        1.33318683621506
H           -0.56235609542420       -3.33397613225293        0.81422737320537
H           -4.23250184195304       -1.31140373084392        0.18926265318968
H           -4.56421857253312       -1.07719133776069        2.97588862160580
H           -3.63982270213390        1.00036716163178        2.07012018871546
H           -5.65584084842742        0.77706302380057        0.85579064297609
H           -2.80777617303676        1.65211708952136       -0.59720195824109
H           -1.34557584957562        1.40231400228528        1.80109307341651
H            1.48135982628409       -1.40673746253760       -1.43683731435940
H            0.96695302512688       -1.78296237964328        1.30972125254389
H            3.08620545624965       -0.61021199353272        1.05096441563243
H            3.37969328095583       -2.70301783232594       -0.05561770756698
48
 energy: -84.835501599001 gnorm: 0.010525763821 xtb: 6.7.1 (edcfbbe)
C            5.60733767955551        1.62821168524879       -0.91376423664171
O            4.80626944506079        0.70569554121879       -0.18229038447055
C            3.56720330880414        0.44537999847250       -0.73363909307172
O            2.73073257947348        1.56744454430529       -0.52334113397419
C            1.41748418319696        1.40645073001768       -1.02762076764307
C            0.69286172912760        2.74566920893141       -0.87096866992897
O            1.22673751956407        3.73061860552433       -1.71476659069088
C            0.71122177972558        0.22029281243965       -0.34707143978064
O           -0.54961162018335        0.02419219660709       -0.97661245604183
C           -1.70023468419471       -0.18698693471439       -0.21269050186080
O           -1.39364527575348       -0.87805924563686        0.97590546147142
C           -2.50327755225386       -1.63102682769341        1.46331465535145
C           -2.48761896319101       -3.06687516821226        0.90110213992722
O           -1.31917830849630       -3.76373045204324        1.24168243227316
C           -3.84851083150137       -0.94605798723649        1.15052432251003
O           -4.84113522876982       -1.30594814530452        2.07510951890899
C           -3.72139817095275        0.59344959796118        1.04643394271493
O           -4.86068337522882        1.12385126956317        0.41819059745228
C           -2.47603367376942        1.06703886118552        0.24961639367897
O           -1.66253153190820        1.90738013900967        1.02529318385312
C            1.54478382153917       -1.06336650933372       -0.41925827722989
O            1.02948916170851       -2.09862314940472        0.38299573872770
C            3.01009387770934       -0.80046320890408       -0.03467982258533
O            3.80555356228051       -1.89458303286375       -0.40285961370962
H            5.14038203329610        2.61375119897479       -0.93083732145342
H            5.76079232747484        1.27133889484834       -1.93592261037596
H            6.55462180815963        1.66864204530962       -0.38411790935676
H            3.64845733498244        0.24041628825723       -1.82129615773595
H            1.47165647459335        1.16572818127539       -2.10226050399631
H            0.74127763935900        3.05406941809668        0.17843322374171
H           -0.34866311889451        2.61719696852546       -1.16366454518415
H            2.15324307639857        3.87303820141830       -1.47473094545970
H            0.56503182849109        0.49421603762006        0.70357802874577
H           -2.33939314323113       -0.78273606250863       -0.87926521174565
H           -2.34349951498793       -1.68381076273909        2.54586317405486
H           -2.61339811469576       -3.03323878866424       -0.18934394493774
H           -3.32141757120144       -3.62298885727813        1.33441386601209
H           -0.55998978601853       -3.33019432326990        0.81554330116516
H           -4.23072892551134       -1.30890149779209        0.18922922407230
H           -4.56612861124675       -1.07421094844483        2.97531809294922
H           -3.63816456384319        1.00568749006792        2.06622966911710
H           -5.65525833563203        0.77857297868443        0.85532781671239
H           -2.80830984931153        1.65801198582184       -0.60577612945115
H           -1.34562668086155        1.40703895614236        1.79385588850990
H            1.49985714153536       -1.43415069203302       -1.44862526346565
H            0.96966638942244       -1.78851288355562        1.30049069657858
H            3.08583386532045       -0.61442720731348        1.04879605101342
H            3.39385076969835       -2.70449316009288       -0.05836280662194
48
 energy: -84.836216468296 gnorm: 0.005661949244 xtb: 6.7.1 (edcfbbe)
C            5.60397456538633        1.63286425824335       -0.91264216820962
O            4.80303367288503        0.71070362054029       -0.18073842666567
C            3.56487512408315        0.44698726470835       -0.73226159995192
O            2.72109440285352        1.56146387103381       -0.51122884030671
C            1.41032858365256        1.39895808554687       -1.02455646087597
C            0.68129403190238        2.73386198794189       -0.85187894457231
O            1.21329632197497        3.72077468666851       -1.69478033241611
C            0.70926913070982        0.20215690884360       -0.35211164653228
O           -0.55064167703426       -0.00046851733879       -0.98227432600306
C           -1.70215440485805       -0.19083815344779       -0.21414140034932
O           -1.39641940935636       -0.86080905503117        0.98989281357346
C           -2.50250130794580       -1.62202028786404        1.47160141727064
C           -2.48166908871804       -3.05624030727320        0.90584142935008
O           -1.31455028120931       -3.75479549168775        1.24752401095691
C           -3.84774300231986       -0.93958516532955        1.15218856232291
O           -4.84356435877019       -1.29381074844047        2.07537823189772
C           -3.71881024245235        0.59950013339568        1.03870809716432
O           -4.85917212582413        1.12823318307375        0.41098061014057
C           -2.47370004528292        1.07017039660540        0.23722636980633
O           -1.66095418127732        1.91240953104430        1.01138124076607
C            1.55322552994542       -1.07304268583617       -0.43436703425197
O            1.03688507908764       -2.10819491014925        0.36678582077393
C            3.01519856788373       -0.80622921306586       -0.04096395703849
O            3.82417106397788       -1.89190479653715       -0.40610663255064
H            5.13763916427120        2.61865917691640       -0.93021821576398
H            5.75743034854213        1.27521166006344       -1.93455664910629
H            6.55135684823572        1.67280528319612       -0.38310849197520
H            3.64459056770597        0.25236322469872       -1.82182563112065
H            1.47154078783632        1.17919045443109       -2.10565022205600
H            0.73007287709722        3.04328655764668        0.19730894416272
H           -0.36066624220556        2.60867681414227       -1.14434664012817
H            2.14059660260542        3.86360124398540       -1.45786960463588
H            0.55930215584141        0.45987937947954        0.70420215561877
H           -2.34524791617369       -0.79208489079433       -0.87102459261790
H           -2.34649242431405       -1.67565473749347        2.55448618871838
H           -2.60626872647835       -3.02137087990259       -0.18476993840010
H           -3.31690901494119       -3.61134251913872        1.33777132103249
H           -0.55463232999821       -3.32625593246602        0.81764009444346
H           -4.22844366891145       -1.30675557510769        0.19194074149966
H           -4.56921760882740       -1.06250913386172        2.97584140662341
H           -3.63231181291072        1.01678712408842        2.05623556474513
H           -5.65272664269474        0.78445594886621        0.85130532530108
H           -2.80877977740316        1.65989030294735       -0.61800959810204
H           -1.34380225985966        1.41302956861169        1.78062581452761
H            1.51783439916044       -1.44825029732154       -1.46282498372895
H            0.97127027196091       -1.79619535451134        1.28343307261898
H            3.08289579214035       -0.62194900055766        1.04341237361839
H            3.41620456472073       -2.70561502244214       -0.06597418791142
48
 energy: -84.836493151914 gnorm: 0.004311282198 xtb: 6.7.1 (edcfbbe)
C            5.60033963697333        1.63893501631054       -0.91158552135143
O            4.80080108757458        0.71596485053988       -0.17938943546688
C            3.56332748959998        0.44903271566376       -0.73041992291626
O            2.71375924231458        1.55646311494889       -0.49915686404182
C            1.40570009913708        1.39097654488391       -1.02010743220941
C            0.67047953519266        2.72106749078489       -0.83463730066066
O            1.19711145814793        3.71601340758171       -1.67237556485391
C            0.70694113186627        0.18899896683037       -0.35404696534291
O           -0.55101448720805       -0.01420758225078       -0.98874310332456
C           -1.69973687072698       -0.19662259622671       -0.21475464224622
O           -1.39614744983626       -0.85146416576706        1.00015573834682
C           -2.50159040982688       -1.61426605897586        1.47886431051098
C           -2.47720012983742       -3.04731063378507        0.91212247102146
O           -1.31070480685719       -3.74582078411918        1.25569351426392
C           -3.84689573140768       -0.93229482988114        1.15505115200304
O           -4.84577283029623       -1.27633479124552        2.07869039163372
C           -3.71628023455439        0.60602939721478        1.03002518127206
O           -4.85682900854223        1.13215550505641        0.40057908333260
C           -2.47045907906007        1.06978062203616        0.22393882981082
O           -1.65941596642621        1.91671920433267        0.99411550900064
C            1.55815635108051       -1.08236858351569       -0.44656948848229
O            1.04206874404266       -2.12306315341935        0.34871665175536
C            3.01841796617160       -0.81096684307960       -0.04767225405649
O            3.83869719141724       -1.88810230639042       -0.41357065957828
H            5.13379800455219        2.62471637077425       -0.92872887994678
H            5.75326501411754        1.28145690836968       -1.93363687465994
H            6.54802367917430        1.67912508246151       -0.38262905950647
H            3.64092245863419        0.26490265428318       -1.82183999810094
H            1.47001485182169        1.18461614248052       -2.10356363255804
H            0.72124859802920        3.02469349979022        0.21599160497531
H           -0.37255499257589        2.59702891640855       -1.12381104033544
H            2.12482267697987        3.85933577941794       -1.43748119479026
H            0.55553351432630        0.43170334192376        0.70553146893170
H           -2.34619994103600       -0.80291491624034       -0.86209469659764
H           -2.34824271402813       -1.66784919072083        2.56197826538406
H           -2.59932943598625       -3.01095985822340       -0.17856148020801
H           -3.31373165763924       -3.60167928639777        1.34247800771749
H           -0.55090815836550       -3.32497919453512        0.81781083169454
H           -4.22751642398440       -1.30581713012056        0.19720180644859
H           -4.57099917854873       -1.04383813371748        2.97864350414038
H           -3.62652001738594        1.03139440717526        2.04402693089613
H           -5.64986734849093        0.79151961447569        0.84433763459496
H           -2.80687078316825        1.65560851157498       -0.63353851744435
H           -1.33979510140448        1.41971675176263        1.76393516170048
H            1.52977465366420       -1.45639641758830       -1.47578422836756
H            0.97280791235289       -1.81348620243137        1.26587635148951
H            3.08020118596808       -0.63089071080460        1.03775642884435
H            3.43837217856607       -2.70632345580109       -0.07534099155473
48
 energy: -84.836620747097 gnorm: 0.002554696728 xtb: 6.7.1 (edcfbbe)
C            5.59662790073181        1.64432574170500       -0.91057385343832
O            4.79935437636907        0.71947987786815       -0.17837402986652
C            3.56222608126439        0.45083298594871       -0.72880863412566
O            2.70954499537259        1.55381369656973       -0.49063218852377
C            1.40372288406576        1.38555800900446       -1.01598131829289
C            0.66274496254170        2.71137940283661       -0.82135025063242
O            1.18296691344520        3.71566353688712       -1.65260709305324
C            0.70635059615874        0.18200795091584       -0.35402035341544
O           -0.55024698597672       -0.02138830572911       -0.99157345217635
C           -1.69666138575065       -0.20228948014947       -0.21472381289208
O           -1.39522881019945       -0.84939392537306        1.00497065609226
C           -2.50185165812931       -1.60908732189058        1.48406457022095
C           -2.47602286494455       -3.04208733453837        0.91845309730279
O           -1.30924262667240       -3.73881955118910        1.26453802531406
C           -3.84690531508988       -0.92598903978309        1.15809941403920
O           -4.84631057368896       -1.25954129249361        2.08495313919278
C           -3.71439923814183        0.61126720718922        1.02180219860982
O           -4.85432733604784        1.13463308516067        0.38928392982140
C           -2.46755236929965        1.06779295375371        0.21307132996278
O           -1.65835554648986        1.92010063189510        0.97896664474007
C            1.56136154199161       -1.08833912747068       -0.45536759188775
O            1.04592712694484       -2.13619033500835        0.33232940663830
C            3.02089133247984       -0.81459478877860       -0.05293295369340
O            3.84750631746732       -1.88526600687172       -0.42317796109245
H            5.12898305856134        2.62974238845304       -0.92642070342020
H            5.74885411982200        1.28810958248854       -1.93315195097914
H            6.54479425546467        1.68547608553579       -0.38258054446272
H            3.63830116028843        0.27389654519430       -1.82138526558067
H            1.46913808675757        1.18413035355129       -2.09898910784748
H            0.71500195884977        3.00692019417925        0.23153504859501
H           -0.38071197683136        2.58563164720050       -1.10778585632102
H            2.11027607406898        3.86061599273312       -1.41751532438235
H            0.55493329680305        0.41519449528769        0.70651193593495
H           -2.34437604341120       -0.81342862283904       -0.85539504673731
H           -2.34921647375072       -1.66129627701461        2.56731462992489
H           -2.59564524422375       -3.00562977127815       -0.17230902370124
H           -3.31297710444533       -3.59672204049624        1.34744527751316
H           -0.55034889783087       -3.32627159276571        0.81686664894819
H           -4.22930827159932       -1.30606501001943        0.20349044968121
H           -4.56969088383402       -1.02344563521817        2.98337481901706
H           -3.62288573656743        1.04453167609924        2.03231587376104
H           -5.64738334888852        0.79779610793464        0.83590404589918
H           -2.80265450696480        1.64758828221103       -0.64907374996844
H           -1.33488701532891        1.42564877096338        1.74879654642846
H            1.53543292270544       -1.45681978617209       -1.48655563310746
H            0.97617849156415       -1.83226831557094        1.25124811181114
H            3.07968493008810       -0.63976020704689        1.03350283528648
H            3.45638873463374       -2.70744544139127       -0.08407185438979
48
 energy: -84.836693403776 gnorm: 0.002187017472 xtb: 6.7.1 (edcfbbe)
C            5.59347084368674        1.64902612431549       -0.90933601080859
O            4.79919182301054        0.72100802325756       -0.17792280176418
C            3.56207987544214        0.45194708714487       -0.72791173654693
O            2.70805952828645        1.55251424334396       -0.48545159769793
C            1.40359178062055        1.38290402188903       -1.01240790587532
C            0.65850089952568        2.70565660814261       -0.81223994895757
O            1.17365745982505        3.71797283091206       -1.63689303664423
C            0.70734803749521        0.17894968460362       -0.35279266782073
O           -0.54856011281119       -0.02491812331498       -0.99141738179300
C           -1.69416703522389       -0.20707497495556       -0.21468875289529
O           -1.39428929563199       -0.85152466795712        1.00577812394107
C           -2.50304659038803       -1.60597548108099        1.48762039431281
C           -2.47786735128997       -3.04016541803635        0.92506851052259
O           -1.31027210533599       -3.73460022134035        1.27336794362528
C           -3.84774284251171       -0.92133391625275        1.16111236701683
O           -4.84528209450326       -1.24581187252650        2.09315794664640
C           -3.71392356127201        0.61474215693211        1.01464250359525
O           -4.85266484577284        1.13522117799754        0.37788543347617
C           -2.46601680605364        1.06476333175872        0.20509825543942
O           -1.65867318212855        1.92183660601295        0.96759323674240
C            1.56382014445597       -1.09128206537178       -0.46128056198832
O            1.04867959996842       -2.14549845535008        0.31887873985283
C            3.02325911237960       -0.81760801045645       -0.05739993446127
O            3.85223537583229       -1.88375960568149       -0.43425581720280
H            5.12354742226242        2.63351641177534       -0.92292004699239
H            5.74500346260296        1.29510603053506       -1.93279926842663
H            6.54221375506832        1.69161896672551       -0.38252019517531
H            3.63730586571794        0.27917045465110       -1.82110159044147
H            1.46933034724939        1.18261542386994       -2.09453108361734
H            0.71074182398244        2.99354328988134        0.24287074094923
H           -0.38463128531060        2.57720682963954       -1.09797999936265
H            2.09978599130018        3.86564379968417       -1.39926904917389
H            0.55663873307310        0.40705903453140        0.70785437736437
H           -2.34137053594560       -0.82180239413930       -0.85241459498436
H           -2.34980917224544       -1.65583035938547        2.57092515148948
H           -2.59616515420235       -3.00522278078479       -0.16572623376655
H           -3.31451435805809       -3.59515831631149        1.35392851112998
H           -0.55303198717865       -3.33004757961533        0.81552435974230
H           -4.23337167334790       -1.30738875224296        0.21016721617936
H           -4.56590748802369       -1.00375226006611        2.98918419158675
H           -3.62248256164824        1.05479790891667        2.02217727919348
H           -5.64624643618956        0.80260395774227        0.82666110254959
H           -2.79828905544725        1.63814997649705       -0.66247027764823
H           -1.33071900965175        1.42948487215274        1.73678421919186
H            1.53734025955679       -1.45212466536405       -1.49503051360414
H            0.98126176090935       -1.84885122437954        1.24031922549078
H            3.08155008240818       -0.64835625894373        1.02985938769325
H            3.47043245968200       -2.70897345638134       -0.09221712967662
48
 energy: -84.836740518628 gnorm: 0.002013430945 xtb: 6.7.1 (edcfbbe)
C            5.59091222623726        1.65364917817058       -0.90769418843603
O            4.80020757893305        0.72105441821589       -0.17815051685458
C            3.56289883752623        0.45235291602279       -0.72788821113899
O            2.70847852047206        1.55170300863818       -0.48244830285836
C            1.40451242428989        1.38224462847368       -1.00942964544176
C            0.65720422146306        2.70327493563075       -0.80614851226991
O            1.17003851010513        3.72104315571378       -1.62486252501973
C            0.70911866205530        0.17761654888052       -0.35138864245567
O           -0.54660467438802       -0.02689100495487       -0.99002131333053
C           -1.69270790691493       -0.21103547762571       -0.21499411945247
O           -1.39366414596377       -0.85536198043947        1.00453549056830
C           -2.50477887552701       -1.60416265651073        1.49041374457114
C           -2.48187085484466       -3.04039115373216        0.93230277983826
O           -1.31341690898931       -3.73308648558017        1.28192561561467
C           -3.84915131941099       -0.91841102124298        1.16403664795773
O           -4.84338227202658       -1.23578195154452        2.10209431737075
C           -3.71473378830348        0.61651472733354        1.00833691581261
O           -4.85198599790007        1.13376593998816        0.36632692394297
C           -2.46567064236205        1.06142768864780        0.19948970091622
O           -1.65994727389976        1.92192602601953        0.95995943113494
C            1.56596235292086       -1.09241414726153       -0.46551371761583
O            1.05071221693264       -2.15131153318408        0.30810425319433
C            3.02577741558451       -0.82042882767265       -0.06179536879324
O            3.85485616380200       -1.88336736373264       -0.44640609589370
H            5.11765581745660        2.63664968169892       -0.91796914316784
H            5.74205562626870        1.30315278492338       -1.93240022685986
H            6.54020128044158        1.69792974039070       -0.38204978253602
H            3.63783689581620        0.28213142659638       -1.82149698114551
H            1.47030826486400        1.18228110408191       -2.09131105899929
H            0.70759620508616        2.98543507953298        0.25066669072180
H           -0.38508450123728        2.57269153999514       -1.09352949875549
H            2.09437616628255        3.87224559256602       -1.38270879421647
H            0.55938566779669        0.40330339769602        0.70948168546269
H           -2.33847101591939       -0.82774415666620       -0.85286148851268
H           -2.35027395205881       -1.65094617217217        2.57371025272913
H           -2.60073662965597       -3.00841183812990       -0.15841919026954
H           -3.31786267757800       -3.59473030495442        1.36306179602313
H           -0.55821274009707       -3.33573526155184        0.81483223305149
H           -4.23857345262643       -1.30978760472161        0.21681105649218
H           -4.56112032171183       -0.98579183392936        2.99514522449209
H           -3.62507915761983        1.06249553216591        2.01336058539298
H           -5.64651755477406        0.80596306558371        0.81687864494765
H           -2.79486390585764        1.62960189057973       -0.67269384300250
H           -1.32779825551325        1.43081155835514        1.72803110391490
H            1.53786388586563       -1.44581751743489       -1.50175898733405
H            0.98747087479498       -1.86212958271527        1.23226538139090
H            3.08542625590900       -0.65674374773377        1.02613413878132
H            3.48165465830010       -2.71078594906310       -0.10048337984582
48
 energy: -84.836776052943 gnorm: 0.001433285762 xtb: 6.7.1 (edcfbbe)
C            5.58871417872069        1.65871549424963       -0.90545487067631
O            4.80190775790325        0.72028130346929       -0.17899414336247
C            3.56431585851129        0.45231420148838       -0.72868027674941
O            2.70980897901702        1.55086283224963       -0.48048758717778
C            1.40581366080790        1.38258110664368       -1.00707486063471
C            0.65790816550545        2.70303365035525       -0.80191473831797
O            1.17143438129168        3.72394907514487       -1.61536756493775
C            0.71097591786745        0.17663534882385       -0.35048807447326
O           -0.54477776150667       -0.02847359065411       -0.98884159711599
C           -1.69210332314257       -0.21443701789287       -0.21580987337104
O           -1.39336083695691       -0.85941554622869        1.00252680969980
C           -2.50652222337213       -1.60297606436723        1.49303424140984
C           -2.48710680055184       -3.04171840668329        0.94046062399748
O           -1.31797325682048       -3.73367149434321        1.29005805544379
C           -3.85066750226241       -0.91679138258207        1.16694213073128
O           -4.84113051175993       -1.22870689355695        2.11092982523076
C           -3.71646192865175        0.61708178363548        1.00261420743327
O           -4.85204320257601        1.13036748012715        0.35422704844698
C           -2.46594958414979        1.05820313111125        0.19543008268648
O           -1.66143621040765        1.92055108007083        0.95522511754351
C            1.56787654147849       -1.09291344317934       -0.46909537194042
O            1.05236790524999       -2.15487805502891        0.29936680711952
C            3.02843261159739       -0.82323635369472       -0.06664828608704
O            3.85670112950619       -1.88364088295071       -0.45948176180711
H            5.11146499054960        2.63982195856369       -0.91136626665188
H            5.73994153289708        1.31282454666869       -1.93174672781751
H            6.53840550362388        1.70462512342639       -0.38074467879986
H            3.63927200225016        0.28433553160146       -1.82273508681190
H            1.47158683904760        1.18351009403448       -2.08938614601746
H            0.70497594906391        2.98124409092635        0.25611432763592
H           -0.38333440871913        2.57177474659789       -1.09273581474893
H            2.09361714540482        3.87883208535861       -1.36731393433896
H            0.56214529576611        0.40100188852984        0.71092878965559
H           -2.33624574637491       -0.83180528764756       -0.85551013198968
H           -2.35039684753685       -1.64616504885878        2.57625312768796
H           -2.60866936102018       -3.01384422124113       -0.15001757717731
H           -3.32229735524123       -3.59392183510683        1.37544722225950
H           -0.56493831553421       -3.34258757291380        0.81498758647363
H           -4.24377400642883       -1.31306400376760        0.22330300537737
H           -4.55652172035573       -0.96931231402295        3.00067659467675
H           -3.63008898160710        1.06875140860179        2.00535511105977
H           -5.64785534539703        0.80814493695064        0.80647194803851
H           -2.79247300238153        1.62312588746283       -0.67983344936855
H           -1.32594821693498        1.42965371433757        1.72187920666717
H            1.53830167644511       -1.44043647161331       -1.50733764509669
H            0.99412870433304       -1.87241107994509        1.22600255497701
H            3.09068282809481       -0.66506842219705        1.02185719528492
H            3.49129879865013       -2.71274911830722       -0.10954407422345
48
 energy: -84.836812857378 gnorm: 0.001442979949 xtb: 6.7.1 (edcfbbe)
C            5.58570267851290        1.66697093722680       -0.90103051130040
O            4.80449083573626        0.71866771932185       -0.18095034841881
C            3.56656617774835        0.45199870862450       -0.73099490110650
O            2.71185064414431        1.54925875721626       -0.47834707435779
C            1.40754727901062        1.38334471848498       -1.00485881260133
C            0.66067916034875        2.70425930979629       -0.79772465043689
O            1.17937479293088        3.72726318331985       -1.60432367822622
C            0.71305199581823        0.17492524627691       -0.35057631362966
O           -0.54286624074518       -0.03075665518179       -0.98859097400206
C           -1.69211787338885       -0.21861895715117       -0.21762394787022
O           -1.39321921296419       -0.86446158841426        0.99950366865450
C           -2.50837371382654       -1.60149991983441        1.49701631017085
C           -2.49520210587994       -3.04416204166052        0.95365263322569
O           -1.32540299346877       -3.73645075328562        1.30104708379657
C           -3.85241876557473       -0.91573826453295        1.17100734254928
O           -4.83803105821619       -1.22189279968758        2.12221338553945
C           -3.71971141793609        0.61679823921060        0.99500839545310
O           -4.85259157240918        1.12302430927022        0.33571490552663
C           -2.46634889850455        1.05425432900304        0.19138510409102
O           -1.66282316848829        1.91659158926991        0.95235599890834
C            1.57014438315820       -1.09370539896225       -0.47422657007416
O            1.05451354064001       -2.15811791224497        0.28931946896483
C            3.03221901090931       -0.82728327826943       -0.07480932365235
O            3.85895406882039       -1.88457563077082       -0.47950573449290
H            5.10237687679573        2.64505948444459       -0.89928065692320
H            5.73791233621735        1.32944357566610       -1.93003800219601
H            6.53559107385832        1.71465498917921       -0.37692991483641
H            3.64172769222526        0.28790213344656       -1.82582939264678
H            1.47338206073572        1.18681499934679       -2.08825663478605
H            0.70177075457689        2.97848715615958        0.26156882791158
H           -0.37907568630478        2.57478586381029       -1.09513369364132
H            2.09830238702380        3.88630652843738       -1.34669460767550
H            0.56520050705378        0.39764305321948        0.71188596419697
H           -2.33446210100118       -0.83564426540383       -0.86047673671905
H           -2.34966830572437       -1.63880054245552        2.58007127386200
H           -2.62358045354764       -3.02350723366884       -0.13619371100105
H           -3.32905011741175       -3.59128057397286        1.39784070444781
H           -0.57540153241930       -3.35242241613711        0.81684135600067
H           -4.24974631166177       -1.31853417101026        0.23196910972533
H           -4.55169510443685       -0.94805303376293        3.00720290279900
H           -3.64001344545895        1.07682727221532        1.99450780410830
H           -5.65063405642173        0.80977246828559        0.79025334705608
H           -2.78970287885893        1.61789646732537       -0.68580396094479
H           -1.32458667933841        1.42427162369392        1.71678187481165
H            1.53905659420655       -1.43596140477315       -1.51428524796471
H            1.00341889318098       -1.88315808173609        1.21866507394069
H            3.09933717069339       -0.67695062811986        1.01442056846611
H            3.50355468337087       -2.71564911720637       -0.12426662525682
48
 energy: -84.836836833641 gnorm: 0.001262844570 xtb: 6.7.1 (edcfbbe)
C            5.58382704823433        1.67236011069784       -0.89696957834759
O            4.80505211934001        0.71786369133234       -0.18235465591132
C            3.56726719692932        0.45196513257670       -0.73330338035670
O            2.71191711518522        1.54780459942511       -0.47727208296324
C            1.40772520847196        1.38298835882043       -1.00496568313877
C            0.66243316231571        2.70473516277214       -0.79638573378406
O            1.18680429995230        3.72799248216099       -1.59934102074146
C            0.71308712891285        0.17334028569263       -0.35232772105344
O           -0.54290163373218       -0.03223167416775       -0.99046970405612
C           -1.69241169739901       -0.22026540976805       -0.21902180325456
O           -1.39295630647976       -0.86578618497543        0.99830696080867
C           -2.50809470683140       -1.60012994259106        1.49967119001517
C           -2.49851765197173       -3.04499207424524        0.96238194096494
O           -1.32846807720404       -3.73807070213926        1.30702386064816
C           -3.85239699183135       -0.91549858462894        1.17284305121415
O           -4.83693228590553       -1.21993231025142        2.12581528138267
C           -3.72153368734530        0.61646177339741        0.99111945448786
O           -4.85254535603856        1.11753825877806        0.32440543952630
C           -2.46566846529477        1.05311905616203        0.19041849340704
O           -1.66198306645534        1.91282184422414        0.95413508907421
C            1.57065927819108       -1.09490151842061       -0.47792425305149
O            1.05557469778349       -2.15941401834795        0.28554756712187
C            3.03383284728961       -0.82950760317428       -0.08083517117564
O            3.85992434293339       -1.88531179734216       -0.49137394585263
H            5.09763198746431        2.64889486323313       -0.88994706739875
H            5.73739163220698        1.34097477065741       -1.92776189039401
H            6.53332710506528        1.71989320597268       -0.37217404735535
H            3.64260014653501        0.29137727308514       -1.82869714965382
H            1.47399205713197        1.18882121195937       -2.08879316955258
H            0.70041997518691        2.97707662118132        0.26345374727486
H           -0.37670980004548        2.57880673517986       -1.09772845530959
H            2.10436124561882        3.88639706198496       -1.33681075151517
H            0.56537580750881        0.39428636164322        0.71065406061741
H           -2.33493287050486       -0.83676315846461       -0.86213071380341
H           -2.34803369260085       -1.63346249825301        2.58265150579427
H           -2.63258451331934       -3.02920216216967       -0.12686350456987
H           -3.33128450550035       -3.58820868353487        1.41356554408498
H           -0.57982846649164       -3.35571283031370        0.81988293860012
H           -4.25022812105812       -1.32152197599342        0.23546280727637
H           -4.55184565383247       -0.93894168720587        3.00875958624008
H           -3.64694729726511        1.08142999472402        1.98865629181871
H           -5.65205739992566        0.80924840388390        0.77954475420945
H           -2.78746043739925        1.61914724717092       -0.68583294953356
H           -1.32477338981723        1.41804969816288        1.71744872332337
H            1.53891499651146       -1.43725670307434       -1.51796533152668
H            1.00719093060403       -1.88573060707977        1.21525217595643
H            3.10372343872112       -0.68335104370796        1.00872119188263
H            3.50806420981645       -2.71720304083256       -0.13499081223964
48
 energy: -84.836865114938 gnorm: 0.000931006252 xtb: 6.7.1 (edcfbbe)
C            5.58105732679160        1.67914692092776       -0.89031106938860
O            4.80450491086903        0.71663531344037       -0.18403915764638
C            3.56727724814970        0.45193849709776       -0.73698749258117
O            2.71096416509471        1.54578826123593       -0.47684637404931
C            1.40719438868659        1.38191490489061       -1.00645423247059
C            0.66413723378164        2.70471567421589       -0.79619324031485
O            1.19644270948553        3.72829505802052       -1.59444310191529
C            0.71226169136769        0.17165830573927       -0.35558740921242
O           -0.54391204865997       -0.03340028434795       -0.99379200884995
C           -1.69272645945955       -0.22143323202448       -0.22081550714376
O           -1.39187139966700       -0.86694297151398        0.99653723653541
C           -2.50654614898240       -1.59786194002321        1.50295521052311
C           -2.50084748347617       -3.04556819405807        0.97375718838388
O           -1.32983758579373       -3.73865343436822        1.31438011016477
C           -3.85140145704752       -0.91511116476211        1.17422355544446
O           -4.83593851043963       -1.21879373472388        2.12748557869415
C           -3.72342725050844        0.61632859507941        0.98664172828728
O           -4.85139927405060        1.11066334394401        0.30965832871698
C           -2.46349110493192        1.05265616302157        0.19120008999623
O           -1.65882570821931        1.90616372915573        0.96075720414681
C            1.57013145996641       -1.09659524115809       -0.48271236566440
O            1.05644304327261       -2.16036546231390        0.28310295753429
C            3.03482372206042       -0.83216314479287       -0.08923622049473
O            3.85974497885019       -1.88666156571056       -0.50615759626657
H            5.09210160044792        2.65418722138635       -0.87584359649766
H            5.73681713980972        1.35669127602169       -1.92359254807713
H            6.52976725202681        1.72518941140562       -0.36390740865203
H            3.64320169698511        0.29618786582127       -1.83298186790994
H            1.47439625278281        1.19007234894413       -2.09035182893636
H            0.69905882505733        2.97433054653517        0.26435186316992
H           -0.37427247827424        2.58410552098074       -1.10219217317723
H            2.11336732347159        3.88207905552790       -1.32729726928746
H            0.56458068293742        0.39049198244112        0.70766192868762
H           -2.33660175822406       -0.83712854673068       -0.86285711597922
H           -2.34505259013376       -1.62554602836768        2.58594494935083
H           -2.64260029555796       -3.03619921304332       -0.11466015511977
H           -3.33149128500608       -3.58458361201116        1.43402603637738
H           -0.58271970033473       -3.35573851302762        0.82532391363436
H           -4.24811876764911       -1.32458928128692        0.23784316945358
H           -4.55403290106686       -0.93063559390312        3.00895414428498
H           -3.65646724348340        1.08703809599269        1.98186640677485
H           -5.65314721685310        0.80732968855184        0.76391723346603
H           -2.78214063988290        1.62410446334236       -0.68276823580413
H           -1.32516180954614        1.40642604484560        1.72253605241464
H            1.53623674019101       -1.44065753634515       -1.52214421274994
H            1.01022019335349       -1.88554704700404        1.21246474243497
H            3.10795849831948       -0.69061226926786        1.00067680806427
H            3.50934393710083       -2.71935228338542       -0.15061316948537
48
 energy: -84.836890963776 gnorm: 0.000937148744 xtb: 6.7.1 (edcfbbe)
C            5.57717591885391        1.68707818121392       -0.88160085782403
O            4.80324352524277        0.71488559862081       -0.18570740362145
C            3.56686098218184        0.45180535516954       -0.74148730541106
O            2.70946720140000        1.54341186508136       -0.47671147380763
C            1.40628349458902        1.38027270244796       -1.00822301459945
C            0.66457248917634        2.70343447168185       -0.79551011786763
O            1.20419072173775        3.72884469293297       -1.58729659894690
C            0.71140422746154        0.16946458641637       -0.35931025243822
O           -0.54511962807491       -0.03476423756273       -0.99730468684990
C           -1.69263821041931       -0.22282210721027       -0.22260023844140
O           -1.39004080408711       -0.86882935632145        0.99436969962699
C           -2.50490604639043       -1.59448701638127        1.50709977771804
C           -2.50223251850078       -3.04568753003427        0.98761078688585
O           -1.32894436003198       -3.73673756057591        1.32399233004202
C           -3.85019543644696       -0.91361470745144        1.17559946548404
O           -4.83487040327663       -1.21588021083276        2.12918876921060
C           -3.72525717162494        0.61721585702820        0.98045758321661
O           -4.84887932726150        1.10357702815519        0.29024231731222
C           -2.45980809639210        1.05232765024048        0.19265915863076
O           -1.65378369372211        1.89719508073085        0.97037037334418
C            1.56916234879927       -1.09896899300154       -0.48879998735588
O            1.05740820905600       -2.16226021448359        0.27962477163765
C            3.03546137455693       -0.83572571696575       -0.09973447322589
O            3.85890969603269       -1.88842937020208       -0.52451616939883
H            5.08509365124238        2.66042303766464       -0.85763646071226
H            5.73505216855311        1.37582409317395       -1.91800573861464
H            6.52514010867639        1.73085430920346       -0.35360810394905
H            3.64390997223657        0.30176777158007       -1.83816002915063
H            1.47461424696586        1.19062340951854       -2.09220106157906
H            0.69576634245132        2.96883725016288        0.26618315031379
H           -0.37275510206289        2.58743993743019       -1.10669242219031
H            2.12119438110502        3.87567472872173       -1.31640776756324
H            0.56401985639394        0.38613503864622        0.70419298880867
H           -2.33851996477062       -0.83750670389792       -0.86320226408073
H           -2.34215395661774       -1.61514015756931        2.59012683713592
H           -2.65222097602914       -3.04356274650776       -0.09983643301120
H           -3.32956587566314       -3.58145452318077        1.45759510470553
H           -0.58414009429350       -3.35250855802166        0.83196089767775
H           -4.24548456078278       -1.32754739869913        0.24045103193881
H           -4.55638253767883       -0.92021711745688        3.00926331622057
H           -3.66795586164894        1.09487606422923        1.97292384858099
H           -5.65370970179223        0.80554290867853        0.74247485860748
H           -2.77252129681697        1.63063074097085       -0.67898328233437
H           -1.32444406465511        1.39036079173965        1.72955600971713
H            1.53171093418273       -1.44402006044205       -1.52778705351533
H            1.01369225316117       -1.88602419096394        1.20870184736531
H            3.11221551817825       -0.69982678522531        0.99069146768874
H            3.50998197036208       -2.72248989381945       -0.17053211691390
48
 energy: -84.836914672110 gnorm: 0.001002129182 xtb: 6.7.1 (edcfbbe)
C            5.57278364844434        1.69496669638679       -0.87181827802163
O            4.80181076730940        0.71249747685193       -0.18710842062110
C            3.56650297546323        0.45127262240964       -0.74626789235969
O            2.70819962602346        1.54091300135483       -0.47738916806408
C            1.40548467279486        1.37839369286171       -1.01006708396980
C            0.66364260190115        2.70091599282389       -0.79423289389300
O            1.20821899742752        3.72968599499846       -1.57848163723582
C            0.71087076267738        0.16705288003381       -0.36294451415711
O           -0.54623715299836       -0.03584878854917       -1.00033150265662
C           -1.69219400619801       -0.22405814774966       -0.22398352546637
O           -1.38783645789990       -0.87109929625816        0.99210405260965
C           -2.50366081501712       -1.59030631842410        1.51161901934251
C           -2.50274593427209       -3.04520101953936        1.00229871878716
O           -1.32601313336937       -3.73185170297917        1.33537528547205
C           -3.84917509048161       -0.91130930789199        1.17671996375920
O           -4.83376822369244       -1.21095676597929        2.13117552122151
C           -3.72702865477878        0.61881702251848        0.97322972931914
O           -4.84513746989818        1.09697913814771        0.26820127844669
C           -2.45536489634021        1.05212997686140        0.19490560075981
O           -1.64825042499591        1.88706791771728        0.98242575156624
C            1.56815135142705       -1.10148709869340       -0.49565632455626
O            1.05842963885718       -2.16485746747191        0.27452286845353
C            3.03595523460448       -0.83988027184964       -0.11101677132115
O            3.85772820114226       -1.89048226136400       -0.54420672734924
H            5.07748223564140        2.66643241134347       -0.83705101448667
H            5.73214358706477        1.39604407016924       -1.91161859818674
H            6.52027358194565        1.73591766706802       -0.34274810438467
H            3.64518745796955        0.30677542088311       -1.84354522453250
H            1.47448082487205        1.19075529003938       -2.09422122353116
H            0.69054612167897        2.96116301632117        0.26888788271479
H           -0.37236634995206        2.58760236606627       -1.11049742463781
H            2.12589207948941        3.86890592767974       -1.30571964861059
H            0.56437346905017        0.38184006049472        0.70086557250532
H           -2.34035604572991       -0.83739784092632       -0.86341093430023
H           -2.34001095801146       -1.60324964519372        2.59469658038883
H           -2.65994790609036       -3.05057588702507       -0.08416394530563
H           -3.32587819237279       -3.57927645064992        1.48135424256416
H           -0.58429244580147       -3.34608152606492        0.83949035446402
H           -4.24337106694530       -1.33023353261068        0.24322901950163
H           -4.55785500664362       -0.90846873220432        3.00975325831516
H           -3.68075597917440        1.10384021643958        1.96265733481641
H           -5.65367964985622        0.80371713628073        0.71679706192851
H           -2.76027941549056        1.63778920880607       -0.67457449421223
H           -1.32287287817104        1.37167906716732        1.73776144868074
H            1.52656223329909       -1.44625020747920       -1.53456727379700
H            1.01793778866644       -1.88810691141676        1.20364357333218
H            3.11630753738169       -0.71005881542864        0.97992845008000
H            3.51011466255070       -2.72611828111808       -0.19253886533409
48
 energy: -84.836935744876 gnorm: 0.000911789803 xtb: 6.7.1 (edcfbbe)
C            5.56814136479418        1.70281567753289       -0.86093440011069
O            4.80042537702973        0.70944716538993       -0.18838485964601
C            3.56638666218000        0.45035679867163       -0.75142808657863
O            2.70733653504359        1.53836549267785       -0.47893975510894
C            1.40493024224869        1.37641704876687       -1.01199072334413
C            0.66155033729521        2.69735009833745       -0.79228505499361
O            1.20883059472400        3.73113882969265       -1.56776892328445
C            0.71096846185846        0.16433017116442       -0.36642504965741
O           -0.54702710322804       -0.03672426478054       -1.00260977438983
C           -1.69149684612405       -0.22496942288360       -0.22477596709016
O           -1.38559903132827       -0.87359412341751        0.98995177599176
C           -2.50308929811242       -1.58528252921401        1.51661453253758
C           -2.50250940635579       -3.04415837802658        1.01844430924149
O           -1.32135672313820       -3.72462543432900        1.34889571718161
C           -3.84864221111086       -0.90814660032736        1.17805219380834
O           -4.83269887967742       -1.20414789583079        2.13413559688497
C           -3.72920892965643        0.62113144190232        0.96458528433243
O           -4.84057806225760        1.09030622962925        0.24273512176275
C           -2.45045599906585        1.05232861646165        0.19773843135160
O           -1.64278683808900        1.87619881258659        0.99661496729248
C            1.56727698457137       -1.10429135657386       -0.50358040378338
O            1.05951769977088       -2.16855565308719        0.26693243522511
C            3.03645389329103       -0.84453865291860       -0.12310527360134
O            3.85647005414855       -1.89262713340957       -0.56544335965060
H            5.06962307048453        2.67216126641401       -0.81381543272871
H            5.72818299421203        1.41756372783907       -1.90444357730851
H            6.51554927100288        1.74020096034712       -0.33145845470690
H            3.64732175550886        0.31119920714930       -1.84926914490446
H            1.47398616992833        1.19084862364417       -2.09646577463591
H            0.68310493744865        2.95132285745325        0.27258475283513
H           -0.37288482807323        2.58463909610402       -1.11382668428334
H            2.12746818121003        3.86333267159446       -1.29451463129169
H            0.56609259019599        0.37728721492838        0.69786908829290
H           -2.34203832890152       -0.83652217429717       -0.86354572013182
H           -2.33869174006433       -1.58987140692072        2.59966703519372
H           -2.66650958994555       -3.05756367016137       -0.06693358194200
H           -3.32079950742745       -3.57739945449053        1.50641051328418
H           -0.58356361563844       -3.33827382327271        0.84707448901864
H           -4.24214008499745       -1.33308403924807        0.24691093209103
H           -4.55830076793862       -0.89494081305913        3.01090076657166
H           -3.69558859391480        1.11412622648089        1.95055346428815
H           -5.65356928668739        0.80169125062360        0.68627120252855
H           -2.74592661001872        1.64589413196413       -0.66958233662932
H           -1.32054462663724        1.35070247249331        1.74649665289642
H            1.52152991064425       -1.44716954806502       -1.54294468728459
H            1.02393825303495       -1.89313646808501        1.19673728845520
H            3.12041974870310       -0.72131242440464        0.96838773178666
H            3.51050372249781       -2.73022282797020       -0.21661154819770
48
 energy: -84.836949666614 gnorm: 0.000763267226 xtb: 6.7.1 (edcfbbe)
C            5.56447935765640        1.70907859187200       -0.85091858482683
O            4.79959490038020        0.70625651154897       -0.18936697911399
C            3.56667720336554        0.44939184772015       -0.75593713823666
O            2.70717778843014        1.53636133471984       -0.48080112461220
C            1.40484589360349        1.37482998291263       -1.01358003515413
C            0.65911717513996        2.69379762665915       -0.79025591537612
O            1.20719017268606        3.73280449668822       -1.55756431248359
C            0.71142635133182        0.16196524240488       -0.36925309359363
O           -0.54754951951864       -0.03707277713465       -1.00407999343823
C           -1.69091945909534       -0.22536364130101       -0.22502924979365
O           -1.38363935877533       -0.87539918626954        0.98827067930662
C           -2.50266253101318       -1.58026043690548        1.52161512690025
C           -2.50244668147316       -3.04269945230293        1.03353291224042
O           -1.31711762200103       -3.71693982968110        1.36204488974923
C           -3.84835372220256       -0.90530391358524        1.17935510789038
O           -4.83151981739721       -1.19711119663614        2.13762800887716
C           -3.73171098542565        0.62312600214570        0.95632656936197
O           -4.83617909905997        1.08340439472980        0.21814576818242
C           -2.44640838443849        1.05266270957896        0.20068168686685
O           -1.63929106534974        1.86674483558910        1.01027825656705
C            1.56689420559270       -1.10653876559228       -0.51110599161139
O            1.06061682396148       -2.17242333925702        0.25809300447677
C            3.03720164717434       -0.84881047562244       -0.13385185642984
O            3.85576208698323       -1.89431509947628       -0.58477319761027
H            5.06359432117481        2.67651818892575       -0.79190436561712
H            5.72422572133752        1.43654993481653       -1.89782904407509
H            6.51222331299695        1.74250865647437       -0.32179019363172
H            3.64983500972284        0.31460051447818       -1.85422432412879
H            1.47344915123227        1.19100954337350       -2.09840105833007
H            0.67528952017325        2.94195452334971        0.27615785322939
H           -0.37378234820369        2.58034476460831       -1.11667399924842
H            2.12633665226565        3.86103152760234       -1.28397803076734
H            0.56862212700079        0.37326002090845        0.69562389714596
H           -2.34341771587734       -0.83517238459438       -0.86366878068481
H           -2.33758674638137       -1.57697349288398        2.60463071591637
H           -2.67215907250059       -3.06378127560313       -0.05082096700852
H           -3.31620094865507       -3.57541297770438        1.52948988006385
H           -0.58345506966674       -3.33161893211779        0.85322249512244
H           -4.24165318929637       -1.33630824469619        0.25085650248672
H           -4.55761583074292       -0.88166787876855        3.01240805441601
H           -3.71061026029773        1.12385281488575        1.93873388928601
H           -5.65352658709055        0.79891457555077        0.65626632531229
H           -2.73319300059667        1.65304936186289       -0.66474046244083
H           -1.31839793672425        1.33169551140304        1.75407479654020
H            1.51792440239295       -1.44644606637582       -1.55129372935196
H            1.03136463259411       -1.90045866631211        1.18924376542834
H            3.12435183179327       -0.73172983997277        0.95809641970857
H            3.51119856616634       -2.73390764675724       -0.23945310037779
48
 energy: -84.836956318852 gnorm: 0.000546305800 xtb: 6.7.1 (edcfbbe)
C            5.56272823756944        1.71258714984700       -0.84404692394728
O            4.79930451725392        0.70406028064327       -0.18980038970977
C            3.56709064885372        0.44892648001253       -0.75871222014405
O            2.70732289953917        1.53533545348822       -0.48197694553691
C            1.40500131087556        1.37402157334570       -1.01446818012359
C            0.65741190501949        2.69155001836905       -0.78884824942244
O            1.20517895452299        3.73414468541270       -1.55094554111586
C            0.71210353104970        0.16050024775300       -0.37077452955720
O           -0.54758428756110       -0.03705171703883       -1.00450015165082
C           -1.69051248561958       -0.22519819296791       -0.22475732022202
O           -1.38258791978012       -0.87636525705538        0.98748034258619
C           -2.50260422600792       -1.57667567671115        1.52512809114869
C           -2.50215125888091       -3.04159502417048        1.04445637702551
O           -1.31428548489531       -3.71216085566779        1.37160370345819
C           -3.84844620679670       -0.90318566258116        1.18087443633405
O           -4.83085219907633       -1.19217641005812        2.14079688646489
C           -3.73399893351550        0.62445605641570        0.95014300332986
O           -4.83348701868752        1.07758970703149        0.20036407446224
C           -2.44410722899051        1.05328916624700        0.20257155748158
O           -1.63802419309824        1.86089574892707        1.01953983695205
C            1.56682696058476       -1.10797476918931       -0.51650198212053
O            1.06131640125384       -2.17552303091333        0.25072488260551
C            3.03772682578689       -0.85146438915607       -0.14094159610706
O            3.85545412377855       -1.89488185848664       -0.59796766358027
H            5.06110940949610        2.67898540350628       -0.77650995027940
H            5.72137989015766        1.44874228629811       -1.89324386617769
H            6.51110520436328        1.74239080199171       -0.31581644185854
H            3.65179224706238        0.31697912650130       -1.85729717751528
H            1.47319072578945        1.19138719570719       -2.09956358128704
H            0.66988570828699        2.93592613733321        0.27850150901750
H           -0.37440395483699        2.57699767414507       -1.11848623628342
H            2.12415509533791        3.86194223866505       -1.27655737604766
H            0.57089684895844        0.37043419932190        0.69459896955467
H           -2.34412864737962       -0.83367168801404       -0.86363296311820
H           -2.33690991613344       -1.56808603358801        2.60795734203349
H           -2.67585642721148       -3.06780433703350       -0.03904397196330
H           -3.31310568507207       -3.57333736558502        1.54585124144140
H           -0.58366417262103       -3.32894433770379        0.85699018604847
H           -4.24159332274303       -1.33871971841484        0.25449404719858
H           -4.55697090715726       -0.87241874031361        3.01398460448925
H           -3.72204613566126        1.13062466881379        1.92973210197175
H           -5.65375871678605        0.79575676240351        0.63457269215259
H           -2.72512341448033        1.65811392196723       -0.66155322059270
H           -1.31712837161839        1.31919380558505        1.75849149769559
H            1.51618416853730       -1.44506314184279       -1.55754183681572
H            1.03789638574827       -1.90754128468677        1.18322880461137
H            3.12696898678305       -0.73888415520363        0.95130692620569
H            3.51130203131907       -2.73610914797368       -0.25642372226529
48
 energy: -84.836959793187 gnorm: 0.000426549353 xtb: 6.7.1 (edcfbbe)
C            5.56253375105396        1.71378894598099       -0.84029542155202
O            4.79933595480053        0.70290533243129       -0.18965134296297
C            3.56745326891055        0.44895914009206       -0.75980412854955
O            2.70755006356963        1.53509338276627       -0.48208021843043
C            1.40525439953053        1.37391797454962       -1.01462475916419
C            0.65657584589894        2.69071663244633       -0.78802975155331
O            1.20387944220391        3.73491562185141       -1.54794141413683
C            0.71237308669895        0.15995136975544       -0.37157285594020
O           -0.54771862858616       -0.03682991472371       -1.00473929797085
C           -1.69050665177434       -0.22498441220038       -0.22460827750367
O           -1.38195781642498       -0.87635700670109        0.98717243214259
C           -2.50207199285026       -1.57449344749550        1.52762936446142
C           -2.50251213941941       -3.04072092156593        1.05082373689540
O           -1.31361386767804       -3.70968812936329        1.37733200641526
C           -3.84825486568642       -0.90247749715373        1.18185007119255
O           -4.82992623836016       -1.18958117959750        2.14312975718934
C           -3.73573861409229        0.62473329474595        0.94674941749893
O           -4.83223671952707        1.07285022548918        0.18983746979687
C           -2.44339825138797        1.05352578215986        0.20359662083888
O           -1.63849190345198        1.85822759927765        1.02434969115611
C            1.56699766931468       -1.10830804154277       -0.51972811852936
O            1.06173503007060       -2.17721336399954        0.24555281219822
C            3.03817165387680       -0.85280698241036       -0.14473573197980
O            3.85567531259947       -1.89491654640484       -0.60509610703225
H            5.06156966006833        2.68008497081243       -0.76774604291065
H            5.71978623710245        1.45464643146134       -1.89082129145646
H            6.51161711619513        1.74065121151944       -0.31315024725408
H            3.65296766015761        0.31870618475339       -1.85857775858478
H            1.47337566714999        1.19192865202296       -2.09984924216429
H            0.66726288495635        2.93347124621710        0.27967653362698
H           -0.37470793443035        2.57542783220307       -1.11921661699350
H            2.12218529913837        3.86446870005424       -1.27211230068773
H            0.57220115764633        0.36880037659068        0.69415951478136
H           -2.34457363351234       -0.83297119736486       -0.86360130292518
H           -2.33584804895312       -1.56268469762935        2.61040226230575
H           -2.67857569750706       -3.07019156963765       -0.03220635415904
H           -3.31209976922726       -3.57138574446978        1.55557759932416
H           -0.58476289957155       -3.32914250815485        0.85838811321709
H           -4.24151155039023       -1.34104917928134        0.25688635578590
H           -4.55602617181214       -0.86667413239647        3.01518986505262
H           -3.72932952886226        1.13472787472562        1.92437696300506
H           -5.65418893759816        0.79262658442485        0.62184055119004
H           -2.72169810165786        1.66033721349808       -0.65992195044652
H           -1.31668395131372        1.31308842584794        1.76027944645602
H            1.51574400421596       -1.44327476869583       -1.56140994433956
H            1.04258169483996       -1.91263507242046        1.17908779405597
H            3.12832404963562       -0.74292226760761        0.94768425819522
H            3.51128490771520       -2.73724442940476       -0.26657108290744
