48
 energy: -84.795487850129 gnorm: 0.073160217135 xtb: 6.7.1 (edcfbbe)
C            5.60166835939783       -0.27922260603883        0.20438929141682
O            4.67303335610313        0.75169737551084        0.47752101015411
C            3.48269026878555        0.32320984341972        1.02254714622883
O            2.72474057132599       -0.30135808085017        0.00267683164747
C            1.45343912009903       -0.76390063219627        0.41363407990668
C            0.91184316636334       -1.56110880622892       -0.77493369437136
O            1.75193120936988       -2.63516133117322       -1.08390198239159
C            0.57476498767422        0.41801438487020        0.85856558409367
O           -0.67361902967037       -0.06115041972328        1.32282351641031
C           -1.81421410275532        0.70097240156444        1.00576197321014
O           -1.84347688625019        1.22005713450421       -0.29293272802763
C           -2.12113146606375        0.30783640515065       -1.34859895921571
C           -2.30014915813920        1.15728718492727       -2.61756196084835
O           -2.45054432986680        0.36395916008940       -3.76998647197006
C           -3.36437544326750       -0.55530890107158       -1.08108152455279
O           -3.50978511406448       -1.56455031492884       -2.04884583292386
C           -3.22634598173865       -1.23042544754815        0.28634402978751
O           -4.36860806466852       -1.98349540638753        0.60918846110625
C           -3.05848312808554       -0.13593294273859        1.34011528383967
O           -2.94646435396080       -0.65000367145093        2.63055708347230
C            1.29664128137701        1.19506583922327        1.97070956162968
O            0.61788411651800        2.37140571318425        2.34344653492950
C            2.74155879897168        1.54584193103976        1.57488621471972
O            3.43862540604239        2.02462836213464        2.69085356753656
H            5.21932318796984       -0.96716227537960       -0.55497731641548
H            5.83931838764391       -0.83952187889820        1.11516691934172
H            6.49545207794108        0.21707496106880       -0.16594912775356
H            3.64940012973979       -0.39912289932936        1.84823258415127
H            1.56447182412846       -1.44492920430668        1.27328434379571
H            0.83016747872464       -0.88306188243175       -1.63842007725349
H           -0.06154125592022       -1.98504471729215       -0.52608548340543
H            2.65113563230909       -2.28653077252973       -1.13261643222999
H            0.42142702662490        1.08863422668178       -0.00120061496898
H           -1.82120750506167        1.60318995010936        1.64159529153750
H           -1.27317870124965       -0.37750966624770       -1.48971647517414
H           -1.45052924146197        1.84354171664865       -2.70804664793835
H           -3.21305842643452        1.75043063809164       -2.53277014566033
H           -1.61598987937533       -0.07945799579382       -3.96414274144839
H           -4.25879794405103        0.08997954091679       -1.06216960793149
H           -3.49472796132566       -1.14331317597679       -2.92260163630734
H           -2.33447849526613       -1.87583991539162        0.28732716665330
H           -4.57775830629012       -2.52504047677763       -0.16200605706931
H           -3.93350757836735        0.53521440840830        1.27203481549335
H           -3.56741825876589       -1.38866149573592        2.69153469312426
H            1.30773216636474        0.57714266507947        2.87552072793024
H            0.46224981853033        2.91103016610357        1.55797650071598
H            2.72756988995224        2.30502541558124        0.77344810638038
H            2.84231926453606        2.61557102585734        3.17188549293055
48
 energy: -84.800635654977 gnorm: 0.010063111107 xtb: 6.7.1 (edcfbbe)
C            5.59970778618141       -0.28060555227165        0.20290848862369
O            4.67037038427455        0.74989384772260        0.47527428424685
C            3.47890016807586        0.32212003269178        1.01886831899474
O            2.71572083490143       -0.29150315693262       -0.00619704968433
C            1.44136814284088       -0.75603921463109        0.39608645984828
C            0.90143336018591       -1.55450606522933       -0.78941074879380
O            1.74456602132343       -2.62830408076173       -1.09293871908590
C            0.58592840510360        0.41591638488016        0.90716215160739
O           -0.67513720937104       -0.03234331539218        1.36646635217534
C           -1.81434202898861        0.70501030588296        0.99526004480402
O           -1.84114963575024        1.20350598589596       -0.30992596397838
C           -2.12033958113628        0.29177149638042       -1.36034072702596
C           -2.30039264853422        1.14947795310908       -2.62347606545133
O           -2.45140133384166        0.36046651634115       -3.77816534347389
C           -3.36588978858242       -0.56330053403378       -1.08496238150503
O           -3.51552506603676       -1.57212807263960       -2.05181354370618
C           -3.22517455451495       -1.23320479117398        0.28494655009872
O           -4.36795044682802       -1.98415393880861        0.61073175931793
C           -3.05700120197083       -0.13426124079845        1.33441818491787
O           -2.94669137454936       -0.64237603563598        2.62765488941323
C            1.31121910724950        1.19980330950396        2.00130839800157
O            0.62998436494052        2.37831614933297        2.36223426754579
C            2.74874763455708        1.54686242695010        1.58190710936805
O            3.45283618847993        2.02669252696236        2.69235969026602
H            5.21856579686964       -0.96830381330394       -0.55700796396090
H            5.83684829737127       -0.84088494532793        1.11380142483753
H            6.49390386240048        0.21606028683853       -0.16598242490476
H            3.64521477895746       -0.40438907793195        1.84114097050787
H            1.56041623883571       -1.44770127806583        1.24760802220065
H            0.82001955590237       -0.87754798820857       -1.65292226522422
H           -0.06970550714637       -1.98097442324671       -0.53636817515443
H            2.64434355297693       -2.28021742530928       -1.13736805411366
H            0.43066540146453        1.08891502873761        0.04697907979913
H           -1.83768980297559        1.61705727220704        1.61759851608997
H           -1.27248086338127       -0.39301176793358       -1.50017381573907
H           -1.45064906736003        1.83627660121690       -2.71086859092956
H           -3.21255434268622        1.74358452425927       -2.53496112303857
H           -1.61684378368330       -0.08288382926310       -3.97220875640698
H           -4.25763026135612        0.08595075576746       -1.06505187517303
H           -3.49751193280671       -1.15010907060150       -2.92525831421481
H           -2.33353201014441       -1.87876339230176        0.28737142017212
H           -4.57848637038122       -2.52677576890646       -0.15936869590977
H           -3.93342947069922        0.53473403813831        1.26275919481497
H           -3.56551004247153       -1.38287693308351        2.69055052479973
H            1.32526579501275        0.58564339006070        2.90743459438982
H            0.46639142067397        2.90658583509114        1.57002741733789
H            2.72728057145232        2.30539149087123        0.77969391244383
H            2.85731756953893        2.61712508664691        3.17569986495287
48
 energy: -84.801435298285 gnorm: 0.005681174440 xtb: 6.7.1 (edcfbbe)
C            5.59779826367799       -0.28313565166351        0.19954166917233
O            4.66953133537423        0.74802398515995        0.47271695509948
C            3.47860090779570        0.32206184869056        1.01858460388670
O            2.70671073657885       -0.27863172945827       -0.00753481668705
C            1.43557464788749       -0.74874206392024        0.40121132060359
C            0.89001440956107       -1.53258805049460       -0.79180116284201
O            1.73086104503597       -2.60718704037806       -1.09868048762569
C            0.58522976024093        0.42492800796754        0.92546638151234
O           -0.67759950626374       -0.01887423732109        1.38435987769010
C           -1.81352791226145        0.71257338222068        0.98962784735138
O           -1.83155712599903        1.18922643117096       -0.32294451233994
C           -2.11907684065995        0.27699184361875       -1.36964561065500
C           -2.30029279999613        1.13538572866029       -2.63214685354776
O           -2.45481515152316        0.35054131866727       -3.78922241102256
C           -3.36692567426447       -0.57217412623451       -1.09040750308996
O           -3.52393788606369       -1.58322462671355       -2.05404532954335
C           -3.22416999604273       -1.23501992306373        0.28278801417738
O           -4.36659435448010       -1.98453681553456        0.61327953022783
C           -3.05589433516234       -0.13054875803520        1.32764743776077
O           -2.94705819245809       -0.63438455611579        2.62262189555460
C            1.32236579571313        1.19368104770716        2.02153215632680
O            0.64363933462526        2.37151230814884        2.38666812159550
C            2.75591062565258        1.54549141773331        1.59326018045923
O            3.47397563075141        2.02425809079231        2.69574764444607
H            5.21644004051133       -0.97006305613824       -0.56087238614938
H            5.83435556668161       -0.84397583502160        1.11024837468949
H            6.49246410412123        0.21326053207407       -0.16850727297889
H            3.64419595094191       -0.41298651617415        1.83331758889830
H            1.56421491574058       -1.45809188915502        1.23992999521069
H            0.80955875014209       -0.85588820033742       -1.65582529844679
H           -0.08101681813728       -1.96134363045530       -0.54175856052889
H            2.63221669609714       -2.26284185776768       -1.14082624316120
H            0.42767628517943        1.11304699654420        0.07430432321004
H           -1.84839796897600        1.63527781809603        1.59754594585383
H           -1.27597931056765       -0.41199125089832       -1.51458622820664
H           -1.44993693771078        1.82164545405162       -2.71827454269325
H           -3.21111682452550        1.73089988812045       -2.53925401573937
H           -1.62056823561772       -0.09208780094768       -3.98609401469831
H           -4.25579238614428        0.08091659147596       -1.06942508721719
H           -3.50357535268464       -1.16301122092157       -2.92835429999588
H           -2.33289673048088       -1.88128375679939        0.28718021921589
H           -4.57920485865847       -2.52919449459777       -0.15486853494382
H           -3.93346847899925        0.53663760286164        1.25282128011749
H           -3.56472561277197       -1.37571242190476        2.68689097692137
H            1.34603657936976        0.58235886751269        2.92976595018880
H            0.47147671073489        2.89763498747424        1.59464796239980
H            2.72542672341894        2.30521994117910        0.79238173834476
H            2.88385138898891        2.61594095368894        3.18446847506002
48
 energy: -84.801834983113 gnorm: 0.005132899766 xtb: 6.7.1 (edcfbbe)
C            5.59693445781592       -0.28684837017420        0.19526087535284
O            4.67158550831330        0.74597645297802        0.47143329672920
C            3.48080348714795        0.32245950024216        1.01888134714237
O            2.70093207106359       -0.26396295037160       -0.00860770779807
C            1.43274911240612       -0.73703247296695        0.40730387067042
C            0.88001071991167       -1.50804232651606       -0.79112037858225
O            1.71612156010610       -2.58384706763601       -1.10846220025781
C            0.58415109902301        0.43669791373013        0.93726050743875
O           -0.67918179713574       -0.01090768264032        1.39186220605823
C           -1.81243047169181        0.71735519665574        0.98108355863620
O           -1.81700512046388        1.17505698739870       -0.33817557421040
C           -2.11847635367914        0.26212352657410       -1.38101067227527
C           -2.30133353508118        1.11923175690983       -2.64435504671042
O           -2.46127569694763        0.33433143960792       -3.80054460488127
C           -3.36905575536227       -0.58027164404979       -1.09514224129871
O           -3.53371770708729       -1.59545737093444       -2.05350451800675
C           -3.22373521289108       -1.23553973655037        0.28133636778956
O           -4.36482632950812       -1.98417890436012        0.61878062100377
C           -3.05665942028771       -0.12490229219072        1.32074298006370
O           -2.94845632434769       -0.62447812038003        2.61723299020191
C            1.33112149527948        1.18843642439824        2.04161660246747
O            0.65769416732942        2.36419548722658        2.42413175222994
C            2.76294794468990        1.54242638013537        1.60625797914866
O            3.49433497837272        2.01574595671229        2.70260897609469
H            5.21380244749126       -0.97131339985140       -0.56659424627541
H            5.83235651371591       -0.85018743167575        1.10471333258103
H            6.49252777428960        0.20834546615023       -0.17203749036944
H            3.64461298731753       -0.42263709861108        1.82480877125042
H            1.56549314275235       -1.45700119565581        1.23639400661968
H            0.80177871511035       -0.82509802453207       -1.65035009196649
H           -0.09241046159700       -1.93615030891882       -0.54445445638009
H            2.61879996962855       -2.24296148322801       -1.14999204401534
H            0.42952706426908        1.13782963038023        0.09571595310554
H           -1.85481364221257        1.64979582819425        1.57385039137212
H           -1.28264563220422       -0.43357811980359       -1.53364489109196
H           -1.44941108957897        1.80322640120467       -2.73259364865861
H           -3.21056550121172        1.71667565470427       -2.54842501934001
H           -1.62736291488309       -0.10692756872694       -4.00202950608404
H           -4.25561552284114        0.07586085458238       -1.07427371672980
H           -3.51246185639705       -1.17953541538733       -2.92976031011250
H           -2.33226735043736       -1.88181614533300        0.28845053453143
H           -4.58027525239565       -2.53141767012330       -0.14681319319584
H           -3.93541544784454        0.54052616374340        1.24233524261235
H           -3.56562608416921       -1.36599799312428        2.68335563139672
H            1.36366206470710        0.57225113841994        2.94648519862610
H            0.47579390089029        2.89431586826378        1.63713064949059
H            2.72465526220294        2.30606094342535        0.80945898638321
H            2.91262495085539        2.61116135540621        3.19688022280105
48
 energy: -84.802080610779 gnorm: 0.003643000473 xtb: 6.7.1 (edcfbbe)
C            5.59666244632351       -0.29020874918597        0.19149734217426
O            4.67559295279651        0.74496650330452        0.47303617149489
C            3.48457512916096        0.32303243543330        1.02046241336715
O            2.69982711027274       -0.25220405649270       -0.00860650876823
C            1.43374371994945       -0.72497638617021        0.41290791234396
C            0.87339870207988       -1.48546809745220       -0.78873672779475
O            1.70362806215745       -2.56224117277124       -1.11973013633482
C            0.58541002054758        0.44820948776666        0.94269286382250
O           -0.67863312957260       -0.00393044541510        1.39121385576860
C           -1.81126541500803        0.71983327088825        0.97027152216898
O           -1.80355402026792        1.16407602484459       -0.35399007909506
C           -2.12060317847205        0.25004672479286       -1.39297474793860
C           -2.30575985340931        1.10389568871263       -2.65851669674096
O           -2.47136045177988        0.31488272671513       -3.81107129749351
C           -3.37318191011672       -0.58642313444657       -1.09856511924770
O           -3.54362824767350       -1.60656912944722       -2.05089887527534
C           -3.22454886306703       -1.23505318000730        0.28040360085124
O           -4.36360943387875       -1.98371456748945        0.62507733531884
C           -3.05724627586819       -0.11883817478532        1.31391871231298
O           -2.94911175845479       -0.61287384524605        2.61227202595597
C            1.33857211833784        1.18281780988117        2.05852179565944
O            0.67196522002513        2.35535449183198        2.46531272637733
C            2.77000647163252        1.53922840706696        1.61932424191683
O            3.50973714300685        2.00336023858765        2.71384448371789
H            5.21028158104966       -0.97047505733183       -0.57274523646689
H            5.83099996542478       -0.85824150702174        1.09831536240975
H            6.49358140684215        0.20297223036073       -0.17518509073535
H            3.64674277572998       -0.43010984241414        1.81918501317109
H            1.56672125047990       -1.44701919269071        1.23806902663381
H            0.79608766119920       -0.79317001205143       -1.64060965430378
H           -0.10011709698726       -1.91112272145360       -0.54235094763960
H            2.60690398646401       -2.22345580928584       -1.16348927250445
H            0.43668100196491        1.15791580055847        0.10908825546236
H           -1.85667198095232        1.65940469286201        1.55044132703304
H           -1.29201052482518       -0.45227597232011       -1.55337028180737
H           -1.45184378940756        1.78461416604200       -2.75150876356839
H           -3.21319599616645        1.70381567628976       -2.56204424124889
H           -1.63769796708031       -0.12469700025266       -4.01746376860020
H           -4.25838567894936        0.07143595981736       -1.07879556120913
H           -3.52315770671487       -1.19628618916228       -2.92970341793810
H           -2.33221824594508       -1.88017235289368        0.28983424970439
H           -4.58187154864669       -2.53356834003652       -0.13787476670142
H           -3.93616822618045        0.54593749739021        1.23219470681558
H           -3.56632091505261       -1.35414261830597        2.68107581191067
H            1.37585583946680        0.55420811014382        2.95472536402517
H            0.48142559753620        2.89516976212577        1.68720248054060
H            2.72704421753787        2.30867733626650        0.82836377264309
H            2.93671474906371        2.60337804552259        3.21246011084521
48
 energy: -84.802239841162 gnorm: 0.002836702002 xtb: 6.7.1 (edcfbbe)
C            5.59706923971692       -0.29246661429259        0.18844475144239
O            4.68145657066277        0.74531594581691        0.47853905320640
C            3.48981359406826        0.32343813570970        1.02431594423406
O            2.70331879444647       -0.24441555768285       -0.00666226868866
C            1.43777343392616       -0.71445423437282        0.41678040891576
C            0.87065781431627       -1.46741708343419       -0.78605360321234
O            1.69538854989048       -2.54387454520744       -1.13182982186800
C            0.58893432685783        0.45839369121114        0.94314127342979
O           -0.67636552965627        0.00348455887640        1.38528182073291
C           -1.80973553895909        0.72201110398645        0.95831778777758
O           -1.79438761347767        1.15754785357506       -0.36952877669857
C           -2.12532147311767        0.24162470975865       -1.40443928018342
C           -2.31407103193157        1.09026972716709       -2.67329362952936
O           -2.48484456919942        0.29412438152134       -3.82038648966419
C           -3.37862211860480       -0.59067234286428       -1.10077473820952
O           -3.55281469935593       -1.61599048301575       -2.04698901830138
C           -3.22573094442214       -1.23348893773254        0.28002678491921
O           -4.36253465225156       -1.98244472185682        0.63153568575672
C           -3.05644707752822       -0.11218062109670        1.30724418588562
O           -2.94805664379936       -0.59913317252862        2.60808620487572
C            1.34463060809186        1.17682324105256        2.07082415007448
O            0.68442807805081        2.34458121205802        2.50318694141189
C            2.77684224376949        1.53586000554232        1.63269642400066
O            3.51889968568708        1.98845325885910        2.72989664916627
H            5.20561714538540       -0.96641040722358       -0.57911855620954
H            5.83056685232054       -0.86749991805392        1.09110624359962
H            6.49557968611855        0.19826232071952       -0.17758462186783
H            3.65093557829653       -0.43491008887320        1.81821797360427
H            1.56845668833001       -1.43416555949186        1.24217215233055
H            0.79139926230688       -0.76536166342715       -1.62982551096546
H           -0.10291884723161       -1.89056479627147       -0.53670598722625
H            2.59847814091956       -2.20544870557681       -1.18018144894729
H            0.44703751388216        1.17314871926909        0.11521936055987
H           -1.85568354300457        1.66622420922642        1.52975025650277
H           -1.30227088906679       -0.46565557658761       -1.57065726326660
H           -1.45866940534329        1.76797348432378       -2.77306319078253
H           -3.22002548931876        1.69243923226836       -2.57831107988667
H           -1.65135755922510       -0.14381368044208       -4.03101392369366
H           -4.26348181278666        0.06755462189678       -1.08235764177535
H           -3.53455781443364       -1.21175620551002       -2.92855846588913
H           -2.33233613626133       -1.87701967821789        0.29036971812370
H           -4.58322980053304       -2.53497655148575       -0.12877488875014
H           -3.93443161926222        0.55336753606935        1.22258947214755
H           -3.56547922861011       -1.33998266196356        2.68051718247528
H            1.38240286389620        0.53105501602141        2.95487915938380
H            0.48829933285574        2.89807775080169        1.73630005260327
H            2.73297165739079        2.31224119723806        0.84866931116370
H            2.95241329099507        2.59182742717865        3.23148254955306
48
 energy: -84.802326987547 gnorm: 0.002526629660 xtb: 6.7.1 (edcfbbe)
C            5.59794295325884       -0.29284797728035        0.18695412588585
O            4.68698065873714        0.74659131132966        0.48635670231059
C            3.49460246460204        0.32324432734628        1.02964659815043
O            2.70913828983218       -0.24172507451719       -0.00341912258266
C            1.44246749960167       -0.70878242130833        0.41759922168871
C            0.87184951200631       -1.45782944831335       -0.78561870882847
O            1.69394382300512       -2.53226210668936       -1.14228146169003
C            0.59293075962945        0.46434667416398        0.94045443626413
O           -0.67377910690758        0.00951495510067        1.37840900225255
C           -1.80795502316849        0.72444894799055        0.94895744928800
O           -1.79151817976852        1.15642205403021       -0.38071871532437
C           -2.13006134085038        0.23806964168385       -1.41205828107128
C           -2.32278168111088        1.08123307528294       -2.68415834858765
O           -2.49728676552632        0.27809597875961       -3.82616779131276
C           -3.38302514310107       -0.59245899883620       -1.10143663487143
O           -3.55922584484482       -1.62158365267832       -2.04312549734376
C           -3.22655408312757       -1.23121258452201        0.28056583524797
O           -4.36191844336332       -1.97979535754220        0.63706429562358
C           -3.05455078625336       -0.10620096354841        1.30263007810302
O           -2.94579905585319       -0.58669579083917        2.60587119613114
C            1.34767495736178        1.17203578377780        2.07619008683678
O            0.69098485438784        2.33496736160468        2.52512604316915
C            2.78141498228964        1.53293149095522        1.64336398197681
O            3.52057797309309        1.97578365928492        2.74598103734998
H            5.20144341379108       -0.96012129115289       -0.58394985142352
H            5.83120928252778       -0.87500850586794        1.08516212519361
H            6.49764686235773        0.19622507776543       -0.17830482080389
H            3.65563304043519       -0.43713628902863        1.82161537940178
H            1.56985558577678       -1.42613896938600        1.24499283083432
H            0.78809617655449       -0.74963276341554       -1.62379517461941
H           -0.10064747843265       -1.88054884018241       -0.53217214916615
H            2.59629275314078       -2.19259373845478       -1.19508307739369
H            0.45596702826640        1.18101765721152        0.11480830609782
H           -1.85316205442922        1.67074750449969        1.51679811758633
H           -1.30926763478268       -0.47129477815679       -1.58016345038252
H           -1.46719134977296        1.75753442057004       -2.79058653159314
H           -3.22820544866005        1.68435568606082       -2.59099592875333
H           -1.66410377149546       -0.15925893768577       -4.03900759033189
H           -4.26814915777953        0.06538704538003       -1.08375158705975
H           -3.54342993407547       -1.22170320359158       -2.92671912869582
H           -2.33264639895676       -1.87394211934827        0.29034575249087
H           -4.58423407731670       -2.53453982526969       -0.12115211857894
H           -3.93128200081269        0.56076441657764        1.21585263187000
H           -3.56322220656149       -1.32726982259256        2.68179584720016
H            1.38295503453977        0.51263151159094        2.95023000917963
H            0.49429052089196        2.90010036418468        1.76716106531072
H            2.74021739833308        2.31500676401035        0.86500140329453
H            2.95587805758737        2.57912328389761        3.24921370323545
48
 energy: -84.802390224651 gnorm: 0.001755641889 xtb: 6.7.1 (edcfbbe)
C            5.59902757117644       -0.29193823705299        0.18624579911817
O            4.69184470914422        0.74804368877150        0.49577258379931
C            3.49877242798523        0.32219883831896        1.03618862563738
O            2.71564093400807       -0.24165136739830        0.00057559215572
C            1.44679027397471       -0.70625798198930        0.41636880650086
C            0.87549891176203       -1.45293183134831       -0.78776764012042
O            1.69761531407015       -2.52386598135085       -1.15245697235681
C            0.59670815175044        0.46771369986404        0.93650556742627
O           -0.67153790587909        0.01485425471153        1.37194274872394
C           -1.80591236506637        0.72785636033874        0.94115681634627
O           -1.79186529948860        1.15831025725421       -0.38961036342820
C           -2.13407917537942        0.23689529133882       -1.41738476792975
C           -2.33138835129292        1.07442191092150       -2.69256639760544
O           -2.50938173899403        0.26507657740070       -3.83002612159637
C           -3.38625453452845       -0.59310271959594       -1.10118765809525
O           -3.56408123524352       -1.62526367212923       -2.03915254152868
C           -3.22685016164227       -1.22830568540193        0.28201502580130
O           -4.36140131598912       -1.97576499585970        0.64278282447328
C           -3.05222332294197       -0.09993075307590        1.29930481271984
O           -2.94302206799847       -0.57423930490362        2.60488878584002
C            1.34862800437142        1.16801972543915        2.07800294851387
O            0.69336703067239        2.32655973167167        2.53638381345455
C            2.78450499997585        1.52970879803579        1.65310369851680
O            3.51822943134581        1.96401959992441        2.76256988041121
H            5.19789546384010       -0.95204790917345       -0.58832389341794
H            5.83262878796218       -0.88153979398831        1.07956031606653
H            6.49944733632087        0.19663021802424       -0.17784200794125
H            3.66020538806235       -0.43919122433870        1.82725461113425
H            1.57020746312915       -1.42287557739837        1.24550839440373
H            0.78591100082319       -0.74107569255063       -1.62218729876385
H           -0.09524314702190       -1.87754277031522       -0.53080992959993
H            2.59894964968360       -2.18197780579148       -1.20828749813240
H            0.46338527334541        1.18519969467213        0.11128721106333
H           -1.84983697871246        1.67540656412083        1.50764336582745
H           -1.31357086830275       -0.47296705916071       -1.58504344001043
H           -1.47663519159195        1.75055649818135       -2.80578460038779
H           -3.23697215254795        1.67743181309615       -2.60031718399447
H           -1.67683696043821       -0.17287496594827       -4.04389268477244
H           -4.27171789048409        0.06432287201502       -1.08373131118631
H           -3.55069045927980       -1.22854390946676       -2.92425725869962
H           -2.33288131593503       -1.87094907944688        0.29086288247542
H           -4.58490590835296       -2.53277625018334       -0.11342592876805
H           -3.92788967174355        0.56831659858763        1.21051188603644
H           -3.56002922153025       -1.31480466398761        2.68428822351463
H            1.38019778033765        0.49905733815808        2.94469186495690
H            0.49971741937172        2.90092539136065        1.78494213593176
H            2.74830511970048        2.31676905159643        0.87964146662167
H            2.95172571291291        2.56411999080567        3.26753610179215
48
 energy: -84.802454245246 gnorm: 0.001951148197 xtb: 6.7.1 (edcfbbe)
C            5.60064782782226       -0.28945205266185        0.18549557566994
O            4.69765452436611        0.74953370397278        0.51103842979383
C            3.50375775634189        0.31914064259213        1.04698328800135
O            2.72442451064693       -0.24264107832868        0.00674892515171
C            1.45164391727325       -0.70501405121566        0.41273406363349
C            0.88306471534947       -1.44825226393110       -0.79487716700895
O            1.70890590520385       -2.51226306256455       -1.16838014836688
C            0.60122066446300        0.47060381803772        0.93026454097638
O           -0.66946459695178        0.02234493714390        1.36363424655041
C           -1.80282932852012        0.73461349137122        0.93064411199955
O           -1.79350117321416        1.16265739197947       -0.40158513271591
C           -2.13852553149065        0.23592629408056       -1.42375069366478
C           -2.34354152412601        1.06524450308923       -2.70307147848677
O           -2.52759522461301        0.24828003080531       -3.83453942049992
C           -3.38943108475163       -0.59382659617963       -1.09997434792012
O           -3.56999731502122       -1.63012467113328       -2.03266826143682
C           -3.22657723181105       -1.22316188878182        0.28557938967243
O           -4.36044961739804       -1.96820138933413        0.65263480944975
C           -3.04913750366116       -0.08922572664591        1.29551750123608
O           -2.93909244161368       -0.55414498756735        2.60456687987642
C            1.34811297779483        1.16259679730585        2.07880634751946
O            0.69303429077803        2.31621404201186        2.54388956934018
C            2.78788267987021        1.52374062261696        1.66782487013549
O            3.51240274310853        1.94600134057819        2.78835763751955
H            5.19399447444248       -0.93816320885728       -0.59550293159359
H            5.83533779095563       -0.89082879247843        1.07073823168886
H            6.50144637836674        0.20047909237238       -0.17572496246105
H            3.66570680871727       -0.44445589334740        1.83617252572254
H            1.56854446614506       -1.42346678981898        1.24241919184582
H            0.78500461001433       -0.73270588772112       -1.62522873264644
H           -0.08471965645959       -1.87895872877878       -0.53591354998919
H            2.60863695343392       -2.16621997933410       -1.22464761834563
H            0.47237391245651        1.18949488212278        0.10494691764320
H           -1.84436274981442        1.68431682898716        1.49525230475172
H           -1.31719903369475       -0.47376635815827       -1.58944980908015
H           -1.49084014838851        1.74205578872399       -2.82667971110228
H           -3.24976670477700        1.66728298273166       -2.60988304744274
H           -1.69671089402076       -0.19241356996623       -4.04910561486017
H           -4.27506619957873        0.06347497288431       -1.08261068167465
H           -3.56010051353860       -1.23707793926499       -2.91959027907645
H           -2.33280427936351       -1.86616016810631        0.29403853187909
H           -4.58538594002064       -2.52919474660105       -0.10022726522491
H           -3.92379758889406        0.58009237024446        1.20321710857544
H           -3.55481260925010       -1.29511389447312        2.68934281332500
H            1.37346148693081        0.48469392343008        2.93849581427557
H            0.50763736088626        2.90113331224457        1.79883844506170
H            2.76129294885892        2.31794216205622        0.90131504291254
H            2.93951610255396        2.53696532639872        3.29739502946980
48
 energy: -84.802495755263 gnorm: 0.001844178829 xtb: 6.7.1 (edcfbbe)
C            5.60146254217999       -0.28758313965152        0.18480443754536
O            4.69933983940411        0.74905556945563        0.51972999969806
C            3.50523959589836        0.31589535368669        1.05312316196655
O            2.72719158852010       -0.24204939906422        0.00953625044466
C            1.45241089246485       -0.70473955885803        0.40994785003375
C            0.88833966718956       -1.44448637112159       -0.80234330016982
O            1.71931257463161       -2.50345722819663       -1.17886231211162
C            0.60223501017970        0.47145425739845        0.92715506328185
O           -0.66981194744910        0.02628605828131        1.36019541695846
C           -1.80148831042240        0.73952157676677        0.92493167287112
O           -1.79265365383573        1.16396152609844       -0.40849264770175
C           -2.13968006444781        0.23402498780763       -1.42718882639465
C           -2.34939791734425        1.05933911223509       -2.70825557318159
O           -2.53847332342428        0.23960707991077       -3.83684678053536
C           -3.39015150600279       -0.59503532345738       -1.09868247593201
O           -3.57273190286528       -1.63400177164155       -2.02789290323661
C           -3.22617725464156       -1.21960567479337        0.28897142410154
O           -4.35979576019318       -1.96309513266899        0.65991770023272
C           -3.04862067937388       -0.08141620610768        1.29397511309077
O           -2.93807036375950       -0.54029254523930        2.60504235431254
C            1.34695984467489        1.15950437631423        2.07963275837280
O            0.69142667946836        2.31278758746482        2.54448273363787
C            2.78936367170188        1.51865536949099        1.67734559568755
O            3.50933151431813        1.93352211283564        2.80404023265793
H            5.19378933724230       -0.92924402588136       -0.60120655718027
H            5.83674604299446       -0.89643649158576        1.06467287101466
H            6.50204875650635        0.20524219127274       -0.17306993323048
H            3.66666885369755       -0.45102611458590        1.83929698778336
H            1.56562598208772       -1.42637537279732        1.23742601246938
H            0.78803031299706       -0.72655059516452       -1.63041758664963
H           -0.07806629955071       -1.88098011537467       -0.54717473842104
H            2.61825192152707       -2.15451057900447       -1.22989571459176
H            0.47585611700155        1.19224953056239        0.10274353893265
H           -1.84117630484322        1.69146164872842        1.48643707000099
H           -1.31824551613449       -0.47585453139193       -1.59243445998461
H           -1.49758528592737        1.73608603031939       -2.83779281951514
H           -3.25546966980479        1.66133996993455       -2.61241903153775
H           -1.70934917904307       -0.20437756204092       -4.05170252878011
H           -4.27541869950731        0.06283077610592       -1.08185617790494
H           -3.56521649206973       -1.24284412028048       -2.91576733061417
H           -2.33234753137921       -1.86253107453780        0.29936859009912
H           -4.58537913119515       -2.52713001353827       -0.09046298786499
H           -3.92310880206491        0.58769008832437        1.19884251481509
H           -3.55277935614851       -1.28161069205010        2.69328273344585
H            1.36778161701914        0.48002565846949        2.93836654680157
H            0.51328818465491        2.90129783420524        1.80042350106299
H            2.76927835478222        2.31725168132084        0.91525694322082
H            2.93121296639001        2.51613879432461        3.31729690069240
48
 energy: -84.802541014357 gnorm: 0.001159186327 xtb: 6.7.1 (edcfbbe)
C            5.60232352576354       -0.28510329885149        0.18410088048281
O            4.69991017705079        0.74740190203402        0.53011999691032
C            3.50557711755308        0.31065259854786        1.05982177925480
O            2.72862606318702       -0.24042415424055        0.01166584904354
C            1.45178855900811       -0.70460856437108        0.40553973205531
C            0.89593028780516       -1.43902568294496       -0.81434125381009
O            1.73558076282584       -2.49110564493002       -1.19255981729158
C            0.60189190610084        0.47134173504231        0.92283153843086
O           -0.67123224066849        0.02979437546463        1.35656891235878
C           -1.80060148839573        0.74511199681099        0.91921391326315
O           -1.79030676534550        1.16429200252222       -0.41548169533383
C           -2.14028422550416        0.23096995632827       -1.43027054051399
C           -2.35502143530010        1.05253992119824       -2.71284333216401
O           -2.55141411317114        0.23038210759023       -3.83819648874176
C           -3.39021797341887       -0.59709766869377       -1.09612466057139
O           -3.57429307718555       -1.63974279410135       -2.02075164747273
C           -3.22589746419767       -1.21503320238662        0.29440318755289
O           -4.35921907712359       -1.95709373553758        0.66926611897047
C           -3.04929069328135       -0.07124816484957        1.29310667359478
O           -2.93883112917334       -0.52211154194138        2.60677619413219
C            1.34426441403500        1.15619289074852        2.07943475056452
O            0.68863162419121        2.31207309650596        2.53972455212813
C            2.79042044624602        1.51104251737517        1.68911950459593
O            3.50487306094475        1.91559400712542        2.82365012974062
H            5.19596700561887       -0.91751933187486       -0.61005195007799
H            5.83741746575800       -0.90422383239848        1.05676441059689
H            6.50283598368090        0.21281733829129       -0.16715168939451
H            3.66543516382597       -0.46157416465828        1.84095261025729
H            1.56089010330998       -1.43033133267568        1.22942199374567
H            0.79631040100667       -0.71707277345009       -1.63898282083698
H           -0.06931808792567       -1.88351695418008       -0.56827024711644
H            2.63358253227325       -2.13769817908650       -1.23154733680679
H            0.47803832094206        1.19424941571966        0.10011397181047
H           -1.83699597001488        1.69965909514972        1.47625316533874
H           -1.31912014402220       -0.47924347320904       -1.59568247839296
H           -1.50318592884842        1.72794164089706       -2.84895962405503
H           -3.25978441863132        1.65599997736377       -2.61319124407892
H           -1.72508710083371       -0.21881917907546       -4.05339470376869
H           -4.27514865418357        0.06130528425857       -1.08109555257799
H           -3.57122727326531       -1.25095936947268       -2.90976796973176
H           -2.33152204633361       -1.85705928332266        0.30904100170604
H           -4.58500364663192       -2.52506622099208       -0.07798741580105
H           -3.92330016737094        0.59768626598433        1.19379535603440
H           -3.55275027326833       -1.26345584608407        2.69946921983838
H            1.35625358331540        0.47733768887070        2.93915262955664
H            0.52255937528928        2.90267275075314        1.79432327861302
H            2.77956502272965        2.31523282371703        0.93276639510129
H            2.92037740809432        2.48683853692173        3.34273601218130
48
 energy: -84.802561944167 gnorm: 0.000770741638 xtb: 6.7.1 (edcfbbe)
C            5.60326278272469       -0.28363478071576        0.18401997403859
O            4.70068668525390        0.74588317409364        0.53801514147315
C            3.50585226458366        0.30644488436608        1.06420786544876
O            2.72954346844545       -0.23790457934808        0.01226533721101
C            1.45141322186802       -0.70326277446690        0.40152582945022
C            0.90154039076538       -1.43276240600080       -0.82424169920818
O            1.74715787149359       -2.47977482897414       -1.20467587550137
C            0.60144467941512        0.47191304712728        0.91936404500822
O           -0.67187409174486        0.03195833327680        1.35395128717317
C           -1.80016247322398        0.74841306672027        0.91530264323121
O           -1.78801726320031        1.16344837723134       -0.42037349147583
C           -2.14114598421785        0.22784016993230       -1.43227484704317
C           -2.35837773587909        1.04676428764590       -2.71611885518495
O           -2.56077655790444        0.22244653053832       -3.83873850489564
C           -3.39073824595627       -0.59926328633170       -1.09389741142118
O           -3.57504623814344       -1.64546047255871       -2.01451985747002
C           -3.22634540822611       -1.21192578729366        0.29887536104276
O           -4.35936914900703       -1.95314878332055        0.67635158613044
C           -3.05023369271566       -0.06381081097936        1.29256112718628
O           -2.94096617987695       -0.50823009801359        2.60845872445598
C            1.34209941149189        1.15419769875600        2.07938998471301
O            0.68743425803214        2.31292842259197        2.53622460265990
C            2.79138686910939        1.50463594273297        1.69852247524390
O            3.50185702557752        1.89953269473536        2.83915539618466
H            5.19874412664375       -0.90815032152165       -0.61745614630656
H            5.83630856524932       -0.91149713575500        1.05093696219283
H            6.50465662372090        0.21765455929099       -0.16027588054395
H            3.66411289442978       -0.47042052628797        1.84092843163369
H            1.55795567647071       -1.43182526801515        1.22283342856194
H            0.80323724520813       -0.70650118529469       -1.64529381659906
H           -0.06301886737117       -1.88244170620218       -0.58546838031520
H            2.64428313563086       -2.12288879151723       -1.23350111478938
H            0.47874084159690        1.19634647546003        0.09816856375082
H           -1.83396389343335        1.70475496391152        1.46918073219011
H           -1.32070487079826       -0.48305814587993       -1.59836019243844
H           -1.50527066060003        1.71969381949743       -2.85678424444095
H           -3.26118460040970        1.65277911242845       -2.61450597000635
H           -1.73661887712702       -0.23044240655443       -4.05463550863630
H           -4.27578790975050        0.05903466780085       -1.08112876088189
H           -3.57674558885614       -1.25921675997256       -2.90466474338494
H           -2.33138832594375       -1.85301303772936        0.31685081704131
H           -4.58513674948973       -2.52388876125455       -0.06876689231149
H           -3.92335241812592        0.60567144335415        1.18952713613150
H           -3.55523079830889       -1.24884269947727        2.70450841210994
H            1.34594970745129        0.47520302779701        2.93935918495546
H            0.53125321216855        2.90522324380092        1.78976176026551
H            2.78758956556017        2.31375384022260        0.94729778413667
H            2.91494297412432        2.46483910172382        3.36161888827885
48
 energy: -84.802571882498 gnorm: 0.000617287492 xtb: 6.7.1 (edcfbbe)
C            5.60410640517189       -0.28308664690075        0.18485315242300
O            4.70172136663904        0.74507844265491        0.54294798267754
C            3.50615481751706        0.30425923230210        1.06630597910936
O            2.73042171251377       -0.23540637328078        0.01187043964153
C            1.45169579244168       -0.70154625935985        0.39847757238188
C            0.90443345171241       -1.42754049193022       -0.83048874108433
O            1.75268518732846       -2.47167861160307       -1.21327814196004
C            0.60118898400288        0.47260171435006        0.91715376866794
O           -0.67190264669970        0.03259517866853        1.35236307119628
C           -1.80015120556831        0.74937691409713        0.91349381277192
O           -1.78720023211677        1.16243616121771       -0.42260354799942
C           -2.14205394549870        0.22555094832191       -1.43290321451467
C           -2.35954507271528        1.04284231350387       -2.71775982581837
O           -2.56549759313637        0.21702425542152       -3.83857608278290
C           -3.39153742990106       -0.60089915939253       -1.09250201610929
O           -3.57527260474048       -1.64956121526212       -2.01053395330362
C           -3.22739040989949       -1.21052413042422        0.30158627083874
O           -4.36042437164864       -1.95098622102467        0.68042276635236
C           -3.05114135161878       -0.06010107900290        1.29236644393512
O           -2.94338450568692       -0.50072515020084        2.60963505476679
C            1.34104060415154        1.15339457767169        2.07896632003038
O            0.68751233967638        2.31394090106113        2.53359830387867
C            2.79241752434955        1.50097101643281        1.70423990222925
O            3.50073659195114        1.88849088887953        2.84864647019388
H            5.20132753540850       -0.90196399738057       -0.62189063951044
H            5.83412702944150       -0.91685328994124        1.04819813237231
H            6.50697667707643        0.21946499462487       -0.15363830718680
H            3.66313408724771       -0.47561296189556        1.84016717946343
H            1.55700932884181       -1.43170048703002        1.21835663175321
H            0.80664207409985       -0.69827302904020       -1.64892581430373
H           -0.05972487651279       -1.87963618009200       -0.59530958472273
H            2.64916793391648       -2.11295896802149       -1.23687218759752
H            0.47846380069148        1.19789159255007        0.09696983130686
H           -1.83220389058533        1.70639642470923        1.46613050982611
H           -1.32226603769168       -0.48606008232406       -1.59895748781381
H           -1.50486685196181        1.71327876739457       -2.86073930464318
H           -3.26058941513574        1.65135455714667       -2.61594705983157
H           -1.74254435790336       -0.23767073035031       -4.05515986102039
H           -4.27686911738940        0.05699317400321       -1.08170217936666
H           -3.58045027180517       -1.26530061573720       -2.90143437762741
H           -2.33227971271264       -1.85131232720304        0.32127012156800
H           -4.58612166777119       -2.52315515818154       -0.06361299272608
H           -3.92328268278998        0.61027634078348        1.18683795138196
H           -3.55877184504800       -1.24016174795616        2.70749341671343
H            1.33934667541479        0.47426838037976        2.93876877891999
H            0.53740482342445        2.90723958301646        1.78674844066718
H            2.79312973276154        2.31340940039903        0.95663242627562
H            2.91462453757588        2.45357468531023        3.37181587747625
48
 energy: -84.802579984744 gnorm: 0.000536847220 xtb: 6.7.1 (edcfbbe)
C            5.60519590781326       -0.28313711944553        0.18660778745237
O            4.70320575152230        0.74439277800412        0.54730226676257
C            3.50649129706099        0.30274046801788        1.06749394035772
O            2.73135317357362       -0.23236773643680        0.01066325176353
C            1.45233313680582       -0.69936046372298        0.39515020358123
C            0.90646587161886       -1.42219542116993       -0.83616097123142
O            1.75607933927545       -2.46396639521687       -1.22241016996869
C            0.60130560742507        0.47378794151437        0.91507854560005
O           -0.67125926464222        0.03286948167494        1.35109381376810
C           -1.80010271194187        0.74947327973859        0.91256896765612
O           -1.78733900046005        1.16148868586078       -0.42376000536378
C           -2.14308735681648        0.22333652524985       -1.43274625511627
C           -2.35947274949420        1.03896190163758       -2.71885492860921
O           -2.56827051473749        0.21168827154864       -3.83805072222793
C           -3.39271654739845       -0.60250777336164       -1.09128172079192
O           -3.57552586010707       -1.65335502161316       -2.00712802841575
C           -3.22905570719630       -1.20984805127959        0.30386675368509
O           -4.36255818986330       -1.94904405404848        0.68372704638577
C           -3.05186184018425       -0.05784341433148        1.29245528689096
O           -2.94597310606237       -0.49567233015575        2.61078341002327
C            1.34011954515072        1.15351726189981        2.07847295895598
O            0.68764463799860        2.31551172655506        2.53127725639033
C            2.79349508145639        1.49806873132064        1.70881036709654
O            3.50012537473060        1.87797543909235        2.85657776990212
H            5.20460740786469       -0.89633266066882       -0.62556800051257
H            5.83055426977774       -0.92260468384950        1.04694132267766
H            6.51040220155320        0.21977489473014       -0.14510168583702
H            3.66191248150255       -0.47981701730530        1.83891324857588
H            1.55703254862915       -1.43103424703552        1.21372128479326
H            0.80809890800731       -0.68999593333800       -1.65195600307123
H           -0.05720801185809       -1.87603502121759       -0.60270587914331
H            2.65203984396879       -2.10395335787800       -1.24316002119817
H            0.47768185618638        1.19980408301956        0.09580627902395
H           -1.83088306670414        1.70680453396707        1.46475992124363
H           -1.32387633266587       -0.48901602693522       -1.59802387423570
H           -1.50293906958559        1.70669241770148       -2.86341596522665
H           -3.25870061310312        1.65016706697070       -2.61758341496876
H           -1.74624000584833       -0.24430014800606       -4.05530137098761
H           -4.27834790895688        0.05493334172558       -1.08246026204744
H           -3.58356394102299       -1.27103048639492       -2.89872078561581
H           -2.33427115381725       -1.85104458722939        0.32456249254180
H           -4.58829998231226       -2.52233578748142       -0.05945195148106
H           -3.92288388668832        0.61370812467756        1.18475105393669
H           -3.56331524955358       -1.23333385160718        2.70991431264133
H            1.33395677740641        0.47408917475818        2.93797147467505
H            0.54260518128316        2.90988101496209        1.78432399060739
H            2.79822738405924        2.31386140039135        0.96490355330427
H            2.91681540323076        2.44659857588305        3.37882474455706
48
 energy: -84.802585825924 gnorm: 0.000448858682 xtb: 6.7.1 (edcfbbe)
C            5.60640533359122       -0.28359544386369        0.18924371609384
O            4.70502185196003        0.74382628101334        0.55181144601523
C            3.50681714672455        0.30180731952048        1.06844220021148
O            2.73258077040468       -0.22895484352950        0.00902264321505
C            1.45332997214601       -0.69695191991221        0.39150132062159
C            0.90794092422813       -1.41674699205745       -0.84177444199915
O            1.75872413759183       -2.45589200681835       -1.23211643745137
C            0.60139601409144        0.47481163001475        0.91300438083109
O           -0.67078475709098        0.03280318778044        1.34971082507073
C           -1.80030492001411        0.74913440390769        0.91197056732051
O           -1.78850800601102        1.16090889399739       -0.42442934936002
C           -2.14413172218677        0.22122614694434       -1.43217431530342
C           -2.35888620390842        1.03492591424295       -2.71978411343753
O           -2.56977409919480        0.20606999210294       -3.83739439839465
C           -3.39415798193995       -0.60392147787275       -1.09014595596564
O           -3.57617655299423       -1.65653804691553       -2.00418933450918
C           -3.23121352423410       -1.20950335835111        0.30589474023364
O           -4.36569760895275       -1.94668075189946        0.68681234514342
C           -3.05263941428086       -0.05643870133918        1.29287465528126
O           -2.94811106409724       -0.49230063630028        2.61194227782588
C            1.33954497156667        1.15373872539094        2.07745852022732
O            0.68787877599366        2.31682084577871        2.52826494513000
C            2.79494144163507        1.49597637793163        1.71303840217952
O            3.50003618006319        1.86798436018858        2.86427098797677
H            5.20853796770424       -0.89070766569694       -0.62883196901592
H            5.82584820870970       -0.92901798508333        1.04667211400889
H            6.51457450952926        0.21910439605164       -0.13464009311277
H            3.66030367476759       -0.48335571642425        1.83760840298522
H            1.55757136213434       -1.43006150503994        1.20883578081233
H            0.80781581898792       -0.68202311696514       -1.65508717305907
H           -0.05487983558455       -1.87275837474649       -0.60886430793742
H            2.65414685557492       -2.09451070784419       -1.25208902651178
H            0.47681152276083        1.20150150685764        0.09453020312338
H           -1.82999822808687        1.70651800397330        1.46422530903030
H           -1.32531772540077       -0.49188644707375       -1.59561075273614
H           -1.50056094701835        1.70005971406029       -2.86561506146463
H           -3.25645596338976        1.64871040761274       -2.61960764610764
H           -1.74853403114440       -0.25122951672216       -4.05480349017028
H           -4.27990944504202        0.05329932280563       -1.08306319645813
H           -3.58596424473379       -1.27592839187317       -2.89639757231539
H           -2.33728953691657       -1.85188202601487        0.32716997475170
H           -4.59170039839286       -2.52115378324677       -0.05539213244849
H           -3.92255057879997        0.61638254941299        1.18359180360698
H           -3.56789555583939       -1.22779561186794        2.71222667225213
H            1.32943439078029        0.47431797543720        2.93684846587048
H            0.54732945409797        2.91219574996336        1.78129263486348
H            2.80379087448363        2.31509201126147        0.97285917596079
H            2.92065710264298        2.44261484219147        3.38436754583637
48
 energy: -84.802588705894 gnorm: 0.000367989590 xtb: 6.7.1 (edcfbbe)
C            5.60739085169642       -0.28433472587232        0.19158779236168
O            4.70640258391293        0.74319205434074        0.55484219706709
C            3.50703022445255        0.30128960015753        1.06897249650933
O            2.73329744369698       -0.22651463042896        0.00778868982701
C            1.45400129831761       -0.69540065272093        0.38892341431111
C            0.90907164877143       -1.41348288025163       -0.84556083695680
O            1.76092227945916       -2.45033013633291       -1.23948589393912
C            0.60180883908405        0.47580996179867        0.91144916779111
O           -0.67004217797352        0.03307380133274        1.34873041569571
C           -1.80015743434880        0.74897736031570        0.91180867457388
O           -1.78980691717063        1.16089082329528       -0.42462804472803
C           -2.14496597581674        0.21997745838609       -1.43151587818505
C           -2.35815789773920        1.03191385951049       -2.72046229404246
O           -2.56984393836202        0.20179933047192       -3.83699904194147
C           -3.39548597323593       -0.60450711648242       -1.08935327497874
O           -3.57750393998370       -1.65784932272379       -2.00256360724155
C           -3.23307180067307       -1.20932088936720        0.30711299528580
O           -4.36862700300231       -1.94455674530030        0.68877964287828
C           -3.05268443910869       -0.05596055055718        1.29338456248272
O           -2.94831524206418       -0.49122946053701        2.61262494761981
C            1.33893434189338        1.15433806073241        2.07690551799743
O            0.68743351053514        2.31794891922811        2.52643117240563
C            2.79560956214885        1.49464337398348        1.71537433057417
O            3.49956733550814        1.86159470774683        2.86883510429128
H            5.21172763169185       -0.88713152652361       -0.63064695773382
H            5.82197208039546       -0.93378854277176        1.04712904928809
H            6.51788886394448        0.21792741570942       -0.12631813650751
H            3.65886891425132       -0.48552893342807        1.83677801741673
H            1.55818741530553       -1.42971847367331        1.20521072721874
H            0.80667228495022       -0.67696048636450       -1.65700605272218
H           -0.05272907543307       -1.87161323127373       -0.61241264742701
H            2.65580871885074       -2.08757703225680       -1.26015015818450
H            0.47637129299655        1.20305196626350        0.09355316574614
H           -1.82946123908617        1.70643183105766        1.46414237711463
H           -1.32634457655766       -0.49364108914180       -1.59315858737504
H           -1.49889580976768        1.69566878703236       -2.86704298668098
H           -3.25489845973824        1.64705515555005       -2.62137817432096
H           -1.74910266327569       -0.25668826243516       -4.05378852681335
H           -4.28100084567909        0.05299809676038       -1.08302468497555
H           -3.58712937828810       -1.27807373398792       -2.89510885790026
H           -2.34014844614136       -1.85305266278004        0.32847900096223
H           -4.59510650710829       -2.51990249742029       -0.05259222261678
H           -3.92210267149807        0.61747502916467        1.18386215338752
H           -3.57005827155047       -1.22497449669599        2.71372990668448
H            1.32683688496306        0.47492922034124        2.93629770131025
H            0.54937857652621        2.91377247096169        1.77938396747222
H            2.80715616778711        2.31600560665295        0.97784410362915
H            2.92329884939409        2.44136871937613        3.38671686205968
