48
 energy: -84.816412939909 gnorm: 0.074724780876 xtb: 6.7.1 (edcfbbe)
C            5.97337163786447       -0.40964290029769        0.04823758386670
O            4.93355396407034        0.40937444448730       -0.47381140749526
C            3.79198014318713        0.43446346375429        0.30184034290631
O            3.17301107096008       -0.83186133536588        0.22948208654734
C            1.99064783515000       -0.96195966715647        0.99024373155317
C            1.52950258415048       -2.42163240824575        0.86148746682915
O            2.20268190070802       -3.28917337608614        1.73786583771679
C            0.92781007109200        0.03307163109906        0.48618222455599
O           -0.20382936285277       -0.00415931759997        1.34532606114970
C           -1.48963744277758        0.08613519748414        0.79224525290689
O           -1.45345100518787        0.20736898679926       -0.60429481150918
C           -2.69811006207575        0.57679636013486       -1.18758970564477
C           -2.82399099811511        2.10493322936736       -1.36473114993969
O           -4.02912570998384        2.43016078648074       -2.01385468594037
C           -3.90357554790928        0.03099634165346       -0.39939874417079
O           -5.01261861634406       -0.17860029145443       -1.23428696213345
C           -3.51153883530113       -1.31417579680233        0.21950647084587
O           -4.59159905992067       -1.91591896676345        0.88337719487766
C           -2.37474835577756       -1.11384018611856        1.23652092579692
O           -1.60009674903942       -2.27378534203523        1.35911405826372
C            1.49598177002928        1.45941658675220        0.46513067332555
O            0.60380722396949        2.37749459736736       -0.12166693512337
C            2.85904380203623        1.52081315347410       -0.24688434115878
O            3.45930510967613        2.77157340664182       -0.04387173148499
H            5.63741238783732       -1.44407655341447        0.14407324747986
H            6.29859127172537       -0.03583899292015        1.02434191154987
H            6.78683225912260       -0.34066729676850       -0.66874691792714
H            4.03336164206551        0.67089171515408        1.36191693560656
H            2.20027870073862       -0.72866639481682        2.04799708227649
H            1.77353493789658       -2.76350152624681       -0.14642080830331
H            0.44886288951837       -2.46214764985285        1.01699810065836
H            1.90805414853684       -3.11435515932031        2.64073766636222
H            0.64480891954072       -0.26271526464163       -0.53033912942732
H           -1.94532743654176        1.00156742204797        1.22038318150777
H           -2.69622138748690        0.09512491824990       -2.17411813958629
H           -1.95524169698496        2.48889371527845       -1.90740012042782
H           -2.85582433918192        2.58857621802939       -0.38506064039340
H           -3.92865084361227        2.29761972013195       -2.96545579657419
H           -4.17146496937709        0.72423806850949        0.41293420264934
H           -5.29594517128644        0.68327808094119       -1.57778469677968
H           -3.14636482730717       -1.97051483191607       -0.58772388776958
H           -5.36272285971675       -1.85963127573495        0.30048600121972
H           -2.82481998128386       -0.85639897393700        2.20663714180720
H           -2.17763945258813       -2.99166587699881        1.65460904472339
H            1.62917228760627        1.80025944790977        1.49945954018497
H            0.22689219983805        1.97529658336040       -0.91630587238206
H            2.72844427451791        1.32354706210610       -1.32320584390251
H            2.79559772998105        3.45303125356180       -0.23069903764887
48
 energy: -84.821609188041 gnorm: 0.009667719946 xtb: 6.7.1 (edcfbbe)
C            5.97137827232465       -0.41220477945079        0.04834804395745
O            4.93038303271227        0.40510297231270       -0.47387416105121
C            3.78782610203230        0.42975588701043        0.30066126781592
O            3.16155431734458       -0.83434336974397        0.21789718041644
C            1.97664399227021       -0.97216534212862        0.97539812498162
C            1.51647254690749       -2.42962727705455        0.85009365602045
O            2.19543748616153       -3.29253217162266        1.72744848012116
C            0.93930751045826        0.06936432795453        0.51490839195665
O           -0.20955164519352        0.04801954925584        1.35086301034715
C           -1.49303709731518        0.08064373071078        0.78774445260218
O           -1.45617254799518        0.17230314288317       -0.61121275380687
C           -2.69688458207262        0.56258360699261       -1.19178627667214
C           -2.81833746759456        2.09341744454781       -1.36527272007189
O           -4.02383056681873        2.42461851248481       -2.01155063164474
C           -3.90320436333641        0.02568340174969       -0.39914396711129
O           -5.01423520823316       -0.18122691304404       -1.23203410051739
C           -3.51087671163380       -1.31843751828400        0.22270675055370
O           -4.59224007623758       -1.91762504997495        0.88653919279120
C           -2.37384124865035       -1.11766516040114        1.24094543908837
O           -1.59771875589003       -2.27594749295906        1.36651348357066
C            1.50859461614070        1.48691246480744        0.47708611330819
O            0.61278303235721        2.39632562076874       -0.11809410428047
C            2.86533733645183        1.52714539860192       -0.24482776348893
O            3.47244865755391        2.77493829634551       -0.04733683159361
H            5.63691990567442       -1.44709013421030        0.14433448477854
H            6.29640141395640       -0.03757320816387        1.02430754870558
H            6.78493486009514       -0.34197491631288       -0.66852348225214
H            4.02972993280958        0.66127381191095        1.36176479308284
H            2.19626488183795       -0.74994296765911        2.03453255618085
H            1.76015042106648       -2.77120681439217       -0.15747937467428
H            0.43717657652654       -2.46876086245491        1.01156024589690
H            1.90607900507036       -3.11420743576267        2.63159507888652
H            0.65342924955650       -0.22557749354151       -0.50307172014794
H           -1.96370747564362        0.99832901576466        1.19590160244012
H           -2.70186105113761        0.08345810584841       -2.17919785707457
H           -1.95033934484144        2.47893233808245       -1.90809853950623
H           -2.84887077607210        2.57741066639103       -0.38539713206988
H           -3.92574062325038        2.29516365300381       -2.96402281114468
H           -4.16770180525023        0.72193809995971        0.41200240759822
H           -5.29473964213576        0.68122506687859       -1.57669857604391
H           -3.14651198139972       -1.97556661952119       -0.58420819855803
H           -5.36282064213888       -1.86046609598172        0.30293962375696
H           -2.82510155061258       -0.85625525572710        2.20936903039622
H           -2.17550407812979       -2.99457197500025        1.65957676985499
H            1.64350250130571        1.83126077438539        1.50901800740950
H            0.23358441885415        1.98351885600034       -0.90692831805299
H            2.72734650803723        1.32767598174146       -1.32007211761023
H            2.80913871519536        3.45796113249166       -0.23174169719442
48
 energy: -84.822436700307 gnorm: 0.006672120383 xtb: 6.7.1 (edcfbbe)
C            5.96862783152356       -0.41723634663355        0.04794771370312
O            4.92790405382194        0.39998743087576       -0.47468864279261
C            3.78583452594050        0.42814631271466        0.30017634970801
O            3.14847154227046       -0.82968686375996        0.20836167519230
C            1.96747385873831       -0.96500644563063        0.97433032859680
C            1.49916038015044       -2.41852495738647        0.83435191040052
O            2.18061224246920       -3.28571856399383        1.70570580093515
C            0.93417078141462        0.08732932904985        0.52023785473806
O           -0.21703982833051        0.07329074834920        1.35424626491643
C           -1.49808206263798        0.08245376589932        0.78330089109667
O           -1.45767873499731        0.14352865594536       -0.61849408321780
C           -2.69521991278904        0.54750840325356       -1.19710995042881
C           -2.80700820347112        2.07962165692065       -1.36750039638902
O           -4.01347383628316        2.41548785982729       -2.00971355717918
C           -3.90202796101789        0.01763075624439       -0.39958298228976
O           -5.01598117179745       -0.19040655660517       -1.22818622616032
C           -3.50967253176100       -1.32344563500118        0.22936800198707
O           -4.59106288084285       -1.92008061214310        0.89534909407769
C           -2.37126445954808       -1.11767839697607        1.24664829288769
O           -1.59529505265737       -2.27563373784122        1.37562481892836
C            1.51791802883206        1.49875730636327        0.49144342385071
O            0.62405953893086        2.40989475960234       -0.10298508019157
C            2.87027139685960        1.53445437944476       -0.23837237351323
O            3.49123982958311        2.77678281578693       -0.04698268518346
H            5.63454033566716       -1.45220074141726        0.14443652692764
H            6.29365654643522       -0.04187389836821        1.02368461274591
H            6.78225541914128       -0.34688811297297       -0.66884566422753
H            4.02892436932806        0.64888621449678        1.36316152413229
H            2.20011880127304       -0.76233678335710        2.03710545137289
H            1.73960802682558       -2.75936239690680       -0.17433255248087
H            0.42056773466367       -2.46008929795830        0.99895718246601
H            1.89718146583018       -3.11061425056674        2.61246617751997
H            0.64283258821811       -0.19171492649940       -0.50296150077914
H           -1.98220538551356        1.00101635358105        1.17403476308266
H           -2.70597462051282        0.06961028927086       -2.18483474045269
H           -1.93916507643999        2.46293699151425       -1.91213520230790
H           -2.83440857215361        2.56218189243974       -0.38672324212658
H           -3.91900790595158        2.28818017153077       -2.96292755643165
H           -4.16357670639388        0.71830217958978        0.40865892981679
H           -5.29496463692493        0.67168909829773       -1.57521760937757
H           -3.14513144619871       -1.98374604127284       -0.57489906047464
H           -5.36152633126323       -1.86401760976490        0.31135903498714
H           -2.82223310937479       -0.85349726595468        2.21443712207786
H           -2.17317661548310       -2.99501475266672        1.66707544463817
H            1.66029707902518        1.84903907242300        1.52064116127346
H            0.24368600047433        1.99774617410190       -0.89166853924991
H            2.72342902619150        1.33532758348217       -1.31261113374825
H            2.83233168979789        3.46497699696215       -0.22885497045522
48
 energy: -84.822812736067 gnorm: 0.004950721385 xtb: 6.7.1 (edcfbbe)
C            5.96579586484729       -0.42370986126462        0.04767471031083
O            4.92712961738690        0.39576812425727       -0.47513126828050
C            3.78518511135050        0.42724885415615        0.29928673630669
O            3.13778663848896       -0.82405354520162        0.19749558802897
C            1.96040838526192       -0.95533298667579        0.97056217198100
C            1.48225699101422       -2.40484775769411        0.81764656031619
O            2.16133028717373       -3.28425033506120        1.67960089584439
C            0.92853423596426        0.10090245888926        0.52036273584311
O           -0.22160691883918        0.08663702628336        1.35708872915258
C           -1.50017204601638        0.08320195959597        0.77869927468454
O           -1.45793392377048        0.12160194937945       -0.62436865981371
C           -2.69350777066466        0.53236177908945       -1.20163038712365
C           -2.79489813903952        2.06439662272293       -1.37154815640209
O           -4.00176253011061        2.40635696709618       -2.00971092810807
C           -3.90158811591383        0.00806301952794       -0.40064655062805
O           -5.01706000126103       -0.20526612570305       -1.22572085332682
C           -3.50952789332089       -1.32835064500097        0.23904772242982
O           -4.59055892587022       -1.92137365477673        0.90862092492701
C           -2.36993714014082       -1.11500441868471        1.25466586439666
O           -1.59471621429208       -2.27270689341876        1.38816960728627
C            1.52366564788080        1.51028326228074        0.50417190366918
O            0.63373415187538        2.43148294845356       -0.08205578090374
C            2.87440328691724        1.54165697879246       -0.23027918060989
O            3.50834616153924        2.77778094755973       -0.04037107968050
H            5.63028318410387       -1.45836952051479        0.14352418692987
H            6.29075981440780       -0.04920455653854        1.02377648306318
H            6.77990204828311       -0.35429484689256       -0.66864094146047
H            4.02883281388601        0.63587227619855        1.36448329970931
H            2.19934695788512       -0.76462330047704        2.03404702803038
H            1.71823882670102       -2.73951589911580       -0.19414946734183
H            0.40389521213250       -2.44472386387750        0.98316000426469
H            1.88407455024964       -3.11334665234780        2.58907009870091
H            0.63593616460350       -0.16343718422598       -0.50613575379021
H           -1.99415115834125        1.00227361106444        1.15290800663749
H           -2.70802311414822        0.05484566446864       -2.18928972797227
H           -1.92637022712690        2.44146693755758       -1.91940558547016
H           -2.81629972140540        2.54688828481060       -0.39064275991773
H           -3.91124979376272        2.27901794375488       -2.96329938403264
H           -4.16240990867330        0.71467825360654        0.40253753784760
H           -5.29679141947103        0.65522859924602       -1.57592639838372
H           -3.14350759430399       -1.99446649927038       -0.55990211222684
H           -5.36082302103736       -1.86869073799201        0.32400412526598
H           -2.81851089222386       -0.84636375991058        2.22242181837056
H           -2.17287448768615       -2.99234985046207        1.67868029051376
H            1.67282277233620        1.85829909534534        1.53319301874199
H            0.25507481205407        2.02895410352171       -0.87619979736629
H            2.71993649121693        1.34621414597552       -1.30417253427285
H            2.85659698086138        3.47279408431629       -0.22218941277300
48
 energy: -84.823055797662 gnorm: 0.003196720529 xtb: 6.7.1 (edcfbbe)
C            5.96255967745161       -0.43016671913235        0.04754379800888
O            4.92744226480060        0.39393876309286       -0.47482153305574
C            3.78530770702984        0.42708197640682        0.29866949404645
O            3.13092440374226       -0.81913112606328        0.18781784586216
C            1.95591402414823       -0.94664568758297        0.96462704935658
C            1.46711449652130       -2.39179460399569        0.80037861508641
O            2.14067074924875       -3.28635498736867        1.65196341492995
C            0.92510189598219        0.11031969438061        0.51694536640773
O           -0.22334822157813        0.09320349013552        1.35656118867066
C           -1.50069043201064        0.08256360161310        0.77529743344409
O           -1.45829311815200        0.10771922494874       -0.62752629270805
C           -2.69282881533320        0.51837639631548       -1.20510496885655
C           -2.78556885308658        2.04966064713983       -1.37706725410241
O           -3.99223444644866        2.39885506860307       -2.01126139432698
C           -3.90225274041002       -0.00172348295255       -0.40192736790700
O           -5.01651628319539       -0.22367955622573       -1.22626348795805
C           -3.51001945692177       -1.33247087193561        0.25017501575743
O           -4.59076242520001       -1.92085014428501        0.92399898632395
C           -2.36959793596609       -1.11148966343113        1.26370654137786
O           -1.59573216053014       -2.26914049484287        1.40406304675474
C            1.52873963711570        1.51939425083091        0.51544671924835
O            0.64400893793613        2.45476446348126       -0.05830387467628
C            2.87875602867992        1.54898837499671       -0.22225155879076
O            3.52216571645653        2.77937427036812       -0.02835320405737
H            5.62368557401636       -1.46407315067899        0.14140648607348
H            6.28777535516295       -0.05850428613951        1.02464169405488
H            6.77755122601384       -0.36265160445489       -0.66791249924164
H            4.02902456900819        0.62541526292354        1.36571550782455
H            2.19620859085426       -0.76137417533189        2.02718071989494
H            1.69810593549697       -2.71728519391704       -0.21567775045107
H            0.38885758796938       -2.42606210782379        0.96699254221574
H            1.86854547807351       -3.11960373960849        2.56365884770131
H            0.63336662302996       -0.14234219388222       -0.51110962771704
H           -1.99892796986547        1.00303686366659        1.13656123928868
H           -2.70862772549360        0.03935355217921       -2.19193326877881
H           -1.91603241926966        2.41832765411152       -1.92918570498253
H           -2.79888991157546        2.53404060264883       -0.39698014127955
H           -3.90548757336668        2.26988568014536       -2.96492338897185
H           -4.16519456593235        0.71151692457380        0.39464840158465
H           -5.29998271389310        0.63401081448795       -1.57971522698719
H           -3.14219743056013       -2.00563962531553       -0.54224339158534
H           -5.36070809175344       -1.87338522048882        0.33850617683555
H           -2.81486232598467       -0.83559727104610        2.23096916403668
H           -2.17478026348146       -2.98814069142208        1.69444382634611
H            1.68195462332851        1.85739637505513        1.54706675417883
H            0.27202974417687        2.06974838863831       -0.86422802146227
H            2.71907979001338        1.35974658327842       -1.29658393145271
H            2.87864129469192        3.48138067531279       -0.21212938180537
48
 energy: -84.823261059409 gnorm: 0.003788928125 xtb: 6.7.1 (edcfbbe)
C            5.95948245109148       -0.43663743981613        0.04729615321785
O            4.92931534949052        0.39475388097886       -0.47333708481399
C            3.78658881570714        0.42774519452459        0.29892743952571
O            3.12777651178968       -0.81481878239632        0.17980411524553
C            1.95321956016178       -0.94009774772178        0.95634423154410
C            1.45420933074193       -2.38074720069217        0.78203410156783
O            2.12092280639466       -3.29068227137529        1.62298799883561
C            0.92377028721977        0.11710587763496        0.51083453643133
O           -0.22279180700954        0.09640259195571        1.35300993198254
C           -1.50045176505899        0.08204127491380        0.77373835296209
O           -1.45878054994370        0.10065733432387       -0.62813839818547
C           -2.69312310781925        0.50577026700286       -1.20781984948666
C           -2.78013937172611        2.03599812499727       -1.38478777782895
O           -3.98677150167930        2.39205155338683       -2.01444877218202
C           -3.90354007118718       -0.01134646489290       -0.40338899204068
O           -5.01425123825478       -0.24485887777731       -1.22948677251456
C           -3.51060988702468       -1.33564615588454        0.26195690330272
O           -4.59126228734357       -1.91837528780257        0.94062529711943
C           -2.37002231515587       -1.10672480514240        1.27330383131575
O           -1.59816783059772       -2.26447435579903        1.42368255590295
C            1.53388626355396        1.52600128486509        0.52537668853669
O            0.65492058857877        2.47710722712659       -0.03277401225119
C            2.88382985439306        1.55662524461544       -0.21362256889528
O            3.53323454369347        2.78189418314276       -0.01086496088179
H            5.61489626375585       -1.46914493148360        0.13760007104932
H            6.28540957980942       -0.06995980454351        1.02604043127818
H            6.77565657260330       -0.37171865683385       -0.66701497181083
H            4.02993276433661        0.61793407777667        1.36743079252455
H            2.19176758574224       -0.75774627516836        2.01814393399247
H            1.67976036964351       -2.69594123380238       -0.23861672039987
H            0.37612869259028       -2.40722539284108        0.95082447547125
H            1.85230712523662       -3.12844544538978        2.53637389745250
H            0.63321780858851       -0.12590799939752       -0.51804339582148
H           -1.99898072194884        1.00453879059712        1.12705604350707
H           -2.70832076289196        0.02282851727323       -2.19277588356876
H           -1.90999635171879        2.39558373642197       -1.94227539256957
H           -2.78409435631449        2.52369492226451       -0.40620090084209
H           -3.90399728570213        2.26046119848079       -2.96804020809424
H           -4.17118843884236        0.70860957043662        0.38550795773867
H           -5.30459743463363        0.60888783103676       -1.58607823973037
H           -3.14152702587465       -2.01629385778235       -0.52367007162784
H           -5.36075306419548       -1.87804983515697        0.35398162322001
H           -2.81274503251164       -0.82127146567524        2.23894499309312
H           -2.17894441142489       -2.98176050938071        1.71484543066639
H            1.68896812668229        1.84795679252322        1.56174659980562
H            0.29648584989258        2.11705535531545       -0.85709225054726
H            2.72152675887073        1.37581950707015       -1.28906836023365
H            2.89783880916827        3.49034345812333       -0.19739019799886
48
 energy: -84.823439609276 gnorm: 0.004889575956 xtb: 6.7.1 (edcfbbe)
C            5.95703414241656       -0.44329675173407        0.04665097807847
O            4.93269344981132        0.39781376503901       -0.47021977438329
C            3.78910482016191        0.42908508243237        0.30084901825351
O            3.12774034772947       -0.81105504662977        0.17385595786627
C            1.95151556696611       -0.93624469310061        0.94648037800368
C            1.44410177428212       -2.37274207538322        0.76235254338140
O            2.10475302140506       -3.29602413063838        1.59288319259371
C            0.92393994906663        0.12248411194674        0.50362141831001
O           -0.22077853579189        0.09885226363627        1.34798277616897
C           -1.50000863533754        0.08327971822274        0.77394415747669
O           -1.45956709067026        0.09937348533731       -0.62702915027745
C           -2.69454758829614        0.49506267428382       -1.21028476616465
C           -2.77948371272255        2.02416788123552       -1.39507157923834
O           -3.98689297643134        2.38451078938245       -2.01964438435434
C           -3.90519187535290       -0.02017418654344       -0.40501554705682
O           -5.01104899837297       -0.26745040424703       -1.23416946140438
C           -3.51069479614382       -1.33753636398218        0.27344509603474
O           -4.59126951108976       -1.91423882504377        0.95739946346880
C           -2.37085378131702       -1.10013475842252        1.28296454784318
O           -1.60107245712582       -2.25769032815696        1.44647991284570
C            1.53925090907108        1.53042682234369        0.53414567799897
O            0.66631154287195        2.49613829115192       -0.00779571683586
C            2.88978913147976        1.56436491450363       -0.20380683222980
O            3.54238063562217        2.78521783242080        0.01167674698378
H            5.60481346356017       -1.47380027610654        0.13162132765164
H            6.28452976972869       -0.08382859233459        1.02758376753658
H            6.77428637919781       -0.38096870288413       -0.66659705088316
H            4.03202197840839        0.61272938654821        1.37056477779088
H            2.18639284239688       -0.75730044875197        2.00892622431182
H            1.66407514962187       -2.67818188445934       -0.26251815890702
H            0.36635377946461       -2.39161660208861        0.93447800912631
H            1.83761666266895       -3.13963605803124        2.50757989472843
H            0.63382862921207       -0.11244092693763       -0.52606430118527
H           -1.99648158213401        1.00825084743022        1.12433283107076
H           -2.70763381764914        0.00590031095164       -2.19233484345207
H           -1.90987618416868        2.37534486135789       -1.95902954602393
H           -2.77403070727558        2.51616551981638       -0.41852015732170
H           -3.90825310161769        2.25015131625163       -2.97314404380746
H           -4.17930708021726        0.70598882574170        0.37581591050284
H           -5.31090914058239        0.58137086276857       -1.59390901525004
H           -3.14120164301697       -2.02542546241048       -0.50572052926228
H           -5.36014534684161       -1.88299618720709        0.36932925873832
H           -2.81330162871682       -0.80406197213757        2.24555014088016
H           -2.18420374143564       -2.97228422941018        1.73960077149152
H            1.69450638946452        1.83401012241073        1.57605121745503
H            0.32831686057763        2.16573144059687       -0.85449147335357
H            2.72768490023400        1.39371830575033       -1.28099359489278
H            2.91370788769778        3.49898247383593       -0.17632346452240
48
 energy: -84.823589586991 gnorm: 0.004578597572 xtb: 6.7.1 (edcfbbe)
C            5.95576486235469       -0.44967873090672        0.04554217411767
O            4.93679784776535        0.40175168579162       -0.46558033934417
C            3.79239294373464        0.43048765745307        0.30472072390289
O            3.12971037272837       -0.80818974578824        0.17071335892032
C            1.95029361949274       -0.93516107681228        0.93738268487697
C            1.43782829215203       -2.36858927409792        0.74364091925707
O            2.09534456189892       -3.30147893100410        1.56467545142059
C            0.92490220978079        0.12670625773166        0.49756041997713
O           -0.21830334020361        0.10192063392272        1.34365698608812
C           -1.49958817397106        0.08721644061293        0.77535844269758
O           -1.46056555599132        0.10296732355817       -0.62514866805867
C           -2.69682397732850        0.48777873543899       -1.21252377007659
C           -2.78361695546647        2.01581430429256       -1.40691716765732
O           -3.99300062300524        2.37556209288831       -2.02687167466592
C           -3.90674060475410       -0.02680457039270       -0.40646855605880
O           -5.00805027184902       -0.28735050758223       -1.23827829024386
C           -3.50989747990289       -1.33783946552884        0.28282267393449
O           -4.59015654394346       -1.90960374523549        0.97167176839329
C           -2.37163383004308       -1.09196501923595        1.29126808457427
O           -1.60302082073701       -2.24852355530899        1.46856601428668
C            1.54398035392470        1.53297847180374        0.54077380200799
O            0.67632478781954        2.50854727600123        0.01093337139214
C            2.89605451342254        1.57099032272457       -0.19346729653134
O            3.54962375169118        2.78853858280553        0.03607158607713
H            5.59583115173736       -1.47802989703363        0.12401175213777
H            6.28567780375417       -0.09866644754630        1.02879346161152
H            6.77345760499721       -0.38881346525486       -0.66724589494351
H            4.03509696399906        0.60895374097116        1.37543850296859
H            2.18069749958111       -0.76132265525869        2.00191801453547
H            1.65306279519311       -2.66594473711927       -0.28456498168864
H            0.36049337860675       -2.38262397314245        0.91940265487152
H            1.82789012096416       -3.15273163468835        2.48054579949758
H            0.63411245924259       -0.10227000656119       -0.53298522227590
H           -1.99298225585561        1.01467781993596        1.12661705000338
H           -2.70678503769164       -0.00866081598717       -2.19112272920770
H           -1.91585902625392        2.36130917832420       -1.97729296293912
H           -2.77099794597677        2.51249903182680       -0.43274733286048
H           -3.91815015650730        2.23881527053673       -2.98030672703481
H           -4.18735543343072        0.70409908399813        0.36734442015330
H           -5.31770489400421        0.55652571168417       -1.60082542564179
H           -3.14050315877667       -2.03155646264258       -0.49106855493084
H           -5.35831121869418       -1.88806633060224        0.38214219078057
H           -2.81638032126518       -0.78654550208527        2.24992788077217
H           -2.18828721427208       -2.96000920824965        1.76509000240171
H            1.69803345288317        1.82169698756853        1.58702577997692
H            0.35965951813406        2.20419669703452       -0.85399293769304
H            2.73702153137274        1.41059659840188       -1.27272433855850
H            2.92465849343886        3.50578885046731       -0.15000049469122
48
 energy: -84.823739890639 gnorm: 0.003016815421 xtb: 6.7.1 (edcfbbe)
C            5.95554840463036       -0.45682361375649        0.04403193944253
O            4.94146681352480        0.40550781307117       -0.45903611573521
C            3.79640579696541        0.43134681421713        0.31093779701871
O            3.13241430094891       -0.80594640933973        0.16956105491893
C            1.94875725340486       -0.93586185148232        0.92910933732986
C            1.43370536406144       -2.36689449649275        0.72421926184242
O            2.09133844845191       -3.30761651560647        1.53492460950884
C            0.92609939012534        0.13067297651832        0.49270184119728
O           -0.21582697295230        0.10684132303864        1.34041892037890
C           -1.49923882888652        0.09459666929867        0.77718881637636
O           -1.46177044575972        0.11028626380225       -0.62322142212709
C           -2.69992415264343        0.48270431055906       -1.21502822960383
C           -2.79272508411444        2.00944486287567       -1.42089021967893
O           -4.00556521678333        2.36288443952760       -2.03687336169401
C           -3.90823808518192       -0.03201672299790       -0.40778366043681
O           -5.00570011426070       -0.30536989051332       -1.24111107895145
C           -3.50794258621003       -1.33683738055351        0.29097580548625
O           -4.58737271099770       -1.90499723735947        0.98449350310763
C           -2.37205815816407       -1.08124528057417        1.29892512985135
O           -1.60323579701081       -2.23551999488157        1.49077709388775
C            1.54854660282952        1.53467349538451        0.54637755483909
O            0.68602953653304        2.51662608587826        0.02433867869672
C            2.90344406393709        1.57695748291444       -0.18129152748233
O            3.55696818973664        2.79164606770607        0.06411546341901
H            5.58819613240881       -1.48299533860577        0.11453427956327
H            6.28879233121632       -0.11584254977533        1.02975946882482
H            6.77289360059075       -0.39584373155950       -0.66906551005424
H            4.03913096807593        0.60438901997814        1.38268894887317
H            2.17406105596328       -0.76959429969653        1.99672773858307
H            1.64464760901915       -2.65616044267374       -0.30714998264641
H            0.35684433062772       -2.37905485893868        0.90393647212588
H            1.82292562784493       -3.16942954833465        2.45232379207793
H            0.63361454467349       -0.09316470191647       -0.53878323766708
H           -1.98902889143257        1.02466789174275        1.13078283401368
H           -2.70577232413219       -0.02192491645631       -2.18961555928672
H           -1.92837634623509        2.35200885836429       -1.99793907758348
H           -2.77528164469360        2.51184155315940       -0.44976364953578
H           -3.93419159687299        2.22380769392466       -2.99022306507436
H           -4.19493156937208        0.70274159049664        0.35975219070856
H           -5.32470865567209        0.53358129860358       -1.60649113096330
H           -3.13831932918999       -2.03546631331649       -0.47808162251921
H           -5.35459199009140       -1.89433588012366        0.39338657501363
H           -2.82116870462908       -0.76737035406410        2.25291104030243
H           -2.18989592984588       -2.94350962021881        1.79303095993379
H            1.70001867633181        1.81218917129010        1.59587512762128
H            0.39101558135612        2.23535097660445       -0.85464331218953
H            2.75015472128445        1.42785256747842       -1.26306127488213
H            2.93284184126614        3.51119571958129       -0.11527058954255
48
 energy: -84.823887316299 gnorm: 0.002849316458 xtb: 6.7.1 (edcfbbe)
C            5.95608273471936       -0.46586487677787        0.04234813692837
O            4.94648323996556        0.40788897385406       -0.45033279631109
C            3.80103425675530        0.43101569721235        0.31970910777929
O            3.13431470761320       -0.80390115296390        0.16912078629868
C            1.94599360302194       -0.93703742633056        0.92129353400466
C            1.42946336002932       -2.36571394910986        0.70217348693491
O            2.09022795375693       -3.31492309898605        1.49983346676058
C            0.92687140029817        0.13532996101717        0.48863797297858
O           -0.21394825814908        0.11457786040034        1.33810990193419
C           -1.49913613793982        0.10559290122633        0.77840527893098
O           -1.46333139854620        0.11952632486176       -0.62211508887644
C           -2.70390918626467        0.47820992931444       -1.21815727085708
C           -2.80655106227088        2.00306488117710       -1.43739684428019
O           -4.02450777161404        2.34426488242998       -2.05011288959851
C           -3.90982822846356       -0.03703942352608       -0.40875756631917
O           -5.00452455239139       -0.32259465732056       -1.24186108710010
C           -3.50474435486038       -1.33524673964392        0.29915315328760
O           -4.58258211459803       -1.90146617409690        0.99714932906022
C           -2.37190414837050       -1.06738676770251        1.30680233495361
O           -1.60110427394520       -2.21771291969962        1.51405871139297
C            1.55354140789750        1.53664520745893        0.55263243213307
O            0.69655291465570        2.52400187437143        0.03527512954814
C            2.91274338564796        1.58292774654084       -0.16571537296311
O            3.56650575756115        2.79440267173680        0.09752875473036
H            5.58196475595408       -1.49001658171938        0.10320987687224
H            6.29342165939155       -0.13671888398905        1.03075597279971
H            6.77235688039652       -0.40288932735610       -0.67177801931927
H            4.04398743195448        0.59655692286099        1.39276165792001
H            2.16587998885510       -0.78101909913000        1.99228176292153
H            1.63586068861839       -2.64497319074978       -0.33297849459619
H            0.35319336122591       -2.37864899905480        0.88651946589055
H            1.82192114544226       -3.19051961782179        2.41948819823803
H            0.63203417877315       -0.08246103771439       -0.54390306730184
H           -1.98531113694588        1.03846292124878        1.13311159536936
H           -2.70500670212168       -0.03522355893746       -2.18822852405728
H           -1.94718293740014        2.34510664995913       -2.02174737154743
H           -2.78660550714876        2.51287810844017       -0.47025372226613
H           -3.95633909650186        2.20221766068876       -3.00326317519888
H           -4.20154752875093        0.70142077959575        0.35297487168945
H           -5.33135834714121        0.51165916906146       -1.61059220099510
H           -3.13345864534152       -2.03831797968543       -0.46473053789099
H           -5.34856820073428       -1.90295343456653        0.40434415579372
H           -2.82638213536138       -0.74521917567145        2.25562194100784
H           -2.18779413020925       -2.92192396785246        1.82518343397512
H            1.70067089197346        1.80530392948832        1.60502104135354
H            0.42616593844244        2.26607242658696       -0.85779076955951
H            2.76733115899378        1.44672709549225       -1.25039284566683
H            2.94101910371797        3.51591046123366       -0.06991523864107
48
 energy: -84.824018664836 gnorm: 0.003044744492 xtb: 6.7.1 (edcfbbe)
C            5.95711634797364       -0.47616812022397        0.04101750705612
O            4.95131805290545        0.40838091791020       -0.44010621974539
C            3.80583154975562        0.42932879169732        0.33033159516827
O            3.13477592193373       -0.80195439887403        0.16882213422031
C            1.94213656476330       -0.93779084631528        0.91429915896912
C            1.42451829672101       -2.36390893313067        0.67895435274821
O            2.09034877434761       -3.32277301680446        1.46118073978419
C            0.92701988752011        0.14046544288401        0.48538834750354
O           -0.21302451337549        0.12396791095473        1.33641466571408
C           -1.49932855646511        0.11854058698944        0.77851028944974
O           -1.46526142700783        0.12923165768553       -0.62208774845559
C           -2.70849973017145        0.47419934243972       -1.22134724055082
C           -2.82350994098387        1.99646622778286       -1.45468216625869
O           -4.04725404098697        2.32096127743672       -2.06589275198184
C           -3.91152525175921       -0.04178612371070       -0.40874546207832
O           -5.00501866825533       -0.33735378073501       -1.23973702441186
C           -3.50073460623586       -1.33360549112112        0.30705250095372
O           -4.57628570235085       -1.90020245477712        1.00854546542146
C           -2.37121313620616       -1.05201344227681        1.31431126415791
O           -1.59684235559463       -2.19712361068330        1.53604034923047
C            1.55882371137149        1.53918480933967        0.55941855510031
O            0.70784455325049        2.53164744910254        0.04326225591644
C            2.92330316927620        1.58846255916889       -0.14770504750988
O            3.57777080524848        2.79641484685052        0.13315627469024
H            5.57767392735363       -1.49880474664966        0.09119545270141
H            6.29853093513193       -0.15973884371320        1.03218554057390
H            6.77197763211206       -0.40935038113554       -0.67443700365990
H            4.04904834693873        0.58529217682670        1.40485277708170
H            2.15683214164935       -0.79288860243131        1.98803128351201
H            1.62614552544627       -2.63101559229154       -0.36054819679552
H            0.34901536137643       -2.37964482545738        0.86843838902474
H            1.82438107716562       -3.21337376370167        2.38358593038238
H            0.62997888802717       -0.07051832646133       -0.54805202085025
H           -1.98219547927858        1.05401872311647        1.13216022234971
H           -2.70511608033315       -0.04768000918921       -2.18688602734977
H           -1.96978003123313        2.34012341207273       -2.04590155726229
H           -2.80415961253420        2.51516383517162       -0.49232933934142
H           -3.98112877636998        2.17441802659757       -3.01851977073730
H           -4.20625021674869        0.69998770787924        0.34843352872048
H           -5.33646082721644        0.49322144681093       -1.61236609694456
H           -3.12581184451183       -2.04000840288921       -0.45173374396121
H           -5.34095840144189       -1.91303328920900        0.41435878490839
H           -2.83056721498083       -0.72213127684120        2.25822118580350
H           -2.18183570404571       -2.89769443999287        1.85863155117655
H            1.69939402524060        1.80141339857297        1.61445293167534
H            0.46258734296226        2.29510813808799       -0.86243377258528
H            2.78665599118233        1.46487563361608       -1.23508181493530
H            2.94972933892787        3.51968139464000       -0.01917741955713
48
 energy: -84.824127604623 gnorm: 0.002684651472 xtb: 6.7.1 (edcfbbe)
C            5.95829164077536       -0.48717990677697        0.04055279455399
O            4.95604098707336        0.40748781326222       -0.42884794431738
C            3.81054093608546        0.42660145062295        0.34179541396724
O            3.13397817816494       -0.79993739233170        0.16797063791196
C            1.93768891995324       -0.93767908604807        0.90769750440747
C            1.41867136217644       -2.36078411404246        0.65556099684698
O            2.09012629433384       -3.33017123919791        1.42078509229393
C            0.92673851652238        0.14588840499630        0.48224601632731
O           -0.21272384859406        0.13379181955477        1.33455123171444
C           -1.49965773860341        0.13187027825755        0.77758295520354
O           -1.46757145488863        0.13874290853897       -0.62299249580192
C           -2.71357574538648        0.47065180019739       -1.22406372039080
C           -2.84213499454283        1.98964819047921       -1.47145279164331
O           -4.07103002919980        2.29486363813964       -2.08393618074150
C           -3.91331272170286       -0.04607849650566       -0.40713896935035
O           -5.00728139552688       -0.34873153032257       -1.23438050926583
C           -3.49620903687157       -1.33221705603256        0.31459321576885
O           -4.56884958146920       -1.90172128993506        1.01825788911118
C           -2.36998257344963       -1.03667084993835        1.32117502140677
O           -1.59101582562055       -2.17594716768430        1.55552466343669
C            1.56418213042791        1.54231367179742        0.56593633414591
O            0.71962014000871        2.53969515297644        0.04776855462778
C            2.93450797511341        1.59354892845696       -0.12867219083486
O            3.59008981394680        2.79744269909304        0.16940311934738
H            5.57476120536018       -1.50880680214376        0.07907958694643
H            6.30296875592756       -0.18410380037371        1.03472507837057
H            6.77208691677500       -0.41509924048714       -0.67574156570206
H            4.05365497515437        0.57129776058846        1.41789982445513
H            2.14760282578809       -0.80340139172906        1.98330781131176
H            1.61514863522565       -2.61409731651274       -0.38853871428418
H            0.34416426476237       -2.38018011159868        0.85071400627774
H            1.82920082475617       -3.23481915946050        2.34610485152682
H            0.62803259372785       -0.05786513490880       -0.55186698922244
H           -1.97959291865726        1.06957485737101        1.12853413656504
H           -2.70670520076249       -0.05903066254051       -2.18529118463778
H           -1.99356346678616        2.33635056488112       -2.06794137389697
H           -2.82695851918739        2.51816720260401       -0.51445184588260
H           -4.00503722900401        2.14116503366276       -3.03548469737681
H           -4.20871253804106        0.69845886275400        0.34712948066873
H           -5.33927420886276        0.47954749748097       -1.61177097170461
H           -3.11585267051947       -2.04040337359760       -0.43969420190645
H           -5.33248749536256       -1.92355756379538        0.42336276316113
H           -2.83299008586106       -0.69981277297493        2.26080361455111
H           -2.17277731723424       -2.87319840171025        1.89106996600850
H            1.69591206106869        1.79981738871745        1.62351121178275
H            0.49704763571574        2.32020788830061       -0.86707726028497
H            2.80679438749492        1.48200975398785       -1.21846775519430
H            2.95944067018987        3.52234328827156        0.03365019961354
48
 energy: -84.824205725120 gnorm: 0.002121467144 xtb: 6.7.1 (edcfbbe)
C            5.95901491533488       -0.49864806004702        0.04137667001193
O            4.96098435908966        0.40607683375663       -0.41725017019583
C            3.81489936634009        0.42340073618395        0.35260306033245
O            3.13227968922129       -0.79762239830756        0.16533535487324
C            1.93301025540232       -0.93638542761996        0.90012352159842
C            1.41125904189395       -2.35574496388399        0.63195645794714
O            2.08751678914724       -3.33628091993688        1.37936661304014
C            0.92619707610725        0.15187968683784        0.47783127165704
O           -0.21246684723167        0.14331760287588        1.33148952607099
C           -1.50000233005015        0.14417906512955        0.77592534758368
O           -1.47048567596059        0.14711408034625       -0.62459392911922
C           -2.71936348872330        0.46664604183414       -1.22615672900925
C           -2.86049847968195        1.98195438240539       -1.48696727498146
O           -4.09244049118626        2.26903182087182       -2.10357964620635
C           -3.91545129390669       -0.05064263972281       -0.40392542098056
O           -5.01120296665341       -0.35888031529185       -1.22626966929421
C           -3.49146336748652       -1.33167339601642        0.32234095907093
O           -4.56067788287100       -1.90573842199543        1.02745057317650
C           -2.36829128949360       -1.02251043865899        1.32781499412379
O           -1.58462607689126       -2.15607463826116        1.57343318966814
C            1.56958157884069        1.54615416255408        0.57191013637514
O            0.73188584669101        2.54948539321655        0.05148307682719
C            2.94591488079947        1.59889194863969       -0.10981708612450
O            3.60331681983059        2.79763777127334        0.20618912615395
H            5.57154652131605       -1.51936019447087        0.06736338325365
H            6.30545815647557       -0.20943569558000        1.03903297523192
H            6.77286849732756       -0.42101273302418       -0.67439841054573
H            4.05703749535654        0.55577238813496        1.43040971246921
H            2.13860106646807       -0.81169301717268        1.97704470470046
H            1.60150179083618       -2.59464777520361       -0.41674155235467
H            0.33797479847368       -2.37782646539541        0.83356530963370
H            1.83450033717890       -3.25235596536100        2.30771599430155
H            0.62632932747690       -0.04404791458646       -0.55692231821992
H           -1.97749472502671        1.08378715775542        1.12347439751332
H           -2.71037622907169       -0.07038596966540       -2.18331066917088
H           -2.01538203890976        2.33131680622676       -2.08653243798625
H           -2.85203401197967        2.52022412385538       -0.53536112106189
H           -4.02437869988309        2.10586684864980       -3.05346406520471
H           -4.20993345033323        0.69640313290679        0.34855510135729
H           -5.34098224569152        0.46776924168154       -1.60999243712839
H           -3.10474729853454       -2.04057086108927       -0.42809519105772
H           -5.32384836566902       -1.93407591140360        0.43252554376033
H           -2.83365533812323       -0.67893362100265        2.26377425537196
H           -2.16243509104860       -2.85017875913343        1.92210968884642
H            1.69131072881414        1.79832748075603        1.63228301423682
H            0.53109563762789        2.34547911924049       -0.87258947960327
H            2.82684328266715        1.49958679553456       -1.20189853200631
H            2.97130547598286        3.52441687595285        0.08686479174571
48
 energy: -84.824253386998 gnorm: 0.003529365839 xtb: 6.7.1 (edcfbbe)
C            5.95925684074995       -0.50876733608428        0.04370890217353
O            4.96586223609296        0.40473528057324       -0.40690795639925
C            3.81844160801312        0.42043157786427        0.36093816120346
O            3.13060251188631       -0.79537341408536        0.16138241907603
C            1.92923028172506       -0.93426517019054        0.89239043645073
C            1.40405543586166       -2.34990234675337        0.61190815361774
O            2.08368020061472       -3.34005933719251        1.34354565068730
C            0.92585214911377        0.15773553969311        0.47286656732423
O           -0.21193330672436        0.15089057046765        1.32769445726913
C           -1.50019953126188        0.15367922500460        0.77433054329961
O           -1.47365825787639        0.15428007434422       -0.62614758207918
C           -2.72526326199224        0.46341168769150       -1.22699838121290
C           -2.87624101234017        1.97521693023187       -1.49913988177179
O           -4.10818117703088        2.24774941622928       -2.12305911382695
C           -3.91763952532574       -0.05435288982704       -0.39935034315524
O           -5.01612155915092       -0.36560250570083       -1.21651677253492
C           -3.48726072035617       -1.33188145154033        0.32877034540681
O           -4.55291902305882       -1.91160330337807        1.03449737538916
C           -2.36640329983160       -1.01185386957473        1.33286608874474
O           -1.57880170328525       -2.14077108375123        1.58656657851140
C            1.57439040019103        1.55017865568815        0.57552306085523
O            0.74335923888550        2.55873417885425        0.05201593784207
C            2.95601769951560        1.60357167329973       -0.09460463953354
O            3.61542642212627        2.79684215319080        0.23763407750776
H            5.56817053595903       -1.52850742364388        0.05779154142058
H            6.30522836824637       -0.23210650924351        1.04500251005720
H            6.77461812659626       -0.42626172504101       -0.66987195772635
H            4.05853241951943        0.54192227958947        1.44027965945368
H            2.13150663986215       -0.81657120720700        1.97008036427952
H            1.58770022785793       -2.57652691888890       -0.44054589490745
H            0.33203425592419       -2.37319890527077        0.81988866884242
H            1.84034066115136       -3.26325461993768        2.27479669435391
H            0.62536357286198       -0.03175700012262       -0.56231697192493
H           -1.97585138534896        1.09446907496471        1.11960446912216
H           -2.71559239172635       -0.07977358526136       -2.18075055259574
H           -2.03180054553087        2.32647708651931       -2.09835937744633
H           -2.87667307258969        2.52146125368270       -0.55209947455084
H           -4.03562236824147        2.07389359116987       -3.07080710863196
H           -4.21002447839281        0.69414505394946        0.35289104786773
H           -5.34145550009817        0.46012041023375       -1.60703598751505
H           -3.09471460779883       -2.03997936823373       -0.41948170265992
H           -5.31650688574439       -1.94256981368832        0.44047547118479
H           -2.83293414392918       -0.66326204977096        2.26622324004034
H           -2.15283061551139       -2.83230626143645        1.94603569216511
H            1.68714609021132        1.79813111886894        1.63795609650224
H            0.55354912577806        2.36179848193357       -0.87323004759374
H            2.84453199752986        1.51501753935482       -1.18844034204084
H            2.98372737708091        3.52560823590512        0.13148248876644
48
 energy: -84.824283064221 gnorm: 0.002454580239 xtb: 6.7.1 (edcfbbe)
C            5.95849243846669       -0.51832303188565        0.04720825133864
O            4.97081862913119        0.40425357881637       -0.39733634761072
C            3.82123187107668        0.41816476484293        0.36730992107153
O            3.12893667662131       -0.79272225706875        0.15554063320910
C            1.92585909039669       -0.93155109095078        0.88318671820438
C            1.39600265472525       -2.34326471389090        0.59268076486659
O            2.07769147676890       -3.34245432747320        1.30961760701895
C            0.92541406152547        0.16378548287635        0.46634905739752
O           -0.21094766671955        0.15710958456721        1.32293778109480
C           -1.50031972463556        0.16083929580578        0.77298458483065
O           -1.47702054948594        0.15971868088086       -0.62750968075134
C           -2.73128627559476        0.45933130083950       -1.22725463009206
C           -2.88917804412074        1.96807360513305       -1.50933908571084
O           -4.11902017815539        2.22984253777046       -2.14188862486192
C           -3.91995592487790       -0.05856863996301       -0.39427205871489
O           -5.02109113138393       -0.37282412157653       -1.20665351483388
C           -3.48351061693611       -1.33306115692568        0.33534035492889
O           -4.54554069020856       -1.91803730310834        1.04210357533501
C           -2.36449319605250       -1.00355190728725        1.33794478273630
O           -1.57402200882698       -2.12877780333698        1.59931618312832
C            1.57854265950858        1.55428146646022        0.57895379542385
O            0.75352766351626        2.56905870865116        0.05610794338266
C            2.96498377558282        1.60884034156731       -0.08105297435277
O            3.62695880360124        2.79605514348094        0.26703531196130
H            5.56290895724345       -1.53661541091931        0.04956626753668
H            6.30249817844565       -0.25373742992045        1.05245658670457
H            6.77665144320206       -0.43226045772850       -0.66274827663806
H            4.05849357139958        0.52934119118576        1.44828329713485
H            2.12532654936138       -0.81963562348005        1.96169834292676
H            1.57193856524966       -2.55925278590304       -0.46321454071641
H            0.32529879354904       -2.36581912108241        0.80759783463699
H            1.84535899728955       -3.27006740700694        2.24398503741929
H            0.62429485013907       -0.01890997477479       -0.56951348508308
H           -1.97459564544711        1.10262241450954        1.11691426706098
H           -2.72173410700465       -0.08971716839254       -2.17783165612057
H           -2.04327146359429        2.31987129467989       -2.10620099206682
H           -2.89849803470646        2.52058514996608       -0.56602692713445
H           -4.04102467160317        2.04518314677961       -3.08727213631513
H           -4.21055128548531        0.69122065869740        0.35775570462413
H           -5.34260353056260        0.45154685274081       -1.60408494226598
H           -3.08620336735910       -2.04036278904754       -0.41129555856022
H           -5.31024104147489       -1.95020773000316        0.44946946946153
H           -2.83190953475268       -0.65004997934097        2.26898277113788
H           -2.14530364484634       -2.81794928695941        1.96700640484603
H            1.68367554245801        1.79545441636516        1.64386606304210
H            0.57909347936450        2.38363346530871       -0.87818106062307
H            2.86038911096706        1.53123529930324       -1.17653976073370
H            2.99793054437539        3.52766613004347        0.16949955258724
48
 energy: -84.824309673612 gnorm: 0.002150116659 xtb: 6.7.1 (edcfbbe)
C            5.95752839015750       -0.52358554473966        0.05143883294758
O            4.97448727716573        0.40446405514826       -0.39151377094621
C            3.82247622987663        0.41715207630519        0.36951550728390
O            3.12836492061129       -0.79093146268729        0.15052726590456
C            1.92468758944138       -0.92941499201575        0.87659136834597
C            1.39144358046546       -2.33878050952632        0.58244616928899
O            2.07382770268872       -3.34245260690329        1.29114849546723
C            0.92556134237962        0.16775155778053        0.46165219507653
O           -0.20967561220608        0.15944950387578        1.31953296850211
C           -1.50011162724342        0.16348713581401        0.77286209521636
O           -1.47928939814426        0.16342209538655       -0.62767995419573
C           -2.73534568984633        0.45769285392531       -1.22606459674258
C           -2.89623400890454        1.96471776331775       -1.51350197382495
O           -4.12192314332863        2.22119660939459       -2.15556057148435
C           -3.92145943168657       -0.06023309276834       -0.38977168836289
O           -5.02483193881680       -0.37451598768075       -1.19909759379391
C           -3.48142305193146       -1.33416178882369        0.33844458023853
O           -4.54091653743621       -1.92322211947526        1.04552726305507
C           -2.36298052880014       -1.00097490427623        1.34003600576832
O           -1.57141022472806       -2.12470217729561        1.60417385059099
C            1.58079771181758        1.55705468737086        0.57889786008279
O            0.75980552338969        2.57489023697493        0.05573298662853
C            2.96990393951752        1.61166483546458       -0.07547224389469
O            3.63332114748104        2.79474499046818        0.28189860696559
H            5.55881957941620       -1.54055578428244        0.04595058428279
H            6.29781313785338       -0.26631598150239        1.05970984212946
H            6.77915617595657       -0.43580410842422       -0.65425663298594
H            4.05661487627495        0.52298480372321        1.45154189070759
H            2.12308308988450       -0.81954500727636        1.95549519636147
H            1.56160496365351       -2.54981689711728       -0.47511349193757
H            0.32170405058631       -2.35984283970643        0.80232727374630
H            1.85058541747114       -3.26982490644694        2.22771822716980
H            0.62404600082482       -0.01183210557353       -0.57446465901737
H           -1.97375467470565        1.10529074579797        1.11791914445185
H           -2.72658911899543       -0.09466732259413       -2.17484560860808
H           -2.04666102250262        2.31695463927351       -2.10508713731636
H           -2.91419054969776        2.51991189695657       -0.57199360047215
H           -4.03764761656030        2.02832015032470       -3.09876976675018
H           -4.21028011722559        0.68932557780038        0.36335064456754
H           -5.34285169011738        0.44908394011568       -1.60117261413757
H           -3.08205232989489       -2.03976463177103       -0.40871752888630
H           -5.30732592639477       -1.95289719717204        0.45483573724076
H           -2.83068669457730       -0.64586977469681        2.27022753365587
H           -2.14163018768172       -2.81288963514258        1.97449094594278
H            1.68244944957227        1.79492607101402        1.64462851639642
H            0.58415378399125        2.38904613458410       -0.87627007314096
H            2.86938595094024        1.54036623850888       -1.17157209046116
H            3.00764534010458        3.52869577190599        0.18578662100417
48
 energy: -84.824331880748 gnorm: 0.002007665842 xtb: 6.7.1 (edcfbbe)
C            5.95586477862367       -0.52831990774664        0.05758022032093
O            4.97867958598779        0.40575036917920       -0.38565213400537
C            3.82312275323741        0.41697688505329        0.37015221975686
O            3.12825935984239       -0.78891854059102        0.14415339126389
C            1.92426308651504       -0.92742548157897        0.86898955005425
C            1.38757722528725       -2.33483857293499        0.57310664080468
O            2.07091438755687       -3.34228931445062        1.27418970650102
C            0.92596076253077        0.17159244669992        0.45641381623857
O           -0.20775691589950        0.16049822656026        1.31624348013539
C           -1.49966998194553        0.16473471263085        0.77380691427707
O           -1.48144720077872        0.16728731569185       -0.62680708986889
C           -2.73928321225296        0.45651513340939       -1.22395404581856
C           -2.90213731270476        1.96234537433427       -1.51611161041716
O           -4.12189261430458        2.21464754224566       -2.17028750770577
C           -3.92288463008492       -0.06143350814366       -0.38491899623685
O           -5.02817537608561       -0.37556320490251       -1.19182163089853
C           -3.47984783973837       -1.33551893688690        0.34116812609994
O           -4.53693455348726       -1.92801019991131        1.04894065889814
C           -2.36143521609577       -1.00025208574170        1.34191214197506
O           -1.56967520023841       -2.12332347512888        1.60825626734092
C            1.58255576124918        1.55964803009696        0.57768007296558
O            0.76515368943616        2.58016858434754        0.05571895117586
C            2.97403119172951        1.61472613609156       -0.07235582287541
O            3.63889819310200        2.79366686913958        0.29415935547323
H            5.55335579905627       -1.54355476354521        0.04335244507064
H            6.29039743186507       -0.27846614493840        1.06961472116822
H            6.78249293282038       -0.43940234988815       -0.64209632530821
H            4.05306465633052        0.51843308592703        1.45350419903112
H            2.12219530366537       -0.81886536394142        1.94843455947599
H            1.55084428675659       -2.54236660643886       -0.48616085658904
H            0.31894277954902       -2.35367099941448        0.79892403924644
H            1.85831062849934       -3.26796286277337        2.21336979786683
H            0.62347626691976       -0.00548931202271       -0.57986847851611
H           -1.97268877617701        1.10629358286046        1.12181302916367
H           -2.73129985082688       -0.09900016520786       -2.17101847596019
H           -2.04702154274239        2.31516147309817       -2.09984877490680
H           -2.93030151739115        2.51923448354374       -0.57586773357089
H           -4.02977620051060        2.01333077484957       -3.11090929123068
H           -4.21031798923994        0.68742520609990        0.36949540007206
H           -5.34392348468641        0.44666543581558       -1.59816414286193
H           -3.07988364542858       -2.03942735888259       -0.40729627711536
H           -5.30573084492611       -1.95375426381520        0.46083945777274
H           -2.82974172659590       -0.64418053159909        2.27148083751007
H           -2.14018068295019       -2.81113717509324        1.97848844817181
H            1.68243701435274        1.79368946739464        1.64417099846803
H            0.58573966855056        2.39347667082079       -0.87486863487066
H            2.87717734557701        1.54967344896452       -1.16896650851996
H            3.01828747612233        3.53122286428411        0.19449750313918
48
 energy: -84.824343999064 gnorm: 0.001534301862 xtb: 6.7.1 (edcfbbe)
C            5.95461228669855       -0.53067049604720        0.06296085446279
O            4.98164282866986        0.40712054362153       -0.38189686343483
C            3.82313622139817        0.41750895793732        0.36952823781816
O            3.12858143321623       -0.78766616320160        0.13963974185505
C            1.92465048442305       -0.92675180340720        0.86415996362780
C            1.38652100220319       -2.33355904271108        0.56837551624143
O            2.07151071444486       -3.34214330959355        1.26564269503243
C            0.92639788773049        0.17333841046984        0.45347491519272
O           -0.20622774610632        0.16019777610744        1.31493597237587
C           -1.49923393247586        0.16477090781293        0.77528414516508
O           -1.48256615286882        0.17001839562787       -0.62537795951898
C           -2.74131508721413        0.45674370628852       -1.22200352988258
C           -2.90506645784054        1.96222767126420       -1.51636243832718
O           -4.12009733695370        2.21215417996965       -2.17978037713394
C           -3.92359900320466       -0.06139510815998       -0.38193601074560
O           -5.02972881416663       -0.37532233284942       -1.18786276830216
C           -3.47942252353657       -1.33612737708085        0.34242693467456
O           -4.53539605910645       -1.92989109337674        1.05079811587817
C           -2.36051945391132       -1.00099396909832        1.34283194773839
O           -1.56914215520819       -2.12422817868004        1.60954859901765
C            1.58306663772869        1.56086598058226        0.57606274441856
O            0.76697221483014        2.58218569441018        0.05536521572782
C            2.97575558144666        1.61645723226714       -0.07248880479937
O            3.64102171819519        2.79345520886678        0.29871306175486
H            5.54977423676592       -1.54471599487701        0.04264859016251
H            6.28383333620573       -0.28526930743077        1.07784632577308
H            6.78541620857450       -0.44104873277306       -0.63164958557144
H            4.04962819078127        0.51732572553319        1.45390759661404
H            2.12291283044676       -0.81867825048543        1.94394405433598
H            1.54534172626147       -2.54023324625207       -0.49178537465563
H            0.31871805411177       -2.35160703446968        0.79838231893231
H            1.86581711696619       -3.26625632995054        2.20635619180444
H            0.62267202397056       -0.00288909771859       -0.58274017162732
H           -1.97181104736190        1.10590640986281        1.12631234472914
H           -2.73345841418850       -0.10012766649053       -2.16828090093192
H           -2.04569791342250        2.31605192585867       -2.09359243608757
H           -2.94108842156686        2.51958021633058       -0.57660175198255
H           -4.02210634394913        2.00585400462289       -3.11861092514701
H           -4.21045103814555        0.68670020951397        0.37341690675133
H           -5.34510812459890        0.44573757979246       -1.59638120678813
H           -3.08023706177787       -2.03917772027417       -0.40729245108248
H           -5.30593124411003       -1.95244262464449        0.46463375720708
H           -2.82936249191611       -0.64521106756944        2.27234057372943
H           -2.14081794204302       -2.81269825834078        1.97713676849108
H            1.68331759747624        1.79312723533867        1.64286082372936
H            0.58197762619938        2.39356190011378       -0.87402479219339
H            2.88063438810324        1.55452897463177       -1.16925726631467
H            3.02446846889267        3.53367835249644        0.19187331341182
48
 energy: -84.824353214261 gnorm: 0.001253748921 xtb: 6.7.1 (edcfbbe)
C            5.95354339401645       -0.53197437344614        0.06935324067165
O            4.98431167432695        0.40857213094134       -0.37817608405163
C            3.82276309218192        0.41861679590197        0.36856391763194
O            3.12905692212979       -0.78662562253408        0.13598396873363
C            1.92549179911653       -0.92713925235335        0.86085185426546
C            1.38780683046252       -2.33427428330661        0.56549381315850
O            2.07651034862338       -3.34246836120853        1.26012745891055
C            0.92681478064541        0.17361978174907        0.45227337700477
O           -0.20493816715768        0.15926996135588        1.31532922865834
C           -1.49881604501206        0.16473113573301        0.77742682392031
O           -1.48317413446351        0.17283726185142       -0.62324900104334
C           -2.74230303781953        0.45851140605789       -1.21981883133868
C           -2.90718825417672        1.96397813277942       -1.51517641216398
O           -4.11769606174151        2.21118380698745       -2.18762671522640
C           -3.92397792863914       -0.06018887847416       -0.37978228488605
O           -5.03033292127497       -0.37397218877425       -1.18542575482819
C           -3.47971593566482       -1.33580137796442        0.34316349800245
O           -4.53538750186524       -1.92936114121231        1.05219138559203
C           -2.35984145850499       -1.00219703103891        1.34340477194369
O           -1.56881379638163       -2.12591857612746        1.60883750728337
C            1.58283554572190        1.56117923966393        0.57407268850754
O            0.76621099434185        2.58161549913064        0.05401485622166
C            2.97618495746084        1.61747110093454       -0.07462556788677
O            3.64085262497127        2.79415297997104        0.29856293005423
H            5.54747311685639       -1.54524178712949        0.04279177429717
H            6.27635498082391       -0.29044665562799        1.08727277121610
H            6.78891393480591       -0.44095636246398       -0.61953302772430
H            4.04549874155933        0.51813370344145        1.45400542435300
H            2.12470632212517       -0.81975571353199        1.94079987903641
H            1.54327969188193       -2.54093765027133       -0.49533750936740
H            0.32087683810690       -2.35357275446213        0.79935091586207
H            1.87610172863021       -3.26619882758452        2.20189660836086
H            0.62134603860452       -0.00264608487975       -0.58362323882319
H           -1.97086080057037        1.10527436504998        1.13158522486301
H           -2.73393147903890       -0.09852419196924       -2.16593646943305
H           -2.04419856017319        2.31987729184363       -2.08581991215908
H           -2.95167285748820        2.52135640864878       -0.57572672675360
H           -4.01397946159879        2.00122053101593       -3.12491953625650
H           -4.21061933891777        0.68711885690030        0.37637099318011
H           -5.34619311013679        0.44601499383728       -1.59532685655529
H           -3.08218649067364       -2.03860427784334       -0.40771264014283
H           -5.30725205546346       -1.94929551124275        0.46762269985255
H           -2.82898645990712       -0.64775523742536        2.27341041353920
H           -2.14214152133543       -2.81637904269350        1.97100835659610
H            1.68464915956793        1.79375642962233        1.64078614159836
H            0.57258033459766        2.38878393771238       -0.87341290293765
H            2.88177432044883        1.55656420811924       -1.17133095135987
H            3.02826525607436        3.53638821854279        0.17949051160830
48
 energy: -84.824359612856 gnorm: 0.000808008260 xtb: 6.7.1 (edcfbbe)
C            5.95346123663846       -0.53256148403433        0.07225216617466
O            4.98511433131274        0.40874522411756       -0.37571294083473
C            3.82270692490645        0.41897802430824        0.36948285394082
O            3.12899462522696       -0.78623311691041        0.13585924607536
C            1.92549348262778       -0.92794081615328        0.86083181217983
C            1.38934132385534       -2.33538899858816        0.56368633470168
O            2.08136474976794       -3.34345323462355        1.25624970782501
C            0.92680373553373        0.17297068911735        0.45317486789373
O           -0.20490486841714        0.15959781142478        1.31648902178089
C           -1.49877395777470        0.16609778603878        0.77813848478815
O           -1.48321015842534        0.17436531292403       -0.62249769597060
C           -2.74230191936635        0.45994326578148       -1.21921544892130
C           -2.90896910367927        1.96513876576990       -1.51502484574432
O           -4.11882196647375        2.20950121716999       -2.18986678728257
C           -3.92407730012069       -0.05928753174094       -0.37942605373380
O           -5.03020720130148       -0.37344800175175       -1.18504837227616
C           -3.47986437035378       -1.33467999507076        0.34391448418778
O           -4.53570936416197       -1.92757529842289        1.05327891678125
C           -2.35960538517658       -1.00119163975381        1.34385785806315
O           -1.56784486783064       -2.12463728903897        1.60809013141838
C            1.58266816403173        1.56090286787180        0.57385776596087
O            0.76493144267055        2.58011508141535        0.05248145490732
C            2.97621972460593        1.61748334698600       -0.07481277515357
O            3.64009390337856        2.79504986063845        0.29782646288795
H            5.54794480949746       -1.54604426153607        0.04221831868507
H            6.27351016285688       -0.29337451918024        1.09162626630603
H            6.79057838928650       -0.43949856367881       -0.61420326784097
H            4.04396711393118        0.51821100377264        1.45530257886574
H            2.12483397249285       -0.82201383777887        1.94073960677825
H            1.54430322550102       -2.54062529918458       -0.49758012582602
H            0.32279103474896       -2.35728620131903        0.79888018139956
H            1.88167273407396       -3.26957657801724        2.19823401909303
H            0.62065072434309       -0.00318730227934       -0.58250846616240
H           -1.97040474579490        1.10656088265606        1.13238065234451
H           -2.73331822162753       -0.09680719990752       -2.16551287785125
H           -2.04598219468007        2.32266754560705       -2.08440841485348
H           -2.95682338288031        2.52308188526456       -0.57610603299778
H           -4.01343523072688        1.99846168616545       -3.12682774025627
H           -4.21079548095256        0.68811159618644        0.37667255743738
H           -5.34578670102494        0.44644359672031       -1.59561881552570
H           -3.08262115098498       -2.03789161531627       -0.40672768215688
H           -5.30741078314918       -1.94820380438649        0.46866062080049
H           -2.82832090788557       -0.64740668500999        2.27435696537837
H           -2.14108301863387       -2.81656954883983        1.96785635155951
H            1.68440560781181        1.79526599385315        1.64034515349488
H            0.56813314330207        2.38435578135567       -0.87384941425624
H            2.88195331943082        1.55576310744448       -1.17149502491736
H            3.02833044966938        3.53706348431829        0.17318055278576
48
 energy: -84.824364517217 gnorm: 0.000589172642 xtb: 6.7.1 (edcfbbe)
C            5.95335952212344       -0.53282193586049        0.07620466503705
O            4.98578701793430        0.40890111077882       -0.37233865742215
C            3.82245481128415        0.41938859981587        0.37111936973191
O            3.12896622756980       -0.78575467590389        0.13659855685953
C            1.92532968409081       -0.92885563552900        0.86128178129784
C            1.39106650403930       -2.33638792001706        0.56115996695675
O            2.08663736045425       -3.34457502497098        1.25043241625167
C            0.92674115399600        0.17216031747444        0.45450103911393
O           -0.20497943640037        0.16011593683095        1.31773860535629
C           -1.49867811309700        0.16775801603353        0.77865969550366
O           -1.48305706913642        0.17580242608651       -0.62194356349408
C           -2.74211468350698        0.46152285541852       -1.21849793348180
C           -2.91057349702654        1.96628593231840       -1.51455539712178
O           -4.12016045450197        2.20767768687525       -2.19100639049131
C           -3.92410790633800       -0.05817887879271       -0.37895570661453
O           -5.02977465638481       -0.37270245988704       -1.18487931074400
C           -3.48002456373981       -1.33308881539287        0.34514665598640
O           -4.53599830028198       -1.92500721654422        1.05515153377823
C           -2.35915927884129       -0.99978146060204        1.34427645155711
O           -1.56628318840966       -2.12295474652229        1.60634796647571
C            1.58236647916514        1.56059766284196        0.57357008351511
O            0.76322207522174        2.57804103189847        0.04974202396602
C            2.97581528617336        1.61704381499259       -0.07507173665027
O            3.63895872200971        2.79579168439118        0.29544806752645
H            5.54903432434500       -1.54662761635396        0.04172138453990
H            6.26950484650295       -0.29669169937330        1.09738733530168
H            6.79287656499265       -0.43678519520628       -0.60690949456986
H            4.04181541456416        0.51860465227428        1.45718390289369
H            2.12431040511884       -0.82494937188957        1.94120338907572
H            1.54548428757009       -2.53885207464933       -0.50059250527301
H            0.32492675783700       -2.36151159532397        0.79763873235358
H            1.88737505178367       -3.27409207377891        2.19262796335744
H            0.62022907744552       -0.00394802455899       -0.58099644273666
H           -1.96991473479228        1.10825187725774        1.13249453308189
H           -2.73278616418578       -0.09483623322642       -2.16507511623450
H           -2.04783522785990        2.32565122851842       -2.08314329260130
H           -2.96135526484439        2.52453728790201       -0.57613861370981
H           -4.01327156079946        1.99586799971325       -3.12763150570865
H           -4.21115285512693        0.68947914151488        0.37686324227225
H           -5.34426923533543        0.44727966704247       -1.59636232991681
H           -3.08318942786604       -2.03688797027070       -0.40511080497879
H           -5.30734603930989       -1.94712574832054        0.47019036124460
H           -2.82666877585147       -0.64690975499760        2.27572075422944
H           -2.13886552227740       -2.81664220640233        1.96370198362875
H            1.68352388722677        1.79757514353148        1.63953832136650
H            0.56227028888209        2.37691300442611       -0.87456055923876
H            2.88153618540681        1.55327546350677       -1.17156677195457
H            3.02797007026051        3.53743878752808        0.16516796253830
