48
 energy: -84.836166616072 gnorm: 0.075039947098 xtb: 6.7.1 (edcfbbe)
C            5.58231099218849       -1.63142381401578       -0.36213147873445
O            4.95505542164153       -0.50102133464189        0.22982473186000
C            3.59729422336001       -0.63290536413593        0.43131427733832
O            2.94318910860228       -0.59396188863986       -0.82040354204301
C            1.53929755814892       -0.67182324169003       -0.72186560115490
C            0.99525825592330       -0.75893084855251       -2.15467396013675
O            1.37826126377439       -1.94558443864987       -2.79077921054386
C            0.95031536844618        0.53636185939511        0.03297554523549
O           -0.44587451064880        0.29158110784880        0.11140819425305
C           -1.34978410321663        1.35252242701843       -0.06957173373958
O           -2.29808267916829        0.99199964194286       -1.03679962013087
C           -3.03306493858961       -0.19369589206741       -0.74032096742630
C           -3.98212510011437       -0.42598666962283       -1.92313109227903
O           -3.29713905103800       -0.74377655637409       -3.10348294777258
C           -3.80970298911261       -0.05179671309761        0.57741248612836
O           -4.47480408811901       -1.23138404263323        0.94333059158134
C           -2.85367696780763        0.41369113341145        1.68573712518310
O           -3.53993505141925        0.71653004936144        2.87665703771198
C           -2.13023173558467        1.68123649084919        1.22310711965193
O           -1.28821426380124        2.18578848730506        2.22299397004381
C            1.61539256411340        0.66033827481479        1.41467886536146
O            1.40818635458564        1.91081854008660        2.01646327737861
C            3.14714274841786        0.52797223374550        1.32207950965773
O            3.68716806095632        0.31869050883865        2.59816323116070
H            5.21273260020526       -1.79476023465773       -1.37640769778969
H            5.40944459776886       -2.52677699474639        0.24264955710198
H            6.64281792021817       -1.39587517983142       -0.38508120857342
H            3.35667087170991       -1.59231371568420        0.93938627517158
H            1.25560456840912       -1.58431834893790       -0.17164367059663
H            1.34752878640132        0.11847116015480       -2.71262124642658
H           -0.09503982674759       -0.76003690708724       -2.12631957000262
H            2.34354157215264       -1.98557666145192       -2.79562994025610
H            1.14901566783247        1.45476947817015       -0.53613402186065
H           -0.84585060008878        2.24810851392325       -0.45120592692467
H           -2.33116304239645       -1.03698593006512       -0.66181979291545
H           -4.59594443207289        0.47405719410421       -2.05493017821820
H           -4.63176810249442       -1.27434938267401       -1.70008468445334
H           -2.72257324842461       -0.00040035475466       -3.32699397965014
H           -4.59700292993809        0.70185924173824        0.45670720211626
H           -3.85024538042857       -1.97000961085506        0.95777521752704
H           -2.09996484514170       -0.36986573173304        1.87240854578081
H           -4.22811427558306        0.05029775745506        3.01191495031067
H           -2.88308799479991        2.43913881718464        0.95473854573896
H           -1.78491247390271        2.16822121079344        3.05634000511594
H            1.23138937763181       -0.15214400612738        2.05328827900283
H            0.45128585935883        2.06228395464485        2.14409799306277
H            3.54256091072589        1.45300406944658        0.87649893123991
H            3.42683704467946        1.06796176350044        3.15355983914235
48
 energy: -84.841649913738 gnorm: 0.012889761561 xtb: 6.7.1 (edcfbbe)
C            5.58026084818215       -1.63182651773441       -0.36371198367471
O            4.95219932703564       -0.50088020886770        0.22643394289572
C            3.59390916944044       -0.63101599335206        0.42683673590191
O            2.93895507961535       -0.58085870277597       -0.82594461893240
C            1.53353548342457       -0.65803887525038       -0.73526759412129
C            0.98968795998834       -0.74723350742677       -2.16534873939649
O            1.37520657156672       -1.93614587280842       -2.79671925769887
C            0.94995006299279        0.51839888726954        0.07097976567360
O           -0.44939008652015        0.30032044221915        0.16465112744975
C           -1.34634075265944        1.35224409995298       -0.08906279320499
O           -2.29799330658351        0.97468082140553       -1.04439588048751
C           -3.03524864570797       -0.20486665519662       -0.73933034408825
C           -3.98447283798533       -0.43234015526839       -1.92278945274544
O           -3.29930198590468       -0.74784999253187       -3.10372959633621
C           -3.81023672848646       -0.05326478666576        0.57732960468900
O           -4.47487084770347       -1.23125656482506        0.94893612744367
C           -2.85063635465727        0.41987493640503        1.67899356979527
O           -3.53536830263153        0.72395785263543        2.87077099824091
C           -2.12943821721246        1.68759736918988        1.20600113755135
O           -1.28889565891811        2.19321590065526        2.20765930157435
C            1.62255344954173        0.65222820659480        1.44067668945691
O            1.41223636870323        1.90739162005245        2.03152940878725
C            3.15175782226545        0.52550576658323        1.32785525975204
O            3.69924913644968        0.31636399457586        2.60031513720208
H            5.21191129590186       -1.79583200831057       -1.37823639489560
H            5.40688821763136       -2.52677985993237        0.24177106541193
H            6.64101821330009       -1.39643986185675       -0.38531289088527
H            3.35246817292571       -1.59243479969486        0.93099391716350
H            1.25607409116295       -1.57854198135522       -0.19343222904457
H            1.34221653542451        0.12950979124545       -2.72310703504734
H           -0.10031816089825       -0.75180629480655       -2.13430221234426
H            2.34053966723496       -1.97762840671768       -2.79740136454838
H            1.14563497364024        1.43921579387711       -0.49853753118348
H           -0.83920722754922        2.24186241567633       -0.47909346638856
H           -2.33423889172846       -1.04837820711992       -0.65903587814586
H           -4.59588282097599        0.46977730739002       -2.05311421011963
H           -4.63579298765811       -1.27946916987572       -1.70124086327461
H           -2.72433255089298       -0.00412533224084       -3.32556262613896
H           -4.59723419343959        0.70039290854947        0.45455153999892
H           -3.85076033527371       -1.97031460790149        0.96220562138117
H           -2.09683269352571       -0.36326583928399        1.86794184492249
H           -4.22159545285341        0.05599251572967        3.00943558992140
H           -2.88488815882143        2.44297872409385        0.93933718132548
H           -1.78535835307625        2.17202202307278        3.04149354217503
H            1.24106306233898       -0.15867899913027        2.08136155043159
H            0.45425318801973        2.05999202207690        2.15175828344541
H            3.54137154576411        1.45244426938096        0.88076886364042
H            3.43569437576049        1.06330558531069        3.15756838868912
48
 energy: -84.842361265598 gnorm: 0.004221440441 xtb: 6.7.1 (edcfbbe)
C            5.57884789596122       -1.63305373366173       -0.36679230373744
O            4.95209219820991       -0.50145115912384        0.22332509076963
C            3.59419401478461       -0.63050042448335        0.42584102022647
O            2.93675290072833       -0.56851091871875       -0.82499414439980
C            1.53132108850392       -0.65380963782362       -0.73083304791106
C            0.98552905238376       -0.72446032888003       -2.16131541240210
O            1.36789923205763       -1.91182407132002       -2.79757188899047
C            0.94887681980681        0.51907400482059        0.08446323245793
O           -0.44938085605405        0.29524175036015        0.18177708012488
C           -1.34375058223049        1.34295307209204       -0.09923791197840
O           -2.29374969624582        0.95592436352226       -1.04992445190668
C           -3.03633230864657       -0.21791053258304       -0.73949317502300
C           -3.98681250327939       -0.44324775707593       -1.92258818800009
O           -3.30215706324909       -0.75670119644106       -3.10434677902959
C           -3.81056884566704       -0.05551672404662        0.57580977223544
O           -4.47457375715170       -1.23059399635852        0.95798547297057
C           -2.84955110501258        0.42857582376803        1.67132863404058
O           -3.53124374527349        0.73889293827321        2.86333327997358
C           -2.13279880479464        1.69668256956855        1.19050565007282
O           -1.29059339175132        2.20688611520986        2.18857499265002
C            1.62591942589192        0.63898514024946        1.45295475171762
O            1.41296323447150        1.89151660269537        2.04760475091026
C            3.15505244726151        0.52009708257374        1.33564157166145
O            3.71470374925056        0.30823355456250        2.60276608169590
H            5.21061328320043       -1.79703105830472       -1.38134728217408
H            5.40446325198272       -2.52760727537387        0.23910257363658
H            6.63984120662202       -1.39862541112880       -0.38789694473426
H            3.35085090438412       -1.59585200727653        0.92127872245821
H            1.25871401383806       -1.58732141409682       -0.20482928383602
H            1.33811464559790        0.15251143245386       -2.71901287542437
H           -0.10470489156991       -0.72867961075792       -2.13193586640731
H            2.33309960207937       -1.95791790910863       -2.79728527987121
H            1.14030821140908        1.45015617982027       -0.47269381117720
H           -0.83444481252063        2.22565635016132       -0.50019629772743
H           -2.34007930765762       -1.06504388543094       -0.65454175913251
H           -4.59580688306480        0.46080925050296       -2.05074924341357
H           -4.64041890806722       -1.28909854099728       -1.70306296346806
H           -2.72746123659416       -0.01228195635652       -3.32485553624040
H           -4.59772829568824        0.69710835997422        0.44791068242804
H           -3.85093430683895       -1.97000178860335        0.97287187413041
H           -2.09226559296260       -0.35015148805467        1.86372962787613
H           -4.21438486764689        0.06895667114534        3.00802067909814
H           -2.88953365201305        2.44995026701319        0.92122513993722
H           -1.78550442989573        2.18456637121358        3.02323432760860
H            1.25298678061180       -0.17367038748476        2.09695682892750
H            0.45406838367072        2.04645064373516        2.15901228328468
H            3.53785251258667        1.45026543397714        0.88918466530333
H            3.44971405529376        1.05136928879342        3.16454489304197
48
 energy: -84.842735510473 gnorm: 0.005904917978 xtb: 6.7.1 (edcfbbe)
C            5.57835634940900       -1.63561646208521       -0.37020754960599
O            4.95425756079720       -0.50321868452820        0.22097397766891
C            3.59656336907545       -0.63001184931856        0.42431306862160
O            2.93842808248178       -0.55513543519305       -0.82504627466522
C            1.53331740247694       -0.64593888813848       -0.72675548448511
C            0.98263016205115       -0.69906611883952       -2.15648184738280
O            1.35836061245224       -1.88238125289825       -2.80538933367030
C            0.94810003935667        0.52105910456940        0.09544573487060
O           -0.44906082904059        0.28551345344042        0.18834467623468
C           -1.34158396311664        1.33077165152539       -0.10723681807668
O           -2.28647613662583        0.93451180156330       -1.05751356566801
C           -3.03675563951349       -0.23244185515384       -0.73948037719653
C           -3.98907712144415       -0.45707697331546       -1.92173350257968
O           -3.30622860884345       -0.76940446623626       -3.10479054149313
C           -3.81040955594053       -0.05708796440601        0.57471968711719
O           -4.47327555622996       -1.22851591382171        0.97054095087324
C           -2.85020616044775        0.43934507696712        1.66552111758712
O           -3.53021313113283        0.75804831869007        2.85647532273970
C           -2.13569875259346        1.70476430903896        1.17465497930361
O           -1.29372396022488        2.22524432520778        2.16750080700286
C            1.62756768438386        0.62563583031851        1.46591402655760
O            1.41139106537958        1.87099621654885        2.07551777455571
C            3.15745237848175        0.51353160011539        1.34306987576098
O            3.72724024173747        0.29621562293176        2.60493948475368
H            5.20977089516798       -1.79838960494696       -1.38489268296193
H            5.40191679581099       -2.53007508615471        0.23527210370822
H            6.63979656720962       -1.40337935671021       -0.39119052185640
H            3.35007974307257       -1.59954628408160        0.90983052792817
H            1.26268209720812       -1.58711950507104       -0.21344715940418
H            1.33702840435034        0.18106304466319       -2.70797349477406
H           -0.10788181431534       -0.69871810171752       -2.12649289940470
H            2.32329159458628       -1.93424143584735       -2.80454516042675
H            1.13776630933400        1.46058391294934       -0.44713699902679
H           -0.82942139170343        2.20573767801746       -0.52023871371841
H           -2.34744517247658       -1.08503621800865       -0.64883584534523
H           -4.59688811211259        0.44807187230537       -2.04783292158815
H           -4.64400488116855       -1.30214377993072       -1.70324666961040
H           -2.73218894960445       -0.02438320091180       -3.32500861746979
H           -4.59845306828255        0.69332518610328        0.43899453901763
H           -3.85007692825107       -1.96822845349271        0.98860158504139
H           -2.08896777331430       -0.33404291606578        1.86280912899120
H           -4.20965992841674        0.08598364895109        3.00826309229192
H           -2.89131303040714        2.45528153218971        0.89585812667219
H           -1.78796175664191        2.20494474983437        3.00242545040014
H            1.26185049473627       -0.19376706608654        2.10586424178058
H            0.45122442446766        2.03096838148261        2.17055480809263
H            3.53409230736865        1.44789833526353        0.90000266573296
H            3.46380670724917        1.03547127316824        3.17254845947289
48
 energy: -84.843022903035 gnorm: 0.005551869182 xtb: 6.7.1 (edcfbbe)
C            5.57831772188613       -1.63900225369622       -0.37262759741191
O            4.95772368479795       -0.50569848183900        0.22048404814111
C            3.59995033072882       -0.62986626865692        0.42269760411242
O            2.94264385697187       -0.54293947519402       -0.82597818795498
C            1.53841636522926       -0.63652490899947       -0.72396976956001
C            0.98158161689367       -0.67141346484261       -2.15238809945253
O            1.34710821395828       -1.84921436571166       -2.81832069403511
C            0.94984700286053        0.52407646392788        0.10370569229840
O           -0.44639028591149        0.27765973318592        0.18830354876657
C           -1.34032717324001        1.31925522536539       -0.11432959683449
O           -2.27773916196232        0.91154999653125       -1.06680860773855
C           -3.03673833092305       -0.24773124873813       -0.73869377202234
C           -3.99205083397052       -0.47264300736212       -1.91920441255884
O           -3.31241936839556       -0.78434093547915       -3.10420315290616
C           -3.80966962901947       -0.05812944254149        0.57458370492869
O           -4.47080976499685       -1.22579882057065        0.98480363477913
C           -2.85121131744722        0.45080406528312        1.66137546466134
O           -3.53166074313424        0.77917019464451        2.84945796391412
C           -2.13795151696983        1.71133115692824        1.15814301718189
O           -1.29779238616420        2.24667470641908        2.14457315228953
C            1.62843923707498        0.61071235703076        1.47846699254336
O            1.40834241191292        1.84499135192565        2.11111819866831
C            3.15956474652188        0.50625694519285        1.35034728097587
O            3.73633191792106        0.28198596840066        2.60775368281520
H            5.20894943996319       -1.79963813748141       -1.38750457358649
H            5.39928096414172       -2.53376579300052        0.23165822125311
H            6.64041112648585       -1.41001407035379       -0.39391990054857
H            3.35007396759453       -1.60311093311653        0.89889209559114
H            1.26827951982072       -1.58103064474997       -0.21907781703420
H            1.33906577205110        0.21355352893824       -2.69432025496525
H           -0.10893814422459       -0.66377388383672       -2.11824888413720
H            2.31160883712967       -1.90779499121715       -2.81851967304886
H            1.13903136350023        1.47014658647160       -0.42455393724953
H           -0.82671812477009        2.18779556217128       -0.53865249187476
H           -2.35498451521664       -1.10612516749448       -0.64253697262781
H           -4.60025781621019        0.43255791935077       -2.04340221895040
H           -4.64670746578033       -1.31779968154642       -1.70032755181902
H           -2.73916381083270       -0.03900849151924       -3.32530017427943
H           -4.59918557086586        0.68920234880859        0.42991850119882
H           -3.84774344625122       -1.96551988780105        1.00718759914043
H           -2.08732536072534       -0.31821891902654        1.86515254613943
H           -4.20726945571954        0.10507451186170        3.00870506245305
H           -2.89158799723193        2.45804068786116        0.86488446366292
H           -1.79205408862849        2.23198936694460        2.97947751524557
H            1.26794269748432       -0.21986185013427        2.10737080788996
H            0.44692144555558        2.01321904792721        2.18303822339680
H            3.53043017525383        1.44545740130595        0.91248995889519
H            3.47643295974851        1.01746005112472        3.18177859212570
48
 energy: -84.843219636235 gnorm: 0.003894439879 xtb: 6.7.1 (edcfbbe)
C            5.57897825591466       -1.64208410955421       -0.37316025355913
O            4.96149696500592       -0.50860881755109        0.22305496212063
C            3.60325695234217       -0.63072569879003        0.42212957929242
O            2.94806605050892       -0.53496891456035       -0.82691130775685
C            1.54475199887548       -0.62799013822898       -0.72417632479172
C            0.98355174848614       -0.64765351896952       -2.15149309088410
O            1.33872052811407       -1.81953099550161       -2.83356358862413
C            0.95353549406104        0.52742930840534        0.10753433949162
O           -0.44214604788273        0.27522971504568        0.18363171434934
C           -1.34019271272734        1.31267943076867       -0.11963398085797
O           -2.27087618519463        0.89372919732762       -1.07474900270151
C           -3.03637756620388       -0.25941124871669       -0.73677704346781
C           -3.99508973182895       -0.48703275952681       -1.91464552713143
O           -3.31932716343447       -0.79936076364265       -3.10158172084347
C           -3.80851282885252       -0.05847764476033        0.57570948508181
O           -4.46787593485646       -1.22325093447088        0.99693953075713
C           -2.85203191491052        0.46059444645447        1.65959449714876
O           -3.53471771539514        0.79826605507893        2.84349967862197
C           -2.13939893085386        1.71559298099304        1.14451346458462
O           -1.30143987156260        2.26566857639264        2.12470481526386
C            1.62842090229717        0.59685618099065        1.48659837969470
O            1.40340282441312        1.81850709524160        2.14328692883681
C            3.16069980762435        0.49922421019284        1.35662164035155
O            3.73951125360880        0.26826254673215        2.61151616918833
H            5.20849683602145       -1.79952640917484       -1.38825489717903
H            5.39764189773078       -2.53782083914875        0.22900682556482
H            6.64171943348932       -1.41630533052881       -0.39484880745730
H            3.35061836463153       -1.60648981634990        0.89155927354167
H            1.27332372134295       -1.57318260810841       -0.22392005735960
H            1.34480219517991        0.24214368854563       -2.68328974048360
H           -0.10668580613326       -0.63249624068032       -2.11207895310151
H            2.30273747431981       -1.88373558470170       -2.83678041501372
H            1.14350836852262        1.47755786266278       -0.41015825898174
H           -0.82763453883809        2.17847621449614       -0.55137911919356
H           -2.35989897992538       -1.12146707503263       -0.63635239404158
H           -4.60534644048869        0.41693446587130       -2.03808393140850
H           -4.64770190041471       -1.33312191066519       -1.69308963416363
H           -2.74647013320401       -0.05442828550752       -3.32488964521962
H           -4.59952865239183        0.68584625711555        0.42397681905202
H           -3.84440164829338       -1.96246774633353        1.02438517744370
H           -2.08767054743821       -0.30617701051498        1.87037927539653
H           -4.20765814133317        0.12311279857065        3.00901743454763
H           -2.89211563391379        2.45793756845581        0.83788842854058
H           -1.79646793275941        2.26006788720562        2.95930108670476
H            1.27021045304498       -0.24641594633926        2.10022299463777
H            0.44181111162707        1.99558879002114        2.19279887669495
H            3.52759788739976        1.44256591029002        0.92448632678232
H            3.48270550125721        1.00045921292552        3.19093922306200
48
 energy: -84.843349009040 gnorm: 0.002797500855 xtb: 6.7.1 (edcfbbe)
C            5.58012092739238       -1.64399850064362       -0.37207928301511
O            4.96430079846530       -0.51145161307790        0.22789211741133
C            3.60537397671283       -0.63258652681575        0.42282672756885
O            2.95299665248304       -0.53129499799485       -0.82735789236214
C            1.55008405349055       -0.62194168387696       -0.72737900485002
C            0.98842242730266       -0.63038049166823       -2.15469390650229
O            1.33602477040473       -1.79710146595974       -2.84823762192552
C            0.95703020747566        0.52997862165542        0.10754183817828
O           -0.43843284692547        0.27674088600490        0.17784176504322
C           -1.34077871338540        1.31108654510464       -0.12311381279659
O           -2.26742869594679        0.88389277960831       -1.07976095367033
C           -3.03552514672497       -0.26587243292097       -0.73407370637975
C           -3.99731241352861       -0.49859440769688       -1.90879160083711
O           -3.32541182028690       -0.81316124161137       -3.09719412960223
C           -3.80695611972292       -0.05819373987198        0.57780397631304
O           -4.46476831606424       -1.22136358564469        1.00533069707850
C           -2.85222101338085        0.46801640304547        1.65989181433423
O           -3.53774454173776        0.81368480917255        2.83943109163323
C           -2.14017503822540        1.71862798581500        1.13568500963439
O           -1.30370028490119        2.28016751170135        2.11058910766987
C            1.62714689634001        0.58523434224121        1.48954593585745
O            1.39636833545236        1.79514270578354        2.16544107838017
C            3.16023595360321        0.49305084583178        1.36148342943273
O            3.73719535356565        0.25680145755830        2.61580401730531
H            5.20871642445616       -1.79772525182472       -1.38744218357465
H            5.39746924781284       -2.54130939558800        0.22736704863877
H            6.64326360993674       -1.42023664914355       -0.39377788458189
H            3.35096104332013       -1.60991146714406        0.88798792828013
H            1.27591988428011       -1.56753821675286       -0.23031992916388
H            1.35340459091526        0.26302681842406       -2.67805860335671
H           -0.10144238706424       -0.60945799381315       -2.11192431780027
H            2.29964576469655       -1.86479454277222       -2.85569913903817
H            1.14857535324284        1.48255449102724       -0.40379757511825
H           -0.83055921015622        2.17711701451740       -0.55835758279753
H           -2.36082451362104       -1.12871014618950       -0.63066704221500
H           -4.61061446038721        0.40324571261764       -2.03293513705978
H           -4.64685303459424       -1.34589248760897       -1.68242141477875
H           -2.75248024993395       -0.06929733377953       -3.32374924583505
H           -4.59926565019236        0.68378811135476        0.42202128020066
H           -3.84031830875539       -1.95954719686053        1.03805304023703
H           -2.08864742905829       -0.29791211169762        1.87717057932076
H           -4.20953306671662        0.13857580755607        3.00955285949195
H           -2.89373254380089        2.45676566718104        0.82066466667891
H           -1.80009350851704        2.28590136808297        2.94453073849218
H            1.26941710614161       -0.26913351822358        2.08826264110331
H            0.43585307023218        1.97873543411549        2.19916669148718
H            3.52541102695611        1.43922714612898        0.93443191302981
H            3.48088090599101        0.98604458677139        3.19899320702035
48
 energy: -84.843453292742 gnorm: 0.002719395319 xtb: 6.7.1 (edcfbbe)
C            5.58155940719167       -1.64474187716826       -0.36989661402658
O            4.96571370933521       -0.51411591393609        0.23392384281290
C            3.60605092022666       -0.63530196481202        0.42434814608222
O            2.95693571401496       -0.53018038689935       -0.82742065813470
C            1.55382241321790       -0.61800455911352       -0.73278527623778
C            0.99544104350238       -0.61749636968327       -2.16140963865635
O            1.33839667632940       -1.77994262870667       -2.86251374835282
C            0.95932628471196        0.53143128676564        0.10517978412624
O           -0.43618684818063        0.27964676201644        0.17252983337836
C           -1.34159321124844        1.31238616681287       -0.12566083548594
O           -2.26667555158643        0.88028988853001       -1.08257807155521
C           -3.03399590198899       -0.26847043283354       -0.73093010334874
C           -3.99853728708256       -0.50823054586815       -1.90207465464331
O           -3.33050107189691       -0.82647083868734       -3.09153020788482
C           -3.80476477422209       -0.05744809904568        0.58067513647026
O           -4.46099604134493       -1.22011169473999        1.01135794964985
C           -2.85166689623107        0.47407345646536        1.66174253560262
O           -3.54003741579455        0.82676281294825        2.83717317531911
C           -2.14050911025726        1.72170715874375        1.13059689788585
O           -1.30472834710547        2.29175235099498        2.10100020519506
C            1.62441970611323        0.57482957232341        1.48921737063290
O            1.38754653301596        1.77408235799928        2.17999076848116
C            3.15802806362572        0.48707564265054        1.36554156237457
O            3.73105623478760        0.24679115629192        2.62056312819433
H            5.20985700862461       -1.79472315768823       -1.38564591693632
H            5.39858467971387       -2.54404914579118        0.22649241953348
H            6.64479265099923       -1.42146363494395       -0.39094093527926
H            3.35053282282898       -1.61386130989822        0.88635289343260
H            1.27588125834044       -1.56469563497911       -0.23949004420553
H            1.36432771701896        0.27847905419490       -2.67771912323039
H           -0.09418388059292       -0.59227697569514       -2.11831250033775
H            2.30175034552466       -1.84951096493888       -2.87470084165015
H            1.15290501137497        1.48589482615490       -0.40204309621370
H           -0.83354323677700        2.17972849759897       -0.56216201840707
H           -2.35826232628453       -1.12999383797122       -0.62523914417067
H           -4.61528591406986        0.39104040615737       -2.02807741047010
H           -4.64463243882219       -1.35658349949197       -1.66925752223551
H           -2.75749926409034       -0.08395316805144       -3.32229993295082
H           -4.59833847667430        0.68268730883700        0.42294926163684
H           -3.83498697640325       -1.95672078084245        1.04954772725731
H           -2.08910664403216       -0.29128271083562        1.88496160961209
H           -4.21161059913324        0.15235002731668        3.01089541057336
H           -2.89614599044947        2.45604147171549        0.81138317100980
H           -1.80305837884676        2.31064785512911        2.93378339688324
H            1.26655781213994       -0.28883642381067        2.07455604478350
H            0.42841724997089        1.96271341200342        2.20199905263602
H            3.52298184595133        1.43521783823046        0.94296807443008
H            3.47196054163293        0.97283729833109        3.20643812900022
48
 energy: -84.843551085198 gnorm: 0.002770341883 xtb: 6.7.1 (edcfbbe)
C            5.58346248392284       -1.64463810407345       -0.36642774134012
O            4.96567021374962       -0.51679516239146        0.24075160478764
C            3.60529252491110       -0.63903206796340        0.42623884936255
O            2.95994315304824       -0.53015993396035       -0.82738891726041
C            1.55610422533112       -0.61520881588164       -0.74000212461959
C            1.00412394371697       -0.60573653298149       -2.17123393108529
O            1.34422716371937       -1.76445031054663       -2.87815539888559
C            0.96017442006089        0.53197468604433        0.10129425095678
O           -0.43561932073138        0.28256556715466        0.16775546259457
C           -1.34248659600744        1.31506672491626       -0.12820010799312
O           -2.26785450276777        0.88070316609438       -1.08424962744501
C           -3.03167671969577       -0.26887174187359       -0.72731941293878
C           -3.99885035126808       -0.51763952883494       -1.89431002836785
O           -3.33478351573951       -0.84118791215117       -3.08441171498362
C           -3.80172329992154       -0.05638240833141        0.58444445078062
O           -4.45585312778165       -1.21940473435396        1.01695304283524
C           -2.85032415885804        0.48008080529113        1.66472752156589
O           -3.54140692632476        0.83958159261960        2.83627206992025
C           -2.14053288492877        1.72573610873179        1.12753639388700
O           -1.30477983477675        2.30256773100840        2.09367221324011
C            1.62006601147017        0.56411158905042        1.48726721445749
O            1.37717614879204        1.75306502183036        2.19113421335179
C            3.15398410998450        0.48018553148622        1.36944313313648
O            3.72196076179420        0.23645663404558        2.62594559024224
H            5.21261015307749       -1.79124002869573       -1.38278442655436
H            5.40094667181247       -2.54623713954680        0.22666377273491
H            6.64646174126158       -1.42018965563292       -0.38584007610578
H            3.34893456058567       -1.61901737622138        0.88487576823887
H            1.27350198331392       -1.56391016652847       -0.25229927995607
H            1.37776923524781        0.29225872349950       -2.68067670214413
H           -0.08551327549486       -0.57661140006753       -2.13094997542222
H            2.30739550844638       -1.83502050403399       -2.89580614664763
H            1.15611146235608        1.48844103628010       -0.40206210170227
H           -0.83573566172378        2.18352164351720       -0.56503115131801
H           -2.35272934601345       -1.12752580288164       -0.61948059153769
H           -4.61917361828268        0.37880197102230       -2.02330671070321
H           -4.64136803173891       -1.36664987015855       -1.65349244062479
H           -2.76227177025411       -0.10001405792966       -3.32074984605443
H           -4.59682159553627        0.68194821579397        0.42575748610033
H           -3.82751102852302       -1.95370668015875        1.06114848261139
H           -2.08841355698537       -0.28417737959805        1.89379435453839
H           -4.21306353819400        0.16611593037343        3.01345716317456
H           -2.89886570023019        2.45660246780377        0.80649411516255
H           -1.80553831902745        2.33656563768322        2.92466587908726
H            1.26193700235988       -0.30799242057259        2.06004781203955
H            0.41920331188322        1.94711760293133        2.20181534683065
H            3.51957992721344        1.43001839616827        0.95134244529242
H            3.45625902984765        0.95831300340803        3.21415904935972
48
 energy: -84.843635054530 gnorm: 0.002339218913 xtb: 6.7.1 (edcfbbe)
C            5.58559554583998       -1.64412956727567       -0.36223037771755
O            4.96418241568184       -0.51939312578604        0.24699095663353
C            3.60325575594530       -0.64342071950842        0.42772162511197
O            2.96167104762600       -0.53008123423601       -0.82762702296469
C            1.55684716435405       -0.61288066388913       -0.74778519900302
C            1.01294330910334       -0.59393938779508       -2.18236124721267
O            1.35166975476914       -1.74964146180147       -2.89405447267173
C            0.95937178764322        0.53186583179134        0.09692468363712
O           -0.43683190240141        0.28449929380339        0.16375229566677
C           -1.34347001630861        1.31787941224834       -0.13092088840737
O           -2.27031569319661        0.88326292465546       -1.08531927619333
C           -3.02893790399920       -0.26837807311296       -0.72361741494879
C           -3.99824247493839       -0.52706254607984       -1.88641180904497
O           -3.33755232349366       -0.85728799208981       -3.07646184654624
C           -3.79817620094455       -0.05520908719713        0.58873737894691
O           -4.44947932797674       -1.21918950683765        1.02297037626259
C           -2.84846356740754        0.48640315142621        1.66805415415046
O           -3.54173889510488        0.85204915270036        2.83638134104441
C           -2.14037500623434        1.73081064322319        1.12545661857802
O           -1.30402370539630        2.31301155845533        2.08753413068538
C            1.61465974813261        0.55346893427167        1.48495768460535
O            1.36684848333171        1.73337797259578        2.20021353734605
C            3.14867743321273        0.47240416423094        1.37303003491462
O            3.71155592451067        0.22548679551005        2.63126970556654
H            5.21696198501406       -1.78842809611818       -1.37953423677852
H            5.40403849718911       -2.54785417917294        0.22791631263210
H            6.64810813177756       -1.41709692418170       -0.37887486694238
H            3.34615464029518       -1.62519035716375        0.88222619450597
H            1.26950440965360       -1.56413933609279       -0.26733389173723
H            1.39223824610958        0.30556602150610       -2.68500514329207
H           -0.07693080674228       -0.56105958219663       -2.14748664006906
H            2.31471478058071       -1.82058954881797       -2.91679794274206
H            1.15748481625350        1.49053234435030       -0.40193208841465
H           -0.83673525417408        2.18638276478528       -0.56802989610133
H           -2.34549958556276       -1.12326071420566       -0.61363874655427
H           -4.62153636545337        0.36677164730784       -2.01944015647013
H           -4.63772826484140       -1.37602954778541       -1.63716230959923
H           -2.76661475226408       -0.11703887825015       -3.31953335122753
H           -4.59512731512532        0.68108748672057        0.42927384319245
H           -3.81815698288164       -1.95055489978956        1.07316772481616
H           -2.08640308939188       -0.27590368754922        1.90246850256501
H           -4.21315071630435        0.17924748442254        3.01708219954929
H           -2.90108698162748        2.45886627997111        0.80350175446731
H           -1.80699397715796        2.36167520263920        2.91640120725579
H            1.25617349092345       -0.32567035971793        2.04701245269750
H            0.40980698673656        1.93305013069458        2.20070200926612
H            3.51537925561106        1.42384398711392        0.95943661711815
H            3.43572656575227        0.94188634319249        3.22185471604305
48
 energy: -84.843697450807 gnorm: 0.001709530415 xtb: 6.7.1 (edcfbbe)
C            5.58758863384745       -1.64372386184282       -0.35803737637948
O            4.96179526217712       -0.52162507797778        0.25139380169152
C            3.60054875765744       -0.64763835208582        0.42817482552079
O            2.96209409973000       -0.52926407054342       -0.82840218484219
C            1.55639652404655       -0.61051647579131       -0.75475780362575
C            1.02014564294090       -0.58244062311434       -2.19243402753737
O            1.35849772488308       -1.73584097582048       -2.90826644821602
C            0.95749340079505        0.53158084469539        0.09308138653645
O           -0.43906825872954        0.28533948939407        0.16058457030071
C           -1.34451080802683        1.32004998950499       -0.13347191831657
O           -2.27307098824799        0.88597325131172       -1.08609286774806
C           -3.02639619162363       -0.26805662274177       -0.72028116639237
C           -3.99697153667733       -0.53584925684672       -1.87960083087010
O           -3.33833795567356       -0.87331278003284       -3.06874638965452
C           -3.79475324016025       -0.05418074949682        0.59288945113103
O           -4.44267194688750       -1.21929166139915        1.02950578802171
C           -2.84648669560748        0.49274118879471        1.67083936206655
O           -3.54121961552677        0.86303992490406        2.83696204428779
C           -2.14015619662363        1.73631003489657        1.12360315083576
O           -1.30282978544625        2.32292355210013        2.08197688518628
C            1.60930930694934        0.54404309300988        1.48311380557018
O            1.35817906893744        1.71709693067719        2.20748873260210
C            3.14325062317647        0.46464530369526        1.37595465696758
O            3.70180269131430        0.21453237892393        2.63568761125891
H            5.22221659239682       -1.78721847177373       -1.37653218483650
H            5.40696229079552       -2.54894133373088        0.23006836145184
H            6.64952480241279       -1.41358421049702       -0.37122756576616
H            3.34278892520959       -1.63136010937057        0.87804427356063
H            1.26515305910287       -1.56419605234869       -0.28178359420120
H            1.40513144759478        0.31811686119237       -2.68876355718418
H           -0.06997673102566       -0.54619394039948       -2.16372829486893
H            2.32145962913669       -1.80664763920898       -2.93459429067152
H            1.15709737466181        1.49248008550411       -0.40069562528799
H           -0.83688421727896        2.18755515995063       -0.57133938031768
H           -2.33850717381915       -1.11917751334241       -0.60834237244805
H           -4.62201173676764        0.35605857613255       -2.01730498077688
H           -4.63458903019151       -1.38401292996654       -1.62299615363412
H           -2.77003257474637       -0.13339297127282       -3.31895513029173
H           -4.59376589553020        0.67977668846513        0.43242167214662
H           -3.80819631800306       -1.94753914057542        1.08480228061220
H           -2.08351021491734       -0.26710416459445        1.90945322770661
H           -4.21162735326066        0.19015880772533        3.02099194506315
H           -2.90236168294044        2.46228739336912        0.80054247396346
H           -1.80707001462256        2.38305057531263        2.90900469494243
H            1.25010977706242       -0.34011374490667        2.03708046190512
H            0.40190513588424        1.92122194692433        2.20073576497108
H            3.51122274129550        1.41758806763247        0.96669998450988
H            3.41433171746195        0.92465263614260        3.22873216369395
48
 energy: -84.843752480516 gnorm: 0.001399897726 xtb: 6.7.1 (edcfbbe)
C            5.58988559765107       -1.64374062200304       -0.35277420155065
O            4.95812248026574       -0.52416950004131        0.25481701068172
C            3.59665484848426       -0.65267276027158        0.42729599228532
O            2.96152082705936       -0.52688144987966       -0.83030749971980
C            1.55499619905662       -0.60667726885608       -0.76270481009673
C            1.02703947559677       -0.56721027115214       -2.20352637905122
O            1.36562566139267       -1.71797268895353       -2.92461820143161
C            0.95458784116246        0.53170458349064        0.08892336473164
O           -0.44224813061684        0.28587205062580        0.15699870584536
C           -1.34597287435346        1.32214947441217       -0.13647189382406
O           -2.27632950456005        0.88840821294347       -1.08706799074001
C           -3.02355882226059       -0.26843690191930       -0.71632600388659
C           -3.99468856009583       -0.54677353610979       -1.87222602512994
O           -3.33694623586298       -0.89459219379565       -3.05900276691348
C           -3.79074631663919       -0.05301328800072        0.59788838447057
O           -4.43362212278513       -1.21944971983232        1.03896897688022
C           -2.84403380733633        0.50099313164749        1.67354955260248
O           -3.53988087113474        0.87557842453151        2.83787836463116
C           -2.13997220080608        1.74347841677744        1.12079053471771
O           -1.30115319425245        2.33506039307081        2.07474563015500
C            1.60287409457656        0.53360918311074        1.48140877235360
O            1.34973101462103        1.70035373462872        2.21519846542380
C            3.13653907641696        0.45453984702807        1.37926270647362
O            3.69013417404795        0.19925975402621        2.64047459104196
H            5.22978508873057       -1.78779045910063       -1.37307489033643
H            5.40992957813240       -2.55004610194710        0.23378823714703
H            6.65108438526852       -1.40968909002991       -0.36086598984240
H            3.33806677957624       -1.63913291499078        0.87044962321449
H            1.25979831325179       -1.56310039726816       -0.29890589199151
H            1.41880310887970        0.33447065797327       -2.69211651156198
H           -0.06322301024240       -0.52720510189300       -2.18219657975354
H            2.32853249508645       -1.78812866705652       -2.95315529372700
H            1.15533089918558        1.49553012100325       -0.39767329847122
H           -0.83684464155377        2.18764175131352       -0.57611259535826
H           -2.33066746264437       -1.11515205148090       -0.60194054745304
H           -4.62032205620357        0.34353515236844       -2.01705892218402
H           -4.63149072744633       -1.39293813978632       -1.60746593064087
H           -2.77318621961799       -0.15461081946802       -3.31916523801975
H           -4.59268731752028        0.67741678664089        0.43566643124266
H           -3.79504660685099       -1.94363110925642        1.09966918855667
H           -2.07921643824506       -0.25548050880087        1.91620519794957
H           -4.20790746762833        0.20154728244789        3.02604017677768
H           -2.90303403618467        2.46745143524175        0.79563286479481
H           -1.80581961141070        2.40583426366245        2.90014652288076
H            1.24153682651752       -0.35478997112112        2.02735171551433
H            0.39417473336712        1.90919548492907        2.20199572805011
H            3.50657311843610        1.40940385090456        0.97597286149765
H            3.38727068665548        0.90025159035473        3.23711709441029
48
 energy: -84.843780514308 gnorm: 0.001083798283 xtb: 6.7.1 (edcfbbe)
C            5.59019559633183       -1.64453356152851       -0.35132894142100
O            4.95611957293111       -0.52573497807701        0.25512299446107
C            3.59458578548828       -0.65509316185250        0.42585079215705
O            2.96086504379254       -0.52418837109944       -0.83193053181986
C            1.55420893027549       -0.60315437784010       -0.76616837327709
C            1.02922051614088       -0.55801889741666       -2.20779385680325
O            1.36920869658877       -1.70695848402392       -2.93164930620211
C            0.95332895082867        0.53307631696182        0.08732786985994
O           -0.44343582756335        0.28684231418178        0.15492560771101
C           -1.34708124845137        1.32319214584549       -0.13793340575090
O           -2.27751830079212        0.88825146083180       -1.08802809618140
C           -3.02248646791472       -0.26943928266286       -0.71432937402498
C           -3.99306782225984       -0.55296277306413       -1.86920522703875
O           -3.33420533687425       -0.90808633143062       -3.05331216090863
C           -3.78928215002591       -0.05235752233393        0.60004859812337
O           -4.42922764152308       -1.21910485118704        1.04461927080614
C           -2.84315373245750        0.50551057889383        1.67416087088072
O           -3.53920795836636        0.88148585748721        2.83799065737139
C           -2.14011127188640        1.74705782597907        1.11864518870062
O           -1.30049817830431        2.34087647759769        2.07059116010229
C            1.60000946773603        0.52979415461284        1.48090682650690
O            1.34758522358620        1.69488976278040        2.21809425516909
C            3.13348901466487        0.44873097074003        1.38127306966735
O            3.68420887929435        0.18841080627687        2.64287190878795
H            5.23294687623667       -1.78882642950108       -1.37283535201182
H            5.40979282657617       -2.55112063599497        0.23468362143993
H            6.65117769919886       -1.40937044650664       -0.35643504744776
H            3.33542796391069       -1.64327167095149        0.86459513602234
H            1.25749040190607       -1.56067059932246       -0.30637266743713
H            1.42350994872323        0.34460133393123       -2.69226040734106
H           -0.06091898020375       -0.51700861227958       -2.18921364862785
H            2.33220351233450       -1.77678852987868       -2.95690745423021
H            1.15438348866269        1.49836790557705       -0.39540857095444
H           -0.83769651316534        2.18774127775814       -0.57908252491419
H           -2.32785241105324       -1.11439067881967       -0.59831405905358
H           -4.61752120879850        0.33717999654596       -2.01948528746879
H           -4.63086371362072       -1.39712354101854       -1.60061087806929
H           -2.77262824134797       -0.16862557286564       -3.31916530230375
H           -4.59285955076045        0.67587868420138        0.43646731916611
H           -3.78865057023041       -1.94128057558720        1.10740956941532
H           -2.07729465611979       -0.24950637155794        1.91815253935116
H           -4.20528020178183        0.20618258238204        3.02826889865756
H           -2.90307720680153        2.47029355792450        0.79193578929057
H           -1.80467689806526        2.41437064568819        2.89594943140479
H            1.23591382282577       -0.35944748263707        2.02361815825648
H            0.39234271583970        1.90578338406223        2.20328171866998
H            3.50556207119352        1.40465793565605        0.98227396187202
H            3.37481815050093        0.88388781341661        3.24218449208090
48
 energy: -84.843806860192 gnorm: 0.000808289033 xtb: 6.7.1 (edcfbbe)
C            5.58956077246670       -1.64600721682779       -0.35093230639992
O            4.95450361359367       -0.52743349260675        0.25481733832093
C            3.59279950127391       -0.65680583285308        0.42407914354022
O            2.96021415953376       -0.52095386054884       -0.83368982631996
C            1.55360565326807       -0.59896400748344       -0.76869648908699
C            1.02983573566229       -0.54981976497964       -2.21046159891418
O            1.37221672797769       -1.69622929436274       -2.93770273338831
C            0.95289887045161        0.53574385452300        0.08627054641119
O           -0.44362415415913        0.28868668629843        0.15326430018176
C           -1.34818039359060        1.32430524949292       -0.13887186184281
O           -2.27815010275650        0.88717197520910       -1.08871593654007
C           -3.02184487717135       -0.27078166012932       -0.71262508058254
C           -3.99109147581933       -0.55859215795995       -1.86747622789677
O           -3.33044027656286       -0.92219621081566       -3.04819315508764
C           -3.78879204364925       -0.05176535288789        0.60134753701553
O           -4.42667200111127       -1.21838936363142        1.04900120036095
C           -2.84296546035334        0.50896945706585        1.67420302816943
O           -3.53887856444769        0.88567381686611        2.83785975928166
C           -2.14052447002901        1.74965284763837        1.11683924740954
O           -1.30014422170043        2.34457524723242        2.06755018722260
C            1.59831880289476        0.52908187183067        1.48051498682077
O            1.34820816627445        1.69451971951131        2.21850619688510
C            3.13169702013102        0.44372545346829        1.38341333999962
O            3.67916072518009        0.17613524129393        2.64500973248619
H            5.23463143239185       -1.78982723827825       -1.37333324843362
H            5.40766262122036       -2.55295499944005        0.23407112968266
H            6.65059456574430       -1.41113774188289       -0.35376408430104
H            3.33279709549535       -1.64644596847632        0.85871326244647
H            1.25586536860938       -1.55705193841826       -0.31112274003624
H            1.42416799376765        0.35455331856396       -2.69149566951353
H           -0.06021946071592       -0.50951856273438       -2.19293913536023
H            2.33542246561211       -1.76623663868817       -2.95651759312785
H            1.15392068829165        1.50209264768589       -0.39385962786128
H           -0.83946927797659        2.18854130365860       -0.58160989523740
H           -2.32623757673813       -1.11460217446300       -0.59471868605323
H           -4.61317919086046        0.33200937420490       -2.02413770886917
H           -4.63120942900013       -1.39989405088872       -1.59543777984269
H           -2.76952951882108       -0.18429461393667       -3.31939194545154
H           -4.59349282519263        0.67478980009799        0.43632794646651
H           -3.78483271524552       -1.93931356020930        1.11297414721604
H           -2.07642221776364       -0.24531970023754        1.91874157479978
H           -4.20313392527847        0.20908656095016        3.02976651646888
H           -2.90324233096444        2.47268089331526        0.78921071301529
H           -1.80335202992771        2.41760108437719        2.89358991604741
H            1.23032886295433       -0.35935853330352        2.02175952346749
H            0.39322686993393        1.90685378479174        2.20393050668168
H            3.50713413288684        1.40052925503506        0.98962794589368
H            3.36685576146488        0.86691454264171        3.24778283649801
48
 energy: -84.843835230396 gnorm: 0.000881654081 xtb: 6.7.1 (edcfbbe)
C            5.58791231340900       -1.64847576847492       -0.35111787396190
O            4.95278805823821       -0.53019374414951        0.25504520213934
C            3.59067949859740       -0.65872069459615        0.42213734105478
O            2.95983733824752       -0.51684356137429       -0.83577922467436
C            1.55324498786224       -0.59338847756370       -0.77170997248082
C            1.02996927664344       -0.54001918427228       -2.21335037441925
O            1.37658305854460       -1.68257080311100       -2.94471128033497
C            0.95282777048655        0.54003637307831        0.08465943618117
O           -0.44340806895215        0.29184626271095        0.15129954837315
C           -1.34959019256919        1.32614442745810       -0.13992871217843
O           -2.27887147864234        0.88614390182035       -1.08943047827082
C           -3.02093148487961       -0.27216113051783       -0.71071568653950
C           -3.98833331379609       -0.56552251060199       -1.86568964903586
O           -3.32547024598648       -0.94141580167683       -3.04152391549542
C           -3.78876676646256       -0.05097345557632        0.60231355758188
O           -4.42536652221960       -1.21713260197812        1.05280857407856
C           -2.84322801468323        0.51216848540685        1.67419824399321
O           -3.53896949273149        0.88974526432163        2.83761669162773
C           -2.14097720883798        1.75201014486307        1.11544511045325
O           -1.29974863022757        2.34729193789135        2.06537053108174
C            1.59697878648771        0.53061645987862        1.47952931246676
O            1.35073125844684        1.69773716653461        2.21671616742351
C            3.13027038240609        0.43790655411443        1.38642303031558
O            3.67245582991587        0.15918074228644        2.64800205308380
H            5.23542365500871       -1.79026158011305       -1.37475549106842
H            5.40353701123997       -2.55613216989538        0.23202701131897
H            6.64925837744001       -1.41495984016029       -0.35094526529611
H            3.32906397643052       -1.64991018294927        0.85204605998462
H            1.25417894820610       -1.55188476768478       -0.31585352186221
H            1.42222670856177        0.36720243864607       -2.69081148258932
H           -0.06014241416745       -0.50268074330862       -2.19614771657482
H            2.33999844452416       -1.75271589251034       -2.95517740650456
H            1.15362287769972        1.50726089880005       -0.39353587730755
H           -0.84231632847135        2.19055489369819       -0.58418306657748
H           -2.32413612873914       -1.11463091526858       -0.59004216981278
H           -4.60660096019243        0.32605928920301       -2.03130114460004
H           -4.63214898086527       -1.40248470080363       -1.58875558606477
H           -2.76363498612389       -0.20679406229222       -3.31951326115370
H           -4.59413968655861        0.67433475779809        0.43555289559017
H           -3.78277158186535       -1.93729326022821        1.11790830839887
H           -2.07630185902881       -0.24173103061635        1.91926715320348
H           -4.20167703896758        0.21214136916354        3.03113918270617
H           -2.90348696209415        2.47515989285001        0.78762777160259
H           -1.80175662723121        2.41829028098381        2.89250192225583
H            1.22339988666644       -0.35586539650901        2.02014816910073
H            0.39608229268152        1.91178510286600        2.20315471988247
H            3.51155984185645        1.39550936195710        1.00023192410998
H            3.36014346200391        0.84563631937887        3.25528847144800
48
 energy: -84.843861106267 gnorm: 0.001034381252 xtb: 6.7.1 (edcfbbe)
C            5.58538653517882       -1.65167701145336       -0.35161328807531
O            4.95090546931411       -0.53395391179423        0.25628760472547
C            3.58819079420476       -0.66070852180398        0.42053589675703
O            2.95967126925093       -0.51226418131439       -0.83770681870088
C            1.55308904637045       -0.58717364763952       -0.77503370333157
C            1.03054287817244       -0.53001905129687       -2.21664607584826
O            1.38256230476638       -1.66744942337044       -2.95346473851514
C            0.95312527186048        0.54518697352712        0.08282068380501
O           -0.44278561383414        0.29545012302296        0.14951572461243
C           -1.35097206046352        1.32819797814546       -0.14074578370658
O           -2.27975848291089        0.88547080765612       -1.08965355745137
C           -3.01974219414952       -0.27344461534985       -0.70866470246783
C           -3.98492769010723       -0.57335783058513       -1.86376261150506
O           -3.32022660026692       -0.96391860981754       -3.03393318288850
C           -3.78896528626342       -0.04983684060251        0.60308244586233
O           -4.42559918127897       -1.21520417461084        1.05537001158074
C           -2.84382916648474        0.51488029508113        1.67450504855112
O           -3.53959862108980        0.89369529135832        2.83744261789412
C           -2.14160531505176        1.75412753038506        1.11472367637676
O           -1.29937734517156        2.34903204021732        2.06414936135022
C            1.59587150577807        0.53383840125788        1.47835286097123
O            1.35413117391328        1.70349807319661        2.21333094795328
C            3.12900178282570        0.43189531699888        1.39008101444224
O            3.66436111329110        0.13981516145359        2.65169031758540
H            5.23520502043920       -1.78981907415480       -1.37649338489710
H            5.39775934331659       -2.56073938619595        0.22831535448492
H            6.64720883786209       -1.42034706575086       -0.34827896062992
H            3.32419075897933       -1.65335067283426        0.84554332143511
H            1.25253915352440       -1.54617404839615       -0.32105672345760
H            1.41878741973632        0.38133992326395       -2.68989342841158
H           -0.05972254655614       -0.49731749281604       -2.19933526605910
H            2.34609158946639       -1.73710365807651       -2.95658851110042
H            1.15332750047823        1.51316739425868       -0.39407253861518
H           -0.84557330782446        2.19319718474995       -0.58619688621763
H           -2.32130513124386       -1.11409748269731       -0.58469319045726
H           -4.59856829979589        0.31937336672997       -2.03973564097713
H           -4.63328059160173       -1.40482570798868       -1.58075068145935
H           -2.75552096013735       -0.23426321259966       -3.31882846516705
H           -4.59428869674196        0.67499865936061        0.43430081789977
H           -3.78301342122239       -1.93528018572462        1.12166092590954
H           -2.07692284760415       -0.23890115895930        1.92034750484423
H           -4.20156618326577        0.21577246368563        3.03226473499411
H           -2.90406862971853        2.47766088663922        0.78747283411404
H           -1.80019097723221        2.41753508977747        2.89236605863154
H            1.21588991145628       -0.34987535440905        2.01909711994136
H            0.39994208419364        1.91924815927125        2.20120304046198
H            3.51789049268714        1.38996407500130        1.01281419082751
H            3.35573696034010        0.82375717440373        3.26335325662508
48
 energy: -84.843882893789 gnorm: 0.000936641942 xtb: 6.7.1 (edcfbbe)
C            5.58222089901651       -1.65521783888563       -0.35246801878309
O            4.94923494722214       -0.53846494584013        0.25881701862955
C            3.58582927117010       -0.66282062204946        0.41980541903163
O            2.96009455273452       -0.50794510356851       -0.83893021064401
C            1.55345399051563       -0.58152622946688       -0.77819640148388
C            1.03150614278662       -0.51996667920311       -2.21994378263122
O            1.38937680844645       -1.65197026269605       -2.96179026101560
C            0.95338038384973        0.54976270626637        0.08089393206669
O           -0.44236341197779        0.29874974839644        0.14788952824246
C           -1.35226649889479        1.33013446498480       -0.14155946492033
O           -2.28062258786603        0.88517958339658       -1.08994853227080
C           -3.01836222764144       -0.27447748662670       -0.70668010510235
C           -3.98152061937247       -0.58112719414033       -1.86158381248977
O           -3.31539962219717       -0.98694366488850       -3.02579421458489
C           -3.78952492743004       -0.04860014789882        0.60351398425582
O           -4.42760107825770       -1.21281969123212        1.05678260913971
C           -2.84484210528408        0.51689935639076        1.67493564199208
O           -3.54082949725147        0.89711004622712        2.83724851293647
C           -2.14197241296687        1.75552388142496        1.11462988897436
O           -1.29886425303449        2.34985843654773        2.06377830457637
C            1.59506475034517        0.53736100967363        1.47702865469210
O            1.35772697865754        1.70982928877394        2.20911183292693
C            3.12801386955917        0.42619481449521        1.39408803824106
O            3.65628469587963        0.12118838458320        2.65574226936070
H            5.23387554368265       -1.78813822176590       -1.37866815829917
H            5.39106399801130       -2.56621660521465        0.22327207121104
H            6.64461541429688       -1.42660621839025       -0.34589147127220
H            3.31884335773393       -1.65664672648593        0.84019805842114
H            1.25137759184908       -1.54097896349918       -0.32604807006634
H            1.41524996653141        0.39551939956437       -2.68916743208588
H           -0.05900419815226       -0.49270943953254       -2.20280094150863
H            2.35299415089074       -1.71983900505770       -2.96082163192876
H            1.15291611015230        1.51837731906155       -0.39507985830428
H           -0.84854236791921        2.19579127473473       -0.58774845613695
H           -2.31812619594358       -1.11315676460958       -0.57904592073952
H           -4.59045792345529        0.31265471386220       -2.04818557803686
H           -4.63445207713211       -1.40678882731428       -1.57199053419354
H           -2.74639381582317       -0.26317662563074       -3.31702378923578
H           -4.59397584029880        0.67667573977320        0.43255054298426
H           -3.78580899206368       -1.93351134322566        1.12432494624364
H           -2.07824891718714       -0.23687952150999        1.92178555491242
H           -4.20312499881751        0.21971952391465        3.03275319919277
H           -2.90437661541208        2.47950985651887        0.78817872002714
H           -1.79887047475879        2.41682059528257        2.89274855183555
H            1.20896859618956       -0.34330802818627        2.01845731108221
H            0.40398003368185        1.92725270447407        2.19821555942820
H            3.52459261897339        1.38435232041125        1.02548759422941
H            3.35488605443047        0.80537103706734        3.27060813387874
48
 energy: -84.843900002204 gnorm: 0.000672480753 xtb: 6.7.1 (edcfbbe)
C            5.57876127311854       -1.65870332271306       -0.35363382422182
O            4.94772265952633       -0.54322608359387        0.26206759674052
C            3.58362405949712       -0.66476105475767        0.41981684913651
O            2.96067082765175       -0.50408238645183       -0.83945641775680
C            1.55399844988947       -0.57677518389482       -0.78089830925586
C            1.03347328973492       -0.51156121829475       -2.22301356305891
O            1.39629636690205       -1.63821271229353       -2.97041227340390
C            0.95385236924153        0.55341905912256        0.07963431021447
O           -0.44166850553712        0.30077264955690        0.14692564148194
C           -1.35302615233200        1.33110776922853       -0.14173234454081
O           -2.28118201421303        0.88474038249672       -1.08968289248228
C           -3.01716855533470       -0.27549344796347       -0.70483503782099
C           -3.97837242139501       -0.58835599164225       -1.85952261644650
O           -3.31144343738248       -1.00789117889425       -3.01828082728585
C           -3.79012886476819       -0.04697284033963        0.60383989164658
O           -4.43071768067334       -1.20972316391583        1.05729562890490
C           -2.84591047589671        0.51833209159439        1.67570289116125
O           -3.54242450137180        0.90013139471267        2.83718222389896
C           -2.14243529205860        1.75647675822311        1.11484703576792
O           -1.29851896363699        2.35010612190169        2.06371215554720
C            1.59435373253773        0.54033345057197        1.47651334363004
O            1.36039097813147        1.71529153601616        2.20575403076857
C            3.12706285798426        0.42154999520568        1.39772291074256
O            3.64920322141877        0.10624671618581        2.65936093265208
H            5.23167181175701       -1.78553277972891       -1.38099231210114
H            5.38410774194002       -2.57201756695329        0.21725732463512
H            6.64177453184706       -1.43307590839346       -0.34419728103506
H            3.31345709102046       -1.65941660745540        0.83631188672089
H            1.25067150665813       -1.53713454082795       -0.33133921702154
H            1.41327509691248        0.40813939745698       -2.68754829660857
H           -0.05720576402573       -0.48892305733473       -2.20616317379905
H            2.36005076501288       -1.70320801621632       -2.96877101459438
H            1.15248525513154        1.52267803925215       -0.39556604157493
H           -0.85065452016352        2.19741033307031       -0.58823968591243
H           -2.31533298502976       -1.11229735368525       -0.57374890139563
H           -4.58293979353249        0.30630490280093       -2.05556140320224
H           -4.63561981657185       -1.40845034092862       -1.56396341500327
H           -2.73744126221874       -0.29008299765448       -3.31433664194247
H           -4.59315463565031        0.67938938769878        0.43064172370144
H           -3.79036065304490       -1.93159269715543        1.12607211219954
H           -2.08001192364396       -0.23575195646214        1.92374014497888
H           -4.20608511595950        0.22401560118558        3.03247564795773
H           -2.90473447652299        2.48097797795882        0.78904100771016
H           -1.79817222945726        2.41703215132560        2.89290590656298
H            1.20344871373700       -0.33780625545582        2.01871601094706
H            0.40703934653067        1.93380173200144        2.19590808258604
H            3.52993060133189        1.37952243076864        1.03608416734502
H            3.35738656044770        0.79326883329297        3.27584526573323
48
 energy: -84.843912691914 gnorm: 0.000448586763 xtb: 6.7.1 (edcfbbe)
C            5.57541318775786       -1.66179222822874       -0.35512396380169
O            4.94674818478669       -0.54783521223634        0.26582506086458
C            3.58206377514712       -0.66656610796506        0.42069747932887
O            2.96176613458988       -0.50128045848084       -0.83913282356288
C            1.55500387276636       -0.57363057661694       -0.78284889071852
C            1.03592403519499       -0.50375452767852       -2.22555512794710
O            1.40237521833007       -1.62613482307561       -2.97700398799176
C            0.95395930229117        0.55514023016641        0.07888898388390
O           -0.44149905441585        0.30154646112909        0.14632767688515
C           -1.35361480787822        1.33130529407452       -0.14176109792439
O           -2.28151562243631        0.88393658916564       -1.08954612798535
C           -3.01632510846889       -0.27657630510050       -0.70307057061950
C           -3.97579511236152       -0.59436266705767       -1.85768933402981
O           -3.30816931776436       -1.02536435856028       -3.01168560375623
C           -3.79120678858894       -0.04554621990679        0.60403704614488
O           -4.43491346091089       -1.20656884756052        1.05770466081983
C           -2.84737407066388        0.51946582969013        1.67639035983787
O           -3.54440173752474        0.90265151473221        2.83710721652023
C           -2.14249579670558        1.75675427928216        1.11528322861064
O           -1.29803214044795        2.35019838243251        2.06380296428131
C            1.59395340754497        0.54186507359795        1.47617419344888
O            1.36221080217774        1.71861434092229        2.20317999309591
C            3.12654668035238        0.41806174517849        1.40092599778500
O            3.64438150603620        0.09616568176457        2.66261165906957
H            5.22899735803371       -1.78207225615544       -1.38346089375314
H            5.37753049953565       -2.57763081402017        0.21059287995453
H            6.63902250034645       -1.43917481383169       -0.34335522668005
H            3.30880048669504       -1.66169647403856        0.83412530968063
H            1.25063623428723       -1.53473501327758       -0.33570547533950
H            1.41338841095116        0.41883464179543       -2.68615580388568
H           -0.05488403483829       -0.48431333627951       -2.20967966448797
H            2.36636745735135       -1.68759546137015       -2.97739309236981
H            1.15192794413118        1.52498990963985       -0.39542449152589
H           -0.85192736457620        2.19791448208809       -0.58852055290673
H           -2.31335647718424       -1.11194209276857       -0.56865187889016
H           -4.57682057054192        0.30090569818157       -2.06170913332397
H           -4.63657063175634       -1.40978675481881       -1.55717339895895
H           -2.72971060755661       -0.31269722490560       -3.31147873403838
H           -4.59240047947314        0.68233832076424        0.42862398981175
H           -3.79628777595200       -1.92986927785476        1.12778972371984
H           -2.08227423268088       -0.23495930617769        1.92557928807776
H           -4.21018086136311        0.22828595258521        3.03138058171970
H           -2.90450281807475        2.48159059848460        0.78955138745906
H           -1.79781852251719        2.41875974997906        2.89275151875342
H            1.19975161005885       -0.33427586525919        2.01909630717754
H            0.40908554983040        1.93759891945042        2.19432748020913
H            3.53355050770880        1.37569244534217        1.04363281856150
H            3.36267179637432        0.78754493114661        3.27919730186056
48
 energy: -84.843921285707 gnorm: 0.000445671195 xtb: 6.7.1 (edcfbbe)
C            5.57252005401733       -1.66433188095438       -0.35688032392702
O            4.94618808812833       -0.55194254917668        0.26925681807411
C            3.58102602950733       -0.66809997495907        0.42186416489855
O            2.96280279776362       -0.49926518427438       -0.83840896619992
C            1.55598402254981       -0.57144231594674       -0.78420607703279
C            1.03884642082615       -0.49779868791575       -2.22748396525331
O            1.40723635486197       -1.61690460728644       -2.98275144311907
C            0.95436470822753        0.55606885148733        0.07882925121694
O           -0.44090995221779        0.30119081601942        0.14625053551966
C           -1.35364219263008        1.33055867419908       -0.14133945075891
O           -2.28134332391635        0.88260175363377       -1.08909680844265
C           -3.01587688049750       -0.27776633832257       -0.70150808081567
C           -3.97394609371916       -0.59924123498844       -1.85618456138964
O           -3.30558798089806       -1.03864544175642       -3.00645285850631
C           -3.79226087079939       -0.04399625855007        0.60422274616922
O           -4.43892393794974       -1.20321249057617        1.05828498537542
C           -2.84868414216963        0.52029720044690        1.67714540116941
O           -3.54637499425950        0.90491985071178        2.83702223084842
C           -2.14267694615156        1.75675413049020        1.11545350111468
O           -1.29789544414578        2.35007743007739        2.06366014797396
C            1.59361860267057        0.54217310970356        1.47670583017263
O            1.36290533474354        1.71983872998221        2.20263694357982
C            3.12615299295756        0.41586167585664        1.40310522944918
O            3.64166377365447        0.09102800440657        2.66490501534812
H            5.22639298693233       -1.77841129585493       -1.38602100018998
H            5.37186390791512       -2.58249612922966        0.20403688555899
H            6.63667584479274       -1.44447382094768       -0.34321201342521
H            3.30509204273385       -1.66339298892695        0.83321853477175
H            1.25076291407434       -1.53363487048372       -0.34001253874368
H            1.41587227244752        0.42700794210895       -2.68402761238094
H           -0.05201771543939       -0.47945031908609       -2.21275264040027
H            2.37144995047256       -1.67523145327289       -2.98589070009724
H            1.15155351717804        1.52660705219279       -0.39448218867004
H           -0.85234284663290        2.19731348590878       -0.58828339938900
H           -2.31243916355053       -1.11227191075900       -0.56433917379844
H           -4.57208698587613        0.29655060404620       -2.06612252966128
H           -4.63755378074800       -1.41111400128106       -1.55231657025522
H           -2.72387658079534       -0.32978382635002       -3.30883437335561
H           -4.59174461580265        0.68531890697083        0.42675116599005
H           -3.80199414761108       -1.92788526291308        1.12972518377524
H           -2.08449890359419       -0.23467981728915        1.92751576140107
H           -4.21461973404315        0.23249223678143        3.02971828161411
H           -2.90417165854150        2.48197966082591        0.78924788942412
H           -1.79822738452624        2.42135043409032        2.89198285975201
H            1.19782446611094       -0.33318686719383        2.01980700649051
H            0.40975584159482        1.93890426066658        2.19423050310723
H            3.53506133523368        1.37329317499716        1.04773911718032
H            3.36808108476228        0.78647159085117        3.28077051906935
48
 energy: -84.843926941421 gnorm: 0.000460247301 xtb: 6.7.1 (edcfbbe)
C            5.57048916863277       -1.66612195090265       -0.35855641692850
O            4.94611147365947       -0.55508916843652        0.27194162844130
C            3.58064812169101       -0.66925384175718        0.42308100034558
O            2.96390689249132       -0.49839523949648       -0.83754740993094
C            1.55701378663927       -0.57037018452028       -0.78494248772072
C            1.04176474707053       -0.49299679192377       -2.22882686429134
O            1.41046113244977       -1.61031160988488       -2.98649359911338
C            0.95447734417262        0.55582374426415        0.07913450781400
O           -0.44071378122893        0.30022609933902        0.14635993031584
C           -1.35368928986026        1.32946369070787       -0.14084173604090
O           -2.28118244993001        0.88106806724292       -1.08868974879036
C           -3.01587842777111       -0.27893842529837       -0.70012648658467
C           -3.97267014118404       -0.60269282964798       -1.85517069435296
O           -3.30352611660351       -1.04756578223862       -3.00285369501020
C           -3.79342171741177       -0.04284859337219        0.60448215530986
O           -4.44254499311130       -1.20045630139176        1.05909548418062
C           -2.85004345934695        0.52117141380149        1.67771702205552
O           -3.54821669648453        0.90688497181195        2.83694150947733
C           -2.14260347927087        1.75661235515801        1.11568104575797
O           -1.29761891203053        2.35002700875730        2.06361722865366
C            1.59361213961070        0.54153370157967        1.47713932370492
O            1.36283687925967        1.71928695474848        2.20286437353479
C            3.12619251134352        0.41483018296697        1.40432275380524
O            3.64120531831455        0.09008427118519        2.66633306184578
H            5.22453224829217       -1.77505471710723       -1.38827279308259
H            5.36763419875490       -2.58628695915372        0.19825899971929
H            6.63507709587733       -1.44850841496372       -0.34352970800769
H            3.30275349243259       -1.66447584284633        0.83331310020462
H            1.25101338286940       -1.53325916417278       -0.34306913237721
H            1.41973286483996        0.43275971908840       -2.68247972233787
H           -0.04908902013549       -0.47410599707426       -2.21533256893514
H            2.37478416204781       -1.66676451333599       -2.99201849504114
H            1.15120835719867        1.52685019115015       -0.39323740991271
H           -0.85243066695542        2.19612776188578       -0.58807009908377
H           -2.31238170467140       -1.11302722141255       -0.56082390989072
H           -4.56893755504742        0.29336542620011       -2.06912788907342
H           -4.63813485490627       -1.41228809855068       -1.54934461707454
H           -2.72016760504284       -0.34091859682723       -3.30716608007084
H           -4.59145838409148        0.68762566972938        0.42529531596182
H           -3.80694332163601       -1.92614965739821        1.13200871979049
H           -2.08671666794550       -0.23432845231835        1.92898917324913
H           -4.21882737671587        0.23627092079499        3.02788369692627
H           -2.90350563640408        2.48211263174300        0.78872623710405
H           -1.79860494902472        2.42415566014564        2.89120104914176
H            1.19742498511534       -0.33364552386817        2.02009600369198
H            0.40966270611914        1.93767315271652        2.19543825199109
H            3.53530060492905        1.37207820458450        1.04876565815506
H            3.37146266066703        0.78782212630599        3.28131356585779
48
 energy: -84.843929455390 gnorm: 0.000195896456 xtb: 6.7.1 (edcfbbe)
C            5.57053672367973       -1.66605442271190       -0.35934506634864
O            4.94629075896415       -0.55545522238810        0.27197300114120
C            3.58082512885183       -0.66957507483083        0.42308841541582
O            2.96412731836387       -0.49846096107664       -0.83755156829991
C            1.55723104489711       -0.57020645883587       -0.78516480936455
C            1.04245945900353       -0.49168131706561       -2.22905942193059
O            1.41070947943228       -1.60894341803962       -2.98714171372757
C            0.95465736025240        0.55563673366712        0.07928501093233
O           -0.44046609134622        0.29979188899905        0.14639866193361
C           -1.35356077421678        1.32897186197796       -0.14060995335680
O           -2.28091521993325        0.88028740618827       -1.08848115279884
C           -3.01596552973048       -0.27941263157527       -0.69956419563409
C           -3.97222936088571       -0.60371646278633       -1.85493464302328
O           -3.30230101993544       -1.04905129075832       -3.00204862706159
C           -3.79398406742561       -0.04233742134127        0.60456220742525
O           -4.44352453475106       -1.19938526281849        1.05987592943695
C           -2.85073786417683        0.52183167669726        1.67783958803996
O           -3.54913607616290        0.90823167437995        2.83670683037860
C           -2.14258692648508        1.75667850867126        1.11551862930494
O           -1.29759753926556        2.34999605868564        2.06352870871880
C            1.59363792357625        0.54060592739492        1.47738867594608
O            1.36264473981917        1.71785860620626        2.20387723558357
C            3.12625858931287        0.41462119797974        1.40423132143820
O            3.64189474849025        0.09069142664086        2.66634448201631
H            5.22484515319848       -1.77398725299515       -1.38923667960429
H            5.36732408070517       -2.58662095240602        0.19658486129198
H            6.63516613356957       -1.44873783550906       -0.34386072853661
H            3.30284112024315       -1.66486019730613        0.83316360861095
H            1.25095930411158       -1.53329506465310       -0.34406217466354
H            1.42154102880871        0.43391326353731       -2.68201757495842
H           -0.04835418034164       -0.47179822473191       -2.21597531099569
H            2.37498917823942       -1.66595787457751       -2.99208256730125
H            1.15126161033254        1.52693233444527       -0.39251420489661
H           -0.85228318807496        2.19547564053556       -0.58812685879357
H           -2.31273167472058       -1.11357598752490       -0.55949089135965
H           -4.56835467023140        0.29223679526419       -2.06967338080198
H           -4.63785341654541       -1.41327408533572       -1.54923151921744
H           -2.71942269493571       -0.34224075657059       -3.30685574853708
H           -4.59177848803129        0.68819726304485        0.42462006352036
H           -3.80810263094346       -1.92509951760943        1.13371169547621
H           -2.08774168625323       -0.23386921185288        1.92964820248864
H           -4.22040672114188        0.23814189585798        3.02728145256855
H           -2.90296556832471        2.48245995598926        0.78799391354851
H           -1.79884939778302        2.42481837021569        2.89085087648192
H            1.19770337113420       -0.33503210766229        2.01979520453178
H            0.40923922755366        1.93600959804588        2.19662294050597
H            3.53481611282096        1.37205521508911        1.04811016161508
H            3.36988879395031        0.78718576139332        3.28150634633072
