100 seed=col frame=0 Ef=-84.818917099 Eb=-84.818917099
110 seed=colb frame=35 Ef=-84.818233371 Eb=-84.819991778
120 seed=colb frame=34 Ef=-84.816514470 Eb=-84.819463408
130 seed=colb frame=33 Ef=-84.814942969 Eb=-84.818422569
140 seed=colb frame=32 Ef=-84.813529393 Eb=-84.817621513
150 seed=colb frame=31 Ef=-84.813256063 Eb=-84.817890819
160 seed=colb frame=30 Ef=-84.813241015 Eb=-84.817822441
170 seed=colb frame=29 Ef=-84.812375223 Eb=-84.816725906
-180 seed=colb frame=28 Ef=-84.810266105 Eb=-84.814198124
-170 seed=col frame=9 Ef=-84.806861974 Eb=-84.802772997
-160 seed=col frame=10 Ef=-84.803363642 Eb=-84.801636733
-150 seed=col frame=11 Ef=-84.801285972 Eb=-84.798836920
-140 seed=col frame=12 Ef=-84.800340756 Eb=-84.798740983
-130 seed=col frame=13 Ef=-84.799203586 Eb=-84.796904175
-120 seed=colb frame=22 Ef=-84.797016943 Eb=-84.798119072
-110 seed=colb frame=21 Ef= Eb=-84.799673916
-100 seed=colb frame=20 Ef= Eb=-84.801219137
-90 seed=colb frame=19 Ef=-84.783837488 Eb=-84.802932591
-80 seed=colb frame=18 Ef=-84.785129763 Eb=-84.804452364
-70 seed=colb frame=17 Ef=-84.795269427 Eb=-84.805152885
-60 seed=colb frame=16 Ef=-84.795963161 Eb=-84.804669096
-50 seed=col frame=21 Ef=-84.795639114 Eb=
-40 seed=col frame=22 Ef= Eb=
-30 seed=col frame=23 Ef= Eb=
-20 seed=col frame=24 Ef= Eb=
-10 seed=col frame=25 Ef= Eb=
0 seed=col frame=26 Ef=-84.792541110 Eb=
10 seed=col frame=27 Ef=-84.793629670 Eb=
20 seed=col frame=28 Ef=-84.795175170 Eb=
30 seed=colb frame=7 Ef= Eb=-84.800988562
40 seed=colb frame=6 Ef= Eb=-84.804454551
50 seed=colb frame=5 Ef=-84.799575070 Eb=-84.809747991
60 seed=colb frame=4 Ef=-84.801001219 Eb=-84.814152233
70 seed=colb frame=3 Ef=-84.802280913 Eb=-84.817415561
80 seed=colb frame=2 Ef=-84.814257958 Eb=-84.819422909
90 seed=colb frame=1 Ef=-84.816478698 Eb=-84.820185542
