48
 energy: -84.828217037491 gnorm: 0.076255808601 xtb: 6.7.1 (edcfbbe)
C            1.51724326645091        3.92931815116417       -1.47065157340243
O            1.79079952661482        2.55917416027852       -1.73337986752676
C            1.47225503342614        1.70088068955975       -0.69285201766780
O            2.35873397410176        1.89715486361259        0.38640419528872
C            1.93883005606912        1.22925226493164        1.56674626645876
C            3.18413309967120        1.04989801025033        2.44560313974433
O            3.77535587936108        2.28178410474730        2.76734040581951
C            1.23014039005122       -0.11110473682764        1.26476926574354
O           -0.15775290764282        0.18020393567326        1.17978032595251
C           -1.12666370654402       -0.68936213943941        1.72649479512552
O           -2.36774022812296       -0.20937102331723        1.30691129851595
C           -2.62287855105351       -0.34457633842723       -0.08714115765724
C           -3.94391393353841        0.38993924129581       -0.36265791486261
O           -4.27936046650328        0.38967819094243       -1.72813434260312
C           -2.71012363206212       -1.83343660228253       -0.45163302828336
O           -2.93577335589483       -2.05653168549670       -1.81926911067141
C           -1.36743039789332       -2.47324776110804       -0.08873492266663
O           -1.38259196849519       -3.87237625193227       -0.25212621428617
C           -1.04490725778885       -2.19646566231982        1.38573298283360
O            0.18765342936813       -2.74055112713582        1.77016542720682
C            1.79609549098177       -0.71218015846482       -0.03205511169694
O            3.14626051493055       -1.00832703956092        0.20772024043652
C            1.60865827086799        0.26046934480359       -1.21545213776087
O            0.48216350885875       -0.13404865303843       -1.95557518886026
H            2.11119466678302        4.29084252590532       -0.62976958718451
H            0.45379489438401        4.07058798288562       -1.25151666288190
H            1.78851765124030        4.46233626618262       -2.37804511624369
H            0.43325434182161        1.86957205127138       -0.34310941889130
H            1.21118977456673        1.87234415595201        2.09028002980820
H            3.88986195878431        0.39763254838892        1.91977056297345
H            2.89679276580130        0.58866905500588        3.39207715544998
H            3.99391224993443        2.72616875338202        1.93770128460207
H            1.42386220440202       -0.81152797049314        2.08211544709933
H           -1.11974685140618       -0.58929149901161        2.82454063097638
H           -1.80239008503223        0.10666427451115       -0.66378684150647
H           -3.87052275133581        1.40449306359399        0.04078750838443
H           -4.75316407607255       -0.12793210713402        0.15706865086780
H           -3.70522879083589        1.00419096017166       -2.20392784672942
H           -3.50738474485943       -2.30041585152935        0.15253627422379
H           -3.64458142332738       -1.45728830744351       -2.11107982536062
H           -0.60876689188880       -2.02455451948752       -0.74545902751580
H           -1.74723135349426       -4.05996886709275       -1.12758549237347
H           -1.85523888643780       -2.65971846309462        1.97715342956816
H            0.18843375383928       -3.67115000981554        1.49859167338392
H            1.24039650540634       -1.62651189183157       -0.26373298254938
H            3.48121593443541       -1.58487923064231       -0.49224437341113
H            2.51643073504563        0.23334387405471       -1.83646408065010
H            0.43620879939194        0.40021488286501       -2.76042546618267
48
 energy: -84.833694179812 gnorm: 0.011987746976 xtb: 6.7.1 (edcfbbe)
C            1.51888068870318        3.93038065997154       -1.46632962268728
O            1.79642259382971        2.56056559949592       -1.72524703898246
C            1.47448622538886        1.69972337121513       -0.68744870671202
O            2.35113874023107        1.89587252995239        0.40205292442760
C            1.92814345779250        1.22165560336040        1.58097527838193
C            3.17813701939764        1.04420791505732        2.45348340041729
O            3.76946007441300        2.27697153637215        2.77313870977162
C            1.22997042769247       -0.11129297189022        1.22703755203234
O           -0.16232837400864        0.15127852890662        1.12918794187192
C           -1.12856318576255       -0.67614507096312        1.74201829753479
O           -2.37062970616497       -0.21082585381144        1.30680017540639
C           -2.62346374115846       -0.34717483822622       -0.08690243216180
C           -3.94402560260681        0.38828183450230       -0.36339888483992
O           -4.27899463887294        0.38852380508241       -1.72903694484322
C           -2.71115203856647       -1.83543221491985       -0.44845911624240
O           -2.93347020253682       -2.05949904060798       -1.81656457016513
C           -1.36888714033555       -2.47024543949059       -0.07678010447132
O           -1.38201437823015       -3.86946111631659       -0.24154784452153
C           -1.04952333292445       -2.18772797507449        1.40041666375526
O            0.18443542473425       -2.73347163487294        1.77892477788459
C            1.80705631772054       -0.71754494547993       -0.05429500909333
O            3.15528372213396       -1.01002601111109        0.19696784885366
C            1.61530667032091        0.26401055148728       -1.22569581856302
O            0.48807311944481       -0.13075901380199       -1.96468278886595
H            2.11115139539412        4.29434167212448       -0.62550415580967
H            0.45470300404532        4.07005733943901       -1.24981299033488
H            1.79067775874413        4.46181537298126       -2.37465851908847
H            0.43274822834587        1.86530677368321       -0.34425651375542
H            1.19664763151626        1.86089691242617        2.10279313753357
H            3.88387781199945        0.39512639992585        1.92340501497762
H            2.89542908999927        0.58130993673871        3.40002177386421
H            3.98770254132419        2.72094088939672        1.94294627638268
H            1.41936323202085       -0.81060544937521        2.04814034310412
H           -1.11041851225541       -0.55342984856786        2.83671377398207
H           -1.80282304227284        0.10409093320640       -0.66341944258326
H           -3.87069365294380        1.40288414930027        0.04030778797673
H           -4.75381013316232       -0.12920380695996        0.15596048863487
H           -3.70485158611267        1.00347294673176       -2.20435075514204
H           -3.50983455848169       -2.30143216393821        0.15429797300393
H           -3.64152523389063       -1.46010497559622       -2.11044877830891
H           -0.61025649866978       -2.02228501163338       -0.73455551440330
H           -1.74393820447031       -4.05700368977794       -1.11847407760313
H           -1.85851951942953       -2.65356125840957        1.99084529664551
H            0.18482061229922       -3.66323820516019        1.50364654376166
H            1.25094184344854       -1.63214523754460       -0.28336256217887
H            3.49472876385980       -1.58861867573328       -0.49863265480499
H            2.52280086669820        0.24197660732799       -1.84650141838612
H            0.43733243773290        0.40753803530169       -2.76623403487263
48
 energy: -84.834375630375 gnorm: 0.004277083464 xtb: 6.7.1 (edcfbbe)
C            1.52216998097321        3.93703530082091       -1.46176966930162
O            1.80552982002860        2.56916551129066       -1.72295029830753
C            1.47905511259563        1.70297446863482       -0.69138832177385
O            2.34701995331610        1.89799488761255        0.40542626532363
C            1.92106127411037        1.20695987132768        1.57726036636614
C            3.16688636662979        1.02937713418261        2.45501355162140
O            3.75272509840689        2.26404139676282        2.77755006714691
C            1.22805029949360       -0.12745422054295        1.21596527147304
O           -0.16182850064131        0.14602553677837        1.10722544965432
C           -1.12841661741027       -0.66445176654848        1.74039726318348
O           -2.37295378299108       -0.20651186759836        1.30384630187562
C           -2.62586938422148       -0.34648922697024       -0.08834239283204
C           -3.94666564396071        0.38780339237832       -0.36548886865351
O           -4.27961100288758        0.38580775149770       -1.73157428355302
C           -2.71157110071522       -1.83593798036382       -0.44245464223284
O           -2.92817416079083       -2.06573598603080       -1.81060909099101
C           -1.37014190089765       -2.46671586560781       -0.06053431414896
O           -1.37910557343702       -3.86655557565419       -0.22139406203108
C           -1.05490388929192       -2.18289374040778        1.41807786687940
O            0.17929358220703       -2.72815788811430        1.79759808512392
C            1.81573777033190       -0.71401091873545       -0.06858574728557
O            3.16310479485864       -1.00749048787171        0.18490116274214
C            1.62687642825369        0.27072432052614       -1.23783677306428
O            0.49992835426959       -0.12219008924118       -1.97787457940943
H            2.11104202601827        4.30183377297273       -0.61891313562570
H            0.45687206715383        4.07216525523831       -1.24785791966409
H            1.79434040854941        4.47010925782633       -2.36897796116650
H            0.43436480102073        1.86227877422449       -0.35432842791184
H            1.18489224468345        1.83722824130634        2.10296214972085
H            3.87586644049287        0.38379691514803        1.92542397685011
H            2.88470990219926        0.56496780627004        3.40127396995476
H            3.97494809653905        2.70868151906225        1.94873142349755
H            1.40945684695317       -0.83529538854767        2.03289351234813
H           -1.10259075941202       -0.52595812517462        2.83148263037286
H           -1.80539660697269        0.10246917211454       -0.66633768814617
H           -3.87376843631485        1.40288289968836        0.03712048805524
H           -4.75649803190816       -0.12967497154057        0.15385562781970
H           -3.70521324644590        1.00073429532836       -2.20666012502610
H           -3.51253118535249       -2.30023422857530        0.15860534267236
H           -3.63466680265732       -1.46676022380303       -2.10933624395364
H           -0.60815392618687       -2.01894911002866       -0.71463554903835
H           -1.73694713609245       -4.05608632765835       -1.09963048476373
H           -1.86503234254091       -2.64645938593643        2.00886030727554
H            0.18064493910592       -3.65720713729321        1.52010798233514
H            1.26174678258734       -1.62782180116513       -0.30611315059012
H            3.50467175087095       -1.58439459838512       -0.51120197454810
H            2.53350601221510        0.25740686003446       -1.86041126216095
H            0.44553529365770        0.42096802611721       -2.77589041602914
48
 energy: -84.834737981402 gnorm: 0.005116215078 xtb: 6.7.1 (edcfbbe)
C            1.52802458057394        3.94718674489477       -1.45473899004188
O            1.81899777208698        2.58162979120826       -1.71926578251610
C            1.48506151243962        1.70862205379972       -0.69600592327268
O            2.34465471551829        1.89880566854607        0.40796976767223
C            1.91676496728890        1.19193290939371        1.57138697890704
C            3.15682247821680        1.01018630571198        2.45541502908531
O            3.73749480774981        2.24521988785041        2.78620258354227
C            1.22416290837056       -0.14046892117612        1.20208135360964
O           -0.16302704212196        0.15030025554478        1.08900519131024
C           -1.12749905084674       -0.65087497231963        1.73432165216294
O           -2.37579653366523       -0.19960393567626        1.30152633962599
C           -2.62943034384488       -0.34629153507638       -0.08905744382759
C           -3.95052024686593        0.38546713417911       -0.37003799250006
O           -4.28020581242373        0.37953342119321       -1.73696007300391
C           -2.71135818379415       -1.83796485544815       -0.43405763249098
O           -2.92049833327667       -2.07681676073994       -1.80209932330025
C           -1.37142577738079       -2.46620793928440       -0.04173734901800
O           -1.37658571018693       -3.86698042808634       -0.19611098986482
C           -1.06049657086041       -2.17545876212824        1.43598563695187
O            0.16983646820588       -2.72386756607550        1.82325145447922
C            1.82003949397237       -0.71412963217724       -0.08656745677575
O            3.16737597681161       -1.00545238284738        0.17031498260844
C            1.63699087283877        0.27940564623770       -1.24949119212808
O            0.51314723246865       -0.10953301214555       -1.99602090899317
H            2.11132094902845        4.31291443186599       -0.60835996450288
H            0.46117621272212        4.07624420867277       -1.24467990202528
H            1.80099144813507        4.48392057123757       -2.35955165265073
H            0.43728946688188        1.86340218709489       -0.36684834866255
H            1.17645767544492        1.81425922691275        2.10059715289253
H            3.86941846429990        0.36724366980841        1.92781609378980
H            2.86997026658480        0.54255111129827        3.39886031786328
H            3.96188017741700        2.69362461813562        1.96007852764837
H            1.39783398165540       -0.85768368138662        2.01127469523431
H           -1.09425499439437       -0.49477122419518        2.82199325059964
H           -1.81017334140149        0.10018758037732       -0.67032399436601
H           -3.87925512690180        1.40155754429552        0.03034951723561
H           -4.76073437400318       -0.13155898724185        0.14906280968184
H           -3.70580268231537        0.99473770867630       -2.21171669012226
H           -3.51524376348873       -2.29928523607381        0.16543342311427
H           -3.62481813706507       -1.47886651253183       -2.10779092461908
H           -0.60448628294980       -2.01907058221464       -0.69045662898387
H           -1.72970386987075       -4.06016260353785       -1.07536168457551
H           -1.87386310599317       -2.62865636217157        2.02979626855984
H            0.17034656229474       -3.65257461149029        1.54507321827917
H            1.27100772388970       -1.62789622926803       -0.33992169035475
H            3.51423521442552       -1.57751805498746       -0.52738854241112
H            2.54499781045168        0.27254586368827       -1.87017517551132
H            0.45887596028871        0.44021170413823       -2.78958830952051
48
 energy: -84.834939140114 gnorm: 0.004321253688 xtb: 6.7.1 (edcfbbe)
C            1.53501320590975        3.95764229129059       -1.44681313127949
O            1.83335494277854        2.59439114464763       -1.71577067860624
C            1.49216806127859        1.71511474544586       -0.70029144777293
O            2.34738168874663        1.89729429563374        0.40785146741225
C            1.91759251564448        1.18164840984284        1.56439442753438
C            3.15191190107928        0.99221673191901        2.45403102366863
O            3.73065315581376        2.22502878376345        2.79667229703773
C            1.22101875122720       -0.14672987374964        1.19069093678650
O           -0.16468555858375        0.15530650532677        1.07816198397255
C           -1.12808487175288       -0.64048265319441        1.72903214485663
O           -2.37836369095777       -0.19154770619853        1.29925165382564
C           -2.63263167846646       -0.34762164289531       -0.09010801039493
C           -3.95449040940491        0.38044264959100       -0.37659688244998
O           -4.28009754369044        0.36975429535693       -1.74452055816928
C           -2.71160109017697       -1.84195495094079       -0.42610006464064
O           -2.91432013135599       -2.08976234992821       -1.79381928819470
C           -1.37320149748193       -2.46858614475276       -0.02558256495171
O           -1.37657496301616       -3.86998299964065       -0.17265403929958
C           -1.06684382515733       -2.16768990178180        1.45006094403101
O            0.15699496059345       -2.72168219283661        1.84941922741887
C            1.82029415494564       -0.71220673210989       -0.10265650982331
O            3.16702283944596       -1.00290262302448        0.15900093445165
C            1.64405805685463        0.28877992511382       -1.26065709000733
O            0.52327347432947       -0.09423296860822       -2.01497391430002
H            2.11246856931256        4.32338634766449       -0.59634029785064
H            0.46662061572659        4.08083375512254       -1.24080719060963
H            1.80914084957354        4.49945606858825       -2.34828824833957
H            0.44281885798889        1.86980776887327       -0.37657363167219
H            1.17599164802120        1.80031144934263        2.09617210489804
H            3.86730239682874        0.35113153929835        1.92814447018272
H            2.85720943929892        0.51921762034518        3.39259325769068
H            3.95381156462534        2.68044204179478        1.97414180766050
H            1.38968428951029       -0.87015088486364        1.99333328680324
H           -1.09069767469602       -0.47046540805246        2.81470250509330
H           -1.81470259360636        0.09678977463771       -0.67497934543328
H           -3.88577678263677        1.39789572919009        0.02089626839389
H           -4.76549535691697       -0.13588278815258        0.14194429310279
H           -3.70619714817071        0.98574551441348       -2.21887826017239
H           -3.51779503818469       -2.30008036708545        0.17275460912823
H           -3.61704175065363       -1.49380810111879       -2.10636136510028
H           -0.60305811892997       -2.02339894993252       -0.67178229218779
H           -1.72626953184029       -4.06781066881840       -1.05208831496249
H           -1.88561516873517       -2.60599569146555        2.04741716551870
H            0.15542436466686       -3.65053410565265        1.57193161089026
H            1.27586236835308       -1.62554353635695       -0.36970047285996
H            3.51946216401724       -1.56911794570108       -0.54090964610528
H            2.55490534996842        0.28388329337546       -1.87734897841963
H            0.47210065429321        0.46164596399610       -2.80451451925562
48
 energy: -84.835098531813 gnorm: 0.002792342617 xtb: 6.7.1 (edcfbbe)
C            1.54307601369501        3.96907142699494       -1.43767823031749
O            1.84847532306148        2.60831030222243       -1.71219641941345
C            1.50132111773354        1.72281960397034       -0.70403446969197
O            2.35556031591675        1.89415220507813        0.40592470691813
C            1.92207618970933        1.17550271999759        1.55666233327050
C            3.15098381152186        0.97488900848699        2.45113511646372
O            3.73100319523039        2.20290184573252        2.80901561885535
C            1.21889989502692       -0.14811012870241        1.18035498372455
O           -0.16599397927518        0.16068532851137        1.07124761571124
C           -1.12986000341524       -0.63147428915753        1.72442340683920
O           -2.38013322849491       -0.18147796440497        1.29524094446523
C           -2.63566788801036       -0.35032555482102       -0.09280193358474
C           -3.95878040737144        0.37293472471259       -0.38581988726252
O           -4.27966820006433        0.35621246195718       -1.75481230193756
C           -2.71235465200552       -1.84765933530581       -0.41859512859085
O           -2.90987708512106       -2.10454825799810       -1.78554263333890
C           -1.37548069236099       -2.47282534170075       -0.01054752777149
O           -1.37856641596953       -3.87466815796312       -0.14858725413739
C           -1.07513058816999       -2.15943259892009        1.46256172575933
O            0.14090107501579       -2.71923932387295        1.87729639172057
C            1.81744828969259       -0.70894995198097       -0.11746317585645
O            3.16292248561604       -1.00218765973073        0.14872319327343
C            1.64925101774690        0.29917763066059       -1.27098725407909
O            0.53109164917128       -0.07566940816353       -2.03347837340506
H            2.11452767102751        4.33339706741136       -0.58244497662904
H            0.47313565950381        4.08633745870695       -1.23606733436040
H            1.81888935777381        4.51726232826454       -2.33484375462236
H            0.45180157149515        1.88002418890324       -0.38251692432238
H            1.18208992288768        1.79465496786009        2.09066611593536
H            3.86834694335349        0.33584986496435        1.92551213579336
H            2.84717607354783        0.49389558521993        3.38300192594417
H            3.95063056353156        2.66855925458586        1.99123081855549
H            1.38465264793437       -0.87639468205844        1.97746460416506
H           -1.09157077319715       -0.45127169945106        2.80910096824410
H           -1.81906782719890        0.09147971945481       -0.68184093953280
H           -3.89367470268708        1.39208313780288        0.00809445337216
H           -4.77047757316552       -0.14302162732120        0.13203988693075
H           -3.70674450560250        0.97318665319323       -2.22905775302874
H           -3.52047786579063       -2.30205017221373        0.18042888161666
H           -3.61177154889482       -1.51168495221055       -2.10491576966052
H           -0.60297713064590       -2.03133605569570       -0.65655014817517
H           -1.72584227163216       -4.07859820131920       -1.02749988065764
H           -1.90126201450929       -2.58188775266900        2.06172101954806
H            0.13712111971816       -3.64869067841018        1.60169103011789
H            1.27468531246323       -1.62024866843297       -0.39478340875456
H            3.52026321027398       -1.56077569328388       -0.55495851274718
H            2.56353372763127        0.29299917687482       -1.88280026572198
H            0.48551160971383        0.48613695332362       -2.81923194353771
48
 energy: -84.835229959138 gnorm: 0.002617147771 xtb: 6.7.1 (edcfbbe)
C            1.55170380849308        3.98056462792180       -1.42767083203154
O            1.86237750665161        2.62217188831695       -1.70843511451581
C            1.51191483555207        1.73110335588692       -0.70626515087158
O            2.36844718934373        1.89025722040770        0.40342888378056
C            1.92905968060831        1.17282089555999        1.54975269534924
C            3.15357804824043        0.95921166003829        2.44761495173783
O            3.73687284614409        2.18087822974381        2.82201023981812
C            1.21793228724349       -0.14619427954198        1.17203425235784
O           -0.16646474401075        0.16596261507053        1.06684704386247
C           -1.13285958247414       -0.62296990002833        1.72058459751399
O           -2.38107119494003       -0.16938057627634        1.28852557662946
C           -2.63834576050993       -0.35383027660215       -0.09793556129049
C           -3.96306166323061        0.36387822412804       -0.39769248480866
O           -4.27957800031784        0.33987568305193       -1.76756753140665
C           -2.71390894083263       -1.85425650895451       -0.41215381423699
O           -2.90824010286514       -2.12043688513287       -1.77769128719649
C           -1.37852373421397       -2.47815495441233        0.00269882789392
O           -1.38246283815227       -3.88048550543148       -0.12428375971582
C           -1.08434435518166       -2.15097490154952        1.47311091881568
O            0.12440618583255       -2.71433565770032        1.90392743211663
C            1.81270536338877       -0.70441690780977       -0.12977853296157
O            3.15616368230924       -1.00523794257386        0.13860857997946
C            1.65313485276020        0.30991561153318       -1.27960123532350
O            0.53634791024393       -0.05518428770414       -2.04885047562524
H            2.11786309302134        4.34182302301870       -0.56755964598172
H            0.48046820860368        4.09313286032884       -1.23043173008666
H            1.82988158298251        4.53543337758853       -2.32002684071312
H            0.46351050590835        1.89187258386999       -0.38301811871872
H            1.19258170801535        1.79551944276289        2.08539412570306
H            3.87178072347206        0.32297442882010        1.91964325311050
H            2.84203373965609        0.46847830181038        3.37200209195227
H            3.95254421736369        2.65835690439139        2.00985283657700
H            1.38261583198655       -0.87842089029790        1.96514103602964
H           -1.09641138186064       -0.43607989042902        2.80498881410022
H           -1.82301771849031        0.08424568858464       -0.69188235212135
H           -3.90219754893489        1.38493896808394       -0.00801947670471
H           -4.77493544603552       -0.15214033646323        0.11989335668910
H           -3.70780549749414        0.95727121038557       -2.24261931122487
H           -3.52340829771679       -2.30431924823626        0.18818306414764
H           -3.61006671038099       -1.53125675000353       -2.10337783484456
H           -0.60438633279127       -2.04216441394775       -0.64524105564496
H           -1.72864414794398       -4.09199217407270       -1.00186327004787
H           -1.91791660959818       -2.56006708319453        2.07187407918696
H            0.11909271806059       -3.64506828354679        1.63233248808107
H            1.26693366481396       -1.61151203295138       -0.41346189951001
H            3.51601018667732       -1.55436550806877       -0.57126802383174
H            2.57040477124105        0.30043209313426       -1.88718753398263
H            0.49728187575229        0.51212176108419       -2.83108459739885
48
 energy: -84.835339243337 gnorm: 0.002975815455 xtb: 6.7.1 (edcfbbe)
C            1.56053391148958        3.99140704804096       -1.41721933246283
O            1.87336639951846        2.63486721715427       -1.70434979326148
C            1.52245464752542        1.73932156907354       -0.70641997059130
O            2.38350925967481        1.88666980738998        0.40164176701924
C            1.93694168015440        1.17215473550376        1.54504858345707
C            3.15848903270825        0.94589051569997        2.44440024386443
O            3.74535036801335        2.16104932855012        2.83411893220343
C            1.21788545609490       -0.14279951395539        1.16607323365986
O           -0.16595933900297        0.17109640064184        1.06317831145601
C           -1.13657269310654       -0.61433106417935        1.71669832137362
O           -2.38135868264017       -0.15627834669726        1.27901676182060
C           -2.64050734025503       -0.35745589134692       -0.10548587446376
C           -3.96690811854092        0.35461899575357       -0.41157265675645
O           -4.28034747798716        0.32225281947470       -1.78193477563116
C           -2.71620365868371       -1.86086063199931       -0.40696906687040
O           -2.90951027219669       -2.13669842197057       -1.77050148772597
C           -1.38221488733235       -2.48372578204657        0.01382163178202
O           -1.38812593797613       -3.88674685327791       -0.10028969220560
C           -1.09289577950782       -2.14282522912528        1.48153350860683
O            0.11062991166717       -2.70615300900201        1.92614016951501
C            1.80715506409606       -0.69962233604529       -0.13911165633864
O            3.14800384460636       -1.01272608888913        0.12829856145331
C            1.65585675560755        0.32021751432861       -1.28561248924035
O            0.53909914690093       -0.03468687658716       -2.05947787785731
H            2.12283446555241        4.34804986072988       -0.55264362172367
H            0.48843783371076        4.10171574153336       -1.22387860406672
H            1.84186017831140        4.55218123948656       -2.30486437211672
H            0.47605215869772        1.90327125448370       -0.37822980390451
H            1.20456929969753        1.79963128648151        2.08157021288541
H            3.87639227688673        0.31324134905955        1.91144950996518
H            2.84242362083962        0.44527002111148        3.36181299821185
H            3.95910388979902        2.64944071139900        2.02793680423173
H            1.38252225209140       -0.87820915683413        1.95657787743212
H           -1.10342545842255       -0.42267509229448        2.80101423587260
H           -1.82634485420025        0.07564329605741       -0.70495969943268
H           -3.91023293588563        1.37777441010007       -0.02690882567041
H           -4.77834659766047       -0.16149088502226        0.10668400604939
H           -3.70943855770325        0.93870756892055       -2.25921057977392
H           -3.52659909468993       -2.30589126495017        0.19591679991394
H           -3.61167858975597       -1.55105458024703       -2.10166980194404
H           -0.60683432610067       -2.05484684417264       -0.63754492305774
H           -1.73452133134290       -4.10678375643820       -0.97578345974695
H           -1.93208962503533       -2.54264030283391        2.07900194800647
H            0.10463160335728       -3.63899511176038        1.66149527193626
H            1.25386654541664       -1.60076452205821       -0.42639301382974
H            3.50733524439119       -1.55103310557866       -0.59015481377113
H            2.57500651785138        0.30699506986008       -1.89051173200703
H            0.50580060972303        0.53782236859094       -2.83825009306487
48
 energy: -84.835432650615 gnorm: 0.002631118327 xtb: 6.7.1 (edcfbbe)
C            1.56977246251057        4.00148436087567       -1.40633854529503
O            1.88103895077786        2.64602998934961       -1.69979497455493
C            1.53152869561878        1.74718656665140       -0.70459955064530
O            2.39799757630969        1.88416132627957        0.40119410912247
C            1.94451218701090        1.17210875696982        1.54286537348193
C            3.16456740826704        0.93475051093806        2.44171160867445
O            3.75437444464993        2.14399837665304        2.84447681273566
C            1.21826370753082       -0.13917270243089        1.16225859183325
O           -0.16476947018542        0.17636061988227        1.05903207320490
C           -1.14044883301964       -0.60520630855120        1.71198493232611
O           -2.38129663558272       -0.14340301025253        1.26725481760964
C           -2.64212235809997       -0.36093581582798       -0.11491394976264
C           -3.96999419678406        0.34601729074835       -0.42691245046566
O           -4.28210914531345        0.30410210210316       -1.79728072259240
C           -2.71914184549908       -1.86713376955360       -0.40276167383585
O           -2.91323895996416       -2.15339335881120       -1.76381546912804
C           -1.38658899846004       -2.48932665438221        0.02325792618102
O           -1.39574654278263       -3.89326081141868       -0.07663119168647
C           -1.09959726617093       -2.13502714783852        1.48804561920910
O            0.10129685470899       -2.69502927849278        1.94257238456537
C            1.80144424343667       -0.69508444160603       -0.14585710954708
O            3.13927990818027       -1.02359891735472        0.11779611818790
C            1.65743738240106        0.32984622332059       -1.28905037306522
O            0.53981484923883       -0.01530092962269       -2.06579261579725
H            2.12987638141635        4.35209561786575       -0.53788680512098
H            0.49727653729408        4.11258764322542       -1.21618360035943
H            1.85516516711015        4.56692603756965       -2.28965241413458
H            0.48753811916210        1.91345652282629       -0.36988454620447
H            1.21610205370904        1.80408029359229        2.07982138680094
H            3.88123256276429        0.30613308710115        1.90196126454360
H            2.84735707046702        0.42501945895440        3.35334384717862
H            3.96998247506851        2.64086753743512        2.04420064197297
H            1.38280280381844       -0.87712631719160        1.95105221559725
H           -1.11105480219256       -0.40897283079072        2.79593802670704
H           -1.82891941865332        0.06610748101115       -0.72021110886206
H           -3.91678493714767        1.37156462494397       -0.04838769812747
H           -4.78059875890075       -0.16947366413490        0.09335416297161
H           -3.71150962404386        0.91781573101241       -2.27845200302787
H           -3.53011316447785       -2.30624550471104        0.20382140936064
H           -3.61568042321364       -1.57063437354497       -2.09973325302508
H           -0.61012253733243       -2.06898855415955       -0.63244774631723
H           -1.74319335373231       -4.12220042276841       -0.94952074244461
H           -1.94179147685471       -2.52895055806268        2.08516628199939
H            0.09510124804211       -3.63078744774671        1.68802464162497
H            1.23761689022804       -1.58921351184244       -0.43527665132012
H            3.49551687772106       -1.55046351727303       -0.61075503172707
H            2.57737932291517        0.31358906990112       -1.89276819711470
H            0.51054298436562        0.56263608279649       -2.84074414994540
48
 energy: -84.835509842678 gnorm: 0.001981365550 xtb: 6.7.1 (edcfbbe)
C            1.57994034477518        4.01103195952698       -1.39501395339795
O            1.88590075051553        2.65580499425530       -1.69483572853326
C            1.53802911504609        1.75466019158588       -0.70147171217562
O            2.40935911126761        1.88337934353429        0.40212885647567
C            1.95083176075376        1.17188683330790        1.54271096318971
C            3.17080882513525        0.92522140077033        2.43920040139142
O            3.76293445619750        2.12933473282985        2.85272155155895
C            1.21847166774881       -0.13584023799305        1.15992425124807
O           -0.16350976400679        0.18201814520859        1.05385387337004
C           -1.14403976947561       -0.59573673658330        1.70610581890854
O           -2.38126806911766       -0.13201206323232        1.25433041025929
C           -2.64327191457042       -0.36433762930173       -0.12529832481389
C           -3.97201807319466        0.33865792452310       -0.44302955758747
O           -4.28440263128657        0.28578522632725       -1.81296826158762
C           -2.72260776783488       -1.87311057613788       -0.39904376256053
O           -2.91865452118692       -2.17075048088297       -1.75730570571932
C           -1.39159670014976       -2.49499755220211        0.03171179155230
O           -1.40526501506183       -3.89996261906582       -0.05321905632392
C           -1.10402476911195       -2.12757133352851        1.49315931093853
O            0.09662417122724       -2.68232889521199        1.95335980956887
C            1.79582857599576       -0.69097341367950       -0.15085045870610
O            3.13051203181889       -1.03549720314001        0.10736244439738
C            1.65779602808081        0.33884122273701       -1.29052145006617
O            0.53906950645717        0.00226667784236       -2.06922639412590
H            2.13948289899600        4.35429688928107       -0.52327107415923
H            0.50747717719667        4.12599442584122       -1.20713514463478
H            1.87027772167523        4.57990580886346       -2.27444833073104
H            0.49630772724150        1.92252225969580       -0.36072991633549
H            1.22605246736111        1.80705531408623        2.08052456724824
H            3.88551947785615        0.30053069236304        1.89197853731872
H            2.85485384331512        0.40750202968000        3.34642667687262
H            3.98461911077520        2.63188718928797        2.05794285633475
H            1.38194822179539       -0.87591981232349        1.94731878283376
H           -1.11827483161340       -0.39411005786734        2.78921127066358
H           -1.83063567668474        0.05595462368638       -0.73616026372505
H           -3.92082822827456        1.36704041464317       -0.07218811688078
H           -4.78182250110204       -0.17461267180759        0.08077508625031
H           -3.71333662173809        0.89476526907692       -2.29965909974259
H           -3.53401903534350       -2.30540325200376        0.21204359427744
H           -3.62094036740804       -1.59005911639621       -2.09752997864031
H           -0.61401238541630       -2.08438252493449       -0.62879748629315
H           -1.75391606640979       -4.13768405583221       -0.92332404720433
H           -1.94665045921931       -2.51752082011825        2.09219826697154
H            0.09013238292933       -3.62145489963815        1.71120804945562
H            1.22068307894897       -1.57789143835640       -0.44186435381814
H            3.48216964325368       -1.55145383102992       -0.63123013956817
H            2.57788876146465        0.32083086686199       -1.89399032651399
H            0.51157272663855        0.58643225059996       -2.83960285686119
48
 energy: -84.835587194472 gnorm: 0.002094051313 xtb: 6.7.1 (edcfbbe)
C            1.59645620979068        4.02437223622523       -1.37845924679703
O            1.89005919777262        2.66837394335779       -1.68765735202473
C            1.54289878712493        1.76497177225746       -0.69641857283716
O            2.41886128532770        1.88532838673069        0.40488624035542
C            1.95724440470744        1.17112909254989        1.54403205606006
C            3.17880576418750        0.91300564167578        2.43508412401556
O            3.77400561116787        2.11072927001902        2.86104650738391
C            1.21782624312347       -0.13149799505331        1.15765288010258
O           -0.16261613154940        0.19050510839482        1.04533874208627
C           -1.14847229277232       -0.58269100720131        1.69662778748151
O           -2.38183546391703       -0.11924168852603        1.23628351587816
C           -2.64441575011807       -0.36943066421950       -0.13988719851193
C           -3.97300964406017        0.33034270477151       -0.46614137954507
O           -4.28733214435796        0.25960896028499       -1.83498369354989
C           -2.72822585456892       -1.88147659428314       -0.39373567103990
O           -2.92775625904775       -2.19626226082952       -1.74777729810391
C           -1.39956055170762       -2.50336690895240        0.04328502558355
O           -1.42100854007475       -3.90970348392485       -0.02035437290862
C           -1.10757047975586       -2.11767292722868        1.49927840077643
O            0.09516374077159       -2.66456301268833        1.96230787573830
C            1.78823667547009       -0.68537112131302       -0.15664643796725
O            3.11872317289643       -1.04979194068617        0.09328680225980
C            1.65656973555720        0.35107076331364       -1.29106509346513
O            0.53676693100699        0.02422777753001       -2.07230663527488
H            2.15742891120432        4.35541292238589       -0.50286751563026
H            0.52465392401970        4.14856051191980       -1.19221519681600
H            1.89465106112261        4.59672655207607       -2.25295991967098
H            0.50350272583455        1.93460982448826       -0.35017692680587
H            1.23738946672515        1.80838514821300        2.08514035966763
H            3.89000982642357        0.29302475409041        1.87776577450147
H            2.86611532909493        0.38569417378957        3.33774682738405
H            4.00906175459256        2.61756614613403        2.07299866192367
H            1.37797685834708       -0.87424361374634        1.94301346106737
H           -1.12737416835984       -0.37215787203201        2.77796998993919
H           -1.83161376972485        0.04080880985465       -0.75739423517047
H           -3.92177298961332        1.36350728012118       -0.10884833498345
H           -4.78241928964337       -0.17636195393300        0.06482118359678
H           -3.71435793937724        0.85909821584802       -2.33141378855268
H           -3.54023377584937       -2.30313175607879        0.22421780779303
H           -3.62910469338123       -1.61754716237652       -2.09379024649809
H           -0.62032408099772       -2.10753608941177       -0.62423632566355
H           -1.77078543958992       -4.15917490277927       -0.88669977877777
H           -1.94795010040511       -2.50293373226171        2.10454638184185
H            0.08745023802226       -3.60829379789050        1.73870456224323
H            1.19906242689020       -1.56299489825430       -0.44999093528095
H            3.46354915104765       -1.55285690339127       -0.65713901496359
H            2.57665750883697        0.33243442467212       -1.89459640121618
H            0.50860883398880        0.61880333358899       -2.83479172717353
48
 energy: -84.835620886890 gnorm: 0.001775245226 xtb: 6.7.1 (edcfbbe)
C            1.60485549142535        4.03003428960948       -1.37179975064208
O            1.89127479788078        2.67332767820603       -1.68510539360784
C            1.54237832432444        1.76927378806544       -0.69493903484301
O            2.41817787645080        1.88796956583506        0.40632779631998
C            1.95794320221714        1.17076261933710        1.54440651307517
C            3.18079897411870        0.90841088015601        2.43257501119750
O            3.77790957581047        2.10380847277156        2.86205149081160
C            1.21659253856860       -0.12979514050195        1.15660651753676
O           -0.16347373910556        0.19374871692081        1.04192066520655
C           -1.14989990004482       -0.57865818917250        1.69298243393450
O           -2.38280597952004       -0.11670923180499        1.23065011654749
C           -2.64469039312521       -0.37198725083416       -0.14459441681177
C           -3.97206859545833        0.32826652683484       -0.47492112678895
O           -4.28748114383124        0.24899112104855       -1.84307930474995
C           -2.73082264748693       -1.88503876132270       -0.39115772930951
O           -2.93155018106295       -2.20669304623886       -1.74345331182743
C           -1.40312745736088       -2.50709852252404        0.04823949219600
O           -1.42803043646031       -3.91369432834518       -0.00751057654675
C           -1.10826228334184       -2.11450117204907        1.50167254931055
O            0.09576111958999       -2.65954684507923        1.96397428918742
C            1.78549934573217       -0.68280612400939       -0.15899844034631
O            3.11487600837819       -1.05133614715384        0.08862092835578
C            1.65517049088499        0.35606707414830       -1.29134558815340
O            0.53561861484571        0.03151466689570       -2.07398800345791
H            2.16763713500157        4.35526391665515       -0.49524404663692
H            0.53374112254228        4.15943270556735       -1.18500542390374
H            1.90616593083664        4.60327101335410       -2.24461130290197
H            0.50299981013661        1.93978210622478       -0.34933405854273
H            1.24015124567575        1.80739958856131        2.08879915111703
H            3.89027260194498        0.28927321699372        1.87237538757482
H            2.86881815287867        0.37847464086139        3.33404940796225
H            4.01940787534841        2.61040630458004        2.07578457954004
H            1.37463671977621       -0.87353396940039        1.94094546003951
H           -1.13030482584773       -0.36434196994231        2.77355220352951
H           -1.83088029455123        0.03425422838125       -0.76335552861282
H           -3.91866864462106        1.36375390945144       -0.12475455064658
H           -4.78219666746061       -0.17321241386470        0.05991089807472
H           -3.71310131921650        0.84333099247165       -2.34403575220171
H           -3.54315949393264       -2.30219754569796        0.22929823765127
H           -3.63226444195817       -1.62856825366549       -2.09174895145503
H           -0.62319676805671       -2.11714652415764       -0.62182238417971
H           -1.77775979028211       -4.16712052102293       -0.87261978437097
H           -1.94696686270232       -2.49745516189312        2.11079844935694
H            0.08695328817054       -3.60432106677749        1.74612391764926
H            1.19359315091175       -1.55801086815934       -0.45374019056477
H            3.45805692229562       -1.55192347234825       -0.66381669356713
H            2.57550957485562        0.33793287323352       -1.89461422553567
H            0.50590839098010        0.63094109779359       -2.83258825821946
48
 energy: -84.835679694010 gnorm: 0.001791428825 xtb: 6.7.1 (edcfbbe)
C            1.62856050844005        4.04416910104092       -1.35584659220082
O            1.89331274381141        2.68507316392223       -1.67965778161978
C            1.53776263913419        1.78014096210255       -0.69192483956953
O            2.41066304179843        1.89688268861913        0.41041669247299
C            1.95667694435015        1.17087189972607        1.54544181518271
C            3.18396011826572        0.89875195606796        2.42527486783510
O            3.78774737371201        2.08875949036334        2.85967758803152
C            1.21207344218194       -0.12515859426622        1.15449437598957
O           -0.16756781511703        0.20076179750234        1.03494088741465
C           -1.15337458863415       -0.57157754066700        1.68551840023347
O           -2.38647941119895       -0.11436678292159        1.21981822080324
C           -2.64483864092989       -0.37901495172126       -0.15423517368438
C           -3.96728478636999        0.32536890281357       -0.49550430939346
O           -4.28609727903345        0.22291540734050       -1.86150566261764
C           -2.73756263582319       -1.89404508087343       -0.38481734588399
O           -2.94109278760684       -2.23170109774882       -1.73284122968028
C           -1.41217273046653       -2.51708471319863        0.05982307633940
O           -1.44562732631678       -3.92402239785190        0.02221294709494
C           -1.10942687436049       -2.10874334911251        1.50689058719826
O            0.09847240807857       -2.65040772600965        1.96510100104668
C            1.77878471513947       -0.67577873797969       -0.16388651372675
O            3.10670845080362       -1.04947713628939        0.07957647011170
C            1.64977490692237        0.36834553257232       -1.29170314229298
O            0.53120878258233        0.04739135145359       -2.07749413671164
H            2.19849427630710        4.35369355206877       -0.47826794938396
H            0.55995514789935        4.18909069996262       -1.16527917186607
H            1.93697451285142        4.61864275404492       -2.22523550046405
H            0.49727223590545        1.95326374296859       -0.35100527068195
H            1.24410975175028        1.80447413751153        2.10015665913459
H            3.88799319445613        0.27963801597084        1.85893085087954
H            2.87346034129868        0.36491145103331        3.32517157192341
H            4.04442173069296        2.59184443990342        2.07587592872906
H            1.36506146877136       -0.87106076805574        1.93650613505104
H           -1.13716765542554       -0.34934258720417        2.76455999740748
H           -1.82679425271999        0.01761720672910       -0.77354515230895
H           -3.90502466240874        1.36714587331494       -0.16543466352312
H           -4.78029630036716       -0.15939058829590        0.05055306149496
H           -3.70726271947410        0.80246970843315       -2.37471521718009
H           -3.55068296732990       -2.30030575316725        0.24153692905785
H           -3.64039135080002       -1.65503716928862       -2.08636169663990
H           -0.63054631050013       -2.14082130214442       -0.61608659685819
H           -1.79493491325383       -4.18634839566299       -0.84026067331198
H           -1.94297594411126       -2.48673324304720        2.12607549361671
H            0.08662923017437       -3.59701777487676        1.75822742090129
H            1.18305486717958       -1.54689497692085       -0.46221545971951
H            3.44722332929142       -1.54818006401718       -0.67468786395127
H            2.57071811193429        0.35182314022224       -1.89438796822468
H            0.49652409460659        0.65845922535361       -2.82639940027352
48
 energy: -84.835698264879 gnorm: 0.001125564053 xtb: 6.7.1 (edcfbbe)
C            1.64094731175458        4.05134324759265       -1.34851734458265
O            1.89546723898556        2.69152111119978       -1.67740776426336
C            1.53662733147228        1.78591079405767       -0.69106416427001
O            2.40831252001565        1.90047618947851        0.41202147314789
C            1.95580883091306        1.17192620337628        1.54523765976854
C            3.18478729179402        0.89495746484211        2.42183771405530
O            3.79348201185248        2.08227355512002        2.85703844280538
C            1.20978920289588       -0.12266320495636        1.15315862498576
O           -0.16996904185367        0.20277177100693        1.03338932610561
C           -1.15550339207846       -0.57001519153785        1.68373115018035
O           -2.38848919501900       -0.11343437849461        1.21624018837257
C           -2.64463516285223       -0.38266635469117       -0.15791257400006
C           -3.96426550613522        0.32412785892352       -0.50475303948557
O           -4.28496573990378        0.21062382742160       -1.86936479663485
C           -2.74071507245250       -1.89867609317650       -0.38192385192508
O           -2.94532462938886       -2.24272825267886       -1.72806204592414
C           -1.41628546939980       -2.52233851461423        0.06512355822138
O           -1.45296062763479       -3.92932959256116        0.03534655840606
C           -1.11153386855994       -2.10744280334080        1.50975720231815
O            0.09699958135444       -2.64825046785022        1.96824579283908
C            1.77537040326285       -0.67158885491153       -0.16657592204380
O            3.10333490418473       -1.04681167606604        0.07570424659418
C            1.64707088208194        0.37475814274340       -1.29274048586481
O            0.52840551582081        0.05602063188438       -2.07941347415520
H            2.21500873805966        4.35360522632422       -0.47118333895460
H            0.57393405777019        4.20311477402029       -1.15497117599393
H            1.95155173019722        4.62654356343622       -2.21664202882409
H            0.49568408596879        1.96081400650182       -0.35176761297960
H            1.24550400933671        1.80466058643014        2.10399138869332
H            3.88555036590063        0.27471930119604        1.85266751749222
H            2.87437406107395        0.36017318100341        3.32123989736733
H            4.05230360564753        2.58447114918595        2.07352374560429
H            1.36239025293432       -0.86967482821641        1.93414642509795
H           -1.14085786410402       -0.34589959983677        2.76267757690090
H           -1.82398296465420        0.00961010475170       -0.77669573581439
H           -3.89704818668289        1.36856379896021       -0.18451067948561
H           -4.77874788527271       -0.15185844706702        0.04657376768618
H           -3.70419162183668        0.78304008351085       -2.38814609291840
H           -3.55425922240383       -2.30030209404135        0.24691686216129
H           -3.64454647446703       -1.66734907954294       -2.08392274762840
H           -0.63405545621994       -2.15153346636315       -0.61336532676334
H           -1.80281861001963       -4.19604341428704       -0.82568423472494
H           -1.94408478422271       -2.48301682501622        2.13156145545590
H            0.08428606180164       -3.59559989417795        1.76398766636324
H            1.17829964971452       -1.54148103412922       -0.46646638618003
H            3.44292056022708       -1.54610352583882       -0.67912976866525
H            2.56814651120920        0.35804494382497       -1.89533358225237
H            0.49288047499926        0.67073154707210       -2.82508240075149
48
 energy: -84.835713371415 gnorm: 0.000778884712 xtb: 6.7.1 (edcfbbe)
C            1.65384127296127        4.05791320564693       -1.34199862385769
O            1.89822282319414        2.69753823095855       -1.67552275215549
C            1.53610120135109        1.79132403601541       -0.69068710064724
O            2.40684090408805        1.90288276826706        0.41319355674371
C            1.95422902057726        1.17322431882176        1.54468485444349
C            3.18402604467220        0.89296135183604        2.41948361899543
O            3.79807040322262        2.07842994386927        2.85204790408678
C            1.20772741736511       -0.12101773637002        1.15169071389112
O           -0.17230959221447        0.20299865838171        1.03317214799259
C           -1.15751985650876       -0.57045514486995        1.68335815212162
O           -2.39028020387963       -0.11386019533047        1.21429330356671
C           -2.64404658289124       -0.38622275749992       -0.16022565546582
C           -3.96059638894214        0.32362977337372       -0.51198277997971
O           -4.28378190586360        0.19959176446551       -1.87491036719275
C           -2.74322597333099       -1.90289294816853       -0.37932517071640
O           -2.94881738273025       -2.25139090887804       -1.72383569247874
C           -1.41958801318051       -2.52742775176365        0.06939377047718
O           -1.45851831888114       -3.93418219836746        0.04523343083618
C           -1.11423264114990       -2.10791189074483        1.51231001551696
O            0.09403616715185       -2.64809961020914        1.97250172266363
C            1.77223598150291       -0.66742690378692       -0.16949519156933
O            3.10083524469387       -1.04238314487551        0.07140250821818
C            1.64406544458837        0.38072235976252       -1.29417154046880
O            0.52449356588558        0.06454545197152       -2.08050315049300
H            2.23322789347518        4.35404558420651       -0.46621039712421
H            0.58871202647613        4.21632899752622       -1.14395607554112
H            1.96497773970053        4.63342543041073       -2.20969634093742
H            0.49500241828517        1.96823754366017       -0.35226386627846
H            1.24489635306124        1.80529112009809        2.10547001885037
H            3.88162925738373        0.27016582505362        1.84931203718773
H            2.87344988114324        0.35993364887357        3.31965433827356
H            4.05399436509247        2.57968045490749        2.06712555026381
H            1.36169496598830       -0.86924842616226        1.93153988584608
H           -1.14382810033171       -0.34578919134021        2.76250075640404
H           -1.82038461680525        0.00214516561055       -0.77741704900547
H           -3.88758901861370        1.37047637967356       -0.20148544758866
H           -4.77649259254902       -0.14324557225759        0.04475159175092
H           -3.70125192462079        0.76479855225609       -2.39935196554872
H           -3.55728011113378       -2.30062327900761        0.25130209167130
H           -3.64863741257778       -1.67761848624477       -2.08115966162691
H           -0.63686474511696       -2.16056145880226       -0.61070321408184
H           -1.80987774407655       -4.20428968941073       -0.81410424513027
H           -1.94700569848962       -2.48144356619585        2.13496013057315
H            0.08154870076188       -3.59547826618918        1.76767502672927
H            1.17520425791177       -1.53698182655289       -0.47047549240977
H            3.43876846202096       -1.54553807213183       -0.68166918284148
H            2.56468365315959        0.36332912616846       -1.89741540208830
H            0.48960977422545        0.68046480443464       -2.82500909688182
48
 energy: -84.835722141944 gnorm: 0.000680008587 xtb: 6.7.1 (edcfbbe)
C            1.66373497756201        4.06220375189789       -1.33744623523004
O            1.90075806400381        2.70141133946494       -1.67406251066617
C            1.53654504434648        1.79484061388312       -0.69039056153544
O            2.40749979696504        1.90311781535906        0.41363762492899
C            1.95316876488789        1.17357229882813        1.54404720742908
C            3.18240668471352        0.89259988880985        2.41935225084656
O            3.79991718680996        2.07780156048412        2.84795731454433
C            1.20665469313263       -0.12082135265036        1.15037106666788
O           -0.17346927301156        0.20243835872625        1.03317120103752
C           -1.15881915806640       -0.57104651080982        1.68327675611950
O           -2.39102964015705       -0.11374664708457        1.21330562629613
C           -2.64313917762029       -0.38833128794900       -0.16143633123542
C           -3.95779906610548        0.32345632952441       -0.51605367074575
O           -4.28366411145735        0.19195796237277       -1.87758235380941
C           -2.74441462539323       -1.90546295203247       -0.37773999992544
O           -2.95067611178905       -2.25707225792364       -1.72129872147071
C           -1.42124824224767       -2.53064130065564        0.07199262187774
O           -1.46130307940861       -3.93732104192714        0.05082869966734
C           -1.11609722898422       -2.10864150694658        1.51415999870637
O            0.09144558257511       -2.64851590443303        1.97637005652724
C            1.77011700845952       -0.66501922969038       -0.17218046086482
O            3.09919966687345       -1.04018474782694        0.06735240637876
C            1.64139256113624        0.38465923598089       -1.29549616061536
O            0.52028831828627        0.07121264780491       -2.08075822611612
H            2.24793173833833        4.35449580155209       -0.46350422853633
H            0.60014324649593        4.22514861276979       -1.13488230114290
H            1.97396729433874        4.63779205716656       -2.20549235172592
H            0.49578428525356        1.97354804534913       -0.35156171560692
H            1.24333025587312        1.80560248052366        2.10425568371660
H            3.87805713341636        0.26669498385385        1.85005274707546
H            2.87103097187256        0.36267082106961        3.32109674167638
H            4.05069127285827        2.57856863043554        2.06088841831838
H            1.36209543353543       -0.87006165571870        1.92914953799607
H           -1.14538668466843       -0.34603188743335        2.76248880768017
H           -1.81774741340745       -0.00241689720070       -0.77785822396693
H           -3.88072373422173        1.37197911295612       -0.21243900868974
H           -4.77422750500113       -0.13707594417326        0.04505620429868
H           -3.70020631922954        0.75199505726488       -2.40646746816923
H           -3.55863120336748       -2.30080103179152        0.25424389888884
H           -3.65128379772255       -1.68462835937208       -2.07945046248695
H           -0.63811394089259       -2.16576983482651       -0.60883301883689
H           -1.81426371343177       -4.20944141108482       -0.80725662181055
H           -1.94969457200957       -2.48069283032217        2.13678872892922
H            0.07971596810138       -3.59585902658684        1.77036550282860
H            1.17278984125901       -1.53405998445202       -0.47437687235794
H            3.43505677660662       -1.54711272531255       -0.68440529977573
H            2.56122091141329        0.36638475772481       -1.89986779790851
H            0.48699153512482        0.68659963597151       -2.82588683469384
48
 energy: -84.835728692214 gnorm: 0.000608204472 xtb: 6.7.1 (edcfbbe)
C            1.67229015410778        4.06471601333770       -1.33425687663247
O            1.90292700101056        2.70344061450446       -1.67316938214396
C            1.53732084740820        1.79691444170931       -0.69018511781414
O            2.40921356722106        1.90192374596587        0.41345845920853
C            1.95216903720436        1.17363794564623        1.54351827156147
C            3.17996572136995        0.89378440356097        2.42094554319799
O            3.79965929018209        2.08003282417103        2.84350678350246
C            1.20622062115300       -0.12118878099327        1.14950356948341
O           -0.17391927015835        0.20141755862534        1.03324908869768
C           -1.15938512839446       -0.57207615449144        1.68329525491623
O           -2.39107624226613       -0.11449898448230        1.21265128299903
C           -2.64228119070190       -0.38969419835362       -0.16213449248375
C           -3.95584419665799        0.32345775244250       -0.51793996999249
O           -4.28458823244196        0.18682387211001       -1.87817169599170
C           -2.74475942106859       -1.90706626020174       -0.37677604022699
O           -2.95167624003656       -2.25999139609095       -1.71975492965793
C           -1.42181560251693       -2.53261856154558        0.07316551324880
O           -1.46220819317928       -3.93921892574450        0.05268414282131
C           -1.11692716686444       -2.10975481229089        1.51506785240791
O            0.09016403278032       -2.64909444524601        1.97843556285343
C            1.76853373728512       -0.66372888707076       -0.17423293186999
O            3.09800549702010       -1.03878981329612        0.06336184848171
C            1.63881121427720        0.38700464241546       -1.29650662085574
O            0.51549658602426        0.07575089819129       -2.07935712263434
H            2.26175306340096        4.35436300023593       -0.46293135310892
H            0.61027829779378        4.23137225534479       -1.12644014114275
H            1.98040670311905        4.63991098649366       -2.20332492208662
H            0.49726222719689        1.97752915572233       -0.35008260926692
H            1.24083116771093        1.80624462716852        2.10121051432498
H            3.87475738373226        0.26387637433824        1.85486541173064
H            2.86739117401779        0.36905481981754        3.32528034694430
H            4.04444715494245        2.57927632697966        2.05348821669307
H            1.36300038028309       -0.87104741727344        1.92746073133823
H           -1.14597905655431       -0.34683512698978        2.76249780032304
H           -1.81589342732233       -0.00511862318558       -0.77798314580443
H           -3.87573285520088        1.37310013778875       -0.21927857958756
H           -4.77221815656847       -0.13254216104068        0.04680159290230
H           -3.70062161108754        0.74291842344963       -2.41056627833832
H           -3.55908962726417       -2.30106068865913        0.25585514979027
H           -3.65333925780018       -1.68868588341846       -2.07765200655859
H           -0.63850307546680       -2.16837503476535       -0.60775565317010
H           -1.81673117293458       -4.21184194912639       -0.80455616780342
H           -1.95102526253644       -2.48131242322512        2.13739522922256
H            0.07948632039545       -3.59629693106762        1.77133559602667
H            1.17096775964749       -1.53239890708220       -0.47674333832660
H            3.43121593648629       -1.55014318455600       -0.68655437397120
H            2.55728474961970        0.36782015238977       -1.90283770158572
H            0.48375117767720        0.68900404977408       -2.82636064763510
48
 energy: -84.835732752237 gnorm: 0.000400014837 xtb: 6.7.1 (edcfbbe)
C            1.67926811172319        4.06584533669771       -1.33214802429738
O            1.90487586977330        2.70412451615829       -1.67282285179885
C            1.53852669184060        1.79775788565610       -0.69015117296548
O            2.41169329151155        1.89998052208305        0.41280101300951
C            1.95158635547266        1.17346217081374        1.54292859925409
C            3.17728260492531        0.89570089166727        2.42354079712645
O            3.79850598314541        2.08342234528198        2.84020391529468
C            1.20622330393520       -0.12170256909627        1.14886883056657
O           -0.17390592217574        0.20068301870544        1.03298732808963
C           -1.15951696350974       -0.57262125106446        1.68306084107558
O           -2.39082037930978       -0.11476116491883        1.21225895356620
C           -2.64183361772318       -0.39040722284808       -0.16245423723513
C           -3.95520080041749        0.32314978574662       -0.51827256237302
O           -4.28627746386002        0.18346923942097       -1.87764119374751
C           -2.74475142387176       -1.90782385907232       -0.37656615987990
O           -2.95209550269429       -2.26175799606865       -1.71932430473776
C           -1.42182072227096       -2.53332311538906        0.07337586232883
O           -1.46208014082487       -3.94001287271476        0.05262764641563
C           -1.11680014573723       -2.11043903789946        1.51528803402414
O            0.09032703540806       -2.64933460302840        1.97876139169590
C            1.76777458883172       -0.66336296219392       -0.17561435169182
O            3.09741983750725       -1.03857875097028        0.06029240603739
C            1.63635564527697        0.38790281589956       -1.29723937186232
O            0.51068422375469        0.07839365493129       -2.07745061868027
H            2.27364342297955        4.35359812879140       -0.46346093863820
H            0.61867970557210        4.23507934834219       -1.11918081178084
H            1.98471578245115        4.64067341144571       -2.20243702258878
H            0.49927724328826        1.98016631027163       -0.34854711730805
H            1.23866512738237        1.80712864619890        2.09745045749467
H            3.87173115989432        0.26158052097520        1.86150217776213
H            2.86283591587793        0.37641079530734        3.33048765493845
H            4.03873644046605        2.58059767852606        2.04737183602292
H            1.36371266765526       -0.87193173587018        1.92628895181701
H           -1.14604352263898       -0.34704139561018        2.76213029024035
H           -1.81534397018305       -0.00643091617257       -0.77854224067251
H           -3.87356679339439        1.37348387883440       -0.22243955866914
H           -4.77102585554239       -0.13062525827053        0.04902180009586
H           -3.70225174520449        0.73720738963068       -2.41241818837934
H           -3.55894090379217       -2.30120771035569        0.25662828272150
H           -3.65469466733794       -1.69124615322696       -2.07679560802822
H           -0.63855389199216       -2.16901959307317       -0.60757858373298
H           -1.81758464528257       -4.21232565212483       -0.80431957785363
H           -1.95090953477806       -2.48193497814115        2.13774935547076
H            0.08030853726351       -3.59656519001454        1.77181115078265
H            1.16966619456817       -1.53161690419874       -0.47803067070820
H            3.42832607994752       -1.55310499722598       -0.68844536098020
H            2.55334402541701        0.36781871469756       -1.90568658350074
H            0.47984918271698        0.68953435584859       -2.82638880033277
