48
 energy: -84.841524651189 gnorm: 0.072088889324 xtb: 6.7.1 (edcfbbe)
C            5.72502636974846       -0.74348322107772        0.14873296162007
O            4.87623617185739        0.36518368750408        0.43028947223167
C            3.61863629454867        0.03604734673647        0.89319842535422
O            2.84107821651432       -0.42373986706725       -0.19503672119862
C            1.51995426783128       -0.78151775968239        0.16773805008912
C            0.88271887250494       -1.42734421322951       -1.06537986773499
O            1.59800742365890       -2.54566905214069       -1.50963326259969
C            0.75331413680149        0.45432416525907        0.66861659720174
O           -0.54637247318940        0.06138631301096        1.09840336555552
C           -1.58304204161450        0.96273657526630        0.79407688838771
O           -1.75623967380967        1.20027320146352       -0.57244276542125
C           -2.35848916434094        0.16505878666802       -1.34890374448828
C           -2.65317042453816        0.79018405845609       -2.72455714624047
O           -3.16243775017895       -0.14856165719991       -3.63788590798237
C           -3.64139821454810       -0.39614711355723       -0.71499836327751
O           -4.08283597954011       -1.54645239705021       -1.39055663406960
C           -3.37090698767525       -0.78490465240276        0.74231444873835
O           -4.53877367431051       -1.22215803831228        1.39094339825377
C           -2.86216618583653        0.45559984553667        1.47677295357318
O           -2.58963466229528        0.21416926689870        2.82581898468783
C            1.51397066063648        1.12143252092146        1.82751287172278
O            0.95512475712662        2.36030933839707        2.19350663424961
C            3.00956919665845        1.29931151797178        1.51291417769091
O            3.73298865164568        1.58261630228495        2.67998302467421
H            5.32521547841286       -1.33734453299835       -0.67405570070203
H            5.83963941163321       -1.36958741752589        1.03758865676475
H            6.68036478036513       -0.30884979547328       -0.13025163370916
H            3.66846556207570       -0.75532156487475        1.66841736470116
H            1.55260181296509       -1.52107299693155        0.98363088574755
H            0.80807678908628       -0.67242693592610       -1.85857326364395
H           -0.10726074059696       -1.79246644571488       -0.79034173218089
H            2.50889867897824       -2.27375938941207       -1.69174723470547
H            0.65640446476858        1.16517065947371       -0.16479271575149
H           -1.33512248110409        1.95015091407199        1.21204936559814
H           -1.65882548541826       -0.67310930171224       -1.46452095759890
H           -1.74192924084445        1.26905416571987       -3.09392371425959
H           -3.42021622233497        1.55884553582850       -2.60454093725477
H           -2.44408870513159       -0.69819718065420       -3.98241611994107
H           -4.42488421599356        0.37903018255976       -0.72257729063740
H           -4.19415258651107       -1.32456461155214       -2.33278593154682
H           -2.59732838713370       -1.56671336623669        0.77663877945722
H           -4.94213894241893       -1.92066048566960        0.85374305932441
H           -3.62589513902171        1.24569781354555        1.38002209744941
H           -3.32889563180516       -0.30209869889397        3.18663203119808
H            1.40324573796919        0.48640865997930        2.71349894341824
H            1.06330207744906        2.99501105468812        1.46793184520894
H            3.13825117313965        2.10651076330690        0.77343209579609
H            3.29511374636530        2.31163173724843        3.14899850326372
48
 energy: -84.846764544665 gnorm: 0.011109026467 xtb: 6.7.1 (edcfbbe)
C            5.72320332963526       -0.74438982488776        0.14696634510967
O            4.87347635767950        0.36386155453433        0.42721407757576
C            3.61504878864110        0.03569069346365        0.88911372139094
O            2.83351010408454       -0.41281292243823       -0.20323696185960
C            1.50951090108953       -0.77204718559925        0.15101018915780
C            0.87319714949321       -1.41889396486055       -1.07899209156377
O            1.59133895948567       -2.53822943200446       -1.51770712519350
C            0.76375636715726        0.44827128123349        0.71624317882160
O           -0.54507935903653        0.08741234339157        1.14408990875755
C           -1.58159658322751        0.96545025499140        0.78045607270811
O           -1.75143731013049        1.17902453268709       -0.58854172277976
C           -2.35994387645553        0.14704010688550       -1.35780453849164
C           -2.65426186321076        0.78160587074400       -2.72910020952573
O           -3.16560320145914       -0.15283929968989       -3.64487948209792
C           -3.64351163785762       -0.40246606224625       -0.71744968941856
O           -4.08999040301729       -1.55177657108691       -1.39050146642015
C           -3.36985167879664       -0.78540338018413        0.74079053361486
O           -4.53730578792228       -1.22015679832126        1.39189349236131
C           -2.86127907053555        0.46007844706008        1.46783591512456
O           -2.59019720487474        0.22552774205654        2.81887734250043
C            1.52812216428144        1.12325310030111        1.85795108694715
O            0.96680925800582        2.36428682308884        2.21300860340956
C            3.01687396724224        1.29935439530661        1.51954353611410
O            3.74811809184511        1.58393737089700        2.68077457466686
H            5.32443382585996       -1.33891599142742       -0.67574206138464
H            5.83790047203124       -1.36977957265968        1.03636486991029
H            6.67860694682211       -0.30929280716075       -0.13130534671219
H            3.66433153521668       -0.75928793732586        1.66083749478311
H            1.54932815897708       -1.52230324293816        0.95823580244903
H            0.79918115922078       -0.66485444012886       -1.87217098873634
H           -0.11494552589228       -1.78602425104764       -0.80030865188495
H            2.50367800728812       -2.26762449788163       -1.69476461522313
H            0.66452302669378        1.16216193184609       -0.11687948539791
H           -1.34696536863609        1.96182986437728        1.18579654555497
H           -1.66243775730564       -0.69228795742465       -1.47274479649142
H           -1.74223905143920        1.26073174173534       -3.09649726455169
H           -3.41902315035949        1.55220156192425       -2.60518601950782
H           -2.44784223369492       -0.70324286013335       -3.98901020133974
H           -4.42340927159667        0.37651737520301       -0.72557331309891
H           -4.19878868252236       -1.33025399991524       -2.33317500334215
H           -2.59620335614462       -1.56698546236466        0.77738503637594
H           -4.94164332263563       -1.91966276741014        0.85659637326485
H           -3.62707252196532        1.24756531231677        1.36752540245475
H           -3.32683453590283       -0.29402157270396        3.18098143681855
H            1.42075758504174        0.49131420029385        2.74534640515089
H            1.06555224024810        2.99038737218663        1.47812312567000
H            3.13774116167537        2.10660627054137        0.77845935396225
H            3.30846291922209        2.30943637238617        3.15363484700518
48
 energy: -84.847610464367 gnorm: 0.005769886216 xtb: 6.7.1 (edcfbbe)
C            5.72223608129414       -0.74631995603665        0.14312286717136
O            4.87353025981939        0.36250595933253        0.42363994805141
C            3.61600585328184        0.03606397142517        0.88876069104348
O            2.82729003343170       -0.39958485986438       -0.20356359842188
C            1.50590736531019       -0.76513157675151        0.15690007988318
C            0.86465279153591       -1.39513733214882       -1.07945590188061
O            1.57956744678899       -2.51531147006014       -1.52150785300089
C            0.76542817578066        0.45606357155012        0.73379145796518
O           -0.54479565195757        0.09922590715875        1.16108938378679
C           -1.57905069351568        0.96952527385249        0.77074218603854
O           -1.74189118238138        1.15772077609326       -0.60128442775833
C           -2.36145597676355        0.12936775513469       -1.36551586488775
C           -2.65590027199716        0.76603400281016       -2.73583183719415
O           -3.17246694681858       -0.16288843931425       -3.65427817682071
C           -3.64656484860983       -0.41017899218545       -0.72160733934031
O           -4.10112869132606       -1.55971476179807       -1.38915319695980
C           -3.36990731281848       -0.78451209693498        0.73827367846069
O           -4.53601623161092       -1.21650748294263        1.39359335610258
C           -2.86182294149880        0.46623254791838        1.45801522144906
O           -2.59233034796178        0.23935414104291        2.81066504964115
C            1.53917302809561        1.11492260833050        1.87773115473367
O            0.97846480706944        2.35426124086413        2.23734465584621
C            3.02466864785694        1.29712805669990        1.53020333902084
O            3.77002711101628        1.58035421270057        2.68319178531837
H            5.32291433834378       -1.34120362804358       -0.67903787679396
H            5.83720123694544       -1.37106068684276        1.03297349302447
H            6.67761750560972       -0.31150805486891       -0.13558809359244
H            3.66415645221654       -0.76623134539092        1.65280157187839
H            1.55328895599071       -1.53310444594244        0.95027350271446
H            0.79129812229316       -0.64072605878990       -1.87266146349564
H           -0.12371722214546       -1.76381009422068       -0.80367520609730
H            2.49373407915823       -2.24900415160344       -1.69574056498422
H            0.66688462904535        1.18460062969763       -0.08977743501086
H           -1.35205389050092        1.97549528353167        1.15933698408958
H           -1.67251629193775       -0.71626798787158       -1.48446562058101
H           -1.74261039841637        1.24354405112272       -3.10237365392992
H           -3.41699457345998        1.53955068896399       -2.60757445555039
H           -2.45681624299440       -0.71475735890291       -4.00031213873932
H           -4.42194018750955        0.37321787661787       -0.73104431717575
H           -4.20840405905890       -1.34086654003877       -2.33264166170458
H           -2.59587956622705       -1.56564207120599        0.77873516772994
H           -4.94167642536517       -1.91772614346549        0.86145343767623
H           -3.62859932264822        1.25214654559207        1.35311727597907
H           -3.32696499873721       -0.28244150697362        3.17357402401835
H            1.44116876537675        0.48439656360215        2.76753544738154
H            1.06848327372741        2.97993226180610        1.50085411329931
H            3.13632956916239        2.10619365761011        0.78945943953579
H            3.33147546908811        2.30179317646863        3.16339560815333
48
 energy: -84.848063493417 gnorm: 0.005896947325 xtb: 6.7.1 (edcfbbe)
C            5.72302471663777       -0.74924455019004        0.13819155574577
O            4.87700691544673        0.36098132461943        0.42066431280679
C            3.62016071572749        0.03703754749986        0.88864652244265
O            2.82523348254750       -0.38529372529214       -0.20367587982747
C            1.50643356086410       -0.75442534351805        0.16414426649086
C            0.85770492022419       -1.36875745204619       -1.07639465163351
O            1.56611809632974       -2.48908423374036       -1.53008056633307
C            0.76722791983283        0.46623020931339        0.74542489310744
O           -0.54372018463786        0.10528764525081        1.16794420660468
C           -1.57681157438589        0.96997713103564        0.75963634810351
O           -1.72691538716036        1.13320565775900       -0.61649892364839
C           -2.36368341681447        0.11012680126400       -1.37515916753338
C           -2.65869142711820        0.74770798523024       -2.74516908715654
O           -3.18309043387801       -0.17773326736597       -3.66256783995129
C           -3.65058389780497       -0.41705161928335       -0.72546631994274
O           -4.11465538202167       -1.56783418087426       -1.38481290327550
C           -3.37083177974902       -0.78221611739620        0.73604346447735
O           -4.53472060212260       -1.21132908017381        1.39727616572666
C           -2.86384413244911        0.47433751054707        1.44734109770902
O           -2.59724775934373        0.25653178695104        2.80191411987539
C            1.54842017589373        1.10779511728769        1.89708175015695
O            0.99071302570761        2.34374148610724        2.27450547895817
C            3.03242075109818        1.29365706202279        1.54174848987607
O            3.79089488297651        1.57204654384985        2.68761290702289
H            5.32163355928502       -1.34343471223552       -0.68357404070943
H            5.83810329977879       -1.37428838950327        1.02780398098767
H            6.67861242570929       -0.31585093615399       -0.14184350936306
H            3.66640729384076       -0.77337138607049        1.64404873022289
H            1.55687428786825       -1.53294466990718        0.94696645942973
H            0.78542597848604       -0.60827687742796       -1.86387742796921
H           -0.13173235081793       -1.73600394005995       -0.80259113122820
H            2.48166148784792       -2.22654662980434       -1.70264786571938
H            0.67430183801736        1.20624094058579       -0.06835323090511
H           -1.35446790723506        1.98442874694566        1.12949421521552
H           -1.68773846547479       -0.74528998622288       -1.50047405446370
H           -1.74359818133466        1.22038879821264       -3.11355265796221
H           -3.41518738488722        1.52523079339913       -2.61385215849812
H           -2.47084886382370       -0.73170063656614       -4.01239017124599
H           -4.42148762813139        0.37063648576688       -0.73734577408178
H           -4.22275470351457       -1.35381560049952       -2.32921394864273
H           -2.59568670010208       -1.56219225473883        0.78101726334120
H           -4.94235729920559       -1.91432832647280        0.86892460308804
H           -3.63047251975474        1.25956245683730        1.33566265202692
H           -3.33029626830492       -0.26697266281933        3.16531224549288
H            1.45916228625584        0.47136375572229        2.78375140711486
H            1.07135135625377        2.97468500749074        1.54154841275331
H            3.13604716076961        2.10652523663962        0.80391993540679
H            3.35648383425599        2.29025426580598        3.17640006136712
48
 energy: -84.848366061604 gnorm: 0.004336946418 xtb: 6.7.1 (edcfbbe)
C            5.72490424355226       -0.75164863997892        0.13361718511524
O            4.88270989114445        0.36052382006485        0.41993868683555
C            3.62618858490384        0.03832955345638        0.88921948937922
O            2.82747781634766       -0.37387089197040       -0.20335606876582
C            1.51077924332334       -0.74297586204032        0.17068178655171
C            0.85295379830284       -1.34402686789634       -1.07155646051707
O            1.55323696390242       -2.46327549110002       -1.54194269221236
C            0.77119794655405        0.47684049813698        0.75104446185933
O           -0.54015222674717        0.11009193344200        1.16729568289417
C           -1.57476010392893        0.96790342934891        0.74753491053986
O           -1.71080125919761        1.10977225421257       -0.63305646479248
C           -2.36751011882257        0.09241504020242       -1.38545929067617
C           -2.66394548282006        0.72928362922520       -2.75582491044198
O           -3.19721851556794       -0.19573318230853       -3.66845860061182
C           -3.65570726592737       -0.42204467416476       -0.72823491753832
O           -4.12858838858621       -1.57483915207390       -1.37824957526961
C           -3.37257073356881       -0.77914019555239        0.73432194197306
O           -4.53382687726435       -1.20574365189891        1.40183209801957
C           -2.86517488004581        0.48254755881281        1.43614862354777
O           -2.60263242529900        0.27577057613033        2.79305838614615
C            1.55676563871022        1.10050139344717        1.91365111617345
O            1.00351816161396        2.33130619239720        2.31706439364380
C            3.04027981060311        1.29036092746287        1.55279281236605
O            3.80659408006136        1.56095886441882        2.69515678151160
H            5.32000208796606       -1.34395752610187       -0.68800798946546
H            5.84048202816316       -1.37835616340922        1.02197463365036
H            6.68090218677153       -0.32064977270951       -0.14858612533256
H            3.67110635061860       -0.77842633683033        1.63769138646411
H            1.56148530455145       -1.52368425654122        0.94887479676635
H            0.77929712481900       -0.57441826319454       -1.85015467793197
H           -0.13666772034972       -1.70834715218830       -0.79549802162799
H            2.46902118706648       -2.20267587220935       -1.71558592909503
H            0.68540441777353        1.22427738838285       -0.05441395242129
H           -1.35468292732009        1.98838234133385        1.10067186229958
H           -1.70539055472366       -0.77323541923679       -1.51758855156552
H           -1.74694155022738        1.19480843144683       -3.12845266662894
H           -3.41541265257377        1.51149456642732       -2.62391612124132
H           -2.48898899463956       -0.75197610018719       -4.02302192148941
H           -4.42288249595425        0.36911008425300       -0.74325011843277
H           -4.24053975990945       -1.36680066689736       -2.32336719833972
H           -2.59592164922016       -1.55747448345591        0.78277500774289
H           -4.94394715588451       -1.91009627645848        0.87718544372425
H           -3.62987765656146        1.26842528214247        1.31596343383451
H           -3.33463515254709       -0.24871917123218        3.15704866048781
H            1.47265568488182        0.45085545692056        2.79133394185367
H            1.07558441206423        2.97282882068393        1.59258130969945
H            3.13852774486261        2.10848620239592        0.81998040282132
H            3.37770156035547        2.27683554266048        3.19202725333117
48
 energy: -84.848545093592 gnorm: 0.003224293871 xtb: 6.7.1 (edcfbbe)
C            5.72769939003433       -0.75226096465117        0.13012817171740
O            4.88958303584057        0.36159916801889        0.42250731250196
C            3.63291308828394        0.03939935199062        0.89107963398129
O            2.83321809414408       -0.36734789070019       -0.20226016336815
C            1.51719517932798       -0.73333406276917        0.17403715360238
C            0.85087331872158       -1.32607628463884       -1.06740223066731
O            1.54428430934424       -2.44237276564491       -1.55493512624878
C            0.77655644666715        0.48600157582297        0.75109286612075
O           -0.53513779084976        0.11489662687577        1.16170548403438
C           -1.57263831152142        0.96589572958920        0.73601009220081
O           -1.69905612389567        1.09309656867649       -0.64818722760398
C           -2.37223192605351        0.07969832849053       -1.39417791221643
C           -2.67123845142805        0.71322470611822       -2.76579975607470
O           -3.21226603363881       -0.21470191622938       -3.67105116983142
C           -3.66073312245883       -0.42462066956488       -0.72949831393375
O           -4.14005174850034       -1.57974982727164       -1.37078738108269
C           -3.37413941002166       -0.77539932677003        0.73348932485424
O           -4.53303007752931       -1.19933854938797        1.40653253933098
C           -2.86443431817849        0.49008423429994        1.42591246308208
O           -2.60573446140918        0.29490893255062        2.78516852258303
C            1.56317356794774        1.09303034374574        1.92456037605643
O            1.01334703476003        2.31665004742790        2.35520318583761
C            3.04691061826735        1.28727176559421        1.56265139419881
O            3.81432723365578        1.54912685211715        2.70577880863595
H            5.31804161945839       -1.34136820757365       -0.69165470049761
H            5.84436450433091       -1.38191779654163        1.01626033521596
H            6.68407949749545       -0.32379991457606       -0.15460588710999
H            3.67763048429119       -0.78083445183823        1.63564604036817
H            1.56602860941569       -1.51130385137957        0.95275157406946
H            0.77224871343826       -0.54779367368802       -1.83705501813229
H           -0.13753485805173       -1.68818012968794       -0.78525507750103
H            2.45897729120774       -2.18094003516046       -1.73248201541269
H            0.69726849675128        1.23824577881970       -0.04825397113908
H           -1.35330074353699        1.98977017665148        1.07765408283391
H           -1.72035103518338       -0.79325518674845       -1.53048838786889
H           -1.75313881278584        1.17162420375535       -3.14424323485448
H           -3.41857732633973        1.49953629666796       -2.63586849727611
H           -2.50762243182994       -0.77309266989697       -4.02947064624013
H           -4.42548055872347        0.36866502982143       -0.74748618401409
H           -4.25827554249633       -1.37745224573863       -2.31624542843628
H           -2.59666654728357       -1.55276033967520        0.78347851855829
H           -4.94599543535710       -1.90443231855991        0.88510735984998
H           -3.62596042552308        1.27777096237394        1.29717116959460
H           -3.33710782981139       -0.22971426844284        3.15043328766750
H            1.48030869570536        0.42608410090521        2.78949470729861
H            1.07897677973409        2.97145242345810        1.64223373778534
H            3.14316903379668        2.11096291341697        0.83595039721853
H            3.38952800077313        2.26304494761696        3.20865402463264
48
 energy: -84.848635221205 gnorm: 0.002747864889 xtb: 6.7.1 (edcfbbe)
C            5.73037505721081       -0.75063742471154        0.12790643958838
O            4.89495858019126        0.36363279500386        0.42722534308282
C            3.63799722851775        0.03961001883520        0.89402312344676
O            2.83933744353162       -0.36578075124982       -0.20053378484619
C            1.52267992227630       -0.72838117819311        0.17407074319106
C            0.85153956036783       -1.31780706168550       -1.06613986832946
O            1.54195932113713       -2.42993601459119       -1.56576268820300
C            0.78102770429413        0.49104836064980        0.74831234499560
O           -0.53122688478406        0.11895978927723        1.15550788038244
C           -1.57070034151285        0.96574082061775        0.72747888223335
O           -1.69473345292934        1.08666339210280       -0.65852829258787
C           -2.37573648689348        0.07387266392365       -1.39932523929949
C           -2.67795273864308        0.70222222812706       -2.77278007993056
O           -3.22462763517916       -0.22980451581910       -3.67079491713362
C           -3.66382278480548       -0.42499835632303       -0.72947018753321
O           -4.14643809875315       -1.58210212980846       -1.36450945435696
C           -3.37474815847808       -0.77146934358061        0.73376492502521
O           -4.53217618437975       -1.19251533549393        1.41067355347967
C           -2.86228713908946        0.49622770616833        1.41905006845123
O           -2.60564941605990        0.31005269930051        2.77991602283633
C            1.56615503965795        1.08680553773055        1.92903217271757
O            1.01770715828984        2.30354073996522        2.37843061341184
C            3.05048132481821        1.28449524273231        1.57011982303024
O            3.81449395104618        1.53934485183129        2.71668206555592
H            5.31633289283701       -1.33609441150676       -0.69433628472973
H            5.84888210160787       -1.38369428393324        1.01141357426702
H            6.68665680915010       -0.32337619834316       -0.15890661355501
H            3.68366780534721       -0.78190793083636        1.63721572932715
H            1.56881776860372       -1.50341457875456        0.95539319189568
H            0.76620162661728       -0.53415448175849       -1.82970941709292
H           -0.13482859634964       -1.68037098488596       -0.77780372121098
H            2.45486652726870       -2.16553023755203       -1.74800606173327
H            0.70585917586110        1.24566324712541       -0.04814608605175
H           -1.35108806136318        1.99096188532425        1.06394421731079
H           -1.72783513714569       -0.80184160790052       -1.53566248909862
H           -1.76001880326441        1.15577571346957       -3.15708680297956
H           -3.42298120706506        1.49101216407496       -2.64540292368656
H           -2.52275597864693       -0.79021229038271       -4.03143826809279
H           -4.42752065165350        0.36914750384631       -0.74944165695891
H           -4.27065292140436       -1.38377600117932       -2.30998259887438
H           -2.59756603648527       -1.54908023603140        0.78392702705424
H           -4.94770989472392       -1.89789394099873        0.89164367005212
H           -3.62120745138084        1.28553953619437        1.28415314728121
H           -3.33654633687258       -0.21411803015777        3.14707238981580
H            1.48229338504729        0.40598149020990        2.78304702950467
H            1.08062369908853        2.96917190936776        1.67557696875757
H            3.14769629835003        2.11246537754818        0.84862680947307
H            3.39019973764354        2.25095536975616        3.22304391418006
48
 energy: -84.848696634413 gnorm: 0.001889343385 xtb: 6.7.1 (edcfbbe)
C            5.73275571810534       -0.74727406925712        0.12602511103990
O            4.89855418027792        0.36606806578494        0.43281519188126
C            3.64147870057251        0.03892274251602        0.89766508692308
O            2.84463109902181       -0.36682724209289       -0.19836527411809
C            1.52672819195514       -0.72697839763658        0.17251800499809
C            0.85406961177658       -1.31536442478529       -1.06733980303866
O            1.54495284647311       -2.42231104411638       -1.57546610186723
C            0.78432279179836        0.49303798849412        0.74477203696809
O           -0.52889060903970        0.12247301950745        1.14992483829979
C           -1.56881614691154        0.96742541522704        0.72061880244538
O           -1.69479897314615        1.08667749043247       -0.66608526945446
C           -2.37781811651613        0.07178138256500       -1.40220883478353
C           -2.68366769118661        0.69390752134792       -2.77782379842243
O           -3.23557799576687       -0.24207874131923       -3.66897233896261
C           -3.66531891541985       -0.42430443533092       -0.72867671913207
O           -4.14965048238175       -1.58313941601456       -1.35884189035767
C           -3.37462812921301       -0.76702195225024        0.73502325850212
O           -4.53130391432689       -1.18468543790009        1.41483536187910
C           -2.85968715609752        0.50233672373352        1.41447021248464
O           -2.60349459998952        0.32325640891003        2.77630340770267
C            1.56664184690789        1.08122028616169        1.93044362207749
O            1.01818969038131        2.29189169976768        2.39172833942522
C            3.05174063504832        1.28136017583003        1.57649038350679
O            3.81069471550090        1.53066288684247        2.72750838001076
H            5.31504101961725       -1.32904823821507       -0.69686671707889
H            5.85403476954917       -1.38390108790550        1.00665360900578
H            6.68829052981238       -0.31957661635666       -0.16253536209105
H            3.68879674024896       -0.78322744648980        1.64029549490596
H            1.56998067283842       -1.50046997106243        0.95619080704047
H            0.76153872424713       -0.52824388952645       -1.82652701801987
H           -0.12992099868499       -1.68113283904266       -0.77455330449130
H            2.45576098087363       -2.15352546705711       -1.76206965890302
H            0.71207602287131        1.24880683233818       -0.05071892876156
H           -1.34805180348002        1.99324030518930        1.05490607216256
H           -1.73002045795586       -0.80424260146599       -1.53581303992736
H           -1.76668447153260        1.14390326421941       -3.16825819461177
H           -3.42720560599327        1.48440163898735       -2.65239563613525
H           -2.53648729860894       -0.80485921540013       -4.03127210336236
H           -4.42851579693525        0.37027115065664       -0.75016369253246
H           -4.27872862289413       -1.38761017953622       -2.30424322508483
H           -2.59840637565045       -1.54562669333083        0.78534658770373
H           -4.94910965440701       -1.89032296471191        0.89794743194714
H           -3.61699895655307        1.29257571351248        1.27525228248464
H           -3.33378577181437       -0.20019796889226        3.14587158456722
H            1.48132249519229        0.39048913969409        2.77615939715364
H            1.08078791941688        2.96571617640652        1.69707193385418
H            3.15148611285525        2.11270155430397        0.85940626259991
H            3.38369225007045        2.23883647455054        3.23643764357722
48
 energy: -84.848758187639 gnorm: 0.001996486466 xtb: 6.7.1 (edcfbbe)
C            5.73565085203641       -0.74041085193742        0.12279307072975
O            4.90106758289143        0.36968970871808        0.44079594901756
C            3.64436713670344        0.03667289741736        0.90323545241132
O            2.85020257889091       -0.36966858517474       -0.19518200452673
C            1.53025445360279       -0.72833883019920        0.16919673191450
C            0.85943559321781       -1.31609672844770       -1.07232424074929
O            1.55582435976159       -2.41411360856365       -1.58933210236618
C            0.78726656427443        0.49287426158972        0.73967851160481
O           -0.52804907812070        0.12719547241142        1.14287723141194
C           -1.56634074393581        0.97234615224914        0.71170478806093
O           -1.69781364810747        1.09179400824112       -0.67515253607248
C           -2.37898228221414        0.07091868149958       -1.40451957999615
C           -2.69021548682136        0.68305633249352       -2.78356730199212
O           -3.25041281220300       -0.25789801739233       -3.66481883772623
C           -3.66576800615911       -0.42273534655104       -0.72674556816237
O           -4.15146651712358       -1.58411885939044       -1.35048179831034
C           -3.37387233145042       -0.75917258226179        0.73824745795452
O           -4.53023017672952       -1.17123080286498        1.42155914466366
C           -2.85630489585360        0.51280469051684        1.40991054465232
O           -2.59869711980861        0.34263178894959        2.77249882663647
C            1.56492424573407        1.07282528153881        1.93117532725925
O            1.01499438642922        2.27619661342910        2.40326297544413
C            3.05123474366819        1.27560280560472        1.58543531859178
O            3.80264860977035        1.51815297767101        2.74315699967138
H            5.31395899394198       -1.31728717460467       -0.70122534015027
H            5.86242037234936       -1.38221905390338        0.99897456555609
H            6.68905902574282       -0.30954637611770       -0.16799480540674
H            3.69453835034505       -0.78687349773766        1.64451264305753
H            1.56962401701130       -1.50196747309588        0.95427833375270
H            0.75659064076357       -0.52537140069335       -1.82650785422614
H           -0.12089325077004       -1.69046166173471       -0.77693059047879
H            2.46338279497123       -2.13728394547264       -1.78057230720755
H            0.71924360967116        1.25015901054540       -0.05533321916272
H           -1.34263261472448        1.99880749997511        1.04399612969274
H           -1.72843361318051       -0.80407784549958       -1.53169850070006
H           -1.77496576542526        1.12806525398265       -3.18346903096360
H           -3.43146955733856        1.47609599799500       -2.65979964810557
H           -2.55590262283773       -0.82521190903418       -4.02886912043304
H           -4.42838886157555        0.37241192522131       -0.75069275826401
H           -4.28530484615662       -1.39190331449523       -2.29595735667130
H           -2.59927753304673       -1.53941133882064        0.79014012393514
H           -4.95077680445369       -1.87773955667753        0.90807630457780
H           -3.61262542508318        1.30329431816951        1.26605702916009
H           -3.32767988087746       -0.17955494704705        3.14651105050411
H            1.47780974557817        0.37225845568808        2.76833317759917
H            1.07876154629572        2.95876256189847        1.71776591699009
H            3.15561602370489        2.11131657873090        0.87420808239051
H            3.36762736762283        2.21875415004941        3.25627704862298
48
 energy: -84.848797232854 gnorm: 0.001836407584 xtb: 6.7.1 (edcfbbe)
C            5.73656943071149       -0.73554746857565        0.11980723730958
O            4.89984536296929        0.37126358208130        0.44330229491446
C            3.64401953118898        0.03449837822814        0.90535034797703
O            2.85042551197771       -0.37022541946078       -0.19435451472047
C            1.52978137637685       -0.73045111634990        0.16725831042972
C            0.86299030818653       -1.31708655285494       -1.07745778279733
O            1.56650197329134       -2.40933705584947       -1.59707198701276
C            0.78690248891268        0.49100184908749        0.73780603048198
O           -0.52997186772890        0.12939761497094        1.14029808101821
C           -1.56569855305492        0.97650148914038        0.70755260926052
O           -1.69916780184919        1.09509851446839       -0.67914709604663
C           -2.37833665473336        0.07000798023193       -1.40487831908849
C           -2.69148741782223        0.67669904694290       -2.78584728010317
O           -3.25711592778048       -0.26570453137531       -3.66191553046392
C           -3.66504846625289       -0.42207645007587       -0.72509562170628
O           -4.15107117275844       -1.58520561171975       -1.34507008068713
C           -3.37371183121157       -0.75348372951494        0.74125994734538
O           -4.53053743105824       -1.16221007787846        1.42588593959184
C           -2.85588559048050        0.52063656652231        1.40857845452382
O           -2.59629232530051        0.35491505905064        2.77125510797874
C            1.56280431634474        1.06744763227498        1.93228156733882
O            1.01160150328655        2.26902594240133        2.40686275282379
C            3.04964052793745        1.27102556118969        1.59051738728551
O            3.79843633414613        1.51032967220541        2.75100353060928
H            5.31447982918560       -1.31081189232333       -0.70497879346141
H            5.86731822229323       -1.37975595885552        0.99358958870489
H            6.68797498185156       -0.30079195784744       -0.17180429670110
H            3.69562224438966       -0.79120411273159        1.64414778708190
H            1.56809856980299       -1.50604946922767        0.95044037760726
H            0.75624514655139       -0.52483575958811       -1.82943488816549
H           -0.11555379687460       -1.69894033321119       -0.78528622182312
H            2.47246112335594       -2.12691356265820       -1.78752699842036
H            0.72200601393926        1.24969042600128       -0.05635606409206
H           -1.33947675782187        2.00346852395678        1.03767166113421
H           -1.72607004262461       -0.80450013422339       -1.52787084030723
H           -1.77659688374655        1.11787822478371       -3.19067067194126
H           -3.43030489716718        1.47217371154028       -2.66231285526904
H           -2.56561374365232       -0.83666315574729       -4.02601597348655
H           -4.42723401767608        0.37349142018963       -0.75149131012311
H           -4.28485448007421       -1.39496657370458       -2.29104718927583
H           -2.59957181213722       -1.53396688737372        0.79636102344744
H           -4.95166475730132       -1.87009349847716        0.91484447049643
H           -3.61235920486495        1.31061112322360        1.26294035175795
H           -3.32434737863069       -0.16619802176819        3.14836636471014
H            1.47484124125393        0.36469691050808        2.76759590758473
H            1.07651299856697        2.95384905174287        1.72375959999580
H            3.15623523109701        2.10915608544035        0.88242461551503
H            3.35665826599311        2.20414868177839        3.26795720327576
48
 energy: -84.848835319259 gnorm: 0.001110764280 xtb: 6.7.1 (edcfbbe)
C            5.73678287613545       -0.73004621821169        0.11577286785583
O            4.89639071653499        0.37256224471645        0.44342685644089
C            3.64191009296530        0.03170757865570        0.90574554889230
O            2.84813639439579       -0.36994710406226       -0.19498579747603
C            1.52720667248423       -0.73325751753058        0.16473868850237
C            0.86699452089750       -1.31880161722468       -1.08441744763860
O            1.58115169346524       -2.40460414445931       -1.60456197664169
C            0.78458129579792        0.48770569382702        0.73604959363297
O           -0.53347687637458        0.13058378433204        1.13869891381927
C           -1.56608526264270        0.98089632439575        0.70549093871908
O           -1.69993609125231        1.09818947513235       -0.68075727065961
C           -2.37671648864070        0.06911165565279       -1.40356627198218
C           -2.68984900088268        0.67075992616920       -2.78662110797640
O           -3.26089654695124       -0.27243323740607       -3.65791522947507
C           -3.66364676368386       -0.42132266387139       -0.72267895863296
O           -4.14885556148671       -1.58663011565901       -1.33906685353175
C           -3.37433727876167       -0.74695677358045        0.74538014556946
O           -4.53242849915384       -1.15267845229265        1.42994770602114
C           -2.85687329132644        0.52929685229888        1.40877756355766
O           -2.59539065495468        0.36775670332224        2.77156562283390
C            1.55951698118437        1.06191014609908        1.93278931730902
O            1.00738294288747        2.26412651955276        2.40651074721955
C            3.04676393282016        1.26547793743802        1.59485073252497
O            3.79361435421212        1.50131902938471        2.75763774297204
H            5.31606172797030       -1.30499742578049       -0.70995810815699
H            5.87185988581144       -1.37600472472167        0.98750881139471
H            6.68574265552796       -0.29012396214627       -0.17620631073410
H            3.69493468431786       -0.79687290609560        1.64097112052389
H            1.56563612836626       -1.51113554547617        0.94498965183205
H            0.75867181209179       -0.52513464132341       -1.83447193793550
H           -0.11004157032285       -1.70965616161196       -0.79911232598118
H            2.48585179552544       -2.11503249659606       -1.79022575558742
H            0.72277610925251        1.24784828420250       -0.05678736490958
H           -1.33664394358172        2.00775988251188        1.03353776775357
H           -1.72281312922760       -0.80477111838350       -1.52187544313020
H           -1.77422833889857        1.10691866391906       -3.19512287425652
H           -3.42506088398769        1.46978938019704       -2.66409507385576
H           -2.57238583565142       -0.84779287648871       -4.02078878553166
H           -4.42581175645005        0.37417787019719       -0.75274194134177
H           -4.28064764900457       -1.39865007919120       -2.28593838938707
H           -2.60021702898985       -1.52700330673005        0.80528131974981
H           -4.95285018034474       -1.86270242895879        0.92142766903276
H           -3.61324560688753        1.31890584610667        1.26150865111725
H           -3.32307578897446       -0.15127845264982        3.15199242984882
H            1.46899176261707        0.35956669549035        2.76828449348788
H            1.07445066323603        2.94856999667035        1.72322152814467
H            3.15547386057863        2.10601898603178        0.88986582255433
H            3.34463019035347        2.18686821036210        3.27940720856854
48
 energy: -84.848856968770 gnorm: 0.000746634956 xtb: 6.7.1 (edcfbbe)
C            5.73696427753101       -0.72596989734127        0.11204456158716
O            4.89381843505810        0.37363889787457        0.44228395875952
C            3.64038771692810        0.02961633573498        0.90494611548052
O            2.84610336536680       -0.36878111578271       -0.19644725830763
C            1.52514193866441       -0.73442240040539        0.16231045118908
C            0.86972064808041       -1.31877515805473       -1.09011544904994
O            1.59205649829139       -2.39936706766186       -1.61118240301485
C            0.78247644733977        0.48565622973495        0.73482995923196
O           -0.53582724943541        0.13086642553217        1.13806504837424
C           -1.56658487782500        0.98349985256737        0.70469581165514
O           -1.69944479557316        1.09898420635013       -0.68141287194819
C           -2.37560653490928        0.06763418325352       -1.40190530172625
C           -2.68725789769503        0.66553177112019       -2.78683422209789
O           -3.26133493531052       -0.27878779696729       -3.65470515968226
C           -3.66307169144935       -0.42087158582709       -0.72060857321054
O           -4.14744504699684       -1.58827526734161       -1.33392897559341
C           -3.37576485284314       -0.74198943123097        0.74882900217963
O           -4.53510477512400       -1.14527099375155        1.43292824448607
C           -2.85819631766151        0.53588859768150        1.40889803190376
O           -2.59681183745086        0.37823500547241        2.77223798470479
C            1.55715774236641        1.05791862541719        1.93318849267297
O            1.00501519788307        2.26110633145691        2.40667938668451
C            3.04478443178818        1.26087134071829        1.59814690021322
O            3.79038817988540        1.49279260749460        2.76261933750004
H            5.31741017258091       -1.30103583559975       -0.71431497508362
H            5.87493940077173       -1.37293478037151        0.98252274224286
H            6.68423153737863       -0.28254707956311       -0.18018482051822
H            3.69472178076128       -0.80149589279046        1.63704080940030
H            1.56412177202282       -1.51373751324292        0.94067655396302
H            0.76011829602129       -0.52366695016324       -1.83845630326638
H           -0.10597546276701       -1.71629765721645       -0.80996873579332
H            2.49602504103279       -2.10379093260368       -1.79118752768330
H            0.72215012878373        1.24701886970407       -0.05675227195257
H           -1.33472796831341        2.01022436282716        1.03127840746619
H           -1.72145048289722       -0.80645732106317       -1.51690024885262
H           -1.77046926671342        1.09758080232568       -3.19700817936023
H           -3.41967622171673        1.46737798858738       -2.66639684201539
H           -2.57439908913220       -0.85708398955479       -4.01588927168249
H           -4.42537361292068        0.37438230943039       -0.75407385141904
H           -4.27798482045322       -1.40267453155007       -2.28156189903925
H           -2.60181865797063       -1.52185493146308        0.81247098052606
H           -4.95463656643046       -1.85715352262319        0.92630007673794
H           -3.61372498562428        1.32583433807893        1.25925231855215
H           -3.32515654488560       -0.13815608248594        3.15488140679281
H            1.46398788062753        0.35547786614140        2.76851748754285
H            1.07372610854633        2.94516359247030        1.72292954029083
H            3.15489899655467        2.10376798812916        0.89609044134727
H            3.33749821876218        2.17232292248116        3.28865532536898
48
 energy: -84.848870719640 gnorm: 0.000678644857 xtb: 6.7.1 (edcfbbe)
C            5.73702470162476       -0.72368287802598        0.10940932926421
O            4.89253654273645        0.37448016004282        0.44089413710655
C            3.63965748514240        0.02865791121946        0.90374140858064
O            2.84497427885938       -0.36737730372925       -0.19798169864040
C            1.52410953494040       -0.73425895677275        0.16033121054912
C            0.87083523462303       -1.31761039232587       -1.09365014700384
O            1.59768565551796       -2.39465832948145       -1.61632658821801
C            0.78110809350516        0.48489855059962        0.73409690788234
O           -0.53691135365857        0.13039930675986        1.13809673544210
C           -1.56712934857737        0.98418908562284        0.70507550334928
O           -1.69904972927746        1.09852291736408       -0.68099065178803
C           -2.37511646524113        0.06626985695111       -1.40025378060882
C           -2.68465982055888        0.66162701815408       -2.78669460060581
O           -3.25860118032929       -0.28398832152349       -3.65313471075589
C           -3.66326419934478       -0.42067687303366       -0.71928653959430
O           -4.14677351528485       -1.58949348606545       -1.33075854949828
C           -3.37762044059526       -0.73914756245599        0.75104394670693
O           -4.53790138139584       -1.14053350271112        1.43466744539798
C           -2.85953226769233        0.53942457654662        1.40911665221108
O           -2.59943445621369        0.38454226951730        2.77304904516881
C            1.55606241158229        1.05580500878411        1.93314189625628
O            1.00446150458541        2.25963825403396        2.40651749344899
C            3.04408645185365        1.25817627574227        1.60008737310996
O            3.78894048782567        1.48628220398769        2.76572058766454
H            5.31805492703757       -1.29887070676166       -0.71724331731897
H            5.87640675578816       -1.37109066964012        0.97931356603371
H            6.68348440590568       -0.27866735287547       -0.18297700282618
H            3.69490877789573       -0.80413364038814        1.63375860195200
H            1.56351091169840       -1.51442091770451        0.93768674625967
H            0.75993441101987       -0.52127746908092       -1.84053482501630
H           -0.10384967799094       -1.71896052870089       -0.81593468507799
H            2.50134950526567       -2.09537776075308       -1.79170787428160
H            0.72073158332440        1.24703628814661       -0.05660410880775
H           -1.33367322107059        2.01059179271798        1.03119574068522
H           -1.72133735354571       -0.80834950703954       -1.51293246657444
H           -1.76680087662916        1.09157115093307       -3.19654602580493
H           -3.41607840245754        1.46468150344472       -2.66892408746089
H           -2.57157244220894       -0.86344995982551       -4.01218899586733
H           -4.42573351101360        0.37425182189501       -0.75528499142370
H           -4.27687903441950       -1.40572501600182       -2.27879054863002
H           -2.60413160681436       -1.51924242440425        0.81685152170590
H           -4.95686698660476       -1.85353835193523        0.92914576030944
H           -3.61393593072452        1.32999156375985        1.25711022691843
H           -3.32917461860085       -0.12917136523447        3.15665606216092
H            1.46080095549693        0.35324578106358        2.76812100304067
H            1.07452812059957        2.94346828293081        1.72263969612543
H            3.15544324443641        2.10288837647671        0.90036466618994
H            3.33539155981180        2.16305703552662        3.29439716820162
48
 energy: -84.848884140952 gnorm: 0.000665835681 xtb: 6.7.1 (edcfbbe)
C            5.73704630183929       -0.72222597777902        0.10697321440491
O            4.89185474035323        0.37518206902665        0.43911442739454
C            3.63926913265036        0.02815840201706        0.90208321522856
O            2.84411194749932       -0.36567277845388       -0.19984722709585
C            1.52350684311599       -0.73344684670481        0.15837380858534
C            0.87103868753911       -1.31560238933680       -1.09650997157931
O            1.60085610153709       -2.38942058928072       -1.62183590056761
C            0.78018874997978        0.48477389549353        0.73365012746463
O           -0.53733335282747        0.12956196078871        1.13861145524270
C           -1.56760280398918        0.98402617862656        0.70609839899349
O           -1.69881401413390        1.09767274574587       -0.67998019245632
C           -2.37485449408901        0.06481345914077       -1.39826188275622
C           -2.68134178962729        0.65783936217933       -2.78633145709182
O           -3.25292851341102       -0.28963261512314       -3.65229915035450
C           -3.66400767256578       -0.42064623281457       -0.71824515773751
O           -4.14674123605406       -1.59059015577909       -1.32837859352155
C           -3.38005568546259       -0.73730144927420        0.75282963104268
O           -4.54140700452027       -1.13647862149295        1.43589146105701
C           -2.86088527302066        0.54154337205855        1.40941058599419
O           -2.60298997456710        0.38888159357299        2.77400385709589
C            1.55541802247144        1.05489964706370        1.93296562413736
O            1.00454794165717        2.25918936319509        2.40651889371775
C            3.04395094146639        1.25611850943711        1.60143621781061
O            3.78827329411421        1.47993461590080        2.76809101577569
H            5.31827802194404       -1.29755343344570       -0.71973419221638
H            5.87713902951273       -1.36977608042280        0.97665422632065
H            6.68311680335886       -0.27650400750620       -0.18558479391408
H            3.69525747539105       -0.80599269222631        1.63043583925012
H            1.56344039740935       -1.51426022848111        0.93505321614034
H            0.75789488054381       -0.51795361394272       -1.84178784215110
H           -0.10246807587068       -1.72001200355631       -0.81943619318303
H            2.50437376433807       -2.08730204467529       -1.79311728159926
H            0.71877014602582        1.24753130190314       -0.05629592898886
H           -1.33304693829975        2.01011102530383        1.03227258489482
H           -1.72176723317137       -0.81057307993637       -1.50867422671568
H           -1.76235973641309        1.08692611126259       -3.19459280553711
H           -3.41306418716632        1.46103939109290       -2.67198848561955
H           -2.56466638913174       -0.86957053070786       -4.00815503579808
H           -4.42648681939404        0.37411122190296       -0.75649831789002
H           -4.27641593468777       -1.40865995548851       -2.27674525712844
H           -2.60749569321004       -1.51817691354752        0.82017995115987
H           -4.96013193000628       -1.85030601062849        0.93131439894989
H           -3.61387112781860        1.33299977287579        1.25482884834581
H           -3.33493818399717       -0.12152256311394        3.15792065454448
H            1.45865748463369        0.35196562880370        2.76746459982517
H            1.07604816324051        2.94318605929366        1.72290478338609
H            3.15659418361904        2.10270170143844        0.90418747989844
H            3.33604072987984        2.15600714119965        3.29851561350897
48
 energy: -84.848898742954 gnorm: 0.000648316686 xtb: 6.7.1 (edcfbbe)
C            5.73686527580870       -0.72087742235923        0.10420681655323
O            4.89131090283415        0.37605510537637        0.43715213588945
C            3.63890930369483        0.02797796474345        0.90011771038222
O            2.84332949093286       -0.36348325677260       -0.20213764473889
C            1.52304476814311       -0.73211271762041        0.15604985934089
C            0.87050676275442       -1.31296399384522       -1.09934573242276
O            1.60323629982189       -2.38265529077553       -1.62893578455627
C            0.77924986049853        0.48491601798404        0.73319093075288
O           -0.53777664261535        0.12846020778186        1.13926827378040
C           -1.56831507178172        0.98344121024684        0.70768112419449
O           -1.69928181150253        1.09697862942679       -0.67838033920890
C           -2.37451643867663        0.06315282105663       -1.39578222797776
C           -2.67705079685015        0.65306045832509       -2.78597600579654
O           -3.24400853769276       -0.29713753574228       -3.65204571125947
C           -3.66513387265630       -0.42049193764371       -0.71727957571390
O           -4.14705032164270       -1.59140559928314       -1.32629159586137
C           -3.38336320666772       -0.73552473774821        0.75462091051479
O           -4.54610188709395       -1.13158546395441        1.43707866612045
C           -2.86259311672896        0.54321904625555        1.41005917932136
O           -2.60725069076604        0.39244293198602        2.77528082583603
C            1.55508164288050        1.05403375912029        1.93267279616844
O            1.00509069275965        2.25861820241346        2.40619209022036
C            3.04427372114579        1.25432960541515        1.60287609526135
O            3.78803239630879        1.47265728659258        2.77085324778549
H            5.31801750633220       -1.29622019967549       -0.72248236242689
H            5.87767424888729       -1.36862250992103        0.97365810670526
H            6.68263957874102       -0.27474278820756       -0.18867504903833
H            3.69557897532485       -0.80768533620016        1.62668255464931
H            1.56355496195327       -1.51371573493730        0.93195801157364
H            0.75363226841728       -0.51361335012973       -1.84234494699293
H           -0.10131817070649       -1.72118553241661       -0.82192373538734
H            2.50641919684391       -2.07742817379773       -1.79662088855252
H            0.71636922814172        1.24829113807932       -0.05602302654521
H           -1.33271653398706        2.00911682912310        1.03429496170544
H           -1.72200372004131       -0.81304612865932       -1.50290304688149
H           -1.75685392175290        1.08217601844824       -3.19153998155152
H           -3.41018162208545        1.45560627141699       -2.67639687025359
H           -2.55345979557179       -0.87758202962962       -4.00258360577632
H           -4.42743245439779        0.37425205677885       -0.75795146829654
H           -4.27564676374785       -1.41163131976464       -2.27510695542084
H           -2.61236734548770       -1.51780390921393        0.82354552521721
H           -4.96498134557785       -1.84614375242051        0.93365966496046
H           -3.61388893432699        1.33579059971888        1.25272990201900
H           -3.34229511989426       -0.11352602872030        3.15933049078879
H            1.45685360455168        0.35079715545784        2.76671780725122
H            1.07862251389908        2.94310862222434        1.72329994369834
H            3.15872505530755        2.10311140416769        0.90860671210618
H            3.33856958675946        2.14958512274491        3.30242644855298
48
 energy: -84.848912728821 gnorm: 0.000647701283 xtb: 6.7.1 (edcfbbe)
C            5.73655462419098       -0.71974087063516        0.10107577249996
O            4.89085351180222        0.37674754429119        0.43521594373881
C            3.63859230997125        0.02773660174267        0.89816813970857
O            2.84241731507268       -0.36118644429924       -0.20441272384423
C            1.52258852511788       -0.73087539271839        0.15393911505294
C            0.86967575701441       -1.31006761430548       -1.10204364700405
O            1.60540520326188       -2.37476447159010       -1.63733802214555
C            0.77861439091891        0.48519046996690        0.73293458780301
O           -0.53808593432239        0.12773224829265        1.13998049904205
C           -1.56886677510524        0.98305837223591        0.70926366329862
O           -1.70012726699707        1.09675761647626       -0.67683218197858
C           -2.37414298047732        0.06144368754027       -1.39313753837371
C           -2.67204433803329        0.64734741873350       -2.78593690450041
O           -3.23350018002881       -0.30612754244259       -3.65210359318591
C           -3.66645236519942       -0.42018811676972       -0.71638535540883
O           -4.14801280870747       -1.59180770513929       -1.32440140882733
C           -3.38710130976225       -0.73370391714900        0.75637552663744
O           -4.55153956118390       -1.12592427140708        1.43815140696127
C           -2.86409227248628        0.54469310117718        1.41081112215659
O           -2.61095374342809        0.39515346252448        2.77648960285623
C            1.55456359221785        1.05359652908383        1.93269827368836
O            1.00521811230015        2.25819406814789        2.40678034984339
C            3.04445966901047        1.25228504523813        1.60443913906820
O            3.78768512073423        1.46495183779805        2.77374333140136
H            5.31715450356193       -1.29493804634475       -0.72544081676841
H            5.87821003568467       -1.36771968102262        0.97022442929534
H            6.68198877066642       -0.27325063798706       -0.19239082754928
H            3.69575823500483       -0.80946341785264        1.62291055555331
H            1.56392866344479       -1.51339380542996        0.92895983275222
H            0.74762697256774       -0.50855960124782       -1.84201947949647
H           -0.09981539046263       -1.72310147132302       -0.82349838778717
H            2.50777655519313       -2.06590086686523       -1.80284355697322
H            0.71433914514331        1.24941071324048       -0.05534387217373
H           -1.33252311965553        2.00850058252401        1.03620783819719
H           -1.72205898809763       -0.81552248775310       -1.49614476834420
H           -1.75073142117449        1.07700713945453       -3.18865172996107
H           -3.40723232848254        1.44871276152571       -2.68175266583433
H           -2.54040468534178       -0.88754924802234       -3.99598867962614
H           -4.42811109481783        0.37500410841989       -0.75950336451334
H           -4.27433401106235       -1.41438615104375       -2.27388696751441
H           -2.61816326040282       -1.51785061362844        0.82694955481240
H           -4.97101591215254       -1.84106407286622        0.93607768751467
H           -3.61374816309993        1.33841224955649        1.25129770085654
H           -3.34944433054780       -0.10575463818594        3.16073960794703
H            1.45536864388231        0.34970063334573        2.76608451805057
H            1.08100043348415        2.94363352781002        1.72507564449133
H            3.16075380079424        2.10340058379931        0.91345472566461
H            3.34196807025902        2.14416449837293        3.30549216008357
48
 energy: -84.848925359103 gnorm: 0.000528142368 xtb: 6.7.1 (edcfbbe)
C            5.73575449353145       -0.71865024374530        0.09798879828858
O            4.89017922771916        0.37746218503671        0.43391312807166
C            3.63807657956187        0.02760103819547        0.89674438229353
O            2.84149170785077       -0.35893279738782       -0.20633260061721
C            1.52203952456510       -0.72968055827663        0.15209500089814
C            0.86853894418476       -1.30733355233701       -1.10439059440481
O            1.60772909082651       -2.36636259889071       -1.64583712524303
C            0.77781147034929        0.48537327713741        0.73278771012026
O           -0.53882395252217        0.12727709405516        1.14038630055661
C           -1.56958839076542        0.98291467085640        0.71051566447395
O           -1.70132256084445        1.09698486162509       -0.67564089065435
C           -2.37345901870738        0.05965211976764       -1.39072466912647
C           -2.66699761853017        0.64116613418234       -2.78617482551342
O           -3.22288409669500       -0.31584773141371       -3.65208586048178
C           -3.66764918111949       -0.41946477388682       -0.71566059802080
O           -4.14942081363095       -1.59143564195262       -1.32282141082374
C           -3.39072499712956       -0.73172896105470        0.75790515765828
O           -4.55694834388306       -1.11979721916582        1.43902233003244
C           -2.86547492947016        0.54611946279459        1.41174769183123
O           -2.61341676192129        0.39694361306994        2.77759815572628
C            1.55426399426561        1.05244517484381        1.93301698290175
O            1.00542470799466        2.25693045614903        2.40736356252663
C            3.04473584888930        1.25064741195268        1.60621555045230
O            3.78757089509268        1.45807990293119        2.77678880508211
H            5.31546698610545       -1.29349510777992       -0.72832299650774
H            5.87868874202363       -1.36712256872030        0.96658166268044
H            6.68072403157641       -0.27177855720420       -0.19639083102390
H            3.69561184059619       -0.81118209956725        1.61964995875057
H            1.56414268308865       -1.51303158670884        0.92621903865758
H            0.74068971109719       -0.50363113888503       -1.84101818799546
H           -0.09829166567337       -1.72597437228862       -0.82476171625642
H            2.50866597040254       -2.05308621738107       -1.81106337575927
H            0.71285578237429        1.25030125422576       -0.05473916825820
H           -1.33267806656278        2.00821793705166        1.03761623153155
H           -1.72144640584087       -0.81791516636868       -1.48888159814039
H           -1.74466045216855        1.07125201202521       -3.18628109162300
H           -3.40425386626432        1.44138431706328       -2.68765284763628
H           -2.52743973667647       -0.89874091378237       -3.98869574924755
H           -4.42835648813361        0.37652217765148       -0.76093507130182
H           -4.27234545422985       -1.41630003895326       -2.27314744661019
H           -2.62405448779857       -1.51793693672059        0.83012914506300
H           -4.97739122594799       -1.83524931329174        0.93824923895570
H           -3.61375251214725        1.34093548434976        1.25108732914792
H           -3.35507111516620       -0.09897341398462        3.16228223186697
H            1.45421650910324        0.34808459528803        2.76591103585728
H            1.08336376437913        2.94331552934042        1.72688368854132
H            3.16270680720137        2.10386395255345        0.91816275651105
H            3.34570254910014        2.14017056268360        3.30818135442818
48
 energy: -84.848936691748 gnorm: 0.000439764482 xtb: 6.7.1 (edcfbbe)
C            5.73471766040170       -0.71787582128895        0.09488954041221
O            4.88952860557290        0.37786192181333        0.43308198847937
C            3.63756541869738        0.02732505688663        0.89580474984435
O            2.84052224510253       -0.35701963203895       -0.20768080235663
C            1.52146390021364       -0.72896570581152        0.15085162170029
C            0.86776007461465       -1.30512708973875       -1.10634360867396
O            1.61077030162782       -2.35802296407231       -1.65433244439804
C            0.77727310378648        0.48551958487241        0.73283142920371
O           -0.53942196012445        0.12739033598456        1.14068675695053
C           -1.57004335277359        0.98323078762427        0.71144791720645
O           -1.70246322081061        1.09754001512254       -0.67478294807244
C           -2.37278488214968        0.05811077736068       -1.38860452457847
C           -2.66204654546279        0.63458566838236       -2.78692460906071
O           -3.21328772361960       -0.32582342581656       -3.65210576002766
C           -3.66869305965496       -0.41838081506852       -0.71500196739717
O           -4.15150892241701       -1.59030241043901       -1.32142462481547
C           -3.39411298936513       -0.72953802456295        0.75930162725639
O           -4.56206722886106       -1.11362505788219        1.43975538353088
C           -2.86634491917543        0.54755546345107        1.41271324399965
O           -2.61420675058886        0.39802609395195        2.77848664184963
C            1.55363759147806        1.05149447103525        1.93374094500525
O            1.00495692930439        2.25565469092448        2.40901773060299
C            3.04454270518606        1.24889081035614        1.60798277057031
O            3.78710081329846        1.45234793961610        2.77946011579174
H            5.31299245207673       -1.29224302732221       -0.73102228717262
H            5.87920091149728       -1.36688815550382        0.96281675133113
H            6.67910693258376       -0.27063406403062       -0.20079965290012
H            3.69520793816628       -0.81283320594846        1.61707187064348
H            1.56437296555929       -1.51326353464118        0.92395720899451
H            0.73376480442931       -0.49894568858231       -1.83919075689792
H           -0.09614853814908       -1.72995290582106       -0.82581256931397
H            2.50966670144511       -2.03949588239584       -1.82084979907961
H            0.71218644170300        1.25139250401595       -0.05377010073257
H           -1.33274870680798        2.00857151393929        1.03832386426191
H           -1.72083382337681       -0.81997377598613       -1.48175635444744
H           -1.73892591381672        1.06493462912929       -3.18503344917359
H           -3.40095374211356        1.43387770339820       -2.69370636972946
H           -2.51615700578678       -0.91066531642800       -3.98179389062656
H           -4.42797483378868        0.37885981021857       -0.76215682029871
H           -4.27013813584922       -1.41724075735983       -2.27270572233734
H           -2.62968035404657       -1.51773546555264        0.83306619778355
H           -4.98372661744958       -1.82901033665854        0.93997327368447
H           -3.61365900166009        1.34326428485416        1.25205981126063
H           -3.35841877292868       -0.09345005398168        3.16388583225131
H            1.45317538484156        0.34637870369555        2.76595368905768
H            1.08448233270580        2.94303429012596        1.72973915464738
H            3.16365238562149        2.10378633145399        0.92236023270748
H            3.34869812071391        2.13737344360508        3.31002295122082
48
 energy: -84.848947264312 gnorm: 0.000370854201 xtb: 6.7.1 (edcfbbe)
C            5.73323030115333       -0.71722752070670        0.09183399367883
O            4.88880874486565        0.37824117884285        0.43292867866438
C            3.63699042680936        0.02710388691448        0.89548512328505
O            2.83968395593402       -0.35520077275451       -0.20850883555034
C            1.52097495378730       -0.72842176900519        0.14997660412853
C            0.86725508945370       -1.30294735499621       -1.10818837693687
O            1.61465712762151       -2.34913181675733       -1.66280963994776
C            0.77664229400503        0.48542258096560        0.73300479782928
O           -0.54025761278717        0.12762840636513        1.14074217738104
C           -1.57052608625301        0.98369724695743        0.71179841727447
O           -1.70330639070581        1.09789778707068       -0.67458771585511
C           -2.37186164883998        0.05611822006557       -1.38674497117342
C           -2.65710276760140        0.62757316740709       -2.78785100051771
O           -3.20465932408040       -0.33630168062971       -3.65148481519489
C           -3.66977559049313       -0.41671642242724       -0.71435952465822
O           -4.15459010488620       -1.58828248201178       -1.31989939385139
C           -3.39727675671208       -0.72702640020014        0.76056662447867
O           -4.56693507295319       -1.10711909402283        1.44038522903183
C           -2.86693587763408        0.54917840604153        1.41373442386305
O           -2.61368702604494        0.39869990602617        2.77926153427627
C            1.55311789377193        1.04994367553016        1.93470921541113
O            1.00438511495939        2.25362924524047        2.41100929438408
C            3.04429120190049        1.24749570377638        1.60987092814906
O            3.78664052863971        1.44792231842548        2.78206340485795
H            5.30951434071613       -1.29096123740977       -0.73349853663920
H            5.87973762163500       -1.36695988212914        0.95888322025582
H            6.67690130819942       -0.26971020179619       -0.20570838185763
H            3.69466987287744       -0.81439218613068        1.61519774450969
H            1.56460500165829       -1.51342702707806        0.92221835335764
H            0.72664479845169       -0.49431655493945       -1.83701984951738
H           -0.09347632451691       -1.73461036797317       -0.82713415565081
H            2.51097780872225       -2.02459004502528       -1.83184250666820
H            0.71203144813500        1.25207193995374       -0.05283826829293
H           -1.33284985357886        2.00917984341399        1.03811024930700
H           -1.72003226212284       -0.82261632600686       -1.47453438132303
H           -1.73305123773325        1.05732063308248       -3.18462763463063
H           -3.39712615475800        1.42648757119502       -2.70002627143474
H           -2.50644631465190       -0.92325222874809       -3.97509523411986
H           -4.42716337635439        0.38230069187266       -0.76317813452196
H           -4.26826895632170       -1.41729696319201       -2.27223401526374
H           -2.63512246970274       -1.51729464570411        0.83579387776374
H           -4.99014345408832       -1.82196980454845        0.94119476805641
H           -3.61337939874875        1.34589230137815        1.25400013268028
H           -3.35979898695730       -0.08892922069807        3.16579410734598
H            1.45231188624425        0.34401536871336        2.76619936250539
H            1.08479917358149        2.94192204116473        1.73277068790826
H            3.16404109028950        2.10377438601523        0.92612160822803
H            3.35086078477768        2.13517921313790        3.31200132368102
48
 energy: -84.848956471164 gnorm: 0.000361487368 xtb: 6.7.1 (edcfbbe)
C            5.73155638678244       -0.71682625978596        0.08898625229023
O            4.88828590103706        0.37854087084922        0.43331544186815
C            3.63650204056515        0.02702238486093        0.89557756028742
O            2.83912600292087       -0.35353009076224       -0.20894412328611
C            1.52066193444649       -0.72800391063870        0.14914763751567
C            0.86737295163983       -1.30112362405695       -1.11007160276132
O            1.61943173951356       -2.34035379521469       -1.67133530528898
C            0.77621631233889        0.48534348573529        0.73307544630380
O           -0.54076175391759        0.12790942960213        1.14075468401347
C           -1.57072392372496        0.98417969526048        0.71204436467937
O           -1.70379053660700        1.09795552086199       -0.67443336724870
C           -2.37110632369093        0.05421591782029       -1.38500803479226
C           -2.65220011840936        0.62016710300446       -2.78910700621847
O           -3.19757171982632       -0.34667445449665       -3.65079271858602
C           -3.67086725628898       -0.41466013543261       -0.71358928920373
O           -4.15864650032890       -1.58547789819874       -1.31819618941280
C           -3.40039435084618       -0.72426121698620        0.76187308891985
O           -4.57157302781934       -1.10072356488522        1.44116329002290
C           -2.86715044489118        0.55084010338390        1.41481990492738
O           -2.61208745919183        0.39909000790567        2.77993982391638
C            1.55252402566193        1.04837216824751        1.93578368323528
O            1.00351160025200        2.25141731465094        2.41344392942149
C            3.04382220493169        1.24638704297645        1.61166678738111
O            3.78592890297012        1.44499420628098        2.78433810667313
H            5.30532721562142       -1.28985956815784       -0.73554477766579
H            5.88031810051140       -1.36728093690504        0.95510276949491
H            6.67445708871418       -0.26923375425029       -0.21084949204010
H            3.69401271774766       -0.81555084857092        1.61402366844501
H            1.56481134030152       -1.51387345057194        0.92038601766870
H            0.72027862071255       -0.48996573522933       -1.83474045249289
H           -0.09018392515419       -1.73979004181677       -0.82893159568338
H            2.51304846091674       -2.00957275666625       -1.84276873700330
H            0.71216697673572        1.25282524320675       -0.05198440922056
H           -1.33254499888756        2.00982907706824        1.03754543688420
H           -1.71983427737438       -0.82537895908467       -1.46751010838844
H           -1.72699919246773        1.04829747344641       -3.18498739576014
H           -3.39232697290018        1.41950420867391       -2.70631998276669
H           -2.49895265351512       -0.93581801256612       -3.96948904307301
H           -4.42584260825047        0.38655888142789       -0.76385297360213
H           -4.26737067457131       -1.41635394154867       -2.27150998495937
H           -2.64041592706691       -1.51648477343279        0.83824148954688
H           -4.99661555503286       -1.81444521992062        0.94194565903900
H           -3.61283006178134        1.34855670187073        1.25667263894207
H           -3.35937043028843       -0.08559266500783        3.16780051643832
H            1.45159811628666        0.34145752927698        2.76643406925677
H            1.08402324232543        2.94053703737923        1.73606757664624
H            3.16377547900177        2.10361675228089        0.92918565385597
H            3.35140305039238        2.13321117253783        3.31411533101885
48
 energy: -84.848964134654 gnorm: 0.000365596838 xtb: 6.7.1 (edcfbbe)
C            5.72996637070647       -0.71661694359472        0.08651556538200
O            4.88805323570028        0.37878786528210        0.43406134053768
C            3.63622033592561        0.02705590880610        0.89595622204248
O            2.83897576888125       -0.35205438275401       -0.20911035898120
C            1.52068495582070       -0.72774052953106        0.14839827337965
C            0.86802065475318       -1.29904151199713       -1.11224611756080
O            1.62433919453912       -2.33190941463128       -1.67921792657503
C            0.77587951523287        0.48498791115395        0.73312475231750
O           -0.54113070681632        0.12785497058144        1.14076960445105
C           -1.57082611182473        0.98429696931071        0.71200375154877
O           -1.70379358262134        1.09723820957916       -0.67461408214427
C           -2.37035119045346        0.05173559863943       -1.38338488321559
C           -2.64737829708915        0.61309114251519       -2.79009218841850
O           -3.19198261089993       -0.35615740680791       -3.64950035842356
C           -3.67226932641898       -0.41224334456829       -0.71274564083994
O           -4.16361851427875       -1.58208237574728       -1.31634315351995
C           -3.40325540891238       -0.72156412217143        0.76307018027875
O           -4.57576231166488       -1.09466671452388        1.44195775551391
C           -2.86713010882736        0.55232398669201        1.41595294065594
O           -2.61012668992738        0.39922571688352        2.78066047700190
C            1.55201861162950        1.04691757533696        1.93657033990725
O            1.00247222081796        2.24917862543359        2.41576149394229
C            3.04332780360196        1.24569116530886        1.61305673566160
O            3.78513118323169        1.44357276394940        2.78602503822799
H            5.30104398651632       -1.28892894155767       -0.73711489584298
H            5.88095188002308       -1.36773470512536        0.95174081989805
H            6.67211958629229       -0.26913146998608       -0.21577773506240
H            3.69343244436707       -0.81638456627465        1.61341966934454
H            1.56514505331844       -1.51441094571324        0.91872548920128
H            0.71523850370853       -0.48574045020577       -1.83323880980990
H           -0.08668224779618       -1.74402794398269       -0.83146795572560
H            2.51563443309368       -1.99566152595269       -1.85194008079473
H            0.71228950958587        1.25323756168592       -0.05117964839316
H           -1.33209413776427        2.01013090192661        1.03658558875701
H           -1.71994157755464       -0.82898576411690       -1.46082745752871
H           -1.72066627987286        1.03844692058234       -3.18544858698075
H           -3.38661746470040        1.41376045941873       -2.71209479246995
H           -2.49355462955475       -0.94746405105007       -3.96458678622377
H           -4.42453500222926        0.39153207042623       -0.76420400823474
H           -4.26797572129272       -1.41463216851904       -2.27049359628237
H           -2.64536583572490       -1.51574552816532        0.84029497198831
H           -5.00293943727792       -1.80671375253557        0.94216043919108
H           -3.61192235042666        1.35120874924730        1.25952546289767
H           -3.35796221657950       -0.08349448029647        3.16980110389521
H            1.45113815519251        0.33896041862506        2.76633083326230
H            1.08241560838308        2.93905214887038        1.73908355066735
H            3.16308026258005        2.10355820619893        0.93133330863189
H            3.35030220595175        2.13128090752052        3.31622759424234
48
 energy: -84.848966890037 gnorm: 0.000210395239 xtb: 6.7.1 (edcfbbe)
C            5.73008120708471       -0.71624227080415        0.08642613159046
O            4.88824986326797        0.37905918412919        0.43446649376376
C            3.63633289257019        0.02716538476388        0.89604767469064
O            2.83934511507855       -0.35169369307413       -0.20927458242975
C            1.52096695354176       -0.72753612641375        0.14770311001666
C            0.86878296767800       -1.29810149961917       -1.11346989445668
O            1.62524994024159       -2.33066689398898       -1.68081192213421
C            0.77588675472289        0.48479336089515        0.73286341484560
O           -0.54090834747658        0.12731334791385        1.14076929005653
C           -1.57063555905511        0.98390155140215        0.71205154978404
O           -1.70320771887519        1.09629127695811       -0.67453793267029
C           -2.37045503260840        0.05105731338059       -1.38300664691500
C           -2.64634550879581        0.61161588818727       -2.79023600506517
O           -3.19206705532995       -0.35747517571361       -3.64909729106140
C           -3.67270724025183       -0.41170021233045       -0.71241012104919
O           -4.16521514248652       -1.58125369084616       -1.31554417215801
C           -3.40406820764779       -0.72087412871666        0.76350483890832
O           -4.57674821180338       -1.09333352628092        1.44244422510913
C           -2.86708185396421        0.55275193038943        1.41608934662651
O           -2.61015053183857        0.39981106105146        2.78082409746241
C            1.55196974390206        1.04622347230271        1.93665143175023
O            1.00227071980789        2.24819941646215        2.41639895834847
C            3.04318232455961        1.24564462533971        1.61329483200808
O            3.78480012960840        1.44372717477922        2.78638642381895
H            5.30107075237486       -1.28825135032045       -0.73735937308190
H            5.88117197450258       -1.36768871953595        0.95138042742693
H            6.67219659948074       -0.26869122633831       -0.21584339387025
H            3.69348134620619       -0.81643458166250        1.61335611453363
H            1.56519686888688       -1.51465288662172        0.91755617191608
H            0.71657791241755       -0.48425066437254       -1.83399288761574
H           -0.08616847009980       -1.74296602581011       -0.83347818455115
H            2.51684820239246       -1.99458876837062       -1.85210226891323
H            0.71202737150427        1.25326319352369       -0.05118858233397
H           -1.33145345707225        2.00968201832442        1.03634580845017
H           -1.72086039778846       -0.83021955216283       -1.45979734796886
H           -1.71898450755644        1.03538195245377       -3.18555298265966
H           -3.38439714238257        1.41331391208050       -2.71292226949250
H           -2.49421709742490       -0.94941595558841       -3.96425803508046
H           -4.42416703237540        0.39272490074606       -0.76419506208795
H           -4.26971349714597       -1.41405971440432       -2.26968831907457
H           -2.64659384709156       -1.51544977037145        0.84077031308303
H           -5.00455000808935       -1.80476608988921        0.94225539571716
H           -3.61137482395722        1.35208493409045        1.25956619208174
H           -3.35783584212828       -0.08316864693017        3.17002006004745
H            1.45111565290319        0.33785114737239        2.76607384369071
H            1.08176607149554        2.93830707971646        1.73991032901051
H            3.16270672464894        2.10361843316295        0.93157942875609
H            3.34862816368133        2.12969232479446        3.31751561107853
