48
 energy: -84.790845761651 gnorm: 0.083106082104 xtb: 6.7.1 (edcfbbe)
C            5.47826853369125        1.60337835274056        0.15747478055044
O            4.36043875183541        1.36852831295164       -0.67681683294858
C            3.15936242053826        1.28748106427066       -0.00622353775063
O            3.10137438175277        0.06014179641226        0.68704428798010
C            1.90731705262199       -0.10949716253119        1.41554808257344
C            2.08063092082867       -1.39279990207396        2.23998655375473
O            3.19581485682047       -1.31306435103718        3.08197105031668
C            0.66094411507154       -0.20066370520036        0.50787425172283
O           -0.42241872519443       -0.15433035833624        1.42689491055883
C           -1.59893523064563       -0.91878591501976        1.39084642890096
O           -2.72515344743385       -0.09589851487876        1.28232947720030
C           -3.02437069225582        0.40149492549785       -0.02170034714750
C           -4.21123179186342        1.35141212060946        0.18113871358736
O           -3.86645962499882        2.41450189821220        1.02012165949161
C           -3.34057390103262       -0.77694916104185       -0.95265558596471
O           -3.58823316267589       -0.40018938666888       -2.28774853776739
C           -2.12129150929735       -1.70358119925509       -0.98885111273385
O           -2.38736393994849       -2.88785387731081       -1.70570177846679
C           -1.72686941523874       -2.11907042385604        0.43172016835289
O           -0.55828199390665       -2.89442034713148        0.43788045853839
C            0.65506986593616        1.03416146843273       -0.42329250338262
O           -0.27613689289460        0.95387626189569       -1.48337529936047
C            2.03013570485247        1.34976502795433       -1.03737414379859
O            2.01065842542456        2.63204611022578       -1.60107539016222
H            5.63743545665965        0.77167694941704        0.84892353292893
H            5.34848072807372        2.52950744009310        0.72799669587337
H            6.33211973357921        1.69819921275173       -0.50885618126729
H            3.04024928140445        2.12454142117656        0.71344146758878
H            1.75995807486243        0.74486228726151        2.09425769062666
H            2.16892807064407       -2.24224019400268        1.54944975833998
H            1.20627874336843       -1.53758494659718        2.87398612679959
H            3.94727120472244       -1.06174178542810        2.53075719499363
H            0.67877631997678       -1.13130964131187       -0.06331614293719
H           -1.68427400210897       -1.31587979138509        2.41614847652359
H           -2.17258979178643        0.96333094946799       -0.42291574862969
H           -5.05138127274323        0.77879967458598        0.60321607674028
H           -4.51662942878000        1.79902109944909       -0.76815713111378
H           -3.41590766372636        2.03632432019744        1.78652449306432
H           -4.20051959444103       -1.33429213067603       -0.54439173807385
H           -4.29537877438535        0.25190348942469       -2.31263529159416
H           -1.30140598614347       -1.15796319781930       -1.47223805113923
H           -2.83128493392167       -2.63053934620692       -2.52286733197649
H           -2.56987907150137       -2.71420799539983        0.82331249026347
H           -0.70672445842437       -3.62398434022656       -0.17887090260263
H            0.33002411582840        1.89227592215057        0.17763304356889
H            0.05967147654504        0.34394064257452       -2.15368398326772
H            2.26553094627532        0.59167340856463       -1.80618384534254
H            1.17855420482654        2.73399839765913       -2.08406225643482
48
 energy: -84.796353262344 gnorm: 0.012271091804 xtb: 6.7.1 (edcfbbe)
C            5.47816797120893        1.59999669526810        0.15874532584637
O            4.35990613277628        1.36318419313385       -0.67421816571602
C            3.15828455753281        1.28164146235584       -0.00428730259091
O            3.09546636905132        0.04932956571043        0.68329431389212
C            1.90153595252205       -0.12782904836487        1.41260448968437
C            2.07535040532424       -1.40765746131921        2.23778811560967
O            3.19097846710602       -1.32195229790547        3.07932525785050
C            0.65491184545292       -0.16450516548223        0.50184039403539
O           -0.44754112605845       -0.11709035035109        1.39602476750739
C           -1.59684353069892       -0.92329177359368        1.40993849162805
O           -2.73162190080401       -0.11202325428882        1.27815663030915
C           -3.02495479853688        0.39442044445914       -0.02295424332966
C           -4.21022853105212        1.34722273339397        0.18056979291477
O           -3.86523241954880        2.41019991119312        1.01988473823524
C           -3.34050307890570       -0.78231392321107       -0.95336753614689
O           -3.58523454675710       -0.40420211431426       -2.28857485159975
C           -2.11936212543804       -1.70672623594667       -0.98023536335664
O           -2.38369283818801       -2.89020524175601       -1.69918699508139
C           -1.72245774771421       -2.12105379386001        0.44300582327869
O           -0.55259196082923       -2.89406645337549        0.44264934763553
C            0.65500499866448        1.05881082739405       -0.43294026311027
O           -0.27490439296119        0.97044731651561       -1.49330516386723
C            2.03433870957842        1.35600826443736       -1.04089698724119
O            2.02137511792602        2.63727987290156       -1.60599053426947
H            5.63845210696153        0.76910096103282        0.85072039655931
H            5.34837741791013        2.52687165552236        0.72811604874442
H            6.33131467496805        1.69499033412301       -0.50859497917042
H            3.04060073890731        2.11738801571370        0.71729367396892
H            1.76304272608019        0.72525023906842        2.09612988337388
H            2.16506796564765       -2.25652831226269        1.54761977501648
H            1.20137891355608       -1.54909055306206        2.87272035425454
H            3.94140683489009       -1.06655932071350        2.52836669709874
H            0.67054621133782       -1.09701666269381       -0.06866025962913
H           -1.67078305867020       -1.30436733008659        2.44072741553998
H           -2.17197859845008        0.95746419686956       -0.42028328558076
H           -5.05197922502192        0.77642709938548        0.60180794576421
H           -4.51465075537429        1.79644771100212       -0.76834133662936
H           -3.41615971915647        2.03227937026189        1.78720217199153
H           -4.20175330966855       -1.33827139330745       -0.54627140711161
H           -4.29207755451074        0.24843257212481       -2.31409281841372
H           -1.30068909755403       -1.15985763181786       -1.46470450145237
H           -2.82709152726317       -2.63207605202644       -2.51665845793484
H           -2.56387231651238       -2.71961193493435        0.83250253368601
H           -0.70225079547367       -3.62160254480595       -0.17639856780027
H            0.33088346343800        1.91775707374640        0.16614387242613
H            0.05892236719127        0.35028188507959       -2.15541521848481
H            2.26530806746464        0.59470232741893       -1.80796256725155
H            1.18783102035034        2.74195900266962       -2.08635325343992
48
 energy: -84.796950040949 gnorm: 0.004352960151 xtb: 6.7.1 (edcfbbe)
C            5.47960304360964        1.59364868201328        0.16049506252310
O            4.36183717878708        1.35685243600553       -0.67298013232400
C            3.15874966521391        1.27899296884660       -0.00550838748956
O            3.08695207251449        0.04321220535098        0.67458399637145
C            1.89202771240902       -0.12751294642985        1.40582422147587
C            2.05925901812432       -1.41520538730360        2.22033167172467
O            3.17316298134157       -1.33207721633696        3.06460688560434
C            0.64323617931153       -0.15385904628038        0.49387859031773
O           -0.45618588692314       -0.09765945296301        1.39103013407146
C           -1.59654523949872       -0.91607413901848        1.41741335897800
O           -2.74124918619508       -0.11774738613454        1.27973419209920
C           -3.02632110724345        0.39000050809159       -0.02124879655417
C           -4.21090975241690        1.34358934741374        0.17998848090692
O           -3.86517521810772        2.40590302933366        1.01980012416069
C           -3.33760446051092       -0.78737589715539       -0.95126963099774
O           -3.57692341300858       -0.41408651568680       -2.28888733461823
C           -2.11383660402349       -1.70867491159087       -0.96934449995793
O           -2.37270932020036       -2.89575144798085       -1.68459657213296
C           -1.71634397063488       -2.11996964874758        0.45569231684386
O           -0.54339534511097       -2.88888555366755        0.45355937311908
C            0.65719640951364        1.07449308683868       -0.43285916615261
O           -0.27351734765693        0.99114559701909       -1.49222603072760
C            2.03689305766692        1.36364933246125       -1.04337310222774
O            2.03796458223584        2.64461031046724       -1.61026730141522
H            5.63932660009593        0.76362289567889        0.85361017614347
H            5.35007241365798        2.52145247850441        0.72845413539239
H            6.33290372432802        1.68758416736599       -0.50679627898152
H            3.04445531603130        2.11045956432229        0.72141417626221
H            1.76624312322573        0.72053558747650        2.10068896204690
H            2.15020490147005       -2.26456983547268        1.53078179322572
H            1.18600984938256       -1.55921568300955        2.85589492364272
H            3.92522326146314       -1.07318909216098        2.51743477379193
H            0.64763693606666       -1.08331872411076       -0.08477876861162
H           -1.66284992608689       -1.29450721339261        2.44802705739318
H           -2.17060894271617        0.95224974442859       -0.41387754777520
H           -5.05394832121296        0.77371791283298        0.59987110391954
H           -4.51221394146215        1.79281147164215       -0.76988373558279
H           -3.41704153230020        2.02715653970161        1.78725383844115
H           -4.19977775059791       -1.34374147041407       -0.54669415882070
H           -4.28364618100944        0.23857091447868       -2.31850518991198
H           -1.29505375583927       -1.16148750532753       -1.45360145250075
H           -2.81604156577100       -2.64089583178773       -2.50322658372096
H           -2.55590987977260       -2.72065215065806        0.84655201781134
H           -0.69123121686522       -3.61642609068763       -0.16608300167855
H            0.33921306379935        1.93831468900515        0.16284668609190
H            0.05363040816048        0.36396959753325       -2.15132962707212
H            2.26267361242061        0.59980925404904       -1.80952806814370
H            1.20456283491545        2.75652570852505       -2.08941848584226
48
 energy: -84.797331013612 gnorm: 0.005601542403 xtb: 6.7.1 (edcfbbe)
C            5.48182900412219        1.58370608240310        0.16262839706602
O            4.36514764055040        1.34795270249515       -0.67250348167043
C            3.16011620153389        1.27413258271015       -0.00848701005803
O            3.07813936310167        0.03400581544142        0.66153962364897
C            1.88222167512339       -0.12808874540240        1.39422551787760
C            2.03795085614160       -1.42470038842939        2.19723784615261
O            3.14952679677954       -1.35237479252379        3.04646783854554
C            0.62855901303504       -0.13952005355157        0.48667685107684
O           -0.46115903374366       -0.07511215662027        1.39597435014203
C           -1.59467807705909       -0.90210307437749        1.42434697622193
O           -2.75194931149657       -0.12129677207744        1.28402137396916
C           -3.02781395783076        0.38534626151101       -0.01801254778758
C           -4.21255873331790        1.33945034598688        0.17697170740468
O           -3.86772307642293        2.40089162957722        1.01810942914687
C           -3.33105194576648       -0.79464913193675       -0.94753097474746
O           -3.56327036795386       -0.42875892072336       -2.28861290123568
C           -2.10402041709090       -1.71189490699161       -0.95649463345585
O           -2.35470090270662       -2.90515377675744       -1.66484808984651
C           -1.70581978461676       -2.11439939178702        0.47122492948281
O           -0.52982539953354       -2.87888707234079        0.47212283259476
C            0.65544088480394        1.09492327705415       -0.43352487056032
O           -0.27875715696755        1.02516743778456       -1.49141213915962
C            2.03825425757314        1.37133910618012       -1.04543635790258
O            2.05636192247800        2.65227020776430       -1.61280577005521
H            5.63979901066014        0.75444676134371        0.85717889978485
H            5.35287551711801        2.51243842989334        0.72923603440952
H            6.33615869979581        1.67564224019780       -0.50360806478126
H            3.05038014210932        2.09983788062970        0.72557552530146
H            1.76804231987208        0.71392735163998        2.09890839343886
H            2.12794498215510       -2.26995558122536        1.50276696467018
H            1.16285693592775       -1.57210898941769        2.82989012876399
H            3.90390798953095       -1.08871896306415        2.50466610910253
H            0.61894369568845       -1.06329594461049       -0.10114163985648
H           -1.65503516528982       -1.27881882803959        2.45497624932932
H           -2.16887742744670        0.94681957048337       -0.40481050273677
H           -5.05692156646777        0.77003938789478        0.59463027682005
H           -4.51013601378967        1.78824858661267       -0.77422880602097
H           -3.42072269550938        2.02098069475893        1.78575346821791
H           -4.19380914621494       -1.35248821195832       -0.54620331218654
H           -4.27003591327128        0.22355112784269       -2.32453651413685
H           -1.28573243485126       -1.16398938997473       -1.44120599387062
H           -2.79858003441807       -2.65697144704128       -2.48524417976875
H           -2.54273701317997       -2.71630692677715        0.86585657864182
H           -0.67435814523313       -3.60794153275153       -0.14665419395051
H            0.34846511218729        1.96298280667698        0.16210753217975
H            0.03658682425488        0.38945218599711       -2.14840700891595
H            2.25630918572008        0.60543757186005       -1.81184833012234
H            1.22445377039431        2.77453983996933       -2.09205230939503
48
 energy: -84.797552857626 gnorm: 0.004734360184 xtb: 6.7.1 (edcfbbe)
C            5.48307858516592        1.57288730192229        0.16350229896681
O            4.36762044934415        1.33982287321071       -0.67405791825941
C            3.16139851119450        1.26909781583222       -0.01232601429862
O            3.07223817608571        0.02598988340332        0.65028376735257
C            1.87632208437381       -0.12789736518102        1.38377985580804
C            2.01872844900049       -1.43343499277028        2.17527454314321
O            3.12746545880323       -1.37783799846641        3.03029403073963
C            0.61910149103637       -0.12758368236348        0.48228748501657
O           -0.46250113573140       -0.05805661862415        1.40185253368073
C           -1.59287069258205       -0.88789939649422        1.43030109836420
O           -2.75819241307855       -0.11986222743087        1.28923426833437
C           -3.02870283920593        0.38238939883116       -0.01525181899472
C           -4.21551514768132        1.33529071230419        0.17163168250400
O           -3.87445494509894        2.39665272067217        1.01435358107021
C           -3.32293970855954       -0.80177780219228       -0.94358890886273
O           -3.54915022079450       -0.44200082854966       -2.28749901741115
C           -2.09272257292440       -1.71488611556795       -0.94526811281293
O           -2.33578294443895       -2.91411312729754       -1.64614998284100
C           -1.69525628283346       -2.10683907075426        0.48532161252292
O           -0.51677374766255       -2.86736336649947        0.49364453691001
C            0.65327654425212        1.11318864462297       -0.43241683934000
O           -0.28612128806080        1.06045410396323       -1.48771586509555
C            2.03845155815609        1.37741793597452       -1.04743414022790
O            2.06936357984671        2.65875474212136       -1.61336640452808
H            5.63789133444874        0.74363573005228        0.85902082803575
H            5.35546438259755        2.50212769713687        0.72959964633010
H            6.33919884797439        1.66214379599540       -0.50078841599812
H            3.05590288282655        2.09039647931446        0.72719410847864
H            1.76932706257492        0.70988793421397        2.09329517610412
H            2.10565094682848       -2.27165225301146        1.47194522836683
H            1.13945087230870       -1.58249776801489        2.80178576839256
H            3.88462984618152       -1.11114350813259        2.49390074057470
H            0.59801594723695       -1.04611188629772       -0.11113699739538
H           -1.65004919085250       -1.26070896261802        2.46300463955866
H           -2.16824230703034        0.94445720451318       -0.39780817977859
H           -5.06104711913040        0.76539248233574        0.58626868228849
H           -4.50943513632011        1.78317729052165       -0.78102098681840
H           -3.42872771642139        2.01640663194503        1.78273970421504
H           -4.18552753589283       -1.36176014194018       -0.54489984324700
H           -4.25626048483701        0.20951008701720       -2.32955083234492
H           -1.27571462604660       -1.16635060710967       -1.43206929393797
H           -2.77990938089919       -2.67387192035990       -2.46871858311286
H           -2.53008601159914       -2.70857719261551        0.88400918773500
H           -0.65672011678194       -3.59906923713045       -0.12310888964439
H            0.35783556632116        1.98248353379781        0.16738080252323
H            0.01515396177770        0.41891521018577       -2.14565525744798
H            2.24761157251711        0.61022040348479       -1.81510474138661
H            1.23952353404954        2.79059034606556       -2.09348455857588
48
 energy: -84.797692126661 gnorm: 0.002962926341 xtb: 6.7.1 (edcfbbe)
C            5.48369207352783        1.56253966618808        0.16225788405325
O            4.36896070979654        1.33452987365978       -0.67773280101514
C            3.16253360851744        1.26590590112895       -0.01641025868677
O            3.06962463084803        0.02155794334322        0.64272409847524
C            1.87479784693843       -0.12703418031176        1.37695617688818
C            2.00572793411851       -1.43975106270679        2.15886518759003
O            3.11168747186082       -1.40258770818576        3.01872711748704
C            0.61600401192202       -0.11930934780721        0.48046543463093
O           -0.46126211070668       -0.04819992628470        1.40546925341623
C           -1.59172457808111       -0.87655832542345        1.43430154495300
O           -2.75902534114901       -0.11377871889253        1.29319721774505
C           -3.02889574340684        0.38176993015205       -0.01450627163054
C           -4.21951692115122        1.33133384492492        0.16483189163122
O           -3.88497904018306        2.39387382584684        1.00879198226148
C           -3.31531578929729       -0.80721572641741       -0.94041713906046
O           -3.53751647148201       -0.45136629375307       -2.28602485723582
C           -2.08273286754352       -1.71717448297708       -0.93663212886105
O           -2.32038451461523       -2.92079116817228       -1.63122006582120
C           -1.68811799015128       -2.10025742224404        0.49648434337134
O           -0.50787833493872       -2.85773654380995        0.51427959831628
C            0.65237573935140        1.12679362865353       -0.42912970430565
O           -0.29351360605845        1.08973807737470       -1.47984459849740
C            2.03776843828178        1.38230475078896       -1.04898614700830
O            2.07572822799120        2.66416022080887       -1.61241939148914
H            5.63372069907187        0.73220543845194        0.85776785263276
H            5.35846594903262        2.49177283018628        0.72890090623460
H            6.34185687056287        1.64864037593161       -0.49979651803782
H            3.06034399028404        2.08503284755350        0.72588085969704
H            1.77186258694508        0.70796704890021        2.08876033600302
H            2.08834278315892       -2.27045622045316        1.44599828990236
H            1.12171106958448       -1.58869547821986        2.77849885233693
H            3.87188366205143       -1.13622564139193        2.48672282124555
H            0.58834521624378       -1.03398238108823       -0.11584651714256
H           -1.64847516013438       -1.24461926823329        2.46981264525026
H           -2.16909629385384        0.94576881730835       -0.39564659220357
H           -5.06578677256602        0.75980559448008        0.57592960542283
H           -4.51004481161548        1.77777187094173       -0.78942099580282
H           -3.44016992405707        2.01477679582459        1.77839826128279
H           -4.17729758852237       -1.36917900572505       -0.54332042487394
H           -4.24525035351538        0.19903213446003       -2.33287855326286
H           -1.26677580209059       -1.16862858855316       -1.42583077675439
H           -2.76344953924298       -2.68778551496619       -2.45633341073348
H           -2.52238794123013       -2.70134608728428        0.89679914858338
H           -0.64267204558647       -3.59256694769568       -0.09986987552511
H            0.36699613177687        1.99434609038417        0.17783489081890
H           -0.00602861310220        0.44612578201057       -2.14162356841618
H            2.23845699287850        0.61462598544539       -1.81837155045014
H            1.24740959002454        2.80286165927007       -2.09290984618410
48
 energy: -84.797789212804 gnorm: 0.002323305964 xtb: 6.7.1 (edcfbbe)
C            5.48442987428168        1.55220618539982        0.15877133867946
O            4.36951841777451        1.33168324744673       -0.68309522297104
C            3.16372816746510        1.26471395916194       -0.02047983654429
O            3.06948748998444        0.02016770077281        0.63796301978667
C            1.87648078313922       -0.12610102151774        1.37358512035884
C            1.99890757859227       -1.44460010126379        2.14728870628953
O            3.10243979342484       -1.42447937864023        3.01023530464519
C            0.61685867642233       -0.11331823707545        0.48074479207033
O           -0.45904780573459       -0.04252209218122        1.40738169498207
C           -1.59153043123026       -0.86738783388917        1.43707399568020
O           -2.75689035548524       -0.10436096983297        1.29556977791167
C           -3.02915874554466        0.38303651892704       -0.01575961546008
C           -4.22518458347111        1.32709280878770        0.15676037054084
O           -3.89996898851832        2.39201169034680        1.00157098042922
C           -3.30866899301581       -0.81079853844685       -0.93833508652777
O           -3.52793166173411       -0.45771179512941       -2.28503416589590
C           -2.07454192143018       -1.71872394783346       -0.92989647365922
O           -2.30863415221189       -2.92537356732888       -1.61955351080712
C           -1.68448805615195       -2.09479153393996        0.50556852027603
O           -0.50317454290798       -2.85011766743251        0.53358367299637
C            0.65295086266085        1.13711269478128       -0.42364562179928
O           -0.30011119462846        1.11352860218988       -1.46802510868926
C            2.03658251419369        1.38675995068599       -1.04995189925910
O            2.07782539008044        2.66913633611152       -1.61075247465929
H            5.62827741162435        0.71985786157506        0.85329740885176
H            5.36310815674079        2.48112453609283        0.72681499554704
H            6.34443610160766        1.63450722027799       -0.50132688923822
H            3.06451687674287        2.08344035203028        0.72268216417946
H            1.77668138420226        0.70667010668844        2.08765470835042
H            2.07673972714374       -2.26882790056413        1.42626875655492
H            1.11095894827951       -1.59225520985737        2.76125984164877
H            3.86602416797848       -1.16231465746880        2.48136994933159
H            0.58638532936294       -1.02541705948969       -0.11774369930168
H           -1.64938530902658       -1.23095521834323        2.47509716807906
H           -2.17184061301833        0.95017412949493       -0.39782320671219
H           -5.07142277285823        0.75247275738427        0.56383112943924
H           -4.51257773571827        1.77148633357018       -0.79935587248243
H           -3.45537632105397        2.01569513363606        1.77270341629765
H           -4.17003449755366       -1.37432616831953       -0.54225290978256
H           -4.23666217913862        0.19122318622350       -2.33572896651787
H           -1.25868046114535       -1.17087647030142       -1.42050214702146
H           -2.74893729908671       -2.69840837339697       -2.44769871923635
H           -2.51956183648687       -2.69505205069879        0.90524529992335
H           -0.63290429854454       -3.58865083217119       -0.07712026528637
H            0.37672379901803        2.00167159398864        0.19151561670333
H           -0.02573808075962        0.46987281303927       -2.13501668193801
H            2.22958602852035        0.61909646666878       -1.82116620469330
H            1.24980343785078        2.81262333648341       -2.09008896149696
48
 energy: -84.797858061225 gnorm: 0.002371362562 xtb: 6.7.1 (edcfbbe)
C            5.48601756697428        1.54186225548438        0.15345927801778
O            4.36973346628381        1.33031003413130       -0.68904444841593
C            3.16519071344145        1.26501421664068       -0.02388674953754
O            3.07084314568109        0.02059891566301        0.63510272838913
C            1.87983187180193       -0.12556260877572        1.37303815539151
C            1.99774788805109       -1.44847645866566        2.13999488286918
O            3.09985620619294       -1.44106652235296        3.00374081908034
C            0.61907646396556       -0.10867432551938        0.48270546348949
O           -0.45723171608664       -0.03826488508896        1.40865855580932
C           -1.59228903856370       -0.85971725246370        1.43906165765562
O           -2.75455080906998       -0.09389482407972        1.29621529890542
C           -3.03019034328430        0.38540918474329       -0.01846354239735
C           -4.23263808857840        1.32243572016726        0.14814822546535
O           -3.91853268560265        2.39050768061864        0.99334588857389
C           -3.30352796792468       -0.81260177017038       -0.93765232972518
O           -3.52007996965037       -0.46188473509837       -2.28532705065391
C           -2.06851465133855       -1.71940440705333       -0.92483133880937
O           -2.30043096625483       -2.92805402114722       -1.61096003576916
C           -1.68364601621219       -2.09025683262617        0.51283094136844
O           -0.50196771285964       -2.84438996549877        0.55020609500023
C            0.65451606571896        1.14506687770077       -0.41676901214879
O           -0.30540125314767        1.13228232518420       -1.45427523522327
C            2.03537318608243        1.39087173703265       -1.04994473974755
O            2.07783534427992        2.67372633455810       -1.60877154451952
H            5.62341040520352        0.70704615751305        0.84627680462705
H            5.37015379459972        2.47036936744855        0.72340810569349
H            6.34705408427224        1.61988418009615       -0.50573024038135
H            3.06909260801101        2.08425588553925        0.71930522798918
H            1.78323181967098        0.70500384299956        2.09019267681731
H            2.07120524550665       -2.26812277653271        1.41331627009097
H            1.10775855845063       -1.59487400655103        2.75104849579971
H            3.86674667542569       -1.18598169277457        2.47643321762979
H            0.58797508144623       -1.01922796458335       -0.11812250548395
H           -1.65168337165509       -1.21974837120049        2.47871387726287
H           -2.17629064699681        0.95641316970286       -0.40256360542854
H           -5.07789169228693        0.74345141245664        0.55120405868383
H           -4.51756146530011        1.76428036097781       -0.80994955755726
H           -3.47328581618550        2.01825404185615        1.76603955646942
H           -4.16460980156865       -1.37725688830235       -0.54258679925439
H           -4.23027980796977        0.18516496384084       -2.33924649787594
H           -1.25170266140502       -1.17271247068310       -1.41535703458004
H           -2.73675507780873       -2.70542712644823       -2.44228972542071
H           -2.52033313845859       -2.68939691162142        0.91094931144901
H           -0.62779137422148       -3.58709644326996       -0.05612739408441
H            0.38660214616858        2.00700247502253        0.20556381628819
H           -0.04257253574492        0.48879288693180       -2.12592359756181
H            2.22198954581081        0.62348031099753       -1.82283954561977
H            1.24851480601284        2.82060382289133       -2.08481266691455
48
 energy: -84.797914691609 gnorm: 0.002108286474 xtb: 6.7.1 (edcfbbe)
C            5.48897299497694        1.53048737552845        0.14640404616438
O            4.36997230121150        1.32906935862006       -0.69515414401519
C            3.16715827276789        1.26602538810395       -0.02648734141366
O            3.07276830118465        0.02168039635745        0.63313202226283
C            1.88375201952082       -0.12528830129177        1.37434823349291
C            2.00054979911918       -1.45186196528401        2.13534295746809
O            3.10265823135910       -1.45313733935560        2.99776132124893
C            0.62115916446969       -0.10437829342855        0.48610462882480
O           -0.45624431676850       -0.03338040458588        1.41032851398571
C           -1.59376982807926       -0.85220646575084        1.44074547347426
O           -2.75342589736513       -0.08330674858338        1.29540574351612
C           -3.03238633422087        0.38830479253235       -0.02212539797082
C           -4.24221883685941        1.31694823796142        0.13895618302328
O           -3.94080099864410        2.38877160097429        0.98404665507351
C           -3.29943023888626       -0.81327250244830       -0.93831420561691
O           -3.51266259830648       -0.46506160271474       -2.28720056822958
C           -2.06387921881064       -1.71934859791687       -0.92069765173100
O           -2.29423367159267       -2.92953635658130       -1.60410887841645
C           -1.68433775961429       -2.08579535391807        0.51919476219072
O           -0.50295391704899       -2.83959732737645        0.56501042447181
C            0.65674723197212        1.15218219527634       -0.40870987476326
O           -0.30960417822289        1.14876811077189       -1.43937274009110
C            2.03445533832541        1.39498903432150       -1.04880271732942
O            2.07724195188746        2.67831850912504       -1.60638465509350
H            5.62017374416649        0.69302563513292        0.83702703393111
H            5.38036748572429        2.45859669271144        0.71856674110829
H            6.34995090397314        1.60358932357704       -0.51333452038485
H            3.07489107263273        2.08592640530369        0.71672026541758
H            1.79084074821122        0.70280451721560        2.09524180107501
H            2.07007577170353       -2.26826163980843        1.40469520300660
H            1.11049015300880       -1.59795713760193        2.74629175859272
H            3.87241026589087       -1.20690129248700        2.47045169453775
H            0.59004231416457       -1.01381150888910       -0.11736085582893
H           -1.65489653821201       -1.20925912795394        2.48134989493714
H           -2.18240989206084        0.96383296974635       -0.40838443923916
H           -5.08545897622261        0.73235624244107        0.53819349647671
H           -4.52549697101174        1.75558603330401       -0.82123227935203
H           -3.49414247310493        2.02170025221509        1.75833833036421
H           -4.16066329933791       -1.37885884016291       -0.54482113257277
H           -4.22500420913341        0.17940140060127       -2.34439167860240
H           -1.24539935448503       -1.17405161322884       -1.41003027402591
H           -2.72584111493563       -2.70989709704380       -2.43864772200445
H           -2.52307638897120       -2.68319816740233        0.91589658547580
H           -0.62635552892623       -3.58707585572797       -0.03581838967772
H            0.39686450817678        2.01225421824666        0.21953865999327
H           -0.05737030925094        0.50462406696779       -2.11439049252746
H            2.21555708670229        0.62802259064358       -1.82328640504953
H            1.24496127013923        2.82817309475439       -2.07655185230056
48
 energy: -84.797960948601 gnorm: 0.001768420675 xtb: 6.7.1 (edcfbbe)
C            5.49346153461799        1.51766168605875        0.13789903690831
O            4.37047967027236        1.32668941427698       -0.70093135621021
C            3.16971040143576        1.26692704584940       -0.02812915040394
O            3.07430297804683        0.02239494590202        0.63141392651368
C            1.88713990907201       -0.12498955003836        1.37654467399314
C            2.00508718564062       -1.45482898710442        2.13206962491171
O            3.10894364945384       -1.46156471200634        2.99137291769496
C            0.62214136746667       -0.09983754105694        0.49046968863629
O           -0.45624897439837       -0.02688578579118        1.41293877481612
C           -1.59563334783065       -0.84416895404491        1.44239215075693
O           -2.75419486658876       -0.07361855579535        1.29354539799792
C           -3.03569952306976        0.39111978652520       -0.02617129510932
C           -4.25345659588462        1.31055544176819        0.12963337794077
O           -3.96538151480462        2.38641810209161        0.97404753127133
C           -3.29589768106515       -0.81347823727433       -0.94012441722339
O           -3.50468847460183       -0.46800064674513       -2.29057729958674
C           -2.05989739959350       -1.71877354665381       -0.91695070065714
O           -2.28866309817242       -2.93051384094721       -1.59790499844796
C           -1.68537499544951       -2.08093846473173        0.52523640704064
O           -0.50482695819808       -2.83516358118460        0.57843759401522
C            0.65926020571144        1.15943653690654       -0.40002909755116
O           -0.31286856147665        1.16481366593893       -1.42456952730946
C            2.03406297990359        1.39931283146867       -1.04649387874108
O            2.07707176038497        2.68314442388549       -1.60338430704743
H            5.61946152105719        0.67776988545450        0.82626704608081
H            5.39366590102499        2.44550985544879        0.71221850025617
H            6.35313668217262        1.58530234551230       -0.52407432063945
H            3.08233681562951        2.08707833366815        0.71558826290522
H            1.79846238544246        0.70047069942591        2.10119860110317
H            2.07104142087236       -2.26870618736720        1.39830884566068
H            1.11668505896882       -1.60200036380260        2.74531220310262
H            3.88046934030355       -1.22417839947688        2.46253859175778
H            0.59027693949615       -1.00807911535880       -0.11572691945201
H           -1.65872859003067       -1.19838690312511        2.48360657514812
H           -2.18970440663468        0.97159489838098       -0.41395763102329
H           -5.09374881788959        0.71952210390319        0.52566604084769
H           -4.53609579591888        1.74531658601217       -0.83265261694063
H           -3.51696426404205        2.02521420577372        1.75001304426936
H           -4.15773340739750       -1.37996753002992       -0.54909985475209
H           -4.21988351495349        0.17304278583525       -2.35155525570793
H           -1.23951500964065       -1.17490463270338       -1.40465330270791
H           -2.71554575121917       -2.71295527454745       -2.43542820288437
H           -2.52629241672912       -2.67589115407575        0.92126040995894
H           -0.62742993145173       -3.58775648067367       -0.01605404247598
H            0.40712284835351        2.01834681002785        0.23300072291235
H           -0.07051755199415        0.51876719374141       -2.10136631146983
H            2.21023946571560        0.63286652015989       -1.82252619694656
H            1.24042950963488        2.83630724692768       -2.06513504699227
48
 energy: -84.798003180063 gnorm: 0.001743876863 xtb: 6.7.1 (edcfbbe)
C            5.50111509596894        1.49894287209219        0.12508997272042
O            4.37141728489170        1.32091123167538       -0.70763154631856
C            3.17366710144273        1.26715237479580       -0.02876356328160
O            3.07498175226256        0.02205182677432        0.62944373902408
C            1.88998918450384       -0.12432807089607        1.37990111028315
C            2.01133186933718       -1.45763395627591        2.12941348067942
O            3.12015892420933       -1.46779954373567        2.98228585674715
C            0.62167160399978       -0.09366136670815        0.49703932272367
O           -0.45754538011801       -0.01669492925663        1.41775318929405
C           -1.59830411043619       -0.83317050783836        1.44449221032880
O           -2.75762407914397       -0.06314736969481        1.29019070494836
C           -3.04108281213826        0.39416880600119       -0.03144156125901
C           -4.26915078707612        1.30131396303785        0.11807613850491
O           -3.99781784415519        2.38259966797013        0.96051599686954
C           -3.29169992663296       -0.81362808617478       -0.94381426564819
O           -3.49308213152301       -0.47158206173663       -2.29660587336583
C           -2.05507734964154       -1.71751556326009       -0.91253344497280
O           -2.28128890702063       -2.93159539569126       -1.59025337869093
C           -1.68636921681544       -2.07401025585817        0.53260380507610
O           -0.50745947733435       -2.82966932666498        0.59380565243623
C            0.66238848346623        1.16911567597678       -0.38853325681744
O           -0.31586590770153        1.18527883369119       -1.40684382813183
C            2.03419787368931        1.40523462226334       -1.04182761430211
O            2.07761811822296        2.68986549858703       -1.59792288972593
H            5.62260315393772        0.65647972499785        0.81081001283371
H            5.41431092598220        2.42664492336502        0.70184155898936
H            6.35730132638134        1.55918832162054       -0.54216174849036
H            3.09434677440463        2.08683824726103        0.71642963580847
H            1.80712801395502        0.69809346832561        2.10839254386228
H            2.07291893755584       -2.26886474846474        1.39239007014116
H            1.12711398981425       -1.60769190755350        2.74830927185110
H            3.89141235076015       -1.23942613206778        2.44912977012699
H            0.58709681342765       -1.00000946322770       -0.11232194341262
H           -1.66462172704648       -1.18370258306896        2.48639174752395
H           -2.19997773663432        0.98128791599974       -0.42003592598082
H           -5.10447782633380        0.70150773705680        0.51156051846832
H           -4.55267318633680        1.73008882142251       -0.84678974561060
H           -3.54735973864344        2.02946763381163        1.73893851661233
H           -4.15483780942984       -1.38134671277402       -0.55729550878832
H           -4.21284827083623        0.16386947947688       -2.36340632043864
H           -1.23246724268685       -1.17534412242492       -1.39834229627180
H           -2.70289816902285       -2.71605386380468       -2.43102018804159
H           -2.53005999394682       -2.66506355381408        0.92870325356613
H           -0.63106621597872       -3.58863507272027        0.00775429467701
H            0.41918273540818        2.02693387320421        0.24953912110981
H           -0.08501517583292        0.53552954343698       -2.08401966164698
H            2.20470131000283        0.63974110552947       -1.81999266418444
H            1.23401548114137        2.84826333678173       -2.04576005029268
48
 energy: -84.798024452448 gnorm: 0.001111686294 xtb: 6.7.1 (edcfbbe)
C            5.50506929636513        1.48952755081696        0.11841756859324
O            4.37158345390190        1.31555220751677       -0.70973925139605
C            3.17543264527283        1.26587681670988       -0.02773406069025
O            3.07378674931111        0.02057472388012        0.62934618896934
C            1.88949118497279       -0.12358757260765        1.38156844179834
C            2.01303146151347       -1.45682096120315        2.13081744820769
O            3.12623730846507       -1.46541612692776        2.97889027777562
C            0.62041974814607       -0.09155971022688        0.50017611890680
O           -0.45901076289272       -0.01273709268086        1.42058436428659
C           -1.59951761336788       -0.82933166946254        1.44511960768669
O           -2.76030241457272       -0.06134553085530        1.28857656777344
C           -3.04359830183493        0.39460589512567       -0.03317306624444
C           -4.27510961715624        1.29728856168416        0.11477877451740
O           -4.00851713133942        2.38094786142805        0.95504128702245
C           -3.29025379887581       -0.81373395844002       -0.94621746680539
O           -3.48777266871965       -0.47214526547921       -2.29976254150190
C           -2.05320451559866       -1.71651847381440       -0.91162152716368
O           -2.27767876198379       -2.93173441505809       -1.58814835564561
C           -1.68615606282926       -2.07110357485492        0.53440729795996
O           -0.50798407499628       -2.82767087794819        0.59729122714398
C            0.66291570877229        1.17237633198642       -0.38428510906100
O           -0.31608868322325        1.19154918209219       -1.40206404001153
C            2.03438027669047        1.40763220964996       -1.03853367683317
O            2.07801266805324        2.69289723937540       -1.59347222562665
H            5.62725615931715        0.64641391795227        0.80326511603592
H            5.42409217723006        2.41710633397838        0.69592666780167
H            6.35836107476742        1.54728155389204       -0.55276980785635
H            3.10090075073598        2.08492116461260        0.71843369622544
H            1.80859823894312        0.69886665067553        2.10966181739655
H            2.07268816501921       -2.26789264671717        1.39360786480753
H            1.13191550810355       -1.60801603580415        2.75377234471146
H            3.89419554442835       -1.23605111156538        2.44164331850420
H            0.58359598160445       -0.99700728958241       -0.10959040755349
H           -1.66791708806726       -1.17871644026990        2.48733497162542
H           -2.20401663723138        0.98423287318094       -0.42118475789211
H           -5.10765242695782        0.69443527335694        0.50944549920697
H           -4.56078472788434        1.72280447691993       -0.85086252518211
H           -3.55818775918785        2.03110123242387        1.73494812005589
H           -4.15408767068072       -1.38214010148847       -0.56238367960967
H           -4.20983196004214        0.16028508678258       -2.36938109199179
H           -1.23035465707371       -1.17454347055244       -1.39728042129774
H           -2.69853510958623       -2.71685741793921       -2.42945229855537
H           -2.53068273917749       -2.66077724861221        0.93060852437015
H           -0.63292018839595       -3.58780612309676        0.01321082345812
H            0.42121861617414        2.02956939770810        0.25507592128817
H           -0.08781984446956        0.54036783880790       -2.07845578237254
H            2.20325466231806        0.64301614327674       -1.81792247900635
H            1.23154591870161        2.85427750522754       -2.03443106273611
48
 energy: -84.798043427761 gnorm: 0.000737899644 xtb: 6.7.1 (edcfbbe)
C            5.50849205010752        1.48025058809914        0.11137988771733
O            4.37112747024548        1.30864744807957       -0.71165279900064
C            3.17673872908965        1.26366575059013       -0.02623405648719
O            3.07176983293741        0.01851135057655        0.63019276619296
C            1.88785101411184       -0.12247042133402        1.38342180450579
C            2.01319402969383       -1.45392027084425        2.13536644423536
O            3.13174574772189       -1.45925047576993        2.97755210116901
C            0.61904710399959       -0.09055965147734        0.50268332475070
O           -0.46092160740789       -0.01097887086564        1.42282698591359
C           -1.60064066394426       -0.82797630177741        1.44540305833025
O           -2.76265508485209       -0.06197065491335        1.28740312342214
C           -3.04540226383348        0.39428406427796       -0.03414052881626
C           -4.27892969205095        1.29417791162360        0.11374763102000
O           -4.01389815630747        2.38061656917503        0.95058981501222
C           -3.28920840921376       -0.81376950960284       -0.94877825055299
O           -3.48323589782029       -0.47130869170801       -2.30254921880634
C           -2.05176350978637       -1.71556056311136       -0.91194573685067
O           -2.27437919288954       -2.93156019651873       -1.58801276227233
C           -1.68576283236791       -2.06963556509610        0.53447200050757
O           -0.50793906752715       -2.82688715393850        0.59760936537653
C            0.66238901759889        1.17393265227059       -0.38146515829864
O           -0.31589163776352        1.19390875057586       -1.40026687215864
C            2.03423442458817        1.40960396023903       -1.03494936605664
O            2.07840394417240        2.69600232796896       -1.58721286729779
H            5.63326775998657        0.63653017550051        0.79529407082306
H            5.43223648530000        2.40753485951219        0.68980476830905
H            6.35853541081660        1.53686859488347       -0.56408311455587
H            3.10745867115183        2.08230866585872        0.72062853024879
H            1.80811630571911        0.70167450852682        2.10951921094825
H            2.07009377050226       -2.26657426802077        1.39978615387005
H            1.13551863089875       -1.60420371800736        2.76317125747687
H            3.89444936986012       -1.22420672303525        2.43503252508671
H            0.58066875489916       -0.99553811554645       -0.10684197729273
H           -1.67093961477559       -1.17727099438885        2.48772977650785
H           -2.20661044845385        0.98566648352083       -0.42119114856737
H           -5.10870357898664        0.68956930770731        0.51167596927195
H           -4.56815667817056        1.71610553374914       -0.85236586325422
H           -3.56458042604737        2.03367373412890        1.73235115024941
H           -4.15371036237012       -1.38282024528468       -0.56759346823807
H           -4.20730675918417        0.15842052712494       -2.37454234448303
H           -1.22909417135024       -1.17327053948038       -1.39762454524747
H           -2.69550060061880       -2.71727266922312       -2.42934703474901
H           -2.53067723222800       -2.65904302266476        0.93010320803675
H           -0.63361210218017       -3.58620228638391        0.01264572577040
H            0.41989321154156        2.03045752573601        0.25851495471896
H           -0.08771895862919        0.54224236446607       -2.07616809720721
H            2.20218852601393        0.64655837379625       -1.81616503305898
H            1.22981677085410        2.86103379718704       -2.02229114366655
48
 energy: -84.798057177288 gnorm: 0.000894521666 xtb: 6.7.1 (edcfbbe)
C            5.51100683980653        1.47134654799731        0.10449218996063
O            4.37028471614433        1.30212872632912       -0.71427230944303
C            3.17762887345434        1.26148923949121       -0.02550894606900
O            3.07013457393939        0.01684281988627        0.63123390829013
C            1.88639326612638       -0.12102403341751        1.38517724556444
C            2.01211003363354       -1.45025566806712        2.14088110846458
O            3.13519416048036       -1.45366045924934        2.97763240105097
C            0.61806175293233       -0.08987339012012        0.50451686637164
O           -0.46260250676915       -0.01066803691630        1.42423252238366
C           -1.60166386973208       -0.82811355481052        1.44559616445967
O           -2.76418630066941       -0.06310745569557        1.28689076097981
C           -3.04660403576750        0.39364170614783       -0.03459974281285
C           -4.28157177318703        1.29156645683420        0.11338303066190
O           -4.01676257864299        2.38097323351271        0.94644666377096
C           -3.28813551500953       -0.81394578312679       -0.95075664280059
O           -3.47932693890696       -0.47021159413724       -2.30453801460113
C           -2.05031124576001       -1.71506147931852       -0.91251659168194
O           -2.27136616726255       -2.93129483362638       -1.58881427624804
C           -1.68545186835366       -2.06937864239239        0.53409337599516
O           -0.50751928055558       -2.82662870753550        0.59760664403697
C            0.66156981282043        1.17501158568044       -0.37918272980196
O           -0.31606714556454        1.19536174475747       -1.39871701501482
C            2.03363194152192        1.41159872825863       -1.03208399554012
O            2.07865614064691        2.69949141297096       -1.58065697788815
H            5.63784881567488        0.62666176767673        0.78702359342066
H            5.43835319879670        2.39803217077404        0.68426250999842
H            6.35840382615467        1.52765390737987       -0.57435303470357
H            3.11319319508661        2.08030018120508        0.72148490302898
H            1.80749562982120        0.70533906276597        2.10890422936641
H            2.06493097231409       -2.26553207189894        1.40786615747980
H            1.13718240519253       -1.59731914246385        2.77316317886250
H            3.89328075799957       -1.21297812725580        2.43080262073409
H            0.57977146866968       -0.99471833434423       -0.10489469008551
H           -1.67295992030714       -1.17785962913688        2.48783991555414
H           -2.20841013373676        0.98648708661869       -0.42074955482839
H           -5.10901663168155        0.68627002068594        0.51511389455123
H           -4.57416863621172        1.71014295891228       -0.85314463372532
H           -3.56842540157144        2.03673765767765        1.72994643743802
H           -4.15316998744535       -1.38365099834640       -0.57185968775276
H           -4.20475994639832        0.15770033114918       -2.37821237105928
H           -1.22762898541232       -1.17228851058053       -1.39766083809351
H           -2.69226636301740       -2.71752760007760       -2.43038678872210
H           -2.53049757082991       -2.65925927876643        0.92871243788551
H           -0.63246427034313       -3.58446295699035        0.01044964169403
H            0.41803090763831        2.03091278369555        0.26132391608778
H           -0.08728274860151        0.54442429551407       -2.07512923837205
H            2.20051515812218        0.65066429442175       -1.81567548682018
H            1.22893945818832        2.86803648631905       -2.01187852807095
48
 energy: -84.798070415576 gnorm: 0.000881202095 xtb: 6.7.1 (edcfbbe)
C            5.51263041873809        1.46259064516963        0.09785149699359
O            4.36909934210823        1.29611099560285       -0.71754791796453
C            3.17813768689093        1.25945409385601       -0.02557735978066
O            3.06866606370760        0.01556685545532        0.63215675219633
C            1.88504559350509       -0.11909760807944        1.38679562240485
C            2.00969380096865       -1.44586378907264        2.14690660119308
O            3.13642675254275       -1.44906874431276        2.97882538433648
C            0.61727795784536       -0.08905766035439        0.50567895761535
O           -0.46402069614043       -0.01105775871217        1.42486697216056
C           -1.60247627865791       -0.82923623858976        1.44570731616241
O           -2.76520424238748       -0.06479909385979        1.28680852539030
C           -3.04729091223375        0.39254092927201       -0.03469235419754
C           -4.28307970130868        1.28923972931357        0.11348834398907
O           -4.01769016359416        2.38171316492340        0.94259462489050
C           -3.28689687527076       -0.81446875620837       -0.95219638857475
O           -3.47597603448094       -0.46934238179769       -2.30585967083872
C           -2.04867351758065       -1.71506502243155       -0.91313164053121
O           -2.26833394845669       -2.93109818925414       -1.59020806256340
C           -1.68494138479974       -2.07004112280525        0.53353519019335
O           -0.50654867569223       -2.82664084272341        0.59759571578299
C            0.66042634795351        1.17617604659470       -0.37738308750880
O           -0.31708676100860        1.19705829594193       -1.39704709158740
C            2.03260246952462        1.41360232239926       -1.02990916224984
O            2.07887211825575        2.70332725754978       -1.57394249111009
H            5.64081219875468        0.61651448151623        0.77846472860298
H            5.44284154355941        2.38833422917934        0.67946562927831
H            6.35791980381291        1.51917963165278       -0.58358419855701
H            3.11820251095864        2.07884174800378        0.72115487834981
H            1.80706602050378        0.70974298657944        2.10797957102398
H            2.05709764443378       -2.26439966040840        1.41703368310795
H            1.13683316735481       -1.58769536091807        2.78324173699472
H            3.89106168271716       -1.20451836468626        2.42878850582955
H            0.58021036774278       -0.99387589802112       -0.10389997171038
H           -1.67392080173473       -1.17961267175232        2.48778340880211
H           -2.20951478030881        0.98660481117246       -0.41989106314428
H           -5.10863622100847        0.68402434236760        0.51909890754319
H           -4.57866128952045        1.70458668180614       -0.85348539979347
H           -3.56992248531347        2.04012590942868        1.72753977178294
H           -4.15224626383790       -1.38491380801050       -0.57521444890346
H           -4.20194626968071        0.15779913192359       -2.38044415649894
H           -1.22589419453636       -1.17154096362956       -1.39727115264182
H           -2.68842374444128       -2.71761566986753       -2.43223246270426
H           -2.52988216579432       -2.66085199542268        0.92701973870474
H           -0.62961777536506       -3.58270097752171        0.00763102335699
H            0.41638197783490        2.03153165526339        0.26379451173041
H           -0.08757628484270        0.54766560608281       -2.07482992172580
H            2.19801420389460        0.65523954256889       -1.81635423622971
H            1.22913987818379        2.87498640540948       -2.00362113421528
48
 energy: -84.798085304922 gnorm: 0.000684036565 xtb: 6.7.1 (edcfbbe)
C            5.51381197429416        1.45233118620562        0.09027633313770
O            4.36738199270816        1.28984483606598       -0.72196340837860
C            3.17833664312655        1.25740942585988       -0.02643695620717
O            3.06709698060977        0.01457177763220        0.63295950300584
C            1.88366635190841       -0.11619483239777        1.38860557116650
C            2.00583864054590       -1.44006729146781        2.15410083719759
O            3.13591150280380       -1.44454607930321        2.98113712954655
C            0.61632538527180       -0.08765292178178        0.50694980161238
O           -0.46558895730239       -0.01172435454896        1.42545241869340
C           -1.60328837522191       -0.83116320197050        1.44584537626947
O           -2.76618795296010       -0.06727767497998        1.28701396722717
C           -3.04773878897724        0.39082700833450       -0.03450261251896
C           -4.28414215261918        1.28661060300612        0.11360623538755
O           -4.01756041729888        2.38235997038069        0.93826576948017
C           -3.28540885696452       -0.81546276671200       -0.95337836415883
O           -3.47268982377114       -0.46888769952588       -2.30690815474094
C           -2.04657504147515       -1.71538859084947       -0.91383843637829
O           -2.26466042828088       -2.93089374196750       -1.59222061953938
C           -1.68403073389948       -2.07137394129259        0.53279486156338
O           -0.50486461577047       -2.82670459527164        0.59755086708179
C            0.65905955544313        1.17806139831255       -0.37520145858779
O           -0.31872346209217        1.19982588922143       -1.39441113895586
C            2.03100367706014        1.41620577438423       -1.02807678090080
O            2.07904468687821        2.70820062839422       -1.56664047200354
H            5.64262554391520        0.60420141264820        0.76818032087947
H            5.44714995230163        2.37666181699124        0.67455869898701
H            6.35713159807835        1.50945194160899       -0.59355541241919
H            3.12325234450139        2.07774879408271        0.71969358854593
H            1.80692138957326        0.71565351291342        2.10663184794853
H            2.04602177897553       -2.26264103492607        1.42819994239735
H            1.13483092814561       -1.57442219526106        2.79472395239537
H            3.88822829967700       -1.19937713017962        2.42817771137093
H            0.58160383824568       -0.99244394716271       -0.10305124667577
H           -1.67435286573883       -1.18237209401394        2.48762539441832
H           -2.21023124603817        0.98603643028169       -0.41854620559194
H           -5.10797061932703        0.68203889471576        0.52349032238643
H           -4.58263884149918        1.69856812567408       -0.85390088798599
H           -3.56963010097045        2.04372068338899        1.72434041949687
H           -4.15090704173650       -1.38689859730830       -0.57824693694948
H           -4.19840410579805        0.15851506032632       -2.38184909877274
H           -1.22362720621174       -1.17079009576575       -1.39650332241132
H           -2.68329775098370       -2.71737201210534       -2.43492951874208
H           -2.52869903134773       -2.66350744188719        0.92496162428993
H           -0.62521971065817       -3.58098973983159        0.00464398092079
H            0.41514423543798        2.03286497882520        0.26679890520120
H           -0.08851752956029        0.55271061881709       -2.07422180495424
H            2.19436291345241        0.66096630967057       -1.81793386309475
H            1.23020352777504        2.88275982600539       -1.99678445351699
48
 energy: -84.798099693895 gnorm: 0.000564888478 xtb: 6.7.1 (edcfbbe)
C            5.51480724182474        1.44099610964393        0.08229577164607
O            4.36539668574480        1.28370808473947       -0.72688258307347
C            3.17838019856048        1.25564581776376       -0.02761907807665
O            3.06523671985703        0.01392059774008        0.63354827433683
C            1.88223539915650       -0.11238490073448        1.39068188777249
C            2.00132726764884       -1.43324155800943        2.16186578612499
O            3.13435418163781       -1.44005701752662        2.98439174067983
C            0.61523290853896       -0.08538917129647        0.50835568938458
O           -0.46721104114631       -0.01187169789681        1.42606886459655
C           -1.60392537755831       -0.83312244204482        1.44585549566850
O           -2.76735615592157       -0.07026768046157        1.28704646517645
C           -3.04813862065510        0.38864154859967       -0.03443341355536
C           -4.28485016060385        1.28386074029760        0.11358657596984
O           -4.01715239394984        2.38266008327156        0.93406408010602
C           -3.28374822840900       -0.81698586046004       -0.95456144479934
O           -3.46984785691706       -0.46916977695501       -2.30795332302110
C           -2.04407424856349       -1.71591654127143       -0.91470216633088
O           -2.26033674931002       -2.93084332555967       -1.59456448142738
C           -1.68250301876037       -2.07281267868143        0.53190517130475
O           -0.50236993093612       -2.82647840249793        0.59729025337243
C            0.65726118308133        1.18093915387357       -0.37275961589131
O           -0.32148894106083        1.20424249797611       -1.39091108731697
C            2.02898761243792        1.41900612857763       -1.02621375988903
O            2.07897294118912        2.71321747101027       -1.55938935064798
H            5.64349241183000        0.59038665038296        0.75702207111893
H            5.45185265248456        2.36363959457275        0.66970555332392
H            6.35620696039230        1.49844191736007       -0.60387197853162
H            3.12833385247519        2.07700782783734        0.71787304852611
H            1.80733208350741        0.72259713403809        2.10541154224127
H            2.03354404703047       -2.25985001094357        1.44007177545431
H            1.13205320240688       -1.55928244181756        2.80668059396047
H            3.88567798145460       -1.19861302329164        2.42847652522913
H            0.58303154717393       -0.99001112783514       -0.10235254231120
H           -1.67443553098988       -1.18524072126613        2.48728621771487
H           -2.21075756946485        0.98490699438807       -0.41714177437521
H           -5.10724368970969        0.68002392261790        0.52726019746987
H           -4.58585404992410        1.69258980925491       -0.85449152405299
H           -3.56808042692111        2.04696215057153        1.72070554442073
H           -4.14913403171143       -1.38959911890475       -0.58098553349541
H           -4.19452080328625        0.15949494678296       -2.38267230408554
H           -1.22112484748454       -1.16993085754020       -1.39581971926302
H           -2.67736996416423       -2.71698806662056       -2.43796625313357
H           -2.52673399831888       -2.66646265992775        0.92282395444963
H           -0.62009971052087       -3.57963145741513        0.00237637129939
H            0.41451796483781        2.03529267064763        0.27034074661289
H           -0.09128007334806        0.55920547811087       -2.07284041161390
H            2.18965740610442        0.66689487300888       -1.81954959311926
H            1.23174305496454        2.88986326212015       -1.99182403083455
48
 energy: -84.798111679522 gnorm: 0.000546583840 xtb: 6.7.1 (edcfbbe)
C            5.51551948359974        1.43043854267697        0.07510893168788
O            4.36339003554193        1.27867392939342       -0.73135659711067
C            3.17822041372973        1.25444142842628       -0.02880055887711
O            3.06344482193463        0.01369206344221        0.63393176974768
C            1.88101337125206       -0.10841369989120        1.39270984437389
C            1.99727568755129       -1.42674116185468        2.16874044175658
O            3.13257941043839       -1.43553196416942        2.98769281621693
C            0.61393512975151       -0.08273190269654        0.51034385328943
O           -0.46901506548640       -0.01156071744025        1.42733067485245
C           -1.60456353204044       -0.83477658289863        1.44595080191988
O           -2.76875618472685       -0.07326880004800        1.28698415869100
C           -3.04859842271153        0.38650606564507       -0.03440925253439
C           -4.28560408204730        1.28130682805207        0.11316658575972
O           -4.01693197744255        2.38206210051206        0.93070179799638
C           -3.28246860927195       -0.81853593218160       -0.95561436031879
O           -3.46791279645765       -0.46990266086082       -2.30894117686015
C           -2.04176873841265       -1.71617810200424       -0.91564431035653
O           -2.25619318568917       -2.93069028757396       -1.59675683555439
C           -1.68073677578795       -2.07383648957470        0.53090687701235
O           -0.49959574021354       -2.82579651990419        0.59662541572214
C            0.65597034281125        1.18422106993677       -0.36985672209327
O           -0.32355710422518        1.20899064498945       -1.38699942191411
C            2.02711769530801        1.42186825842062       -1.02477107315972
O            2.07889638901980        2.71770704833625       -1.55412158659654
H            5.64352618250967        0.57746274861258        0.74688526599521
H            5.45663639781447        2.35150979889147        0.66543305336914
H            6.35521378791645        1.48764186718660       -0.61317256944488
H            3.13263933006591        2.07663224171936        0.71612557075049
H            1.80795680395489        0.72931773564457        2.10437594616011
H            2.02287296414629       -2.25658451897352        1.45047410467566
H            1.12956788103225       -1.54572478242337        2.81706643545671
H            3.88391376208267       -1.20111059040074        2.42877992547435
H            0.58404312816481       -0.98707847816767       -0.10102296624737
H           -1.67482340432056       -1.18785987252578        2.48698699151110
H           -2.21119555995048        0.98357854214859       -0.41583408016743
H           -5.10709607231421        0.67813609669405        0.52947596930779
H           -4.58823819506667        1.68785093624869       -0.85532356395326
H           -3.56617510198583        2.04850636554294        1.71725581912741
H           -4.14752483561591       -1.39241919988455       -0.58317157769129
H           -4.19116869225318        0.16050679395494       -2.38317468913833
H           -1.21895514236074       -1.16888395644707       -1.39555750155454
H           -2.67212509575304       -2.71645150543115       -2.44060180297646
H           -2.52442785211547       -2.66895593923578        0.92079168392032
H           -0.61555963697061       -3.57876294310847        0.00115491472646
H            0.41451554844016        2.03828521917787        0.27399098236577
H           -0.09390701017066        0.56517256021750       -2.07024812061358
H            2.18527432850843        0.67188696161311       -1.82053611699981
H            1.23337400297187        2.89539568927397       -1.98959151669674
48
 energy: -84.798121349121 gnorm: 0.000525289027 xtb: 6.7.1 (edcfbbe)
C            5.51628274478562        1.42153606168940        0.06942053311059
O            4.36189410262262        1.27482314712964       -0.73472511067459
C            3.17820122666909        1.25382493290418       -0.02952247471580
O            3.06175946665218        0.01379933318426        0.63423924060271
C            1.88000976328308       -0.10480713457925        1.39462114562836
C            1.99447238186026       -1.42130205095107        2.17412235673501
O            3.13136303176251       -1.43161923842218        2.99072424486098
C            0.61293663396577       -0.07995135340671        0.51207065332613
O           -0.47041543967396       -0.01049363643163        1.42845625371600
C           -1.60486875612224       -0.83546304918258        1.44579633393395
O           -2.77004549177155       -0.07553470401077        1.28651531119441
C           -3.04912931391784        0.38483300787228       -0.03477543560153
C           -4.28634077245326        1.27930003132826        0.11254853012826
O           -4.01757957633824        2.38097897726516        0.92881232635742
C           -3.28139901145500       -0.81994110849483       -0.95665882206035
O           -3.46681276038745       -0.47091050638322       -2.30991987823618
C           -2.03972450312415       -1.71625746540228       -0.91657451170359
O           -2.25251614793542       -2.93063044929771       -1.59845199575095
C           -1.67885527430274       -2.07419510595454        0.52999460441863
O           -0.49678461709380       -2.82463568729151        0.59577119809883
C            0.65456231619602        1.18755256380525       -0.36737374100134
O           -0.32609463279193        1.21396878996377       -1.38344793151685
C            2.02554271307198        1.42388385053434       -1.02323207968119
O            2.07865729724336        2.72044834668321       -1.55066404621141
H            5.64314582528868        0.56674318458611        0.73903149771667
H            5.46133863669327        2.34145596277551        0.66186430280948
H            6.35458165243101        1.47781364251613       -0.62064929803199
H            3.13623437167693        2.07655452200840        0.71504650246223
H            1.80885605751934        0.73486376439169        2.10414825661565
H            2.01544946134052       -2.25318042353355        1.45819682196511
H            1.12797273311583       -1.53545159847095        2.82487715879468
H            3.88312077172779       -1.20510139762139        2.42914888284448
H            0.58433752317133       -0.98393846109090       -0.09994795312960
H           -1.67520592836379       -1.18938615046648        2.48650843723097
H           -2.21169506788573        0.98256154739222       -0.41512969952521
H           -5.10741142527780        0.67624246484286        0.52982117237274
H           -4.58965040305772        1.68473646947834       -0.85619374802809
H           -3.56509991817590        2.04860970383578        1.71487798142260
H           -4.14598022607289       -1.39493069498159       -0.58482135774454
H           -4.18870161762668        0.16117488864505       -2.38357228405601
H           -1.21725541568585       -1.16782626033494       -1.39581338019635
H           -2.66809067993805       -2.71618358569776       -2.44242890143170
H           -2.52196796135087       -2.67061914913528        0.91913838652816
H           -0.61198079359076       -3.57824789879387        0.00101997759328
H            0.41484444160659        2.04154698803340        0.27722381327117
H           -0.09788479697951        0.57013612239908       -2.06720125066638
H            2.18133120868752        0.67494346522572       -1.82038870991319
H            1.23459425554384        2.89827027294147       -1.98901908122002
48
 energy: -84.798128840227 gnorm: 0.000406217554 xtb: 6.7.1 (edcfbbe)
C            5.51694204526116        1.41453644630927        0.06514418447088
O            4.36076400886591        1.27211161255506       -0.73715677983373
C            3.17820746654018        1.25361504351272       -0.02999052496593
O            3.06054810348052        0.01412169121036        0.63453190593954
C            1.87935609626372       -0.10194770959480        1.39616683582617
C            1.99280467190587       -1.41733465605678        2.17780896288637
O            3.13072305070331       -1.42802882170763        2.99298329978378
C            0.61201800044460       -0.07752108030412        0.51398796683783
O           -0.47175947995248       -0.00933755546130        1.42992357202996
C           -1.60525692083524       -0.83562512425318        1.44579657284518
O           -2.77130050974971       -0.07708415618043        1.28605613637056
C           -3.04976289191398        0.38371582303461       -0.03517304524413
C           -4.28736483140637        1.27768060279110        0.11171522947745
O           -4.01910487471876        2.37927000702567        0.92817541100059
C           -3.28075598866609       -0.82088656697666       -0.95757552969345
O           -3.46622326055063       -0.47173261508496       -2.31083516194590
C           -2.03823342779621       -1.71600507492642       -0.91739246495630
O           -2.24972420844289       -2.93043764895242       -1.59960152618474
C           -1.67727606462185       -2.07396515866401        0.52920540706855
O           -0.49441003684600       -2.82317176495926        0.59493068754648
C            0.65404944091360        1.19040073445292       -0.36491719245894
O           -0.32723853264563        1.21812780874124       -1.38029688971453
C            2.02458325427010        1.42550565908108       -1.02226194516886
O            2.07868780185862        2.72218847032685       -1.54940166102464
H            5.64256991465188        0.55851489546391        0.73339572434136
H            5.46577811454168        2.33381173216535        0.65890118875434
H            6.35414028962840        1.46928870342545       -0.62638825692604
H            3.13899315431233        2.07669721432910        0.71431433555488
H            1.80957937801342        0.73897522079138        2.10419902048858
H            2.01139312950381       -2.25035536842532        1.46329737606591
H            1.12717345911902       -1.52887631454632        2.83011894532719
H            3.88279938256345       -1.20823658791435        2.42925934090925
H            0.58424374224196       -0.98115560340856       -0.09848166405768
H           -1.67603412797895       -1.19023767572079        2.48624903836614
H           -2.21237659633226        0.98203914342012       -0.41469846318881
H           -5.10838584755907        0.67432581690567        0.52866547443425
H           -4.59053287001930        1.68311636718887       -0.85708818135325
H           -3.56542793082184        2.04711270877387        1.71364522373643
H           -4.14487376445504       -1.39683905194254       -0.58610854475697
H           -4.18720521927939        0.16145134654671       -2.38413484135898
H           -1.21609304847358       -1.16680864964434       -1.39635713837826
H           -2.66556567670560       -2.71604111631344       -2.44347274492522
H           -2.51983678957109       -2.67143515643544        0.91785416026009
H           -0.60944683816870       -3.57775452444035        0.00142615779575
H            0.41560301765979        2.04441910075606        0.28000396453143
H           -0.10079596045825        0.57339568290793       -2.06373029947859
H            2.17858612084679        0.67650316241595       -1.81970001485799
H            1.23544014022793        2.89988792119959       -1.98950901825162
48
 energy: -84.798134764773 gnorm: 0.000293718266 xtb: 6.7.1 (edcfbbe)
C            5.51775553778936        1.40894032196056        0.06194685429859
O            4.36018581142361        1.26992514401561       -0.73883992895131
C            3.17844114746387        1.25354900960711       -0.03023698513933
O            3.05967634811415        0.01454027140551        0.63496069891594
C            1.87889012889782       -0.09974849071002        1.39746733783643
C            1.99205847422624       -1.41445978952824        2.18036985226939
O            3.13055344366571       -1.42494938868784        2.99489588344598
C            0.61148455785589       -0.07546364738102        0.51539112640131
O           -0.47263781341812       -0.00804912893412        1.43098342938489
C           -1.60542126154233       -0.83525245549801        1.44562847495875
O           -2.77220953907453       -0.07786561147483        1.28547675313213
C           -3.05033406535185        0.38319324409656       -0.03568614098365
C           -4.28855331993272        1.27637328498665        0.11088055770342
O           -4.02148341295648        2.37722736949537        0.92866109545065
C           -3.28022151454384       -0.82138634093530       -0.95838860473041
O           -3.46575867276287       -0.47222300047005       -2.31165177393828
C           -2.03705160717832       -1.71556103218928       -0.91804136475694
O           -2.24761136213813       -2.93015179029204       -1.60028257577874
C           -1.67599090666402       -2.07343554667023        0.52860492212622
O           -0.49247830337924       -2.82167319339864        0.59421766570940
C            0.65362507420332        1.19279024386894       -0.36304134396035
O           -0.32837561721873        1.22176505827946       -1.37777392722541
C            2.02399061776937        1.42635746163174       -1.02138336440017
O            2.07879592744646        2.72268053415495       -1.54924208741370
H            5.64200661333000        0.55228894047657        0.72964345611164
H            5.46989184122566        2.32802146347454        0.65620256957096
H            6.35412661038493        1.46175993514974       -0.63074601012135
H            3.14127213365675        2.07696843545529        0.71374515059488
H            1.81016214389436        0.74190355359802        2.10464903575404
H            2.00974497624414       -2.24808512555489        1.46661827759611
H            1.12690469257467       -1.52490891355932        2.83344895635687
H            3.88274977295131       -1.20958486362830        2.42977380540746
H            0.58400629500957       -0.97880181678097       -0.09743911637319
H           -1.67672276457896       -1.19038545597836        2.48588723177942
H           -2.21308263085621        0.98210552131435       -0.41460265383357
H           -5.10971507133401        0.67226334014994        0.52651391061621
H           -4.59105021318800        1.68257856089352       -0.85782620555191
H           -3.56728746377895        2.04458991071380        1.71364309367509
H           -4.14396454509530       -1.39808628577218       -0.58717491411209
H           -4.18642393172455        0.16134496629733       -2.38483202092518
H           -1.21518047656551       -1.16589167968981       -1.39697053690791
H           -2.66402272532732       -2.71598461931838       -2.44394724673874
H           -2.51808326788042       -2.67175233490421        0.91690739991079
H           -0.60756258543691       -3.57714211890490        0.00189238801668
H            0.41648220546619        2.04692563182550        0.28218636476169
H           -0.10393145485996        0.57570443064742       -2.06056441835168
H            2.17657329201567        0.67676445553872       -1.81854942674048
H            1.23577496727408        2.90027647618061       -1.98989140990554
48
 energy: -84.798138853365 gnorm: 0.000194208978 xtb: 6.7.1 (edcfbbe)
C            5.51836299262859        1.40621564981568        0.06036716998873
O            4.36018274877333        1.26825687708257       -0.73968689656448
C            3.17877028846566        1.25312701188221       -0.03050676645668
O            3.05948256672310        0.01448386638177        0.63524993380150
C            1.87868016678138       -0.09912893795149        1.39781903170198
C            1.99176570408121       -1.41360522946935        2.18110210815442
O            3.13019464910741       -1.42343218543169        2.99593449883051
C            0.61125347840111       -0.07476714986268        0.51590805154858
O           -0.47293102321977       -0.00749131924405        1.43154235377432
C           -1.60552027345252       -0.83484434717143        1.44573763495283
O           -2.77263488630640       -0.07798176693315        1.28558213869882
C           -3.05092567139910        0.38329588227043       -0.03548620408952
C           -4.28995190414631        1.27532548828473        0.11119432726824
O           -4.02450567551491        2.37554340272695        0.93037811993918
C           -3.27973003877576       -0.82110548163344       -0.95874265717946
O           -3.46501463387470       -0.47151782151725       -2.31191458865392
C           -2.03616526577059       -1.71468944750955       -0.91835433915273
O           -2.24592514094928       -2.92919200151026       -1.60099284427989
C           -1.67528456082214       -2.07275014179593        0.52828028045194
O           -0.49141243081824       -2.82046489723590        0.59390203757285
C            0.65373399067659        1.19350450734024       -0.36249239223371
O           -0.32848962677312        1.22307812674594       -1.37701030008091
C            2.02401201780844        1.42617312479416       -1.02133952707172
O            2.07926322347776        2.72216745715667       -1.54994738339619
H            5.64212711283017        0.54965158298289        0.72831669963491
H            5.47200452267976        2.32554622462422        0.65431281215234
H            6.35434388057471        1.45775872039630       -0.63284789188334
H            3.14254750749788        2.07685343590320        0.71317656966536
H            1.81012172648033        0.74272861542977        2.10477030405491
H            2.01002155924632       -2.24744685735752        1.46752461468168
H            1.12641770891977       -1.52419180040411        2.83393751198975
H            3.88225922929294       -1.20716298420271        2.43093751747431
H            0.58358013487219       -0.97804455488626       -0.09689956039040
H           -1.67698123461600       -1.19029723680704        2.48592165658189
H           -2.21410816655659        0.98303703055438       -0.41400281931170
H           -5.11086809086926        0.67002959321126        0.52557230424723
H           -4.59214093350833        1.68229835408248       -0.85731364202265
H           -3.57080281015970        2.04235246040063        1.71545783874549
H           -4.14326220502663       -1.39840902238172       -0.58800849932811
H           -4.18639673926503        0.16115095312295       -2.38525351846482
H           -1.21445800885767       -1.16450204834392       -1.39697652340201
H           -2.66241386042052       -2.71507778723978       -2.44463520874887
H           -2.51715315276680       -2.67160826814650        0.91618628965779
H           -0.60596383405855       -3.57566322823148        0.00111190266694
H            0.41713035901306        2.04773204957958        0.28280682287911
H           -0.10496538831703        0.57661151197741       -2.05961419182426
H            2.17590351543994        0.67602198875702       -1.81816623358094
H            1.23584455869994        2.90042553534190       -1.98935430745902
