48
 energy: -84.844642317208 gnorm: 0.072774049540 xtb: 6.7.1 (edcfbbe)
C            5.68395080504374       -0.82354835599286        0.26980811934180
O            4.91152170844957        0.30646480948843        0.66689212474061
C            3.58813925128300        0.02583919732166        0.93899927787960
O            2.92863683332369       -0.25661920958726       -0.27986566723320
C            1.56470675563210       -0.58612355508347       -0.12157295532234
C            1.04899774715638       -1.04665719033781       -1.49871647334027
O            0.14582687421458       -2.11572894975645       -1.41284340325007
C            0.78249493721775        0.60051715471077        0.47069305643945
O           -0.53744297377367        0.15343403604341        0.75890744495792
C           -1.57497842697810        1.05636269425210        0.49425590039127
O           -1.92843417575833        1.10632746632675       -0.85825706522935
C           -2.44206591342594       -0.11707926718622       -1.39738352340750
C           -2.82744455766703        0.18031714982647       -2.85237832857173
O           -1.72942986236576        0.59823660958668       -3.62122558786130
C           -3.64668726430151       -0.62936314829303       -0.59797575224388
O           -4.11169928854516       -1.86486274817863       -1.07638403268419
C           -3.27644407075622       -0.72005095451554        0.89009296121617
O           -4.38653800421532       -1.07984773617947        1.67877324819397
C           -2.77809457473885        0.64775727533457        1.36139540167427
O           -2.38787047760922        0.64749409307851        2.70445140652849
C            1.44771755030377        1.12169516767959        1.75762609005347
O            0.90027075962974        2.34758322476907        2.17969884645455
C            2.97505953301249        1.25238770434464        1.62332934210061
O            3.57417331679471        1.37834377295753        2.88467588141913
H            5.29369235937570       -1.24638372926530       -0.65744953694042
H            5.67745613792126       -1.58160687652808        1.05803652593081
H            6.69060759613905       -0.44529215345776        0.11993612878748
H            3.49561039898467       -0.84783024996174        1.61736420231410
H            1.46811280433093       -1.42074664546195        0.59332332463861
H            1.92484785512367       -1.30805820578337       -2.10138483589353
H            0.51874655253484       -0.23499749819799       -2.00015972225113
H            0.62060050435938       -2.92531668238571       -1.17481604477039
H            0.74941734517733        1.40598223219147       -0.27570748082548
H           -1.27738575224188        2.07919370692044        0.75619101570329
H           -1.65486326555894       -0.88116719468343       -1.37158186547476
H           -3.61730588249461        0.94092891684509       -2.85872001941769
H           -3.20350264344204       -0.73286746578972       -3.31526275176089
H           -1.42772238207270        1.44942788369532       -3.27499904844603
H           -4.48947669975670        0.06358656387143       -0.70676458563351
H           -3.37490860040179       -2.49307212112769       -1.11891457883299
H           -2.46127963677083       -1.44870902215628        1.02374459877158
H           -4.87515326225738       -1.78018298163293        1.21904408369730
H           -3.57889905516537        1.38724930529482        1.19567329947444
H           -3.07386584477487        0.18637375574837        3.21361130069131
H            1.21606438260032        0.41575561710555        2.56306439766466
H            1.12575454249638        3.04342269958413        1.54281774100193
H            3.21908303279322        2.12089934017788        0.99020175406435
H            3.11000073104914        2.07052946240557        3.38323894827866
48
 energy: -84.849907026336 gnorm: 0.012220170416 xtb: 6.7.1 (edcfbbe)
C            5.68205005705943       -0.82403326476965        0.26667375571019
O            4.90845515759857        0.30559677555087        0.66234347341279
C            3.58459060587411        0.02595471188730        0.93399985840449
O            2.92132333289746       -0.24577706453883       -0.28745493486984
C            1.55524161696504       -0.57504283572806       -0.13736455435400
C            1.03955531089754       -1.03769204220987       -1.51107311575073
O            0.14170760705118       -2.11116089598676       -1.41943948171510
C            0.78919902151736        0.58961057192417        0.51565255447221
O           -0.53953025627656        0.17383304268607        0.80745158046037
C           -1.57267684049647        1.06000147146995        0.47880567512954
O           -1.92318664126531        1.08609069359486       -0.87315043053934
C           -2.44231181021739       -0.13473827739844       -1.40394706606049
C           -2.82819652987830        0.17173103560331       -2.85686225709474
O           -1.73029303134859        0.59350030500982       -3.62399865849376
C           -3.64778639542370       -0.63512860793222       -0.59985665847859
O           -4.11594664261485       -1.87094399351065       -1.07330797231536
C           -3.27501153377831       -0.71767990473609        0.88800408477534
O           -4.38483462166416       -1.07487391542156        1.67842307968960
C           -2.77783465209391        0.65475032817133        1.34994871437795
O           -2.38968504651931        0.66043964091392        2.69420793441162
C            1.45876406898846        1.12030968797352        1.78759067582908
O            0.90971839612394        2.34924469957301        2.19893051418916
C            2.98182359326788        1.25154461564225        1.62999551847778
O            3.58878319385670        1.37830029547555        2.88693192323316
H            5.29270299471821       -1.24759162603872       -0.66052210593844
H            5.67596138454504       -1.58143984663404        1.05559298093723
H            6.68862451194128       -0.44505997313309        0.11754941164297
H            3.49212868775594       -0.85038232211124        1.60910338595007
H            1.46659171696195       -1.41885381724129        0.56934631971323
H            1.91723088175946       -1.29870337707327       -2.11149878385148
H            0.50666293249720       -0.22807422758989       -2.01141127995702
H            0.62020847305228       -2.91810256464422       -1.17890920672024
H            0.75392344948613        1.39750491923726       -0.23072187231674
H           -1.28516495662404        2.08857749898545        0.73002031413901
H           -1.65620830894163       -0.89928849023795       -1.37651819977772
H           -3.61640871873127        0.93446786567895       -2.85844393188000
H           -3.20615756920222       -0.73842339522580       -3.32320067664743
H           -1.42836801558199        1.44320397452275       -3.27381268124089
H           -4.48838645842830        0.06042306854269       -0.71020613209973
H           -3.37932527213557       -2.49924642315594       -1.11690794546676
H           -2.45980733925604       -1.44579314958187        1.02453414968239
H           -4.87326032571202       -1.77735462742566        1.22150855441039
H           -3.58108474482191        1.39059128292987        1.18151422112750
H           -3.07273492775923        0.19562385075732        3.20450788755065
H            1.23015541845638        0.41725317266833        2.59522475117077
H            1.12680980576911        3.03825259987968        1.55122099140093
H            3.21874080535579        2.12071245883159        0.99478386050747
H            3.12324531409250        2.06786397302768        3.38822493724655
48
 energy: -84.850701773579 gnorm: 0.005074228332 xtb: 6.7.1 (edcfbbe)
C            5.68135496759887       -0.82526263730754        0.26044214511176
O            4.90896655314580        0.30469161328778        0.65703508280561
C            3.58598789871045        0.02618022417670        0.93294875056836
O            2.91594457285258       -0.23374816554303       -0.28730462210209
C            1.55132964784167       -0.56996315542561       -0.13060277183382
C            1.02956210404288       -1.01479197130448       -1.50760847462073
O            0.13699601699271       -2.09336024756656       -1.42140668559210
C            0.78864129414824        0.59477818665900        0.53187813447579
O           -0.54142661859075        0.18289989659213        0.82418073436847
C           -1.57103370702987        1.06281080270050        0.46745851390403
O           -1.91531009091387        1.06661553020311       -0.88415523027013
C           -2.44261143180987       -0.15229031249317       -1.40960350738013
C           -2.82915409440669        0.15704108476166       -2.86219606457454
O           -1.73097238783235        0.58192541112785       -3.62718633581764
C           -3.64972500961554       -0.64312266201726       -0.60324694166099
O           -4.12321904155379       -1.88055679795576       -1.06749954160995
C           -3.27554708274919       -0.71354063343019        0.88494131120872
O           -4.38431266641132       -1.06690837443424        1.67853529314386
C           -2.78137503369020        0.66359762325868        1.33800080418151
O           -2.39490523878644        0.67843371284344        2.68266992761434
C            1.46739888784319        1.11017206414113        1.80465503389078
O            0.91864321178710        2.33720745500692        2.22014079612322
C            2.98865894456416        1.24799830585315        1.63960977352943
O            3.60973081429173        1.37300053575353        2.89020776723503
H            5.29094226250203       -1.24898569826163       -0.66620521962003
H            5.67590475445592       -1.58224805312597        1.04980099671769
H            6.68781219469251       -0.44636755425362        0.11048646176198
H            3.49331161805929       -0.85594384976593        1.60026503105187
H            1.47170461250130       -1.42920539273726        0.56201669561004
H            1.90631588503226       -1.27029476314376       -2.11171099391177
H            0.49274683298191       -0.20540976930553       -2.00481500482090
H            0.61946061620995       -2.90038184610568       -1.18843512504492
H            0.75267365571380        1.41524018381453       -0.20377855593569
H           -1.28809523621235        2.09725321861553        0.70254808868300
H           -1.66238606487966       -0.92281533575620       -1.38318076992343
H           -3.61562490572877        0.92154443994661       -2.85926375072436
H           -3.20916993870910       -0.74973454046965       -3.33343606846496
H           -1.42924855920662        1.43027438274193       -3.27321641396531
H           -4.48743248284288        0.05519857342577       -0.71753122330575
H           -3.38800243230102       -2.51044572867715       -1.11129380886575
H           -2.45910320337111       -1.43920031012018        1.02721511960763
H           -4.87213472663100       -1.77278836054721        1.22609632775389
H           -3.58592550760565        1.39677921342788        1.16440532450454
H           -3.07497462639794        0.21056329165797        3.19407627554993
H            1.24722430574731        0.40831764540476        2.61601801184131
H            1.12744620505435        3.02634226785179        1.56972070288627
H            3.21745975147884        2.11934600663556        1.00426538526501
H            3.14547017847522        2.05915238834932        3.39754178234397
48
 energy: -84.851127814654 gnorm: 0.006073584210 xtb: 6.7.1 (edcfbbe)
C            5.68204348702081       -0.82690772492776        0.25170581087612
O            4.91242199283009        0.30368793769318        0.65144193667772
C            3.59020446108423        0.02696473954619        0.93115969656839
O            2.91427712323754       -0.21958874394588       -0.28806269481255
C            1.55132304687319       -0.56078116854569       -0.12381160022986
C            1.02147706085510       -0.99030015318630       -1.50292530916624
O            0.13351835530993       -2.07396908833126       -1.42442085723428
C            0.78862385901726        0.60222926875763        0.54343805244123
O           -0.54196339828877        0.18673184077795        0.83023118576746
C           -1.56980154982117        1.06239587486473        0.45663760888621
O           -1.90305528703870        1.04568000578849       -0.89626989098697
C           -2.44301292881167       -0.17120779816836       -1.41544625930417
C           -2.83043778149515        0.13892962254646       -2.86825032648545
O           -1.73205349637333        0.56463523424912       -3.63237757112144
C           -3.65222416965147       -0.65039893103415       -0.60569691924619
O           -4.13192931397687       -1.89042758397185       -1.05716771993603
C           -3.27773177434617       -0.70735549483878        0.88308651963734
O           -4.38534148991393       -1.05617214577630        1.68042937416587
C           -2.78671499264721        0.67463129411206        1.32541563122068
O           -2.40509486431049        0.70188225239445        2.67117733805441
C            1.47399321312898        1.10056509255155        1.82207892066770
O            0.92649187428389        2.32281927693006        2.25446024218678
C            2.99482915720898        1.24281967655857        1.64928489618710
O            3.62910439907850        1.36258272430864        2.89399442655410
H            5.28911405269059       -1.24945599221644       -0.67449339478615
H            5.67718346731095       -1.58450392052984        1.04048461569539
H            6.68859471392867       -0.44914105164984        0.09985983825432
H            3.49685773872010       -0.86192007470375        1.58924141162818
H            1.47704129165660       -1.42775136741079        0.55957693085022
H            1.89439668873350       -1.23501863390734       -2.11745690878034
H            0.47749617872363       -0.17786088607403       -1.98766441989383
H            0.62039685631332       -2.88191526288500       -1.20390765567039
H            0.75688226434286        1.43318829547051       -0.18046523012000
H           -1.28930967266866        2.10180790966437        0.67382306040826
H           -1.67139318000703       -0.95048726599675       -1.39090414534914
H           -3.61604386081139        0.90428409453117       -2.86303861154471
H           -3.21161313601953       -0.76579900663188       -3.34241640338692
H           -1.42956117631029        1.41142072354260       -3.27532029308000
H           -4.48717184917099        0.05018291410353       -0.72625870486262
H           -3.39900868585096       -2.52300544926090       -1.10083108042594
H           -2.45932464255988       -1.42946365656689        1.03241546788968
H           -4.87250380317904       -1.76588408544761        1.23317862831905
H           -3.59082876544024        1.40601788340223        1.14228612889427
H           -3.08300074879674        0.23167516523598        3.18299922617292
H            1.26245945507695        0.39315411992981        2.63105189744606
H            1.12483031987023        3.01647467763394        1.60572357339940
H            3.21609386152697        2.11821067437437        1.01676032313067
H            3.16946334776731        2.04634208580006        3.40872641535399
48
 energy: -84.851445194441 gnorm: 0.005205787016 xtb: 6.7.1 (edcfbbe)
C            5.68309263150940       -0.82782961381773        0.24101716865873
O            4.91729721188472        0.30350178490739        0.64616197957270
C            3.59570395019117        0.02805597521431        0.92842640593678
O            2.91505614825351       -0.20611076389697       -0.28999642611425
C            1.55393637650260       -0.54961990506346       -0.11816737435399
C            1.01444398047369       -0.96593818001663       -1.49806786900359
O            0.13484261997266       -2.05738866320818       -1.42669222019398
C            0.79061334349395        0.61139036479018        0.55094167034984
O           -0.54010176050677        0.19031562947145        0.82947152982454
C           -1.56929900478920        1.06049987869028        0.44609169614840
O           -1.88932020742598        1.02565738273072       -0.90956756166440
C           -2.44439636137011       -0.18959125534795       -1.42100579109934
C           -2.83314009946539        0.11878796996818       -2.87445561515696
O           -1.73506906901078        0.54323007214433       -3.63956073889765
C           -3.65544056303855       -0.65603769693148       -0.60653557935884
O           -4.14059128824801       -1.89915296153648       -1.04401955969098
C           -3.28116842202705       -0.69979335517814        0.88272779385435
O           -4.38771672121954       -1.04391996664801        1.68368024211104
C           -2.79223324411859        0.68673437284683        1.31204959280780
O           -2.41921815006897        0.73030215750828        2.65973169641350
C            1.48014781076401        1.08959732046690        1.83885859406685
O            0.93467425708745        2.30401100639796        2.29817120280137
C            3.00113115329638        1.23710390239431        1.65862173563278
O            3.64520670130483        1.34840904766573        2.89907049693878
H            5.28619973810592       -1.24785175177885       -0.68481300857799
H            5.67938612334255       -1.58727875412447        1.02802963384104
H            6.68989204317814       -0.45204411155251        0.08611640589003
H            3.50229693895198       -0.86717905321491        1.57780150318203
H            1.48259763842222       -1.41822630931135        0.56089225227376
H            1.88201950993656       -1.19459650831180       -2.12678167260478
H            0.45865669902818       -0.14987767459000       -1.96399096769893
H            0.62924068440800       -2.86491958214682       -1.22159992742279
H            0.76524680761037        1.45067208658339       -0.16148887880110
H           -1.29022907186503        2.10348823930399        0.64664072003105
H           -1.68172163972667       -0.97768920403247       -1.39820514427404
H           -3.61884886118589        0.88402093920367       -2.86982045947296
H           -3.21429659869497       -0.78599690384549       -3.34843085693836
H           -1.42978532033593        1.38781827742351       -3.27988875858519
H           -4.48831585050486        0.04572241511403       -0.73472525430199
H           -3.41024103375889       -2.53478304530584       -1.08703155013842
H           -2.46062299646590       -1.41802911888187        1.03893943912626
H           -4.87455551876931       -1.75711611415541        1.24157892069892
H           -3.59377956405020        1.41739225556080        1.11471438777309
H           -3.09608233621022        0.25866010837693        3.17134736387602
H            1.27584530179397        0.36933151664480        2.63842303061514
H            1.12022114049515        3.00699075017751        1.65581496438593
H            3.21551337974733        2.11817607174455        1.03149458333341
H            3.19290919183949        2.03109886657234        3.42151336442207
48
 energy: -84.851656615203 gnorm: 0.003916600886 xtb: 6.7.1 (edcfbbe)
C            5.68405794529485       -0.82689802572755        0.22963619465851
O            4.92212915462679        0.30438678486458        0.64277838590773
C            3.60090942479812        0.02877560989262        0.92597229201702
O            2.91727766385989       -0.19677400416535       -0.29194005919165
C            1.55734179364956       -0.53918524477012       -0.11546057504474
C            1.00981636430109       -0.94736805404267       -1.49492717708671
O            0.14285692201372       -2.04922063032970       -1.42883603298916
C            0.79360355891529        0.62016584185161        0.55422055116667
O           -0.53720340363137        0.19500973728138        0.82481239285563
C           -1.56944470575056        1.05993573592202        0.43772802116704
O           -1.87942268566364        1.01259358607524       -0.92095293796874
C           -2.44629584217738       -0.20252860618178       -1.42440476597844
C           -2.83685333348986        0.10001584036918       -2.87901147322424
O           -1.73986028648193        0.52129030593668       -3.64722331510471
C           -3.65820645873073       -0.65904425448484       -0.60555198849489
O           -4.14619991503906       -1.90495894827616       -1.03173340160793
C           -3.28439867498183       -0.69200663023926        0.88388990559580
O           -4.39032498886114       -1.03152566217609        1.68749485851798
C           -2.79623267668997        0.69811609190739        1.30008238770355
O           -2.43343444403329        0.75903770800553        2.64984844615044
C            1.48481705580983        1.07843993580718        1.85123540394270
O            0.94076378398675        2.28263275143512        2.34033706760363
C            3.00603260703616        1.23140293428173        1.66665994606301
O            3.65421681137586        1.33288644686513        2.90544965639747
H            5.28201859052641       -1.24274372054343       -0.69603479985653
H            5.68230762127225       -1.58955230824614        1.01358333203131
H            6.69101763449759       -0.45305168326154        0.07112699898220
H            3.50847558559576       -0.87097747844296        1.56916739024260
H            1.48606504375318       -1.40615958432739        0.56310497212225
H            1.87257122241133       -1.15683162178219       -2.13702925493811
H            0.43936525440223       -0.13028354022553       -1.94174300923655
H            0.64756636890422       -2.85382618713565       -1.23779569189211
H            0.77443491553819        1.46515338568305       -0.14918820084641
H           -1.29106258244786        2.10471246079531        0.62737323110758
H           -1.68939519069321       -0.99597622118611       -1.40131455257584
H           -3.62354328416567        0.86427284227584       -2.87802974692082
H           -3.21703419020138       -0.80737394610563       -3.34886885542866
H           -1.42968401124560        1.36339694689005       -3.28613462553450
H           -4.49028340015831        0.04238722726550       -0.74053699138948
H           -3.41790303193834       -2.54311638847475       -1.07248391410049
H           -2.46255135998581       -1.40752963290160        1.04539191972528
H           -4.87772588584933       -1.74687588319058        1.24951507248240
H           -3.59412784281379        1.42871298952907        1.08700279938627
H           -3.11061915385090        0.28746721650035        3.16106791707844
H            1.28512004778000        0.34092022511234        2.63634881360964
H            1.11417205509643        2.99812627799124        1.70845440636407
H            3.21556872681461        2.11844839940091        1.04641039310178
H            3.20929889506325        2.01551887346114        3.43399177319985
48
 energy: -84.851794364876 gnorm: 0.003440606965 xtb: 6.7.1 (edcfbbe)
C            5.68461604381691       -0.82355556796797        0.21871366269219
O            4.92527177879640        0.30619226297166        0.64153902045987
C            3.60439382275042        0.02853539617690        0.92484169392611
O            2.91938912591878       -0.19275026629201       -0.29282594116454
C            1.55965018256981       -0.53210846897446       -0.11550211721164
C            1.00782978891888       -0.93676333539923       -1.49445387561706
O            0.15546244909592       -2.04981290411612       -1.43202221211979
C            0.79603274266356        0.62645108346899        0.55452968887245
O           -0.53509704170718        0.20018176215391        0.81983104874203
C           -1.56976534593208        1.06179366749590        0.43214752831842
O           -1.87535955812022        1.00833834091086       -0.92876601444007
C           -2.44721796365110       -0.20852924927006       -1.42513313716979
C           -2.84009088758668        0.08506175593518       -2.88109256898310
O           -1.74516218458229        0.50214937611267       -3.65439377691001
C           -3.65913631025677       -0.65971109882676       -0.60333786623505
O           -4.14700687558951       -1.90776385533786       -1.02269570354231
C           -3.28626672347750       -0.68468306162838        0.88625472815869
O           -4.39217150459772       -1.01967565079728        1.69139762565231
C           -2.79845398334272        0.70815421917821        1.29139379249341
O           -2.44493551974720        0.78436776614979        2.64275368539859
C            1.48701711917157        1.06800456423279        1.85823352869614
O            0.94322420455746        2.26151623538572        2.37229296966052
C            3.00826864784051        1.22593281288701        1.67312946224474
O            3.65585729258143        1.31847957002166        2.91245539282292
H            5.27737530279632       -1.23421745113235       -0.70707134272172
H            5.68590500754734       -1.59035711367269        0.99867050982556
H            6.69125453767770       -0.45030382918044        0.05684311251243
H            3.51416820088233       -0.87391377914923        1.56458168123242
H            1.48616979497290       -1.39728897920354        0.56417460825567
H            1.86758002442597       -1.12755022255264       -2.14597144720725
H            0.42286277720457       -0.12236132985399       -1.92678059056107
H            0.67129040741828       -2.84957150989021       -1.25115363063718
H            0.78151254048450        1.47515828870204       -0.14306179689496
H           -1.29102920323300        2.10709403031101        0.61668522990117
H           -1.69170257765901       -1.00305688767206       -1.39922270883639
H           -3.62825922301638        0.84789284193420       -2.88513617526372
H           -3.21930454979745       -0.82654656591868       -3.34384574844576
H           -1.42935768564969        1.34242615819506       -3.29401274918411
H           -4.49160389130742        0.04027703268462       -0.74309712667806
H           -3.41971305269356       -2.54733330966218       -1.05929047480490
H           -2.46417326095861       -1.39899244915512        1.05175904424766
H           -4.88093956603155       -1.73590447381358        1.25639078318638
H           -3.59343999604139        1.43816447225266        1.06453024241512
H           -3.12340455512507        0.31433609416312        3.15381780622613
H            1.28979823119384        0.31424220106724        2.62860100060166
H            1.10775654126038        2.98921818788830        1.75220267219980
H            3.21539948610525        2.11802843441872        1.05960227683277
H            3.21550310770749        2.00075270406116        3.44497736866757
48
 energy: -84.851907664563 gnorm: 0.002992822331 xtb: 6.7.1 (edcfbbe)
C            5.68477799676278       -0.81751793348843        0.20698689797295
O            4.92635336008443        0.30875788522880        0.64137079414424
C            3.60614135358924        0.02696083421342        0.92498140460061
O            2.92059816136575       -0.19276494942686       -0.29255837135631
C            1.56025236840769       -0.52838608276778       -0.11717029987394
C            1.00747987739229       -0.93117728589377       -1.49646455860196
O            0.17097611505920       -2.05597212653974       -1.43783190485995
C            0.79731165404100        0.63018075643909        0.55352255902520
O           -0.53468682462283        0.20559677048779        0.81583452379823
C           -1.56993650181533        1.06623301528978        0.42811063954347
O           -1.87518349077855        1.01051161564584       -0.93427633116427
C           -2.44623842719632       -0.20991007243487       -1.42376437288419
C           -2.84190203576349        0.07191519731521       -2.88122273978829
O           -1.74993526674147        0.48386792955200       -3.66131450202041
C           -3.65781924306524       -0.65916868472224       -0.60023283075221
O           -4.14317484018513       -1.90930466172532       -1.01545470405160
C           -3.28677041623832       -0.67683272499143        0.88978974979454
O           -4.39329400259042       -1.00686368223358        1.69565709581235
C           -2.79993512442100        0.71875637395802        1.28501881801978
O           -2.45470116573447        0.80906903331846        2.63740961757581
C            1.48685781816595        1.05714175375153        1.86224731553384
O            0.94223239938903        2.23965790624613        2.39682517077779
C            3.00797693764943        1.21961948412115        1.67920985904476
O            3.65253527974049        1.30408706143900        2.92035025377797
H            5.27249943053604       -1.22218232736881       -0.71915714889492
H            5.69072895756550       -1.58944130124852        0.98194652537466
H            6.69031898076719       -0.44275510096845        0.04196869645234
H            3.51956211827864       -0.87741796379757        1.56265025307020
H            1.48297946838708       -1.39286196501542        0.56342042591526
H            1.86585018288415       -1.10357810839198       -2.15417148167538
H            0.40835389346558       -0.12207606681489       -1.91793643098295
H            0.69829360050407       -2.84966124976563       -1.26453605829093
H            0.78661496548310        1.48191033163355       -0.14006082399106
H           -1.28961786461226        2.11150633473475        0.61057949480086
H           -1.68893110810803       -1.00268305253785       -1.39269585375840
H           -3.63167388528177        0.83320829697964       -2.89075574857301
H           -3.22073100422092       -0.84480673703050       -3.33457499031453
H           -1.42871889513430        1.32350099709025       -3.30424642074106
H           -4.49146844369226        0.03864546006876       -0.74382569544366
H           -3.41585694156772       -2.54923301068773       -1.04567329624477
H           -2.46501383762694       -1.39057642206348        1.05971724724078
H           -4.88382235947917       -1.72347281317026        1.26325544729160
H           -3.59321123080165        1.44699552143419        1.04588788766816
H           -3.13524250063509        0.34219620670307        3.14881041572833
H            1.29143220036987        0.28914818278144        2.61882114897162
H            1.10024101772685        2.97858467062570        1.78882110883364
H            3.21425866506934        2.11614808666658        1.07220798431182
H            3.21323630575401        1.98444251674406        3.45600638883771
48
 energy: -84.852003559354 gnorm: 0.002480417395 xtb: 6.7.1 (edcfbbe)
C            5.68454401089161       -0.80880463149718        0.19363983827505
O            4.92506845329247        0.31185072968236        0.64113429459660
C            3.60614606244323        0.02384983385879        0.92605406027085
O            2.92015642519501       -0.19555090643854       -0.29127778198285
C            1.55868556458673       -0.52782594550040       -0.11936878881074
C            1.00783445121570       -0.92806229071268       -1.50045668168862
O            0.18745481859605       -2.06467722341363       -1.44748177404201
C            0.79697540830889        0.63135996744910        0.55243110674935
O           -0.53667469063906        0.21088712365555        0.81341589792421
C           -1.56995697749307        1.07298466027913        0.42472906318898
O           -1.87677986253084        1.01642050686478       -0.93848184712227
C           -2.44295498578172       -0.20896864288983       -1.42088186234432
C           -2.84116399496082        0.05918340670327       -2.88000294402053
O           -1.75235668056768        0.46470783537804       -3.66765026027099
C           -3.65424536921526       -0.65836016590266       -0.59638571270773
O           -4.13504964832206       -1.91117566820325       -1.00832338331676
C           -3.28639765650488       -0.66770801788710        0.89454947494222
O           -4.39425022414342       -0.99217705990340        1.70050988513423
C           -2.80162513683979        0.73122061306444        1.28022168689284
O           -2.46318726655688        0.83486509866832        2.63296798661889
C            1.48459060743478        1.04514742993271        1.86536460901607
O            0.93804822016361        2.21698498245782        2.41661678254178
C            3.00546649608793        1.21179382606878        1.68555212036142
O            3.64653949989271        1.28914458474028        2.92892459166052
H            5.26781815926581       -1.20710231127485       -0.73311695824983
H            5.69704432959055       -1.58671434582391        0.96260777391224
H            6.68803897693904       -0.42989062936322        0.02578651390663
H            3.52466331088862       -0.88247432743582        1.56190829966333
H            1.47691879449481       -1.39324388044376        0.56054209147557
H            1.86623570160703       -1.08250176771805       -2.16197154269690
H            0.39553078137782       -0.12515835355359       -1.91347198153065
H            0.72610710259770       -2.85201954409116       -1.28087596916420
H            0.79004091435596        1.48612894990929       -0.13780210600124
H           -1.28689141682535        2.11805586317072        0.60606288200112
H           -1.68217262935281       -0.99854512849995       -1.38286913006352
H           -3.63210639972140        0.81933599788743       -2.89503984089339
H           -3.22055143008341       -0.86266861198763       -3.32270063838192
H           -1.42723966072437        1.30562951153006       -3.31719863610158
H           -4.48957632649507        0.03668618055497       -0.74411974287510
H           -3.40665841976897       -2.55035751731434       -1.03007306992160
H           -2.46505964102201       -1.38058257908424        1.07064195357670
H           -4.88625650076746       -1.70956964064195        1.27108787062931
H           -3.59437611349927        1.45648568003596        1.03014249498106
H           -3.14647321110553        0.37310455835745        3.14550982140288
H            1.29124653802805        0.26542127541911        2.61013921531293
H            1.09086793015861        2.96559611343692        1.81973633638676
H            3.21170428181969        2.11234407178902        1.08475485836876
H            3.20427510170130        1.96494828818082        3.46800230221639
48
 energy: -84.852077282592 gnorm: 0.002206513058 xtb: 6.7.1 (edcfbbe)
C            5.68399288080039       -0.79869763441837        0.17984912953265
O            4.92176418671191        0.31499019014581        0.64008877238768
C            3.60471987123201        0.01975974476861        0.92742617300646
O            2.91796397058543       -0.19959547085869       -0.28947155343867
C            1.55530023308724       -0.52983078570617       -0.12111840805792
C            1.00826394463257       -0.92583768704699       -1.50528477635022
O            0.20140421841748       -2.07231972146503       -1.46025167674020
C            0.79511803500001        0.63014177804441        0.55192526415009
O           -0.54070733482376        0.21506836608256        0.81257127744372
C           -1.57002319041919        1.08036521022151        0.42198654837595
O           -1.87814545931073        1.02261007749798       -0.94148630771288
C           -2.43810364560065       -0.20788239170197       -1.41731669728820
C           -2.83748426044829        0.04739760858672       -2.87815482298568
O           -1.75072704912959        0.44574302765688       -3.67200176488697
C           -3.64940188057540       -0.65795794250872       -0.59226606276401
O           -4.12449481034654       -1.91420260183775       -1.00043792462197
C           -3.28599264342951       -0.65789933903615        0.89993467951178
O           -4.39594065784427       -0.97680292896410        1.70515417271200
C           -2.80386371362844        0.74452630202525        1.27698227966551
O           -2.46984809906494        0.85962395048903        2.62944041382633
C            1.48106389334467        1.03310647717676        1.86846325063152
O            0.93208057479593        2.19642406633697        2.43187398225125
C            3.00162402472999        1.20324749359745        1.69167850189352
O            3.64021018339841        1.27513253633326        2.93690167520669
H            5.26414308716530       -1.19128040319346       -0.74776518238026
H            5.70401769405519       -1.58259020786329        0.94259314943068
H            6.68478692919345       -0.41358130513682        0.00991011922438
H            3.52899248716517       -0.88867015751945        1.56121182481905
H            1.46959268025081       -1.39735767163605        0.55628673719966
H            1.86782594771111       -1.06491262712068       -2.16837698761539
H            0.38601458313021       -0.12791484282200       -1.91215151788880
H            0.74939264107425       -2.85453942788645       -1.30025638584355
H            0.79205375586832        1.48780291647689       -0.13515795925038
H           -1.28352397289565        2.12512974416517        0.60180413876152
H           -1.67393895638895       -0.99423556285261       -1.37219649339566
H           -3.62856964441552        0.80738088336843       -2.89818180301280
H           -3.21821474381102       -0.87844543133178       -3.31124118741706
H           -1.42448422832434        1.28993963777693       -3.33050349062379
H           -4.48659084572286        0.03390986827783       -0.74506186918657
H           -3.39422910003449       -2.55164366698622       -1.01308306329655
H           -2.46490399268437       -1.36916365318262        1.08382885080315
H           -4.88823623700532       -1.69598593143389        1.27914234000313
H           -3.59672250004166        1.46655339119048        1.01814414793388
H           -3.15622127245586        0.40460435158332        3.14395206736418
H            1.28982382487455        0.24505414343952        2.60477783406037
H            1.08073618741328        2.95197639018357        1.84318295475276
H            3.20802119935691        2.10715121931042        1.09607253957303
H            3.19145890229964        1.94370591740512        3.48006627028430
48
 energy: -84.852134405562 gnorm: 0.002077705712 xtb: 6.7.1 (edcfbbe)
C            5.68336029405679       -0.78843041868090        0.16690589861417
O            4.91745561884307        0.31795940025730        0.63828368781732
C            3.60259993166239        0.01548016146866        0.92858607345790
O            2.91476611528949       -0.20366964829387       -0.28768497301429
C            1.55116864041277       -0.53332738418747       -0.12216192337558
C            1.00853128956100       -0.92370927469157       -1.51000504054724
O            0.21098232457604       -2.07693237200308       -1.47441873520984
C            0.79247621468140        0.62718168105204        0.55200465551144
O           -0.54549332903109        0.21755405304301        0.81271968010128
C           -1.57017265317201        1.08669931238861        0.42005039116211
O           -1.87823645423590        1.02683225246606       -0.94331445036054
C           -2.43288381239353       -0.20788928073528       -1.41360530610772
C           -2.83163157870259        0.03715873022753       -2.87612721366978
O           -1.74500870485930        0.42817195823053       -3.67350608816368
C           -3.64449349852801       -0.65812427100096       -0.58818379482425
O           -4.11356259932581       -1.91833229175407       -0.99149119020496
C           -3.28629883815986       -0.64826322983421        0.90537683769579
O           -4.39902671369163       -0.96197980501438        1.70893972629161
C           -2.80637901026381        0.75714364010201        1.27500484633609
O           -2.47472768429172        0.88143136219332        2.62686320958932
C            1.47723387832434        1.02209824004372        1.87154774138464
O            0.92596264138994        2.17986946744902        2.44287168444513
C            2.99741064956148        1.19494847393006        1.69713375271264
O            3.63463462826950        1.26304945413979        2.94360740721871
H            5.26178880826995       -1.17639789832686       -0.76176030799005
H            5.71083326980652       -1.57768982387621        0.92378742674083
H            6.68125141644752       -0.39629002078360       -0.00426538464827
H            3.53252019560384       -0.89506007669285        1.56003974947829
H            1.46270978185866       -1.40330928019807        0.55166432828993
H            1.86994628629375       -1.05091877531316       -2.17293389065682
H            0.38039663441302       -0.12841201225691       -1.91248005971962
H            0.76528574174105       -2.85617223298735       -1.32180268069211
H            0.79317684528395        1.48722629400983       -0.13214395638855
H           -1.28009472031801        2.13101760492621        0.59768653381408
H           -1.66641599074353       -0.99177530909058       -1.36244557568570
H           -3.62171404681421        0.79806448535905       -2.90073045797147
H           -3.21405336081433       -0.89117696346619       -3.30197584819375
H           -1.42039590929924        1.27697580272179       -3.34183599311087
H           -4.48354784960451        0.03024920974943       -0.74692214632282
H           -3.38096815104943       -2.55328845289625       -0.99580809586938
H           -2.46546993428480       -1.35749604502669        1.09777900165799
H           -4.89005488566684       -1.68409410994939        1.28656600844779
H           -3.59911678208870        1.47671599612559        1.00952091870110
H           -3.16457984123599        0.43452850850130        3.14384425810127
H            1.28732843164068        0.22884530896756        2.60254215015405
H            1.07129517153504        2.93946748089958        1.85888874878566
H            3.20385737896639        2.10150989393979        1.10555231194150
H            3.17735185784758        1.92255810464952        3.49131924457912
48
 energy: -84.852179772310 gnorm: 0.001898705942 xtb: 6.7.1 (edcfbbe)
C            5.68292494195340       -0.77853121480051        0.15525887369006
O            4.91314666699662        0.32079836140765        0.63623296751817
C            3.60052143465954        0.01146876422887        0.92938310004094
O            2.91150395841454       -0.20710904925390       -0.28621850988755
C            1.54732833017797       -0.53726788633147       -0.12270754704728
C            1.00876110599320       -0.92121480939533       -1.51426136782735
O            0.21621315012811       -2.07795508623424       -1.48848560228645
C            0.78976476225010        0.62325391626524        0.55249720252790
O           -0.54987748658304        0.21830389662680        0.81333038470592
C           -1.57030961181518        1.09119490376991        0.41896246895990
O           -1.87692336393822        1.02846326731707       -0.94414722090116
C           -2.42816124574548       -0.20933538593767       -1.40990171450362
C           -2.82460991630440        0.02833848280423       -2.87412442884841
O           -1.73622232314489        0.41227563637172       -3.67237802768678
C           -3.64034065375854       -0.65878908996837       -0.58427435145057
O           -4.10373588575545       -1.92317752327245       -0.98154837841849
C           -3.28769670005265       -0.63924611827022        0.91058427005427
O           -4.40377198829343       -0.94799215742514        1.71167924552322
C           -2.80881767322907        0.76826294637630        1.27380815603480
O           -2.47842255278758        0.89989181419653        2.62510811628703
C            1.47367525087140        1.01252277501565        1.87449519000932
O            0.92075269174855        2.16748507257700        2.45043569832288
C            2.99342633194769        1.18725733533512        1.70193801460852
O            3.62982443722397        1.25265181043459        2.94925811937363
H            5.26060361960467       -1.16263867959252       -0.77466875839110
H            5.71716456277631       -1.57258365782020        0.90667874879582
H            6.67804255050468       -0.37954375581516       -0.01641613343133
H            3.53562565403271       -0.90111976269923        1.55831333978176
H            1.45726247113769       -1.40962168511286        0.54719902965769
H            1.87229474268370       -1.04001404184194       -2.17593904128067
H            0.37826930969946       -0.12603372539340       -1.91332090012562
H            0.77392999133568       -2.85650935743616       -1.34488372156287
H            0.79385854497031        1.48507797078231       -0.12906679587455
H           -1.27672472945828        2.13492764463441        0.59401488230453
H           -1.66061573065514       -0.99172312715686       -1.35406173114126
H           -3.61279267095704        0.79099257791790       -2.90323341719354
H           -3.20875059893873       -0.90130858933847       -3.29513294842197
H           -1.41516819702389        1.26625701658591       -3.35046855038195
H           -4.48116478514792        0.02589481865099       -0.74954996164257
H           -3.36875535757307       -2.55535235291671       -0.97885753467875
H           -2.46750410061341       -1.34665990546072        1.11144515857079
H           -4.89206553063438       -1.67411804503312        1.29311924376965
H           -3.60070949165870        1.48662570450694        1.00308607189953
H           -3.17240894858033        0.46238464551425        3.14458411792696
H            1.28389085584476        0.21636019039584        2.60241773979878
H            1.06346577716983        2.92881959064914        1.86821224531388
H            3.19977809415283        2.09600348708053        1.11355776145553
H            3.16351800398804        1.90233027698985        3.50152965662177
48
 energy: -84.852218942390 gnorm: 0.001645774244 xtb: 6.7.1 (edcfbbe)
C            5.68286031784121       -0.76562251561446        0.14070655788287
O            4.90839390502374        0.32469008801199        0.63389106601181
C            3.59856261092112        0.00674756562105        0.92999727659172
O            2.90803870647263       -0.21014117785523       -0.28488676071793
C            1.54356817329827       -0.54179408953172       -0.12323137465921
C            1.00902720182898       -0.91669080562149       -1.51923869874412
O            0.21881410255278       -2.07492539196000       -1.50550773379489
C            0.78664835760456        0.61776459900228        0.55359016076506
O           -0.55426926340320        0.21731494680363        0.81429485261481
C           -1.57040973005651        1.09448478639971        0.41845426381641
O           -1.87369878653345        1.02736617468631       -0.94439733036420
C           -2.42301024107368       -0.21331971765116       -1.40494080143178
C           -2.81462202181195        0.01714884773878       -2.87164609887742
O           -1.72186735185490        0.39210611956570       -3.66834844181361
C           -3.63634683540693       -0.66020893278201       -0.57936837594862
O           -4.09304791493345       -1.93015212808277       -0.96720824058889
C           -3.29150596565267       -0.62795430245144        0.91716952201058
O           -4.41297964153138       -0.92922457882129        1.71394122857790
C           -2.81180429843300        0.78106508694599        1.27249374581843
O           -2.48294250426360        0.92119506022528        2.62341208602205
C            1.46971927652383        1.00147335960405        1.87830538175357
O            0.91585808384562        2.15528798256858        2.45794660470772
C            2.98896690465322        1.17760656083633        1.70817015228608
O            3.62417113736803        1.23930345154891        2.95650390599562
H            5.25995240781505       -1.14434265440823       -0.79131192088094
H            5.72500290349636       -1.56609366794972        0.88471181536138
H            6.67468365628886       -0.35847796047105       -0.03092549678889
H            3.53993611067066       -0.90871423264747        1.55511528952218
H            1.45254372698588       -1.41711143020622        0.54153630287523
H            1.87493568609251       -1.02788629032929       -2.17920994370515
H            0.37839254409128       -0.11896511591662       -1.91388153444596
H            0.77857190388539       -2.85501195660346       -1.37748823574425
H            0.79452810620662        1.48142798874905       -0.12494608726299
H           -1.27223622031858        2.13725314850146        0.58998111697610
H           -1.65530688245394       -0.99486368109923       -1.34409154783225
H           -3.59953663378640        0.78271502322125       -2.90728823555197
H           -3.20076389632987       -0.91343780831479       -3.28850065634523
H           -1.40657127166473        1.25278074400105       -3.35867746801037
H           -4.47931586582554        0.01940725700779       -0.75403373524709
H           -3.35522787004490       -2.55881836556172       -0.95672623133002
H           -2.47324697262532       -1.33407301425055        1.12911717656307
H           -4.89598125281787       -1.66212320122823        1.30105113346892
H           -3.60117766341818        1.49960404622872        0.99526706653068
H           -3.18363318422265        0.49799704610787        3.14577345500023
H            1.27833308884687        0.20302591632395        2.60356425962780
H            1.05595007615646        2.91718650992309        1.87569557539050
H            3.19520619920102        2.08919040746997        1.12389365680027
H            3.14683477819387        1.87580820237918        3.51475445806631
48
 energy: -84.852233551197 gnorm: 0.000984531884 xtb: 6.7.1 (edcfbbe)
C            5.68335559676442       -0.76050513399848        0.13491435889396
O            4.90806878200229        0.32650739903254        0.63397830742408
C            3.59896015326696        0.00558463928663        0.93003647370145
O            2.90806259302851       -0.20948773698045       -0.28490855252483
C            1.54380226583347       -0.54183149607280       -0.12371163744521
C            1.00936919615530       -0.91375144076399       -1.52063396740826
O            0.21855199595997       -2.07162117471651       -1.51009393860307
C            0.78623286400530        0.61656051431984        0.55415930258519
O           -0.55434721785073        0.21606851911264        0.81443971376330
C           -1.57034300440894        1.09397011031868        0.41861157457116
O           -1.87216926423646        1.02530669687235       -0.94441616478438
C           -2.42217136808419       -0.21614333979549       -1.40296495073407
C           -2.81124101803758        0.01177433646938       -2.87089987326210
O           -1.71628754992451        0.38386528546075       -3.66620165017228
C           -3.63633315804518       -0.66090852010935       -0.57777945300048
O           -4.09123724324064       -1.93267031914193       -0.96148827422553
C           -3.29480690653457       -0.62398320121286        0.91943115754409
O           -4.41914567863919       -0.92047810664587        1.71396348667928
C           -2.81267650644142        0.78468885593710        1.27151509766480
O           -2.48546000484075        0.92805832224554        2.62267945643891
C            1.46901538160500        0.99830521968906        1.87969834730472
O            0.91596501532716        2.15236339378190        2.46059373877396
C            2.98832716230561        1.17399698554166        1.71125739173702
O            3.62220945175923        1.23238580319665        2.96036042515152
H            5.25968633913033       -1.13562995597608       -0.79829309435331
H            5.72758701567895       -1.56425483458755        0.87520121958039
H            6.67437643110716       -0.35137926465845       -0.03628550747627
H            3.54225566399603       -0.91136733375445        1.55307282575023
H            1.45286838577799       -1.41815931263028        0.53953916186687
H            1.87540744056130       -1.02342543020804       -2.18071377832144
H            0.37935690901780       -0.11424701231271       -1.91308740269671
H            0.77837426155834       -2.85318258979391       -1.39164554804961
H            0.79471271819409        1.48088883327981       -0.12341534628570
H           -1.27038232232800        2.13629464692250        0.58914541187380
H           -1.65480268230444       -0.99782909097897       -1.34012104026605
H           -3.59502640700140        0.77814577924366       -2.90983625678889
H           -3.19750180592328       -0.91938718565056       -3.28666187169432
H           -1.40203102605776        1.24573617985854       -3.35959483499951
H           -4.47983694368131        0.01686242906843       -0.75632298037909
H           -3.35281593264760       -2.56054795532034       -0.94853720106832
H           -2.47865403404730       -1.33120822206440        1.13552637859411
H           -4.89956107042454       -1.65681183597067        1.30423106641303
H           -3.59991274803920        1.50438894670717        0.99106725682015
H           -3.18976626949462        0.51152921522090        3.14524819712859
H            1.27575406612894        0.19896422159838        2.60359796453726
H            1.05610788375131        2.91446176531677        1.87845577470141
H            3.19509084716237        2.08719379519894        1.12958800616647
H            3.14300943945412        1.86490649983806        3.52078438999691
48
 energy: -84.852245265664 gnorm: 0.000774769931 xtb: 6.7.1 (edcfbbe)
C            5.68418419714458       -0.75566396316588        0.12954543050802
O            4.90888911480188        0.32841371716679        0.63488939073239
C            3.60006145866426        0.00523199113653        0.92992455992921
O            2.90906090853875       -0.20713394251328       -0.28540837801887
C            1.54535514399799       -0.54082859934151       -0.12435505952673
C            1.01033308978472       -0.91077225474122       -1.52158677214398
O            0.21829965118715       -2.06791683377032       -1.51179029557629
C            0.78646142653539        0.61610082634216        0.55467329615711
O           -0.55348231474546        0.21440308052074        0.81467246051457
C           -1.57016570013300        1.09237119815854        0.41892950504186
O           -1.87113383235147        1.02281298677044       -0.94436382404625
C           -2.42221739519842       -0.21917674800294       -1.40118146978461
C           -2.80866923713926        0.00615143574370       -2.87024987942034
O           -1.71192953855625        0.37622402073805       -3.66422525300846
C           -3.63768102684826       -0.66143213797181       -0.57688902921967
O           -4.09189193615560       -1.93427757924529       -0.95752121195517
C           -3.29928104813925       -0.62094664246269        0.92105748882457
O           -4.42676468252116       -0.91109203395326        1.71341403866476
C           -2.81331384130292        0.78672176500922        1.27061590620976
O           -2.48799561015525        0.93213647872242        2.62209351313300
C            1.46892981789590        0.99683283226747        1.88061307463572
O            0.91705923467706        2.15155424976980        2.46155785443052
C            2.98871098038222        1.17099164856671        1.71461930296213
O            3.62099276052530        1.22413153509159        2.96466662725037
H            5.25970014243240       -1.12597274189787       -0.80518121126200
H            5.72926067250965       -1.56328482111790        0.86553133272647
H            6.67495743507875       -0.34545124204215       -0.04046169347034
H            3.54447544852621       -0.91349944314977        1.55043436717188
H            1.45515837013242       -1.41799497207554        0.53793333002905
H            1.87587160829384       -1.02038150182514       -2.18219822554985
H            0.38096840606240       -0.10991474394168       -1.91238410238615
H            0.77800189067751       -2.85109045432262       -1.40493316170355
H            0.79439996763183        1.48098651019976       -0.12226978971141
H           -1.26872100605087        2.13438660910932        0.58892715802779
H           -1.65532132999365       -1.00111020337473       -1.33596348342107
H           -3.59206832482777        0.77260543754404       -2.91255550285177
H           -3.19415894651845       -0.92583931539358       -3.28498319918558
H           -1.39726044709513        1.23817286937381       -3.35861792909100
H           -4.48109778752921        0.01545119314648       -0.75879967428496
H           -3.35348924674559       -2.56213812815210       -0.94248054781043
H           -2.48621443491366       -1.33063500823186        1.14088955263017
H           -4.90506331049734       -1.65102683808456        1.30777042401237
H           -3.59808677113798        1.50799668921687        0.98736422694945
H           -3.19651934098622        0.52235041962335        3.14410608649213
H            1.27331243533430        0.19734231904309        2.60360652350322
H            1.05915649733465        2.91369104424876        1.87997488641605
H            3.19696757955388        2.08615327514978        1.13654421442952
H            3.14195656904279        1.85436391632489        3.52752830337716
48
 energy: -84.852252115279 gnorm: 0.000817391374 xtb: 6.7.1 (edcfbbe)
C            5.68487577198424       -0.75142521299318        0.12487710577509
O            4.90972888880798        0.33011793819290        0.63593984133666
C            3.60094990415909        0.00530728255593        0.92977604947161
O            2.91000114239745       -0.20423940039884       -0.28604156532498
C            1.54684192151081       -0.53963343855488       -0.12507508904510
C            1.01130645278970       -0.90910098717849       -1.52221275785779
O            0.21941746065902       -2.06673186619861       -1.51238799621662
C            0.78681319806453        0.61617283180696        0.55477130473419
O           -0.55284620770803        0.21342453490755        0.81483549960109
C           -1.56990328786633        1.09130520892926        0.41899910672738
O           -1.87072689985509        1.02113931444068       -0.94444653379415
C           -2.42218282545337       -0.22142730289017       -1.39976609939437
C           -2.80675489599658        0.00087741675769       -2.86978024421576
O           -1.70928756192970        0.36986183152155       -3.66325380972073
C           -3.63910919650758       -0.66138574883781       -0.57637466801156
O           -4.09359285699863       -1.93452601763224       -0.95563741903764
C           -3.30322521837526       -0.61873251488478        0.92216233123540
O           -4.43327567571470       -0.90278879288254        1.71303349737480
C           -2.81374716563699        0.78810477771140        1.27000886972457
O           -2.48975909330957        0.93460717622224        2.62167978824398
C            1.46886045489208        0.99610316503252        1.88128016693868
O            0.91765330823178        2.15122919139910        2.46202976800694
C            2.98926441016780        1.16858769821815        1.71785970794368
O            3.61983943763449        1.21590117363585        2.96896969331499
H            5.26006029953550       -1.11683838058760       -0.81158444677340
H            5.73010208361862       -1.56282289494507        0.85672148341982
H            6.67566650033426       -0.34046697132038       -0.04329733342562
H            3.54591096230568       -0.91515672911677        1.54780189803114
H            1.45762514364032       -1.41744457435972        0.53652992570087
H            1.87653847282237       -1.01803147878715       -2.18340784677422
H            0.38156204372412       -0.10792591024098       -1.91186346955117
H            0.77991269373447       -2.85055671853627       -1.41588223248766
H            0.79399389303858        1.48152702375618       -0.12166491180015
H           -1.26760022261152        2.13322260687886        0.58854149676899
H           -1.65563862228958       -1.00351102815709       -1.33183154904877
H           -3.59045699507987        0.76687899264494       -2.91474341163923
H           -3.19129252442619       -0.93214555054056       -3.28317091847066
H           -1.39369146944685        1.23141145649838       -3.35738839058595
H           -4.48189397725687        0.01564491871915       -0.76060629905647
H           -3.35571596394982       -2.56298980812064       -0.93858476346064
H           -2.49308102972089       -1.33086822896832        1.14490832515417
H           -4.91069046859918       -1.64546244119678        1.31149533459749
H           -3.59670930883084        1.51061111925693        0.98476290160118
H           -3.20186999486136        0.53031193901095        3.14310743716920
H            1.27146369809849        0.19637361706438        2.60365225492682
H            1.06257467951831        2.91386815279679        1.88167945217636
H            3.19961083869253        2.08573044534895        1.14367637576103
H            3.14247549920164        1.84589008423809        3.53338530150558
48
 energy: -84.852256724430 gnorm: 0.000585787446 xtb: 6.7.1 (edcfbbe)
C            5.68540169237739       -0.74725526081500        0.12077117952709
O            4.91012642847716        0.33175052019204        0.63693266404905
C            3.60140835189946        0.00538968902716        0.92968363291540
O            2.91059081504027       -0.20153657023187       -0.28658265513310
C            1.54794308895352       -0.53895873180669       -0.12565139521093
C            1.01249266074624       -0.90829100002814       -1.52292663427724
O            0.22157151270828       -2.06666432700912       -1.51259155154108
C            0.78703988490590        0.61601139003851        0.55456971138000
O           -0.55273132817639        0.21292264836131        0.81486066959717
C           -1.56970135614625        1.09072476579475        0.41882978688922
O           -1.87069730963844        1.02012591344360       -0.94469906664759
C           -2.42199736100574       -0.22307749072930       -1.39844610706617
C           -2.80497997470893       -0.00393027362372       -2.86927267373704
O           -1.70724424244361        0.36435542371665       -3.66259405654750
C           -3.64052736387368       -0.66080391487248       -0.57602180506223
O           -4.09611894004388       -1.93369299539642       -0.95497640425398
C           -3.30652707276424       -0.61686757093932        0.92291082728162
O           -4.43853330114602       -0.89554945707262        1.71280926610252
C           -2.81401702221170        0.78922759723582        1.26976568931564
O           -2.49032918204231        0.93581526566675        2.62137399430555
C            1.46849100315659        0.99565004077102        1.88155704890052
O            0.91752057821166        2.15120231858368        2.46128555062820
C            2.98954173766588        1.16633093674673        1.72102979740908
O            3.61833877673875        1.20755723474954        2.97330322037223
H            5.26093111500215       -1.10778065594970       -0.81767335857233
H            5.73018342439308       -1.56238338011239        0.84845515308153
H            6.67632265698391       -0.33550419394504       -0.04483117728854
H            3.54681387968760       -0.91670971310155        1.54532559387211
H            1.45986435532811       -1.41713315462392        0.53561327493338
H            1.87732693527207       -1.01658377579910       -2.18443800591351
H            0.38191368790487       -0.10775647552942       -1.91225110387545
H            0.78323039737594       -2.85041512887590       -1.42498048344747
H            0.79373074589166        1.48167323967177       -0.12145445599806
H           -1.26701840371839        2.13264741896458        0.58793320293808
H           -1.65574632384724       -1.00522605176617       -1.32757287090816
H           -3.58944287187602        0.76124087318921       -2.91662634442471
H           -3.18837142698000       -0.93811873201184       -3.28103354949818
H           -1.39098199961705        1.22555687100678       -3.35622555498354
H           -4.48217998648605        0.01719948332610       -0.76192458248215
H           -3.35919920769583       -2.56322187987300       -0.93581763326510
H           -2.49891997560249       -1.33109025398811        1.14802031738463
H           -4.91584483910104       -1.64034821924979        1.31526355138718
H           -3.59576635195470        1.51268284062673        0.98376349029479
H           -3.20532477550084        0.53626010076838        3.14253010792171
H            1.26925805842618        0.19621885547963        2.60366651351623
H            1.06629361608627        2.91413335482616        1.88237948260166
H            3.20225134442464        2.08539910486949        1.15087470343524
H            3.14361156601963        1.83882122050411        3.53856620187182
