48
 energy: -84.832076054467 gnorm: 0.075648857760 xtb: 6.7.1 (edcfbbe)
C            5.64102570157789        1.68311034724823       -0.84961923345325
O            4.81793489429521        0.81327019861555       -0.07897334442961
C            3.60709392161185        0.49421125608111       -0.65959433713330
O            2.74778358874069        1.61323894114520       -0.56199629979411
C            1.45744947453924        1.38440150032588       -1.09482655646871
C            0.69121888626471        2.71202422941180       -1.01800062045262
O            1.29210526095694        3.71871848173743       -1.78566948974114
C            0.72723148312992        0.27898865644159       -0.31281037693402
O           -0.51950642723921        0.04663143508599       -0.96417971766341
C           -1.66269964380736       -0.16691752865063       -0.20104649872221
O           -1.43330049799745       -1.14280631714340        0.79049160766041
C           -2.62611158305652       -1.75101800207575        1.28382407011124
C           -2.77040105415211       -3.14685879338656        0.65257617506648
O           -1.66932381007847       -3.96386164504076        0.95258913619263
C           -3.88639616311948       -0.90021034521447        1.04132996853345
O           -4.93592763826600       -1.28276979069265        1.89062339663783
C           -3.61913238294260        0.62247321819523        1.14312816397020
O           -4.63677216634714        1.33374969147019        0.48470859710971
C           -2.26543086070287        1.05521183240456        0.52335956470051
O           -1.39453556766335        1.56966951158278        1.49730500388301
C            1.58430304679237       -1.00138972105254       -0.35424527754042
O            1.06493833594782       -2.06732990324777        0.39862729353536
C            3.02843134249284       -0.70983606679290        0.09236549553506
O            3.85480621395781       -1.81275323207133       -0.16666504539410
H            5.16880460545234        2.65970686910661       -0.96480021195091
H            5.83723374303648        1.24747770416550       -1.83321579540807
H            6.56611665355038        1.77501892416312       -0.28826854803956
H            3.73470072871892        0.22154156956359       -1.72765982602860
H            1.53978186512030        1.07277236317333       -2.14724521279931
H            0.60752773868345        3.01317275723682        0.03303916284042
H           -0.30679750052904        2.56088359714962       -1.43070327411489
H            2.18818833246154        3.86341467570213       -1.44985701599936
H            0.57824159625964        0.60567114229987        0.71856810494329
H           -2.38486885153706       -0.51885950501679       -0.95141759817333
H           -2.46039911085322       -1.87790863165365        2.36101379929835
H           -2.88751645040701       -3.03803117209439       -0.43415611914284
H           -3.65283127224037       -3.64308990411041        1.05969000459032
H           -0.86361126891685       -3.52675224375082        0.63170224963981
H           -4.26863807438170       -1.09985465515533        0.03358353433915
H           -4.67387132916438       -1.19132369320786        2.81944599140950
H           -3.59917984801036        0.90828335136481        2.20797742209142
H           -5.49946220988363        1.04429103677923        0.82107200658446
H           -2.45117502228903        1.86720419672736       -0.18279406204094
H           -1.22519271535326        0.88053099986789        2.15901462698284
H            1.60167419657959       -1.36443547313151       -1.38863757094581
H            0.89637871459709       -1.76964300900020        1.30483632158144
H            3.04630659493141       -0.45736457157305        1.16452505863152
H            3.41362995107230       -2.61249800458660        0.16588655736373
48
 energy: -84.837251355358 gnorm: 0.011125196142 xtb: 6.7.1 (edcfbbe)
C            5.63845753073986        1.68559203949392       -0.84854807862671
O            4.81394530691723        0.81710783215704       -0.07790779848960
C            3.60220870752740        0.49851687195938       -0.65739746064091
O            2.73812473295131        1.61513002742666       -0.54836819829300
C            1.44414363173502        1.39385634230601       -1.07836281723083
C            0.67913463802949        2.71909520330034       -1.00494549545760
O            1.28400508777909        3.72140674405776       -1.77610452123592
C            0.73974028431645        0.24382230423428       -0.33834784194506
O           -0.51402268943384       -0.00798900035456       -0.96756448273762
C           -1.66782793288859       -0.16330032016689       -0.20613743151129
O           -1.43841517899067       -1.11803395074004        0.80874332712453
C           -2.62774381249732       -1.74189049161036        1.29046366106885
C           -2.76726032070184       -3.13818801178545        0.65564609524190
O           -1.66746933368841       -3.95714400381501        0.95495579161888
C           -3.88819203721190       -0.89475457935141        1.04170757087279
O           -4.93759036638624       -1.27814150660535        1.89074227240923
C           -3.61789178808701        0.62828576864622        1.13878356549221
O           -4.63811109549369        1.33733954224482        0.48229320421407
C           -2.26526739952445        1.06372837413180        0.51409043891032
O           -1.39303059375144        1.57534120149147        1.48876456539669
C            1.60010987411601       -1.02562203083300       -0.36630864219996
O            1.07779034192744       -2.08463159115301        0.39419401988303
C            3.03532226458568       -0.71442992610351        0.08993864750318
O            3.86854063548707       -1.81239415871286       -0.16553332235294
H            5.16731917586918        2.66251132776806       -0.96449142223982
H            5.83524461819648        1.24911429788035       -1.83170178774970
H            6.56346321795658        1.77668493948345       -0.28678266493431
H            3.72928413928407        0.23060067764515       -1.72686211218483
H            1.53338337369045        1.09428228492021       -2.13481035572168
H            0.59589763131755        3.02088420379301        0.04524215200471
H           -0.31665878220654        2.56574987031527       -1.42170853666162
H            2.18192083314691        3.86255380117565       -1.44344315591183
H            0.58688995979177        0.56857360470074        0.69482317701795
H           -2.39151650088757       -0.52647104052482       -0.94941026933365
H           -2.46637700633827       -1.87072036967121        2.36788766988235
H           -2.88397902472664       -3.03013806094752       -0.43133124427961
H           -3.64991881660477       -3.63676237619778        1.05999797363141
H           -0.86130973770413       -3.52189959210682        0.63301086152281
H           -4.26861693526158       -1.09753019941452        0.03386142501062
H           -4.67529643006005       -1.18769175507530        2.81961215882336
H           -3.59674350900581        0.91405468264573        2.20373216987444
H           -5.49945654612442        1.04638350450335        0.82087076390471
H           -2.45079220204387        1.87494531624064       -0.19212665002800
H           -1.22608016734370        0.88579945321595        2.15103548960926
H            1.62051379244197       -1.39066754313375       -1.39903045773838
H            0.90086629918555       -1.77697818096105        1.29592368895674
H            3.04572938864268       -0.46196524022812        1.16239360627062
H            3.42735816305348       -2.61386000780971        0.16341173188909
48
 energy: -84.838021265108 gnorm: 0.005934135559 xtb: 6.7.1 (edcfbbe)
C            5.63485126952703        1.69087869704764       -0.84628868952176
O            4.81045905778173        0.82249333059494       -0.07551587586572
C            3.59986871316603        0.50048375806249       -0.65528497903094
O            2.72810273006233        1.61004422311065       -0.53560016321803
C            1.43700250577525        1.38645256563713       -1.07430853767004
C            0.66632386469148        2.70736755668046       -0.98484649270248
O            1.26831204436345        3.71184026773350       -1.75567137245277
C            0.73841567159145        0.22555507175068       -0.34137943014818
O           -0.51329312169087       -0.03353640181912       -0.97192322725488
C           -1.66903779376001       -0.16725825543299       -0.20919859724607
O           -1.43989409327802       -1.10383920789764        0.82695637522393
C           -2.62829599413003       -1.73512050577166        1.29919841746485
C           -2.76243547949860       -3.12934017264785        0.65897913900189
O           -1.66323986023500       -3.94887405408309        0.95907530539964
C           -3.88785103136300       -0.88845496833390        1.04371871202620
O           -4.93993813434322       -1.26443996972899        1.89264813618899
C           -3.61480440809807        0.63519920582236        1.13061226816554
O           -4.63719165081940        1.34196604117061        0.47491487451960
C           -2.26335245935832        1.06845960700960        0.49888784417583
O           -1.38866943359768        1.58357365969412        1.46923816293097
C            1.60940372760211       -1.03518488068541       -0.38043410671945
O            1.08612018708493       -2.09527817048921        0.37717392145443
C            3.04059844292297       -0.72034679248693        0.08471244920212
O            3.88658768874801       -1.80957558729975       -0.16814491697554
H            5.16367401727042        2.66759487227477       -0.96349659059477
H            5.83271037866729        1.25338087951634       -1.82880979143661
H            6.55944677634459        1.78241896131857       -0.28391305209242
H            3.72572043237882        0.24285448289624       -1.72732942819145
H            1.53313208421823        1.10692217664583       -2.13799251316146
H            0.58316969885149        3.01001867341458        0.06525742466496
H           -0.32990319547919        2.55660166078881       -1.40152674740084
H            2.16799664732149        3.85287935262570       -1.42755296359911
H            0.58163653599512        0.53433616935434        0.69818114819710
H           -2.39388566454945       -0.53835089790769       -0.94630792817947
H           -2.47225144297529       -1.86596725238513        2.37701437332244
H           -2.87691474451148       -3.01854837582300       -0.42802842746268
H           -3.64614234559970       -3.62840592455411        1.06054529673129
H           -0.85644870725504       -3.51532632226605        0.63653023618469
H           -4.26769516574339       -1.09576432858357        0.03656844477295
H           -4.67745086301515       -1.17493869658269        2.82151000198579
H           -3.58867293914285        0.92667642883711        2.19397080823171
H           -5.49729492172851        1.05231265848268        0.81795014674740
H           -2.45288109289146        1.87806416088903       -0.20813744520103
H           -1.22067494873643        0.89605425217840        2.13355561587665
H            1.63987736032053       -1.40270706161117       -1.41236582056842
H            0.90243434396523       -1.78728296743967        1.27762982144104
H            3.04266217447302       -0.47046770454064        1.15788214163946
H            3.44953856022940       -2.61526393662127        0.15624731151111
48
 energy: -84.838423395598 gnorm: 0.005701623191 xtb: 6.7.1 (edcfbbe)
C            5.63002811317418        1.69858729413033       -0.84320574891727
O            4.80700005989124        0.82920483834399       -0.07224384102481
C            3.59755984060479        0.50317958262215       -0.65173673752852
O            2.71846006444897        1.60519146856350       -0.52086437287944
C            1.43091943225737        1.37715999732193       -1.06807812735342
C            0.65157749055723        2.69218191315552       -0.96342261023514
O            1.24610172663964        3.70571087643563       -1.72933475467459
C            0.73576955263378        0.20929384030421       -0.34249022866672
O           -0.51252899113099       -0.05294859568088       -0.97894274636687
C           -1.66545880334550       -0.17600605099304       -0.21065128578267
O           -1.43872683689117       -1.09493884995334        0.84524635619377
C           -2.62834659842015       -1.72863086520447        1.30822330689534
C           -2.75774607581760       -3.12018822610983        0.66271203996661
O           -1.65851196313469       -3.93918133433074        0.96410617160855
C           -3.88637445407148       -0.88008054761083        1.04730719288563
O           -4.94170952710555       -1.24282183917095        1.89803109149777
C           -3.60951698128909        0.64402073934200        1.12068379930185
O           -4.63361892512788        1.34713724321762        0.46367419162668
C           -2.25917139334757        1.07028359808987        0.47951922724398
O           -1.38294093333830        1.59668464953390        1.44190684900367
C            1.61600238973367       -1.04627026748830       -0.39345617098096
O            1.09272049159731       -2.11370923234643        0.35503996113743
C            3.04434130292702       -0.72626243778012        0.07886523649544
O            3.90310107004537       -1.80551298468491       -0.17506853739453
H            5.15774194252831        2.67472493161286       -0.96145492802212
H            5.82911945486465        1.26056183313762       -1.82525185725936
H            6.55415960242235        1.79180642539106       -0.28035790734643
H            3.72165766933075        0.25724744290926       -1.72663372585107
H            1.53103084229222        1.11327798002036       -2.13550835109909
H            0.57041783032553        2.98803640759957        0.08867534102214
H           -0.34625213302379        2.54202529306206       -1.37675907123582
H            2.14733290162156        3.84643555438359       -1.40527374070509
H            0.57705775144214        0.50060780043937        0.70182069419252
H           -2.39226697233780       -0.55780985013896       -0.93907766836426
H           -2.47784720112577       -1.86229024169093        2.38631658597260
H           -2.86833614827049       -3.00515208119171       -0.42416959505220
H           -3.64257361061722       -3.62054858458110        1.06017008928588
H           -0.85132475072183       -3.50780278421917        0.63951839015516
H           -4.26708735420367       -1.09427098234788        0.04185062094090
H           -4.67806302582740       -1.15336633430872        2.82649357625860
H           -3.57726999906737        0.94531744535942        2.18127431651515
H           -5.49267413700437        1.06024866546858        0.81184690289772
H           -2.45370298753426        1.87370753784162       -0.23327982775443
H           -1.21051628725979        0.91394332261437        2.11024627430209
H            1.65557026785115       -1.41028474664410       -1.42650177493718
H            0.90116843847509       -1.80970050800400        1.25528834918454
H            3.03915942409279       -0.48191423046982        1.15330799761429
H            3.47439385157338       -2.61672882719941        0.14654032727254
48
 energy: -84.838639576766 gnorm: 0.003824034297 xtb: 6.7.1 (edcfbbe)
C            5.62438693533301        1.70599575734376       -0.83935093924172
O            4.80371894541013        0.83431672805470       -0.06850566778364
C            3.59532391859523        0.50538604214589       -0.64802467980706
O            2.71147946541806        1.60210032194453       -0.50980622556989
C            1.42720511374004        1.36954825505906       -1.06261392030351
C            0.63875486972076        2.67854148290505       -0.94571088159051
O            1.22364957746210        3.70409527464216       -1.70404113736835
C            0.73449690339557        0.19899270731092       -0.34225469742792
O           -0.51101388016075       -0.06660710121694       -0.98275515028232
C           -1.66032420187209       -0.18658146449223       -0.21010360948667
O           -1.43661302697244       -1.09264346069565        0.85815635249523
C           -2.62866527662947       -1.72413105351909        1.31536287243374
C           -2.75548035669433       -3.11345216227819        0.66563714681816
O           -1.65552835807751       -3.93114789178868        0.96790651152005
C           -3.88473099972559       -0.87194103420761        1.05169769023362
O           -4.94104474526659       -1.22067312456557        1.90718514584738
C           -3.60343694549187        0.65209307431594        1.11119501212172
O           -4.62832293994238        1.35173880505735        0.45183023000215
C           -2.25423314856449        1.06959060036244        0.46155769092062
O           -1.37774556794467        1.61182186299206        1.41487631750733
C            1.62058818317819       -1.05455350387780       -0.40325491583654
O            1.09796507238216       -2.13118982218026        0.33422696506803
C            3.04712662275189       -0.73141960122999        0.07460811581524
O            3.91418984550699       -1.80269919789199       -0.18464600361269
H            5.14976345397094        2.68110804188410       -0.95801623241403
H            5.82499820287397        1.26849840733809       -1.82130909813284
H            6.54803497099180        1.80200173955756       -0.27618618154784
H            3.71855450726509        0.26778005019558       -1.72474932227477
H            1.52907803652160        1.11261651314487       -2.13010998972051
H            0.55894870898430        2.96376128600157        0.10947345902953
H           -0.35992888996348        2.52556239388902       -1.35580269020547
H            2.12510514007272        3.84578200060990       -1.38131175195417
H            0.57536855884612        0.47852934422038        0.70369057086603
H           -2.38849719952194       -0.57961337568257       -0.93077041982910
H           -2.48153106958908       -1.86026075220402        2.39350458334953
H           -2.86254570267444       -2.99480878647986       -0.42109064483695
H           -3.64064547178023       -3.61613058545238        1.05908085755684
H           -0.84858307389706       -3.50217082679072        0.63921838107132
H           -4.26857591021168       -1.09327345503817        0.04888149749914
H           -4.67470043000437       -1.12870771808827        2.83457701623742
H           -3.56592421988440        0.96347910331949        2.16870593783134
H           -5.48675436597835        1.06778434968328        0.80398820644115
H           -2.45180096162269        1.86246654901470       -0.26240684079524
H           -1.19920911240234        0.93603439445147        2.08893881332202
H            1.66460897260133       -1.41055696756090       -1.43890658676454
H            0.89926859303857       -1.83385687707993        1.23519638701177
H            3.03777479752605       -0.49406673598223        1.15058128985608
H            3.49527188037055       -2.61898330809111        0.13655181565757
48
 energy: -84.838752163474 gnorm: 0.002723824706 xtb: 6.7.1 (edcfbbe)
C            5.61922823215243        1.71260028674995       -0.83468868822855
O            4.80187226585291        0.83682536706511       -0.06496426832678
C            3.59438246892079        0.50628553987625       -0.64519353000149
O            2.70815263763946        1.60020334434517       -0.50390933188411
C            1.42596082384252        1.36491233155253       -1.05886983623018
C            0.63033147882356        2.66915714925736       -0.93473239193272
O            1.20684535262376        3.70566015955205       -1.68468509873096
C            0.73535898272318        0.19389563524392       -0.34092412907400
O           -0.50849303880825       -0.07503945749756       -0.98279434573129
C           -1.65557311719596       -0.19605084014241       -0.20871044209698
O           -1.43442279236473       -1.09498353010418        0.86432469779201
C           -2.62928922977095       -1.72183796561958        1.31998877331378
C           -2.75644316698232       -3.11005047199705        0.66815652273690
O           -1.65566062689127       -3.92678270915409        0.97025875914099
C           -3.88363462545617       -0.86583215414322        1.05621379462347
O           -4.93793781775731       -1.20327225554531        1.91869540147198
C           -3.59869614574974        0.65779221152201        1.10388821581661
O           -4.62357431008330        1.35488270962906        0.44196616799727
C           -2.25086460746075        1.06687148303601        0.44782205900108
O           -1.37491179392186        1.62493317050475        1.39268852965626
C            1.62389322758688       -1.05920281912167       -0.40896060545649
O            1.10148010824351       -2.14323556683515        0.31872706248632
C            3.04970925839438       -0.73584025816837        0.07156690265802
O            3.92010484350352       -1.80204021726288       -0.19566406010418
H            5.14064898273739        2.68600740289319       -0.95265061668239
H            5.82160864305820        1.27691773357519       -1.81706766724641
H            6.54235533731734        1.81208026309617       -0.27128409345600
H            3.71798699047174        0.27267066983546       -1.72259769194409
H            1.52825556263631        1.10950583089423       -2.12530835303823
H            0.54964001420862        2.94411448374234        0.12319844783636
H           -0.36784684653272        2.51166648811914       -1.34395203356836
H            2.10688308108727        3.85019919239675       -1.35973717265479
H            0.57678681396209        0.46813023155405        0.70493225952704
H           -2.38383956753055       -0.59725420327681       -0.92496839316757
H           -2.48314999915059       -1.85950458121632        2.39798780230249
H           -2.86185651655042       -2.98937379206845       -0.41840930441650
H           -3.64123182212364       -3.61481786666657        1.05927207336691
H           -0.84948144189393       -3.50035314047686        0.63611697701198
H           -4.27250789773173       -1.09321544486747        0.05662647331150
H           -4.66773578226840       -1.10571349430656        2.84441557620557
H           -3.55758805876043        0.97716419782673        2.15875189161305
H           -5.48184052522013        1.07338836983351        0.79634348029847
H           -2.44937901024921        1.84779982273487       -0.28908750214773
H           -1.19075506905402        0.95724500568809        2.07342224685436
H            1.66820505980365       -1.40573934357243       -1.44770459293487
H            0.89766640234818       -1.85299151548365        1.22084820399496
H            3.03953616326191       -0.50569325802764        1.14897727511067
H            3.50964649921033       -2.62192791558882        0.12657583438536
48
 energy: -84.838806021027 gnorm: 0.002193502683 xtb: 6.7.1 (edcfbbe)
C            5.61563700026251        1.71809823558563       -0.82965065417561
O            4.80173839411527        0.83703376494329       -0.06222179862044
C            3.59503134635598        0.50591291045306       -0.64379932542967
O            2.70806236442828        1.59901130001819       -0.50231126406922
C            1.42658027489585        1.36313281228640       -1.05722938551757
C            0.62715089287751        2.66493758913820       -0.93079998677303
O            1.19952063531184        3.70773874329953       -1.67422810136776
C            0.73726218602555        0.19203524685113       -0.33975210305318
O           -0.50605250302683       -0.07922152735745       -0.98127124666394
C           -1.65293784966004       -0.20231689201487       -0.20795259998039
O           -1.43298819670363       -1.09886815774393        0.86503387411201
C           -2.62996201865317       -1.72135920498279        1.32240611698777
C           -2.75982453969246       -3.10955055439808        0.67057443952920
O           -1.65869904245188       -3.92651260979805        0.97123028465627
C           -3.88336455765617       -0.86288450114720        1.06009805370489
O           -4.93381817262051       -1.19385399698135        1.92967096113037
C           -3.59629943039919        0.66031980488981        1.09945848211460
O           -4.62108352894519        1.35583623484009        0.43576932743117
C           -2.24986378123794        1.06384020012143        0.43961049503229
O           -1.37453956353237        1.63315503453467        1.37838957628921
C            1.62609958682768       -1.06095354040500       -0.41128333780682
O            1.10361041786520       -2.14857281149476        0.31058966191216
C            3.05212938950204       -0.73930499316011        0.06924831710814
O            3.92245707566592       -1.80315962257939       -0.20593808088172
H            5.13236143644988        2.68944228574196       -0.94584425104165
H            5.82010999863590        1.28532296468444       -1.81288612676590
H            6.53811484462293        1.82085698368994       -0.26581679565544
H            3.72008324365222        0.27331864731749       -1.72125847901821
H            1.52883282143252        1.10711286761479       -2.12317357928478
H            0.54314437496625        2.93379341552243        0.12843178368252
H           -0.36947585552361        2.50377569428018       -1.34209477044500
H            2.09696742586691        3.85660519266068       -1.34433279892407
H            0.57953319605931        0.46579822476659        0.70577616544118
H           -2.38021826828568       -0.60707016989003       -0.92369277751244
H           -2.48295470422028       -1.85932551508899        2.40016533995738
H           -2.86616020080050       -2.98856085889796       -0.41582036315574
H           -3.64397196749500       -3.61476497681728        1.06214120221224
H           -0.85341306417906       -3.50240900994937        0.63197603623525
H           -4.27744891084338       -1.09444901042827        0.06351356329614
H           -4.65980507632833       -1.08879216225581        2.85354289159785
H           -3.55329117686146        0.98457110236771        2.15259937565774
H           -5.47942471986686        1.07613951307560        0.79122696740174
H           -2.44849952543456        1.83552347208056       -0.30697049978030
H           -1.18748553140051        0.97273897527339        2.06527802822943
H            1.66889660689434       -1.40071072069952       -1.45226465003927
H            0.89730719063789       -1.86327118320204        1.21365633820637
H            3.04367021704787       -0.51505395934229        1.14778497683564
H            3.51710668621920       -2.62492895772606        0.11732199644793
48
 energy: -84.838841188045 gnorm: 0.001537405005 xtb: 6.7.1 (edcfbbe)
C            5.61266681642186        1.72422742192879       -0.82334359547588
O            4.80247496080495        0.83645351319224       -0.05955568363570
C            3.59670868141241        0.50503364827911       -0.64314665302837
O            2.70926755561647        1.59776975881328       -0.50206488937865
C            1.42800573881182        1.36225361815081       -1.05676849780841
C            0.62661863201477        2.66297917465546       -0.93021595415730
O            1.19813714563177        3.70936070264586       -1.66791219264480
C            0.73937694969083        0.19059355359676       -0.33931351075650
O           -0.50374190596418       -0.08235042825438       -0.98027002407804
C           -1.65168013478435       -0.20713459494245       -0.20844354673423
O           -1.43207315986562       -1.10289372137220        0.86342556908703
C           -2.63045478259983       -1.72162589779536        1.32419768488316
C           -2.76483094639213       -3.11034304381474        0.67372834829668
O           -1.66401710520201       -3.92887354450176        0.97164817261138
C           -3.88340374199761       -0.86160675330263        1.06416764334435
O           -4.92899518495444       -1.18828597044595        1.94115750353714
C           -3.59512169405844        0.66130492561219        1.09618598430415
O           -4.62021008843554        1.35517561557237        0.43111726096578
C           -2.25016170376131        1.06096214417538        0.43318792392296
O           -1.37516808087240        1.63901803903926        1.36676504137302
C            1.62806619710462       -1.06206626919633       -0.41273316299130
O            1.10553139265296       -2.15115318431261        0.30581430364335
C            3.05485226179017       -0.74266186470341        0.06648381386679
O            3.92411429623847       -1.80510989925151       -0.21689294266743
H            5.12387692670947        2.69308678582155       -0.93698653009707
H            5.82010699341851        1.29548956223378       -1.80776551103164
H            6.53411208732293        1.83034948698202       -0.25851250337607
H            3.72395121626526        0.27305664718922       -1.72062704151183
H            1.53046506900443        1.10573816751812       -2.12286535748157
H            0.53740202288272        2.92812726422024        0.12947598455677
H           -0.36789079740459        2.49950992590455       -1.34573238695355
H            2.09216175936231        3.86356403828061       -1.33112636442325
H            0.58229120072131        0.46537310484246        0.70621893178172
H           -2.37747786659468       -0.61316820709344       -0.92560142477412
H           -2.48142473165160       -1.85906636419469        2.40164865416484
H           -2.87420618914851       -2.98999219129819       -0.41242940155453
H           -3.64838956626875       -3.61422276124849        1.06813782233483
H           -0.85954914461792       -3.50725183818862        0.62760372784407
H           -4.28291040033180       -1.09687947254132        0.07064474485779
H           -4.65109807017134       -1.07387891212239        2.86290145252059
H           -3.55074869484258        0.98960058363244        2.14795424538968
H           -5.47859853705941        1.07733723619058        0.78785213509504
H           -2.44939000409696        1.82540053674398       -0.32045044926087
H           -1.18742267712794        0.98586612544467        2.06012098720028
H            1.66943482683798       -1.39758183761249       -1.45515715128077
H            0.89772442370389       -1.86905916586335        1.20948061746571
H            3.04939849117520       -0.52412951166254        1.14612978814306
H            3.52204498335298       -2.62813986695205        0.10676771292892
48
 energy: -84.838872010641 gnorm: 0.001712049076 xtb: 6.7.1 (edcfbbe)
C            5.60876146283706        1.73471343335413       -0.81195159841325
O            4.80381976609960        0.83559889381429       -0.05550270866736
C            3.59980681163086        0.50379816745019       -0.64296287602002
O            2.71119605186008        1.59558263897496       -0.50176852766665
C            1.43034869169549        1.36089978369808       -1.05748859904979
C            0.62799922754413        2.66146382627916       -0.93222635443230
O            1.20265197645577        3.71033825172269       -1.66241322811483
C            0.74177684142396        0.18782348446717       -0.34043214159570
O           -0.50113017569676       -0.08658742311382       -0.98117345141950
C           -1.65137219410353       -0.21259752039797       -0.21127744564979
O           -1.43135767234511       -1.10793686768971        0.85940657907675
C           -2.63044309998841       -1.72236325527897        1.32652922858967
C           -2.77330110669428       -3.11226851726566        0.67965548407030
O           -1.67400919104051       -3.93486183987766        0.97218266099335
C           -3.88332514252422       -0.86121640893252        1.07043321478265
O           -4.92165176589639       -1.18350153268994        1.95777445215858
C           -3.59442991657825        0.66148749723784        1.09250741634873
O           -4.62064570939223        1.35234863412422        0.42567856022556
C           -2.25147989168627        1.05749944083428        0.42492580906169
O           -1.37614326038549        1.64507001997388        1.35177630080126
C            1.63065474939357       -1.06397622173382       -0.41517907840955
O            1.10853229313192       -2.15335729648109        0.30166233194002
C            3.05906330668634       -0.74746251865945        0.06113524936623
O            3.92676318219878       -1.80833071511432       -0.23382853705160
H            5.11144634806213        2.69964319877281       -0.92115307035713
H            5.82207765974459        1.31333473748474       -1.79839917190293
H            6.52791217985168        1.84556621015593       -0.24438019158141
H            3.73081845605625        0.27393565800765       -1.72073602424025
H            1.53404752079672        1.10471374078391       -2.12422841212169
H            0.52987632381473        2.92334291724684        0.12745773501424
H           -0.36321727909417        2.49743937586636       -1.35575185581213
H            2.09126310649987        3.87185072585870       -1.31443007837309
H            0.58497223174787        0.46382510947171        0.70555421540799
H           -2.37514813733686       -0.61884326323128       -0.93120902769639
H           -2.47713951495178       -1.85809891279957        2.40347195877637
H           -2.88949545971174       -2.99393241190189       -0.40605945927622
H           -3.65634404311918       -3.61166274121788        1.08109361291150
H           -0.87027978281287       -3.51690062479834        0.62257812923674
H           -4.29037269459336       -1.10150287637304        0.08124116536642
H           -4.63858279457255       -1.05426418790931        2.87619131365187
H           -3.54834420841583        0.99549301231546        2.14247596255679
H           -5.47891369777173        1.07776980624221        0.78528214386508
H           -2.45290801831514        1.81460628033108       -0.33516107852077
H           -1.19043021150860        1.00216039346097        2.05484162228094
H            1.67085188193257       -1.39719072581026       -1.45848996317496
H            0.89925371455055       -1.87331472552849        1.20558276569402
H            3.05874870847951       -0.53708408245835        1.14236711900364
H            3.52764789676284       -2.63289428816097        0.08929912698317
48
 energy: -84.838891575770 gnorm: 0.001283406791 xtb: 6.7.1 (edcfbbe)
C            5.60712929023768        1.74057402359406       -0.80472043173120
O            4.80364287658174        0.83578337142316       -0.05347619894241
C            3.60085027159460        0.50388319348835       -0.64356879843613
O            2.71092967822222        1.59432480440906       -0.50093280635884
C            1.43087451950016        1.35960726262959       -1.05904150220485
C            0.62952771738355        2.66103878621321       -0.93504899905307
O            1.20891130886700        3.70909082674090       -1.66304189272680
C            0.74151912641105        0.18591093799112       -0.34288288573533
O           -0.50126690410638       -0.08813131394875       -0.98427645664658
C           -1.65216837290145       -0.21356917315638       -0.21418576780452
O           -1.43138506649678       -1.10897595034283        0.85689166095381
C           -2.62942375626990       -1.72253043219289        1.32733427604773
C           -2.77681138586127       -3.11320223240885        0.68337756907883
O           -1.67915057745552       -3.93862916226228        0.97340732201209
C           -3.88267967392165       -0.86165058325565        1.07297464517451
O           -4.91891826698530       -1.18308252855173        1.96314143072955
C           -3.59438203734504        0.66104917290858        1.09186877556070
O           -4.62151963030844        1.34996081053666        0.42428243720881
C           -2.25186988013682        1.05689641175814        0.42239360771499
O           -1.37557468265837        1.64521434295795        1.34748803394740
C            1.63114217725289       -1.06542062878665       -0.41747096426240
O            1.10990658946217       -2.15408740756899        0.30125415107046
C            3.06045400617528       -0.74916092441941        0.05731526933730
O            3.92798759269512       -1.80948483892690       -0.24136599261781
H            5.10657874265344        2.70395480282765       -0.91154845612435
H            5.82438232347952        1.32365105564162       -1.79218058407856
H            6.52441547013943        1.85266550947711       -0.23441518524166
H            3.73368764014531        0.27689596850762       -1.72176744671988
H            1.53633838117701        1.10429815916708       -2.12582876142444
H            0.52817343158847        2.92285175163376        0.12426914994988
H           -0.36058419412055        2.49964158107813       -1.36226559591503
H            2.09574828716294        3.87092509393687       -1.31117367149430
H            0.58413290327471        0.46095949243210        0.70344929466112
H           -2.37598104713613       -0.61932914928451       -0.93431886937945
H           -2.47351915388666       -1.85685073687527        2.40409027933886
H           -2.89695501190512       -2.99672071896033       -0.40212437890182
H           -3.66006650850576       -3.60883048682775        1.08938930691740
H           -0.87501551447046       -3.52199461426756        0.62356763864559
H           -4.29180713712700       -1.10344759881210        0.08511721102637
H           -4.63467424313015       -1.04874573212738        2.88021127714257
H           -3.54779695730871        0.99745241175311        2.14111614127031
H           -5.47941876356513        1.07740956168507        0.78637573840774
H           -2.45520428741996        1.81416912248298       -0.33699359582012
H           -1.19324085285848        1.00550625086145        2.05410661052469
H            1.67136046962799       -1.40078322360804       -1.46017460312507
H            0.90071086559571       -1.87257791529966        1.20475519215464
H            3.06204313523070       -0.54174581606519        1.13906587754562
H            3.52879252220298       -2.63460725742972        0.08046222669012
48
 energy: -84.838910057756 gnorm: 0.000740241086 xtb: 6.7.1 (edcfbbe)
C            5.60426633494843        1.74885792006455       -0.79341127753240
O            4.80205108965243        0.83619983924711       -0.05033952170830
C            3.60113349691031        0.50460266335581       -0.64460156879054
O            2.70914599348787        1.59274798950130       -0.49936067946870
C            1.43073195971011        1.35745508646131       -1.06146648607156
C            0.63081637915464        2.65994665964817       -0.93929981655146
O            1.21671781228407        3.70681261250742       -1.66489020843660
C            0.74037893728510        0.18355896525285       -0.34682786883472
O           -0.50231512927206       -0.08986126300399       -0.98904582801946
C           -1.65298796988162       -0.21477490276843       -0.21809201041316
O           -1.43101349656329       -1.11049978475552        0.85330259824046
C           -2.62753395139357       -1.72228281121036        1.32831842749541
C           -2.78055709263544       -3.11424573016474        0.68886415091229
O           -1.68512424726743       -3.94286415387125        0.97714299848503
C           -3.88128080044896       -0.86166100739684        1.07566838829520
O           -4.91578965162079       -1.18186339186425        1.96846537553477
C           -3.59349504862170        0.66094764408921        1.09102824411234
O           -4.62139693620161        1.34742171357780        0.42205447492414
C           -2.25114673448705        1.05615312880411        0.41968563090537
O           -1.37325722132085        1.64409956853930        1.34333311681473
C            1.63097625747011       -1.06750435973420       -0.42156126075216
O            1.11146953565166       -2.15559738024588        0.30023748894642
C            3.06137810049654       -0.75131344837523        0.05128353418214
O            3.92876829921973       -1.81074348771882       -0.25215216796540
H            5.09996965655191        2.71064236024747       -0.89669512139762
H            5.82749064691618        1.33873027281091       -1.78236921752630
H            6.51865445058468        1.86182983744362       -0.21859576333910
H            3.73648655933948        0.28249222146292       -1.72340469509917
H            1.53935436346869        1.10263724498927       -2.12770094799770
H            0.52672720156870        2.92167864582148        0.11968850332603
H           -0.35814823143537        2.50236901631622       -1.37046175440327
H            2.10263272793646        3.86570317773219       -1.30974200309583
H            0.58216081901733        0.45659480985104        0.69965704590297
H           -2.37783468565099       -0.62034833358112       -0.93697891822459
H           -2.46835816350419       -1.85433431645491        2.40498331278616
H           -2.90476627557728       -3.00085053846916       -0.39654889000471
H           -3.66428631802622       -3.60505885068434        1.10005667227225
H           -0.88001129535355       -3.52773439224803        0.62785263153600
H           -4.29217232821105       -1.10516220245408        0.08895839870320
H           -4.63048432854402       -1.04300943008208        2.88435112417639
H           -3.54655909840640        1.00044172183462        2.13923774640054
H           -5.47872925851729        1.07796376582334        0.78777431405806
H           -2.45607876294190        1.81442951661131       -0.33865808508577
H           -1.19580839755179        1.00750032484480        2.05391915549016
H            1.67007182484187       -1.40552333246263       -1.46349719090474
H            0.90335976155219       -1.87179295535678        1.20327122763263
H            3.06475813691909       -0.54798130307709        1.13382053220665
H            3.52946049936852       -2.63665304976095        0.06764746626678
48
 energy: -84.838921145110 gnorm: 0.000770165436 xtb: 6.7.1 (edcfbbe)
C            5.60143935280929        1.75555536896042       -0.78294726787817
O            4.80008521856241        0.83631632252469       -0.04713850678035
C            3.60089240654260        0.50527553346805       -0.64532667270999
O            2.70733875884008        1.59168182799247       -0.49836100533826
C            1.43028487714089        1.35583000437743       -1.06344081472367
C            0.63094973495472        2.65875209876105       -0.94302767758255
O            1.22073655807451        3.70503495658818       -1.66692750482580
C            0.73947661992653        0.18185972259138       -0.34992343951762
O           -0.50327933830886       -0.09116529335218       -0.99243575931903
C           -1.65320854228905       -0.21604655359176       -0.22068707827557
O           -1.43035262343048       -1.11227567932752        0.85049192811685
C           -2.62619266069362       -1.72175600864702        1.32929079823456
C           -2.78272700590369       -3.11506784457176        0.69374052377053
O           -1.68868540597944       -3.94532664071025        0.98214197377141
C           -3.87996534861925       -0.86087105473313        1.07743152017438
O           -4.91342399688196       -1.17996680546629        1.97183993044738
C           -3.59229102393260        0.66165969197607        1.09014019832694
O           -4.62016057509369        1.34682742485477        0.41974549307186
C           -2.24987514395108        1.05526229926131        0.41795571060578
O           -1.37077679092566        1.64226908234261        1.34104947638345
C            1.63040372829904       -1.06913998035842       -0.42543050689598
O            1.11207823575574       -2.15713832968144        0.29797686426746
C            3.06149128118565       -0.75330734121388        0.04591303130363
O            3.92873494530012       -1.81169314249233       -0.26176202574035
H            5.09420509187564        2.71615168170479       -0.88290497174080
H            5.82940176352789        1.35144019636841       -1.77325490500338
H            6.51342553443318        1.86879454964151       -0.20436379755619
H            3.73868146339781        0.28702866870074       -1.72452844630033
H            1.54148843759470        1.10099688245028       -2.12925708128919
H            0.52502596157812        2.92048209499936        0.11572271106537
H           -0.35711558610709        2.50313321473569       -1.37672192144097
H            2.10688270900725        3.86006537902559       -1.31064617327363
H            0.58086784185970        0.45368003479836        0.69663195733090
H           -2.37919335889730       -0.62138158502864       -0.93840074586970
H           -2.46494210646281       -1.85167188366853        2.40597147293475
H           -2.90875984260636       -3.00428178894831       -0.39176587104847
H           -3.66684406242057       -3.60277227871735        1.10783769580098
H           -0.88289811687079       -3.53138344553881        0.63294436848189
H           -4.29201574087362       -1.10557534587455        0.09148985569530
H           -4.62721951308795       -1.03931296014182        2.88712377590902
H           -3.54529807932246        1.00323894267775        2.13760756793005
H           -5.47722938975398        1.07998055268654        0.78789388981297
H           -2.45452905720396        1.81408474714217       -0.33998203489815
H           -1.19644974277780        1.00717878425749        2.05365002972382
H            1.66789204759748       -1.40789931528507       -1.46714612891980
H            0.90565492757895       -1.87239050038521        1.20108761570874
H            3.06597381168310       -0.55358371850828        1.12913759998745
H            3.52984716589422       -2.63841628527371        0.05646562571135
48
 energy: -84.838933257590 gnorm: 0.000788943929 xtb: 6.7.1 (edcfbbe)
C            5.59803820278569        1.76221619455585       -0.77097542348157
O            4.79741243455752        0.83608156469296       -0.04316163579057
C            3.60029037589560        0.50586172031469       -0.64602273574198
O            2.70532951258180        1.59076635259255       -0.49797564609041
C            1.42961016170998        1.35429922568449       -1.06574103826578
C            0.63008114365165        2.65712757023230       -0.94700313306405
O            1.22230865450213        3.70316483786879       -1.66957221618711
C            0.73862789460394        0.18024765636472       -0.35318922599080
O           -0.50445354216693       -0.09235266337133       -0.99544441116128
C           -1.65323197460358       -0.21733030802410       -0.22268144088338
O           -1.42947284312545       -1.11410488052388        0.84799991557054
C           -2.62517081664072       -1.72063631130015        1.33061058396686
C           -2.78418055189433       -3.11556127677445        0.69919382956529
O           -1.69102370985255       -3.94630865869587        0.98943238521114
C           -3.87887404514546       -0.85963153413527        1.07861548476201
O           -4.91166467048971       -1.17738466277751        1.97424803499195
C           -3.59057901286187        0.66281916625908        1.08906278892039
O           -4.61777808082021        1.34726747435068        0.41692555826981
C           -2.24784377155170        1.05446176056756        0.41697250670646
O           -1.36748605907106        1.63965688431547        1.34024150171764
C            1.62959877637352       -1.07069824951028       -0.43011573957998
O            1.11220996297736       -2.15901738608967        0.29379904039855
C            3.06115182724187       -0.75560912443177        0.04021153224074
O            3.92841455406550       -1.81255021911699       -0.27211955505147
H            5.08802988754049        2.72179074532268       -0.86685325066368
H            5.83060551981768        1.36482275620130       -1.76288283288428
H            6.50765548052584        1.87503847307735       -0.18860846212413
H            3.74122175584764        0.29142209685863       -1.72553772728481
H            1.54325513269342        1.09920718909726       -2.13118848972239
H            0.52239271019357        2.91898808068937        0.11156260705070
H           -0.35709179746334        2.50207365609162       -1.38273870248906
H            2.10957023262836        3.85341044247092       -1.31383420121218
H            0.58018133196382        0.45118903151762        0.69348042411805
H           -2.38057807424588       -0.62233068734887       -0.93919130935778
H           -2.46241506659044       -1.84789848476699        2.40743865412722
H           -2.91054769156898       -3.00772433527884       -0.38658412968860
H           -3.66864233048625       -3.60099355429822        1.11508435648693
H           -0.88481346371951       -3.53378596785254        0.63938549005192
H           -4.29165895494248       -1.10545797706274        0.09321348720056
H           -4.62440231895209       -1.03686668296600        2.88925327541332
H           -3.54390283919103        1.00627521029563        2.13587902425599
H           -5.47488754281752        1.08326310119915        0.78689844940234
H           -2.45098918459996        1.81386837754148       -0.34082249371230
H           -1.19510611514693        1.00463657807047        2.05330165412299
H            1.66531050900041       -1.40900080425846       -1.47199630210958
H            0.90822026710805       -1.87442839671761        1.19751644722014
H            3.06645406634064       -0.55975269497425        1.12418150750620
H            3.53064948452294       -2.64037500431976        0.04463284051349
48
 energy: -84.838947772765 gnorm: 0.000772166432 xtb: 6.7.1 (edcfbbe)
C            5.59359701719205        1.77075338292653       -0.75433646954524
O            4.79382310289434        0.83562987700090       -0.03720477452124
C            3.59974937612470        0.50637786763239       -0.64679534633511
O            2.70309560914875        1.58971629800435       -0.49865347368149
C            1.42890433211855        1.35236855366032       -1.06927377895663
C            0.62832126548065        2.65458379875158       -0.95273194983783
O            1.22185267857136        3.70098908396821       -1.67375301028980
C            0.73801350302125        0.17812341788532       -0.35748926915145
O           -0.50578860664746       -0.09362271263368       -0.99874196291435
C           -1.65308180198315       -0.21869477104701       -0.22444005066635
O           -1.42840110964222       -1.11631501882711        0.84520538820027
C           -2.62432367655980       -1.71884864120664        1.33263848617896
C           -2.78528019120556       -3.11614919592883        0.70691515481685
O           -1.69273504214592       -3.94670580462393        1.00043611466985
C           -3.87752685403946       -0.85737638745791        1.07994886196801
O           -4.90984389051455       -1.17344422584898        1.97656625179451
C           -3.58874956996328        0.66508038349603        1.08785457100867
O           -4.61450665425247        1.34905746329199        0.41295923948178
C           -2.24519363761303        1.05356591046392        0.41656070080170
O           -1.36355750634908        1.63561295733048        1.34084190995825
C            1.62855921165143       -1.07287459830369       -0.43690594674807
O            1.11177252927824       -2.16208384163901        0.28614634192412
C            3.06048248193227       -0.75882705330119        0.03263820169927
O            3.92798299382235       -1.81365336849773       -0.28566534317125
H            5.08014518743717        2.72910879255071       -0.84422355588777
H            5.83150607573748        1.38249594465166       -1.74858299318786
H            6.50044102945700        1.88236984006962       -0.16742500410453
H            3.74558984667282        0.29616667870890       -1.72647992001774
H            1.54515763704045        1.09694786427102       -2.13438698971753
H            0.51813204211223        2.91652313549614        0.10563152037813
H           -0.35771972669211        2.49879840450394       -1.39071112105006
H            2.11087613996807        3.84593972624167       -1.31990845105256
H            0.58057188462897        0.44835257997903        0.68945510366416
H           -2.38215047678427       -0.62271331976070       -0.93977660092702
H           -2.46001938390553       -1.84226995362376        2.40971448053818
H           -2.91129080144753       -3.01219007529131       -0.37926739414822
H           -3.67014481260733       -3.59925993857553        1.12448166629600
H           -0.88645285640291       -3.53643099802208        0.64782839558508
H           -4.29093433063025       -1.10448693452414        0.09513506960659
H           -4.62119105364402       -1.03464109891588        2.89146887814340
H           -3.54301882353085        1.01037660441018        2.13404935000805
H           -5.47206580914738        1.08856904899280        0.78422042474829
H           -2.44561996665749        1.81404730937094       -0.34080651897070
H           -1.19201053402657        0.99901792966816        2.05267991175566
H            1.66258448157176       -1.40940079836227       -1.47938528137675
H            0.91135817083930       -1.87906121572139        1.19117598275062
H            3.06643461812790       -0.56829530774892        1.11758137361395
H            3.53248132297640       -2.64307131150120        0.02971310339169
48
 energy: -84.838960455696 gnorm: 0.000695311094 xtb: 6.7.1 (edcfbbe)
C            5.58888420262008        1.77981063960948       -0.73504953590330
O            4.78982761652498        0.83496286444855       -0.02987908762331
C            3.59953692603789        0.50660168933966       -0.64751425496460
O            2.70113911275062        1.58859017796686       -0.50045703597549
C            1.42851602384095        1.35017390281810       -1.07393840285552
C            0.62602228316794        2.65132445135030       -0.95977652257235
O            1.21975391127276        3.69841438964600       -1.67940857959790
C            0.73759068089307        0.17581466789304       -0.36263703387386
O           -0.50742544102598       -0.09468618208390       -1.00199277837117
C           -1.65328198163904       -0.21959930915046       -0.22576439897593
O           -1.42739008154867       -1.11795731660993        0.84265686122004
C           -2.62360599894064       -1.71634268347973        1.33546473477423
C           -2.78651138256727       -3.11623331762004        0.71590839337434
O           -1.69431990384648       -3.94602460351494        1.01327739801849
C           -3.87670505820507       -0.85529233861697        1.08140339830598
O           -4.90857395870038       -1.16958143132657        1.97918798139656
C           -3.58678985814267        0.66715959694041        1.08654414667351
O           -4.61077695321206        1.35049146592637        0.40834923615798
C           -2.24214188777800        1.05329466732531        0.41691157291219
O           -1.35924657774716        1.63140254611002        1.34273112214711
C            1.62781925845442       -1.07508491301469       -0.44520102179186
O            1.11127362092385       -2.16569590035192        0.27564569829149
C            3.05996090114672       -0.76252688137650        0.02460073425704
O            3.92803840419948       -1.81481521900794       -0.30044731824694
H            5.07207542707978        2.73697533534187       -0.81775653159503
H            5.83211125341752        1.40198189171163       -1.73203578161081
H            6.49293543317462        1.88935084547211       -0.14346751778752
H            3.75171883091386        0.30053498594864       -1.72720445463262
H            1.54732266772732        1.09416560724445       -2.13867787772322
H            0.51256089426027        2.91347775018833        0.09828931138818
H           -0.35860649699274        2.49362295500802       -1.40036363828747
H            2.10977790935112        3.84072859584209       -1.32682070775147
H            0.58214797405796        0.44544272900010        0.68478249937066
H           -2.38406346919433       -0.62242286215279       -0.94019667742890
H           -2.45759813489498       -1.83521129162616        2.41285754210481
H           -2.91219279655364       -3.01695994163331       -0.37072318201721
H           -3.67155949085169       -3.59715509795521        1.13550267035992
H           -0.88835852420147       -3.53890473186408        0.65629405198445
H           -4.29056698614420       -1.10401116725292        0.09713436812089
H           -4.61841245624209       -1.03240166202511        2.89397786075916
H           -3.54252274528836        1.01479155696460        2.13202143050488
H           -5.46911806537759        1.09374445525498        0.78038065614081
H           -2.43964435143072        1.81526227022999       -0.33968985081684
H           -1.18715119707298        0.99168483991118        2.05170312782992
H            1.66081014253471       -1.40901914321326       -1.48853686414629
H            0.91447767956745       -1.88541296223001        1.18236116648791
H            3.06642395002300       -0.57818706334573        1.11066146820098
H            3.53566411534930       -2.64612257571220        0.01379289987146
48
 energy: -84.838970154084 gnorm: 0.000571161591 xtb: 6.7.1 (edcfbbe)
C            5.58477955585586        1.78805493509029       -0.71591841128827
O            4.78601988584655        0.83450287775084       -0.02224828271451
C            3.59970153448060        0.50677848664933       -0.64802580316297
O            2.69954135335185        1.58759256074282       -0.50299445073496
C            1.42844064519570        1.34800228594277       -1.07918422590487
C            0.62379734373661        2.64801421106564       -0.96771166465938
O            1.21687656580672        3.69597945947788       -1.68632880383512
C            0.73768117454147        0.17354084066928       -0.36781884841506
O           -0.50865982578632       -0.09550512520783       -1.00489241613530
C           -1.65335743320934       -0.21996428828769       -0.22657777088874
O           -1.42650477325961       -1.11909636486015        0.84061124578893
C           -2.62279701903501       -1.71398706481495        1.33835906564276
C           -2.78716405945673       -3.11644982354008        0.72509939605487
O           -1.69524438042392       -3.94570970527325        1.02538319578535
C           -3.87544843283246       -0.85285320507231        1.08319585150971
O           -4.90717141020648       -1.16589245941578        1.98147366507656
C           -3.58590285716625        0.66973092109398        1.08597837989037
O           -4.60803864098377        1.35208015566944        0.40390072940674
C           -2.23976013830361        1.05308684709694        0.41793095898716
O           -1.35607261216260        1.62688081659533        1.34568185248118
C            1.62728988251810       -1.07744820632947       -0.45366221215224
O            1.11047243625470       -2.16978190986324        0.26413027996185
C            3.05943220820990       -0.76594123293836        0.01691178843059
O            3.92833661594505       -1.81572553355329       -0.31406368878647
H            5.06529088969142        2.74431933457277       -0.79143860705658
H            5.83242717807389        1.42018617115699       -1.71548341202748
H            6.48644819327157        1.89468194723576       -0.12018584903727
H            3.75854131031984        0.30413020193133       -1.72745170267998
H            1.54967790300296        1.09142675465747       -2.14356571975650
H            0.50705805488858        2.91039696065229        0.08999428304197
H           -0.35940591652863        2.48783126300996       -1.41075015185953
H            2.10654497943899        3.83931135512769       -1.33329259572143
H            0.58470003107739        0.44259897029795        0.68018198836638
H           -2.38572420267845       -0.62114175504598       -0.94033217365576
H           -2.45513754009653       -1.82850774932268        2.41596267863642
H           -2.91326217981059       -3.02136624666331       -0.36177699057084
H           -3.67231193620254       -3.59503966948574        1.14710822491148
H           -0.88986913568129       -3.54208545409723        0.66328769895661
H           -4.28950501884347       -1.10306150037637        0.09943280926827
H           -4.61625083716600       -1.02977935972759        2.89618842700092
H           -3.54352677694199        1.01936220008904        2.13086080202721
H           -5.46730296412287        1.09825093349334        0.77569829324616
H           -2.43461686604714        1.81705999692930       -0.33724360438176
H           -1.18220024742357        0.98303501349199        2.05059898231524
H            1.66029636428471       -1.40844167342583       -1.49792950419746
H            0.91636977674597       -1.89261638910391        1.17240793403834
H            3.06606431051570       -0.58749103242450        1.10389851984211
H            3.53927243329314       -2.64879346898020       -0.00049888556163
48
 energy: -84.838977711648 gnorm: 0.000484303841 xtb: 6.7.1 (edcfbbe)
C            5.58127896271165        1.79510376905891       -0.69764811381173
O            4.78234708560259        0.83412491945228       -0.01458498162127
C            3.59999348539317        0.50694735355128       -0.64823532359647
O            2.69819589435136        1.58674680509150       -0.50549129076195
C            1.42862750311350        1.34592646559124       -1.08451047029776
C            0.62171779025344        2.64481957263276       -0.97586160693731
O            1.21381035273651        3.69335185893111       -1.69417164622038
C            0.73761186894274        0.17153425749769       -0.37312407840246
O           -0.51021733612356       -0.09599653499161       -1.00765020175306
C           -1.65379842665136       -0.21984392204581       -0.22716507237280
O           -1.42560788559677       -1.11953941758983        0.83901373907101
C           -2.62163129458349       -1.71151680847476        1.34159383273158
C           -2.78796975983603       -3.11619069868695        0.73396903233116
O           -1.69616757803933       -3.94485260597955        1.03625836702090
C           -3.87456360173819       -0.85132468137993        1.08523964378950
O           -4.90602420446676       -1.16351135854378        1.98425257812405
C           -3.58484377092774        0.67132006499665        1.08527714839040
O           -4.60542584829880        1.35224409552311        0.39953371709121
C           -2.23730803958067        1.05356025917248        0.41923564216350
O           -1.35289725696294        1.62292473174665        1.34901302163889
C            1.62701953466987       -1.07934561517431       -0.46205187574592
O            1.10970740915951       -2.17346751686608        0.25239776825221
C            3.05897906032124       -0.76898041707410        0.01012956872328
O            3.92897779925405       -1.81639244642726       -0.32585284192298
H            5.06003774571834        2.75088986668051       -0.76627111745106
H            5.83252139767577        1.43648813780570       -1.69963770134549
H            6.48101601951347        1.89822678798058       -0.09837145404730
H            3.76541784109825        0.30747178140441       -1.72733154489195
H            1.55234155988501        1.08866802090080       -2.14844689315708
H            0.50199877789160        2.90773372570267        0.08137629573912
H           -0.36014247897880        2.48207468966789       -1.42110504400354
H            2.10181782941606        3.84094543043727       -1.33879725317428
H            0.58739098782370        0.44004973762018        0.67547492239950
H           -2.38760691293626       -0.61970445319313       -0.94023715292307
H           -2.45214752691630       -1.82190898755042        2.41938591975667
H           -2.91552441335356       -3.02546593677501       -0.35308055498242
H           -3.67282128900056       -3.59247459703759        1.15925719698499
H           -0.89174971094149       -3.54549212931146        0.66736751182332
H           -4.28869445095709       -1.10319391158969        0.10190133080277
H           -4.61483971955012       -1.02637820736749        2.89875528259683
H           -3.54441372767612        1.02344468871725        2.12939185520380
H           -5.46559543069838        1.10072384248494        0.77087962684693
H           -2.43007588182390        1.81973442664996       -0.33422442794506
H           -1.17669561745278        0.97443151667833        2.04922248254509
H            1.66072219092536       -1.40753676658188       -1.50716958643069
H            0.91666849428912       -1.89919974584280        1.16178313327225
H            3.06529337605931       -0.59595267235971        1.09794559210485
H            3.54309461854100       -2.65106109209252       -0.01273370072473
48
 energy: -84.838983365111 gnorm: 0.000446988521 xtb: 6.7.1 (edcfbbe)
C            5.57903600073543        1.79981661878241       -0.68285587268316
O            4.77926633690803        0.83388342608904       -0.00802999218884
C            3.60012971886994        0.50733025593395       -0.64800799635062
O            2.69698167926410        1.58631102828073       -0.50727102656306
C            1.42887756656199        1.34453182597248       -1.08911662486926
C            0.62009978106306        2.64257225508462       -0.98303993985136
O            1.21072319706957        3.69123447498196       -1.70219929484954
C            0.73765994864582        0.17017715660794       -0.37769335983751
O           -0.51131359444039       -0.09622387966289       -1.01015544057789
C           -1.65395590115699       -0.21961113935018       -0.22782600055106
O           -1.42459506085493       -1.11982855959741        0.83758269132583
C           -2.62007938351708       -1.70972770517770        1.34413962941606
C           -2.78843218176304       -3.11622181889695        0.74132456763675
O           -1.69669767988168       -3.94484916644208        1.04380179553139
C           -3.87322389088936       -0.85006235541453        1.08733291028174
O           -4.90425210318376       -1.16181934738211        1.98702879959277
C           -3.58433552269560        0.67267605086348        1.08531163823241
O           -4.60371284692825        1.35190309093572        0.39608557206553
C           -2.23555721201455        1.05359912077163        0.42055727026570
O           -1.35064928559878        1.61929338294151        1.35200014789514
C            1.62679795607716       -1.08069708291285       -0.46895330678371
O            1.10900800910927       -2.17633419345859        0.24270844501477
C            3.05832056257384       -0.77096355408684        0.00522530880783
O            3.92937015794296       -1.81656739473116       -0.33392018364226
H            5.05747669452479        2.75575666328647       -0.74563734135320
H            5.83234506894763        1.44842953951633       -1.68683330404053
H            6.47759763258865        1.89914426895330       -0.08118541951416
H            3.77084536484151        0.31034778364855       -1.72675134203465
H            1.55504296862935        1.08667338119929       -2.15260724150813
H            0.49849991020818        2.90641284656557        0.07372045960018
H           -0.36082347045879        2.47738887496352       -1.42951911465137
H            2.09646158176011        3.84486002191945       -1.34383066416553
H            0.58960810788909        0.43814764579541        0.67139856858268
H           -2.38905322062271       -0.61837984621162       -0.94013074358962
H           -2.44890554324909       -1.81699949581265        2.42198056245013
H           -2.91844328737237       -3.02872296882720       -0.34563182142041
H           -3.67279187189045       -3.59032898130412        1.17013375318612
H           -0.89351601837517       -3.54986049377988        0.66772548729234
H           -4.28758229267867       -1.10347122325903        0.10446399932036
H           -4.61339166982803       -1.02201448778366        2.90121467804351
H           -3.54564024326864        1.02709824316635        2.12873794585934
H           -5.46462199149888        1.10154126908311        0.76649692043470
H           -2.42683044433089        1.82178215359068       -0.33120849982937
H           -1.17215761389561        0.96681936689996        2.04802448644336
H            1.66155017902545       -1.40666582232463       -1.51472710582275
H            0.91505674261812       -1.90391707457610        1.15244589770696
H            3.06378178376658       -0.60193786701817        1.09362763758734
H            3.54585080325784       -2.65237000445959       -0.02103626150054
48
 energy: -84.838988156063 gnorm: 0.000394544132 xtb: 6.7.1 (edcfbbe)
C            5.57798720259929        1.80263014398165       -0.67119701475669
O            4.77680189895773        0.83384692488455       -0.00242811372611
C            3.60009499696528        0.50803334773030       -0.64721082311225
O            2.69582634277086        1.58632307424794       -0.50797422759775
C            1.42909009188376        1.34376366465263       -1.09258673028418
C            0.61868636418123        2.64106949801771       -0.98916508622664
O            1.20754872510535        3.68940306337204       -1.71021386484128
C            0.73743804004390        0.16932123274971       -0.38156635987198
O           -0.51242269262713       -0.09628619914735       -1.01246525831996
C           -1.65411084922955       -0.21950374863674       -0.22856535109912
O           -1.42345614975407       -1.12032323432390        0.83617378317798
C           -2.61819964261947       -1.70862714653597        1.34626590833199
C           -2.78880836812460       -3.11634825847548        0.74688204398863
O           -1.69711599825025       -3.94536366639391        1.04824117905384
C           -3.87174533290666       -0.84941759971326        1.08976578887417
O           -4.90196636522299       -1.16096189301649        1.99053140462119
C           -3.58355892791499        0.67337366965000        1.08513448357399
O           -4.60226193459697        1.35094099848293        0.39329888962884
C           -2.23399117897839        1.05371359132855        0.42136131221643
O           -1.34854365051683        1.61637992436812        1.35404824872020
C            1.62651356559880       -1.08146017740912       -0.47435141664522
O            1.10812818128586       -2.17843836409817        0.23483182595546
C            3.05744489388740       -0.77203127638992        0.00193387777676
O            3.92957249917344       -1.81632153959062       -0.33859604371815
H            5.05731646908657        2.75934713898663       -0.72909335416868
H            5.83191699406570        1.45658947615486       -1.67681336621687
H            6.47613366395400        1.89779319073731       -0.06820670246638
H            3.77474155452814        0.31299953092179       -1.72564364395429
H            1.55768640623353        1.08560299372289       -2.15567665254575
H            0.49637483488012        2.90631721439711        0.06709912225828
H           -0.36178727256396        2.47350548368844       -1.43580481086184
H            2.09067335402268        3.84989008786267       -1.34853521245988
H            0.59091349994720        0.43680897323704        0.66786606830352
H           -2.39033978242302       -0.61751834234096       -0.94004812758352
H           -2.44523424647596       -1.81362670578732        2.42404696719539
H           -2.92195395253834       -3.03118137561229       -0.33984029295849
H           -3.67243455448039       -3.58852432326489        1.17937303291045
H           -0.89525792202639       -3.55461925286818        0.66534183690963
H           -4.28670756014625       -1.10416411659223        0.10750663309156
H           -4.61154760097211       -1.01693795928558        2.90418433402765
H           -3.54611325802840        1.02991053094575        2.12784032035623
H           -5.46366148755943        1.10097456135306        0.76290361073250
H           -2.42426709626643        1.82356686376862       -0.32895757766331
H           -1.16838438941935        0.96085832604666        2.04681122014705
H            1.66264622591346       -1.40564100538755       -1.52061777732308
H            0.91113413182224       -1.90698869906629        1.14420873427417
H            3.06146641446953       -0.60567497308319        1.09069168064961
H            3.54755928493307       -2.65284736459816       -0.02588322436890
