48
 energy: -84.836913811861 gnorm: 0.083080340556 xtb: 6.7.1 (edcfbbe)
C            5.46945663882767        1.75373435964239        0.05188971320389
O            4.31907867066185        1.48525664055945       -0.74337855925725
C            3.14262869177724        1.34866678090217       -0.03384611420331
O            3.15323434094025        0.11184549207450        0.64552317029481
C            1.98444005453591       -0.10863490332824        1.40595081116667
C            2.19337302730627       -1.41285682004316        2.18825065210297
O            3.17556688195982       -1.29662135555417        3.18115840239506
C            0.70810502780612       -0.20740255114616        0.53972288310742
O           -0.34377696033052       -0.15968976164581        1.50336670642795
C           -1.52539141076557       -0.92980361070735        1.52093322574419
O           -2.65252368955463       -0.10260230120930        1.44991300097351
C           -3.01587486831684        0.35006544418072        0.14783693870487
C           -4.23410310807660        1.26728926136202        0.33363909721034
O           -4.63284904893237        1.87181943298164       -0.87203305238285
C           -3.34511903517666       -0.84769861788969       -0.75590751361246
O           -3.65743229085346       -0.46707586292181       -2.07197945456645
C           -2.12243574275299       -1.76876240536344       -0.82626415500629
O           -2.40952577960306       -2.97281215571420       -1.49967327123774
C           -1.67321106675643       -2.14845088977812        0.58865001735607
O           -0.48946404696392       -2.90221277868946        0.58642219803035
C            0.64016332002645        1.02062887632994       -0.39993754889460
O           -0.31489032578690        0.89071734215723       -1.42850205232271
C            1.98977186688192        1.39042350804283       -1.03913381468953
O            1.93866083014526        2.68835809297286       -1.56763643115948
H            5.69338834886241        0.90702053136169        0.70197944058617
H            5.31402857837585        2.65351299370779        0.65344843249263
H            6.27775798615202        1.90988685948412       -0.65642406096049
H            3.01800152428978        2.17250105339315        0.69902400891700
H            1.83738076654228        0.72084945351299        2.11422967758747
H            2.44363785769625       -2.20692800062167        1.47577219875159
H            1.26325950925356       -1.66779049266317        2.69640139876328
H            4.02163645172322       -1.09886984694211        2.75549853981086
H            0.70476050588523       -1.14271248964836       -0.02233748342560
H           -1.56565800385500       -1.30697895675299        2.55570690703829
H           -2.19042713596534        0.91314959119080       -0.30626131688010
H           -3.99680628816439        2.00631948439696        1.10440487833791
H           -5.08128415212294        0.67121732727798        0.68026295109301
H           -4.00496635675380        2.56941276389886       -1.10932746588062
H           -4.18206101889227       -1.40889452615911       -0.30657499388824
H           -4.29529278891542        0.26840558418581       -2.03847704836648
H           -1.32274893592469       -1.23086595235205       -1.34918600791141
H           -2.84731573122305       -2.75500458859426       -2.33613210803816
H           -2.49393293631222       -2.74267681570575        1.02321477753651
H           -0.64491476305787       -3.69622218855476        0.04944036394831
H            0.30284761218339        1.86754793106474        0.21048020396493
H            0.03841629805496        0.32210265296476       -2.13041333923255
H            2.23952026870836        0.65952831179122       -1.82558313004827
H            1.17288962993660        2.76130241738393       -2.16062674781440
48
 energy: -84.842409776292 gnorm: 0.011850564289 xtb: 6.7.1 (edcfbbe)
C            5.46948613339127        1.75064032804256        0.05347452102835
O            4.31889768208252        1.47987889985094       -0.74048409239103
C            3.14175657362650        1.34281801945622       -0.03180299893761
O            3.14732392491039        0.10102618912162        0.64220774946082
C            1.97875186729891       -0.12688916385178        1.40318392984190
C            2.18798941864957       -1.42765782755712        2.18631727286551
O            3.17100708019548       -1.30519982160405        3.17838257703698
C            0.70199238425631       -0.17166775840820        0.53360536863253
O           -0.37045051496290       -0.12321257261337        1.47255021139203
C           -1.52273946806643       -0.93457704263583        1.54032835964470
O           -2.65907234718085       -0.11876913759894        1.44603901735785
C           -3.01656731522471        0.34274532013057        0.14625557273455
C           -4.23329442102819        1.26279925622186        0.33290737242592
O           -4.63146001419941        1.87015992004190       -0.87166298450685
C           -3.34517050269962       -0.85323932536512       -0.75682358889894
O           -3.65470585043294       -0.47096474709346       -2.07304402464904
C           -2.12015276801982       -1.77178373502159       -0.81781066248886
O           -2.40549355277493       -2.97503711838366       -1.49343075079094
C           -1.66862255922053       -2.15037822641338        0.59971604153880
O           -0.48383848068262       -2.90200608519600        0.59116742598477
C            0.63927241136418        1.04495667859778       -0.40982901391196
O           -0.31428631336718        0.90691138426963       -1.43857648848811
C            1.99394359899568        1.39682960890044       -1.04284183069227
O            1.94958394658864        2.69392668066865       -1.57280699329511
H            5.69462188698821        0.90480504158292        0.70411346974307
H            5.31383659917118        2.65118520952177        0.65384018094454
H            6.27700879425948        1.90699892093283       -0.65577870860517
H            3.01857601856723        2.16537172618746        0.70287273691865
H            1.84038042218580        0.70161814767328        2.11560933938195
H            2.43975167556695       -2.22104509403033        1.47422822351528
H            1.25808473298674       -1.67940836175662        2.69580616348746
H            4.01607920666608       -1.10345851466147        2.75235789352983
H            0.69644919826229       -1.10874715828760       -0.02780268857009
H           -1.55154480643749       -1.29549140741190        2.57980643951278
H           -2.18985421771815        0.90733592042415       -0.30396170279404
H           -3.99547425038924        2.00084031335291        1.10468045808486
H           -5.08186717378411        0.66837255309022        0.67874866126405
H           -4.00332695368738        2.56802396659541       -1.10756900357139
H           -4.18341697917503       -1.41310362586677       -0.30855031336620
H           -4.29213772243793        0.26513109718748       -2.03978041686309
H           -1.32168433125734       -1.23258783278822       -1.34167310389983
H           -2.84295984310060       -2.75649842549597       -2.33011262002392
H           -2.48790754676299       -2.74799368306731        1.03201899125641
H           -0.64032578494272       -3.69430315442269        0.05177433644187
H            0.30250237415275        1.89265022152244        0.19877557712296
H            0.03762280174244        0.32718494225163       -2.13228844526297
H            2.23959446404216        0.66255414498181       -1.82751750098077
H            1.18183972497557        2.76924964440042       -2.16313503180004
48
 energy: -84.842986473867 gnorm: 0.004259730050 xtb: 6.7.1 (edcfbbe)
C            5.47130945863342        1.74492383045522        0.05576384335542
O            4.32152306979008        1.47367336338587       -0.73899960432240
C            3.14249038629813        1.34021625530727       -0.03302378197655
O            3.13895608278843        0.09472236737316        0.63384763785049
C            1.96886278161342       -0.12698470182146        1.39636881975440
C            2.17145266309037       -1.43477710258168        2.16970581558645
O            3.15315346813774       -1.31454545602184        3.16356656578951
C            0.68981830449457       -0.16146614439129        0.52575925018836
O           -0.37891060300290       -0.10434352966138        1.46820437552077
C           -1.52201693257045       -0.92760206676431        1.54751540599800
O           -2.66857982123180       -0.12480378897718        1.44830563689439
C           -3.01811959439518        0.33814097189589        0.14838811937470
C           -4.23454493082165        1.25857764519604        0.33283361827356
O           -4.62853896112206        1.86569138756256       -0.87318548422821
C           -3.34233056848672       -0.85819727348533       -0.75460423253840
O           -3.64685136688235       -0.47986797478540       -2.07321177813052
C           -2.11450584884734       -1.77364913244726       -0.80731280381811
O           -2.39420210750880       -2.98033130132718       -1.47941616820389
C           -1.66233375241056       -2.14923651530025        0.61192396255677
O           -0.47472495463103       -2.89701362656169        0.60113318748038
C            0.64120903332225        1.06043751480297       -0.41049039275047
O           -0.31309065488173        0.92690455175722       -1.43851435491105
C            1.99671292580902        1.40447001627513       -1.04556187145399
O            1.96645750260402        2.70165492238093       -1.57713934517614
H            5.69611072463347        0.90004593035273        0.70772826141359
H            5.31532827949071        2.64645872612674        0.65457845414162
H            6.27911776596323        1.90046145285927       -0.65333099604757
H            3.02276021496976        2.15850212687784        0.70680895360562
H            1.84307087379886        0.69656513138028        2.11932863568946
H            2.42413314796363       -2.22923523476602        1.45902068370373
H            1.24228325363457       -1.68828333905376        2.67981394035532
H            3.99923918300895       -1.11081168750247        2.74038442882113
H            0.67298989108893       -1.09560781642466       -0.04324245815514
H           -1.54353062408753       -1.28575934103561        2.58643323718812
H           -2.18863775639192        0.90217583804374       -0.29751486665183
H           -3.99720544305919        1.99624331944942        1.10504181648161
H           -5.08422397418286        0.66451715744339        0.67655540764584
H           -3.99993920138867        2.56393323574197       -1.10676915678810
H           -4.18153092116506       -1.41866583891366       -0.30889258270626
H           -4.28421922864681        0.25652295431195       -2.04355867550184
H           -1.31588410783034       -1.23409429529689       -1.33086463865881
H           -2.83208739067489       -2.76528560375595       -2.31688558142501
H           -2.47980989515473       -2.74888838633649        1.04543745178052
H           -0.62944793831563       -3.68938054141364        0.06119386707974
H            0.30971265455678        1.91311630093469        0.19429221146793
H            0.03321283767168        0.33979645320665       -2.12907295861576
H            2.23761376550214        0.66762897517746       -1.82940100462302
H            1.19774751207374        2.78344458741460       -2.16545592360705
48
 energy: -84.843359816776 gnorm: 0.005404016708 xtb: 6.7.1 (edcfbbe)
C            5.47415507838256        1.73572667453709        0.05864839054971
O            4.32576313000795        1.46466166818542       -0.73810263017658
C            3.14425269223885        1.33519575676209       -0.03587061848436
O            3.13005117884598        0.08479589228713        0.62075588755742
C            1.95813911116441       -0.12812050808538        1.38423968489763
C            2.14910624518271       -1.44412281337872        2.14695073232028
O            3.12896284202689       -1.33416400729210        3.14469502245328
C            0.67408500650151       -0.14738944168687        0.51843652693300
O           -0.38375197302240       -0.08183679291349        1.47330219932842
C           -1.51983909620800       -0.91381992911832        1.55445126033873
O           -2.67957538286364       -0.12902179168223        1.45387639992744
C           -3.01960872706166        0.33306235768853        0.15267063828415
C           -4.23694306352207        1.25302554846099        0.33004685078191
O           -4.62493069610407        1.85877221292677       -0.87858038606339
C           -3.33580876826876       -0.86525988470556       -0.75052266134547
O           -3.63344414453986       -0.49330062191516       -2.07270809329799
C           -2.10457757130587       -1.77673732785486       -0.79460433864350
O           -2.37588416329979       -2.98950163764395       -1.45971577622433
C           -1.65158425790500       -2.14349615364625        0.62716814732839
O           -0.46125487213885       -2.88725748329811        0.61852087715105
C            0.63901313814468        1.08110318825666       -0.41164418317070
O           -0.31880378946993        0.96084078062235       -1.43877613494332
C            1.99837756475559        1.41264246275889       -1.04762227093056
O            1.98590173987013        2.71034924919057       -1.57940910116625
H            5.69770896465755        0.89182046708377        0.71239349178492
H            5.31784264002487        2.63828386422991        0.65585868503247
H            6.28325055956551        1.88974649564382       -0.64929268219296
H            3.02962550663642        2.14732146881684        0.71139361646694
H            1.84405511985980        0.68948502742966        2.11640178370494
H            2.40062835644931       -2.23601796932393        1.43326397498812
H            1.21852635495036       -1.69938346613676        2.65390585699995
H            3.97614068496410       -1.12673823260901        2.72543781949795
H            0.64245160425569       -1.07587960845703       -0.05936183791958
H           -1.53528171778065       -1.27004835519380        2.59311536217140
H           -2.18673134792590        0.89663563561596       -0.28761998244980
H           -4.00247676039699        1.99083363296698        1.10286590594872
H           -5.08778046124193        0.65882642150217        0.67056877855832
H           -3.99597313876438        2.55791810930176       -1.10838876061946
H           -4.17576382495553       -1.42733969720294       -0.30823712642868
H           -4.27122058023437        0.24282157174855       -2.04909594841687
H           -1.30638644250310       -1.23669267698224       -1.31866048939447
H           -2.81522403317753       -2.78171462295239       -2.29829274838362
H           -2.46640013822795       -2.74403173690713        1.06449122552731
H           -0.61341988136412       -3.68103095295776        0.07981165489757
H            0.31788014907962        1.93841976236101        0.19239213771587
H            0.01721134658515        0.36471819910688       -2.12693146728909
H            2.23193372994875        0.67372607638501       -1.83187379863034
H            1.21760129133058        2.80216750820110       -2.16686694481307
48
 energy: -84.843556877079 gnorm: 0.004523862957 xtb: 6.7.1 (edcfbbe)
C            5.47581038353640        1.72624754991087        0.06001570015588
O            4.32864852286313        1.45707086270373       -0.73924187785692
C            3.14573696591095        1.33040685445016       -0.03920397064843
O            3.12438968584382        0.07653949447122        0.60977512941312
C            1.95201868311431       -0.12854535640454        1.37384595953130
C            2.13060174228947       -1.45239499330510        2.12644988228300
O            3.10791159472594       -1.35828830161314        3.12904128863208
C            0.66464432896130       -0.13678205281550        0.51413983875004
O           -0.38489755789350       -0.06626704408595        1.47846003870746
C           -1.51811906959113       -0.90059901605454        1.56009607267540
O           -2.68556127072218       -0.12777484028510        1.45977135251897
C           -3.02027935353763        0.33023835142221        0.15622308426570
C           -4.24034110402026        1.24791968085897        0.32464286806932
O           -4.62276300062226        1.85139073329344       -0.88679380355808
C           -3.32815757262235       -0.87155354880742       -0.74648235474365
O           -3.62030429334047       -0.50471778757962       -2.07148132289458
C           -2.09402745720501       -1.77940824182454       -0.78418131605079
O           -2.35817367983983       -2.99768205023449       -1.44204184734030
C           -1.64189651793588       -2.13617458916656        0.64020423182381
O           -0.44975956421715       -2.87699255552460        0.63801518836463
C            0.63656217543632        1.09825093624297       -0.41057071811881
O           -0.32625293493084        0.99353355100664       -1.43573382775175
C            1.99860183251233        1.41922892837863       -1.04905795400022
O            1.99844918805732        2.71800634463490       -1.57862752488439
H            5.69692869807486        0.88245688390494        0.71496337682829
H            5.31998851123455        2.62932935445645        0.65657200217685
H            6.28691256131134        1.87828535657117       -0.64605201249860
H            3.03573184521700        2.13788551728612        0.71365401069299
H            1.84446515943086        0.68532987248406        2.10992022541897
H            2.37930200037985       -2.23908983030940        1.40609550193215
H            1.19649325164523       -1.70747840848717        2.62697189669470
H            3.95625716671408       -1.14754766399084        2.71387211678133
H            0.62148547611997       -1.06032548427961       -0.06864509540543
H           -1.53024792374415       -1.25301360245158        2.60060908062415
H           -2.18583625475154        0.89458372131644       -0.28010541094557
H           -4.01107324468484        1.98685208202368        1.09796086769379
H           -5.09175744355618        0.65257234658951        0.66180257849782
H           -3.99412014529130        2.55202558429353       -1.11275372150038
H           -4.16815836780465       -1.43553911799497       -0.30674781975597
H           -4.25935378047259        0.23014079694724       -2.05374786857456
H           -1.29703279244870       -1.23923573468303       -1.31036713494294
H           -2.79851049181515       -2.79800470130230       -2.28202974904341
H           -2.45497566071730       -2.73584045106202        1.08145421023718
H           -0.59910073180880       -3.67307325407035        0.10191184768465
H            0.32569444263636        1.95679364028709        0.19716113493432
H           -0.00170400932772        0.39243182185741       -2.12488209053334
H            2.22415298397760        0.67944180529824       -1.83494139000397
H            1.23161622602052        2.81936087888514       -2.16645574176398
48
 energy: -84.843682224743 gnorm: 0.002751958633 xtb: 6.7.1 (edcfbbe)
C            5.47685009181106        1.71701690035696        0.05954246964869
O            4.33031717919233        1.45235241117727       -0.74224633161321
C            3.14705427405044        1.32745170396220       -0.04266036324614
O            3.12163270162454        0.07154761313844        0.60164628350952
C            1.95030291799907       -0.12850474279135        1.36659769842430
C            2.11824921860286       -1.45908332195881        2.11018159340793
O            3.09274134621915       -1.38315677384009        3.11727272300489
C            0.66143686599034       -0.12953799136187        0.51202905709757
O           -0.38362156840707       -0.05710235145739        1.48139378914900
C           -1.51717135856374       -0.88938437686041        1.56397625267777
O           -2.68639153312809       -0.12128700122716        1.46397254636650
C           -3.02055619208508        0.32999065941602        0.15748564946859
C           -4.24495088095634        1.24330872488815        0.31749173574084
O           -4.62275167020924        1.84376027841950       -0.89672486045533
C           -3.32094275798842       -0.87635492099784       -0.74314910357900
O           -3.60950739031986       -0.51339833843416       -2.06997783465326
C           -2.08469300667295       -1.78145413930526       -0.77581584184276
O           -2.34368587575019       -3.00391809716146       -1.42730453063154
C           -1.63572897104308       -2.12946605242084        0.65108342031304
O           -0.44258861472292       -2.86846932519530        0.65791975596120
C            0.63551648344703        1.11119336917479       -0.40729055640374
O           -0.33350081150631        1.02091988729854       -1.42842160802985
C            1.99798805856290        1.42518303259676       -1.04985368058602
O            2.00456920608810        2.72529012968821       -1.57547825076660
H            5.69377012589068        0.87210395202586        0.71468110610950
H            5.32269703868594        2.62010785873110        0.65651167546234
H            6.29032163892309        1.86657107292597       -0.64432073305510
H            3.04072742767272        2.13214352520944        0.71355984203673
H            1.84652953650687        0.68288666111949        2.10446104949704
H            2.36331583646965       -2.23947583615538        1.38157733130496
H            1.17990168562538       -1.71286179841375        2.60320583648760
H            3.94237340646907       -1.17039450315843        2.70597458804411
H            0.61124454663717       -1.04930950592726       -0.07347443922691
H           -1.52854070288104       -1.23709468519553        2.60719541156999
H           -2.18682139596610        0.89628082667698       -0.27754318160892
H           -4.02248075522401        1.98414735729531        1.09111308376907
H           -5.09618376476272        0.64560777818587        0.65118132558131
H           -3.99511888023160        2.54625831006256       -1.11956613725488
H           -4.16048814514927       -1.44189895121376       -0.30469529095736
H           -4.25055614858057        0.21952337972579       -2.05727233051108
H           -1.28867843277625       -1.24180348750300       -1.30445222959190
H           -2.78342226204020       -2.81183077060215       -2.26928430797599
H           -2.44882374866710       -2.72751648574508        1.09408883108587
H           -0.58905692564141       -3.66739102073693        0.12534474243684
H            0.33373594279937        1.96786835449508        0.20744845435597
H           -0.02026373293481        0.41905942448588       -2.12170332459053
H            2.21578809809205        0.68570370544367       -1.83815249810370
H            1.23946110199159        2.83441188713963       -2.16406388322114
48
 energy: -84.843766777900 gnorm: 0.002247108744 xtb: 6.7.1 (edcfbbe)
C            5.47808053293360        1.70802156404806        0.05724287949015
O            4.33118088840842        1.45042986238898       -0.74645151829021
C            3.14846098248310        1.32660697591920       -0.04576294287061
O            3.12129576694820        0.06962226469629        0.59615297070551
C            1.95194375418215       -0.12859852420838        1.36267610786911
C            2.11271567241183       -1.46464985479218        2.09828533174215
O            3.08447424703489       -1.40500908964854        3.10857901921398
C            0.66224462315893       -0.12455583808198        0.51174153792868
O           -0.38150093123951       -0.05186253427440        1.48253259524324
C           -1.51729214154413       -0.88013342272898        1.56640043182383
O           -2.68432036817167       -0.11115743143050        1.46587721688071
C           -3.02133770254126        0.33161990192343        0.15616302266043
C           -4.25104399894377        1.23894373599672        0.30931698412076
O           -4.62545473475536        1.83604576838072       -0.90746815383195
C           -3.31530963896419       -0.87963095083670       -0.74100139870351
O           -3.60186245178885       -0.52010385896049       -2.06902273506714
C           -2.07762380872332       -1.78288182362089       -0.76941442063892
O           -2.33323916480430       -3.00826468304248       -1.41591422527117
C           -1.63343579814516       -2.12385951748210        0.65991011460023
O           -0.44004393564507       -2.86217729550038        0.67661281758178
C            0.63605716456804        1.12097480050417       -0.40195055546648
O           -0.33966180998538        1.04372612651243       -1.41748861212617
C            1.99709039056158        1.43072186214693       -1.04974510125129
O            2.00652648200573        2.73208187847005       -1.57098116068954
H            5.68936557192057        0.86084936761860        0.71143911533281
H            5.32720884216096        2.61078481029433        0.65556836799423
H            6.29370424971041        1.85455518978431       -0.64471773488678
H            3.04515657477089        2.13011657499097        0.71208321265828
H            1.85115006710636        0.68068236665653        2.10256310423869
H            2.35439690753007       -2.23929212185782        1.36218566785263
H            1.17078960161641       -1.71696331891136        2.58492990337652
H            3.93574164695872       -1.19237268853049        2.70086769467901
H            0.60873824056956       -1.04180174446394       -0.07595384090641
H           -1.52950978090732       -1.22340463617746        2.61205930000747
H           -2.19033435844862        0.90080102585083       -0.28022387967801
H           -4.03611936272055        1.98197954261603        1.08310755347458
H           -5.10130382651537        0.63779329727776        0.63947371160197
H           -3.99931042801939        2.54045728758055       -1.12837085053336
H           -4.15415499131248       -1.44614895605445       -0.30262454201036
H           -4.24531555154313        0.21066188898316       -2.06032998719076
H           -1.28165776759013       -1.24428527905016       -1.29949052690387
H           -2.77048787542932       -2.82247098206408       -2.26049936611156
H           -2.44808158569391       -2.71992346300552        1.10262665848993
H           -0.58414772577493       -3.66451839906227        0.14867300091570
H            0.34258959025510        1.97445602423359        0.22107325309533
H           -0.03699620238981        0.44356770367121       -2.11666524612125
H            2.20803550857817        0.69231665320932       -1.84074353178890
H            1.24259783897997        2.84624426832103       -2.15983630697144
48
 energy: -84.843825669153 gnorm: 0.002314544295 xtb: 6.7.1 (edcfbbe)
C            5.48008730305573        1.69917612867647        0.05347558013128
O            4.33166607694197        1.45027867125541       -0.75093744178404
C            3.15006070144302        1.32732332438525       -0.04812739227274
O            3.12247780758451        0.06966888519326        0.59259596165442
C            1.95527472312202       -0.12914897870956        1.36140066948965
C            2.11294515287835       -1.46938164032451        2.09023932317894
O            3.08265333472359       -1.42112154601450        3.10202656346785
C            0.66441210102283       -0.12087122460991        0.51296070813832
O           -0.37983588650776       -0.04797161485727        1.48306340974567
C           -1.51842323228207       -0.87241913083533        1.56782492978483
O           -2.68205693431254       -0.09996240032831        1.46563966418143
C           -3.02318915905202        0.33407803282324        0.15292558133472
C           -4.25844731759282        1.23468954698860        0.30097187507830
O           -4.63072842832388        1.82856742651769       -0.91802971398703
C           -3.31172275499805       -0.88163210794722       -0.74028127133156
O           -3.59700057234783       -0.52548706030746       -2.06929217369852
C           -2.07296773372019       -1.78356690504569       -0.76478410267363
O           -2.32633860779415       -3.01089434216102       -1.40779422206157
C           -1.63402513238726       -2.11927144344053        0.66682714754247
O           -0.44106564419484       -2.85792421226347        0.69254967107111
C            0.63779300123217        1.12862276808202       -0.39520950109353
O           -0.34438951508558        1.06214807816654       -1.40450750192300
C            1.99630740448067        1.43600011320442       -1.04873562900564
O            2.00671763319694        2.73848564506568       -1.56628523754051
H            5.68534623581504        0.84913468690950        0.70585450941292
H            5.33413500851543        2.60149617137446        0.65376483825048
H            6.29707314149341        1.84227131747152       -0.64752792749731
H            3.04963124694054        2.13051616159593        0.71055345155877
H            1.85741301299229        0.67785096004510        2.10426202806409
H            2.35245321295922       -2.23963931924964        1.34872521277266
H            1.16894886450404       -1.72125315522548        2.57288485514264
H            3.93588041350273       -1.21087965265980        2.69734775079096
H            0.60974717679026       -1.03655037214406       -0.07716097322617
H           -1.53210203580371       -1.21211459380853        2.61509620630154
H           -2.19595638727941        0.90661571274766       -0.28633883305422
H           -4.05091632178824        1.97975181239749        1.07486465534955
H           -5.10718748995454        0.62952111046037        0.62774745847727
H           -4.00616303443963        2.53460269432393       -1.13820295289210
H           -4.14991064539451       -1.44883000462454       -0.30153561707109
H           -4.24301262840367        0.20314358494305       -2.06369180839136
H           -1.27608432711388       -1.24612810278332       -1.29479186300431
H           -2.75985248507179       -2.82961966364619       -2.25521587455961
H           -2.45103993954833       -2.71298990232653        1.10848185524074
H           -0.58393903182181       -3.66419927321044        0.17037454469824
H            0.35191086074876        1.97918515187043        0.23530026105399
H           -0.05085780320361        0.46429474024849       -2.10951225695245
H            2.20163485033681        0.69880689799585       -1.84216983532700
H            1.24264298760015        2.85562135407364       -2.15414164490878
48
 energy: -84.843872274747 gnorm: 0.001965101527 xtb: 6.7.1 (edcfbbe)
C            5.48340230953011        1.68931153877951        0.04826243990538
O            4.33216165123097        1.45061109332057       -0.75538702063753
C            3.15209171245035        1.32891068517109       -0.04964702771037
O            3.12426806209116        0.07057094411354        0.58999211477973
C            1.95911323114596       -0.12998324995305        1.36177234932191
C            2.11692814417468       -1.47378107698364        2.08425024694053
O            3.08550904211645       -1.43253825155556        3.09625241072911
C            0.66644943304330       -0.11735505402533        0.51541545052926
O           -0.37896371473325       -0.04339138439570        1.48391272460540
C           -1.52028495199288       -0.86489632004637        1.56873085277182
O           -2.68098804463169       -0.08866508121048        1.46373506840839
C           -3.02639042788765        0.33668395779670        0.14838744546830
C           -4.26741167070049        1.23007799577057        0.29223206336736
O           -4.63848562854250        1.82074193935203       -0.92880695300287
C           -3.30961587881070       -0.88308535918156       -0.74081354271792
O           -3.59366595542526       -0.53066817460435       -2.07096149460690
C           -2.06979905582191       -1.78369680668927       -0.76117233498756
O           -2.32112795962723       -3.01259943541613       -1.40155227582216
C           -1.63609641208998       -2.11482209217972        0.67277392901532
O           -0.44410520450612       -2.85451964083360        0.70671161100688
C            0.64021214941045        1.13582865868340       -0.38723685288069
O           -0.34819478141603        1.07896926763692       -1.39014182250416
C            1.99582391666423        1.44146960151387       -1.04663855977801
O            2.00665357804703        2.74504287717580       -1.56125680698055
H            5.68262348005982        0.83600389536608        0.69810354280987
H            5.34429104676695        2.59115545132439        0.65101121485055
H            6.30072989924178        1.82835247962478       -0.65306976990912
H            3.05508095515981        2.13191886523654        0.70989244691191
H            1.86461134669308        0.67419918810197        2.10852151977435
H            2.35555968688010       -2.24043785188475        1.33870938259693
H            1.17229157715100       -1.72694241277456        2.56495846310890
H            3.94090318297651       -1.22645754651556        2.69401550988762
H            0.61109760248054       -1.03174338640581       -0.07758673178863
H           -1.53572980746171       -1.20143422641131        2.61700394901875
H           -2.20340933943912        0.91289208711154       -0.29430368151375
H           -4.06728288575383        1.97703690748957        1.06615785463722
H           -5.11420404554802        0.62044603359076        0.61569413452270
H           -4.01549686162284        2.52813706623300       -1.14914053105404
H           -4.14725669358698       -1.45101838570448       -0.30184054686684
H           -4.24253508142957        0.19564171950110       -2.06803490894189
H           -1.27143977170345       -1.24725315375605       -1.28999935195547
H           -2.75037478759545       -2.83460980651568       -2.25182227320389
H           -2.45583046422422       -2.70560348238153        1.11359015613917
H           -0.58697228313303       -3.66546975319275        0.19185004758691
H            0.36179293034376        1.98410815738274        0.24974472971283
H           -0.06288318472849        0.48301087609680       -2.10016136542304
H            2.19620327860813        0.70551192343018       -1.84234753909669
H            1.24074587990792        2.86433305516887       -2.14627532797496
48
 energy: -84.843910534818 gnorm: 0.001668962907 xtb: 6.7.1 (edcfbbe)
C            5.48996260155661        1.67381821149938        0.03935349506502
O            4.33309690237149        1.45008158950451       -0.76077140782525
C            3.15551664370295        1.33134412717091       -0.05018515486763
O            3.12628256557391        0.07182913222112        0.58730973120548
C            1.96337071547161       -0.13090527562180        1.36351968489327
C            2.12457018476155       -1.47897247966182        2.07782969020871
O            3.09327727300760       -1.44198913913804        3.08899833812581
C            0.66763923242859       -0.11204407669781        0.52002551455555
O           -0.37918459686065       -0.03520234154863        1.48628294079981
C           -1.52335966623219       -0.85448833361689        1.56954350519776
O           -2.68225371448146       -0.07518097555251        1.45959172139033
C           -3.03222711678058        0.33953352741246        0.14151557352134
C           -4.28082111626782        1.22332438841593        0.28026142077495
O           -4.65126421827421        1.80957188778594       -0.94336223604358
C           -3.30822392517119       -0.88501243502787       -0.74290345016196
O           -3.59010855490895       -0.53803761853223       -2.07499328110944
C           -2.06679246500043       -1.78343388769823       -0.75720232664809
O           -2.31520285490079       -3.01446780236764       -1.39445978651249
C           -1.63913790985397       -2.10861217741362        0.67983790737793
O           -0.44880805746756       -2.85010696723741        0.72320318542180
C            0.64371505214814        1.14608256669454       -0.37554176909185
O           -0.35212497758497        1.10127396581699       -1.37086447595021
C            1.99578911157877        1.44932254343872       -1.04209988107439
O            2.00736874444386        2.75429833401155       -1.55383841870379
H            5.68203429146544        0.81598805890105        0.68509134040367
H            5.36261106003437        2.57501623947432        0.64585621432789
H            6.30596652644907        1.80669275013246       -0.66465474482089
H            3.06444556181142        2.13369167855957        0.71106303014384
H            1.87392125904981        0.66893290572033        2.11585397217881
H            2.36388103428461       -2.24111980986011        1.32791165288394
H            1.18081876256407       -1.73675684887942        2.55815745566992
H            3.95125583109926       -1.24257510324175        2.68871713145801
H            0.61040616504067       -1.02440929567815       -0.07718639573775
H           -1.54155930196986       -1.18697586113991        2.61868813569621
H           -2.21467789973752        0.92057588215850       -0.30526435267168
H           -4.09023206490642        1.97276986903158        1.05396534294481
H           -5.12466887938387        0.60763514986247        0.59976338137534
H           -4.03026453548423        2.51844031250814       -1.16474908528642
H           -4.14538423501677       -1.45413176554494       -0.30429042315777
H           -4.24322978891838        0.18473803339800       -2.07554694682106
H           -1.26642205460319       -1.24797495130729       -1.28397870767950
H           -2.73936339818673       -2.83974085078058       -2.24800456928820
H           -2.46232093174245       -2.69481284363156        1.12060817260574
H           -0.59304784788278       -3.66801657065201        0.21981576256704
H            0.37487977477130        1.99218697838500        0.26854898522378
H           -0.07660306303897        0.50626271725083       -2.08554368731138
H            2.19019190048412        0.71496077146614       -1.84066888722389
H            1.23628118486878        2.87659012550425       -2.13171835687386
48
 energy: -84.843926990094 gnorm: 0.001014337992 xtb: 6.7.1 (edcfbbe)
C            5.49350501903083        1.66684504166610        0.03505581019667
O            4.33352590719411        1.44790631231166       -0.76168749784771
C            3.15701878323706        1.33167746386074       -0.04888615435409
O            3.12577171811367        0.07172029300290        0.58738210191319
C            1.96296412404051       -0.13036998959233        1.36466030844597
C            2.12664546330039       -1.47902346716832        2.07741521829338
O            3.09702067530030       -1.43982168550173        3.08763044574550
C            0.66638059412343       -0.10986077389987        0.52222693665282
O           -0.38046209089091       -0.03150469265563        1.48819790517830
C           -1.52447749150744       -0.85145690973518        1.56951594814921
O           -2.68491673156630       -0.07384088043231        1.45767697665417
C           -3.03459394555019        0.33940307070845        0.13957279177830
C           -4.28474115913730        1.22119849051070        0.27705686902182
O           -4.65583594684331        1.80588765002787       -0.94718264493019
C           -3.30854969825025       -0.88590328134283       -0.74438903239616
O           -3.58928319174124       -0.54052952137237       -2.07730989323846
C           -2.06641416436138       -1.78314567283467       -0.75679064318862
O           -2.31365138199242       -3.01502878654057       -1.39305648664110
C           -1.63914159630802       -2.10657580809396        0.68090325444681
O           -0.44914300023965       -2.84824222103965        0.72526474184491
C            0.64439417741778        1.14965313671571       -0.37193560390012
O           -0.35217558230891        1.10760584031708       -1.36681562449607
C            1.99623340690841        1.45200099700940       -1.03918621118715
O            2.00833399532648        2.75730413182257       -1.55068552994116
H            5.68504443064840        0.80774309175107        0.67910309352199
H            5.37143101890046        2.56769134861819        0.64298561586588
H            6.30740639422233        1.79772934171038       -0.67178041790028
H            3.06919015588934        2.13344114822658        0.71325826146698
H            1.87499457439905        0.66843768108997        2.11776740755974
H            2.36734190196584       -2.23987377465900        1.32672546028920
H            1.18436882905683       -1.74002028080194        2.55904064260444
H            3.95477257014571       -1.24206046322661        2.68608720244069
H            0.60730977890242       -1.02118548978935       -0.07599072789773
H           -1.54400164474803       -1.18291628604318        2.61881053168579
H           -2.21775604109405        0.92132910903302       -0.30726995153509
H           -4.09601955324823        1.97151670455252        1.05020614526861
H           -5.12758389847019        0.60419424775852        0.59648633244500
H           -4.03548439048394        2.51511108116198       -1.16929983327987
H           -4.14575557660098       -1.45559914798130       -0.30660335103545
H           -4.24428568597130        0.18048351101939       -2.07902554006374
H           -1.26605727575643       -1.24763722153416       -1.28355500386934
H           -2.73808785652570       -2.84070116376359       -2.24653671083267
H           -2.46263231970808       -2.69163431230851        1.12242835558016
H           -0.59427642724431       -3.66792797373108        0.22535976741214
H            0.37716931373985        1.99548005120543        0.27300118048938
H           -0.07832233964687        0.51107525313794       -2.08068616454483
H            2.18946209789276        0.71811996328983       -1.83849132838061
H            1.23336326504561        2.88129918045213       -2.12317001138243
48
 energy: -84.843941084583 gnorm: 0.000691679943 xtb: 6.7.1 (edcfbbe)
C            5.49769156494224        1.65807664584925        0.02921625690934
O            4.33355241083113        1.44424209773221       -0.76263779521440
C            3.15858292595501        1.33171847913177       -0.04664255231435
O            3.12461916284010        0.07160089485640        0.58873331948911
C            1.96168313105956       -0.12900688842448        1.36656114898710
C            2.12811678488497       -1.47721108944201        2.07942966162777
O            3.10116173681468       -1.43381923900461        3.08796957223495
C            0.66502691577705       -0.10794529452653        0.52472685321701
O           -0.38223042162907       -0.02878836721466        1.49021944860230
C           -1.52570050486882       -0.84952967565594        1.56914819489353
O           -2.68784091140647       -0.07406244093811        1.45566600780834
C           -3.03653681958178        0.33892047328640        0.13770366184737
C           -4.28754710334379        1.21971411562482        0.27437444318000
O           -4.66030945252165        1.80218197199244       -0.95040507979975
C           -3.30917631139562       -0.88679191278360       -0.74640230826712
O           -3.58868228517206       -0.54248546180509       -2.08002730656447
C           -2.06638109936436       -1.78281554875025       -0.75735501184666
O           -2.31253342515212       -3.01555190378453       -1.39260259297187
C           -1.63860975633895       -2.10499871641641        0.68063632108877
O           -0.44841528691624       -2.84617895368372        0.72471826668613
C            0.64448551090161        1.15271950540821       -0.36846012933931
O           -0.35152239989148        1.11246135313402       -1.36443599695249
C            1.99657852975450        1.45480760882395       -1.03515635454858
O            2.00868712721594        2.76048392245290       -1.54606436653554
H            5.69009841506797        0.79728006034820        0.67084114657713
H            5.38191520201449        2.55823412793527        0.63928273910345
H            6.30841686605795        1.78746960120384       -0.68163183740243
H            3.07519220954722        2.13315570919679        0.71615103658937
H            1.87453289142689        0.66984500430418        2.11924088601852
H            2.37045067502135       -2.23735171153390        1.32877490443183
H            1.18788263333858       -1.74117626350824        2.56324215995682
H            3.95748268924698       -1.23641681219580        2.68323499937908
H            0.60425194631089       -1.01826631059428       -0.07407233181020
H           -1.54709708602427       -1.18050779965416        2.61859984757040
H           -2.21971194266349        0.92120688773665       -0.30876703005677
H           -4.09931656159860        1.97143278860997        1.04624987189718
H           -5.12932451449251        0.60206347134719        0.59540140621315
H           -4.04092596854787        2.51182879072342       -1.17383558140198
H           -4.14652198981358       -1.45700970912295       -0.30966450823365
H           -4.24641414163029        0.17589658197728       -2.08301845732895
H           -1.26654566557850       -1.24721985273863       -1.28492583684046
H           -2.73920113057591       -2.84144370318561       -2.24501997364003
H           -2.46183249905557       -2.68996857964510        1.12261812547843
H           -0.59408058447614       -3.66700574854130        0.22711632082040
H            0.37719969691634        1.99797689001277        0.27714686875648
H           -0.07843315045499        0.51355425225661       -2.07655316947108
H            2.18918730042116        0.72169587721224       -1.83543148008472
H            1.22809389115196        2.88697921065733       -2.11040882545834
48
 energy: -84.843949099650 gnorm: 0.000745585118 xtb: 6.7.1 (edcfbbe)
C            5.50060881684819        1.65049726704891        0.02422693987721
O            4.33334662952334        1.44101406363337       -0.76409775700956
C            3.15966903156112        1.33162323562961       -0.04540221860088
O            3.12379825866794        0.07159037724912        0.58984616615330
C            1.96077009963736       -0.12760394305740        1.36790555544597
C            2.12806689550094       -1.47513474551489        2.08178737007782
O            3.10289790547407       -1.42970442973959        3.08904596714108
C            0.66427785223226       -0.10648325629405        0.52627104373707
O           -0.38355459199004       -0.02758450882242        1.49134567068555
C           -1.52657275368473       -0.84873104307298        1.56889962891835
O           -2.68930041983021       -0.07420113865833        1.45450601191476
C           -3.03747997800951        0.33863733535038        0.13638378775809
C           -4.28895420034935        1.21893273674963        0.27255072545059
O           -4.66339215822973        1.79913099852970       -0.95274442416387
C           -3.30912156133764       -0.88747595074869       -0.74771250844893
O           -3.58783791130030       -0.54379914151534       -2.08169039913550
C           -2.06593867183358       -1.78284565760010       -0.75788268514888
O           -2.31138857133130       -3.01611131860981       -1.39249617940687
C           -1.63800059435408       -2.10427664932392        0.68027539601591
O           -0.44716199948857       -2.84445367874442        0.72443830310003
C            0.64434649901099        1.15496796034476       -0.36590684790260
O           -0.35126204536757        1.11596584958579       -1.36253446416442
C            1.99647851881521        1.45733988507933       -1.03227941764903
O            2.00873284288411        2.76352646297026       -1.54193289499225
H            5.69345767516939        0.78793389640560        0.66342946272571
H            5.38926117821975        2.54964284975567        0.63651881995813
H            6.30909059475447        1.77936445272578       -0.68930663736220
H            3.07998120099692        2.13316560239802        0.71759919042840
H            1.87401833671930        0.67188850601336        2.11990949475337
H            2.37038318873726       -2.23557047251301        1.33151078746063
H            1.18879578588215       -1.73951539634307        2.56705969285672
H            3.95789762383399       -1.23137121948713        2.68192285072809
H            0.60319845606355       -1.01626843685447       -0.07304113992102
H           -1.54908757684095       -1.17972821306832        2.61841827929301
H           -2.22061745936726        0.92108965720229       -0.30980150243648
H           -4.10053757794977        1.97207623178621        1.04302381890916
H           -5.12989059069782        0.60114769462766        0.59558281621097
H           -4.04505734656373        2.50924185744684       -1.17756612291877
H           -4.14651425441849       -1.45781204270600       -0.31135164577977
H           -4.24791328666593        0.17234946678083       -2.08570905785956
H           -1.26638143762191       -1.24722299024264       -1.28594415952147
H           -2.73997330940782       -2.84254056673393       -2.24409218986159
H           -2.46076117492832       -2.69001871383211        1.12204234135432
H           -0.59228890986045       -3.66566552408902        0.22735268021418
H            0.37669419471570        1.99954454683256        0.28044672031756
H           -0.07896997252400        0.51572353429865       -2.07384615229339
H            2.18828376084382        0.72508761998576       -1.83366598720842
H            1.22390221320004        2.89263128934835       -2.09981018537572
48
 energy: -84.843957771574 gnorm: 0.000667359648 xtb: 6.7.1 (edcfbbe)
C            5.50281079647371        1.64271323076858        0.01917168980624
O            4.33279287246209        1.43763513401207       -0.76615688611783
C            3.16043812762506        1.33135675648231       -0.04475912722861
O            3.12296145711333        0.07164483748609        0.59096591306983
C            1.95989279746186       -0.12577956328237        1.36922491915293
C            2.12656188900923       -1.47227833922556        2.08511661590307
O            3.10291635864020       -1.42583310740013        3.09097999996271
C            0.66390208968631       -0.10517063168491        0.52719892259751
O           -0.38459388399876       -0.02728428746022        1.49180817026502
C           -1.52710166374708       -0.84887750455831        1.56853465905536
O           -2.68997931198916       -0.07483821319894        1.45375217386565
C           -3.03748584568612        0.33823539586109        0.13534448047972
C           -4.28900693483872        1.21851541101040        0.27133952266930
O           -4.66542995042319        1.79618805375568       -0.95447629071599
C           -3.30871501550668       -0.88810873442415       -0.74871430525948
O           -3.58692921742320       -0.54490258119126       -2.08286122282084
C           -2.06527120859805       -1.78311863663428       -0.75849857454903
O           -2.31036680016449       -3.01658707323878       -1.39283593142533
C           -1.63713199887675       -2.10433129343423        0.67961157504234
O           -0.44533432917870       -2.84311161387626        0.72375132549616
C            0.64381092477553        1.15687095062601       -0.36388881318388
O           -0.35141918946495        1.11883174063310       -1.36102039212747
C            1.99597820541766        1.45979397789519       -1.02989861975594
O            2.00849211639541        2.76679437349097       -1.53728927776314
H            5.69609375788854        0.77795633393403        0.65533734035144
H            5.39515503034075        2.54032731359105        0.63430198979522
H            6.30930512117693        1.77200903307289       -0.69652112937808
H            3.08441278529394        2.13330495362407        0.71816429628659
H            1.87334529286216        0.67499989293632        2.12000853463835
H            2.36739930993939       -2.23419587481688        1.33586876746263
H            1.18768281112065       -1.73495665673363        2.57192410369067
H            3.95651926726146       -1.22550031249095        2.68184639011703
H            0.60346418100564       -1.01464268731276       -0.07261906137185
H           -1.55023977409496       -1.18026569323803        2.61801330218406
H           -2.22036249933541        0.92069544569479       -0.31032469152644
H           -4.09957960939037        1.97326544309704        1.04003395569261
H           -5.12922895639370        0.60113421443606        0.59709051438316
H           -4.04833208123609        2.50681604709283       -1.18102703371865
H           -4.14605721675087       -1.45848407292339       -0.31237415295292
H           -4.24922884015389        0.16911828380145       -2.08772305623732
H           -1.26587231703955       -1.24750113416125       -1.28688421109492
H           -2.74074985428568       -2.84356452345819       -2.24364000873821
H           -2.45915733412843       -2.69140949925179        1.12097074679565
H           -0.58920652925556       -3.66400939707312        0.22574561188353
H            0.37562214887491        2.00073312395875        0.28324533570338
H           -0.07982227611513        0.51788776504366       -2.07201722928328
H            2.18682405845178        0.72892500970595       -1.83289658283475
H            1.22022044447511        2.89899305087442       -2.08943931283738
48
 energy: -84.843968157495 gnorm: 0.000549540588 xtb: 6.7.1 (edcfbbe)
C            5.50512793779880        1.63233543606602        0.01266962335235
O            4.33190701414030        1.43338892921261       -0.76947009691439
C            3.16121599812755        1.33088255230322       -0.04476970715578
O            3.12198515987481        0.07169405917019        0.59198702549581
C            1.95890441704574       -0.12309641340245        1.37066541781164
C            2.12369380709269       -1.46790197976758        2.08996873127146
O            3.10175598432668       -1.42134661321803        3.09398316883541
C            0.66339941945328       -0.10338938970063        0.52811874600230
O           -0.38586583385012       -0.02735045775784        1.49214230456301
C           -1.52767325162693       -0.84975998384544        1.56816157579286
O           -2.69054481645697       -0.07609401506330        1.45312740509410
C           -3.03720210232000        0.33741419633869        0.13433448509696
C           -4.28842966208890        1.21811777069524        0.27013315860403
O           -4.66728660521445        1.79248653943264       -0.95644521861607
C           -3.30784786584734       -0.88912764828750       -0.74966519513713
O           -3.58580812378301       -0.54652620051422       -2.08389823527182
C           -2.06419708094828       -1.78392770381399       -0.75932476084580
O           -2.30897286804800       -3.01740620623317       -1.39369315713787
C           -1.63596472611856       -2.10496587750868        0.67869889642307
O           -0.44293506747037       -2.84191958150173        0.72284722395875
C            0.64316475185825        1.15940212249519       -0.36149437088864
O           -0.35203504692341        1.12288620273550       -1.35865849523867
C            1.99508558368030        1.46324250389288       -1.02753711810725
O            2.00831159185457        2.77169128532805       -1.53109854770344
H            5.69858140156945        0.76423675737049        0.64427033168420
H            5.40165180930769        2.52744905589387        0.63216708303628
H            6.30945916857642        1.76297079930416       -0.70522110663751
H            3.08964171904533        2.13354695730802        0.71786422826350
H            1.87279806814078        0.67963938092416        2.11957485648303
H            2.36113904469588       -2.23267437205865        1.34244475682653
H            1.18482580186700       -1.72662093491482        2.57890777288694
H            3.95395363565795       -1.21849693823925        2.68310059233360
H            0.60461872752608       -1.01257055819181       -0.07241211908130
H           -1.55106362580913       -1.18170737217269        2.61753256860686
H           -2.21966918735509        0.91974382389459       -0.31060502461891
H           -4.09745232759676        1.97496916537234        1.03643250816669
H           -5.12786473515968        0.60150087781808        0.59940560196676
H           -4.05165762104101        2.50360598534316       -1.18539941498949
H           -4.14502502621451       -1.45948996015192       -0.31305233181652
H           -4.25050985608050        0.16521368228990       -2.08946348816499
H           -1.26483581755724       -1.24818110839440       -1.28771917317069
H           -2.74087654287157       -2.84491096284583       -2.24382800427594
H           -2.45705436917826       -2.69376823035416        1.11951756744318
H           -0.58495425759009       -3.66211585903523        0.22301842608796
H            0.37484407218260        2.00235504857810        0.28683342272191
H           -0.08153448833243        0.52187253986265       -2.07002908248818
H            2.18428416225034        0.73463165613061       -1.83304996515265
H            1.21691083552540        2.90806538319265       -2.07758791846222
48
 energy: -84.843976987696 gnorm: 0.000500069238 xtb: 6.7.1 (edcfbbe)
C            5.50726738619475        1.62132194385004        0.00611983228262
O            4.33094935414603        1.42922252593928       -0.77316548372266
C            3.16190845205048        1.33036364002499       -0.04528024328292
O            3.12092102320927        0.07170787000350        0.59253672077513
C            1.95807681774005       -0.12002496808828        1.37219279803742
C            2.12054274713440       -1.46299491218114        2.09531603395764
O            3.10031025433638       -1.41641063220862        3.09727953772706
C            0.66303866980237       -0.10132106597067        0.52893823410553
O           -0.38686287688775       -0.02722827435933        1.49227180908483
C           -1.52796565611530       -0.85078368332948        1.56758361142998
O           -2.69104022336242       -0.07769941992971        1.45244077814714
C           -3.03674603042175        0.33625657165417        0.13332786482764
C           -4.28781490374917        1.21720978334031        0.26888999643436
O           -4.66856343438300        1.78878560314350       -0.95838951390175
C           -3.30722475409118       -0.89039470574945       -0.75052108602918
O           -3.58525030178822       -0.54836345716927       -2.08480529659436
C           -2.06308327069452       -1.78466032864584       -0.76009928636025
O           -2.30742106537581       -3.01805168854887       -1.39466975414387
C           -1.63470010040688       -2.10586289453398        0.67775539651989
O           -0.44061138467979       -2.84120236088158        0.72186836475101
C            0.64223600287009        1.16241647929370       -0.35900669655982
O           -0.35354109569801        1.12777603419522       -1.35556831231310
C            1.99393283996565        1.46663737235181       -1.02540803490501
O            2.00811158375788        2.77679399222755       -1.52446971085123
H            5.70053192091299        0.74944025035958        0.63254519879846
H            5.40792734612423        2.51348359571922        0.63057064247680
H            6.30962623401820        1.75373461558598       -0.71365161757155
H            3.09474015114370        2.13371342432438        0.71714034482881
H            1.87280938154083        0.68499034540468        2.11887807815372
H            2.35386543210335       -2.23126086317597        1.34995408823858
H            1.18164202104392       -1.71687998334147        2.58681871970387
H            3.95154510914462       -1.21221791774738        2.68506231933187
H            0.60599543365572       -1.01018050541256       -0.07245249302019
H           -1.55136365258066       -1.18332152708316        2.61675654295122
H           -2.21877094114047        0.91854428878781       -0.31081633098433
H           -4.09540580906481        1.97588782364578        1.03301232493354
H           -5.12673644913957        0.60148922547282        0.60117827122556
H           -4.05397963737269        2.50011296155371       -1.18950339936858
H           -4.14405526617666       -1.46104726004392       -0.31354154261959
H           -4.25172931667000        0.16170108215089       -2.09067732000769
H           -1.26374768568065       -1.24862460727497       -1.28833937493559
H           -2.73997157035719       -2.84587702357291       -2.24454376727139
H           -2.45500590111461       -2.69611516177354        1.11817367987124
H           -0.58102428628816       -3.66072686714277        0.22037053828821
H            0.37458384758848        2.00451279717458        0.29078745204731
H           -0.08421070579356        0.52742402179768       -2.06793392135303
H            2.18107768319950        0.74073202333195       -1.83385569724901
H            1.21518583392985        2.91698618313972       -2.06758534731740
48
 energy: -84.843983835832 gnorm: 0.000528669003 xtb: 6.7.1 (edcfbbe)
C            5.50873670731033        1.61206521315306        0.00097696987219
O            4.33009624872255        1.42595188189749       -0.77629826142724
C            3.16235187845268        1.32980819296036       -0.04603840075290
O            3.11992093366287        0.07149617404129        0.59247540899462
C            1.95734063767441       -0.11737861729373        1.37320918564264
C            2.11805437573849       -1.45850050250661        2.09997442266380
O            3.09939057005264       -1.41169799334984        3.10011325848683
C            0.66231050002890       -0.09944849936591        0.52986964795429
O           -0.38799805315409       -0.02702346367271        1.49272020842408
C           -1.52840205994340       -0.85178363052986        1.56735832830401
O           -2.69190273838730       -0.07946999979889        1.45212118689800
C           -3.03697120072944        0.33489179321515        0.13289153238011
C           -4.28766378088639        1.21635161590875        0.26807381408335
O           -4.66914396025134        1.78626361566978       -0.95977406394909
C           -3.30672979828236       -0.89175867129428       -0.75112059111925
O           -3.58518873054137       -0.55001828558769       -2.08534543590116
C           -2.06214342720948       -1.78544980908438       -0.76097334631924
O           -2.30575007201928       -3.01880675181339       -1.39589336492825
C           -1.63363558643101       -2.10653057953367        0.67685668061346
O           -0.43881110465045       -2.84066066677546        0.72080123508316
C            0.64174452132324        1.16511553827042       -0.35686408001808
O           -0.35474190615539        1.13229260881504       -1.35260924111014
C            1.99299524096922        1.46967312205871       -1.02406221361279
O            2.00833388069341        2.78129627469287       -1.51946910699404
H            5.70157073149325        0.73685975600818        0.62284465183918
H            5.41272864201212        2.50153076887258        0.62977576107001
H            6.30964060449665        1.74615681631704       -0.72010206488518
H            3.09855424759001        2.13359131446281        0.71628339815490
H            1.87314398885113        0.68960786773103        2.11790715291242
H            2.34774972406202       -2.22979062673941        1.35654819711087
H            1.17924723169792       -1.70823242923239        2.59386941668350
H            3.95018418816368       -1.20800391844762        2.68676489604443
H            0.60677029538141       -1.00795870686324       -0.07227879626629
H           -1.55162335216752       -1.18480940340349        2.61635238193938
H           -2.21872741808290        0.91715998465659       -0.31061773692094
H           -4.09460413883485        1.97608144385124        1.03099632227628
H           -5.12636531803604        0.60114093954430        0.60177752447436
H           -4.05475372998165        2.49730550576067       -1.19223941665066
H           -4.14312652501320       -1.46284466743942       -0.31390480180276
H           -4.25239304164569        0.15939359425764       -2.09098726969968
H           -1.26301229771145       -1.24878590328049       -1.28893127098423
H           -2.73826972321661       -2.84673903387885       -2.24580465551038
H           -2.45336230596667       -2.69781335558572        1.11698200393523
H           -0.57820977213203       -3.65983357043200        0.21838612488465
H            0.37511218097630        2.00660454446836        0.29408529429998
H           -0.08637058101218        0.53292469372107       -2.06615390835831
H            2.17818687111170        0.74588142861341       -1.83477062483791
H            1.21573562894885        2.92388874525977       -2.06229140300731
48
 energy: -84.843990069024 gnorm: 0.000460605937 xtb: 6.7.1 (edcfbbe)
C            5.50978051436197        1.60442010574580       -0.00287196938280
O            4.32941912706959        1.42342070286365       -0.77874375490521
C            3.16261324880833        1.32930114297880       -0.04677992846927
O            3.11885765351784        0.07122302046326        0.59207656413898
C            1.95671038495903       -0.11504436483003        1.37408674965850
C            2.11628923395988       -1.45463226968758        2.10388611489190
O            3.09906556966624       -1.40708679406676        3.10243080865521
C            0.66169964292879       -0.09767033884373        0.53063083346518
O           -0.38879792323594       -0.02649045694514        1.49312840144620
C           -1.52857862725203       -0.85242152015023        1.56702555672967
O           -2.69271233839995       -0.08108879681625        1.45179490417901
C           -3.03727236341013        0.33359597010947        0.13257439530837
C           -4.28805656034234        1.21497559310670        0.26734773157193
O           -4.66915747511170        1.78469836327916       -0.96071802169972
C           -3.30669325850312       -0.89298680257386       -0.75157730314445
O           -3.58567969493470       -0.55122937638351       -2.08571237206276
C           -2.06134754390202       -1.78568806059395       -0.76164086076376
O           -2.30404606781968       -3.01906793629135       -1.39683493475804
C           -1.63263201875754       -2.10699946924639        0.67609667178073
O           -0.43727596867227       -2.84023962925946        0.71985103089377
C            0.64099394627566        1.16767455701355       -0.35509732297964
O           -0.35644010840074        1.13635457456607       -1.34986599966827
C            1.99208730053791        1.47180366515066       -1.02302548659949
O            2.00861781567893        2.78451854348017       -1.51560265237308
H            5.70198526636234        0.72643055459845        0.61519281243554
H            5.41643818383292        2.49154973542568        0.62958102942379
H            6.30968510268545        1.73991851709800       -0.72480426106647
H            3.10139241464550        2.13325679081883        0.71563417072394
H            1.87372144542995        0.69368157077824        2.11701259000277
H            2.34317041424813       -2.22841366768404        1.36217804805308
H            1.17776536719264       -1.70114919295833        2.59997819899294
H            3.94975652129487       -1.20546147610708        2.68786365898234
H            0.60707122785841       -1.00581481705336       -0.07220349693799
H           -1.55166960599634       -1.18595103586830        2.61581001799703
H           -2.21882650641546        0.91600222353389       -0.31041073130921
H           -4.09496855563046        1.97490636072087        1.03001903528208
H           -5.12696511634140        0.60006183108195        0.60104685768219
H           -4.05416835794304        2.49510755277880       -1.19356024086864
H           -4.14260591895123       -1.46478276354017       -0.31428375356560
H           -4.25272893066563        0.15838256856219       -2.09085977374887
H           -1.26251638909859       -1.24832257685113       -1.28938734157537
H           -2.73610053911846       -2.84709373171243       -2.24700964614486
H           -2.45199656091908       -2.69899869138276        1.11598668034366
H           -0.57613737588939       -3.65939560759944        0.21725257703647
H            0.37566715706814        2.00881778729324        0.29682405881311
H           -0.08877855002397        0.53809039952873       -2.06460533266478
H            2.17550778060846        0.74959536868713       -1.83545081089063
H            1.21785624404521        2.92823622677943       -2.06077855174200
48
 energy: -84.843996490161 gnorm: 0.000362995671 xtb: 6.7.1 (edcfbbe)
C            5.51058508266329        1.59703846561265       -0.00629637159425
O            4.32865081658030        1.42114753488268       -0.78096029388598
C            3.16269174787019        1.32880429988947       -0.04747492092527
O            3.11766573321300        0.07089387275672        0.59151696406701
C            1.95600650156179       -0.11273599212117        1.37490878629108
C            2.11490250698029       -1.45078590674654        2.10766793146249
O            3.09928824786554       -1.40184171170580        3.10456704795467
C            0.66083036627511       -0.09581866912683        0.53169406653376
O           -0.38987013857765       -0.02579584574150        1.49390352436884
C           -1.52896672231935       -0.85290450858656        1.56693575552552
O           -2.69392023922541       -0.08276974799586        1.45169812279269
C           -3.03820662310863        0.33218039464847        0.13257730756656
C           -4.28911595988702        1.21338213845738        0.26681118277250
O           -4.66885276391325        1.78397109111916       -0.96131939883608
C           -3.30664517582373       -0.89425465652563       -0.75205885017902
O           -3.58624307374880       -0.55217752999049       -2.08603311264172
C           -2.06049211433242       -1.78581288425893       -0.76247359913616
O           -2.30189668854091       -3.01927774209294       -1.39804248808795
C           -1.63158661155424       -2.10713697096047        0.67527373957893
O           -0.43568253088927       -2.83942807013990        0.71880379587497
C            0.64035433297484        1.17019653241711       -0.35330564990520
O           -0.35792297224165        1.14020702496962       -1.34718351276229
C            1.99120448965428        1.47378010308139       -1.02220545781307
O            2.00905141267998        2.78732602147643       -1.51262546102372
H            5.70204408875051        0.71634934771524        0.60812240540345
H            5.41994288767979        2.48192518497348        0.62967963072119
H            6.30962912327296        1.73375247324403       -0.72895693653312
H            3.10381517779382        2.13282308135818        0.71511098583115
H            1.87433660193621        0.69765704542250        2.11610251679454
H            2.33950655905377       -2.22677512242851        1.36763142781702
H            1.17689124806232       -1.69470602416730        2.60601834987548
H            3.94995523390943       -1.20364910912687        2.68827030116236
H            0.60691657044697       -1.00356104064299       -0.07177610789814
H           -1.55199462233798       -1.18700192638659        2.61551407526813
H           -2.21979337924221        0.91500441261094       -0.30988692066208
H           -4.09693315344956        1.97279514482184        1.03024738917783
H           -5.12839680956013        0.59818503726197        0.59899112346555
H           -4.05261999936783        2.49347916073095       -1.19369315208456
H           -4.14199315797057       -1.46701613740635       -0.31495318837321
H           -4.25256981749487        0.15820354168478       -2.09045949546468
H           -1.26215102148107       -1.24745237620402       -1.28995123557842
H           -2.73342556129372       -2.84743741514482       -2.24850697283940
H           -2.45055641774953       -2.69991722506774        1.11483217492660
H           -0.57412392851442       -3.65886067321849        0.21655937065249
H            0.37630312404700        2.01116491407758        0.29927987900462
H           -0.09080567699186        0.54302603273265       -2.06301805455576
H            2.17288395098356        0.75260239324966       -1.83583987625997
H            1.22130856298887        2.93121638829119       -2.06221184549449
48
 energy: -84.844002346769 gnorm: 0.000261322421 xtb: 6.7.1 (edcfbbe)
C            5.51141685198491        1.58961827973169       -0.00962561562587
O            4.32788485070978        1.41886982009690       -0.78298079032888
C            3.16270836389380        1.32838849611883       -0.04800146949738
O            3.11633876642595        0.07072227989735        0.59118742874997
C            1.95512641296149       -0.11037729275432        1.37584227734845
C            2.11385218725796       -1.44687055175808        2.11145670664480
O            3.09998393482019       -1.39623161703754        3.10673460971814
C            0.65984368349129       -0.09385596662541        0.53283932875820
O           -0.39104540704018       -0.02491235305877        1.49485783242592
C           -1.52938818186016       -0.85320357979135        1.56685420084210
O           -2.69524202945872       -0.08438339258650        1.45157505543321
C           -3.03929970750982        0.33088467708138        0.13260164000210
C           -4.29084873874686        1.21122978839003        0.26625582464971
O           -4.66846401672488        1.78383644456513       -0.96162248914182
C           -3.30656728442289       -0.89532615129858       -0.75266300719830
O           -3.58651093532748       -0.55264783824447       -2.08646918208412
C           -2.05944207675370       -1.78552540000637       -0.76329203013671
O           -2.29942737469024       -3.01907684635426       -1.39923676250197
C           -1.63045498824903       -2.10709402701945        0.67444749342900
O           -0.43389130325565       -2.83828691238270        0.71782059544497
C            0.63951882325621        1.17268791755901       -0.35159740817702
O           -0.35955807208979        1.14367331506738       -1.34470144819449
C            1.99028401018934        1.47551079096883       -1.02129346748322
O            2.00940952996622        2.78956637103254       -1.51027898862037
H            5.70197965486939        0.70634434879276        0.60134462144136
H            5.42360342961771        2.47237257224469        0.62966842792792
H            6.30958809709511        1.72725351534864       -0.73309219659293
H            3.10609214070260        2.13253925444617        0.71462593455517
H            1.87476610427035        0.70152566913721        2.11546657173119
H            2.33656637038388       -2.22479377904329        1.37295087708570
H            1.17647829184059       -1.68872358067419        2.61198374348809
H            3.95050297875912       -1.20191011647908        2.68829144691062
H            0.60650126576394       -1.00122405838981       -0.07117205751227
H           -1.55252965148092       -1.18795969944332        2.61520868470826
H           -2.22102012650026        0.91439466757191       -0.30926855345702
H           -4.10024466022243        1.96944574681819        1.03127128901321
H           -5.13068128897198        0.59535951756722        0.59578516556580
H           -4.05067167388697        2.49248813225288       -1.19255610271556
H           -4.14142573735066       -1.46921946415588       -0.31606635893944
H           -4.25191747803429        0.15866789974358       -2.09025685783525
H           -1.26158291340865       -1.24614573259153       -1.29047497635480
H           -2.73064745591387       -2.84745272409480       -2.24989142087967
H           -2.44899601047083       -2.70080895895827        1.11353075707172
H           -0.57178564255490       -3.65809736623485        0.21609338241797
H            0.37658963690028        2.01363999862351        0.30141050927143
H           -0.09289764722674        0.54723145524154       -2.06133166622783
H            2.17035262049297        0.75486027483670       -1.83567964435282
H            1.22515160446701        2.93301052932593       -2.06506695720527
48
 energy: -84.844006462304 gnorm: 0.000248142492 xtb: 6.7.1 (edcfbbe)
C            5.51206884702899        1.58370351965704       -0.01240037555292
O            4.32718795658103        1.41699265933917       -0.78456137024421
C            3.16266668308638        1.32820261517544       -0.04829519698849
O            3.11531920773334        0.07087311747527        0.59127615756513
C            1.95443677229429       -0.10836925210906        1.37685025779227
C            2.11298450706729       -1.44391373849735        2.11430194970648
O            3.10046455704251       -1.39178089599012        3.10830318058111
C            0.65916126049285       -0.09225100866097        0.53395364261716
O           -0.39200832534192       -0.02409515823801        1.49572701991929
C           -1.52977558959372       -0.85323038276173        1.56689219757303
O           -2.69638074507067       -0.08549963261082        1.45155056244498
C           -3.04039519372120        0.32996760345317        0.13269412354478
C           -4.29264684442616        1.20931530669096        0.26589750321099
O           -4.66819926265384        1.78411737984658       -0.96161513771956
C           -3.30621940659754       -0.89599708912077       -0.75334730605184
O           -3.58605849357079       -0.55265936742863       -2.08705422207140
C           -2.05839883899627       -1.78518624310109       -0.76394263121635
O           -2.29714875161333       -3.01878274337412       -1.40028354160081
C           -1.62946896869854       -2.10683117297756        0.67385215845812
O           -0.43232766406641       -2.83707210364631        0.71724117737232
C            0.63883698683174        1.17456119216088       -0.35020046474046
O           -0.36067453920428        1.14606034790644       -1.34292224443303
C            1.98956744484675        1.47655032033194       -1.02061084506197
O            2.00958701699210        2.79080267652783       -1.50893218504128
H            5.70189547016536        0.69859025605735        0.59609681048040
H            5.42680303814120        2.46497186769693        0.62925637739205
H            6.30949963246946        1.72165971411217       -0.73662052159259
H            3.10796317108292        2.13261685854466        0.71422475565358
H            1.87489014033894        0.70468840724623        2.11524806257383
H            2.33453199481286       -2.22320757580853        1.37695761546362
H            1.17616330557548       -1.68441698577255        2.61647456367523
H            3.95076637336764       -1.20046258982529        2.68804518874196
H            0.60620407934647       -0.99938723621602       -0.07037467359642
H           -1.55310667998789       -1.18850188877940        2.61508989979207
H           -2.22246101401995        0.91441651162987       -0.30860169613532
H           -4.10402900826020        1.96613710811930        1.03282695218590
H           -5.13282355367933        0.59231871667345        0.59241256176535
H           -4.04929442300108        2.49243074830544       -1.19065024758859
H           -4.14076534376923       -1.47091081064188       -0.31749549060145
H           -4.25082727962967        0.15928414804844       -2.09054062934768
H           -1.26088980380776       -1.24498085361788       -1.29079237541779
H           -2.72839158372739       -2.84733354886601       -2.25095108270310
H           -2.44764561928947       -2.70139442184122        1.11241716347722
H           -0.56962444392373       -3.65718277248193        0.21587877686177
H            0.37656166386566        2.01561819973512        0.30291608958437
H           -0.09434557894815        0.54982391809827       -2.05984409587114
H            2.16846217576846        0.75599381510247       -1.83534462754530
H            1.22788387891927        2.93374481939907       -2.06751883274362
