48
 energy: -84.827824955481 gnorm: 0.074447960826 xtb: 6.7.1 (edcfbbe)
C            3.93465431564502       -0.41715515712553        0.98034695125602
O            3.22218535744134       -0.74486063849918       -0.20536759023275
C            3.19594171574207        0.28109375001912       -1.16132046510848
O            2.52155478813094        1.42020181740374       -0.71600557733030
C            1.10427171153061        1.46161916453409       -0.90020966964059
C            0.57505438848361        2.30290778470080        0.26926421764541
O            0.98461511197313        3.64084870078452        0.17961371131360
C            0.47296123320931        0.06586836095421       -0.94390309407604
O           -0.90145244478610        0.20529624285159       -1.26991938607086
C           -1.86402909624265       -0.61867490276841       -0.60744035950046
O           -1.38363401416931       -1.31359515299266        0.48533464354285
C           -1.49492117109777       -0.60816919996650        1.72450637361539
C           -0.73002325141089       -1.43162032600195        2.76808941079834
O            0.59831169111730       -1.66730653193956        2.37786546545220
C           -2.97290739631606       -0.39858040281840        2.12059430335877
O           -3.13728337558834        0.77357968934858        2.87103013718357
C           -3.87160945554456       -0.38755041734898        0.86092123412542
O           -4.27098493603913       -1.66511387154630        0.44414401505955
C           -3.10912646580038        0.25253735543580       -0.30469741569001
O           -2.78683534630984        1.57105868231877        0.05211854567503
C            1.14873727918505       -0.83740562817298       -2.01168002398559
O            1.22778395888194       -2.17083591840461       -1.58682794799269
C            2.53541784769456       -0.30572131640411       -2.41738001674549
O            2.38148455362509        0.65228922506190       -3.42773279129108
H            3.52475469071160        0.48385784559949        1.44037939300906
H            4.99415636182003       -0.26388961980791        0.75481859611128
H            3.80691871792187       -1.26303849443033        1.64988442811922
H            4.22458719267794        0.63027105855575       -1.36410181860270
H            0.88491928747931        1.96945709395005       -1.84985713654012
H            0.93150629789187        1.85124242382154        1.20759324333449
H           -0.51469566391794        2.31502226193455        0.26375735086540
H            1.94649505497334        3.65448962152081        0.08667734547071
H            0.59828403119258       -0.41470275046868        0.03234653749289
H           -2.16044548724421       -1.40894992536657       -1.31834383619206
H           -1.02407505635406        0.38006610988664        1.62705625653660
H           -1.25787925082160       -2.37996604498520        2.92799915432311
H           -0.69388946467898       -0.87379834525350        3.70534198399210
H            0.56862343883411       -2.20506063733260        1.57510671385624
H           -3.29447961421466       -1.21618019225841        2.77602037968903
H           -2.97819545733193        1.53354476441185        2.29106261060637
H           -4.74447011631709        0.24469235533964        1.08715335234878
H           -4.81723696672310       -2.07257766678903        1.13003352093062
H           -3.75018914574763        0.23842689973482       -1.19483574929087
H           -2.40971985124502        2.00596081661998       -0.72481213995096
H            0.51089449672927       -0.83068768887446       -2.90248929333096
H            1.89514114569190       -2.21605062521695       -0.88445650667579
H            3.13158245548141       -1.16225091346460       -2.76538676482799
H            3.24724382348529        0.93940682671174       -3.74881036356601
48
 energy: -84.832886463727 gnorm: 0.009281368227 xtb: 6.7.1 (edcfbbe)
C            3.93318745242169       -0.41887984211001        0.97895372674214
O            3.22296744655512       -0.74739938025888       -0.20817697184961
C            3.19171790454484        0.28241095457259       -1.15991839164545
O            2.51190810161866        1.41472731964740       -0.70278261805904
C            1.09294155242536        1.45582404367871       -0.87878852337249
C            0.56546809418216        2.29788535739645        0.28697422361031
O            0.97833722560226        3.63493530307559        0.19046678869628
C            0.47630941124122        0.05699794610937       -0.99167585655024
O           -0.90301133867825        0.16698472384589       -1.30622857329112
C           -1.86385378578178       -0.62061987397505       -0.60067982997277
O           -1.38282663408759       -1.29661720640949        0.50277126696436
C           -1.49442323665679       -0.59220313008375        1.73805997682334
C           -0.72898820899054       -1.42452908840812        2.77451456431865
O            0.59787359172940       -1.66275195614675        2.37983189456432
C           -2.97482798158597       -0.39114696293732        2.12623863131705
O           -3.14408418292369        0.78039263505905        2.87561415908517
C           -3.86963053515233       -0.38333331528190        0.86318449468457
O           -4.26692599469172       -1.66211124985735        0.44722984076805
C           -3.10696991378961        0.25491800326369       -0.30402208173506
O           -2.78451255556648        1.57454942788415        0.04793249952089
C            1.16022082972578       -0.84791731707674       -2.04146974967321
O            1.23806722779104       -2.17769349634804       -1.60484658769116
C            2.54570845111742       -0.30403781749404       -2.42517199045913
O            2.39072472652117        0.65559238640647       -3.43338331875584
H            3.52179319560774        0.48150632131041        1.43907507528198
H            4.99274913923833       -0.26374544112651        0.75499856876570
H            3.80608702542248       -1.26491254917722        1.64836301355982
H            4.21947063791415        0.63732485685601       -1.35815377643893
H            0.88074057410955        1.97581628757909       -1.82469912378001
H            0.92368743840527        1.84733181705382        1.22446952930678
H           -0.52380816316526        2.31190101354752        0.27754518054938
H            1.93982017325341        3.64691635868170        0.09229373219878
H            0.59971104496867       -0.42653236592654       -0.01444672889918
H           -2.17016536258812       -1.42359760834521       -1.29389831482925
H           -1.02332129221312        0.39502993285066        1.63874748664121
H           -1.25847387564005       -2.37296658504764        2.92993623517186
H           -0.69000097080643       -0.87173845878826        3.71423823030140
H            0.56537414174589       -2.19956721538782        1.57654297509904
H           -3.29560302785342       -1.21066736213166        2.77973299325049
H           -2.98224210188524        1.53971505056306        2.29567419112344
H           -4.74418285208985        0.24739613642906        1.08670316518321
H           -4.81525867951646       -2.06927539148319        1.13164232189895
H           -3.74888020767977        0.23644134763994       -1.19354766187563
H           -2.40739151544900        2.00661024643272       -0.73009311634260
H            0.52552034310840       -0.84408573028836       -2.93361236827496
H            1.89507830776181       -2.21545718703884       -0.89201879967694
H            3.14769248119692       -1.15705503842428       -2.77088604232564
H            3.25622381845344        0.94763058281876       -3.74975241092535
48
 energy: -84.833751336499 gnorm: 0.006233153802 xtb: 6.7.1 (edcfbbe)
C            3.92998797798902       -0.42384985797609        0.97641543192153
O            3.22398435745520       -0.75204010076892       -0.21352150315205
C            3.19075906354884        0.28318366862603       -1.15966038829304
O            2.50219503439647        1.40787633199568       -0.69800007049605
C            1.08296903128973        1.44617303643024       -0.88044255017836
C            0.55439683119343        2.27311890041063        0.29582173853491
O            0.96482167971481        3.61114440010423        0.20140012799899
C            0.47081103847010        0.04327181353823       -1.00835471623246
O           -0.90872941560083        0.14799662469584       -1.32448555337798
C           -1.86337944652842       -0.62985770646526       -0.59868308099622
O           -1.37240536399764       -1.28215744722501        0.51499437931903
C           -1.49278388061294       -0.57663785948674        1.74788638398715
C           -0.72866187834476       -1.41135629436393        2.78418606115181
O            0.59714611619100       -1.65188223029440        2.38746497267766
C           -2.97479975039394       -0.38002720019942        2.13249361971901
O           -3.15405823271439        0.79112532075544        2.88065768322495
C           -3.86512928404660       -0.37822236637072        0.86595229240808
O           -4.26107497063832       -1.65881107474981        0.45390675995090
C           -3.10102381398303        0.25412917502592       -0.30392767141154
O           -2.77550364823920        1.57494530693519        0.04177435977596
C            1.16862616996315       -0.84299447849872       -2.06352755543907
O            1.24829749040908       -2.17373637820202       -1.63162303431905
C            2.55646255569152       -0.29655262752478       -2.43413614276287
O            2.40560709116237        0.66928004419507       -3.43690087692533
H            3.51566092378337        0.47539218928293        1.43624287741669
H            4.98986168311785       -0.26609589437529        0.75555526526200
H            3.80269471224682       -1.27059840209006        1.64477817821429
H            4.21689995358748        0.64678811197546       -1.35066338183064
H            0.87437643085027        1.98660038216000       -1.81829357763879
H            0.91503164637024        1.82430739935668        1.23335771400554
H           -0.53489290851884        2.28874782535480        0.29030430723641
H            1.92589288385407        3.62647067013018        0.09917031821003
H            0.59056471316725       -0.45577667442548       -0.03575804052534
H           -2.17935554619138       -1.44452442303372       -1.27500947393161
H           -1.02383882748479        0.41185019846139        1.65349105525301
H           -1.26014053323247       -2.35938644003097        2.93498800995193
H           -0.68756000834418       -0.86340166707270        3.72666636334767
H            0.56259214791571       -2.18766897114308        1.58360607990691
H           -3.29494884710039       -1.20087931772033        2.78461850631760
H           -2.99035302912762        1.55065022594424        2.30170815677082
H           -4.74063129503838        0.25280299003359        1.08496147706462
H           -4.81254430680128       -2.06317342130618        1.13744357567395
H           -3.74425103600564        0.23345332420100       -1.19242557643309
H           -2.40357296543002        2.00458951823835       -0.74000328097347
H            0.54408045781302       -0.84187704418085       -2.96309885158968
H            1.89640601703252       -2.21170449933822       -0.91036078320014
H            3.16729572984882       -1.14394649719585       -2.77913321766913
H            3.27221517157382        0.96325789933574       -3.74835443914835
48
 energy: -84.834211098052 gnorm: 0.004921990534 xtb: 6.7.1 (edcfbbe)
C            3.92465113986400       -0.43211530574367        0.97232018416757
O            3.22499009881042       -0.75713773624969       -0.22238103076006
C            3.19144118789295        0.28556637128702       -1.16055903630119
O            2.49394174187032        1.40232280835543       -0.69574478552826
C            1.07480300956433        1.43437554544493       -0.88498274921121
C            0.54161347448527        2.24406811970078        0.30223576655525
O            0.94577910102104        3.58548019475382        0.21987505144117
C            0.46794976603440        0.02873765843931       -1.01948417809553
O           -0.91167170744642        0.13368723770090       -1.33621175974818
C           -1.85991299701917       -0.63939837339234       -0.59402899851155
O           -1.35766449746834       -1.26821834440052        0.52864754188908
C           -1.49120462829300       -0.55972698602000        1.75869453264668
C           -0.72926578614876       -1.39390958521520        2.79806099983668
O            0.59673771083502       -1.63518534544071        2.40278866889126
C           -2.97558691997785       -0.36729107556681        2.13719080794028
O           -3.16498211924451        0.80393682176139        2.88318323411511
C           -3.86219545326731       -0.37297079068580        0.86776208990710
O           -4.25587462068373       -1.65672668040305        0.46341679591466
C           -3.09486770419451        0.25021211299555       -0.30511205214493
O           -2.76422724788028        1.57162024816568        0.03353975960786
C            1.17591707231111       -0.83789609524554       -2.08677139412031
O            1.26072038081372       -2.17457688881285       -1.67197546932858
C            2.56525593088204       -0.28393365682200       -2.44343348411783
O            2.42255353938166        0.69174068994427       -3.43803093902074
H            3.50607150945071        0.46490532619900        1.43264515599638
H            4.98524161945409       -0.27139228720532        0.75681543755395
H            3.79593962523174       -1.28091124269638        1.63772559260269
H            4.21638021632265        0.65752731919574       -1.34247175563527
H            0.86497926676470        1.98854860653534       -1.81467720973273
H            0.90754439002449        1.78954978523475        1.23498809124091
H           -0.54786075023438        2.25632645614663        0.30283397121134
H            1.90622013872427        3.60567198375844        0.11262550334689
H            0.58802154554796       -0.48439584448347       -0.05407934605362
H           -2.18286093177619       -1.46557217438959       -1.25261309496582
H           -1.02503208923598        0.43056183502195        1.67035833390858
H           -1.26214214082439       -2.34145777352881        2.94651527179946
H           -0.68803045244527       -0.84794500487195        3.74155239309777
H            0.56217718647967       -2.17070020083072        1.59889962207881
H           -3.29458137971286       -1.18817340824565        2.78981350834379
H           -2.99899310241118        1.56405938185099        2.30593886052437
H           -4.73841046472916        0.25940417097103        1.08019512860073
H           -4.81124784057481       -2.05587206144084        1.14685432841384
H           -3.73743494104402        0.22807118562924       -1.19400375511576
H           -2.40017336696501        1.99903516225742       -0.75329863481498
H            0.56084637080574       -0.83251557447924       -2.99321970401273
H            1.90098485626722       -2.21687366457233       -0.94393153392281
H            3.18205213796165       -1.12602953035710       -2.79103887849358
H            3.29140604564536        0.98551309292541       -3.74394491342882
48
 energy: -84.834460951741 gnorm: 0.003111038143 xtb: 6.7.1 (edcfbbe)
C            3.91798460314653       -0.44116306678543        0.96764990408130
O            3.22473591696223       -0.76088431562868       -0.23236240634890
C            3.19276931374660        0.28844778268673       -1.16333512464703
O            2.49062414510475        1.40054069874616       -0.69652994565041
C            1.07196216789968        1.42562999309141       -0.88949421636701
C            0.53319252567601        2.22101952245749        0.30575295685376
O            0.92879798730836        3.56649470690787        0.23890346877961
C            0.47052887920422        0.01884936994639       -1.02358991165902
O           -0.90974035455344        0.12277526617831       -1.33813379744015
C           -1.85536075484646       -0.64694172959636       -0.58724398710652
O           -1.34742026291965       -1.26153226764665        0.54058835403776
C           -1.49151673018854       -0.54859595101895        1.76777537428690
C           -0.73191167111783       -1.37791217747863        2.81347104208830
O            0.59577541011877       -1.61767616800022        2.42332770021049
C           -2.97783018983293       -0.35804649186071        2.13977849471464
O           -3.17306763502994        0.81441954275786        2.88239857796821
C           -3.86095647492858       -0.37047557094427        0.86786631892541
O           -4.25323246194140       -1.65716766233670        0.47160936368900
C           -3.09002496900897        0.24506102800225       -0.30651125963561
O           -2.75704992226191        1.56731805068779        0.02654624253410
C            1.18180369855227       -0.83164584632494       -2.10476458009583
O            1.27065456021409       -2.17580161533660       -1.71176082553228
C            2.57187254689223       -0.27157046211521       -2.45250442186284
O            2.43472840187906        0.71393233486198       -3.43846987908860
H            3.49566660997430        0.45315483674327        1.42978496865971
H            4.97948831199850       -0.27815042695947        0.75829128382158
H            3.78707555613492       -1.29297228735731        1.62876724073962
H            4.21744979790283        0.66427545391500       -1.33790087042704
H            0.85820508322858        1.98237768593518       -1.81508549030562
H            0.90378215460929        1.75750881348453        1.23248062040085
H           -0.55629812593362        2.22626714102383        0.30885467755189
H            1.88867349640190        3.59211523481984        0.12863206833866
H            0.59546411287354       -0.50209686671187       -0.06461733880010
H           -2.17848385693768       -1.48056739998306       -1.23464463162698
H           -1.02737800603952        0.44269317024579        1.68171124737032
H           -1.26405674635994       -2.32557292525156        2.96319195151162
H           -0.69372937620152       -0.82920290790105        3.75537808905074
H            0.56429341038337       -2.15413558795381        1.62012568422620
H           -3.29665507038901       -1.17738929794038        2.79441736977431
H           -3.00423414709317        1.57458875662197        2.30620789885165
H           -4.73735783857925        0.26369942885421        1.07380978856674
H           -4.81256779038413       -2.05028187157492        1.15537049129619
H           -3.72932520998772        0.22056948183552       -1.19753878739874
H           -2.39984679990486        1.99338347945071       -0.76426127173067
H            0.56949041275564       -0.81527082748182       -3.01288869465027
H            1.90753658054515       -2.22696142330844       -0.98176507249168
H            3.19015201296658       -1.11030220505092       -2.80557250607958
H            3.30533461949233        1.00719205639150       -3.74023423077640
48
 energy: -84.834676846137 gnorm: 0.003336148489 xtb: 6.7.1 (edcfbbe)
C            3.90855943558997       -0.45294107321843        0.96147750930593
O            3.22338568613165       -0.76457483245323       -0.24546098907717
C            3.19556875396560        0.29193016983794       -1.16851415052827
O            2.49118541322278        1.40086041543579       -0.69915449236293
C            1.07309461976579        1.41817942975935       -0.89279479083644
C            0.52747696740595        2.20013313722624        0.30857370793849
O            0.91225224513521        3.54989917338885        0.26050193352993
C            0.47808536582873        0.01027475622358       -1.02397137648528
O           -0.90340287451004        0.11122828462766       -1.33365201422011
C           -1.84834541930203       -0.65557192837347       -0.57800263697049
O           -1.33885327023892       -1.26061587133974        0.55373987988140
C           -1.49293893915595       -0.54073203455641        1.77704601011045
C           -0.73691923269995       -1.35990920992669        2.83373382915293
O            0.59427757918782       -1.59647186760976        2.45385824607412
C           -2.98114149852611       -0.35014191369023        2.14126262438460
O           -3.18001490131193        0.82528393203761        2.87807860155610
C           -3.86032714089314       -0.37024253505945        0.86677971781145
O           -4.25211816647601       -1.65986714311440        0.47983618245462
C           -3.08439906719708        0.23695138577964       -0.30824146472720
O           -2.75266969413166        1.56112222657490        0.01874347966416
C            1.18741282198745       -0.82284432532931       -2.12278398621640
O            1.27824563226797       -2.17584983822890       -1.75780062301173
C            2.57787172874831       -0.25709896836802       -2.46336857299251
O            2.44387557299737        0.73924275865268       -3.43919481183802
H            3.48212366406742        0.43756294271794        1.42719004716969
H            4.97128003991501       -0.28745908502263        0.76031945843772
H            3.77434076799482       -1.30943485343741        1.61595168382672
H            4.22093820196629        0.66864243136275       -1.33569428285541
H            0.85368519735699        1.97236386728261       -1.81660097555046
H            0.90148752273648        1.72574004699313        1.22872860048615
H           -0.56189589819163        2.19558376830213        0.31025533031890
H            1.87166147848290        3.58243493932523        0.14957229150196
H            0.61157209107104       -0.51700008846029       -0.07161857349993
H           -2.16778751086835       -1.49483365941805       -1.21809174920879
H           -1.03060805607623        0.45087570103166        1.68894416722678
H           -1.26629309253586       -2.30833423245664        2.98798691977366
H           -0.70627777308115       -0.80341790068903        3.77141707781024
H            0.56969455600014       -2.13547454576674        1.65225595147528
H           -3.30142185180176       -1.16611985306449        2.79943143433982
H           -3.00696900199635        1.58433850146293        2.30172347312631
H           -4.73659755203935        0.26646103404681        1.06505564816293
H           -4.81652693125676       -2.04513939324124        1.16400035593799
H           -3.71842157162351        0.20768909804040       -1.20269572830317
H           -2.40290253089886        1.98649306253504       -0.77573117172738
H            0.57276652194611       -0.78791059811563       -3.02874171622440
H            1.91455350039327       -2.24160473571992       -1.02896145272065
H            3.19567550923083       -1.09250235778211       -2.82480763015465
H            3.31575902380639        1.03279826481895       -3.73709904315855
48
 energy: -84.834834666606 gnorm: 0.003985809197 xtb: 6.7.1 (edcfbbe)
C            3.89816912007054       -0.46614126891138        0.95491420124438
O            3.22107414050952       -0.76837254676481       -0.25905455220414
C            3.19886341563175        0.29486282884717       -1.17454925848847
O            2.49474023011693        1.40225682574913       -0.70131342051075
C            1.07696858664715        1.41357779151573       -0.89265871199975
C            0.52549576932850        2.18596410082211        0.31186455145360
O            0.90114577659071        3.53832499290713        0.27936877212556
C            0.48751514508513        0.00417730917520       -1.02198837402471
O           -0.89535774974233        0.10076269802100       -1.32580825824580
C           -1.84024419878880       -0.66462754631069       -0.56900157454470
O           -1.33266774267675       -1.26542707292239        0.56563933471974
C           -1.49425720304021       -0.53701325000165        1.78430714346019
C           -0.74266731897238       -1.34235434073650        2.85465665564318
O            0.59337777288167       -1.57485137808066        2.48915787734477
C           -2.98394533610177       -0.34479222377753        2.14147125916423
O           -3.18413436152543        0.83518934335555        2.87049297122871
C           -3.85964180262281       -0.37270757305726        0.86491893982803
O           -4.25215870282741       -1.66463955608407        0.48669506889595
C           -3.07905639050660        0.22666594672903       -0.31054722205228
O           -2.75190284721527        1.55377052050617        0.00993036466254
C            1.19164271161296       -0.81300710146458       -2.13762302468386
O            1.28050359552790       -2.17363515714729       -1.80080063489607
C            2.58216628825077       -0.24355015585732       -2.47396416492310
O            2.44779038811411        0.76219481254692       -3.44034354217181
H            3.46772351032634        0.41983204730812        1.42564028892717
H            4.96200848807891       -0.29790753222211        0.76224308380343
H            3.76066175091518       -1.32837164628388        1.60128267717517
H            4.22558903366465        0.67001824089503       -1.33571551888164
H            0.85239313683562        1.96410900503559       -1.81658009751971
H            0.89962357287996        1.70334044770762        1.22778496498838
H           -0.56370756716748        2.17298796394756        0.30818425211029
H            1.86049197969388        3.57753142783044        0.17166833976134
H            0.63020020560831       -0.52848804599536       -0.07498583977551
H           -2.15437691894786       -1.50740150273128       -1.20662123300903
H           -1.03341950423924        0.45433670290806        1.68964759359942
H           -1.26782999265151       -2.29206394189180        3.01552096883349
H           -0.72343895016009       -0.77473119912970        3.78633658617940
H            0.57881208860257       -2.11822738927970        1.69026045041811
H           -3.30671272340958       -1.15615407466743        2.80421671803134
H           -3.00677260438734        1.59149766389416        2.29176626530990
H           -4.73547732360282        0.26676928388466        1.05588795080645
H           -4.82174724911200       -2.04186035870224        1.17113037062686
H           -3.70773874315688        0.19023902776972       -1.20839276833187
H           -2.40895596350809        1.97890386223731       -0.78748537876995
H            0.57175835379093       -0.75664472205943       -3.03914161480827
H            1.91851218485794       -2.25701793952926       -1.07540364191388
H            3.19906108484264       -1.07552456871592       -2.84449846533544
H            3.31992078720727        1.05819573195453       -3.73502842443797
48
 energy: -84.834937714626 gnorm: 0.002902412324 xtb: 6.7.1 (edcfbbe)
C            3.88945134305355       -0.47872147773089        0.94932910717444
O            3.21878448815654       -0.77240236194743       -0.27019835273554
C            3.20157843567368        0.29635973859606       -1.17930386327226
O            2.49912796454834        1.40320786149624       -0.70123065410636
C            1.08131516476990        1.41210564726771       -0.88938480334905
C            0.52661265675947        2.18061164311259        0.31543060996546
O            0.89817387205370        3.53317581926132        0.29100069093926
C            0.49508858093542        0.00111385104449       -1.01934516880471
O           -0.88877836034710        0.09321776651715       -1.31857090887236
C           -1.83319813882430       -0.67253042532663       -0.56283208683787
O           -1.32902560925830       -1.27306561971611        0.57391369865777
C           -1.49465164661076       -0.53660842065086        1.78809175424227
C           -0.74728399349114       -1.32805057131372        2.87108596637535
O            0.59368489538543       -1.55623785503440        2.52064564849033
C           -2.98523284977212       -0.34235700080341        2.14058989086446
O           -3.18522283395350        0.84254773353346        2.86169491045700
C           -3.85882617227584       -0.37702742577759        0.86304532197572
O           -4.25242602797290       -1.67043378870666        0.49126161171578
C           -3.07526264270448        0.21636905834155       -0.31305791227110
O           -2.75374144913442        1.54657654047498        0.00108535210086
C            1.19349726154043       -0.80443506470451       -2.14698371462088
O            1.27729423018708       -2.16949282159208       -1.83172771150227
C            2.58394886694252       -0.23353529046305       -2.48167250113419
O            2.44681433530350        0.77835680436364       -3.44130030890133
H            3.45534100734302        0.40263882502577        1.42544586145298
H            4.95392037027939       -0.30733654087252        0.76346038916967
H            3.75009627668352       -1.34652793297163        1.58784740971490
H            4.22965440496541        0.66919860407559       -1.33672280246635
H            0.85378962290997        1.96088009438566       -1.81403639713324
H            0.89769476915262        1.69448954942562        1.23061492000072
H           -0.56253233064244        2.16400937812707        0.30522044526774
H            1.85796257210449        3.57669805166814        0.18972947595194
H            0.64452523451186       -0.53569757633782       -0.07563029874518
H           -2.14247972599124       -1.51712543247642       -1.20144596319290
H           -1.03497679145110        0.45428182145999        1.68494838021734
H           -1.26799092715635       -2.27922466897645        3.03814175499605
H           -0.74054288753773       -0.74977313493548        3.79680511957299
H            0.58999125079827       -2.10517813193340        1.72533233634145
H           -3.31010405467872       -1.14918510224308        2.80788044786341
H           -3.00513698750471        1.59503459171182        2.27870516218119
H           -4.73421460482559        0.26458696824580        1.04869090283973
H           -4.82600184993798       -2.04150756390072        1.17565533324327
H           -3.70020976883930        0.17212502460365       -1.21309358972570
H           -2.41549587041702        1.97127713844709       -0.79834832880043
H            0.56890211334976       -0.73027574733377       -3.04416254527586
H            1.91745667563652       -2.26850496510674       -1.11018316533395
H            3.20037975147995       -1.06244471923815       -2.85947094399177
H            3.31824730290276        1.07881361273033       -3.73346855222443
48
 energy: -84.834999159952 gnorm: 0.001532283414 xtb: 6.7.1 (edcfbbe)
C            3.88314692569297       -0.49040285815104        0.94510690339101
O            3.21718149592496       -0.77701594474065       -0.27844377659962
C            3.20316309502968        0.29648717968543       -1.18186841184022
O            2.50236618652786        1.40264767591216       -0.69841679715204
C            1.08436690017956        1.41235951637422       -0.88501841755361
C            0.52878692853941        2.18145256693818        0.31856938376941
O            0.90139531188804        3.53276122086976        0.29552925402470
C            0.49919966252893        0.00012678905682       -1.01736456376056
O           -0.88518921769962        0.08834228050473       -1.31403879190194
C           -1.82822437474493       -0.67881499049522       -0.55957973212168
O           -1.32675051273888       -1.28007689654497        0.57893310660765
C           -1.49412372307269       -0.53716700886806        1.78926244568315
C           -0.75024280923110       -1.31691899744469        2.88215751415261
O            0.59495608762547       -1.54057642714320        2.54525270813622
C           -2.98521762475759       -0.34156395232106        2.13933508016233
O           -3.18489615318756        0.84762003302068        2.85366010834660
C           -3.85793259087132       -0.38193502075060        0.86167971258967
O           -4.25182149115046       -1.67643459978992        0.49422119847800
C           -3.07330474219275        0.20739877161138       -0.31545557903926
O           -2.75643421615111        1.54018839943970       -0.00722444038223
C            1.19359439533042       -0.79770796899985       -2.15226122323084
O            1.27171849088279       -2.16478471817577       -1.85157481583222
C            2.58407838747396       -0.22666624188358       -2.48632743844593
O            2.44395509095892        0.78897409700512       -3.44150256438162
H            3.44529102918935        0.38627201228858        1.42654603985140
H            4.94771800873765       -0.31501103403594        0.76409621889890
H            3.74397039396120       -1.36329297359077        1.57661669996658
H            4.23210871630409        0.66783310520724       -1.33710960124213
H            0.85659783983714        1.96182945788212       -1.80999931509600
H            0.89527880566040        1.69513153217323        1.23544446835398
H           -0.56048016426331        2.16610731973605        0.30324282969509
H            1.86194783083090        3.57755201558212        0.20177142359169
H            0.65229680196710       -0.53987626358022       -0.07549263441993
H           -2.13381636071767       -1.52475091832859       -1.19978492194925
H           -1.03550419752686        0.45338330618642        1.67840431241575
H           -1.26693344679986       -2.26958722532453        3.05335059194108
H           -0.75501222260532       -0.73079237120917        3.80309811381601
H            0.60145384474945       -2.09606954714472        1.75448014750545
H           -3.31091041389235       -1.14477413566118        2.81052497653626
H           -3.00441026325375        1.59611661863995        2.26557884472139
H           -4.73325076333982        0.26068981861111        1.04398997080471
H           -4.82793550121523       -2.04379962761760        1.17830017854742
H           -3.69635326593972        0.15614447071097       -1.21636921817913
H           -2.42028155220652        1.96354556585208       -0.80806213247948
H            0.56681127949016       -0.71136066689329       -3.04675590603954
H            1.91285260508473       -2.27532710290861       -1.13271898562562
H            3.20047899093492       -1.05321124908480       -2.86906899760828
H            3.31430842694489        1.09495147214987       -3.73123203935078
48
 energy: -84.835043258711 gnorm: 0.002119866807 xtb: 6.7.1 (edcfbbe)
C            3.87789271220501       -0.50504790699811        0.94154557787524
O            3.21615783320394       -0.78397692518922       -0.28575886868566
C            3.20364745837156        0.29534890335493       -1.18200351582596
O            2.50390533972524        1.39950619365257       -0.69128519643412
C            1.08584973630073        1.41329599757053       -0.87993832450574
C            0.53081470708845        2.18676083946876        0.32120397496401
O            0.91014241100933        3.53573636713855        0.29451779063131
C            0.50015868012463        0.00042911482226       -1.01597564987513
O           -0.88441425589455        0.08467008944132       -1.31191109960507
C           -1.82471042231845       -0.68484016474176       -0.55824802438119
O           -1.32432730678053       -1.28582507208791        0.58223898692243
C           -1.49265391295221       -0.53690125767375        1.78861187554405
C           -0.75156349911050       -1.30530834194122        2.89024323724866
O            0.59815366222616       -1.52173847418634        2.56773100394806
C           -2.98421847430342       -0.34108321349654        2.13765801984518
O           -3.18432019776929        0.85232913904731        2.84509741635647
C           -3.85701100641531       -0.38814052300445        0.86069855683227
O           -4.24918861064446       -1.68427240683125        0.49728224729467
C           -3.07309878260455        0.19796256722126       -0.31826271757784
O           -2.76029874612483        1.53317722635145       -0.01695775113350
C            1.19220664568383       -0.79092578777369       -2.15619038740001
O            1.26408499680084       -2.15934733058546       -1.86760978549251
C            2.58323509984537       -0.22037998150511       -2.48885114259395
O            2.44105151475240        0.79872115217228       -3.43989539565472
H            3.43457813352191        0.36504238302420        1.43006480859903
H            4.94196199437180       -0.32275416648567        0.76465370580109
H            3.74180097649094       -1.38430399434762        1.56474156603907
H            4.23298477912205        0.66659323174537       -1.33524388931852
H            0.86114924545719        1.96534468695931       -1.80482499266552
H            0.89102302213795        1.70224454627531        1.24163907005568
H           -0.55876983564898        2.17770718056361        0.30211215219406
H            1.87180678375134        3.57799600842628        0.20997745905052
H            0.65486369523211       -0.54291186219064       -0.07565034724785
H           -2.12669840854645       -1.53281215976047       -1.19900327641754
H           -1.03565671067938        0.45362322144276        1.67046559723899
H           -1.26335743073839       -2.26027981051383        3.06340321489229
H           -0.76928820019632       -0.71335537599045        3.80714238529692
H            0.61680298373748       -2.08658933000530        1.78388820747036
H           -3.30903431988122       -1.14102464519243        2.81301431719226
H           -3.00632598262199        1.59627119955450        2.25045144261880
H           -4.73315266757267        0.25401404552107        1.04057953012994
H           -4.82692944771911       -2.04953165704323        1.18091536144953
H           -3.69552414375132        0.13939383009756       -1.21909993013114
H           -2.42295765199141        1.95301541979187       -0.81901654081617
H            0.56562913760420       -0.69469082990346       -3.04965909956280
H            1.90377361195677       -2.27978294811102       -1.14941952763857
H            3.19959193115735       -1.04499443072296       -2.87572271338296
H            3.31023084770157        1.11163173900743       -3.72586740287032
48
 energy: -84.835065930839 gnorm: 0.001796780985 xtb: 6.7.1 (edcfbbe)
C            3.87723583303145       -0.51116822641446        0.94127409301177
O            3.21613355632636       -0.78742132374095       -0.28690746772244
C            3.20293202976333        0.29428183587234       -1.18016634702780
O            2.50282871507085        1.39682484550656       -0.68652145184423
C            1.08508470272134        1.41346478079536       -0.87891107479036
C            0.53038408535907        2.18979946174826        0.32086952837695
O            0.91470753053646        3.53774002170139        0.29151389119775
C            0.49853752853820        0.00114435079698       -1.01601647572869
O           -0.88595023140737        0.08440351697420       -1.31274255244984
C           -1.82497815024381       -0.68601766431582       -0.55876048680153
O           -1.32344932342599       -1.28558605632125        0.58223945041212
C           -1.49197740533180       -0.53545562328947        1.78762767795410
C           -0.75056871275399       -1.30146064002721        2.89051931049691
O            0.60047787722185       -1.51343849191874        2.57149433116334
C           -2.98370265658023       -0.34063081782669        2.13710924659121
O           -3.18470575951560        0.85371396445446        2.84276881385709
C           -3.85696789100405       -0.39046596385935        0.86070919608685
O           -4.24685427034591       -1.68768240408949        0.49863066579886
C           -3.07438980683967        0.19543228336449       -0.31918156932703
O           -2.76243974866926        1.53116194546853       -0.01998829638685
C            1.19112081759967       -0.78881107952441       -2.15708902838233
O            1.26163100535084       -2.15780899427489       -1.87085020617517
C            2.58278351276088       -0.21865878914782       -2.48814038425270
O            2.44161642288393        0.80186834728505       -3.43774717552999
H            3.43123026778587        0.35560564951435        1.43320175274611
H            4.94069111878786       -0.32482558669371        0.76487273537246
H            3.74431221073965       -1.39319482362017        1.56117640282064
H            4.23210999594845        0.66642924864341       -1.33253699532674
H            0.86349488592015        1.96627412823542       -1.80392893915097
H            0.88824677465325        1.70620167790993        1.24271298205239
H           -0.55929072217727        2.18490421260653        0.30137948537180
H            1.87677386465142        3.57644886248092        0.20985768512986
H            0.65291933818599       -0.54319309575593       -0.07626910331261
H           -2.12584952011729       -1.53507585422054       -1.19846179503130
H           -1.03597342912642        0.45539857372766        1.66835398790467
H           -1.25998144381817       -2.25791688743531        3.06249510377548
H           -0.77238488440060       -0.70953630403898        3.80717625090478
H            0.62348935315222       -2.08228192932905        1.79088274338387
H           -3.30712831302770       -1.13998717361841        2.81378399147737
H           -3.00920862936038        1.59651107207811        2.24599207455693
H           -4.73417971158321        0.25030360858589        1.04029542489583
H           -4.82431208635436       -2.05332959038232        1.18229979288406
H           -3.69720612443228        0.13506317368321       -1.21965131696375
H           -2.42180428057441        1.94841967528616       -0.82203892243727
H            0.56560316938674       -0.69082854127906       -3.05113919521065
H            1.89932071931561       -2.28000895220623       -1.15131548667224
H            3.19879733200542       -1.04317534036113       -2.87587491649230
H            3.31083837885564        1.11656140425338       -3.72151550589014
48
 energy: -84.835120248495 gnorm: 0.001548481227 xtb: 6.7.1 (edcfbbe)
C            3.87728815968905       -0.53191155930257        0.94224876979135
O            3.21617098783945       -0.79950789975824       -0.28773457625703
C            3.19945288373914        0.28983632837423       -1.17140957605136
O            2.49754724098630        1.38640692803591       -0.66806852673488
C            1.08155175034775        1.41430097530271       -0.87690459664348
C            0.52698260451527        2.20195839285994        0.31652196779865
O            0.93019648932643        3.54596109841739        0.27796294940236
C            0.49130675396575        0.00483446374046       -1.01662322312344
O           -0.89281982293245        0.08555453005590       -1.31664605723780
C           -1.82828049257783       -0.68786722180938       -0.56153780198777
O           -1.32213275112550       -1.28250436091994        0.58021103485772
C           -1.49022537865923       -0.52975087219998        1.78326493144314
C           -0.74521555593607       -1.29071757625318        2.88712629696550
O            0.60985167689672       -1.48521376561750        2.57599471735037
C           -2.98214796872384       -0.33886708065287        2.13560451768412
O           -3.18629938733318        0.85790242794325        2.83624968036865
C           -3.85760824186633       -0.39806659218494        0.86143411526932
O           -4.23803048539299       -1.69933764736897        0.50346997878034
C           -3.08074694440946        0.18893472457302       -0.32160275195924
O           -2.77165719749085        1.52609311630900       -0.02797272051254
C            1.18683781824154       -0.78250685513388       -2.15850846912824
O            1.25416617537902       -2.15294643591117       -1.87603925899001
C            2.58097446114139       -0.21422682029348       -2.48315487804717
O            2.44564540513157        0.81097386698409       -3.42833605482540
H            3.42124998335682        0.32197939361853        1.44763670057451
H            4.93782361338681       -0.32923877127816        0.76526537169359
H            3.75866649833562       -1.42430376905869        1.55034962646451
H            4.22799384836350        0.66533985245880       -1.32094244416794
H            0.87331405874875        1.96785442782867       -1.80390509212482
H            0.87607900131423        1.72145801150862        1.24317434606723
H           -0.56273854702046        2.21213788728615        0.29461268734556
H            1.89365760955349        3.56940635369166        0.20522189247157
H            0.64407092561394       -0.54179920064823       -0.07844088077707
H           -2.12578373371533       -1.53988236484393       -1.19767950915296
H           -1.03752402757348        0.46242797813167        1.66173715760332
H           -1.24544477485525       -2.25320794133189        3.05244381705876
H           -0.77944608024219       -0.70201357083407        3.80523262335811
H            0.64692468029581       -2.06713690354022        1.80606983868299
H           -3.30019553470438       -1.13678608321595        2.81651366999968
H           -3.02037220024062        1.59790249820986        2.23322864003539
H           -4.73933663137351        0.23649633414920        1.04093175995156
H           -4.81278822774128       -2.06784069337297        1.18798311888317
H           -3.70562565916652        0.12412761814328       -1.22055934349612
H           -2.41443478513582        1.93312940966752       -0.82854808585080
H            0.56506768495922       -0.68165570624619       -3.05484349831085
H            1.88464775656618       -2.27794847996370       -1.15097236213476
H            3.19532082065103       -1.03926748459573       -2.87278928825692
H            3.31606346567346        1.12948552967188       -3.70378929245539
48
 energy: -84.835144495370 gnorm: 0.001445800036 xtb: 6.7.1 (edcfbbe)
C            3.87617002846519       -0.54486033785768        0.94253206272666
O            3.21495336140404       -0.80621389070490       -0.28886973800430
C            3.19813669850425        0.28762269976047       -1.16716043567581
O            2.49553269324101        1.38133458453797       -0.65869664644058
C            1.08099668463588        1.41429770668414       -0.87635773167678
C            0.52380403931839        2.20581384889456        0.31308756323676
O            0.93376280847341        3.54788949443823        0.27472437030507
C            0.48949136009813        0.00600873679015       -1.01693205035868
O           -0.89471561691490        0.08523029938052       -1.31710188039667
C           -1.82915983180375       -0.68929470088238       -0.56130440175189
O           -1.32156407887749       -1.28148566209289        0.58075081115651
C           -1.49010217011613       -0.52614156467750        1.78231450931948
C           -0.74267429582596       -1.28292050847049        2.88784097743100
O            0.61500885533870       -1.46679552263937        2.58083117703754
C           -2.98212977478049       -0.33692830859209        2.13530810040434
O           -3.18812857475723        0.86177102875290        2.83212309932578
C           -3.85814357225129       -0.40220568996459        0.86183924544975
O           -4.23371506438346       -1.70584635249477        0.50726675608040
C           -3.08365968153230        0.18472949490590       -0.32277442046626
O           -2.77780303833762        1.52332942478106       -0.03210565007747
C            1.18554587421199       -0.77806279895506       -2.16131735111591
O            1.25121231648941       -2.15017266278333       -1.88428010705436
C            2.58090904606368       -0.21027008244086       -2.48171023480830
O            2.44944671866311        0.81889978051133       -3.42322672054918
H            3.41429580239917        0.30040515819249        1.45710111630217
H            4.93474714775962       -0.33202439159434        0.76559520149497
H            3.76612981759127       -1.44402551701294        1.54233071234215
H            4.22692224769222        0.66372185176413       -1.31410176432117
H            0.87980346754436        1.96646261439175       -1.80561015995096
H            0.86686599798411        1.72504389910460        1.24164398958033
H           -0.56555821431362        2.22089662615376        0.28609768260306
H            1.89770566345296        3.56500399355874        0.20668221872048
H            0.64314578767863       -0.54222952934873       -0.07999234445107
H           -2.12437572024027       -1.54255549460519       -1.19655635397275
H           -1.03926616842813        0.46665737599462        1.65828386082170
H           -1.23636433046781       -2.24916883069067        3.05035025786563
H           -0.78421214399490       -0.69510928592940        3.80657863915238
H            0.66024056296877       -2.05414127407704        1.81553215771936
H           -3.29815120130545       -1.13316457070477        2.81921662253006
H           -3.02579792135550        1.60036321488941        2.22635789413944
H           -4.74222238986397        0.22937544142550        1.04018582709658
H           -4.80690332971085       -2.07477377763999        1.19293806483627
H           -3.70881283862727        0.11698312598336       -1.22155477880724
H           -2.41104323821687        1.92515155585830       -0.83116897906767
H            0.56459243546214       -0.67274046508611       -3.05794712651609
H            1.87952957352066       -2.27866796954683       -1.15772048974488
H            3.19434262312415       -1.03500944329638       -2.87357693019315
H            3.32120951008455        1.13781316777537       -3.69396470259645
48
 energy: -84.835169957717 gnorm: 0.000945105016 xtb: 6.7.1 (edcfbbe)
C            3.87487233583242       -0.55919435343488        0.94332206935352
O            3.21263286193983       -0.81320902603447       -0.28911683296352
C            3.19723908226523        0.28483844682307       -1.16231400982306
O            2.49431091535153        1.37634736822007       -0.64931717657608
C            1.08171002914506        1.41443270958550       -0.87637256185550
C            0.51924591281212        2.20854078893399        0.30828205335472
O            0.93367500529653        3.54877025988641        0.27379307641046
C            0.48830174138602        0.00725757289675       -1.01771139646572
O           -0.89599368052006        0.08552462290027       -1.31722801864608
C           -1.83002131855805       -0.68985982375809       -0.56050932286629
O           -1.32146931946523       -1.28007838111833        0.58147629850365
C           -1.49037658527939       -0.52197141076784        1.78180639012334
C           -0.73941841894436       -1.27397812099905        2.88825013065250
O            0.62052505366665       -1.44577356054644        2.58354341999225
C           -2.98242060683823       -0.33491666313622        2.13538396921301
O           -3.19064028890576        0.86561965616367        2.82812781829196
C           -3.85889390692966       -0.40645526575963        0.86256835164606
O           -4.22955441495430       -1.71238542825042        0.51149076149792
C           -3.08678987427173        0.18078786519486       -0.32347055286735
O           -2.78536051813830        1.52112297340381       -0.03552833167527
C            1.18473133185231       -0.77342436587572       -2.16422697043653
O            1.24856059113280       -2.14662059756360       -1.89242137400588
C            2.58154327719019       -0.20668070636616       -2.47985075503859
O            2.45474780517834        0.82667947430775       -3.41749829281417
H            3.40622997773551        0.27527036234852        1.46904156401885
H            4.93073023052881       -0.33417511632237        0.76585090704246
H            3.77564026363544       -1.46633289605285        1.53275169332241
H            4.22668383622320        0.66035556424580       -1.30610868623461
H            0.88802668475477        1.96460338503311       -1.80854454059033
H            0.85421400285501        1.72599474480820        1.23879000450801
H           -0.56964068368576        2.22640987664687        0.27302194305786
H            1.89787745218998        3.56146255766813        0.21039832444736
H            0.64322116690022       -0.54218377755037       -0.08180525446649
H           -2.12295572334588       -1.54386284138162       -1.19590985416623
H           -1.04173524388775        0.47137159053526        1.65462743101851
H           -1.22520265542042       -2.24431987622752        3.04851211618691
H           -0.78735187709003       -0.68746367214737        3.80749263186150
H            0.67323948820690       -2.03553944440470        1.82106054655171
H           -3.29657333048414       -1.12918772677041        2.82241726536120
H           -3.03100740104723        1.60310484849816        2.22033320359713
H           -4.74534824915157        0.22203134023837        1.03966711107150
H           -4.79988615721303       -2.08197000818404        1.19917047971324
H           -3.71212363616760        0.11003478571612       -1.22201346305630
H           -2.40904359945390        1.91832433940670       -0.83252820335253
H            0.56450233068160       -0.66372747460301       -3.06060732855044
H            1.87678073415954       -2.27843780934690       -1.16646441956063
H            3.19416332629119       -1.03085752107469       -2.87401048588427
H            3.32839997885669        1.14371722868300       -3.68413981150029
48
 energy: -84.835187098952 gnorm: 0.000834960547 xtb: 6.7.1 (edcfbbe)
C            3.87306551742694       -0.57366437222108        0.94434695119738
O            3.20995542750596       -0.82023124426846       -0.28919155147585
C            3.19634033065807        0.28187110219860       -1.15739379096023
O            2.49331221527320        1.37182944388171       -0.64047531008487
C            1.08252668714966        1.41475686632068       -0.87589209954438
C            0.51463361680949        2.21076507212878        0.30448664270490
O            0.93209327163195        3.54957948800844        0.27407348034063
C            0.48737313760001        0.00821811389097       -1.01846828753248
O           -0.89685439241088        0.08573597327939       -1.31773407380926
C           -1.83033158323292       -0.69057808116196       -0.56012348838677
O           -1.32076249797386       -1.27893396421633        0.58197517172997
C           -1.49039398070495       -0.51799527713418        1.78104345007028
C           -0.73565407441474       -1.26413191909108        2.88866333330831
O            0.62651504514721       -1.42434115402322        2.58638030232280
C           -2.98239383277611       -0.33326737422709        2.13549226701451
O           -3.19287911513775        0.86883730705493        2.82469252093184
C           -3.85910941306425       -0.41039101315265        0.86318135262747
O           -4.22583165722327       -1.71820033553253        0.51515576891914
C           -3.08928159762239        0.17699489661742       -0.32441967611843
O           -2.79224508969864        1.51902346317552       -0.03937592906442
C            1.18406375522031       -0.76957274695879       -2.16688775291698
O            1.24528759133497       -2.14412061139403       -1.90105625164537
C            2.58228302459992       -0.20360517951239       -2.47796981197725
O            2.45992182017398        0.83348395488528       -3.41226743817916
H            3.39695558849573        0.24912847506542        1.48190825262954
H            4.92597147156339       -0.33504902159274        0.76642889709742
H            3.78569180203490       -1.48934097697504        1.52261835295715
H            4.22645948550500        0.65677209276174       -1.29805844322211
H            0.89558106027990        1.96390664799516       -1.81021859528181
H            0.84135286570684        1.72650935721247        1.23715399412738
H           -0.57393746614559        2.23061057680630        0.26078335739449
H            1.89666272283216        3.56019376526105        0.21576494996190
H            0.64297629170594       -0.54244903616882       -0.08337249009774
H           -2.12110837936115       -1.54550029756014       -1.19561978565359
H           -1.04464880911132        0.47613941972444        1.65034449646364
H           -1.21368369830010       -2.23844015093460        3.04777629957549
H           -0.79001119733956       -0.67787740998546        3.80790812099458
H            0.68638234261012       -2.01498063660109        1.82491906902139
H           -3.29438570832940       -1.12601137825336        2.82526611363669
H           -3.03518453880544        1.60522486073568        2.21499553138634
H           -4.74747557652435        0.21565530076796        1.03928594631463
H           -4.79282671968495       -2.08861271626040        1.20517636230767
H           -3.71500061015765        0.10282245990909       -1.22251447318787
H           -2.41032201400092        1.91318073877043       -0.83523689704847
H            0.56542256418631       -0.65465059965391       -3.06385600994948
H            1.87398394021261       -2.28012392939895       -1.17599018051299
H            3.19422809082408       -1.02730246177380       -2.87404203740746
H            3.33528021210007        1.14812900818946       -3.67617469594962
48
 energy: -84.835198667727 gnorm: 0.000785286371 xtb: 6.7.1 (edcfbbe)
C            3.87152501508364       -0.58399697100065        0.94564369126651
O            3.20764552871995       -0.82509151468760       -0.28850620813678
C            3.19576073699813        0.27941140782946       -1.15351073998315
O            2.49274420033906        1.36872487515408       -0.63461135830401
C            1.08313306193167        1.41515578391458       -0.87531912054854
C            0.51170991817537        2.21244902822961        0.30236533312336
O            0.93072707885010        3.55049418008186        0.27418408717533
C            0.48626498036074        0.00933571148777       -1.01913221717531
O           -0.89786060867465        0.08645675327674       -1.31850535379440
C           -1.83070000694129       -0.69066601449477       -0.56045860481878
O           -1.32025616355299       -1.27801416070165        0.58166771221677
C           -1.48980788412233       -0.51509800837848        1.77975138381663
C           -0.73183705438680       -1.25651261475567        2.88804328152971
O            0.63132454701378       -1.40916358487885        2.58658936953262
C           -2.98188461278378       -0.33307032270545        2.13508633659187
O           -3.19406944618603        0.86947906257914        2.82283446443440
C           -3.85927345399610       -0.41313945921980        0.86349775690794
O           -4.22355736180110       -1.72191312623023        0.51678045179104
C           -3.09117556208627        0.17464053539168       -0.32513482954059
O           -2.79692084194838        1.51762295787524       -0.04200341827686
C            1.18340471875309       -0.76706236119983       -2.16811834584267
O            1.24215094002944       -2.14192207984714       -1.90493189833795
C            2.58303103710389       -0.20264854522923       -2.47595307654797
O            2.46356340792476        0.83613398964998       -3.40868769436705
H            3.39001131742671        0.22965203208366        1.49178012299606
H            4.92190048148127       -0.33509617575642        0.76764318393383
H            3.79346785279901       -1.50543330884934        1.51560819279876
H            4.22638790367506        0.65381351461831       -1.29187539530021
H            0.90054705909511        1.96416724538837       -1.81057871346534
H            0.83319660931366        1.72768009783090        1.23655452519317
H           -0.57661860570049        2.23364014055808        0.25335814822828
H            1.89556210747025        3.56075838757550        0.22023092178004
H            0.64197810718227       -0.54183002285841       -0.08435384395115
H           -2.12010679581653       -1.54610057021035       -1.19599013275702
H           -1.04674586817014        0.47982794719943        1.64606662634151
H           -1.20434521971773       -2.23340044055803        3.04741724544360
H           -0.78977796920529       -0.67022741364777        3.80695358348399
H            0.69495121967949       -1.99817677032675        1.82430274276875
H           -3.29193536062848       -1.12545175292829        2.82610728265257
H           -3.03779035783144        1.60540403377122        2.21221152781104
H           -4.74880784723667        0.21134939231573        1.03938559678162
H           -4.78732090371859       -2.09369535235294        1.20870442370287
H           -3.71734890740587        0.09797988453448       -1.22270572823458
H           -2.41481098406074        1.91119545823153       -0.83796412853914
H            0.56606947058155       -0.64937775142683       -3.06551557998592
H            1.87140882007773       -2.28046829188548       -1.18089403717222
H            3.19459978083207       -1.02634283559292       -2.87248293458236
H            3.33988384178735        1.14852352843707       -3.67205271951508
48
 energy: -84.835211002952 gnorm: 0.000776747372 xtb: 6.7.1 (edcfbbe)
C            3.86914321067197       -0.59424233115535        0.94746866937919
O            3.20518598636211       -0.82993956810573       -0.28762932948513
C            3.19490325063932        0.27686308911950       -1.14943137608359
O            2.49197567647894        1.36581821034162       -0.62905960208481
C            1.08342022579772        1.41568338218663       -0.87446386303299
C            0.50915063821961        2.21398810905211        0.30114959184994
O            0.92901015065574        3.55166842556686        0.27424741680898
C            0.48534571760485        0.01039971989801       -1.01969241563149
O           -0.89859684870310        0.08696285988436       -1.31958726955727
C           -1.83060426356678       -0.69100934457681       -0.56135005145188
O           -1.31933812571379       -1.27743613819807        0.58101557579018
C           -1.48911446167124       -0.51230540671863        1.77779295615176
C           -0.72715098465993       -1.24779035217033        2.88694157164502
O            0.63687186055866       -1.39310883317125        2.58599247412584
C           -2.98113378271621       -0.33353760323308        2.13467754362439
O           -3.19538868598182        0.86883815358672        2.82215062143630
C           -3.85884056044043       -0.41573969208236        0.86351975315216
O           -4.22156844120634       -1.72509519082850        0.51753344616134
C           -3.09242677582548        0.17248435859467       -0.32611918541686
O           -2.80064407735157        1.51623846131973       -0.04460448830543
C            1.18284132959789       -0.76513761519169       -2.16903569202268
O            1.23840142774570       -2.14066063866898       -1.90877278679992
C            2.58377135918991       -0.20217595735535       -2.47378132489139
O            2.46741620808712        0.83782837396011       -3.40552311455442
H            3.38045765471731        0.20874381640812        1.50315629546476
H            4.91663874446608       -0.33293922643792        0.76983603681339
H            3.80193690150065       -1.52250616928017        1.50780577613939
H            4.22594930094481        0.65092258037409       -1.28553114203843
H            0.90481080562167        1.96528978919863       -1.81011148990513
H            0.82677981630952        1.72917202517594        1.23657853800386
H           -0.57899870754667        2.23607845608789        0.24785767955995
H            1.89410274492734        3.56236603895885        0.22553205280546
H            0.64082078327255       -0.54153264531651       -0.08531762022815
H           -2.11879569281122       -1.54716424083594       -1.19653954385938
H           -1.04947470447692        0.48362048772543        1.64076987265998
H           -1.19415190087678       -2.22708404218199        3.04794384374062
H           -0.78841637944265       -0.66029105976411        3.80484169285837
H            0.70367632464248       -1.97966720311902        1.82189363318245
H           -3.28874372220129       -1.12647435501690        2.82611636499903
H           -3.04033870529967        1.60467674093246        2.21113913098088
H           -4.74917789006583        0.20755809074252        1.03966613935481
H           -4.78176408807926       -2.09852326050045        1.21150300035544
H           -3.71911982993292        0.09335934657248       -1.22306686717579
H           -2.42303967918828        1.91114896178469       -0.84195043992362
H            0.56731602387435       -0.64428703453580       -3.06729011159444
H            1.86743040649132       -2.28215107165269       -1.18505174421194
H            3.19491372134071       -1.02625128550099       -2.87012648204921
H            3.34455596488812        1.14733728828729       -3.66961182569674
48
 energy: -84.835223527846 gnorm: 0.000599821074 xtb: 6.7.1 (edcfbbe)
C            3.86523521957743       -0.60600615437731        0.95027662255043
O            3.20224350623862       -0.83559168168082       -0.28645523227846
C            3.19420151643919        0.27375094373818       -1.14471843280277
O            2.49133963074401        1.36227103711239       -0.62292043492284
C            1.08378498735569        1.41592846197504       -0.87348820285883
C            0.50668399646972        2.21552918588625        0.30008198732302
O            0.92720288325706        3.55307906760658        0.27319361998484
C            0.48410507546008        0.01163251642238       -1.02045177811523
O           -0.89968722569505        0.08762452885553       -1.32093074144835
C           -1.83051398730740       -0.69123568955058       -0.56259231382047
O           -1.31813844858553       -1.27665288638579        0.58011403675272
C           -1.48786228074375       -0.50883628663103        1.77510562079697
C           -0.72054742610031       -1.23650994424357        2.88545905768023
O            0.64424164387720       -1.37336932352756        2.58418496275562
C           -2.98004765858190       -0.33535094242199        2.13361296630980
O           -3.19713815726721        0.86573837418231        2.82243248388610
C           -3.85866986953136       -0.41870533295166        0.86320952673485
O           -4.21974371353002       -1.72852396433297        0.51725934444954
C           -3.09376721462927        0.17032987838993       -0.32709483286615
O           -2.80419950314656        1.51465238732914       -0.04661179375809
C            1.18216181148132       -0.76276092086865       -2.17031841939699
O            1.23376360695127       -2.13892996971758       -1.91284363007082
C            2.58499077053391       -0.20226392637520       -2.47117206002600
O            2.47235247188627        0.83875841543057       -3.40214683685943
H            3.36754859052039        0.18376483377363        1.51652618596148
H            4.90898560599907       -0.32925718693497        0.77423584966571
H            3.81121383169042       -1.54172983078106        1.49928210479569
H            4.22578154382022        0.64748485938491       -1.27801812245255
H            0.90953056379182        1.96629530055574       -1.80942691903114
H            0.82142527163535        1.73155933060036        1.23685558832508
H           -0.58136542310476        2.23835076668681        0.24337127113668
H            1.89264429384148        3.56401858235700        0.23148743351670
H            0.63932459125852       -0.54098566302669       -0.08651086922609
H           -2.11757073763980       -1.54816351777240       -1.19720556071209
H           -1.05308359812027        0.48860027052094        1.63364681575226
H           -1.18091380644996       -2.21857935937902        3.04937697429642
H           -0.78521936210218       -0.64695569989143        3.80181251128955
H            0.71400284873381       -1.95710186279011        1.81795833015677
H           -3.28442474245330       -1.12997825950232        2.82452282094451
H           -3.04373172997453        1.60238093414267        2.21201877822013
H           -4.74988042828597        0.20340417368302        1.03974272077254
H           -4.77572921560273       -2.10428830307603        1.21337676190677
H           -3.72088503997956        0.08893344549003       -1.22343538795665
H           -2.43562399176526        1.91285295425954       -0.84660544855665
H            0.56865318303881       -0.63860679525418       -3.06951174839361
H            1.86128768790631       -2.28377056498631       -1.18851719769688
H            3.19562381671080       -1.02710344657376       -2.86675448230823
H            3.35041253835423        1.14431376716037       -3.66793202199113
48
 energy: -84.835231717386 gnorm: 0.000597024590 xtb: 6.7.1 (edcfbbe)
C            3.86049415104217       -0.61621049800604        0.95326486981029
O            3.19980581173147       -0.84097793998149       -0.28555722159089
C            3.19343302398799        0.27076620028728       -1.14059171347660
O            2.49075882652579        1.35878052741240       -0.61742038763067
C            1.08412109374818        1.41602681288401       -0.87284763381594
C            0.50512364257095        2.21723317189428        0.29879558329754
O            0.92629158874819        3.55476011483192        0.27100903748688
C            0.48334695672244        0.01253999807275       -1.02120190302145
O           -0.90030342057731        0.08808491886741       -1.32219490251634
C           -1.83014867707533       -0.69140805123700       -0.56383013883604
O           -1.31685344028209       -1.27599240108702        0.57917229394942
C           -1.48719423877148       -0.50569851346882        1.77245377394842
C           -0.71427289757102       -1.22546319492600        2.88388103629308
O            0.65120900274586       -1.35408183233640        2.58187377273030
C           -2.97939978372095       -0.33780229871619        2.13307273148605
O           -3.19981605601790        0.86141326231231        2.82427252858557
C           -3.85799902029005       -0.42173645606899        0.86264567357686
O           -4.21800338042106       -1.73170443742939        0.51611234697376
C           -3.09450681825478        0.16867424574921       -0.32797792280878
O           -2.80678150659892        1.51331904961566       -0.04726635118613
C            1.18169156925762       -0.76085218936208       -2.17153435834379
O            1.22974718112762       -2.13781688119610       -1.91708779997243
C            2.58606474205348       -0.20239509322977       -2.46900254412088
O            2.47720064863602        0.83970260600629       -3.39921718153976
H            3.35300699625589        0.16079285021684        1.52877990211808
H            4.90066231834929       -0.32449494690968        0.77981746585852
H            3.81888361418804       -1.55884486164612        1.49167065408678
H            4.22547120438668        0.64405410788088       -1.27152626806961
H            0.91409600580399        1.96695394055036       -1.80917425619527
H            0.81803545511073        1.73441577234992        1.23673797935520
H           -0.58285406279618        2.24045635103576        0.23976432353517
H            1.89194994602058        3.56513584695383        0.23559640148817
H            0.63834523734688       -0.54102612502017       -0.08786283889786
H           -2.11644929093894       -1.54903177702217       -1.19779432515320
H           -1.05738861745894        0.49327567381178        1.62707732980130
H           -1.16800224054836       -2.21012199425114        3.05101356098682
H           -0.78190564123063       -0.63382948395799        3.79861113660302
H            0.72378725611732       -1.93684781014553        1.81509984897055
H           -3.28052814580886       -1.13488837524597        2.82258147537625
H           -3.04789688515123        1.59951477131761        2.21526591584218
H           -4.74987170423829        0.19919180557632        1.03991532413983
H           -4.77092807113420       -2.10945111103892        1.21360976915356
H           -3.72174518707849        0.08608058023717       -1.22402606628921
H           -2.44752761003114        1.91538206792061       -0.84955069221043
H            0.56994783725853       -0.63348860408042       -3.07144905980360
H            1.85462158469481       -2.28572945825590       -1.19118109913501
H            3.19606411460878       -1.02801765851198       -2.86389112303833
H            3.35621481402744        1.14135382207217       -3.66642704188077
48
 energy: -84.835237837988 gnorm: 0.000592023471 xtb: 6.7.1 (edcfbbe)
C            3.85519098890321       -0.62392696852749        0.95609407293492
O            3.19797632461287       -0.84551564072622       -0.28513856857006
C            3.19325979482692        0.26813499756155       -1.13773602547185
O            2.49084316589700        1.35567608475827       -0.61346407744757
C            1.08491501494603        1.41578973986626       -0.87269771673597
C            0.50445217458057        2.21848251023831        0.29723868528185
O            0.92615679069261        3.55599983684844        0.26808978488657
C            0.48302534810254        0.01307317211782       -1.02193215223404
O           -0.90058509450276        0.08846574451818       -1.32307579193407
C           -1.82969432834356       -0.69129140637767       -0.56449792163442
O           -1.31553079135406       -1.27513573775696        0.57873561513483
C           -1.48661839970954       -0.50301368842658        1.77064909976874
C           -0.70878990971942       -1.21582739043920        2.88296652867886
O            0.65736018571973       -1.33705249484785        2.58027472961411
C           -2.97914213196088       -0.34094191777998        2.13223604190681
O           -3.20305709838465        0.85563045214141        2.82683480722409
C           -3.85807801754848       -0.42424030554622        0.86192897303944
O           -4.21684691420127       -1.73426875878712        0.51417308298645
C           -3.09476602613383        0.16773020741437       -0.32807748726538
O           -2.80831089137325        1.51246727842362       -0.04617789079098
C            1.18142198163228       -0.75923274918894       -2.17302622271187
O            1.22658693462265       -2.13694989223365       -1.92149118065070
C            2.58717257906720       -0.20260153582292       -2.46765169254184
O            2.48153233025341        0.84053315290328       -3.39709499716287
H            3.33952959101527        0.14290063888739        1.53733360033101
H            4.89236502862395       -0.32034563955935        0.78635775801871
H            3.82287075893923       -1.57108970278293        1.48657968583847
H            4.22579888708467        0.64085205910494       -1.26669040518168
H            0.91827426600487        1.96683956379663       -1.80948331842365
H            0.81623103213882        1.73690936677364        1.23616398704368
H           -0.58348910596232        2.24186146271517        0.23672904253688
H            1.89194474972234        3.56564328227517        0.23755968008972
H            0.63791949728831       -0.54117798364195       -0.08906338275019
H           -2.11567965926333       -1.54943205678413       -1.19793444909572
H           -1.06164505575956        0.49751019994066        1.62194450130564
H           -1.15663367554484       -2.20268981634237        3.05292539414692
H           -0.77923027010226       -0.62214567012056        3.79623429320403
H            0.73285873559538       -1.92126232876718        1.81473534602035
H           -3.27736783591930       -1.14092496785309        2.81962723454180
H           -3.05224196022887        1.59590061908134        2.22023041405449
H           -4.75060450349059        0.19571718359078        1.03967066742096
H           -4.76825326801889       -2.11365683598841        1.21194501716288
H           -3.72176405113291        0.08502917307076       -1.22417084547626
H           -2.45675970342373        1.91815765978516       -0.84995269970131
H            0.57104659099239       -0.62896420106303       -3.07352203736772
H            1.84846695010297       -2.28766171087745       -1.19358162912095
H            3.19649027006578       -1.02889350336467       -2.86214924014815
H            3.36139664777072        1.13893502436682       -3.66516640693808
48
 energy: -84.835245116142 gnorm: 0.000863551081 xtb: 6.7.1 (edcfbbe)
C            3.84668948173227       -0.63370135406636        0.96004755774666
O            3.19631174435762       -0.85188508538127       -0.28550362562494
C            3.19342280073292        0.26453270416671       -1.13464858647625
O            2.49135675822175        1.35124991879606       -0.60855450258182
C            1.08646590289958        1.41522965741739       -0.87311475524305
C            0.50412750113794        2.22027964344233        0.29424666947041
O            0.92698583236401        3.55760765356744        0.26341328133768
C            0.48283864591268        0.01361280769623       -1.02324917435088
O           -0.90082200418213        0.08897612380889       -1.32418128038958
C           -1.82900138855811       -0.69096394620868       -0.56502139170021
O           -1.31355664199738       -1.27378717969058        0.57838665359336
C           -1.48627302750577       -0.49936634902177        1.76860353378678
C           -0.70197441758124       -1.20251382934277        2.88243223062495
O            0.66513531851751       -1.31312072823963        2.57920652387592
C           -2.97921314330241       -0.34600707268314        2.13182019192019
O           -3.20841114498289        0.84648886141756        2.83171439630390
C           -3.85764307984609       -0.42803381137050        0.86088346811300
O           -4.21507711610957       -1.73785897097685        0.51085907459371
C           -3.09488619069657        0.16675251242122       -0.32814338526015
O           -2.80987261963493        1.51139309138805       -0.04373310946256
C            1.18122356734964       -0.75687294196854       -2.17560115553988
O            1.22265723702373       -2.13544234025489       -1.92824874171513
C            2.58892163676898       -0.20286121497634       -2.46648258901686
O            2.48749667970423        0.84190407521073       -3.39456975232104
H            3.31736439067886        0.11864111336485        1.54894065741726
H            4.87986692213148       -0.31241730985906        0.79650512470019
H            3.82753299291510       -1.58786204435395        1.47948129789832
H            4.22662260493259        0.63646176867388       -1.26105743192803
H            0.92446977788962        1.96601289859499       -1.81080084158029
H            0.81384115125186        1.74025944307918        1.23462789400133
H           -0.58371060133541        2.24417844338015        0.23148390920467
H            1.89292690212962        3.56589517496442        0.23865245260843
H            0.63787308071213       -0.54149265813280       -0.09102993121206
H           -2.11477875247450       -1.54964069584393       -1.19780493251770
H           -1.06808195996766        0.50337056127621        1.61563409787763
H           -1.14133010027736       -2.19251579184230        3.05593973256637
H           -0.77663278694423       -0.60646940602194        3.79385102177180
H            0.74557314366570       -1.90169372157546        1.81754709196020
H           -3.27343791563488       -1.15053155352661        2.81569469879613
H           -3.05886511147632        1.59022774751618        2.22904354182050
H           -4.75092302283899        0.19057805078924        1.03936577291640
H           -4.76597170694890       -2.11903765869385        1.20804595062027
H           -3.72125579091500        0.08473060016884       -1.22466107249466
H           -2.46654442022898        1.92156540501466       -0.84864087514723
H            0.57234761703324       -0.62259381903985       -3.07648883331708
H            1.84040427817671       -2.28998693848503       -1.19776421751442
H            3.19723964179814       -1.02991018753150       -2.86086810122944
H            3.36856526058400        1.13661486194040       -3.66277663788345
48
 energy: -84.835249076891 gnorm: 0.000312222678 xtb: 6.7.1 (edcfbbe)
C            3.84519215667196       -0.63331794288768        0.96019428201564
O            3.19623923361429       -0.85205165830592       -0.28589801892244
C            3.19361868257231        0.26417684914395       -1.13532206589712
O            2.49189072335029        1.35119713629627       -0.60936557913873
C            1.08713080008306        1.41543025639634       -0.87378604425057
C            0.50478717335673        2.22060991972195        0.29332856406267
O            0.92790415024917        3.55767764601776        0.26316866201294
C            0.48339337388470        0.01371413783314       -1.02353435796408
O           -0.90030251489346        0.08929395065536       -1.32410008809965
C           -1.82864902220258       -0.69046877677091       -0.56465211663339
O           -1.31309865433880       -1.27328405800791        0.57859041364072
C           -1.48662230388855       -0.49943266673992        1.76915492214792
C           -0.70222717800452       -1.20243202408359        2.88289847256723
O            0.66502433653085       -1.31148080073989        2.58038831834485
C           -2.97966326113799       -0.34699348175248        2.13198393635346
O           -3.20970219187776        0.84463493323634        2.83298142853337
C           -3.85785983404337       -0.42833982135104        0.86080155717490
O           -4.21502927541799       -1.73803434457616        0.50992513909359
C           -3.09450126172342        0.16713679443100       -0.32752792429492
O           -2.80976897718783        1.51171816432707       -0.04227218947351
C            1.18128190893496       -0.75701139167764       -2.17596491788201
O            1.22255952595845       -2.13557083157693       -1.92896920271183
C            2.58894151181033       -0.20303971226458       -2.46709811864795
O            2.48774042215231        0.84177827140030       -3.39515697586464
H            3.31512298957538        0.11862132863978        1.54779724824821
H            4.87783679124340       -0.31159983551317        0.79809237084349
H            3.82624377786579       -1.58666886525683        1.48026231818494
H            4.22695097270730        0.63572319296287       -1.26185884294735
H            0.92515169704647        1.96583679485633       -1.81174520797214
H            0.81379411701508        1.74017056610353        1.23366888351720
H           -0.58292798065122        2.24473037492259        0.22995281178061
H            1.89383151819483        3.56588803643507        0.23714193946656
H            0.63848786266652       -0.54134612086704       -0.09125454602420
H           -2.11455008442868       -1.54904683498237       -1.19760101398194
H           -1.06898607311533        0.50354394473973        1.61668084922982
H           -1.14071410084574       -2.19274089350665        3.05593951551212
H           -0.77794192091825       -0.60683238851032        3.79445451272983
H            0.74725596895203       -1.90148766448474        1.82044968853824
H           -3.27366617930171       -1.15227589184571        2.81499957137903
H           -3.05987311576284        1.58916882932382        2.23136875057015
H           -4.75121920518735        0.19010981686969        1.03940420446139
H           -4.76699606737930       -2.11930573333505        1.20622115768082
H           -3.72068704506251        0.08576140308505       -1.22427784428688
H           -2.46445813882279        1.92179771383940       -0.84637342274393
H            0.57231312839836       -0.62235582632660       -3.07669342293299
H            1.84078449795444       -2.29031248699119       -1.19892468576205
H            3.19703337261179       -1.03014156009516       -2.86162826983424
H            3.36893161995491        1.13684806018962       -3.66236276079444
