48
 energy: -84.824520842589 gnorm: 0.082989569402 xtb: 6.7.1 (edcfbbe)
C            5.48943388434783        1.65395382023069       -0.09854276420740
O            4.30684996575189        1.44248507188575       -0.85872958007172
C            3.15798620928897        1.30682800183410       -0.10815089592534
O            3.16306457747374        0.04598042418893        0.52566364319893
C            2.02468499985032       -0.17359522232088        1.32802069486288
C            2.24846388426565       -1.50213091017881        2.06370828622266
O            3.32967565567414       -1.44036221612251        2.95270366763259
C            0.71184080027571       -0.22220401668813        0.51341593781029
O           -0.30023229879126       -0.20926060062613        1.51628282191096
C           -1.48522403056594       -0.97122570591099        1.54233149152073
O           -2.61238508351456       -0.14120856681009        1.54929866658932
C           -3.01457075569898        0.37280593689279        0.28337291746264
C           -4.22195810377050        1.28675814245873        0.54281648356375
O           -4.64973854141030        1.94207566138002       -0.62633295174895
C           -3.37883573181512       -0.78051709056886       -0.66451878899996
O           -3.73845973713686       -0.33983470528160       -1.94920112599030
C           -2.16221602348137       -1.69867849793836       -0.81824220181669
O           -2.47285164130447       -2.86395050872837       -1.54641693796295
C           -1.67457378265030       -2.14692216663837        0.56287870467882
O           -0.50195614068096       -2.91333360575362        0.48900129794642
C            0.63402233382209        1.05361298305569       -0.36042010933321
O           -0.37716482102876        1.01672905228955       -1.34168942505971
C            1.96031439435501        1.40856823547545       -1.05560434548962
O            1.90880975353162        2.72038226831282       -1.54748527285267
H            5.71360901021325        0.78441267029289        0.52231241908091
H            5.38461900215295        2.54088879949996        0.53397034804382
H            6.28085696029900        1.80719583525070       -0.82727208242651
H            3.08150910861905        2.10581187654137        0.66039635114508
H            1.92432733649508        0.63825021998460        2.06544320126641
H            2.39658125535503       -2.29196415835663        1.31672084238164
H            1.36269148905431       -1.73261848471682        2.65573037355985
H            4.11626458727880       -1.20072516268895        2.44551482196770
H            0.67911821059649       -1.12840377394777       -0.09458467537785
H           -1.49126286100996       -1.39778523527194        2.55993187371209
H           -2.20089218586392        0.95394539628243       -0.17040360217130
H           -3.95971468699240        1.99426283677126        1.33556046954982
H           -5.06434580242349        0.68251812310297        0.88725592563443
H           -4.01154858681169        2.62850364173607       -0.86219522263733
H           -4.20129880440733       -1.36156756864355       -0.21155040153708
H           -4.34783278665296        0.41229904913954       -1.85152558152273
H           -1.37518882325078       -1.13706742227214       -1.33721467226619
H           -2.96544244292281       -2.59518120198044       -2.33384889887709
H           -2.48952827516529       -2.75170588867119        0.99615372499765
H           -0.68168013296462       -3.66117252510962       -0.10020404518173
H            0.35989251100776        1.87890205345666        0.30885447528917
H           -0.09373080706088        0.46124840498454       -2.08244168829137
H            2.14913030935037        0.69279574021542       -1.87413752606730
H            1.08888875829729        2.83019760627701       -2.05314166797258
48
 energy: -84.830024649290 gnorm: 0.011924426385 xtb: 6.7.1 (edcfbbe)
C            5.48944563072711        1.65063192434938       -0.09726209450873
O            4.30659558593292        1.43694614094098       -0.85621100806606
C            3.15705364326109        1.30090238296070       -0.10638676128202
O            3.15685846146890        0.03539302538423        0.52206615853544
C            2.01859762098803       -0.19166144458581        1.32473157716457
C            2.24278543096528       -1.51670292657343        2.06146421974615
O            3.32464790006079       -1.44894435871677        2.94993788888865
C            0.70570952896090       -0.18598865425238        0.50922725234491
O           -0.32775601595581       -0.17106320370907        1.48833431871303
C           -1.48187877255527       -0.97688956614786        1.56127391835493
O           -2.61918734990538       -0.15732297630397        1.54499191150750
C           -3.01533555048672        0.36546066391287        0.28159715699701
C           -4.22121946519753        1.28219000012417        0.54184850424392
O           -4.64829174861925        1.94017153990760       -0.62617329756188
C           -3.37887308861380       -0.78606123881635       -0.66565493343574
O           -3.73570519130848       -0.34372241473727       -1.95052296672516
C           -2.15960132870493       -1.70210589210847       -0.81007058239733
O           -2.46854644882829       -2.86650588634121       -1.54049523740198
C           -1.66946175063648       -2.14940974388964        0.57358088370072
O           -0.49599820846221       -2.91340434460491        0.49341180876294
C            0.63325291074178        1.07858356546721       -0.36901093253587
O           -0.37664935559072        1.03363671098008       -1.35103164021059
C            1.96431028925454        1.41502783270221       -1.05921106179214
O            1.91947404504809        2.72590639465282       -1.55301349868579
H            5.71494365695477        0.78182893332482        0.52394706627588
H            5.38437019443343        2.53826175636030        0.53427992054497
H            6.28004558900060        1.80433609999136       -0.82690958095335
H            3.08210754300548        2.09858648918764        0.66380303161768
H            1.92720129858433        0.61884831517153        2.06598256946708
H            2.39226594942335       -2.30588384807398        1.31480908363566
H            1.35736786333982       -1.74392452746784        2.65480989239032
H            4.11032147397701       -1.20556563358724        2.44285948010571
H            0.67100792722726       -1.09397126748927       -0.09811849187743
H           -1.47615115697593       -1.38752947209016        2.58389750929994
H           -2.20027297798622        0.94797748342516       -0.16825017974308
H           -3.95847445708024        1.98871283803703        1.33550013060834
H           -5.06502709714372        0.67964280868466        0.88561974797198
H           -4.00999675308671        2.62702080967977       -0.86056072723512
H           -4.20266705606550       -1.36578029891924       -0.21367203379515
H           -4.34473009164611        0.40894773651061       -1.85297122008895
H           -1.37386519141077       -1.13907820404372       -1.32988685909856
H           -2.96083309256619       -2.59692756866542       -2.32812694917016
H           -2.48305361816603       -2.75752563028827        1.00447394301403
H           -0.67684247703050       -3.65920883613365       -0.09821304100386
H            0.35976880688826        1.90473006528065        0.29846011376843
H           -0.09441991291178        0.46725370381391       -2.08415306763456
H            2.14890050511143        0.69591452973030       -1.87585657403264
H            1.09780841148158        2.83826280398282       -2.05566037159174
48
 energy: -84.830608155383 gnorm: 0.004267485377 xtb: 6.7.1 (edcfbbe)
C            5.49117189783700        1.64446074855040       -0.09561064218428
O            4.30895293440998        1.43050727140134       -0.85528944754986
C            3.15759029131164        1.29829175915489       -0.10780388524808
O            3.14787698162737        0.02962339367560        0.51382610545579
C            2.00846308453348       -0.19109515549832        1.31851715159818
C            2.22526695486238       -1.52300232655971        2.04533200293425
O            3.30564615122472       -1.45797610657657        2.93599617319233
C            0.69345379860472       -0.17511632875255        0.50231129169029
O           -0.33625431313441       -0.15174511077333        1.48490271911853
C           -1.48077092957500       -0.97016670535024        1.56864106255791
O           -2.62858977833468       -0.16348037557201        1.54726076713694
C           -3.01683057341344        0.36066385623044        0.28359089131032
C           -4.22254986188564        1.27777018380066        0.54157749429284
O           -4.64551063386337        1.93531830506629       -0.62813186930487
C           -3.37591004524345       -0.79125282925205       -0.66373995077895
O           -3.72797855570947       -0.35272566862080       -1.95131158826487
C           -2.15340656895910       -1.70437071544263       -0.79990677128900
O           -2.45652381501821       -2.87237217929772       -1.52728899119711
C           -1.66247437865299       -2.14879688457601        0.58552086615671
O           -0.48610468436405       -2.90868451027596        0.50314105392999
C            0.63548233121935        1.09425993988719       -0.36873532077443
O           -0.37499908511702        1.05424099851260       -1.34970221690957
C            1.96688181184975        1.42268688299585       -1.06163839526999
O            1.93595181845289        2.73335719730094       -1.55799913655312
H            5.71650718457778        0.77639287771931        0.52664134462528
H            5.38580237272740        2.53292376267789        0.53473905695567
H            6.28193683426286        1.79760352137407       -0.82519462456232
H            3.08629057062096        2.09155899086787        0.66713274892191
H            1.93021103584259        0.61393194458167        2.06964439611228
H            2.37563678008056       -2.31317450709107        1.29980778537460
H            1.34053219005037       -1.75205646791512        2.63917273708376
H            4.09297685965767       -1.21273585113495        2.43229210660498
H            0.64720495983413       -1.07957678530224       -0.11229611797392
H           -1.46761227386482       -1.37813706241198        2.59053971857173
H           -2.19894154285560        0.94254507414140       -0.16205205674504
H           -3.96034001385059        1.98400908045066        1.33558311255813
H           -5.06747249714526        0.67565354934996        0.88335017637475
H           -4.00687175456883        2.62267909127754       -0.86009721002285
H           -4.20068572178013       -1.37165546567980       -0.21442222598587
H           -4.33717845967422        0.40032780110250       -1.85716942575818
H           -1.36763717575021       -1.14084793436970       -1.31945129902360
H           -2.94910294115145       -2.60605104839766       -2.31594197287507
H           -2.47413457580173       -2.75917801348351        1.01749027960184
H           -0.66515631315117       -3.65446325637433       -0.08918911427948
H            0.36770758473515        1.92550328731690        0.29498170707914
H           -0.09862353574908        0.48096258969835       -2.07990742423659
H            2.14637393179825        0.70100873629156       -1.87723516467100
H            1.11374377833290        2.85237706404389       -2.05839291966464
48
 energy: -84.830983470324 gnorm: 0.005421598161 xtb: 6.7.1 (edcfbbe)
C            5.49381904475512        1.63464031032121       -0.09383204753326
O            4.31273510947945        1.42133212271911       -0.85536859279714
C            3.15896959659985        1.29343483686444       -0.11116662486113
O            3.13828403033951        0.02076775073183        0.50104010785090
C            1.99752520876970       -0.19122718878078        1.30729472952107
C            2.20175031888331       -1.53106871681745        2.02366166632389
O            3.27999054751523       -1.47728257059293        2.91858284750969
C            0.67798284909104       -0.16031806176010        0.49656241061392
O           -0.34060285125748       -0.12948423608998        1.49116567982315
C           -1.47814770315811       -0.95672271712660        1.57592977173995
O           -2.63912334604233       -0.16785774470845        1.55287397866493
C           -3.01826079547164        0.35528421788216        0.28764253708231
C           -4.22515963877908        1.27212558801072        0.53857937994312
O           -4.64238593824078        1.92801494295957       -0.63408910662094
C           -3.36934882356199       -0.79869318552132       -0.66020319624298
O           -3.71514716607442       -0.36635497052879       -1.95176613582197
C           -2.14285951677415       -1.70779684726705       -0.78794102993382
O           -2.43717432255530       -2.88216482097066       -1.50917239540408
C           -1.65075722756147       -2.14366995291656        0.60025399257440
O           -0.47125059832375       -2.89916864549528        0.52004101453452
C            0.63372903410324        1.11506358284992       -0.36847453494177
O           -0.38003144376642        1.08894714437315       -1.34731156894259
C            1.96828578770783        1.43067464474339       -1.06348263040035
O            1.95465699239980        2.74141490921559       -1.56122411425041
H            5.71813924108764        0.76712675253331        0.52965647155240
H            5.38823665436352        2.52377688662578        0.53555160060098
H            6.28567606730012        1.78665115082295       -0.82245431418242
H            3.09276868292752        2.08072201948588        0.67015726814014
H            1.93122229578363        0.60743333264312        2.06682200770140
H            2.35056334533933       -2.31806480834146        1.27473999246034
H            1.31507795370084       -1.76187218555551        2.61427071715433
H            4.06969907952415       -1.22945851273703        2.41982719586567
H            0.61701333052936       -1.05845673171608       -0.12618156823711
H           -1.45892692561237       -1.36290907085942        2.59739825459896
H           -2.19696998708875        0.93658056111192       -0.15266785931705
H           -3.96578608611089        1.97869019258875        1.33309378226722
H           -5.07119875738536        0.66997369297620        0.87744054723844
H           -4.00349511040321        2.61636747972306       -0.86230938524102
H           -4.19479960228608       -1.38093336101513       -0.21446563030102
H           -4.32504763962234        0.38669839057944       -1.86330727732158
H           -1.35782536146780       -1.14337907120911       -1.30801470228415
H           -2.93079927109986       -2.62260615267603       -2.29941820087403
H           -2.45943131281225       -2.75550159910202        1.03578239000366
H           -0.64726846521387       -3.64633902538997       -0.07157930366012
H            0.37700368088947        1.95056647523320        0.29448764174397
H           -0.11448253711085        0.50766316940235       -2.07542837481262
H            2.13995581066110        0.70695660976334       -1.87907463550173
H            1.13319787590250        2.87042003505780       -2.06043777560511
48
 energy: -84.831192547562 gnorm: 0.004621114879 xtb: 6.7.1 (edcfbbe)
C            5.49531373174989        1.62420852999973       -0.09354363532192
O            4.31523706384573        1.41324604211756       -0.85737514363180
C            3.16010811314783        1.28865572952197       -0.11507788057126
O            3.13178421488651        0.01325270889498        0.49017834496582
C            1.99083989962389       -0.19059038772741        1.29744785530452
C            2.18112214178974       -1.53824365466724        2.00359769748802
O            3.25663769417092       -1.50154057947099        2.90346865490117
C            0.66832516322044       -0.14852629074363        0.49338838627532
O           -0.34147555437438       -0.11340220856339        1.49748149255647
C           -1.47594979423354       -0.94339052273151        1.58219541387497
O           -2.64495345395353       -0.16697938088275        1.55907282925115
C           -3.01903585602112        0.35194251407837        0.29114029365331
C           -4.22897922805251        1.26686740721451        0.53293501909161
O           -4.64072859846200        1.92017110508028       -0.64299693875589
C           -3.36153203737287       -0.80572339216363       -0.65657215043573
O           -3.70222924369034       -0.37856348473951       -1.95138897484496
C           -2.13145131507405       -1.71085223876185       -0.77795286630351
O           -2.41781287594901       -2.89129982695573       -1.49240744295319
C           -1.63959157519359       -2.13664409680294        0.61323988157051
O           -0.45740051498424       -2.88848100041238        0.53938171222594
C            0.63168446925977        1.13314851058560       -0.36607244087721
O           -0.38706213671619        1.12396173350432       -1.34120387888857
C            1.96834044116675        1.43711276290014       -1.06486707619713
O            1.96746034038725        2.74836057471997       -1.56161121627569
H            5.71740847776047        0.75643441027061        0.53061717522012
H            5.39036878643522        2.51347140160571        0.53577340640589
H            6.28895137412585        1.77458820228998       -0.82055974957954
H            3.09877869816860        2.07138738233258        0.67110087119251
H            1.93158594913779        0.60396288013011        2.06065068415963
H            2.32634312786391       -2.31913916962803        1.24768669432451
H            1.29014418405917       -1.76872283597822        2.58787263178945
H            4.04896788434602       -1.25238334242507        2.40962397851581
H            0.59571051379507       -1.04113659352593       -0.13393913064813
H           -1.45322394360333       -1.34589663942408        2.60552306192639
H           -2.19608395222253        0.93386751965568       -0.14526631189190
H           -3.97475373229678        1.97478393701343        1.32791489939602
H           -5.07560448569773        0.66372858021357        0.86865390847360
H           -4.00206142471776        2.60997529684517       -0.86732423564630
H           -4.18685478100410       -1.39021250763133       -0.21359638166329
H           -4.31366039544908        0.37359333928029       -1.86868415321063
H           -1.34812647365152       -1.14563843786698       -1.30026789910816
H           -2.91209388468964       -2.63962596792810       -2.28471355952992
H           -2.44590412936945       -2.74848153574714        1.05259612749812
H           -0.62950577502724       -3.63797281914968       -0.05053394054788
H            0.38662460020274        1.96943079956917        0.30042367312476
H           -0.13441372822983        0.53815599626267       -2.07021628092332
H            2.13114123748390        0.71235029397283       -1.88146607260901
H            1.14761289341471        2.88678588147059       -2.06084234996026
48
 energy: -84.831325253868 gnorm: 0.002928338008 xtb: 6.7.1 (edcfbbe)
C            5.49614968081836        1.61394258298897       -0.09520890680388
O            4.31650691943889        1.40787281329675       -0.86116023177172
C            3.16115527252646        1.28559578023975       -0.11901579361293
O            3.12838197391055        0.00879129782329        0.48238459049331
C            1.98858992491697       -0.18949026842606        1.29070121705100
C            2.16662616677325       -1.54380360090622        1.98773738228548
O            3.23941578670977       -1.52650004397562        2.89169641889635
C            0.66484320674434       -0.13999512643618        0.49219761245775
O           -0.34018236692557       -0.10355878904934        1.50138944480089
C           -1.47471004417255       -0.93196601296111        1.58665614035905
O           -2.64579869621863       -0.16081871855674        1.56367895250406
C           -3.01958870468345        0.35123390645623        0.29241421241119
C           -4.23418690523496        1.26215816539946        0.52548555966635
O           -4.64133266588754        1.91212511228835       -0.65371659878366
C           -3.35419162675368       -0.81130818582325       -0.65359173416661
O           -3.69145321911854       -0.38805393530586       -1.95058280588307
C           -2.12131382197535       -1.71324822783256       -0.76993703217608
O           -2.40170750855722       -2.89849867658861       -1.47818129827868
C           -1.63189009396818       -2.13008604117774        0.62415424330276
O           -0.44758449413552       -2.87922507675506        0.55912473081631
C            0.63107330311005        1.14724956544256       -0.36145995761565
O           -0.39400649389928        1.15417451002254       -1.33058050974014
C            1.96759973135153        1.44279731954760       -1.06557840047062
O            1.97434125492761        2.75468355325445       -1.55977009058587
H            5.71425091404207        0.74478991330490        0.52869008504959
H            5.39304905170487        2.50277228311718        0.53501931858103
H            6.29187201865308        1.76217164529924       -0.82037378147486
H            3.10391677485604        2.06569992779754        0.66997926187332
H            1.93369508298628        0.60230925682586        2.05562227814565
H            2.30702480294323       -2.31750035055768        1.22342151558728
H            1.27068260581148       -1.77255544813402        2.56488523860323
H            4.03435407041143       -1.27813489121259        2.40186909800493
H            0.58521641138970       -1.02842597153018       -0.13759253455587
H           -1.45110436627676       -1.32997978783222        2.61284034267194
H           -2.19730329722323        0.93506896676657       -0.14259938361850
H           -3.98672209560762        1.97227570492077        1.32077356065514
H           -5.08067805841142        0.65687739759374        0.85789538641463
H           -4.00343521989017        2.60364919928208       -0.87483587691016
H           -4.17883431222580       -1.39772533721838       -0.21208509543910
H           -4.30515415371439        0.36251627502576       -1.87291104945321
H           -1.33955603317622       -1.14786971253742       -1.29495911996645
H           -2.89512029519006       -2.65437435061079       -2.27327537518382
H           -2.43749611386708       -2.74130578490487        1.06520932579506
H           -0.61530947023613       -3.63148574953164       -0.02852244511002
H            0.39691329086320        1.98111880583162        0.31180884884085
H           -0.15476073937002        0.56759792803732       -2.06322643649907
H            2.12164472115663        0.71787021887374       -1.88369055528458
H            1.15611994090333        2.90056458733261       -2.05929476694401
48
 energy: -84.831412475684 gnorm: 0.002302073034 xtb: 6.7.1 (edcfbbe)
C            5.49702774484974        1.60418520144893       -0.09888273364177
O            4.31681256308558        1.40549503033386       -0.86605563395529
C            3.16222055659720        1.28483182701761       -0.12247632918504
O            3.12771659305696        0.00755037480705        0.47763748579403
C            1.99002756777221       -0.18854078928246        1.28763460666230
C            2.15982473792398       -1.54793287727582        1.97704074340009
O            3.23021204585315       -1.54746941352179        2.88340940344440
C            0.66572644347044       -0.13416906793516        0.49295525901195
O           -0.33818137852009       -0.09814616334717        1.50330335168473
C           -1.47474032003417       -0.92297126747317        1.58940879767457
O           -2.64379838796194       -0.15118378423629        1.56586559803298
C           -3.02068915122153        0.35259430864787        0.29111278887408
C           -4.24070836448990        1.25800139054954        0.51722082440474
O           -4.64457903758162        1.90441508641344       -0.66493844370171
C           -3.34872125864082       -0.81497109204327       -0.65194084291283
O           -3.68393483888575       -0.39486093465966       -1.95031840058304
C           -2.11396431147844       -1.71485334345939       -0.76417303232406
O           -2.39060727733390       -2.90337615585641       -1.46756339096707
C           -1.62847087228436       -2.12477229113833        0.63256569599027
O           -0.44285886463829       -2.87244679779493        0.57681379072196
C            0.63214279561931        1.15742704991728       -0.35489959784461
O           -0.39953495441871        1.17733411389527       -1.31648838120693
C            1.96643804606296        1.44802592102824       -1.06538870541750
O            1.97675113797551        2.76056282284867       -1.55657431041541
H            5.70978622210931        0.73265524369720        0.52368332351694
H            5.39745414205974        2.49219056529120        0.53310069134493
H            6.29449461676576        1.74974507738958       -0.82262098453424
H            3.10839042922181        2.06414254858752        0.66754273410593
H            1.93844397118388        0.60112965309720        2.05429124661086
H            2.29550727619228       -2.31547547258860        1.20553303894227
H            1.25991877566314       -1.77452035545260        2.54856748102783
H            4.02791337791687       -1.30278611078313        2.39647122476544
H            0.58325969337438       -1.01991644864816       -0.13881567256301
H           -1.45209313045033       -1.31697364779415        2.61815434846451
H           -2.20111309983074        0.93934401567182       -0.14501597493234
H           -4.00055389618321        1.97057959795203        1.31268812104589
H           -5.08634446548742        0.64962297597277        0.84630166028351
H           -4.00780116795047        2.59757290640008       -0.88411694048373
H           -4.17253961186571       -1.40266487196355       -0.21078210984686
H           -4.30032313067694        0.35383507703058       -1.87655018208830
H           -1.33272839865973       -1.15004210019006       -1.29094703087002
H           -2.88142692072845       -2.66530500385298       -2.26597677031246
H           -2.43492264887114       -2.73502478748727        1.07326859638069
H           -0.60668944815653       -3.62780704105433       -0.00787601878067
H            0.40748883400915        1.98759014498760        0.32596896462219
H           -0.17247747613548        0.59223927700937       -2.05396773011220
H            2.11296227958021        0.72354320448591       -1.88512285559622
H            1.15928467268913        2.91159303508898       -2.05556271784539
48
 energy: -84.831474170095 gnorm: 0.002288354958 xtb: 6.7.1 (edcfbbe)
C            5.49862762370721        1.59445344877829       -0.10429854953777
O            4.31667988361134        1.40492199228819       -0.87131391556444
C            3.16353301096112        1.28574313941890       -0.12515773541611
O            3.12866913138627        0.00828177843211        0.47479417970787
C            1.99341667145544       -0.18802898660101        1.28734494309754
C            2.15910355256773       -1.55130056757729        1.97022161698563
O            3.22780827680459       -1.56312394255822        2.87727380945431
C            0.66819309194738       -0.12964520769596        0.49534432623765
O           -0.33664118157236       -0.09404864444562        1.50461520624939
C           -1.47586582866655       -0.91538375815402        1.59114342013165
O           -2.64170753004579       -0.14030140095267        1.56591201197962
C           -3.02289417485178        0.35499351091084        0.28790785930856
C           -4.24862727149648        1.25397839577407        0.50868026069992
O           -4.65043348780285        1.89694930981897       -0.67607690701698
C           -3.34518935675779       -0.81713183467118       -0.65173863438188
O           -3.67883771876585       -0.40006999543642       -1.95131396643539
C           -2.10905797517231       -1.71565981782238       -0.76005308061458
O           -2.38327866972344       -2.90641771047291       -1.45988665878544
C           -1.62806082658062       -2.12032306077621        0.63917686483607
O           -0.44186442340164       -2.86753448869692        0.59196432568726
C            0.63428921954040        1.16529357551985       -0.34705579605814
O           -0.40362889583676        1.19517900861218       -1.30067063009071
C            1.96529013229140        1.45310195374748       -1.06417506975936
O            1.97712695678911        2.76630611385751       -1.55269259878764
H            5.70549567423703        0.71998357770847        0.51610665636668
H            5.40440668349043        2.48149575648587        0.52993646083769
H            6.29699703711671        1.73678438525783       -0.82760278896338
H            3.11304782081047        2.06520845014766        0.66507779677200
H            1.94524165360589        0.59941858444692        2.05660526437896
H            2.29091753739217       -2.31430869361252        1.19350398411314
H            1.25694642864190       -1.77642364644788        2.53854975876907
H            4.02850546434235       -1.32488522283879        2.39217555036310
H            0.58505003175737       -1.01367993148161       -0.13881727226597
H           -1.45492604748824       -1.30620501164662        2.62163815173944
H           -2.20711368848900        0.94525442679081       -0.15068317071031
H           -4.01582911425189        1.96886149547905        1.30430141959688
H           -5.09286308382407        0.64183867535870        0.83440841524915
H           -4.01498514140827        2.59159976954824       -0.89442717443559
H           -4.16835679230519       -1.40571994501838       -0.21060269217036
H           -4.29819417043701        0.34661041932771       -1.88060349579780
H           -1.32724282663852       -1.15179489133204       -1.28716407361224
H           -2.87029701968012       -2.67272263071255       -2.26183253008102
H           -2.43621569348888       -2.72920614879958        1.07881670115999
H           -0.60283679349154       -3.62646763194805        0.01121354871160
H            0.41811143921224        1.99215164788321        0.34044953528945
H           -0.18717764209643        0.61161965317686       -2.04246556000066
H            2.10557611488752        0.72937135069970       -1.88549057361720
H            1.15909402868035        2.92097938452791       -2.04955420540718
48
 energy: -84.831521706131 gnorm: 0.001965965246 xtb: 6.7.1 (edcfbbe)
C            5.50137646297197        1.58386597171339       -0.11133892758168
O            4.31647020592736        1.40476007139774       -0.87650494205231
C            3.16526457709866        1.28749287969400       -0.12691589656324
O            3.13016006089969        0.00980198549947        0.47292022210681
C            1.99730141915663       -0.18773543902602        1.28881525636693
C            2.16216778543721       -1.55419304417341        1.96578039698824
O            3.23025154281725       -1.57388355322523        2.87212004131226
C            0.67048226931745       -0.12540427971811        0.49906861535902
O           -0.33598169062782       -0.08929301146350        1.50638539556448
C           -1.47771902482782       -0.90814558529786        1.59240551682030
O           -2.64103478031089       -0.12964273125234        1.56433117236549
C           -3.02633625907312        0.35759554448630        0.28355259623357
C           -4.25787609087376        1.24972569973783        0.49995394783417
O           -4.65859848318588        1.88934682477007       -0.68713786813403
C           -3.34309972445892       -0.81849092564137       -0.65283213627872
O           -3.67497428679733       -0.40474653771350       -1.95382940747677
C           -2.10575256214395       -1.71588202139882       -0.75691506645359
O           -2.37809504752848       -2.90838598474736       -1.45403312326241
C           -1.62909816329947       -2.11610677147787        0.64475039147924
O           -0.44285233867158       -2.86350854607477        0.60499020505672
C            0.63697277218106        1.17238659011058       -0.33831361331219
O           -0.40660548744880        1.21046958516968       -1.28432317142394
C            1.96444587851586        1.45832581504207       -1.06181876499716
O            1.97703364464816        2.77226668133565       -1.54816072806185
H            5.70243808569959        0.70620737183382        0.50631033226903
H            5.41443208351108        2.46994192206874        0.52540339517093
H            6.29950396630657        1.72235104977600       -0.83557943223025
H            3.11868130593950        2.06725726679340        0.66349262507977
H            1.95300785329889        0.59711758140493        2.06134798008535
H            2.29112268768272       -2.31385757222592        1.18533871557940
H            1.25944869913364       -1.77931561334979        2.53319805098411
H            4.03397954303496       -1.34419922597931        2.38784174166429
H            0.58716647917684       -1.00807954896085       -0.13788511906078
H           -1.45878604378485       -1.29627166575020        2.62398371758178
H           -2.21468080439782        0.95165188853298       -0.15775735727413
H           -4.03236452177321        1.96672449760996        1.29568379508991
H           -5.10030675989072        0.63339683505534        0.82237973679409
H           -4.02467329526757        2.58544642623405       -0.90543458646051
H           -4.16592080227334       -1.40788744417038       -0.21202555172003
H           -4.29762789558130        0.33968564204942       -1.88581162524278
H           -1.32267902390630       -1.15305369360462       -1.28332784859051
H           -2.86077273850184       -2.67767856336552       -2.25943161921745
H           -2.43921378168989       -2.72311106093924        1.08367211953334
H           -0.60210089210628       -3.62661271922533        0.02931247468840
H            0.42862146523614        1.99688012066302        0.35440957593967
H           -0.19951228132566        0.62727355434394       -2.02904825155418
H            2.09939382018009        0.73556458454479       -1.88474520778473
H            1.15694228306433        2.92994578583898       -2.04079278348087
48
 energy: -84.831563602503 gnorm: 0.001760089407 xtb: 6.7.1 (edcfbbe)
C            5.50693618208423        1.56740628238018       -0.12308799276406
O            4.31631035501592        1.40340320587204       -0.88303478655338
C            3.16829044057124        1.28995998899490       -0.12778351983412
O            3.13164195686843        0.01168694965338        0.47106243232140
C            2.00163416580187       -0.18717791881764        1.29209991598777
C            2.16861234233456       -1.55728452008735        1.96181505793696
O            3.23776115913607       -1.58212804587991        2.86564360219134
C            0.67197971721386       -0.11936378931912        0.50546289294624
O           -0.33650274444754       -0.08092778595628        1.51013004863030
C           -1.48080682907097       -0.89815507966356        1.59384773508122
O           -2.64295965289881       -0.11706595787209        1.56063657744154
C           -3.03236030984553        0.36056622252451        0.27697189375716
C           -4.27152179795121        1.24351591720408        0.48813355274087
O           -4.67174106036964        1.87867005512835       -0.70184566790795
C           -3.34150846437623       -0.82004110117095       -0.65579535926810
O           -3.67019121388221       -0.41122159809436       -1.95926276626166
C           -2.10241381968100       -1.71567105767151       -0.75346721656485
O           -2.37205737209528       -2.91042454745377       -1.44754900141629
C           -1.63086820562845       -2.11023440143809        0.65143938807673
O           -0.44510237787689       -2.85844041390702        0.62003246593923
C            0.64070690112436        1.18214008168806       -0.32582191800307
O           -0.40938428015271        1.23026408207083       -1.26312330972871
C            1.96394641838799        1.46591998385166       -1.05683365042771
O            1.97730591146743        2.78104084305523       -1.54064275128559
H            5.70111555321773        0.68546098123781        0.49033073508953
H            5.43244982345665        2.45226578136926        0.51710647338971
H            6.30283318060156        1.69989911575898       -0.85087054406152
H            3.12844736517840        2.06958404958967        0.66341184843120
H            1.96313718937051        0.59388139997879        2.06906791833868
H            2.29526423664240       -2.31342424708090        1.17767217933536
H            1.26720372701243       -1.78490524908425        2.53060950978516
H            4.04476882921174       -1.36522419939778        2.38071383304031
H            0.58755553764968       -1.00004800680846       -0.13537176060044
H           -1.46496172836656       -1.28279878771996        2.62640121962090
H           -2.22590190116461        0.95971316131328       -0.16725724160018
H           -4.05545647163682        1.96320154511909        1.28382541225410
H           -5.11115975142484        0.62136289144196        0.80649696230051
H           -4.04011152090848        2.57676956741333       -0.92065206800412
H           -4.16431190939249       -1.41065355948908       -0.21635226441430
H           -4.29814299914543        0.32941495815288       -1.89496138799384
H           -1.31739644436012       -1.15405637595043       -1.27830006470183
H           -2.84919387680652       -2.68235044514121       -2.25701439116287
H           -2.44345843365104       -2.71406567366179        1.09048299720166
H           -0.60368296935932       -3.62784623926665        0.05262730949269
H            0.44193131843172        2.00454204163790        0.37223044361111
H           -0.21354721873019        0.64524612158276       -2.00944636962286
H            2.09260383172223        0.74484962331073       -1.88214882492508
H            1.15230932307960        2.94274079147593       -2.02414455584179
48
 energy: -84.831584347465 gnorm: 0.001162185506 xtb: 6.7.1 (edcfbbe)
C            5.51033614271342        1.55877108292026       -0.12946424486770
O            4.31622743035030        1.40051753532026       -0.88494753248518
C            3.16986607906981        1.29009049807301       -0.12669123835872
O            3.13080325103618        0.01143150419484        0.47089445994832
C            2.00138652793211       -0.18635884221754        1.29376087835933
C            2.17070835122518       -1.55701177122617        1.96203458826069
O            3.24226268605476       -1.57989124677070        2.86373278166210
C            0.67070592383931       -0.11682781389901        0.50855801940248
O           -0.33792897096591       -0.07661782586496        1.51282280115069
C           -1.48217725707802       -0.89447811922560        1.59430110653196
O           -2.64602800461213       -0.11508667389694        1.55866161251454
C           -3.03503514051442        0.36074220075541        0.27470531730592
C           -4.27640498806203        1.24104379122689        0.48412322003906
O           -4.67731258744170        1.87431481659370       -0.70670660235399
C           -3.34130628420689       -0.82080730872128       -0.65780023710193
O           -3.66794639580339       -0.41375921282687       -1.96253309496847
C           -2.10133497000404       -1.71526285021956       -0.75275472580177
O           -2.36928757024123       -2.91100453997298       -1.44600174372813
C           -1.63073446051108       -2.10784840964371        0.65315028875733
O           -0.44527032260699       -2.85633572945219        0.62323050938510
C            0.64153297352923        1.18606527364571       -0.32120855406211
O           -0.40939502188691        1.23734044901113       -1.25764991701830
C            1.96419770866233        1.46924715083063       -1.05330061112580
O            1.97785828831083        2.78506460700134       -1.53591466013838
H            5.70350978867233        0.67546791246475        0.48214448480100
H            5.44238617090427        2.44318487344976        0.51190250082794
H            6.30360805433242        1.68867612512429       -0.86061564823428
H            3.13426976314890        2.06896924185134        0.66536163431264
H            1.96501100859611        0.59379259098392        2.07124652075222
H            2.29748667608747       -2.31234683523185        1.17722892992184
H            1.27122515117126       -1.78721073523963        2.53302232079015
H            4.04867504427943       -1.36650929109812        2.37656969750326
H            0.58446421756746       -0.99642418033523       -0.13317808211672
H           -1.46795098479863       -1.27786693360180        2.62715619411587
H           -2.22953843057964        0.96128155902063       -0.16933000448887
H           -4.06289875617054        1.96179414139587        1.27936274358999
H           -5.11478863940148        0.61708484177163        0.80208660132163
H           -4.04689539048496        2.57337053368106       -0.92597613434254
H           -4.16442767009512       -1.41200206649004       -0.21973675153014
H           -4.29872618084422        0.32454161276592       -1.89999793551639
H           -1.31605626657410       -1.15363974076737       -1.27719798395387
H           -2.84565901976981       -2.68323701561420       -2.25599943043296
H           -2.44375247996913       -2.71047653481687        1.09292639632441
H           -0.60466595152116       -3.62795842781622        0.05919007527884
H            0.44461647483547        2.00804634596364        0.37777165198958
H           -0.21620630941177        0.64997102049046       -2.00265554458698
H            2.09119358844778        0.74932503852645       -1.87989526457217
H            1.14939886561050        2.94882400078262       -2.01290439990612
48
 energy: -84.831603188941 gnorm: 0.000820146785 xtb: 6.7.1 (edcfbbe)
C            5.51396642863055        1.54873341293045       -0.13726530494336
O            4.31555701893243        1.39593746468264       -0.88677435766940
C            3.17134084005241        1.28960994814185       -0.12461812529393
O            3.12909809048698        0.01077162415683        0.47188209991462
C            1.99998097015098       -0.18494268544275        1.29597159600346
C            2.17225157422486       -1.55475167998466        1.96517921694753
O            3.24764960780959       -1.57292139452149        2.86359724225489
C            0.66913137326221       -0.11515946322683        0.51160235086326
O           -0.33997733160828       -0.07379905067959        1.51538614165888
C           -1.48366134224328       -0.89244569175405        1.59438647318880
O           -2.64934171548606       -0.11521834149274        1.55665218192604
C           -3.03689146547920        0.36051157633015        0.27273078633714
C           -4.27951765759067        1.23942423271585        0.48107857679928
O           -4.68229669132204        1.87030906263842       -0.71033727640794
C           -3.34121471144253       -0.82134784549372       -0.66030042272956
O           -3.66567822720131       -0.41525084743619       -1.96602553372519
C           -2.10057236946544       -1.71470782861257       -0.75312843676134
O           -2.36689150795746       -2.91121454054455       -1.44596256534479
C           -1.63037248362581       -2.10624203834844        0.65335921199034
O           -0.44500895955851       -2.85477902448873        0.62369001470034
C            0.64139483465571        1.18868437386920       -0.31734633526167
O           -0.40870590060832        1.24135250480209       -1.25519402543983
C            1.96427699622022        1.47265890205171       -1.04861229748153
O            1.97752661814087        2.78957107567910       -1.52878465591408
H            5.70763599756696        0.66398264583841        0.47220857462150
H            5.45335058841274        2.43260182699926        0.50545567378256
H            6.30356333599901        1.67640187590648       -0.87287580967066
H            3.14111143452731        2.06783275877901        0.66808978518881
H            1.96478327750572        0.59574605085806        2.07246883920647
H            2.29928713135600       -2.31040384385410        1.18091184718214
H            1.27555072193374       -1.78709072309248        2.53956906686720
H            4.05150989021294       -1.36009200088840        2.37215680335507
H            0.58121904320981       -0.99388158113947       -0.13031695689858
H           -1.47148150916676       -1.27517200804381        2.62752361603994
H           -2.23140645126093        0.96169747240662       -0.17048408689694
H           -4.06687865991782        1.96165946777358        1.27515430328649
H           -5.11654820276675        0.61439041050743        0.80051474347540
H           -4.05355692247471        2.57053290711080       -0.93061928675566
H           -4.16481311090072       -1.41282263274737       -0.22368195410388
H           -4.29991600551814        0.32000536345309       -1.90528258630002
H           -1.31547904471910       -1.15283458062284       -1.27764952805110
H           -2.84395617589655       -2.68344152333333       -2.25558490504234
H           -2.44352344183762       -2.70843029931330        1.09332345221993
H           -0.60530239555302       -3.62763227311362        0.06171517860326
H            0.44367932235678        2.00988413390086        0.38227305796786
H           -0.21608068571857        0.65157937008510       -1.99829638436893
H            2.09058527760688        0.75475407320207       -1.87714317451042
H            1.14462470942561        2.95594600848845       -1.99711183039130
48
 energy: -84.831616108334 gnorm: 0.000890056562 xtb: 6.7.1 (edcfbbe)
C            5.51667813418768        1.53902932374831       -0.14458479838699
O            4.31462141557702        1.39133817119388       -0.88911898239160
C            3.17242465920739        1.28897608590112       -0.12327399305551
O            3.12756956237703        0.01018164906847        0.47286390541425
C            1.99864847043600       -0.18335716584749        1.29771751781626
C            2.17217681535406       -1.55203388013475        1.96887174615953
O            3.25082293534609       -1.56735101911998        2.86423339750618
C            0.66798901926041       -0.11380467673845        0.51364982245741
O           -0.34177264516985       -0.07238935568298        1.51700209130792
C           -1.48488682201567       -0.89152442451949        1.59448726456665
O           -2.65143025430232       -0.11551590450891        1.55543316256427
C           -3.03786039112590        0.36028902651887        0.27125864719101
C           -4.28127870259972        1.23839400759041        0.47879215445044
O           -4.68606028185032        1.86665613994385       -0.71324803047113
C           -3.34057847303521       -0.82187159628210       -0.66224087880427
O           -3.66325714983310       -0.41625718467292       -1.96856095414525
C           -2.09944403692463       -1.71454533280332       -0.75355874075395
O           -2.36445963970992       -2.91158797411860       -1.44612436997300
C           -1.62986278771386       -2.10545734273024        0.65336119172633
O           -0.44406334588774       -2.85340625862322        0.62436530901842
C            0.64088391434519        1.19080362694934       -0.31431830979453
O           -0.40837058025711        1.24448799293872       -1.25341584793353
C            1.96395181332511        1.47605916810528       -1.04472665761871
O            1.97718059162304        2.79429275756140       -1.52149412431740
H            5.71046773636497        0.65267011688073        0.46263047212467
H            5.46203973042826        2.42203275514391        0.49976774406454
H            6.30333735354635        1.66520124673144       -0.88364154746260
H            3.14729426541201        2.06697736854880        0.66972199525755
H            1.96418470958450        0.59855324903518        2.07295065643675
H            2.29798466763425       -2.30885020119052        1.18558515221027
H            1.27741812733506       -1.78414265603926        2.54622916939288
H            4.05201598007586       -1.35287692312841        2.36908034675135
H            0.57963712984895       -0.99204373158306       -0.12852300733792
H           -1.47403904906733       -1.27415077712430        2.62777783768532
H           -2.23222359142594        0.96187156645055       -0.17110563712968
H           -4.06871458525185        1.96231204921179        1.27139490583280
H           -5.11712456286004        0.61283912639882        0.80039950617964
H           -4.05905393295484        2.56802667471009       -0.93476730048651
H           -4.16453005634340       -1.41349632447463       -0.22662567488598
H           -4.30072974084477        0.31620119286100       -1.90932570892510
H           -1.31442429355173       -1.15246589569942       -1.27803545050374
H           -2.84223142166739       -2.68430507566770       -2.25551127193847
H           -2.44295522653509       -2.70808387650465        1.09275680234406
H           -0.60400563328218       -3.62664067308533        0.06281528798600
H            0.44203729091741        2.01111465273887        0.38610970144611
H           -0.21604139353178        0.65355117664013       -1.99570115954028
H            2.08931617144217        0.76048524634386       -1.87555640031029
H            1.14072021796724        2.96381052634682       -1.98231194607432
48
 energy: -84.831629624261 gnorm: 0.000841637222 xtb: 6.7.1 (edcfbbe)
C            5.51862361679907        1.52896230393430       -0.15197337110922
O            4.31329414316151        1.38650901793073       -0.89212733697519
C            3.17318010343262        1.28813595321556       -0.12255845788045
O            3.12603970058595        0.00961818528945        0.47386641735745
C            1.99727689603801       -0.18134864733886        1.29933478363639
C            2.17047471517206       -1.54850100309983        1.97351697141820
O            3.25219804568344       -1.56231306930652        2.86546651288741
C            0.66711423517047       -0.11252433536388        0.51497282044552
O           -0.34337847277658       -0.07196529416972        1.51784111960259
C           -1.48584113259437       -0.89165331687646        1.59445701051979
O           -2.65272803446071       -0.11638863529760        1.55470472357445
C           -3.03791294435457        0.35980041311854        0.27011647308264
C           -4.28164541116863        1.23763895226818        0.47711783827653
O           -4.68859768566632        1.86304584434661       -0.71559062393982
C           -3.33951450394583       -0.82246511241481       -0.66382254980587
O           -3.66067469580676       -0.41700544686605       -1.97047020811078
C           -2.09805524074050       -1.71479782444991       -0.75408968399170
O           -2.36220018064920       -2.91206527006785       -1.44658274032250
C           -1.62919187792246       -2.10552766206491        0.65307715224648
O           -0.44263492908896       -2.85243473267935        0.62487906553075
C            0.63989814114422        1.19266517295342       -0.31187308460356
O           -0.40856141278161        1.24707311838878       -1.25198083175782
C            1.96319702041594        1.47959951341333       -1.04124932446371
O            1.97685455062175        2.79952333296402       -1.51329246813714
H            5.71228744536537        0.64064719132814        0.45249927226958
H            5.46927770534052        2.41068455916199        0.49449156965623
H            6.30270943538672        1.65434851320143       -0.89387597191956
H            3.15316077662256        2.06620926327819        0.67044309682629
H            1.96330906794890        0.60244845824573        2.07279502635750
H            2.29332187358148       -2.30762175520415        1.19197236924623
H            1.27721123704432       -1.77799867398637        2.55408812667548
H            4.05048329431086       -1.34437851956265        2.36697999582343
H            0.57938405055230       -0.99047482742456       -0.12757006296611
H           -1.47571099880303       -1.27456134602884        2.62776189121412
H           -2.23185581997392        0.96151754628654       -0.17122780478450
H           -4.06836039891122        1.96345466384093        1.26784247276091
H           -5.11649603582875        0.61216850686923        0.80156324249898
H           -4.06335139195084        2.56546707547433       -0.93869190781035
H           -4.16375113687275       -1.41416712176109       -0.22892612373170
H           -4.30102199231315        0.31293582984941       -1.91240226276009
H           -1.31298386166249       -1.15257440303980       -1.27838489505739
H           -2.84047929778107       -2.68543183150531       -2.25585274334325
H           -2.44200902906938       -2.70913491898639        1.09160742511505
H           -0.60130428518066       -3.62526915484708        0.06240339474090
H            0.43971787912231        2.01194428931868        0.38946573667335
H           -0.21604600798048        0.65634886478849       -1.99439561564583
H            2.08743516506400        0.76710153734804       -1.87498110923215
H            1.13785979406272        2.97275144503573       -1.96786033314173
48
 energy: -84.831645389221 gnorm: 0.000704346004 xtb: 6.7.1 (edcfbbe)
C            5.52040248748654        1.51603980006591       -0.16114741251513
O            4.31133873267791        1.38063377494380       -0.89655020410195
C            3.17380895769604        1.28700419401773       -0.12248895107893
O            3.12424720655379        0.00896436685895        0.47480521162759
C            1.99571491652678       -0.17841770228619        1.30116865001246
C            2.16726705402011       -1.54332111810688        1.97998329213304
O            3.25263865820891       -1.55703180788939        2.86739157855341
C            0.66609493098448       -0.11074981443663        0.51625499025811
O           -0.34520027221087       -0.07194147194299        1.51849706692271
C           -1.48686052499933       -0.89253769322283        1.59441597166318
O           -2.65388908911252       -0.11788682390702        1.55417818660383
C           -3.03767053951668        0.35879226671733        0.26902539197139
C           -4.28144838576847        1.23671296462297        0.47533903469686
O           -4.69077998324480        1.85863754010563       -0.71832314548986
C           -3.33792101979619       -0.82349737822847       -0.66541900320055
O           -3.65759521835216       -0.41810192348585       -1.97231035884858
C           -2.09618064447147       -1.71566594470777       -0.75478031437850
O           -2.35953688522176       -2.91299403249128       -1.44735545069000
C           -1.62820075031521       -2.10622585412460        0.65260809876336
O           -0.44057205093470       -2.85159236816112        0.62549865968324
C            0.63864888052842        1.19526181581941       -0.30896503503144
O           -0.40932974699380        1.25091218940858       -1.24951063176161
C            1.96193938510139        1.48423735032331       -1.03762232989689
O            1.97690294252195        2.80662592366935       -1.50275644056350
H            5.71330532135238        0.62484019091149        0.43936505571242
H            5.47711399440308        2.39569907848423        0.48857339591064
H            6.30179153588885        1.64104236133893       -0.90595694104785
H            3.15992514729822        2.06547671289048        0.67026523669058
H            1.96254765571913        0.60807495128088        2.07211171375507
H            2.28439322507138       -2.30618847677643        1.20106855156928
H            1.27544353959841       -1.76736263169392        2.56487556917327
H            4.04771914193065       -1.33475715526752        2.36547968058711
H            0.58004708890298       -0.98845633877969       -0.12694048773633
H           -1.47698445684666       -1.27593623048055        2.62763508935856
H           -2.23105521111945        0.96058727071211       -0.17102889063329
H           -4.06706877045114        1.96486880751494        1.26368130489936
H           -5.11529022100729        0.61163413863277        0.80318860369981
H           -4.06733957545771        2.56196917905525       -0.94354794106764
H           -4.16239141450233       -1.41535589803298       -0.23121732860055
H           -4.30075076013097        0.30940433460893       -1.91518765894546
H           -1.31088888329987       -1.15325670099432       -1.27860661477957
H           -2.83776869904690       -2.68710100875298       -2.25684754884364
H           -2.44061368061945       -2.71119993092817        1.09001837455258
H           -0.59712599953527       -3.62359345643319        0.06121920198441
H            0.43761672707094        2.01327607959043        0.39372447942553
H           -0.21674445822520        0.66158663929378       -1.99311126679891
H            2.08418326899778        0.77605933312615       -1.87540371519311
H            1.13611855759638        2.98482714954013       -1.95180972034355
48
 energy: -84.831658468275 gnorm: 0.000615183646 xtb: 6.7.1 (edcfbbe)
C            5.52186097213770        1.50323916735009       -0.17008425277877
O            4.30942694150716        1.37511780332238       -0.90130992605846
C            3.17437536716312        1.28589149307085       -0.12304593339206
O            3.12261282998469        0.00845065952138        0.47540427843309
C            1.99452002953041       -0.17505321627251        1.30310875903608
C            2.16360982798099       -1.53776680415195        1.98675330091359
O            3.25241154508245       -1.55234258387391        2.86952331971841
C            0.66530289732808       -0.10846357655424        0.51758950472125
O           -0.34672741048624       -0.07169878848763        1.51903265878318
C           -1.48760843448455       -0.89353183868209        1.59418591796885
O           -2.65491650870073       -0.11965051644028        1.55364772677043
C           -3.03738387840933        0.35741253113202        0.26799616600908
C           -4.28132262434934        1.23526120404452        0.47357121040092
O           -4.69211839006518        1.85443911384639       -0.72099650368089
C           -3.33657328949670       -0.82486026813788       -0.66678279034847
O           -3.65524537325569       -0.41949794596365       -1.97384639041124
C           -2.09433057090380       -1.71659437312646       -0.75544451501981
O           -2.35698360036997       -2.91393682551440       -1.44809870492692
C           -1.62704265220795       -2.10713542784195        0.65207399133271
O           -0.43838443366126       -2.85093117212615        0.62586479674725
C            0.63732612536354        1.19845634151142       -0.30592257064079
O           -0.41097711688547        1.25583394095667       -1.24588362684951
C            1.96050208104511        1.48869452193165       -1.03440487644173
O            1.97733453798884        2.81348764098079       -1.49262304904904
H            5.71358712979352        0.60898598500182        0.42617459841213
H            5.48421848885900        2.38052245378643        0.48320116289249
H            6.30090022717519        1.62821490377051       -0.91733249187028
H            3.16617695597061        2.06487133958679        0.66935098275149
H            1.96251958774927        0.61434129691447        2.07127466579051
H            2.27393208153416       -2.30486360782725        1.21086653607828
H            1.27313683441683       -1.75518903396843        2.57627775169783
H            4.04515015313270       -1.32808865628189        2.36467850786807
H            0.58114782981205       -0.98579729759237       -0.12654463627188
H           -1.47769450778889       -1.27745451748937        2.62721882985537
H           -2.23025823851036        0.95936619503916       -0.17084759551406
H           -4.06615775497242        1.96534028273340        1.25992590760998
H           -5.11458598673542        0.61072508294527        0.80393248590267
H           -4.06969970557374        2.55810266632833       -0.94799315745457
H           -4.16108061005843       -1.41713984928272       -0.23316449153596
H           -4.30014762912894        0.30651403563617       -1.91716094649375
H           -1.30886264030540       -1.15392191253413       -1.27882208440269
H           -2.83454286691146       -2.68858619075350       -2.25812452086453
H           -2.43901021266650       -2.71339875412728        1.08861907852609
H           -0.59293452650598       -3.62222981381078        0.06001517919863
H            0.43656344781572        2.01524891011593        0.39831637346408
H           -0.21866274018375        0.66863308366110       -1.99128685623242
H            2.08026570973077        0.78487881266411       -1.87618207654329
H            1.13637221709331        2.99610016037495       -1.93921669364570
48
 energy: -84.831668795906 gnorm: 0.000585250414 xtb: 6.7.1 (edcfbbe)
C            5.52272158222688        1.49271768925161       -0.17729803300416
O            4.30770912330739        1.37073571482953       -0.90534239563806
C            3.17465516159015        1.28494168374203       -0.12381790618069
O            3.12114578585998        0.00799631336621        0.47561831779489
C            1.99355034205992       -0.17196922466330        1.30475376645163
C            2.16059071707345       -1.53257995136432        1.99286965539175
O            3.25231999401639       -1.54828810888934        2.87163743254044
C            0.66439450760301       -0.10625112197281        0.51903262816751
O           -0.34812732772569       -0.07132421697932        1.51984384029889
C           -1.48826762931978       -0.89448956997080        1.59412487892573
O           -2.65605159794953       -0.12152524029031        1.55333824804439
C           -3.03772437512248        0.35583311874847        0.26744692989811
C           -4.28161445700819        1.23383005510800        0.47222383566705
O           -4.69260139691756        1.85158123710238       -0.72305528889187
C           -3.33564549323315       -0.82633783092568       -0.66779811270033
O           -3.65407870368876       -0.42094130041989       -1.97489000911726
C           -2.09289571717489       -1.71747455731984       -0.75626734578043
O           -2.35468454505199       -2.91483925789917       -1.44917393165687
C           -1.62583992638785       -2.10777949371170        0.65134834263354
O           -0.43632764632706       -2.85018276999690        0.62551491638476
C            0.63659055468066        1.20160192423845       -0.30303282970912
O           -0.41232245836209        1.26068686947013       -1.24196494268077
C            1.95930725991389        1.49232685408770       -1.03224383337570
O            1.97825841376061        2.81894737939270       -1.48526215222485
H            5.71330385924240        0.59582630079990        0.41528290990213
H            5.48960250540210        2.36787512284830        0.47907466360948
H            6.29996194196456        1.61790455501938       -0.92637730509081
H            3.17094745411673        2.06439750628880        0.66823252575893
H            1.96298750711845        0.61986401046899        2.07052067737056
H            2.26460887535995       -2.30326218041268        1.21961247148958
H            1.27134258733918       -1.74395370762846        2.58651448620969
H            4.04380676593174       -1.32540414519130        2.36422163570038
H            0.58193419429535       -0.98319745119635       -0.12599038123052
H           -1.47820051406148       -1.27892754416388        2.62694225970316
H           -2.23036021884566        0.95802462561987       -0.17048757275550
H           -4.06639753395564        1.96488947495321        1.25766110346506
H           -5.11470476433262        0.60953626362149        0.80338914147729
H           -4.07013012993674        2.55487665733629       -0.95103039689486
H           -4.15992081310287       -1.41921903859733       -0.23459001529288
H           -4.29943968760204        0.30471559786058       -1.91806027446912
H           -1.30748241408458       -1.15426257123413       -1.27919312125532
H           -2.83140416618452       -2.68972278427132       -2.25974726277885
H           -2.43733808010486       -2.71514880028804        1.08725716428334
H           -0.58951129061721       -3.62119877173455        0.05887848487468
H            0.43684601107319        2.01760542067818        0.40238482235646
H           -0.22052662235524        0.67539057395254       -1.98902849811628
H            2.07654909557173        0.79165562994426       -1.87691911109754
H            1.13846538605799        3.00451571836260       -1.93266941642980
48
 energy: -84.831678305640 gnorm: 0.000531344679 xtb: 6.7.1 (edcfbbe)
C            5.52336051649971        1.48414282975976       -0.18304165778261
O            4.30640961859825        1.36713316372675       -0.90862673073391
C            3.17488364345899        1.28409598490352       -0.12462465574015
O            3.11982395330701        0.00766822774972        0.47572063710815
C            1.99287430545412       -0.16896602722647        1.30647957627183
C            2.15813523218344       -1.52788784662517        1.99839730133806
O            3.25240755372126       -1.54429777273604        2.87367775139016
C            0.66373952272331       -0.10386325576428        0.52056199402159
O           -0.34922061097573       -0.07059858202886        1.52071511533621
C           -1.48863470891544       -0.89517752411839        1.59381842903395
O           -2.65714813622004       -0.12339544362857        1.55290596434085
C           -3.03815906424974        0.35429722812645        0.26696666374715
C           -4.28238022361305        1.23194317741859        0.47106479832433
O           -4.69228759822119        1.84988804497525       -0.72451487221987
C           -3.33533167981417       -0.82775410462184       -0.66858034339545
O           -3.65404040063049       -0.42221693777041       -1.97560634362175
C           -2.09169107716626       -1.71773654058855       -0.75706595941321
O           -2.35248869811763       -2.91513553439619       -1.45024845363872
C           -1.62454733749121       -2.10825624084864        0.65047026392778
O           -0.43423402730950       -2.84934338633837        0.62454874684924
C            0.63571097028917        1.20469090683240       -0.30045985683708
O           -0.41425379197397        1.26539210252994       -1.23802429328506
C            1.95820116516284        1.49478824659592       -1.03050231126624
O            1.97922631450710        2.82252213941702       -1.48011304454092
H            5.71291792439659        0.58511447631086        0.40653426440624
H            5.49376137287938        2.35747041202973        0.47588992560347
H            6.29923647469972        1.60961817780743       -0.93348883914638
H            3.17461978067680        2.06394013074478        0.66709878473115
H            1.96384546057325        0.62510815768832        2.06997936252824
H            2.25668644693520       -2.30173250672665        1.22761351973164
H            1.27014847454533       -1.73399334859101        2.59581758370694
H            4.04336546677865       -1.32567928234997        2.36359771505785
H            0.58252543979879       -0.98033297872142       -0.12535063559729
H           -1.47852502614198       -1.28027345616260        2.62632668369690
H           -2.23061299930075        0.95685654741273       -0.17019686613913
H           -4.06767220765247        1.96298571477210        1.25661419164049
H           -5.11585155378910        0.60779137227261        0.80151079290336
H           -4.06882048777782        2.55233898439077       -0.95244321484606
H           -4.15915524165793       -1.42154846705882       -0.23567329760976
H           -4.29888769707663        0.30394923493739       -1.91829986987839
H           -1.30654556834915       -1.15381643631517       -1.27970574846095
H           -2.82846632684213       -2.69010164286931       -2.26127734067707
H           -2.43552834652649       -2.71669264048210        1.08593235826134
H           -0.58656723164948       -3.62043881522594        0.05778836849690
H            0.43759482697446        2.02025451376911        0.40589801412130
H           -0.22317552388337        0.68157196836238       -1.98644899285393
H            2.07305512597605        0.79613301533717       -1.87705046843069
H            1.14169809179196        3.00954067357622       -1.93110000703453
48
 energy: -84.831687908148 gnorm: 0.000457174869 xtb: 6.7.1 (edcfbbe)
C            5.52378784377827        1.47615538132203       -0.18832956569033
O            4.30505248372339        1.36365812493355       -0.91160893373183
C            3.17491689929596        1.28322890239656       -0.12537026113288
O            3.11832677932003        0.00731540132803        0.47584545654496
C            1.99206175282428       -0.16586925369616        1.30831748142294
C            2.15604351956052       -1.52294346676714        2.00420918591903
O            3.25310298353764       -1.53956861608595        2.87590126035330
C            0.66276961139108       -0.10140515445186        0.52254473925209
O           -0.35062487569879       -0.06976924260428        1.52213258467979
C           -1.48918395997668       -0.89586860136441        1.59376481705069
O           -2.65867381979779       -0.12554765553061        1.55265925528138
C           -3.03932251216569        0.35255944923451        0.26684870427020
C           -4.28374491545414        1.22997178941746        0.47017115380413
O           -4.69154169088281        1.84932941983397       -0.72547373538862
C           -3.33511046119002       -0.82923674094996       -0.66939478816884
O           -3.65456833826688       -0.42342968063200       -1.97621980952102
C           -2.09051403687592       -1.71781246051901       -0.75827025670553
O           -2.34983700567860       -2.91520896743764       -1.45208799514307
C           -1.62305680571112       -2.10835317639381        0.64922567472758
O           -0.43185829595377       -2.84795674481149        0.62285884703429
C            0.63517987530218        1.20778999780048       -0.29767612259438
O           -0.41567150370739        1.26982529427487       -1.23400026217135
C            1.95719541109628        1.49681961321984       -1.02919360023720
O            1.98035867675005        2.82524730521099       -1.47670402702928
H            5.71254517215491        0.57523160378829        0.39854511652644
H            5.49756820172432        2.34784522812845        0.47290870589112
H            6.29836289403134        1.60182685219817       -0.94009905334697
H            3.17783487037385        2.06347262755285        0.66601051320507
H            1.96476710221732        0.63036489639188        2.06956880605409
H            2.24943036658823       -2.29973165724528        1.23583193257421
H            1.26956106121525       -1.72420821049223        2.60552826735361
H            4.04368635866766       -1.32769471825022        2.36237936759671
H            0.58272489079755       -0.97741495372538       -0.12414129218912
H           -1.47917530907269       -1.28177606059558        2.62593920717556
H           -2.23183359867457        0.95570571741692       -0.16955660838355
H           -4.07040398852408        1.96010912827865        1.25695628090417
H           -5.11784030368751        0.60545766453804        0.79827453808007
H           -4.06639642933922        2.55063575825556       -0.95244230522448
H           -4.15822206363622       -1.42418916990753       -0.23675982726443
H           -4.29829812962859        0.30377413573946       -1.91814706463362
H           -1.30590136497178       -1.15273453346420       -1.28047615017970
H           -2.82540077811305       -2.69014507548884       -2.26334359229205
H           -2.43334516044175       -2.71808914847920        1.08412148313129
H           -0.58356564670682       -3.61940379320453        0.05641372772726
H            0.43871628994274        2.02326267160232        0.40913777330145
H           -0.22539691219240        0.68690953234652       -1.98330089407658
H            2.06966002628830        0.79915064268374       -1.87679317058625
H            1.14583695283264        3.01270660675438       -1.93322055934244
48
 energy: -84.831696461052 gnorm: 0.000363665442 xtb: 6.7.1 (edcfbbe)
C            5.52433207002888        1.46860097238279       -0.19328062536177
O            4.30389185351392        1.36001335611499       -0.91422441690977
C            3.17498855402378        1.28231395397516       -0.12591053571470
O            3.11674273845516        0.00701014392348        0.47628818195268
C            1.99116012441399       -0.16274165052608        1.31041990541553
C            2.15430341184404       -1.51802144998914        2.01010996533190
O            3.25430350130634       -1.53431729942005        2.87821903653291
C            0.66184821821662       -0.09884747384882        0.52463942140488
O           -0.35202985748451       -0.06873216754255        1.52367327030001
C           -1.48966530718376       -0.89635028688763        1.59354313856581
O           -2.66027712636026       -0.12767326507735        1.55225872047404
C           -3.04051720542262        0.35102156982403        0.26666731190216
C           -4.28568112897376        1.22748024878850        0.46931826238775
O           -4.69061602429387        1.84951681442838       -0.72595431158254
C           -3.33503385547243       -0.83047948292974       -0.67029448847380
O           -3.65521023960889       -0.42422507075522       -1.97687529949173
C           -2.08913815911088       -1.71720015922173       -0.75949925103051
O           -2.34668579070906       -2.91451704629896       -1.45413629497037
C           -1.62140986612675       -2.10828250208357        0.64783432026852
O           -0.42921729458617       -2.84629553780798        0.62095413749531
C            0.63436995741248        1.21073331704650       -0.29508980724815
O           -0.41747910917766        1.27393049097367       -1.23028088506451
C            1.95621018482907        1.49810419242879       -1.02783681837585
O            1.98128298119561        2.82674290534742       -1.47451874432278
H            5.71239329059314        0.56614916666174        0.39145622481323
H            5.50128742641361        2.33900981510528        0.46972426733826
H            6.29760530514243        1.59415949902579       -0.94643690433193
H            3.18088993176102        2.06304652217569        0.66498859790200
H            1.96556863923579        0.63558983235224        2.06946787054647
H            2.24300251801977       -2.29757712937721        1.24407137261039
H            1.26947536345368       -1.71497665757252        2.61528187742449
H            4.04424601325074       -1.32991186702999        2.36072547987678
H            0.58272006441423       -0.97442962924164       -0.12268913002137
H           -1.48000546367201       -1.28326144140123        2.62531706726337
H           -2.23312387703971        0.95502559097457       -0.16883833613270
H           -4.07423191234702        1.95590344104967        1.25819243273605
H           -5.12064317535174        0.60230329970926        0.79396243190668
H           -4.06358643667988        2.54983166995322       -0.95091323602083
H           -4.15736668516290       -1.42686259433899       -0.23807491665049
H           -4.29775439810132        0.30404169037961       -1.91813340834284
H           -1.30511657093445       -1.15079445239369       -1.28118870225596
H           -2.82231011405637       -2.68944350019179       -2.26535518736998
H           -2.43097580544838       -2.71948271839275        1.08199848836704
H           -0.58025938711402       -3.61810588724084        0.05484566427711
H            0.43961636384952        2.02639279074689        0.41194556795041
H           -0.22825186543358        0.69114084749356       -1.97996515168564
H            2.06642433231539        0.80061735812736       -1.87584315770554
H            1.14992592971878        3.01384644546332       -1.93707839974642
48
 energy: -84.831702580525 gnorm: 0.000298026347 xtb: 6.7.1 (edcfbbe)
C            5.52476939014112        1.46254225453444       -0.19732781486403
O            4.30293864976361        1.35679142653701       -0.91630579044782
C            3.17503107645224        1.28154137450297       -0.12630444069381
O            3.11549411351431        0.00689621238845        0.47698790644441
C            1.99038328282966       -0.16013046211085        1.31233024544822
C            2.15293268459951       -1.51408250079279        2.01487191389969
O            3.25543334072875       -1.52970488126935        2.87997377413122
C            0.66107740406846       -0.09680790357227        0.52661103320266
O           -0.35332149648853       -0.06786825750529        1.52515475830953
C           -1.49017803110615       -0.89665136658772        1.59354712324990
O           -2.66174771183213       -0.12936546676726        1.55204760552748
C           -3.04176497838891        0.34986728069771        0.26667476700791
C           -4.28769121135548        1.22529588087936        0.46880728052931
O           -4.68999479728569        1.85010358989672       -0.72593477590957
C           -3.33463103446319       -0.83125464448567       -0.67125798466443
O           -3.65509816444807       -0.42441287856914       -1.97762455136578
C           -2.08774554355070       -1.71649905589186       -0.76067262624741
O           -2.34359448401003       -2.91366702528050       -1.45623997414235
C           -1.62006196466392       -2.10796617014659        0.64665370855004
O           -0.42706280675271       -2.84467827547572        0.61948155032000
C            0.63385389723725        1.21290814285267       -0.29294398106489
O           -0.41858670311039        1.27681788119526       -1.22746753387541
C            1.95549208266615        1.49869829473214       -1.02691353334621
O            1.98195505654011        2.82723829441884       -1.47375039715378
H            5.71233377839301        0.55917371709921        0.38614236308041
H            5.50445839538436        2.33226157236578        0.46664857809269
H            6.29693800971021        1.58753241990058       -0.95171448233821
H            3.18335158444440        2.06282508330369        0.66400472881827
H            1.96595640122284        0.63988359893118        2.06957046762964
H            2.23822992192343       -2.29579728919263        1.25075517999224
H            1.26958394618182       -1.70793564942562        2.62316536519904
H            4.04452246286426       -1.33103450531392        2.35904108569190
H            0.58270149486015       -0.97212286102298       -0.12108495245469
H           -1.48093462423567       -1.28439435181367        2.62502020816335
H           -2.23465887698568        0.95489945360263       -0.16795435536870
H           -4.07843585455701        1.95183968733199        1.26002798077952
H           -5.12326964370482        0.59906068513817        0.78978249464827
H           -4.06165111518427        2.55002267562116       -0.94849752198665
H           -4.15637658977444       -1.42888169217084       -0.23964607997439
H           -4.29696749525640        0.30442633775489       -1.91850510943684
H           -1.30419770295127       -1.14883633772222       -1.28171087813082
H           -2.81970519701888       -2.68861763430902       -2.26718442099966
H           -2.42904964311074       -2.72044269133093        1.08002272409117
H           -0.57740166606994       -3.61665803163679        0.05343654335930
H            0.44021016696187        2.02886517151322        0.41399042563088
H           -0.23033492409981        0.69358190771873       -1.97701508371666
H            2.06408255272275        0.80082496409829       -1.87480723228777
H            1.15273468516745        3.01390869223163       -1.94040128392854
48
 energy: -84.831705788517 gnorm: 0.000175574576 xtb: 6.7.1 (edcfbbe)
C            5.52519282314243        1.46032915063177       -0.19880318869836
O            4.30283683988682        1.35522730830556       -0.91701375846923
C            3.17524821299468        1.28114788039832       -0.12643444137894
O            3.11523988526897        0.00680738341889        0.47746270004751
C            1.99008824129483       -0.15961698201743        1.31281929098529
C            2.15259727229799       -1.51333436265426        2.01573861137409
O            3.25525927767759       -1.52888563630245        2.88077995058740
C            0.66083165006348       -0.09620852247110        0.52711950127622
O           -0.35360822647236       -0.06742465630023        1.52570789108898
C           -1.49028784685792       -0.89636859626180        1.59364668231265
O           -2.66213029857742       -0.12953845922850        1.55213385307693
C           -3.04227917746035        0.34990656565022        0.26685546455003
C           -4.28915058177200        1.22397842381434        0.46911793089448
O           -4.69153635700903        1.84945160363180       -0.72522595122779
C           -3.33403847422793       -0.83099621789092       -0.67172890222298
O           -3.65405212294340       -0.42367604592356       -1.97803002850294
C           -2.08666789914491       -1.71554569360841       -0.76099207791829
O           -2.34157837632080       -2.91252251554216       -1.45719158796481
C           -1.61941189930884       -2.10742926897175        0.64634565508560
O           -0.42610442739025       -2.84367386945752        0.61940709339420
C            0.63381691665749        1.21348151311823       -0.29244966007064
O           -0.41877796887282        1.27779229232078       -1.22686738815999
C            1.95543237355895        1.49847302495939       -1.02673973260810
O            1.98216757435208        2.82674059993345       -1.47446426729066
H            5.71241051265647        0.55708410161057        0.38505872854701
H            5.50602770222378        2.33042394123401        0.46471380764628
H            6.29699882904661        1.58423690083839       -0.95372047806122
H            3.18440672567298        2.06280490160509        0.66348247032943
H            1.96586360823188        0.64052547746205        2.06993676102198
H            2.23788004054159       -2.29510255174121        1.25168105696756
H            1.26924351649941       -1.70706984563371        2.62401485287225
H            4.04408904352866       -1.32999688865074        2.35960165880016
H            0.58236105002998       -0.97155053824907       -0.12049066784836
H           -1.48122420526362       -1.28445180796746        2.62502871090894
H           -2.23560664859438        0.95584081887904       -0.16731828477194
H           -4.08093062135908        1.94999963431661        1.26106167017678
H           -5.12426289407196        0.59670573801331        0.78921288353529
H           -4.06398565178496        2.55034992610301       -0.94677495858274
H           -4.15565206289097       -1.42928297817133       -0.24079815588986
H           -4.29669774188655        0.30439698901598       -1.91908539244613
H           -1.30318514121997       -1.14730652599360       -1.28149199447802
H           -2.81785815348522       -2.68745893391568       -2.26804926934235
H           -2.42833367796035       -2.72038604638101        1.07913485398487
H           -0.57580957124078       -3.61535628581318        0.05277947492257
H            0.44056611740128        2.02960489903102        0.41444907749948
H           -0.23120540434252        0.69407823836344       -1.97616912040579
H            2.06347078372538        0.79999323542508       -1.87427386596951
H            1.15234855184525        3.01379934850248       -1.93969245168450
