48
 energy: -84.791768510428 gnorm: 0.075645271546 xtb: 6.7.1 (edcfbbe)
C            5.61324496093999        1.58727673787781       -0.79783166362574
O            4.79380495260923        0.66984232516523       -0.09952825521733
C            3.58182328621755        0.41548487796762       -0.70246082157970
O            2.74643162930869        1.54389851945728       -0.53094904199048
C            1.45441924953542        1.39065137477272       -1.07683455516455
C            0.74892365347909        2.74574158574828       -0.92600025543029
O            1.47244056673146        3.76513188593757       -1.55437728818071
C            0.69552487746084        0.26351283274756       -0.35732043024162
O           -0.57264337511440        0.11949456908461       -0.98245804052264
C           -1.69535827888008       -0.10991898689801       -0.20078638518383
O           -1.41227780620953       -1.00465153150459        0.85786066626935
C           -2.56434876665552       -1.67236249217431        1.35839472177786
C           -2.65173631116298       -3.07702072855109        0.72871959393845
O           -1.49017722240638       -3.81756400340005        0.95908413078391
C           -3.85993643849089       -0.87211761037651        1.13135454348279
O           -4.86759961163967       -1.24556945591562        2.03732495572923
C           -3.64189353494228        0.66122728114641        1.16577219322805
O           -4.71853472165759        1.30143370814154        0.53681188088363
C           -2.33314457486364        1.12455047396852        0.47300935865699
O           -1.45172644667597        1.70610189450751        1.39475687605849
C            1.51029888919851       -1.03471818365092       -0.49453567072623
O            0.96736783589539       -2.13388797087269        0.20213451999435
C            2.96616189870088       -0.82218297183332       -0.03853888593593
O            3.73740576142165       -1.93893719829734       -0.38285558246147
H            5.14897611484935        2.57583477300891       -0.84556200251660
H            5.81443756560442        1.23157739510755       -1.81421519938937
H            6.54283968645893        1.64253080377829       -0.23667802288139
H            3.70417313528123        0.21250437083445       -1.78734817136791
H            1.52784534280742        1.13458094975853       -2.14558036446398
H            0.61221624041660        2.95941210272098        0.14225541340715
H           -0.22704458377127        2.70011086257214       -1.40960112522782
H            2.37346456141821        3.72563451863210       -1.21040823286057
H            0.59261939355456        0.52402347138473        0.70042734783453
H           -2.41555138176124       -0.54160284849821       -0.91006391664616
H           -2.38051058660833       -1.78648304920596        2.43616220330228
H           -2.84552457301759       -2.97113237382532       -0.34838494226474
H           -3.47905573907681       -3.62383773233294        1.18559876241174
H           -0.74589385736709       -3.36455213096988        0.53366327118101
H           -4.27854903731980       -1.12543106329085        0.15015920727139
H           -4.56087186595632       -1.11227075079173        2.94309882400798
H           -3.58358938865182        0.97851608690539        2.22387486979594
H           -5.54141412050090        0.93086643307333        0.88249761236882
H           -2.57762164577898        1.89756832493032       -0.25683189721983
H           -1.15355278789339        1.01188426364465        1.99867377692575
H            1.50965738691828       -1.33598581362636       -1.54859144659216
H            0.71335472164723       -1.84637783852472        1.08885363494393
H            2.99019938698545       -0.65564308588212        1.05171889536360
H            3.23094356278988       -2.72716677947512       -0.14091952453155
48
 energy: -84.796912555707 gnorm: 0.010946508244 xtb: 6.7.1 (edcfbbe)
C            5.61070154589804        1.58959149026353       -0.79659405857959
O            4.78985614084868        0.67338913413941       -0.09830803040910
C            3.57692076068342        0.41965087323960       -0.70004230894449
O            2.73672199691126        1.54484987306707       -0.51651282907113
C            1.44140536731871        1.39926810846084       -1.05924065653831
C            0.73749858930734        2.75247231345367       -0.91198969210315
O            1.46472196603966        3.76745565899628       -1.54449808798618
C            0.70565983573963        0.22895932773377       -0.38613871612606
O           -0.57007352502129        0.06562008985168       -0.98988574683573
C           -1.70032709503984       -0.10649962939271       -0.20427658840303
O           -1.41691636180494       -0.97897546198464        0.87514656160326
C           -2.56460256219560       -1.66248262010558        1.36498349026952
C           -2.64818022967145       -3.06761335096802        0.73207972125129
O           -1.48807136333448       -3.81056961568030        0.96162284916779
C           -3.86089507729649       -0.86653543468207        1.13203194284038
O           -4.86863999893882       -1.24119426901490        2.03736294076221
C           -3.64041476562606        0.66712256775845        1.16202899162313
O           -4.71941531668548        1.30489800332802        0.53489056548218
C           -2.33275181107115        1.13296015764934        0.46464870463173
O           -1.44934217889474        1.71158552707124        1.38664697236790
C            1.52487066802709       -1.05900507872946       -0.50888104036795
O            0.97935950574110       -2.15125447211658        0.19663694702698
C            2.97256145933059       -0.82697276971101       -0.04172360222449
O            3.75084466446952       -1.93939033051030       -0.38226790700949
H            5.14767378850359        2.57861607786193       -0.84483167416187
H            5.81234280801317        1.23320550381192       -1.81269883545742
H            6.54029343308661        1.64378014290388       -0.23520189931464
H            3.69870588823356        0.22195342936598       -1.78608496939360
H            1.52221050284902        1.15586608172288       -2.13149488384931
H            0.60146629534387        2.96700003487978        0.15548722376929
H           -0.23629670524571        2.70499296797457       -1.39956797903681
H            2.36693475592301        3.72467331959700       -1.20383427771595
H            0.59863212491216        0.48789933113168        0.67335556965420
H           -2.42422705804982       -0.54881233090367       -0.90309330950290
H           -2.38493967916024       -1.77878558780594        2.44301782123055
H           -2.84201333233456       -2.96293379248360       -0.34527576990877
H           -3.47580919699228       -3.61646600314959        1.18654513198529
H           -0.74330998409523       -3.35967413575805        0.53483669478982
H           -4.27755151102558       -1.12283387264692        0.15072622235206
H           -4.56217018864053       -1.10863615443998        2.94330242318573
H           -3.58127534459867        0.98425292669601        2.22021391250452
H           -5.54082574187301        0.93301121383220        0.88268285828450
H           -2.57734871045892        1.90501194343618       -0.26546795727538
H           -1.15363471889891        1.01630126632061        1.99099657377940
H            1.52723569800444       -1.36272777648255       -1.56132087302002
H            0.71860361061363       -1.85373158784484        1.07856069504673
H            2.98924849950330       -0.66025151865421        1.04884303068110
H            3.24458055536858       -2.72906374837730       -0.14387061396041
48
 energy: -84.797656218781 gnorm: 0.005771851053 xtb: 6.7.1 (edcfbbe)
C            5.60695876811024        1.59422027791325       -0.79395818265953
O            4.78612361016416        0.67785218662784       -0.09597634883029
C            3.57413740367544        0.42130398223349       -0.69822090569623
O            2.72640503983558        1.53898798985826       -0.50398898233831
C            1.43406832584103        1.39232716851246       -1.05590911537816
C            0.72460031184793        2.74063424401674       -0.89197526130856
O            1.44895899182742        3.75779030283973       -1.52465405946612
C            0.70366041342257        0.21124454756221       -0.39108787486342
O           -0.57094075072211        0.04054296566503       -0.99577475690688
C           -1.70151686797520       -0.11101753683449       -0.20664977967957
O           -1.41730101557116       -0.96475972903243        0.89154574655211
C           -2.56343346798519       -1.65528403068832        1.37371923796455
C           -2.64266639698679       -3.05832197049391        0.73602994460265
O           -1.48343713781777       -3.80256541768254        0.96582804053412
C           -3.85939880696621       -0.86017058576631        1.13458555828073
O           -4.86984410259323       -1.22784417350977        2.03963614783142
C           -3.63684238022265        0.67379306501214        1.15454609362323
O           -4.71764655364947        1.30940901691081        0.52812115774980
C           -2.33016979265196        1.13694052807091        0.45079160331121
O           -1.44585391052980        1.71931563427435        1.36920534498369
C            1.53293808260667       -1.06790003782188       -0.52429599460338
O            0.98564204710596       -2.15967469243564        0.17979563787529
C            2.97697568047809       -0.83301369084577       -0.04818794956209
O            3.76849468348470       -1.93762065932600       -0.38548743361536
H            5.14405224110872        2.58324407256274       -0.84296587018270
H            5.80957340500469        1.23729444362123       -1.80971751312184
H            6.53618631976909        1.64844219863639       -0.23195776944289
H            3.69482306732253        0.23455678032017       -1.78625718997194
H            1.52267284329963        1.16960300077556       -2.13442723829278
H            0.58989819328902        2.95592350221778        0.17566664110250
H           -0.24999562231661        2.69628057071136       -1.37836440274832
H            2.35329563540835        3.71481854162575       -1.18951844382213
H            0.59227308472968        0.45352773654050        0.67403349469286
H           -2.42810917026891       -0.55977942231892       -0.89756190440256
H           -2.38814141639503       -1.77328512887739        2.45209440456345
H           -2.83541518043678       -2.95140938410941       -0.34137711546945
H           -3.47144973372816       -3.60677820851773        1.18894414017110
H           -0.73825464819374       -3.35477766131449        0.53647521715920
H           -4.27556176635626       -1.12082032286058        0.15421434824996
H           -4.56333849772461       -1.09596066048934        2.94559334720759
H           -3.57328140505420        0.99676331027955        2.21075204049114
H           -5.53792262095693        0.93927514694708        0.88061997706646
H           -2.57847952426939        1.90727657742603       -0.27998037327511
H           -1.14883455307341        1.02541209350878        1.97480839269807
H            1.54493901124845       -1.37532131428882       -1.57596294250223
H            0.71915235051741       -1.86026634131222        1.05964456139021
H            2.98524531214360       -0.66857285448548        1.04286919473314
H            3.26677850374017       -2.73165823825496       -0.15171732796333
48
 energy: -84.797999877881 gnorm: 0.005042003844 xtb: 6.7.1 (edcfbbe)
C            5.60242006222498        1.60058716628734       -0.79043912269488
O            4.78283004314962        0.68271581013286       -0.09318143880401
C            3.57163245427327        0.42339918694462       -0.69534003907434
O            2.71731818326791        1.53353377955277       -0.49014807232747
C            1.42830183763350        1.38437418546769       -1.05069687861102
C            0.71085301353140        2.72676360554117       -0.87174110924607
O            1.42794705854791        3.75237449391485       -1.50035459717569
C            0.70101360056979        0.19701393859472       -0.39359433135118
O           -0.57109163411394        0.02387779973326       -1.00360464420614
C           -1.69800125977792       -0.11941208676931       -0.20845458616055
O           -1.41478535876264       -0.95726383506125        0.90528939192524
C           -2.56162539294164       -1.64897202080014        1.38192154705436
C           -2.63808294595215       -3.04992599832013        0.74087505950557
O           -1.47938739430550       -3.79470460673324        0.97128236856519
C           -3.85685526180842       -0.85232836004892        1.13879307222675
O           -4.86967877882074       -1.20788291504178        2.04600383741389
C           -3.63156026094725        0.68170413836071        1.14568433656763
O           -4.71371942040726        1.31385829924691        0.51803363581297
C           -2.32576099480039        1.13752610252681        0.43356753864261
O           -1.44123445571732        1.73004325164721        1.34465932332935
C            1.53787407826541       -1.07746591632299       -0.53754939241450
O            0.98937856310477       -2.17385049286546        0.15951085142477
C            2.97970638007532       -0.83858879001167       -0.05507359011790
O            3.78331521607379       -1.93445965693513       -0.39321608702158
H            5.13854420361706        2.58923956327350       -0.83945677645903
H            5.80602643266629        1.24411199421186       -1.80616301938562
H            6.53121590584125        1.65577053296982       -0.22785032059443
H            3.69049472363955        0.24858741263550       -1.78552232551283
H            1.52109229320419        1.17685158071959       -2.13196782387060
H            0.58004301371414        2.93479729843970        0.19766682447298
H           -0.26652536999244        2.68351294150210       -1.35299732806000
H            2.33438432668197        3.70975772198598       -1.17074958644815
H            0.58741517842270        0.42254353653027        0.67500847802996
H           -2.42735970417140       -0.57596480204097       -0.88996593921562
H           -2.38987429379799       -1.76867232698867        2.46045753401974
H           -2.82865009215443       -2.93990835113141       -0.33648775197888
H           -3.46809948492233       -3.59821194010343        1.19169683537906
H           -0.73435981137373       -3.35222117104986        0.53606895436982
H           -4.27435454965569       -1.11959344664407        0.16071222486169
H           -4.56183510619415       -1.07506191546011        2.95128821335033
H           -3.56270861926748        1.01430786003313        2.19865302167945
H           -5.53307015867648        0.94742589602655        0.87671350184350
H           -2.57803475142046        1.90196568402218       -0.30217681023235
H           -1.14043609047117        1.04057425957482        1.95370942967907
H            1.55771689047384       -1.38307680852214       -1.58978453298402
H            0.71704533726568       -1.87605148477363        1.03825602990661
H            2.98113326714723       -0.67942403895116        1.03677354635386
H            3.28940713035324       -2.73419925143681       -0.16256391617307
48
 energy: -84.798175718090 gnorm: 0.003203403167 xtb: 6.7.1 (edcfbbe)
C            5.59762358295353        1.60657994310240       -0.78640447540370
O            4.78020054663241        0.68599275172866       -0.09033937310009
C            3.56956667680277        0.42527102831855       -0.69242717063628
O            2.71136961539231        1.53038597928248       -0.47974164106079
C            1.42512836997422        1.37850911045034       -1.04580277371646
C            0.69963836607388        2.71523824262896       -0.85497102681413
O            1.40739449952033        3.75135006629353       -1.47797404892189
C            0.69997758498745        0.18871440481565       -0.39431629184786
O           -0.56993482701129        0.01328763340293       -1.00846836814822
C           -1.69344496707673       -0.12874905418680       -0.20967731753757
O           -1.41181655524019       -0.95645544125166        0.91263884965088
C           -2.56046595210855       -1.64490069641988        1.38783910135156
C           -2.63716074436234       -3.04468903135036        0.74525425628702
O           -1.47893897583800       -3.78995644438915        0.97623745688386
C           -3.85453275258255       -0.84506038057764        1.14367854479704
O           -4.86676792947347       -1.18797417452002        2.05646231636003
C           -3.62598152771783        0.68859713147068        1.13709195832639
O           -4.70887093243687        1.31738714250816        0.50754033729954
C           -2.32131410326946        1.13575823527040        0.41732443134169
O           -1.43688569427554        1.74116179164325        1.31982799007091
C            1.54131104876607       -1.08403161684890       -0.54696581731526
O            0.99285082405787       -2.18658666739799        0.14178492062056
C            2.98195261901133       -0.84313218360905       -0.06029829047763
O            3.79292088136693       -1.93186260686348       -0.40355104322597
H            5.13165826797749        2.59443245373747       -0.83460368725263
H            5.80233609779733        1.25172250875009       -1.80245543710918
H            6.52601405636598        1.66353058176945       -0.22335845857037
H            3.68711999730614        0.25889076894633       -1.78397283753177
H            1.51962453430562        1.17788959181214       -2.12686318587215
H            0.57259324061040        2.91315962587901        0.21677307146365
H           -0.28031163578378        2.66974283514918       -1.33072985836800
H            2.31485674846753        3.71113238121108       -1.15113274876491
H            0.58554958050464        0.40332932860529        0.67514632860761
H           -2.42415558189392       -0.59353074966961       -0.88354318976218
H           -2.38967505586695       -1.76541671490021        2.46630437382131
H           -2.82583195778190       -2.93273954243103       -0.33208182969608
H           -3.46789480782410       -3.59314048856798        1.19430675079470
H           -0.73476246583440       -3.35472786359438        0.53211594188126
H           -4.27586586130752       -1.11926155675236        0.16907054591927
H           -4.55575840759000       -1.05119487505533        2.96004406618045
H           -3.55241350669237        1.03086591832473        2.18660911700746
H           -5.52758268415402        0.95545581108801        0.87231688406679
H           -2.57565103565642        1.89074640098995       -0.32765720760052
H           -1.13141587001237        1.05825789897815        1.93406750431911
H            1.56431922990498       -1.38369560836782       -1.60078729090545
H            0.71619334213401       -1.89285225489780        1.02059140792237
H            2.97976625862700       -0.69061186969464        1.03246891241292
H            3.30748586529543       -2.73684192043093       -0.17382616185994
48
 energy: -84.798270777284 gnorm: 0.002458335117 xtb: 6.7.1 (edcfbbe)
C            5.59375467875170        1.61203987939731       -0.78171561416971
O            4.77924242044673        0.68721196363268       -0.08793129644373
C            3.56902794928237        0.42630131529219       -0.69047214504109
O            2.70909628444861        1.52889444709874       -0.47397657054992
C            1.42439866344960        1.37545843646704       -1.04201799900150
C            0.69306698131633        2.70813970418671       -0.84427433441658
O            1.39239319788152        3.75305057857043       -1.46211186970016
C            0.70087971977981        0.18494421206132       -0.39362913730314
O           -0.56755078199506        0.00727467442680       -1.00992242347761
C           -1.68966990276235       -0.13672579898659       -0.21077294903454
O           -1.40943543934371       -0.95979845641779        0.91395855321291
C           -2.56021380599115       -1.64298148625768        1.39125842786206
C           -2.63990028733633       -3.04291912661641        0.74933895690802
O           -1.48230354387297       -3.78917520499703        0.98077137231290
C           -3.85320295833126       -0.83984652153428        1.14835070242491
O           -4.86196186777818       -1.17253116083886        2.06878980405685
C           -3.62203519407946        0.69318064672875        1.13025272138749
O           -4.70503283018663        1.31946895252559        0.49866692073689
C           -2.31873216983549        1.13228034478520        0.40477685643653
O           -1.43465525796850        1.74936675083464        1.29975474976046
C            1.54392629332646       -1.08740369546152       -0.55227172472668
O            0.99573885089210       -2.19518993990111        0.12900201186614
C            2.98430718924301       -0.84668276533002       -0.06441859095016
O            3.79792251934532       -1.93056071525684       -0.41535083015489
H            5.12435769777171        2.59847500192487       -0.82801207089495
H            5.79976499256325        1.26009302341767       -1.79849722938310
H            6.52174592936158        1.67118671111862       -0.21826876605926
H            3.68630774343585        0.26431582514289       -1.78258165002855
H            1.51918268524256        1.17694081399807       -2.12220277096464
H            0.56825125349851        2.89750476888443        0.22924807028645
H           -0.28836597864352        2.65876907871705       -1.31624060130803
H            2.29956692792139        3.71742108793384       -1.13441039133113
H            0.58629693425104        0.39454023533108        0.67551143917574
H           -2.42006467024891       -0.60751150046513       -0.88088812110405
H           -2.38830437862810       -1.76335759703893        2.46949592330964
H           -2.82776748928799       -2.93069603036009       -0.32797900982832
H           -3.47104825105006       -3.59096708527591        1.19784360048780
H           -0.73925914300203       -3.36144274274894        0.52752870848340
H           -4.28006404695819       -1.11992835253830        0.17775598411909
H           -4.54671080185621       -1.02881296936323        2.96989009675576
H           -3.54516965633249        1.04300639035579        2.17690422125961
H           -5.52351563466895        0.96212612945795        0.86835774572754
H           -2.57336566970446        1.87726437705476       -0.35034192447866
H           -1.12517724873480        1.07350512941520        1.91968966544810
H            1.56644637513249       -1.37937867849258       -1.60812608648154
H            0.71672515228217       -1.90661048520326        1.00874043612872
H            2.98177346912213       -0.70100067549017        1.02919114889585
H            3.31935110269307       -2.73926166535175       -0.18511847466329
48
 energy: -84.798323998501 gnorm: 0.002091076800 xtb: 6.7.1 (edcfbbe)
C            5.59097187901886        1.61736228625689       -0.77633887027853
O            4.77973956735333        0.68705059435106       -0.08595009269489
C            3.56996849857241        0.42648824913080       -0.68959059564012
O            2.70940395871059        1.52809195308635       -0.47148513202620
C            1.42518056344394        1.37444574451774       -1.03949218935043
C            0.69069376808935        2.70497299859462       -0.83849355799159
O            1.38436963460969        3.75515223575616       -1.45276431483106
C            0.70266526032114        0.18319900925152       -0.39280147011163
O           -0.56494077659753        0.00364615917529       -1.00993067041233
C           -1.68757024194573       -0.14286054440270       -0.21236396964772
O           -1.40804977055612       -0.96456091248801        0.91169675256904
C           -2.56057315157905       -1.64246991125379        1.39319300356883
C           -2.64503145109676       -3.04347083248043        0.75355325401466
O           -1.48834562453393       -3.79151715795826        0.98482924822853
C           -3.85286989309123       -0.83697484972250        1.15265756174124
O           -4.85639913996723       -1.16245904285851        2.08139182025356
C           -3.61998829365871        0.69540257578121        1.12500703406122
O           -4.70298409002257        1.31976752559970        0.49164337943877
C           -2.31812302790611        1.12836844714242        0.39571306847890
O           -1.43440610577503        1.75419665353222        1.28502169303287
C            1.54620993700961       -1.08878414220473       -0.55522790464144
O            0.99826958680284       -2.19998480752816        0.12037961501514
C            2.98694265545263       -0.84963443383245       -0.06807722356550
O            3.80059842827737       -1.93042780401592       -0.42732032734478
H            5.11722995730088        2.60188781195876       -0.81985884278664
H            5.79871104625993        1.26939634841997       -1.79414672678851
H            6.51846507824052        1.67881657442460       -0.21235893285184
H            3.68811305044165        0.26655590036499       -1.78188080500748
H            1.51980496864152        1.17651577572062       -2.11942683868878
H            0.56627418708670        2.88936514509783        0.23585146237860
H           -0.29108918753787        2.65216299215785       -1.30900831504483
H            2.29027134884235        3.72557394966812       -1.12127785677269
H            0.58806223633594        0.39129790951966        0.67611640751367
H           -2.41656488013391       -0.61679897973034       -0.88232926760028
H           -2.38628249829212       -1.76183777483373        2.47111855740441
H           -2.83372089252172       -2.93237752334410       -0.32366469506188
H           -3.47647701572713       -3.58979091172496        1.20342975011215
H           -0.74640231172460       -3.37016014331696        0.52426193945966
H           -4.28579256282798       -1.12185099041480        0.18613272157764
H           -4.53665241178505       -1.00953986707839        2.97954246695367
H           -3.54105664996780        1.05085139444825        2.16947418975075
H           -5.52149176392699        0.96701852040126        0.86550347667048
H           -2.57255033788012        1.86513642888648       -0.36753866231092
H           -1.12232774789957        1.08456924556144        1.91013166135278
H            1.56707225107128       -1.37401123059242       -1.61291484984173
H            0.71781065489405       -1.91620676702486        1.00118657024666
H            2.98624379377126       -0.71017355574368        1.02626801821403
H            3.32663551909940       -2.74142242104123       -0.19631600549492
48
 energy: -84.798357288448 gnorm: 0.001419022454 xtb: 6.7.1 (edcfbbe)
C            5.58879470959986        1.62318275195523       -0.77000290735532
O            4.78095193564647        0.68646221151676       -0.08407520259363
C            3.57180501930509        0.42623214923915       -0.68944273265833
O            2.71074447794479        1.52723189914094       -0.47037421739414
C            1.42653251015385        1.37421719358702       -1.03803261223746
C            0.69090809645965        2.70400509542280       -0.83553076012322
O            1.38182629549651        3.75654472628162       -1.44756749780986
C            0.70448228091395        0.18165934883470       -0.39268125206571
O           -0.56261802679260        0.00067497946179       -1.01031466484310
C           -1.68680274707630       -0.14775927879803       -0.21478707788783
O           -1.40742930754371       -0.96923065117226        0.90800721149325
C           -2.56101526157690       -1.64258512451793        1.39462554576703
C           -2.65122491386290       -3.04509951331886        0.75839579898224
O           -1.49573555911343       -3.79568830806598        0.98850729369715
C           -3.85298810778575       -0.83570615396245        1.15688228324805
O           -4.85067816964030       -1.15598253262314        2.09374631613111
C           -3.61925284295942        0.69612452783470        1.12079209889599
O           -4.70242039853247        1.31845243109607        0.48563053860228
C           -2.31869301698572        1.12466003083054        0.38859172823746
O           -1.43510983970123        1.75670083376778        1.27358580154674
C            1.54836780576265       -1.08960567522525       -0.55767582064516
O            1.00062175347972       -2.20285136780208        0.11383973758039
C            2.98977178678237       -0.85234215812604       -0.07194564773735
O            3.80269840957953       -1.93097470505829       -0.43912093522423
H            5.11021022183733        2.60547818331536       -0.81013890387973
H            5.79888412327376        1.28007673307950       -1.78901371331415
H            6.51554896141526        1.68688403656430       -0.20510039985217
H            3.69164732879475        0.26789796354020       -1.78186031183964
H            1.52108901419783        1.17712910427082       -2.11837138784855
H            0.56567102026820        2.88616083463659        0.23901807870051
H           -0.29059365290604        2.64933899704247       -1.30626225107740
H            2.28592026240787        3.73343547613233       -1.11068544505744
H            0.58969349548573        0.38935893933867        0.67646809298127
H           -2.41411006745507       -0.62283765399558       -0.88651505919404
H           -2.38365614882942       -1.76029257280272        2.47218998985236
H           -2.84242358314392       -2.93605363088373       -0.31855584096795
H           -3.48288439492484       -3.58829990247089        1.21162330659860
H           -0.75475450544370       -3.37919321310190        0.52270353759550
H           -4.29183983901933       -1.12484855123046        0.19433818641357
H           -4.52671750207492       -0.99242130591697        2.98867367126142
H           -3.53908531989931        1.05643434398584        2.16346875584364
H           -5.52103623102527        0.97055879029610        0.86366212158399
H           -2.57333739618483        1.85554759308271       -0.38008733109974
H           -1.12168450922312        1.09218988679885        1.90312064002734
H            1.56809617728129       -1.37007754133186       -1.61670551264187
H            0.71843287988091       -1.92283805568797        0.99528442897412
H            2.99183165743796       -0.71854899369709        1.02305526306283
H            3.33157912087686       -2.74342434567807       -0.20781740678485
48
 energy: -84.798383656266 gnorm: 0.001399134664 xtb: 6.7.1 (edcfbbe)
C            5.58610099618758        1.63207377070044       -0.75968903005828
O            4.78262274829104        0.68576708523854       -0.08138653646753
C            3.57473902706086        0.42569522923085       -0.69001494625533
O            2.71259727134937        1.52558161206930       -0.46959147687969
C            1.42842213519261        1.37393051765120       -1.03767435985301
C            0.69343900221315        2.70419581568163       -0.83446653121437
O            1.38456892276073        3.75685116908447       -1.44480607355738
C            0.70627072559836        0.17921491574243       -0.39413631731357
O           -0.56047940229951       -0.00291446394737       -1.01234790180886
C           -1.68707747826996       -0.15290228128636       -0.21896783452616
O           -1.40727937902110       -0.97457934499581        0.90250184573494
C           -2.56116433236997       -1.64303067951381        1.39648165780821
C           -2.65968665943694       -3.04787812907245        0.76611726329523
O           -1.50604726976743       -3.80246979328343        0.99323810680982
C           -3.85317135223564       -0.83548328870965        1.16245357559138
O           -4.84347200647694       -1.15070935724817        2.10892876646383
C           -3.61940096679418        0.69576596923630        1.11633435030584
O           -4.70294599447075        1.31477781282856        0.47822126186358
C           -2.32003665738282        1.12045370202087        0.38116667822159
O           -1.43617678375374        1.75755424089114        1.26203611720106
C            1.55091859282950       -1.09072485714433       -0.56158959998253
O            1.00350654369627       -2.20543392101578        0.10648319307861
C            2.99348000826578       -0.85576263671624       -0.07791122694899
O            3.80532978427837       -1.93229246785598       -0.45451447468278
H            5.10083085625830        2.61118271223603       -0.79455710739014
H            5.80038334873043        1.29673145099597       -1.78048220626309
H            6.51134612186845        1.69838343658435       -0.19265641526014
H            3.69768217780289        0.27016576842209       -1.78265485185164
H            1.52338421634694        1.17863472171401       -2.11887301153125
H            0.56630738772817        2.88578551947361        0.23991273282031
H           -0.28729639275515        2.64990652618887       -1.30690779137464
H            2.28592172596576        3.74124625433380       -1.10006356960944
H            0.59110218617561        0.38629920548394        0.67573543914648
H           -2.41254486355601       -0.62774043277690       -0.89373340234878
H           -2.37916408461868       -1.75771260170291        2.47356249972908
H           -2.85642592125432       -2.94266672416988       -0.31023385582117
H           -3.49132660325825       -3.58541251295700        1.22632071412689
H           -0.76607802109004       -3.39016266092624        0.52311008802424
H           -4.29897293478899       -1.12974782845414        0.20477995688592
H           -4.51505295105643       -0.97225462637350        2.99950197862611
H           -3.53872140933423        1.06224930766743        2.15689676363186
H           -5.52174595434554        0.97375962956445        0.86198107263906
H           -2.57580984283603        1.84692586296502       -0.39105211167685
H           -1.12249733443316        1.09794038936305        1.89614710395306
H            1.57033686991664       -1.36786023121925       -1.62163426930623
H            0.71786116318058       -1.92847785092478        0.98776487096413
H            2.99945251376194       -0.72891770467272        1.01784965033232
H            3.33598827263759       -2.74596040428583       -0.22403525079455
48
 energy: -84.798399037478 gnorm: 0.001051947049 xtb: 6.7.1 (edcfbbe)
C            5.58459479082340        1.63664866740258       -0.75321013935325
O            4.78234866628687        0.68583998255920       -0.07976064376621
C            3.57552609152444        0.42564043401696       -0.69073889292249
O            2.71228097012506        1.52434997155738       -0.46925149016806
C            1.42867193696559        1.37319039852710       -1.03913246567124
C            0.69522525617098        2.70443758979170       -0.83620323603208
O            1.38949270568269        3.75546854946568       -1.44631277263560
C            0.70598780121931        0.17783417831345       -0.39654364987538
O           -0.56092058573743       -0.00405075566126       -1.01483183086801
C           -1.68774709324171       -0.15383042834939       -0.22100878423234
O           -1.40727547251028       -0.97554711729288        0.90068259297956
C           -2.56032239018520       -1.64292963898816        1.39762448350750
C           -2.66189163484865       -3.04891143363098        0.77072304018060
O           -1.50888120479401       -3.80488227033021        0.99573646893304
C           -3.85270587856072       -0.83592997164770        1.16444581168827
O           -4.84143468135122       -1.15027114676272        2.11277943709703
C           -3.61978246240189        0.69520862345393        1.11541348601803
O           -4.70333833057496        1.31219623089353        0.47514402076899
C           -2.32009695475788        1.11971327347340        0.37993670942434
O           -1.43573321484201        1.75605927105521        1.26066776574447
C            1.55124018761721       -1.09158005343541       -0.56473600584709
O            1.00411814492279       -2.20633607357179        0.10352564303461
C            2.99429536278448       -0.85703893125292       -0.08142092274021
O            3.80604638601778       -1.93308400444419       -0.46041674140528
H            5.09693861400156        2.61456405373458       -0.78526479574514
H            5.80156852400987        1.30570720925112       -1.77484184037753
H            6.50862403911504        1.70319995796697       -0.18422707235474
H            3.70026954960849        0.27252474375054       -1.78352444288283
H            1.52466579478683        1.17892772267809       -2.12042018173600
H            0.56734355637936        2.88670042216637        0.23800176324334
H           -0.28512533676558        2.65280776954052       -1.30988524244355
H            2.28990346259402        3.73991712155264       -1.09945143970587
H            0.59078366142854        0.38373391319350        0.67368620219366
H           -2.41348347446613       -0.62799131049284       -0.89590841845919
H           -2.37639261686993       -1.75563523538637        2.47459940034512
H           -2.86236105071323       -2.94617438985594       -0.30520685830976
H           -3.49294540807042       -3.58364597771078        1.23534306947913
H           -0.76911570511991       -3.39231565742973        0.52555022771842
H           -4.29971538898684       -1.13178894392220        0.20795394147468
H           -4.51292405435654       -0.96685182827632        3.00198798489131
H           -3.54003211541569        1.06417720551902        2.15519981101434
H           -5.52223638675286        0.97391788542404        0.86091739767645
H           -2.57666676217181        1.84729600429214       -0.39099940112473
H           -1.12302667143991        1.09632308267707        1.89507922917690
H            1.57128519296282       -1.36949828989952       -1.62462496501787
H            0.71586075120442       -1.92862284298000        0.98369287338562
H            3.00110279857138       -0.73257121971421        1.01454400185552
H            3.33599863264544       -2.74691891481150       -0.23176759395704
48
 energy: -84.798417191787 gnorm: 0.000750066054 xtb: 6.7.1 (edcfbbe)
C            5.58156950569510        1.64324876482780       -0.74223700684060
O            4.78064865566502        0.68565763767130       -0.07690202770205
C            3.57567799270363        0.42566472710425       -0.69189838702652
O            2.71080685096230        1.52258542772828       -0.46905895485604
C            1.42848352876237        1.37184141076718       -1.04227778799761
C            0.69728787681202        2.70446942988086       -0.84042997732102
O            1.39684345544617        3.75315376496373       -1.44973679147994
C            0.70498618056662        0.17645270467050       -0.40083634592664
O           -0.56245571982860       -0.00476434103941       -1.01864410834481
C           -1.68847906144294       -0.15440810768229       -0.22342885325551
O           -1.40655072975036       -0.97668497986128        0.89816866248096
C           -2.55832472359220       -1.64225695642011        1.39958038194243
C           -2.66341167108443       -3.05017352400007        0.77811071174669
O           -1.51048922709969       -3.80684537805362        1.00001924776562
C           -3.85143416154614       -0.83630379937411        1.16665655216940
O           -4.83915458550880       -1.15013644549838        2.11619987644119
C           -3.61989259919977        0.69478739388210        1.11444838190385
O           -4.70278759869684        1.30886993986748        0.47009794911660
C           -2.31899634984550        1.11911161736335        0.37993789065532
O           -1.43378377123398        1.75220344539118        1.26201708437135
C            1.55066146396149       -1.09274365082318       -0.57004069182992
O            1.00405071602539       -2.20756331316094        0.09916938749164
C            2.99429609280755       -0.85884823540432       -0.08691977949450
O            3.80580583132800       -1.93434636096822       -0.46868804919628
H            5.09094561349214        2.61982299094011       -0.76954254264130
H            5.80278839238275        1.31959369135619       -1.76528161526277
H            6.50362631185365        1.70929189787216       -0.16995831395367
H            3.70327877174242        0.27632289551588       -1.78478639086441
H            1.52674052656252        1.17812795686597       -2.12317779677388
H            0.56853833738471        2.88742972110636        0.23352776785267
H           -0.28235489402236        2.65691859279241       -1.31597578399761
H            2.29665048311758        3.73424877444853       -1.10162252768476
H            0.59021050424856        0.38072810920897        0.66955974554458
H           -2.41553914673390       -0.62782112841023       -0.89708272199445
H           -2.37196425309332       -1.75142436945683        2.47661014738874
H           -2.86944580418470       -2.95144395354087       -0.29723017372323
H           -3.49288296924705       -3.58191268884943        1.24909893933902
H           -0.77127705409766       -3.39321808217232        0.52952990861918
H           -4.29878895509161       -1.13414565724858        0.21094981962885
H           -4.51159347156273       -0.96121324778492        3.00442099607333
H           -3.54246583933388        1.06702851176594        2.15319788213533
H           -5.52210156118894        0.97386773435669        0.85761948600001
H           -2.57536170202172        1.84949644803419       -0.38861571361572
H           -1.12268786301776        1.09053707728559        1.89531251957271
H            1.57076786192400       -1.37163156728626       -1.62971358727685
H            0.71174611332034       -1.92776793560278        0.97731080813882
H            3.00144613002453       -0.73748089493100        1.00934582396005
H            3.33438451823275       -2.74834822120287       -0.24325850753228
48
 energy: -84.798432738282 gnorm: 0.000946964394 xtb: 6.7.1 (edcfbbe)
C            5.57762041920672        1.65026581905236       -0.72918881712404
O            4.77820915767983        0.68496106930946       -0.07323096028362
C            3.57540393460710        0.42563773768670       -0.69293118447767
O            2.70892616151608        1.52086005987026       -0.46895471108136
C            1.42805299332410        1.37030633752149       -1.04564676094033
C            0.69793436982284        2.70363328965152       -0.84491361784312
O            1.40153472390258        3.75113445444392       -1.45244576242815
C            0.70405142738593        0.17493396332713       -0.40541510826782
O           -0.56402540709062       -0.00570555527351       -1.02234082288236
C           -1.68866871117699       -0.15537511392523       -0.22549015796838
O           -1.40506518195340       -0.97827052676490        0.89572809840891
C           -2.55608918880258       -1.64096702144448        1.40221241990921
C           -2.66407160646476       -3.05121826359035        0.78667160901167
O           -1.51056846323107       -3.80765444719958        1.00571352391536
C           -3.84962098613370       -0.83558542649170        1.16909041148707
O           -4.83643922054516       -1.14844772436935        2.11987478253524
C           -3.61934914907634        0.69550075993134        1.11290146324269
O           -4.70099426323941        1.30665289415333        0.46354257545016
C           -2.31692761424672        1.11834232229027        0.37993202751201
O           -1.43074594290962        1.74764783784945        1.26376794702895
C            1.54975325747572       -1.09417421434173       -0.57635622558296
O            1.00345499692945       -2.20944384244919        0.09292561818549
C            2.99373130523756       -0.86121075708205       -0.09324060014480
O            3.80514368404008       -1.93555267519506       -0.47858881492269
H            5.08365758686326        2.62534521022137       -0.75066817498255
H            5.80307878495881        1.33512271219831       -1.75396649232331
H            6.49764300616203        1.71539762432193       -0.15351872646497
H            3.70634335499660        0.28026047491061       -1.78590995863159
H            1.52900735715737        1.17692508887870       -2.12619909912472
H            0.56767731172500        2.88651172346847        0.22885191502042
H           -0.28072224613876        2.65868787029692       -1.32260393389926
H            2.30118601522291        3.72782787180712       -1.10403783439440
H            0.59004877768013        0.37784840355531        0.66514960962763
H           -2.41736778915715       -0.62833799997436       -0.89745250042649
H           -2.36752444693081       -1.74604844890449        2.47933580253216
H           -2.87547796430737       -2.95662356110751       -0.28806677033005
H           -3.49147340043203       -3.58070587955908        1.26383064066040
H           -0.77265425538770       -3.39416616832256        0.53274677915173
H           -4.29741869920477       -1.13576698702081        0.21428229165272
H           -4.50966273953565       -0.95479069857777        3.00732647520005
H           -3.54465097439944        1.07138556352196        2.15048615017551
H           -5.52104868429454        0.97471600741866        0.85200800653021
H           -2.57150503821645        1.85106091225283       -0.38709660444308
H           -1.12078251005442        1.08355609046616        1.89521041893642
H            1.56934808731796       -1.37252755572080       -1.63617706262097
H            0.70703598105736       -1.92813710949310        0.96919202877527
H            3.00083571034745       -0.74370536174035        1.00345285897454
H            3.33319408101074       -2.75012893237914       -0.25624721912304
48
 energy: -84.798451448220 gnorm: 0.001060355610 xtb: 6.7.1 (edcfbbe)
C            5.57242376348233        1.65825179874935       -0.71223249946422
O            4.77482062908311        0.68346196899330       -0.06813861600832
C            3.57487732698982        0.42544060289717       -0.69398586755000
O            2.70676790024232        1.51912384647910       -0.46952421210649
C            1.42756755369115        1.36855635307120       -1.04995535854141
C            0.69725393615961        2.70189961409750       -0.85073183610136
O            1.40393316274649        3.74931806710606       -1.45522829169163
C            0.70318736408183        0.17322972131580       -0.41095581729699
O           -0.56581544758772       -0.00655446646326       -1.02634880973579
C           -1.68850153307981       -0.15643881608621       -0.22738210168923
O           -1.40279368634299       -0.98022508874973        0.89290142086440
C           -2.55345819466839       -1.63866737555928        1.40584903269332
C           -2.66427231549630       -3.05198457463232        0.79762555422435
O           -1.50947579035734       -3.80705209558009        1.01426742640520
C           -3.84739435852225       -0.83407592539760        1.17178388274497
O           -4.83314768314922       -1.14526759277499        2.12421674412399
C           -3.61814175084064        0.69702042068184        1.11068210282279
O           -4.69775503416544        1.30485921124486        0.45481698307879
C           -2.31368806911449        1.11754694049887        0.38046396329812
O           -1.42638756902296        1.74166226192909        1.26703445057469
C            1.54853918664597       -1.09578709724452       -0.58451123064354
O            1.00240119114779       -2.21202461656570        0.08358851386580
C            2.99269791015854       -0.86439111129520       -0.10107492316325
O            3.80416480936298       -1.93681739360946       -0.49138799156028
H            5.07457194428822        2.63154158448209       -0.72576804929616
H            5.80248663912695        1.35408091107890       -1.73930734319337
H            6.49019054177486        1.72155564972687       -0.13279179273350
H            3.71034642845317        0.28444627019656       -1.78697720212696
H            1.53167796476896        1.17522351707821       -2.13013519943820
H            0.56402090942956        2.88412207652719        0.22278471220799
H           -0.27988610238437        2.65800976567052       -1.33151035994531
H            2.30368583284205        3.72092549898714       -1.10719711118412
H            0.59064849369085        0.37499352001390        0.65985036560631
H           -2.41928674083209       -0.62876344815208       -0.89740320187288
H           -2.36256273329647       -1.73836353140029        2.48314796264504
H           -2.88128035058915       -2.96261697528474       -0.27646653066516
H           -3.48888547363703       -3.57957461987417        1.28161122736176
H           -0.77392700834530       -3.39557445484168        0.53569191310638
H           -4.29575685825962       -1.13721929472344        0.21810307660398
H           -4.50668820258398       -0.94744291921498        3.01088975911920
H           -3.54714236007239        1.07739108147046        2.14683055914458
H           -5.51904332913149        0.97594202249235        0.84312371610307
H           -2.56482539931117        1.85285574103571       -0.38522174965871
H           -1.11719354559501        1.07404459741726        1.89524476302930
H            1.56732817684277       -1.37211239586488       -1.64487356963870
H            0.70161773676510       -1.93011665119922        0.95816103174886
H            2.99958678738763       -0.75202986778210        0.99619208180516
H            3.33253135006212       -2.75242490273136       -0.27220604534173
48
 energy: -84.798475170191 gnorm: 0.001064665914 xtb: 6.7.1 (edcfbbe)
C            5.56513500709444        1.66913960484414       -0.68652948041856
O            4.76977404911778        0.68100165407196       -0.05997785355627
C            3.57430209823623        0.42518018957425       -0.69535413679423
O            2.70398664289361        1.51713328370910       -0.47130464102257
C            1.42708534270550        1.36610696834417       -1.05655406262397
C            0.69480152712482        2.69860442771652       -0.85973739115870
O            1.40388957784763        3.74735667703378       -1.45906171673631
C            0.70249566269520        0.17062732403294       -0.41896781723399
O           -0.56801909244264       -0.00759420763906       -1.03160893556726
C           -1.68802464542320       -0.15772197189201       -0.22954630578302
O           -1.39948356439719       -0.98308846988816        0.88883025373747
C           -2.54999843123301       -1.63484963684324        1.41130636158112
C           -2.66406629136080       -3.05288305831569        0.81418636256662
O           -1.50732152057603       -3.80572656248185        1.02863094991411
C           -3.84408824609525       -0.83093708460718        1.17582521400614
O           -4.82827907033933       -1.13944117013806        2.13065114426771
C           -3.61646477937129        0.70023004931983        1.10733682812591
O           -4.69276769283572        1.30337891411733        0.44157934377111
C           -2.30876980960306        1.11669399479772        0.38164144410221
O           -1.42006905037430        1.73281961706715        1.27269600113512
C            1.54696362414450       -1.09821685674834       -0.59697924738026
O            1.00066855255966       -2.21640001548560        0.06777101246154
C            2.99111394013778       -0.86900754882113       -0.11261134919555
O            3.80302187532745       -1.93809251823143       -0.51073783052894
H            5.06215484786051        2.63993034510324       -0.68783633615290
H            5.80096750564598        1.38121073866949       -1.71703211001844
H            6.48001580920410        1.72873199036797       -0.10216072289599
H            3.71709146157291        0.28990168696755       -1.78820582723575
H            1.53543209009269        1.17268489729684       -2.13630590379874
H            0.55575770967645        2.87941826170676        0.21334413518813
H           -0.27974584013485        2.65399600600655       -1.34573519578645
H            2.30366505093926        3.71380683018557       -1.11125481496149
H            0.59261765506784        0.37103430919701        0.65230302489121
H           -2.42174603048437       -0.62861078995834       -0.89734024302653
H           -2.35585645459590       -1.72650643911800        2.48879742392782
H           -2.88806541972566       -2.97107377154291       -0.25903233554066
H           -3.48499129628768       -3.57773950211739        1.30726693585252
H           -0.77586242962260       -3.39957388038629        0.53929613110725
H           -4.29337178108295       -1.13846855283660        0.22393923355743
H           -4.50137091983186       -0.93737031328771        3.01626433618355
H           -3.55122370713981        1.08678947438758        2.14149521880163
H           -5.51611676774587        0.97810414623808        0.82855083457705
H           -2.55412424890082        1.85576479859913       -0.38225156894040
H           -1.11143273427940        1.05965087629882        1.89542273234514
H            1.56510121322847       -1.37031478444471       -1.65847024967478
H            0.69465360763159       -1.93537309347396        0.94081597992481
H            2.99761513221130       -0.76475268052686        0.98551382711593
H            3.33296784392568       -2.75557632758191       -0.29532312159752
48
 energy: -84.798494597619 gnorm: 0.000995727895 xtb: 6.7.1 (edcfbbe)
C            5.55742376850674        1.68056421050449       -0.65634787732306
O            4.76384705359498        0.67851238976699       -0.04965444728973
C            3.57394400729495        0.42517871528339       -0.69659259106446
O            2.70108666821865        1.51547438981139       -0.47417252965558
C            1.42676767323066        1.36339320723490       -1.06455310182814
C            0.69091207875961        2.69430539972658       -0.87077305167412
O            1.40125678739630        3.74551553620876       -1.46387433159823
C            0.70193955178926        0.16756081948371       -0.42838618240551
O           -0.57049378848760       -0.00838869123393       -1.03755884071595
C           -1.68770926194450       -0.15876684639667       -0.23189948682800
O           -1.39584811432345       -0.98599454449054        0.88389710280172
C           -2.54612165749511       -1.62991498774323        1.41773961540726
C           -2.66455323791114       -3.05322204937693        0.83335577715943
O           -1.50620415912865       -3.80394103553601        1.04709176088820
C           -3.84076018387320       -0.82757893869264        1.18036625466302
O           -4.82274302598989       -1.13260641226511        2.13861897651102
C           -3.61434350920640        0.70360314109325        1.10348300709546
O           -4.68674957748422        1.30133477755838        0.42655042042835
C           -2.30303365580766        1.11619211415291        0.38332161521087
O           -1.41287758774259        1.72316910717674        1.27956275802561
C            1.54569820350611       -1.10073702690022       -0.61190507332676
O            0.99908203072450       -2.22166783563382        0.04756757754273
C            2.98965547939583       -0.87406587207370       -0.12577066878337
O            3.80272157888860       -1.93881844868778       -0.53312978831646
H            5.04974150240806        2.64879424956987       -0.64353978548304
H            5.79895414725744        1.41093337051019       -1.69049855211268
H            6.46938382660229        1.73462919265925       -0.06690844480206
H            3.72603752420593        0.29596692529431       -1.78905173370026
H            1.53968211606506        1.16971208264439       -2.14383665624917
H            0.54407024887289        2.87334808671749        0.20166515260104
H           -0.28029251679833        2.64740704680682       -1.36343491781862
H            2.30037031190681        3.70975102002592       -1.11452812953437
H            0.59559951949607        0.36633684179775        0.64356510216800
H           -2.42464899936736       -0.62753609260905       -0.89777704997272
H           -2.34796787861145       -1.71217449888865        2.49538832114871
H           -2.89517310255304       -2.98060356754678       -0.23905060985447
H           -3.48198107115666       -3.57427933864495        1.33616382439881
H           -0.77954086075203       -3.40631592996533        0.54395526338263
H           -4.29144006135570       -1.14023703920216        0.23069380661075
H           -4.49416727582174       -0.92661148748045        3.02284158535402
H           -3.55583112093067        1.09755970202221        2.13522352792618
H           -5.51252695178800        0.97994432923678        0.81165082948872
H           -2.54195322595633        1.85958470215492       -0.37836337322671
H           -1.10451551588465        1.04360971468282        1.89561642645580
H            1.56392560756691       -1.36735686298667       -1.67481228954114
H            0.68838938489915       -1.94328872680828        0.91984107032722
H            2.99563427196592       -0.77951129214004        0.97326308125447
H            3.33537100113559       -2.75878571630669       -0.32145781341980
48
 energy: -84.798505568457 gnorm: 0.000663593208 xtb: 6.7.1 (edcfbbe)
C            5.55203538129002        1.68848339744246       -0.63146924936142
O            4.75869772541207        0.67729419155974       -0.04024354992747
C            3.57381215197877        0.42582816162849       -0.69721901363301
O            2.69865330548246        1.51478189308928       -0.47697859515858
C            1.42656493928418        1.36135981102836       -1.07155981077163
C            0.68698380120984        2.69063211665441       -0.88061960651085
O            1.39734137442212        3.74443430516062       -1.46861747715050
C            0.70185690644372        0.16495958357509       -0.43631039799637
O           -0.57218129305066       -0.00886929911392       -1.04243515450462
C           -1.68741319544461       -0.15938622236293       -0.23383478081530
O           -1.39321200637969       -0.98855705729554        0.87948733952195
C           -2.54307965118716       -1.62609655764098        1.42241532568111
C           -2.66487219301705       -3.05364957167307        0.84906424560586
O           -1.50619740638587       -3.80400364121237        1.06340350173185
C           -3.83769510921178       -0.82417545295091        1.18448614790927
O           -4.81790292635102       -1.12671521657606        2.14521696193763
C           -3.61315879924932        0.70698604527882        1.10087704344454
O           -4.68246047145141        1.30021815523193        0.41499374394583
C           -2.29882371568954        1.11581026059353        0.38473922423586
O           -1.40774460796763        1.71547308992154        1.28502543450230
C            1.54498822897199       -1.10282352095702       -0.62459722982167
O            0.99792982212579       -2.22637596484039        0.02962368356637
C            2.98847242945998       -0.87739514420973       -0.13631375873822
O            3.80311629471228       -1.93822425301699       -0.55081840708210
H            5.04208951084915        2.65513795763651       -0.60776977049469
H            5.79727589422230        1.43271786564922       -1.66804829331031
H            6.46199809477038        1.73677117202003       -0.03844354543796
H            3.73426067401061        0.30124611187397       -1.78907777473209
H            1.54322610479938        1.16745183245578       -2.15045681579116
H            0.53320152490051        2.86818210486334        0.19113400170712
H           -0.28121563802620        2.64105936323955       -1.37909422246474
H            2.29511779130317        3.71034296598207       -1.11576459799013
H            0.59850677982809        0.36215145311345        0.63627519851000
H           -2.42692306542456       -0.62571285995165       -0.89861351187692
H           -2.34140750067657       -1.70099827598323        2.49991198635605
H           -2.89963326275775       -2.98797361493714       -0.22266708182109
H           -3.48074617323462       -3.57027903485179        1.35879017348158
H           -0.78313186041453       -3.41482251294191        0.54931465909049
H           -4.28956934581515       -1.14071403245150        0.23674204152270
H           -4.48748184115555       -0.91903256619286        3.02831033642086
H           -3.56001443338944        1.10630472679919        2.13071654598609
H           -5.51007452725483        0.98155872472085        0.79836232591046
H           -2.53295468520893        1.86285670477918       -0.37475898797203
H           -1.09934547937513        1.03095945090640        1.89559916104470
H            1.56423068589299       -1.36467035303623       -1.68869089410588
H            0.68475515159821       -1.95122475482863        0.90205729416114
H            2.99364969179281       -0.79093323332464        0.96333256280006
H            3.33849292689345       -2.76039047334456       -0.34193088225291
48
 energy: -84.798511171485 gnorm: 0.000457318144 xtb: 6.7.1 (edcfbbe)
C            5.54955638790621        1.69208490097907       -0.61565700165570
O            4.75503660659952        0.67703107094812       -0.03339768766592
C            3.57363787546029        0.42681590312406       -0.69711048565715
O            2.69690618732499        1.51494399998167       -0.47870406808179
C            1.42638627976530        1.36033892234978       -1.07624092091832
C            0.68392801074845        2.68837996516599       -0.88747080325002
O            1.39381831043748        3.74393226825288       -1.47253123702423
C            0.70151035859109        0.16345230207499       -0.44182057198561
O           -0.57360849593176       -0.00884112267283       -1.04600206061656
C           -1.68768847893148       -0.15953878971666       -0.23554418822030
O           -1.39164081455845       -0.98994760101277        0.87609282387704
C           -2.54082572762799       -1.62350515299173        1.42529681377193
C           -2.66606954453238       -3.05337924688313        0.85862811381854
O           -1.50816524405173       -3.80439808978799        1.07513695206723
C           -3.83604954421001       -0.82284466151047        1.18694901255732
O           -4.81462009804547       -1.12386542436447        2.14993233445219
C           -3.61194333435532        0.70820918531066        1.09929608386844
O           -4.67960200425217        1.29862012198131        0.40866119793287
C           -2.29614839144191        1.11594717213473        0.38547432184065
O           -1.40433021020131        1.71132341379623        1.28784136701828
C            1.54482011080544       -1.10367391347690       -0.63295333329865
O            0.99752287292275       -2.22907951343704        0.01744811895695
C            2.98779171470929       -0.87891037698244       -0.14256911861015
O            3.80417539255178       -1.93697383478466       -0.56100590820948
H            5.03987350671046        2.65857417219885       -0.58557402611496
H            5.79662377217494        1.44417503466138       -1.65355257660856
H            6.45858419980453        1.73561821804510       -0.02079419125020
H            3.73992762799561        0.30515176687270       -1.78840221911141
H            1.54564106871307        1.16625918427688       -2.15483107928282
H            0.52554288209949        2.86512578641597        0.18371791409268
H           -0.28218932250568        2.63676634649964       -1.38984758139664
H            2.28989194136381        3.71387511420102       -1.11507415514056
H            0.60013892130119        0.35943943956848        0.63120477237851
H           -2.42875150190340       -0.62426574187222       -0.89983619697548
H           -2.33641831324618       -1.69367041383607        2.50266407506044
H           -2.90222386469200       -2.99275869740209       -0.21302485612223
H           -3.48191285597798       -3.56616142270975        1.37223141304800
H           -0.78686216433244       -3.42221340262318        0.55387735095092
H           -4.28898151852361       -1.14186571817736        0.24046900280112
H           -4.48236036175239       -0.91522388096668        3.03218547387090
H           -3.56164335061600        1.11118261630224        2.12778831042706
H           -5.50818649749788        0.98186999093462        0.79158601449410
H           -2.52802519865728        1.86518396218737       -0.37251697296314
H           -1.09585505737235        1.02405541061879        1.89520963959267
H            1.56546123474198       -1.36262470086409       -1.69768980223464
H            0.68374496985653       -1.95656365034251        0.89052389508987
H            2.99200006982400       -0.79738258282239        0.95736640146417
H            3.34159959648046       -2.76069049748120       -0.35388483230753
48
 energy: -84.798514118689 gnorm: 0.000375139721 xtb: 6.7.1 (edcfbbe)
C            5.54952785154733        1.69248226245007       -0.60844741505420
O            4.75293940842911        0.67749778826371       -0.02936833084425
C            3.57335240463424        0.42790799625997       -0.69647816748662
O            2.69571216150940        1.51557821524126       -0.47925241191367
C            1.42620198079603        1.36019849890325       -1.07872541833050
C            0.68213817988656        2.68761180715523       -0.89135160152850
O            1.39151525030767        3.74399252845109       -1.47543825981717
C            0.70129695604373        0.16291152944795       -0.44478041628345
O           -0.57421188966989       -0.00863890461036       -1.04821549675995
C           -1.68783449479817       -0.15952507969563       -0.23689602083933
O           -1.39095999285847       -0.99073531708435        0.87384785377055
C           -2.53953324694263       -1.62262654620833        1.42594846134279
C           -2.66665685617562       -3.05356179079269        0.86281943346645
O           -1.51002405069498       -3.80612896737162        1.08139578549535
C           -3.83488116582535       -0.82206817783788        1.18832836168801
O           -4.81261412872147       -1.12282378410714        2.15219892039799
C           -3.61160631236392        0.70892523915650        1.09928114839773
O           -4.67889175942033        1.29812609226299        0.40707849697829
C           -2.29538428495221        1.11579650611023        0.38552664590886
O           -1.40308263722358        1.70969500133702        1.28821814334577
C            1.54473828301349       -1.10392899656468       -0.63706428952948
O            0.99720954114479       -2.23033688960221        0.01123757579872
C            2.98712119907698       -0.87885627944218       -0.14490904622771
O            3.80486370289488       -1.93554723587616       -0.56423924395422
H            5.04168271996483        2.65986168715803       -0.57611710385547
H            5.79684900765295        1.44699253067614       -1.64680229681431
H            6.45841770230296        1.73275228346327       -0.01308600289371
H            3.74265165743941        0.30761406740501       -1.78739446709159
H            1.54715162621233        1.16609703334810       -2.15711862409746
H            0.52155701574211        2.86424026209562        0.17947757506282
H           -0.28292665897797        2.63480539231322       -1.39561064740913
H            2.28603123799467        3.71801048269672       -1.11386897615117
H            0.60061180200177        0.35815723928130        0.62846280170842
H           -2.42964988210696       -0.62327107831085       -0.90101205156624
H           -2.33357375794822       -1.69092852323237        2.50310654734009
H           -2.90231853896473       -2.99484481708141       -0.20894403352585
H           -3.48369921452413       -3.56352793456238        1.37729981012464
H           -0.78890873703198       -3.42800085714757        0.55750277555249
H           -4.28840592956302       -1.14186139133107        0.24245116825970
H           -4.47929487136137       -0.91463387764980        3.03408916915392
H           -3.56204162244643        1.11306660469518        2.12730168940529
H           -5.50765668514561        0.98217629675987        0.79020525185860
H           -2.52696503999757        1.86596108130555       -0.37162007810183
H           -1.09443013122561        1.02164761876707        1.89454790978784
H            1.56671887666046       -1.36163055990708       -1.70205405305047
H            0.68379292980837       -1.95934801897138        0.88495485600065
H            2.99020170443405       -0.79927915285043        0.95512470497998
H            3.34328669317694       -2.76002403226655       -0.35806510426068
