48
 energy: -84.848388512462 gnorm: 0.073200437935 xtb: 6.7.1 (edcfbbe)
C            5.56482879165157       -1.24080956993500        0.28857745236124
O            4.88476194902149       -0.08488063018943        0.77036380732502
C            3.50951163512225       -0.20862630732577        0.85618588092318
O            2.96073764951615       -0.33686908947780       -0.43752701844351
C            1.55716628135337       -0.51263249926012       -0.43402436178886
C            1.11897530342722       -0.64167650538457       -1.90013250782912
O            1.33810226626325       -1.92512613987399       -2.41685534269579
C            0.82410367676460        0.64327128746889        0.26951744399388
O           -0.51594516853149        0.21853884170584        0.47007070460177
C           -1.52688762858265        1.17292023280616        0.28410739708946
O           -2.12664023632777        1.05012487986927       -0.97666583080242
C           -2.74906399488945       -0.21236112402935       -1.21975716835242
C           -3.35310323647602       -0.13318828429673       -2.62764214094237
O           -2.37578937184968        0.05107591425735       -3.61696268941235
C           -3.82261154745428       -0.52277482660266       -0.16773316709779
O           -4.40277506725962       -1.78791883840050       -0.35248440162659
C           -3.22237689353654       -0.39051735318355        1.23953821304772
O           -4.20819835452843       -0.53026187679026        2.23523913977086
C           -2.58401701539371        0.99381938033811        1.38988802400385
O           -1.97306758536781        1.16139158454314        2.63592503329082
C            1.45271414401506        1.03310565591844        1.61433168965335
O            0.95173667179754        2.30131172420148        1.95337985579589
C            2.98425341671088        1.06520550445219        1.53124675683986
O            3.47845115598067        1.19624322039478        2.83726935712465
H            5.30122707472606       -1.43320987518776       -0.75153934547137
H            5.31611715594128       -2.11083044729585        0.90222159222999
H            6.62238226441969       -1.00837918178486        0.37244396832740
H            3.22725433322593       -1.09752723893287        1.46025916776614
H            1.30257439743691       -1.43999391738067        0.10451748943292
H            1.65088833337422        0.11925498761463       -2.48208434651731
H            0.04587599170088       -0.46496330212277       -1.97396641732250
H            2.28989421597310       -2.09047260726819       -2.46664872986473
H            0.84697845958815        1.53085671946156       -0.37621550362331
H           -1.11944166710351        2.18798420069366        0.33117429997882
H           -1.98069412506537       -0.99941312326897       -1.18968303769350
H           -4.08497583447296        0.68304341170358       -2.64521708509629
H           -3.85700481889946       -1.07318504666693       -2.85649635988039
H           -1.94596560426898        0.90376902866432       -3.46170335697820
H           -4.64640180873915        0.19390380704408       -0.26437242375410
H           -3.71292480748651       -2.46876674556617       -0.36280023524261
H           -2.43295240460387       -1.14683540558157        1.37851976852542
H           -4.80351056821003       -1.25197147023999        1.97993777064172
H           -3.36299536743609        1.75771963188968        1.23491760498148
H           -2.61088484697268        0.89327878433947        3.31714051416246
H            1.15498074080823        0.28925569158598        2.36734001791742
H            1.29845787726212        2.54760893827194        2.82430496209887
H            3.28897402569747        1.91834525838348        0.90674731155355
H            4.44727501199708        1.20115880712220        2.80883220834596
48
 energy: -84.853736829852 gnorm: 0.012720297138 xtb: 6.7.1 (edcfbbe)
C            5.56313880474643       -1.24171526067304        0.28603949683047
O            4.88162286523640       -0.08574134756831        0.76532199930373
C            3.50606224470809       -0.20847431320077        0.85099182839138
O            2.95419707822219       -0.32655339208535       -0.44438660554828
C            1.54905282813641       -0.50091678214416       -0.44831815957971
C            1.11151772884264       -0.63067602180922       -1.91177597407636
O            1.33438674392586       -1.91584384084296       -2.42399182490771
C            0.82880392004640        0.62660979650550        0.31086893668399
O           -0.51841761263968        0.23195048158300        0.52090004494641
C           -1.52415117355286        1.17570332347041        0.26640470348580
O           -2.12243157267700        1.02988466327340       -0.99045966869478
C           -2.75035883777778       -0.22853765997295       -1.22353822012879
C           -3.35495138684796       -0.14162059062760       -2.63059381128107
O           -2.37745955958601        0.04573998107372       -3.61928231720218
C           -3.82373755630717       -0.52689190536722       -0.16887420958130
O           -4.40579873226916       -1.79177589466881       -0.34752158948287
C           -3.22058741548810       -0.38564858683492        1.23609927590589
O           -4.20561129885401       -0.52302222614263        2.23317085818363
C           -2.58419084611831        1.00223124310224        1.37570679830194
O           -1.97486564176470        1.17427800294195        2.62272365447395
C            1.46181269602973        1.02764848883039        1.64257677507100
O            0.95691282977845        2.29730851337891        1.97035970391286
C            2.99004644003382        1.06289540422314        1.53866501549754
O            3.49195351022626        1.19224806727063        2.84162525483753
H            5.30087992192234       -1.43531921686656       -0.75406658215983
H            5.31460419098809       -2.11103831042828        0.90076651308474
H            6.62048256293908       -1.00839760765222        0.37116450246107
H            3.22414237305607       -1.09956945138467        1.45212213363394
H            1.30148615567399       -1.43568310197861        0.08238008301644
H            1.64436232942328        0.12989343845338       -2.49258099612851
H            0.03811664411194       -0.45750748933963       -1.98343511912227
H            2.28650680205390       -2.08172570661325       -2.46857034939683
H            0.84949566155175        1.51642024530472       -0.33493257545814
H           -1.12150168875843        2.19296873969395        0.30457258083659
H           -1.98329942339218       -1.01623641589832       -1.19156088569072
H           -4.08428750528856        0.67727333401337       -2.64443852084387
H           -3.86124578061094       -1.07926622104544       -2.86203385935885
H           -1.94763102794513        0.89815909183810       -3.46160676410311
H           -4.64600034739089        0.19135680358909       -0.26783521373716
H           -3.71610189231109       -2.47274516477603       -0.35846610085684
H           -2.43093161973672       -1.14130426222381        1.37811965339796
H           -4.79983206644555       -1.24710404040724        1.98139568400820
H           -3.36592084603771        1.76258452792722        1.21969562425184
H           -2.61023720654789        0.90152794393647        3.30483638754626
H            1.16687546403640        0.28611413550105        2.39768431319133
H            1.30498192832815        2.55298705920870        2.83757296362517
H            3.28789831529831        1.91770427697423        0.91277041514930
H            4.46020586927801        1.19982333530062        2.80722010813457
48
 energy: -84.854495625821 gnorm: 0.004665657034 xtb: 6.7.1 (edcfbbe)
C            5.56330914181364       -1.24445845669874        0.28118136020819
O            4.88292930703104       -0.08786056959200        0.76006417951491
C            3.50777900884753       -0.20950896277184        0.84969118524882
O            2.95109651277550       -0.31637982085288       -0.44442133793821
C            1.54532064338135       -0.49593156150189       -0.44320176782598
C            1.10500847062369       -0.60751173438439       -1.90748966467874
O            1.32608318207176       -1.89094160914410       -2.42507501639011
C            0.82773306009911        0.62941584015294        0.32581126885953
O           -0.51965121055196        0.23545338462594        0.53735542177630
C           -1.52235727075268        1.17438718041788        0.25474599169178
O           -2.11464856033290        1.00961838906175       -1.00023029857369
C           -2.75013608418827       -0.24545851130711       -1.22708771454735
C           -3.35615885405362       -0.15602682667097       -2.63385237516971
O           -2.37891692071772        0.03394553602702       -3.62223135252201
C           -3.82489673981309       -0.53293978473850       -0.17144852767997
O           -4.41020602839445       -1.79792382913567       -0.33946649393601
C           -3.22119919659642       -0.37864056233435        1.23187705273537
O           -4.20500575721941       -0.51090205379749        2.23085911517661
C           -2.58944310357317        1.01279372559516        1.36233936094608
O           -1.98060330014316        1.19407568379977        2.60828297486101
C            1.46819921149882        1.01696835812171        1.65795302343325
O            0.96226617480027        2.28528704969674        1.98848730803971
C            2.99541099709176        1.05746641588693        1.54800088799042
O            3.50987520891911        1.18067416169201        2.84657774373522
H            5.30071746729965       -1.43889405498541       -0.75864946154750
H            5.31452339106233       -2.11295475059456        0.89699989638562
H            6.62066727934188       -1.01125827476492        0.36615582324660
H            3.22559570228218       -1.10535015004315        1.44336622691227
H            1.30346206278765       -1.44353830754704        0.07142395006732
H            1.63746955173924        0.15332353598746       -2.48839098900569
H            0.03161603031229       -0.43425091708322       -1.98068092742527
H            2.27781004582596       -2.05975529684088       -2.46902911965968
H            0.84637125019095        1.52979684983265       -0.30840258312987
H           -1.12117313900243        2.19292080034911        0.27835505411000
H           -1.98912140289068       -1.03914359234061       -1.19359787851049
H           -4.08298070433773        0.66515112968908       -2.64365880734812
H           -3.86551643734320       -1.09105284735191       -2.86911540563788
H           -1.94965412134790        0.88639838019887       -3.46264516507848
H           -4.64521211308336        0.18667552366163       -0.27624481660125
H           -3.72168385324681       -2.48005436635208       -0.34840623617950
H           -2.42896790849467       -1.13034813184640        1.38015930752329
H           -4.79715519763115       -1.23863118164354        1.98456539089546
H           -3.37292164671999        1.77036000430415        1.20156223302052
H           -2.61304645880231        0.91729742987585        3.29139549722774
H            1.18086592731017        0.27652213843104        2.41731851209027
H            1.31235373736863        2.54190840628446        2.85466123755077
H            3.28626177244881        1.91590544459907        0.92381019314354
H            4.47792574240842        1.19336687312807        2.80381170300141
48
 energy: -84.854910818854 gnorm: 0.006162610392 xtb: 6.7.1 (edcfbbe)
C            5.56461899776948       -1.24879027838113        0.27505740808665
O            4.88672738784062       -0.09099194138137        0.75427197320055
C            3.51201509779100       -0.21073631162301        0.84780064732026
O            2.95116280672878       -0.30538492906518       -0.44495661566790
C            1.54499805485748       -0.48662460563317       -0.43715777161047
C            1.09819958431795       -0.58112716743421       -1.90125639387374
O            1.31360630220370       -1.86075463350100       -2.43233357568346
C            0.82733345763611        0.63565213177280        0.33727846001141
O           -0.51940861995459        0.23532778438519        0.54348931402043
C           -1.52118978491741        1.17014884295315        0.24476069221306
O           -2.10281838766062        0.98706607957279       -1.01128811090594
C           -2.74856785831109       -0.26456925091390       -1.23078242272999
C           -3.35653357733452       -0.17399875183760       -2.63737574019652
O           -2.38062376107423        0.01733592657845       -3.62670563625356
C           -3.82526037929737       -0.53909989045578       -0.17363532035473
O           -4.41395490146447       -1.80450315001291       -0.32757593632361
C           -3.22345667010494       -0.37004340163119        1.22888200317320
O           -4.20717264094212       -0.49603476908079        2.22886885901851
C           -2.59619902778410        1.02437920298925        1.34826625400785
O           -1.99180830554431        1.22005197556875        2.59410704983586
C            1.47353857784248        1.00735050275347        1.67364908605460
O            0.96808320774033        2.27312591023626        2.01665800382895
C            3.00082959614624        1.05049006484696        1.55731928366123
O            3.52728458277751        1.16508020998454        2.85178148077995
H            5.30084904241925       -1.44385278517906       -0.76437949977453
H            5.31510945854170       -2.11647365530768        0.89175069686747
H            6.62233703811252       -1.01695431299950        0.35880508681919
H            3.22936840765499       -1.11158996758461        1.43340978810826
H            1.30516830384226       -1.44111832902263        0.06553956283485
H            1.63088213011965        0.18277841500523       -2.47780333307506
H            0.02518763470981       -0.40359061775542       -1.97208212563100
H            2.26461803089042       -2.03335061245299       -2.47702960332867
H            0.84769090905449        1.54501905782589       -0.28359094938517
H           -1.12126471103901        2.18954662449794        0.25238297176578
H           -1.99572427174434       -1.06649075908100       -1.19611161485827
H           -4.08221011597599        0.64823911293086       -2.64401377853504
H           -3.86781442996482       -1.10735864694508       -2.87492559794574
H           -1.95210583622433        0.87004670191125       -3.46645908585932
H           -4.64393527958020        0.18112074950285       -0.28740718710368
H           -3.72714766117366       -2.48836867528747       -0.33312057569168
H           -2.42784305578654       -1.11650357173868        1.38523950942528
H           -4.79654437755626       -1.22803476928010        1.98859839829547
H           -3.37976190271005        1.77938944959090        1.17653380334957
H           -2.62236544207425        0.93958465764302        3.27720304842085
H            1.19294809420119        0.26277254065173        2.43161103411147
H            1.32054858473890        2.52496371043359        2.88331293132325
H            3.28547911281511        1.91376666265202        0.93698839665755
H            4.49512146733975        1.18310555670443        2.79991109057911
48
 energy: -84.855224699909 gnorm: 0.005277643554 xtb: 6.7.1 (edcfbbe)
C            5.56618529047449       -1.25397311103001        0.26871706334874
O            4.89167332169408       -0.09447675025778        0.74871763409645
C            3.51733447574622       -0.21233831797044        0.84538470352319
O            2.95313240491468       -0.29597030114537       -0.44616250845828
C            1.54714470050096       -0.47540242063653       -0.43146516369380
C            1.09141444330612       -0.55306862831321       -1.89442093233095
O            1.29681922989338       -1.82767321900517       -2.44306078009824
C            0.82972813423910        0.64436095732357        0.34575239680507
O           -0.51625706076601        0.23679814322826        0.54356217969110
C           -1.52071997514567        1.16575180412258        0.23632307320240
O           -2.08945412931878        0.96492072407643       -1.02308109536129
C           -2.74607188068621       -0.28375891061914       -1.23401837247683
C           -3.35669549047812       -0.19405127339956       -2.64035387463957
O           -2.38336072772942       -0.00178809217257       -3.63187682947860
C           -3.82461341485721       -0.54513456142212       -0.17506199244275
O           -4.41561186634752       -1.81131088686663       -0.31413916222672
C           -3.22622904801649       -0.36129734445532        1.22709976012443
O           -4.21132467881737       -0.48091418650903        2.22648351099591
C           -2.60304520864595        1.03546483727718        1.33346062715234
O           -2.00784823268394        1.25022947661262        2.58059514431238
C            1.47912429628607        0.99834731334721        1.68854606701958
O            0.97604268148051        2.26040517664973        2.05090998733561
C            3.00699514031234        1.04315302597264        1.56579501510018
O            3.54247376061657        1.14822535414024        2.85731502952241
H            5.30021491200324       -1.44974054738153       -0.77012501243181
H            5.31602489009402       -2.12079661881771        0.88639125103882
H            6.62459273423281       -1.02447184701984        0.34999272996475
H            3.23471426229715       -1.11764084916591        1.42398390185708
H            1.30679988234275       -1.43137373155190        0.06519297613903
H            1.62501609140082        0.21507618505977       -2.46462189986160
H            0.01908553498454       -0.36814651800913       -1.95751892758466
H            2.24673918062284       -2.00504169769085       -2.49100816456464
H            0.85341510405868        1.56039858677050       -0.26263936394830
H           -1.12327503904503        2.18606791479955        0.22941479109267
H           -2.00116933902853       -1.09344577415352       -1.19848161782814
H           -4.08320943706440        0.62747100977245       -2.64530847299466
H           -3.86769914121073       -1.12753405670727       -2.87788098556823
H           -1.95601996879856        0.85162767620838       -3.47250168513942
H           -4.64244057796193        0.17449677659515       -0.29928792024893
H           -3.73045974420711       -2.49683814800433       -0.31525925380055
H           -2.42756777158356       -1.10263595752962        1.39202563894271
H           -4.79774279575643       -1.21701018545274        1.99167704707692
H           -3.38547613686624        1.78781389083066        1.14496129746970
H           -2.63803039363599        0.96641444339021        3.26245502404430
H            1.20263825416367        0.24479696014543        2.43910379162717
H            1.33035322394717        2.50165308767137        2.91994002858436
H            3.28672588744211        1.91173924736674        0.95059337912790
H            4.50992909120492        1.17061743168631        2.79736592372490
48
 energy: -84.855426624665 gnorm: 0.003374586026 xtb: 6.7.1 (edcfbbe)
C            5.56767780816783       -1.25854228976201        0.26326495974482
O            4.89646723341868       -0.09786559546660        0.74541108054718
C            3.52222177698749       -0.21441232116591        0.84364755888177
O            2.95597863947387       -0.28994857652995       -0.44719699435855
C            1.55049369608432       -0.46466583630509       -0.42823692422563
C            1.08655984747839       -0.52894667231739       -1.88952303998379
O            1.28026244131988       -1.79834386937115       -2.45449697603114
C            0.83377372214475        0.65356686863304        0.35040793847648
O           -0.51177865976725        0.24127426146582        0.54024568454099
C           -1.52092880167218        1.16414140904500        0.23050880777994
O           -2.07973581963790        0.94987728971271       -1.03255116956226
C           -2.74330931635610       -0.29770947785899       -1.23552424547258
C           -3.35665031218454       -0.21298938277618       -2.64160670177821
O           -2.38666202603128       -0.02073775747090       -3.63621642250386
C           -3.82290068664730       -0.54992987659232       -0.17526846659738
O           -4.41374286359528       -1.81727428979286       -0.30292615029381
C           -3.22828976025088       -0.35396623051047        1.22673261001132
O           -4.21560232465651       -0.46789781474110        2.22431799358773
C           -2.60837917375912        1.04433423959209        1.32054370949105
O           -2.02485594004444        1.27867209405200        2.56973728383092
C            1.48400176646591        0.99092551716282        1.69901291253110
O            0.98385085264909        2.24802947516960        2.08274593027743
C            3.01245329836243        1.03646981072477        1.57252880549504
O            3.55153768450467        1.13336995574986        2.86316368755175
H            5.29846148543565       -1.45413020132991       -0.77489120637602
H            5.31748229034309       -2.12498868338158        0.88148303211130
H            6.62687246503977       -1.03149393537607        0.34130530088651
H            3.23998107719604       -1.12288682502714        1.41740287060237
H            1.30745563814194       -1.41921242606098        0.06694752195780
H            1.62172007207057        0.24295780140499       -2.45339409906802
H            0.01515527805455       -0.33571287952711       -1.94243737199269
H            2.22893682834695       -1.98038192663500       -2.50823562751590
H            0.86079909132257        1.57361158124734       -0.24916473581095
H           -1.12657757821336        2.18541964479513        0.21413527020008
H           -2.00280964076635       -1.11127406849776       -1.19855067700758
H           -4.08623077179318        0.60578703217573       -2.64760863096448
H           -3.86475041877845       -1.14900319283617       -2.87561855944122
H           -1.96079132714890        0.83392391263995       -3.47993097154472
H           -4.64117216452191        0.16767816600685       -0.30817616168378
H           -3.72925008888736       -2.50341667911961       -0.29912516018748
H           -2.42802473893710       -1.09185136493600        1.39901745347685
H           -4.80021108336837       -1.20658938316776        1.99337277008966
H           -3.38961727531660        1.79365906254114        1.11396874893438
H           -2.65636658972640        0.99307328140691        3.24960339154208
H            1.20852049069401        0.22556007030250        2.43790896519602
H            1.33955544891711        2.47491418617426        2.95532305383058
H            3.28986340631560        1.90937288463832        0.96248238732276
H            4.51854989245989        1.15754910000598        2.79894651998894
48
 energy: -84.855535568635 gnorm: 0.002478090492 xtb: 6.7.1 (edcfbbe)
C            5.56851154495967       -1.26122237510563        0.25928005457268
O            4.89933740966696       -0.10065175670679        0.74487878613418
C            3.52493267566417       -0.21672155789104        0.84324726643156
O            2.95799246286480       -0.28737295506621       -0.44753232737420
C            1.55288779074776       -0.45714765746780       -0.42814372118006
C            1.08472074894654       -0.51311108417408       -1.88834797680536
O            1.26928619600275       -1.77858499514315       -2.46345741034875
C            0.83684130442229        0.66048360501126        0.35168409767572
O           -0.50872639481577        0.24685286916997        0.53698220885346
C           -1.52150182527271        1.16587356075225        0.22759903652666
O           -2.07630392391353        0.94520932089167       -1.03767206199560
C           -2.74046612723396       -0.30363868248756       -1.23507487244985
C           -3.35578774228847       -0.22730304285403       -2.64101798070196
O           -2.38897884483417       -0.03619438288586       -3.63875594979937
C           -3.82037476157209       -0.55279287877099       -0.17452094095974
O           -4.40846930239531       -1.82173580431970       -0.29647072431226
C           -3.22889187475845       -0.34868219890194        1.22746600892625
O           -4.21814059104763       -0.45833482615804        2.22326015120084
C           -2.61163766497731        1.05069907498713        1.31242093475671
O           -2.03795809820550        1.29955712855081        2.56321147834636
C            1.48651778693302        0.98540850398534        1.70376248628450
O            0.98831225274140        2.23743020140445        2.10436232712780
C            3.01529425416458        1.03126242696562        1.57705180041540
O            3.55325571491745        1.12256911118024        2.86857178528594
H            5.29590165624533       -1.45544874297397       -0.77830029576717
H            5.31937067515602       -2.12818931632534        0.87721732925321
H            6.62821741223187       -1.03550793876297        0.33428873188745
H            3.24314927123545       -1.12714463015923        1.41419353677160
H            1.30638930595660       -1.41045879601877        0.06702099495292
H            1.62140635264213        0.26095877423705       -2.44793897921219
H            0.01423187007910       -0.31372463912884       -1.93364743034298
H            2.21691541094431       -1.96386304841036       -2.52379254432228
H            0.86610137694401        1.58262466761312       -0.24346854504879
H           -1.12923615765784        2.18784678058632        0.20747677676339
H           -1.99962981647633       -1.11642804152532       -1.19556272896895
H           -4.08961455642718        0.58766149556436       -2.65039627167215
H           -3.85962570597410       -1.16729832696375       -2.86895905420995
H           -1.96467152418473        0.82007085186780       -3.48718124670093
H           -4.64028146759922        0.16192889434044       -0.31235163269599
H           -3.72320527143174       -2.50704999525813       -0.28803195983226
H           -2.42822986627112       -1.08484957143197        1.40497021608486
H           -4.80254943463944       -1.19779846551713        1.99437018221778
H           -3.39278722413097        1.79667013403887        1.09247872817898
H           -2.67164127126566        1.01419004171283        3.24125490364336
H            1.21048789435464        0.20966096805630        2.43169640229239
H            1.34549355472782        2.45140910003211        2.97975874299203
H            3.29307625711662        1.90681804110859        0.97113880592656
H            4.52007313680406        1.14606624669180        2.80446683669177
48
 energy: -84.855615225408 gnorm: 0.002192699341 xtb: 6.7.1 (edcfbbe)
C            5.56852887494623       -1.26256660744488        0.25566619851541
O            4.90027240062239       -0.10322343314292        0.74575415894751
C            3.52562987958853       -0.21940478440005        0.84364794983439
O            2.95867974866766       -0.28647609309524       -0.44744117942965
C            1.55367774594504       -0.45186777759864       -0.43004207096980
C            1.08474766816590       -0.50208401377565       -1.89009377731961
O            1.26256697636798       -1.76472534954043       -2.47112209265170
C            0.83819664912737        0.66556219407635        0.35130427680259
O           -0.50779738954630        0.25261792788429        0.53459188803890
C           -1.52232859428061        1.17003525550356        0.22614268765081
O           -2.07683309110623        0.94739415514772       -1.04022096143067
C           -2.73688682817942       -0.30457701351671       -1.23341092904727
C           -3.35352699738628       -0.23921874990331       -2.63933027076424
O           -2.38974120751023       -0.05012779349729       -3.64016909302368
C           -3.81691463313536       -0.55451403105029       -0.17318656517645
O           -4.40016217377554       -1.82569198358545       -0.29278412478062
C           -3.22838596294695       -0.34412145180342        1.22896107938459
O           -4.21925133910068       -0.45041193671675        2.22323008622563
C           -2.61416159641714        1.05661128668801        1.30754581099652
O           -2.04853259838923        1.31637332837587        2.55934155240793
C            1.48688943252885        0.98037194088714        1.70553723527237
O            0.98977390815321        2.22730734810782        2.11997560928298
C            3.01584739586203        1.02643853008209        1.58068478364913
O            3.55037914890084        1.11333573944535        2.87402363152008
H            5.29247706794701       -1.45466845729515       -0.78139364611944
H            5.32161670908721       -2.13083041760115        0.87271483671396
H            6.62843793308686       -1.03687737872179        0.32773573674977
H            3.24425075566022       -1.13136034972711        1.41243702728621
H            1.30343915675070       -1.40492210940895        0.06440887956514
H            1.62341211155186        0.27301914851229       -2.44646322539650
H            0.01517292586968       -0.29787676929431       -1.93134343318512
H            2.20927657991138       -1.95241442393827       -2.53798718178088
H            0.86916766453847        1.58921272731833       -0.24142397868984
H           -1.13085173386242        2.19238226449977        0.20526512790140
H           -1.99253130113014       -1.11374953606497       -1.19006626455117
H           -4.09220527743962        0.57136748081857       -2.65351130394071
H           -3.85249388600870       -1.18389462025513       -2.85955433149804
H           -1.96747630700235        0.80818834795807       -3.49454405528780
H           -4.63940683708184        0.15662100560822       -0.31390611418115
H           -3.71280998232169       -2.50882697677165       -0.27955231325019
H           -2.42751540506278       -1.07899129559687        1.41083087261841
H           -4.80415154152980       -1.18987698972910        1.99556470910925
H           -3.39632357109885        1.79871959131759        1.07783871443629
H           -2.68472735508158        1.03270757046061        3.23590296631364
H            1.21027970401657        0.19577932621890        2.42392731913495
H            1.34951859909624        2.43040907882377        2.99693911022011
H            3.29546188748100        1.90385445080197        0.97841908699958
H            4.51730955438756        1.13498773349562        2.81264153153869
48
 energy: -84.855685298116 gnorm: 0.002083131430 xtb: 6.7.1 (edcfbbe)
C            5.56750986995657       -1.26302052780495        0.25145269012342
O            4.89923303255771       -0.10595632309270        0.74710004586448
C            3.52440299603020       -0.22273621539151        0.84438443397122
O            2.95778196073455       -0.28618699973268       -0.44723040024962
C            1.55258008015462       -0.44791711647940       -0.43325147198875
C            1.08581952356494       -0.49301439528177       -1.89421129119938
O            1.25869768986075       -1.75370430553556       -2.47879376195467
C            0.83765983094436        0.66930622375508        0.35012422736768
O           -0.50920322182578        0.25843948703673        0.53293094822035
C           -1.52353225655933        1.17621204832512        0.22529409033121
O           -2.07969888338637        0.95397097551511       -1.04144354454152
C           -2.73202384901548       -0.30271354213712       -1.23090000393671
C           -3.34911721248429       -0.25073306705774       -2.63701236798242
O           -2.38804751650694       -0.06434939369174       -3.64073984423421
C           -3.81220884051339       -0.55573426115509       -0.17130814715528
O           -4.38861825585681       -1.83001685884442       -0.29005736536645
C           -3.22708371809295       -0.33911710008829        1.23121239583845
O           -4.21949927560025       -0.44274009117642        2.22408891457152
C           -2.61676829808634        1.06358339200311        1.30477086762723
O           -2.05759822863242        1.33235834080994        2.55695444432202
C            1.48523567253923        0.97463593460264        1.70617950501201
O            0.98839496050818        2.21650157539312        2.13279585753792
C            3.01432642744885        1.02099500755053        1.58436271672726
O            3.54434330302486        1.10347835032533        2.88000876592675
H            5.28787840547585       -1.45245493613765       -0.78509018683217
H            5.32408039656681       -2.13331934372674        0.86707038812591
H            6.62733103392171       -1.03600599764469        0.32043918951494
H            3.24333871677163       -1.13634719340097        1.41074166064289
H            1.29852411771301       -1.40172984914225        0.05883067312761
H            1.62754962938659        0.28232246839269       -2.44742883568506
H            0.01715819414485       -0.28439933762093       -1.93502892894519
H            2.20454305389504       -1.94347502243512       -2.55160481878365
H            0.87039517933326        1.59457691731221       -0.24045020931358
H           -1.13165167149704        2.19857926775705        0.20506215190363
H           -1.98191710356181       -1.10632346975417       -1.18224822030062
H           -4.09307686646620        0.55500006961010       -2.65717339161039
H           -3.84270870930946       -1.20049158387607       -2.84834314952446
H           -1.96909820296606        0.79684809388506       -3.50244562368180
H           -4.63815267868180        0.15096972407239       -0.31442843664748
H           -3.69785970734314       -2.50958938855369       -0.27137187427482
H           -2.42553350782784       -1.07211986772673        1.41762305350164
H           -4.80465836169424       -1.18236383014851        1.99750803700101
H           -3.40089379755129        1.80128474109344        1.06753177664138
H           -2.69632600009681        1.05155834928024        3.23248122365008
H            1.20838240549691        0.18228805761159        2.41618623622269
H            1.35196187251864        2.41060466291852        3.01011071482821
H            3.29652645808254        1.90017012942998        0.98589641435007
H            4.51161622154231        1.12287228974335        2.82290640506437
48
 energy: -84.855743988924 gnorm: 0.001943314149 xtb: 6.7.1 (edcfbbe)
C            5.56537740934669       -1.26288319470759        0.24643428560653
O            4.89634415833638       -0.10881941140329        0.74813545075853
C            3.52147063085110       -0.22653276174260        0.84494350748135
O            2.95529314800115       -0.28573257096360       -0.44725148901265
C            1.54965466769673       -0.44489207904543       -0.43704275786482
C            1.08714840031554       -0.48478027787000       -1.89977867865966
O            1.25682105266525       -1.74437823973406       -2.48666958056008
C            0.83542312294388        0.67180834531787        0.34872562659179
O           -0.51261475304850        0.26382040949253        0.53177953793895
C           -1.52513869658927        1.18336800401206        0.22463138138796
O           -2.08335958142017        0.96216721628185       -1.04201660207532
C           -2.72612526313962       -0.29998699867405       -1.22796739601666
C           -3.34244322245291       -0.26202078840839       -2.63460051672897
O           -2.38304640546572       -0.07864286287263       -3.64027469642156
C           -3.80659431085119       -0.55677717121534       -0.16904057709674
O           -4.37503383649987       -1.83480454125145       -0.28689971310137
C           -3.22543986428727       -0.33340059110248        1.23401348254258
O           -4.21953710534301       -0.43519632848016        2.22546565224720
C           -2.61965273708742        1.07171496305064        1.30337105615940
O           -2.06479045166897        1.34800029120168        2.55528246115257
C            1.48191384788246        0.96816632668606        1.70678414118629
O            0.98472353557631        2.20564410341717        2.14356178467316
C            3.01110613598020        1.01476885023127        1.58840801438867
O            3.53676352629120        1.09223668245398        2.88629997797699
H            5.28238149168074       -1.44948926551730       -0.78962986671808
H            5.32621192775454       -2.13569487612547        0.86020617070644
H            6.62487363898123       -1.03348942118512        0.31239833669600
H            3.24057042878783       -1.14211800355582        1.40819962829029
H            1.29230024177683       -1.40020559920871        0.05099374901126
H            1.63309309635270        0.29017927852787       -2.44951352523237
H            0.01933798078254       -0.27204863270757       -1.94339902880910
H            2.20192351624682       -1.93592046823101       -2.56396377378368
H            0.87020785336405        1.59904194438114       -0.23898323584153
H           -1.13201945450290        2.20542039753457        0.20528227997306
H           -1.96946342507920       -1.09725684988672       -1.17313142996298
H           -4.09136316777249        0.53899540321446       -2.66130173233762
H           -3.83069045941065       -1.21650606844126       -2.83737785229056
H           -1.96908733157128        0.78629482048790       -3.51009310064938
H           -4.63639210683478        0.14494140097820       -0.31499502788986
H           -3.68000920519357       -2.50985328973214       -0.26235457140330
H           -2.42248171393665       -1.06357453215604        1.42534207061883
H           -4.80377620762289       -1.17598281688234        2.00026679880042
H           -3.40610591412144        1.80512239217951        1.06054960969729
H           -2.70551933656335        1.07082353614784        3.23050373687536
H            1.20487871925374        0.16957591173320        2.40994921583075
H            1.35250076251066        2.39320038572365        3.02040910881650
H            3.29592975296490        1.89592353268883        0.99407616623517
H            4.50443037247304        1.10976953439570        2.83375787379993
48
 energy: -84.855803340060 gnorm: 0.001767108395 xtb: 6.7.1 (edcfbbe)
C            5.56099230655708       -1.26225249883146        0.23837018959649
O            4.89041012189295       -0.11287355561975        0.74868805707805
C            3.51567956707152       -0.23207817243052        0.84501401316862
O            2.95018555471179       -0.28420749253807       -0.44792138350797
C            1.54379896824957       -0.44130379219625       -0.44237222428727
C            1.08855602508378       -0.47376755551099       -1.90812028352322
O            1.25587457119110       -1.73280782997024       -2.49736532011964
C            0.83078300148566        0.67406667086490        0.34683583671053
O           -0.51894147796635        0.27040287216064        0.53039106365823
C           -1.52791429566701        1.19326793222842        0.22379269416884
O           -2.08805177673667        0.97277723361964       -1.04240259057362
C           -2.71728824479392       -0.29687976069132       -1.22367692117599
C           -3.33047140804578       -0.27708244319866       -2.63163180978709
O           -2.37098056425522       -0.09781731114542       -3.63780401225593
C           -3.79832890740136       -0.55828510352910       -0.16562680111861
O           -4.35529088279908       -1.84190226430974       -0.28075384140024
C           -3.22340308118570       -0.32458924661612        1.23829789205222
O           -4.22039042156755       -0.42485550748103        2.22730794734154
C           -2.62384793128745        1.08382045892236        1.30251422842426
O           -2.07171097177058        1.36859658460841        2.55324900092966
C            1.47578345952689        0.95889358736453        1.70815173404035
O            0.97791724839028        2.19202309620751        2.15541447305010
C            3.00507007849162        1.00522034051553        1.59465627137226
O            3.52576327135637        1.07426180601253        2.89515788778100
H            5.27395564959678       -1.44476844373422       -0.79721396950878
H            5.32791553410520       -2.13890775165086        0.84901905160647
H            6.61985372506123       -1.02892771260114        0.30062261176627
H            3.23474047979011       -1.15089330850643        1.40291185896062
H            1.28307873780296       -1.39909661509974        0.03874540179168
H            1.64135935273141        0.30002797560234       -2.45264267171185
H            0.02183651655540       -0.25599485503130       -1.95850139509421
H            2.20024082215004       -1.92609537927549       -2.57837443916142
H            0.86881158631879        1.60440655490995       -0.23561290494273
H           -1.13260597698021        2.21456750044975        0.20506450099523
H           -1.95200870258901       -1.08545787490484       -1.16005477511552
H           -4.08511766691934        0.51817258887159       -2.66771490079143
H           -3.81176608398612       -1.23703782853359       -2.82467361188663
H           -1.96631812547136        0.77327645398779       -3.51917661347989
H           -4.63345745558663        0.13613347810631       -0.31667942141881
H           -3.65395856154592       -2.51010523673001       -0.24801650021881
H           -2.41778511702420       -1.04978240327089        1.43690051864494
H           -4.80089476225234       -1.16939080998406        2.00483222486574
H           -3.41313877296620        1.81233663949197        1.05446825817739
H           -2.71392496491366        1.09680724269289        3.22924478733035
H            1.19758077133746        0.15417365604351        2.40405278972703
H            1.35037012625857        2.37391008147618        3.03136469746514
H            3.29319892979596        1.88958948066037        1.00668073990857
H            4.49383461618130        1.09042460800244        2.84807361235688
48
 energy: -84.855835825544 gnorm: 0.001203623025 xtb: 6.7.1 (edcfbbe)
C            5.55748724729435       -1.26204664753690        0.23231986382566
O            4.88645379544710       -0.11547766479342        0.74819112058046
C            3.51188032905169       -0.23531763883353        0.84423923762135
O            2.94680456040973       -0.28187178192032       -0.44897719521042
C            1.54009251623698       -0.43853191144087       -0.44490832985209
C            1.08838846837648       -0.46637563353452       -1.91206164578461
O            1.25561829771605       -1.72516779279646       -2.50325164332772
C            0.82797642524324        0.67551634958627        0.34620684765396
O           -0.52230220413075        0.27363923034090        0.52939209599444
C           -1.52986162594483        1.19773681255371        0.22306474853203
O           -2.08916546764453        0.97546314576241       -1.04299490718824
C           -2.71237367665545       -0.29755130950198       -1.22126140751515
C           -3.32195030361721       -0.28595372491283       -2.63058918344613
O           -2.35989930458359       -0.10858837390704       -3.63478815406034
C           -3.79402659473829       -0.55951717759976       -0.16373954980858
O           -4.34500685661255       -1.84615328394330       -0.27481283150461
C           -3.22321401579017       -0.31884451289823        1.24070845266839
O           -4.22263229167635       -0.41811913390758        2.22755834687731
C           -2.62628972183459        1.09072701820941        1.30171173715853
O           -2.07388146000440        1.37955212222647        2.55154108888485
C            1.47207666701086        0.95425291883634        1.70982587640313
O            0.97474292870841        2.18673511555501        2.16030810569900
C            3.00143444159637        0.99889609040539        1.59918184725509
O            3.52037414318614        1.06091464028108        2.90069157595985
H            5.26849230214628       -1.44144990913705       -0.80328622933062
H            5.32717909240510       -2.14118212743929        0.84035704954437
H            6.61605005129945       -1.02705337185386        0.29303169969390
H            3.23063025360837       -1.15652696755254        1.39794426528257
H            1.27848281750571       -1.39756985374320        0.03226917808422
H            1.64491136222229        0.30690364287878       -2.45323052838902
H            0.02227055181223       -0.24651647059576       -1.96636376086480
H            2.19993969326651       -1.91856962858887       -2.58400816853942
H            0.86805024123063        1.60786513902828       -0.23221165366759
H           -1.13367451731352        2.21862462621434        0.20330799622010
H           -1.94384623968234       -1.08229804595372       -1.15302253333827
H           -4.07858755784939        0.50692180562743       -2.67219608367872
H           -3.79977414348937       -1.24805219149623       -2.82061030870487
H           -1.96198770754333        0.76624087618215       -3.52225710425907
H           -4.63178422166632        0.13065000749794       -0.31907989929438
H           -3.64047139140569       -2.51059980463320       -0.23769013792715
H           -2.41619193790243       -1.04100520202804        1.44405144037704
H           -4.79868065036747       -1.16690955821940        2.00784367328884
H           -3.41618858569915        1.81784513460420        1.05174548067267
H           -2.71595204586812        1.11079942530328        3.22875749605591
H            1.19139513830354        0.14785286284580        2.40276724467538
H            1.34721129530367        2.36692079789148        3.03668210910578
H            3.29133780857002        1.88564746054052        1.01576329454234
H            4.48845696183805        1.07754058604386        2.85536533429401
48
 energy: -84.855863374748 gnorm: 0.000774635966 xtb: 6.7.1 (edcfbbe)
C            5.55350721261878       -1.26204703009200        0.22542965530811
O            4.88294434773587       -0.11824662738005        0.74794034627958
C            3.50839127507273       -0.23815668537487        0.84324140083603
O            2.94407380532324       -0.27871436133691       -0.45023374474995
C            1.53725709619745       -0.43534550858687       -0.44691205499312
C            1.08771804180956       -0.45955800399653       -1.91481064068483
O            1.25657109982660       -1.71766210663766       -2.50819139473223
C            0.82582019628564        0.67737391972161        0.34572131928309
O           -0.52441543485740        0.27619855244419        0.52843545145856
C           -1.53164402434272        1.20074162744990        0.22254120612663
O           -2.08948520693661        0.97590829128619       -1.04338177425798
C           -2.70845301777560       -0.29961311077783       -1.21878709528283
C           -3.31334058580055       -0.29416804992012       -2.63010566494004
O           -2.34692360626634       -0.11809918745952       -3.63068914025510
C           -3.79128734235402       -0.56075030647852       -0.16232128033932
O           -4.33774214545673       -1.84970046951868       -0.26857846317906
C           -3.22416961457375       -0.31366011222379        1.24263603804369
O           -4.22636461636263       -0.41126627751113        2.22687958946146
C           -2.62800198959352        1.09597494205652        1.30106352416080
O           -2.07419002095606        1.38705582959199        2.55007526263901
C            1.46901761901712        0.95202852185814        1.71113435436747
O            0.97368226442657        2.18571033170342        2.16147218142490
C            2.99859645922030        0.99293341185263        1.60395686893166
O            3.51559726230019        1.04639782862561        2.90655546062237
H            5.26294374502244       -1.43660903924965       -0.81063442453792
H            5.32452738270200       -2.14422754825832        0.82951222706682
H            6.61203374273827       -1.02681638694465        0.28547009329695
H            3.22642614681996       -1.16181071753017        1.39244198927151
H            1.27537978701658       -1.39526895218137        0.02760588971757
H            1.64605787615774        0.31418839649254       -2.45312908148397
H            0.02188518712225       -0.23948440778721       -1.97156166913113
H            2.20130674488278       -1.90995212786854       -2.58667269987524
H            0.86728686386687        1.61125964294657       -0.22949258681776
H           -1.13502102606557        2.22137561972460        0.20122666890397
H           -1.93798145614796       -1.08192837077920       -1.14619065903633
H           -4.07103721195466        0.49719170955664       -2.67744156539033
H           -3.78821784012144       -1.25783500416311       -2.81927755803596
H           -1.95548863672264        0.76003267769148       -3.52284218521513
H           -4.63092640059336        0.12592710126323       -0.32208432388028
H           -3.63080361338717       -2.51124748318672       -0.22777471164695
H           -2.41678052457144       -1.03402117533335        1.45044145278813
H           -4.79692946280442       -1.16527262694564        2.01082362610676
H           -3.41757111049452        1.82309706476646        1.05052928512894
H           -2.71594983368312        1.12161364137369        3.22879385090113
H            1.18400632811736        0.14599498983812        2.40256802331563
H            1.34273830172410        2.36463059109569        3.03963572750685
H            3.29127527395895        1.88212732393715        1.02572140413174
H            4.48367552944463        1.06369575211828        2.86274577210294
48
 energy: -84.855885762771 gnorm: 0.000788368211 xtb: 6.7.1 (edcfbbe)
C            5.54923145395956       -1.26239721024798        0.21734463441833
O            4.88013193554487       -0.12169547309343        0.74848294096326
C            3.50537482626694       -0.24086912230263        0.84254057762122
O            2.94209092862464       -0.27513418493903       -0.45126688136404
C            1.53533143111204       -0.43164534713112       -0.44867216538536
C            1.08698431104510       -0.45292051258795       -1.91692894458597
O            1.25888866550500       -1.70956125172367       -2.51317171596561
C            0.82429151948538        0.68006436254657        0.34513446647645
O           -0.52561384312770        0.27880765981260        0.52771802883476
C           -1.53335344409890        1.20308414521254        0.22211969390528
O           -2.09006583489100        0.97571248996464       -1.04362921868721
C           -2.70517205585503       -0.30211331500259       -1.21632208370357
C           -3.30447437191389       -0.30293041412556       -2.63002836344840
O           -2.33335735378531       -0.12788542311237       -3.62661271414774
C           -3.78947152631577       -0.56183929955545       -0.16118172572893
O           -4.33233213148089       -1.85257448448062       -0.26317901549976
C           -3.22606266775377       -0.30915180067583        1.24450530659368
O           -4.23123467528540       -0.40354604298054        2.22605616218088
C           -2.62937095674635        1.10006361788466        1.30061709386419
O           -2.07404634764685        1.39227219875315        2.54902885400171
C            1.46667964261644        0.95206859437024        1.71182681862331
O            0.97471704857945        2.18805843731473        2.16043265950651
C            2.99673096089537        0.98719347649159        1.60908974709794
O            3.51041465355556        1.03075092140513        2.91339794284386
H            5.25713610054260       -1.42964433465587       -0.81955889290458
H            5.32034692116460       -2.14852213626773        0.81567536628144
H            6.60798217356854       -1.02830816543690        0.27751467071118
H            3.22219789629120       -1.16682142177302        1.38720883643785
H            1.27316590809235       -1.39220947824692        0.02411999614983
H            1.64506406277323        0.32274429498878       -2.45267958689772
H            0.02097297705975       -0.23435319867559       -1.97469913437798
H            2.20428307140547       -1.90000063746827       -2.58861707500658
H            0.86641022907189        1.61495752015626       -0.22808476568958
H           -1.13669473914576        2.22365342581953        0.19934501022854
H           -1.93287412782678       -1.08211421207003       -1.13889468064889
H           -4.06343149825094        0.48667807262337       -2.68339597216542
H           -3.77614236634494       -1.26830676205434       -2.81851166876051
H           -1.94762371718831        0.75309140277146       -3.52255166792838
H           -4.63050902549381        0.12197377022251       -0.32517475761545
H           -3.62354624474625       -2.51187529101354       -0.21899320165108
H           -2.41928164170686       -1.02892942667769        1.45671487831354
H           -4.79640732770476       -1.16287260258129        2.01463511872317
H           -3.41840698313701        1.82769387695826        1.04988755400430
H           -2.71603517293079        1.13064796050011        3.22895118464133
H            1.17643486814951        0.14738840497088        2.40262716236603
H            1.33810711973521        2.36474965689442        3.04149619196981
H            3.29395546306611        1.87875433758100        1.03688497201508
H            4.47857875267635        1.04780901173441        2.87228431357310
48
 energy: -84.855905161445 gnorm: 0.000859026533 xtb: 6.7.1 (edcfbbe)
C            5.54482165184739       -1.26309397526868        0.20849014219831
O            4.87803449202032       -0.12582476016033        0.74994164020413
C            3.50289925168293       -0.24342177280803        0.84239107241885
O            2.94088953442669       -0.27133408978840       -0.45186858900269
C            1.53431025235646       -0.42761250476061       -0.45015602730605
C            1.08651742216957       -0.44637224441924       -1.91854196336450
O            1.26273721415471       -1.70075470886868       -2.51830362304783
C            0.82343268900029        0.68343397251296        0.34449247248483
O           -0.52609556242100        0.28154350024939        0.52725224252781
C           -1.53466630318102        1.20517259428578        0.22181226443843
O           -2.09078665331605        0.97553525474628       -1.04370754904981
C           -2.70217957792981       -0.30457552886337       -1.21365257536340
C           -3.29611711935409       -0.31234264668293       -2.62962273269424
O           -2.32072907796684       -0.13842630945169       -3.62240491362888
C           -3.78870891436536       -0.56277249409053       -0.16057777332955
O           -4.32903180610213       -1.85480231295293       -0.25945070402196
C           -3.22859429006238       -0.30533287117199        1.24581309803886
O           -4.23664507770513       -0.39537502692488        2.22475966960825
C           -2.63034059783146        1.10311689841024        1.30029027243082
O           -2.07388226195137        1.39559194603663        2.54834358654467
C            1.46528862618769        0.95392129137806        1.71191679169880
O            0.97785696041038        2.19291715114712        2.15769360600117
C            2.99600778431578        0.98198254825502        1.61442589854530
O            3.50478769727926        1.01481617515629        2.92108628589753
H            5.25159753787582       -1.42067464299676       -0.82961508184220
H            5.31478271500785       -2.15405155103201        0.79920612060580
H            6.60401084643680       -1.03139395705567        0.26979115225340
H            3.21796336858396       -1.17147907107866        1.38261207567230
H            1.27165506819295       -1.38860088473286        0.02151594801556
H            1.64234356219621        0.33258584866514       -2.45195937420706
H            0.01987829781139       -0.23105492210188       -1.97612775968001
H            2.20887188884203       -1.88874904217779       -2.59104594520868
H            0.86553046700473        1.61888299133864       -0.22774302432450
H           -1.13835770315828        2.22585591654070        0.19776869630831
H           -1.92811436750359       -1.08229846071301       -1.13076919195789
H           -4.05685110434397        0.47502276899110       -2.68949531363900
H           -3.76409909251517       -1.27979069379687       -2.81682393048081
H           -1.93941613279531        0.74475498706743       -3.52145082555336
H           -4.63052873820379        0.11905034212899       -0.32841672163847
H           -3.61903411787367       -2.51255955977217       -0.21206993452367
H           -2.42327664646833       -1.02548291066665        1.46235020196568
H           -4.79733361552113       -1.15937791761257        2.01867146603096
H           -3.41880099935810        1.83135659722034        1.04963389819003
H           -2.71687806431808        1.13807859831520        3.22885975758345
H            1.16929741212520        0.15149100653526        2.40284680415637
H            1.33436297414358        2.36655097301107        3.04216516281721
H            3.29943362706497        1.87572729076072        1.04893194030577
H            4.47315135034864        1.03016229750746        2.88422723657843
48
 energy: -84.855921801742 gnorm: 0.000736958819 xtb: 6.7.1 (edcfbbe)
C            5.54088027134371       -1.26407724617246        0.19966095955214
O            4.87688451287554       -0.13044317609033        0.75213040807873
C            3.50126646960492       -0.24572425546431        0.84276120542410
O            2.94058012023472       -0.26758700005405       -0.45201966588142
C            1.53422453970358       -0.42347827243182       -0.45134429529264
C            1.08649074767222       -0.43999619801920       -1.91970245399293
O            1.26798786602159       -1.69146695956637       -2.52356344574924
C            0.82332888763315        0.68720933913124        0.34386094143863
O           -0.52585412587109        0.28418361094021        0.52708683259753
C           -1.53564348627216        1.20652828489496        0.22149561964104
O           -2.09160078748585        0.97488323492543       -1.04386680973363
C           -2.69989162063525       -0.30705336495954       -1.21132791166983
C           -3.28874079824338       -0.32204503047833       -2.62928908425466
O           -2.31040725274512       -0.14931840600479       -3.61940792343131
C           -3.78854887216415       -0.56312491505104       -0.16001466686452
O           -4.32798521884046       -1.85559893977149       -0.25719488952696
C           -3.23148243855939       -0.30262454459890        1.24712818131626
O           -4.24204602510654       -0.38742789536098        2.22393286114806
C           -2.63114428177651        1.10507772039538        1.29999627217400
O           -2.07410311590156        1.39724875187352        2.54793416540625
C            1.46476731066635        0.95714673401495        1.71164198515680
O            0.98239174399882        2.19939305251923        2.15432748925805
C            2.99622719783677        0.97735767982000        1.61965278347051
O            3.49910843066278        0.99986867734585        2.92894884360332
H            5.24747479198743       -1.41028783318463       -0.84002676300660
H            5.30818740150960       -2.16032847343170        0.78130596835722
H            6.60066479276104       -1.03585658546690        0.26352897976283
H            3.21406079868815       -1.17546394160716        1.37893453071640
H            1.27089344643043       -1.38483136775238        0.01942937315224
H            1.63858861007677        0.34335514500301       -2.45079950077135
H            0.01886227862425       -0.22926181695202       -1.97626688056406
H            2.21485467281979       -1.87643673838334       -2.59465622700684
H            0.86478181463230        1.62290623733828       -0.22809602905254
H           -1.14018997283605        2.22754375310565        0.19631535757311
H           -1.92437775105741       -1.08267553915958       -1.12282412382358
H           -4.05155087403786        0.46275359337266       -2.69493411402282
H           -3.75323571181905       -1.29161994209637       -2.81419371773904
H           -1.93150728475488        0.73505788210474       -3.52047223919358
H           -4.63030548732912        0.11786861663018       -0.33117114368204
H           -3.61776039329819       -2.51288418208290       -0.20712164424034
H           -2.42816732919469       -1.02391097498667        1.46739659096966
H           -4.80008448073557       -1.15457480292662        2.02306847654560
H           -3.41902491331808        1.83396403249634        1.04924019895678
H           -2.71877393198798        1.14391739140869        3.22844182371700
H            1.16335063756281        0.15728833097217        2.40321242375618
H            1.33219432379498        2.36964294334565        3.04203662823795
H            3.30662061525114        1.87284764093644        1.06086982706148
H            4.46774873865512        1.01205183997198        2.89744075159958
48
 energy: -84.855933490126 gnorm: 0.000531847740 xtb: 6.7.1 (edcfbbe)
C            5.53800567256117       -1.26489423088747        0.19279330178567
O            4.87637326922950       -0.13453444722565        0.75466320912186
C            3.50035089468301       -0.24757731217233        0.84352092832118
O            2.94095662184910       -0.26448070692028       -0.45183261604853
C            1.53478687470001       -0.41995761040288       -0.45222426305983
C            1.08714235053582       -0.43444349095988       -1.92059889484315
O            1.27383807959302       -1.68299165354403       -2.52832525802192
C            0.82369710087082        0.69042608933536        0.34335456649315
O           -0.52528195219870        0.28616076729214        0.52697976676985
C           -1.53595835474316        1.20733400738106        0.22123525301992
O           -2.09204406414116        0.97416969639715       -1.04405790324363
C           -2.69820284673858       -0.30913861036799       -1.20918003963005
C           -3.28412383587067       -0.33047005013211       -2.62820812107686
O           -2.30421834946156       -0.15942804807106       -3.61687260700160
C           -3.78937916458018       -0.56316752866311       -0.15993022617936
O           -4.32954923521273       -1.85549533255738       -0.25653507291104
C           -3.23395020530765       -0.30075599295165        1.24756419868143
O           -4.24607237782387       -0.38113746032225        2.22299802974924
C           -2.63142190583570        1.10613249802592        1.29974674773835
O           -2.07437777123490        1.39811090417880        2.54773127532343
C            1.46500298135657        0.96014682983881        1.71124352369543
O            0.98712992038609        2.20513084740321        2.15116677112669
C            2.99708044168408        0.97396552428105        1.62392311454391
O            3.49447587113878        0.98809245940345        2.93554217941106
H            5.24593559189789       -1.40030397320978       -0.84866178073848
H            5.30169864766557       -2.16594355107606        0.76550501996961
H            6.59835920247254       -1.04043301729672        0.26053714492358
H            3.21096805958837       -1.17863235223476        1.37638851511092
H            1.27074529612101       -1.38159364399779        0.01774815133313
H            1.63521686689561        0.35330266670265       -2.44956493552038
H            0.01848336716730       -0.22849051126385       -1.97592769673125
H            2.22133557728719       -1.86468990571730       -2.59926430254690
H            0.86427549219409        1.62620102543072       -0.22863885050933
H           -1.14146461452693        2.22872912707272        0.19509711462583
H           -1.92176207809715       -1.08333400507539       -1.11582862671758
H           -4.04886226243262        0.45211478337790       -2.69874991675617
H           -3.74577404548815       -1.30195597798363       -2.81034914579836
H           -1.92570925920824        0.72532450497888       -3.51916481260663
H           -4.63027559756971        0.11832757787290       -0.33344117763395
H           -3.61987970535026       -2.51325558428310       -0.20416834151160
H           -2.43247262549930       -1.02323382756670        1.47063748864786
H           -4.80361469125548       -1.14948559282137        2.02587375068675
H           -3.41886552572672        1.83536186014082        1.04866811047699
H           -2.72082235601143        1.14811334307415        3.22780974895267
H            1.15909246366691        0.16262785740075        2.40354616208290
H            1.33216395207951        2.37294234651973        3.04103978031484
H            3.31362120487729        1.87068976368245        1.07065743241777
H            4.46334189075273        0.99641602852325        2.90903925256129
48
 energy: -84.855941055562 gnorm: 0.000465936208 xtb: 6.7.1 (edcfbbe)
C            5.53646064854659       -1.26541357534649        0.18840589441842
O            4.87643296418098       -0.13761282907234        0.75706521424905
C            3.50011229335909       -0.24882425821562        0.84431268535947
O            2.94179746796542       -0.26222918895995       -0.45152634498794
C            1.53573723839409       -0.41746845698692       -0.45289696782026
C            1.08836176144283       -0.43023535812013       -1.92135002948220
O            1.28003658870176       -1.67617699603253       -2.53242754352962
C            0.82430990763355        0.69260105778967        0.34292590851607
O           -0.52451290307517        0.28717918934542        0.52690958293607
C           -1.53602970047791        1.20712318827126        0.22088440391052
O           -2.09232002265979        0.97280620846649       -1.04442367355661
C           -2.69782650882556       -0.31094436414444       -1.20788314566114
C           -3.28177863019122       -0.33684277291335       -2.62752035996733
O           -2.30160580469171       -0.16770702851808       -3.61613375480909
C           -3.79030391196603       -0.56235509400497       -0.15930327756202
O           -4.33287135667728       -1.85364256998738       -0.25600059402242
C           -3.23582572143558       -0.30006432969480        1.24844833694586
O           -4.24867187435470       -0.37715920331028        2.22338958466102
C           -2.63158689331649        1.10634638777969        1.29943787200174
O           -2.07450233494878        1.39799541486360        2.54734976932742
C            1.46534787111142        0.96256885326271        1.71087662336349
O            0.99059541765963        2.20945905438706        2.14883170329993
C            2.99781084590655        0.97160392798837        1.62700137253886
O            3.49123020147340        0.98033290296872        2.94016572278241
H            5.24699113305617       -1.39174412439293       -0.85486729063265
H            5.29591802947190       -2.17024933472190        0.75329428489088
H            6.59728436549815       -1.04457398277308        0.26093410926253
H            3.20885187415342       -1.18064396031242        1.37485480868405
H            1.27119649101437       -1.37948463951393        0.01614905384851
H            1.63292355884991        0.36141324544977       -2.44822192307629
H            0.01880626839997       -0.22861927232231       -1.97586569481048
H            2.22814439659077       -1.85436082663788       -2.60396662944857
H            0.86397509043502        1.62845788032902       -0.22906594373651
H           -1.14241684615703        2.22887128727069        0.19390029991445
H           -1.92126220230445       -1.08452456331204       -1.11119974984556
H           -4.04741021818269        0.44453891174984       -2.70075319678346
H           -3.74236879315165       -1.30930108666826       -2.80694608572357
H           -1.92150772239625        0.71636411089024       -3.51850478123089
H           -4.62969581373377        0.12063026180637       -0.33416953058484
H           -3.62464104669990       -2.51281043426397       -0.20242444925160
H           -2.43580960295103       -1.02377191631692        1.47271481025403
H           -4.80747365867892       -1.14491534117598        2.02781825832889
H           -3.41852112119942        1.83603971490003        1.04810997590988
H           -2.72220722548532        1.15033989611918        3.22709611870383
H            1.15645586714054        0.16677698008027        2.40381579907839
H            1.33345744359791        2.37627438439899        3.03961140069798
H            3.31868534383340        1.86895684534241        1.07744421285973
H            4.46022171197594        0.98499189491021        2.91718910837133
48
 energy: -84.855946707273 gnorm: 0.000447063198 xtb: 6.7.1 (edcfbbe)
C            5.53587501501262       -1.26558990371743        0.18647796237586
O            4.87657341530384       -0.13963583745930        0.75945932886876
C            3.50006690838778       -0.24965842435488        0.84513758419503
O            2.94280649893893       -0.26077062037945       -0.45118247718930
C            1.53678994513765       -0.41598401339359       -0.45352445468789
C            1.09006467337691       -0.42725298489538       -1.92219252307930
O            1.28618778620518       -1.67104673515878       -2.53602009880875
C            0.82485778640512        0.69362436140014        0.34250427456260
O           -0.52384928615898        0.28728942887756        0.52666165366192
C           -1.53585269125692        1.20643479303406        0.22054703715146
O           -2.09229231734264        0.97133819179490       -1.04480607599076
C           -2.69813906698572       -0.31243432955614       -1.20681104586703
C           -3.28182351179061       -0.34099830311654       -2.62644175695353
O           -2.30164972497138       -0.17452763873063       -3.61539455691557
C           -3.79184900204264       -0.56141345823379       -0.15886146711240
O           -4.33753428326352       -1.85146261475268       -0.25564940854199
C           -3.23682397253856       -0.29963737211920        1.24871220058401
O           -4.24947784636776       -0.37519674320819        2.22387245892981
C           -2.63120806847795        1.10623362364958        1.29942939611075
O           -2.07393587371636        1.39803773797854        2.54721313939516
C            1.46564557522118        0.96370756960494        1.71060304775757
O            0.99262909332744        2.21169361190198        2.14721357752507
C            2.99830234420434        0.97027373376479        1.62888888031318
O            3.48932051175228        0.97622579226015        2.94295014129765
H            5.25008194229011       -1.38473181289318       -0.85860950795319
H            5.29092104370934       -2.17330217786514        0.74477365817840
H            6.59700770670357       -1.04797109320407        0.26433088151964
H            3.20740319217877       -1.18199967154444        1.37406606889598
H            1.27194576513751       -1.37837559021610        0.01456992849996
H            1.63186370589334        0.36759497546355       -2.44711135893437
H            0.01978123837387       -0.22932803839587       -1.97633670814494
H            2.23486965960062       -1.84568642921824       -2.60860898533962
H            0.86381705463512        1.62958096459701       -0.22938619118375
H           -1.14281884581213        2.22840313017603        0.19283904412574
H           -1.92190343241075       -1.08612008587210       -1.10803983747645
H           -4.04743925691260        0.44031273276982       -2.70166645786023
H           -3.74257750030416       -1.31378792089937       -2.80363820803029
H           -1.91918552229946        0.70865403804521       -3.51786702135480
H           -4.62947575919754        0.12367870605139       -0.33424112565314
H           -3.63098372452089       -2.51240351879094       -0.20124514147658
H           -2.43761601011105       -1.02416569664035        1.47319327737031
H           -4.81059290518424       -1.14116361102294        2.02780869196064
H           -3.41782581411118        1.83617898432224        1.04781207077764
H           -2.72219504525554        1.15166387489617        3.22690146233275
H            1.15483699599041        0.16896659617395        2.40392317292866
H            1.33540992972088        2.37875940923233        3.03795541391933
H            3.32162256912252        1.86792080458645        1.08128726412455
H            4.45836397115331        0.97806765568903        2.92198873971090
48
 energy: -84.855952941019 gnorm: 0.000461004611 xtb: 6.7.1 (edcfbbe)
C            5.53581290448528       -1.26563054985642        0.18573172598718
O            4.87675474478969       -0.14145627026391        0.76235011856477
C            3.50007326016392       -0.25043396037673        0.84605047699074
O            2.94410130911315       -0.25956614411682       -0.45083146886718
C            1.53808677577982       -0.41495994246907       -0.45439332906074
C            1.09242251602786       -0.42432993716552       -1.92340958168867
O            1.29419402237174       -1.66567158970166       -2.54028351729908
C            0.82536938138504        0.69388649887743        0.34193510927448
O           -0.52317999432938        0.28668563404236        0.52619309432814
C           -1.53556410595886        1.20523097633998        0.22007645945054
O           -2.09218933641148        0.96937018179296       -1.04522596252252
C           -2.69929161059855       -0.31400896752741       -1.20579407123813
C           -3.28299579822229       -0.34468955420401       -2.62532758454481
O           -2.30287738620229       -0.18223748450676       -3.61497403872659
C           -3.79375074785842       -0.55974899815964       -0.15781478054310
O           -4.34389427389143       -1.84792122536786       -0.25444973900654
C           -3.23760381930757       -0.29950371654698        1.24949425754633
O           -4.24953819094669       -0.37435529276208        2.22546078935635
C           -2.63064187688543        1.10587124473350        1.29937690595322
O           -2.07262726550554        1.39771013638466        2.54671111615282
C            1.46570835549242        0.96414462396820        1.71029827585604
O            0.99358954302455        2.21282689030970        2.14585916125176
C            2.99845045943391        0.96918960319560        1.63030506169695
O            3.48786302190839        0.97386878597587        2.94495893481058
H            5.25553683528725       -1.37698844248312       -0.86172370109633
H            5.28499187410136       -2.17626410949312        0.73657736891856
H            6.59719827370878       -1.05183236296642        0.27097010066005
H            3.20595513266870       -1.18316805068957        1.37351065667442
H            1.27305593143861       -1.37789921483999        0.01237483393895
H            1.63120887411116        0.37415173660153       -2.44588108306650
H            0.02130344475420       -0.23080390878135       -1.97752764578886
H            2.24365106451397       -1.83556196270067       -2.61399580458032
H            0.86363207628633        1.63005160363356       -0.22962676755946
H           -1.14283838304894        2.22732419957673        0.19149346093782
H           -1.92389819111501       -1.08834188566488       -1.10547779122742
H           -4.04733483610571        0.43774109625203       -2.70212599687097
H           -3.74553253586319       -1.31705357610607       -2.80019946345424
H           -1.91683293195471        0.69948163901052       -3.51763568597512
H           -4.62903165133065        0.12824447784131       -0.33328371764164
H           -3.63972000604050       -2.51137247608349       -0.19952773592610
H           -2.43897109277232       -1.02493840819279        1.47315766824702
H           -4.81435603026714       -1.13704803834580        2.02690296450696
H           -3.41675528741222        1.83636103568136        1.04785011406044
H           -2.72088877501847        1.15230391364653        3.22675063185604
H            1.15343639891375        0.17012645658412        2.40381513202395
H            1.33778291878247        2.38107897629028        3.03588894999973
H            3.32319194495528        1.86688537706018        1.08363178901614
H            4.45693793021142        0.97324707213408        2.92527025717294
48
 energy: -84.855959356885 gnorm: 0.000446402779 xtb: 6.7.1 (edcfbbe)
C            5.53601577993693       -1.26567998873359        0.18580675558899
O            4.87677586324306       -0.14332959361516        0.76569646083813
C            3.49990256043641       -0.25127798284062        0.84691022815712
O            2.94552214487582       -0.25836451473205       -0.45063710750795
C            1.53948226516249       -0.41414194136759       -0.45570340615988
C            1.09537045553718       -0.42101590951567       -1.92518334605465
O            1.30483188806677       -1.65915724580192       -2.54609584468732
C            0.82571461763031        0.69358277015651        0.34113673196717
O           -0.52256123567421        0.28546956306444        0.52548807559422
C           -1.53545318257405        1.20342873274034        0.21942246804786
O           -2.09209632010466        0.96666177200439       -1.04579890255941
C           -2.70114353410813       -0.31608805617997       -1.20455766475763
C           -3.28493117550834       -0.34831239464781       -2.62395403681980
O           -2.30431332796625       -0.19211497372661       -3.61416367063028
C           -3.79624781995940       -0.55766756438073       -0.15627824095247
O           -4.35188894144745       -1.84350065555447       -0.25222139232168
C           -3.23810652237227       -0.29904505765494        1.25049977183061
O           -4.24880322557317       -0.37381217590318        2.22776345298255
C           -2.62969250733092        1.10565270840233        1.29971776587404
O           -2.07026061238624        1.39779209578225        2.54637800949568
C            1.46537730563262        0.96376343392036        1.70998388082494
O            0.99342237660229        2.21277779701710        2.14488808628412
C            2.99811297474082        0.96810429308530        1.63139897355201
O            3.48651705570987        0.97244112798893        2.94643335819220
H            5.26338754294912       -1.36816397871440       -0.86461754254556
H            5.27757660524383       -2.17946838046654        0.72781419945667
H            6.59756545393047       -1.05656216750411        0.28082760078160
H            3.20416315556339       -1.18439729613651        1.37279683615805
H            1.27438235268225       -1.37795260311239        0.00909064874341
H            1.63032969421309        0.38220771154082       -2.44431548523467
H            0.02320137173532       -0.23323944578488       -1.97955664381676
H            2.25537222086039       -1.82270236919039       -2.62026828502495
H            0.86330428223510        1.63013617568058       -0.22978028600460
H           -1.14281681202232        2.22553354596233        0.18978489327773
H           -1.92693844036232       -1.09144473982293       -1.10280342553011
H           -4.04656665752711        0.43660828522078       -2.70278815504465
H           -3.75091844816461       -1.31951639007736       -2.79616969151167
H           -1.91382446465713        0.68782690825420       -3.51799338788270
H           -4.62867619780549        0.13385712962571       -0.33171714482408
H           -3.65060932061868       -2.50998505915616       -0.19672086820424
H           -2.43984982735296       -1.02536825332869        1.47282114500455
H           -4.81867772339313       -1.13176179819501        2.02482164378523
H           -3.41527716141495        1.83683522712789        1.04836682371879
H           -2.71787519108066        1.15304531785100        3.22725817514020
H            1.15199329002851        0.17006194777445        2.40341133026184
H            1.33996565824678        2.38271338560957        3.03380363480159
H            3.32363354001673        1.86582109894416        1.08509028287527
H            4.45560306067736        0.96974559883702        2.92739924349671
48
 energy: -84.855961384551 gnorm: 0.000241242068 xtb: 6.7.1 (edcfbbe)
C            5.53627613279154       -1.26559838819793        0.18639124357080
O            4.87657093678156       -0.14313066419501        0.76569091503955
C            3.49971318378013       -0.25137302661348        0.84663039439464
O            2.94552460653125       -0.25825456569229       -0.45098725468940
C            1.53948061220846       -0.41421675219963       -0.45627647249173
C            1.09564576642096       -0.42027379216412       -1.92581378384202
O            1.30613438576989       -1.65783703097291       -2.54749238057339
C            0.82550815299189        0.69311347900815        0.34083672920949
O           -0.52271203014276        0.28512192325896        0.52509113919850
C           -1.53548665962394        1.20342062164372        0.21920868647278
O           -2.09205696655545        0.96644373210427       -1.04583709695142
C           -2.70143582707602       -0.31624512776068       -1.20431702151575
C           -3.28500531022090       -0.34854030902815       -2.62384561559120
O           -2.30376130263578       -0.19381997184897       -3.61366544111865
C           -3.79639515453374       -0.55738930747872       -0.15581675638496
O           -4.35196047160056       -1.84320986357513       -0.25081380203977
C           -3.23825131547434       -0.29847989036688        1.25090514890688
O           -4.24893880050623       -0.37322945093257        2.22826580903583
C           -2.62958741673416        1.10606125217677        1.29957539982484
O           -2.06952370516422        1.39812136279621        2.54599295799411
C            1.46495437480913        0.96268997382132        1.70993174339614
O            0.99235551642620        2.21123796955252        2.14551487373858
C            2.99764989364591        0.96780171791366        1.63130623671271
O            3.48640490778962        0.97227446551226        2.94627844798294
H            5.26430853330426       -1.36832758307484       -0.86411706764158
H            5.27766472448243       -2.17924846326978        0.72837303378112
H            6.59766582498898       -1.05643531081574        0.28196614358652
H            3.20406572864595       -1.18465742522123        1.37227367393031
H            1.27445314975960       -1.37822674633253        0.00802751628564
H            1.63024132108638        0.38353490457552       -2.44430399952290
H            0.02339246262292       -0.23315158550249       -1.98044147937326
H            2.25684010999933       -1.82086074171259       -2.62067211925594
H            0.86329096503102        1.62990166048497       -0.22959072596026
H           -1.14242850789505        2.22536688068096        0.18933387098912
H           -1.92743862840394       -1.09180611006807       -1.10258271111345
H           -4.04561715848488        0.43729836130684       -2.70323945591950
H           -3.75211542151557       -1.31927462181316       -2.79598715606340
H           -1.91365107140607        0.68631473054822       -3.51906539714068
H           -4.62887078344508        0.13394674702777       -0.33147160229051
H           -3.65065623859225       -2.50959610755284       -0.19506490312482
H           -2.43998999311296       -1.02481425419913        1.47322621063387
H           -4.81906680140287       -1.13086159288963        2.02487491869239
H           -3.41496661713201        1.83759546581980        1.04855116627389
H           -2.71670588570876        1.15336917115484        3.22728655965680
H            1.15179679360929        0.16845532194740        2.40281283720141
H            1.33852910252079        2.38074147654587        3.03465474207007
H            3.32266084376226        1.86573282096343        1.08494812626134
H            4.45548890413588        0.97031073503139        2.92693966646295
