48
 energy: -84.796858847668 gnorm: 0.080174556887 xtb: 6.7.1 (edcfbbe)
C            3.41145834657792       -2.88888028491123       -1.96491423029979
O            3.07771302865004       -2.39632277481323       -0.67985614720528
C            2.13281220677695       -1.38562055195216       -0.68891775013675
O            2.68070277118127       -0.20471633151389       -1.24820122177741
C            1.65509576494307        0.71622545704381       -1.59397380476494
C            2.34111459991422        2.03623829386064       -1.96765417991461
O            3.28199815437622        1.85129808726092       -2.98901748347684
C            0.61418645173378        0.86943930105020       -0.45622413939885
O           -0.50521809303971        0.09241743651703       -0.85182987023075
C           -1.85380871596346        0.47193850724509       -0.69428272768965
O           -2.56834925320412       -0.56635009994421       -0.09305346228731
C           -2.31065250119206       -0.76200704793739        1.29597671377970
C           -3.13056670429567       -1.99172978986346        1.70246577408859
O           -2.65820756137393       -3.14929720902931        1.07501900058174
C           -2.70591127975098        0.48248530808492        2.09969298694860
O           -2.42446486352953        0.35259968624405        3.47161691910626
C           -2.01540429739998        1.73052886402081        1.52310394173025
O           -2.56861696054731        2.91027298408942        2.06599794991854
C           -2.21822113147183        1.79596052708755        0.00552069613859
O           -1.54421182895494        2.88448810483142       -0.56742644479348
C            1.27045537919499        0.37946394316364        0.86211038730660
O            2.33560660988153        1.22049772912497        1.20640708440832
C            1.72478041554369       -1.08965278970624        0.76196016121215
O            0.69343344483529       -1.91796172629967        1.22258383717069
H            3.85687304177000       -2.10539958817541       -2.58215918143942
H            2.52303126071178       -3.28506000137468       -2.46908047842670
H            4.13223360343290       -3.68632901223434       -1.80229530849180
H            1.23814779714961       -1.67329732623531       -1.27515705460975
H            1.12086890588435        0.32760531170648       -2.47502019408585
H            2.81488898223495        2.47300204509347       -1.07693338840314
H            1.59434777945726        2.73503814846299       -2.34896097786867
H            3.84782401936367        1.11260314247346       -2.73244308062636
H            0.34762209037307        1.92294350741038       -0.35094966821823
H           -2.26702524681829        0.51894994927066       -1.71490355727582
H           -1.24476359590186       -0.98710621985269        1.43852308703068
H           -4.18307816011001       -1.80811342191585        1.44337267480370
H           -3.04859460527516       -2.15459680552129        2.77867624047455
H           -2.56379947445708       -2.94110380191628        0.13733673903296
H           -3.79105648778933        0.63050630403195        2.03456168311208
H           -1.52996390548444        0.00561739861053        3.57999859215512
H           -0.94159154971357        1.70022442833744        1.75948903405636
H           -2.70775053936066        2.75983271950341        3.00965225460618
H           -3.30468032328880        1.90757941976202       -0.15653235656370
H           -1.78569793988292        3.66446200630709       -0.04944393385659
H            0.56171180052874        0.43914741465177        1.69188588206915
H            3.05754788346663        1.05226933442698        0.58493584581081
H            2.62336453766949       -1.21053408567719        1.38902955441862
H            0.93381553745653       -2.83956179969779        1.07280231085134
48
 energy: -84.802346887068 gnorm: 0.012408532740 xtb: 6.7.1 (edcfbbe)
C            3.41237592558094       -2.88527190977988       -1.96840083175130
O            3.08032518435227       -2.38816815290848       -0.68499324589865
C            2.13217811775243       -1.38003167863207       -0.69170777984009
O            2.66928091204462       -0.19596832941485       -1.25873340374280
C            1.63952049340774        0.72705712722903       -1.59767526145813
C            2.33230458795599        2.04394205317687       -1.96798965701214
O            3.27340609251397        1.85627967523076       -2.98921417938984
C            0.62387537827194        0.84246439068781       -0.43283320664576
O           -0.50783778310398        0.07015734658153       -0.79855747478438
C           -1.85717750514041        0.46980466181764       -0.71271183703665
O           -2.57933838399030       -0.55349040710503       -0.09062371023051
C           -2.31435765560294       -0.75585527905847        1.29560311492011
C           -3.13128585013541       -1.98829716091470        1.70183462122832
O           -2.65782579384194       -3.14541626497372        1.07390101727331
C           -2.70816425071012        0.48705709745507        2.09927792432042
O           -2.42354290916438        0.35764049963939        3.47067270746118
C           -2.01852928111603        1.73121487478465        1.51356323471769
O           -2.57000375906392        2.91124534623347        2.05778716635413
C           -2.21899797248438        1.79496847679569       -0.00726071430884
O           -1.54067076955978        2.88413367141008       -0.57355621600216
C            1.28456694446395        0.37013941598671        0.88142535074093
O            2.34786041016652        1.21682992370035        1.21552209983873
C            1.73440288417011       -1.09615356746657        0.76574714359440
O            0.70247809207434       -1.92368048355948        1.22689327830862
H            3.85750715943440       -2.10348217678976       -2.58776946849804
H            2.52366599136684       -3.28352819952312       -2.47029954047053
H            4.13334571471299       -3.68224592747556       -1.80343587598842
H            1.23549876868425       -1.67263521989289       -1.27241191709508
H            1.10222719907691        0.33799154778134       -2.47622255607609
H            2.80944902835463        2.47554852014189       -1.07643191482722
H            1.58841052828913        2.74602100661012       -2.34756433974641
H            3.83866193965199        1.11707651242407       -2.73222345560833
H            0.35417875168774        1.89685314563137       -0.33141864317253
H           -2.25262265638150        0.50292306244910       -1.73963585319563
H           -1.24808690326168       -0.98226131788102        1.43455853506301
H           -4.18445323851437       -1.80686606182359        1.44401243906429
H           -3.04810351221276       -2.15241667919882        2.77785516567767
H           -2.56464233223015       -2.93774606235482        0.13599691300349
H           -3.79343137518843        0.63404884688702        2.03601405642102
H           -1.52987082949680        0.00796208072067        3.57756519571773
H           -0.94503329880199        1.70066433510049        1.75194018926870
H           -2.70744053499499        2.76081460630116        3.00191065218019
H           -3.30491105542337        1.91041252497267       -0.16931790554506
H           -1.78285411693844        3.66242738537531       -0.05312795225981
H            0.57584380663743        0.43079231940973        1.71073470246357
H            3.06432980417020        1.05227922627575        0.58690263810595
H            2.63534091998165       -1.22014529109838        1.38802739077567
H            0.93814652673491       -2.84509481995851        1.06986011431340
48
 energy: -84.802954141332 gnorm: 0.004320371340 xtb: 6.7.1 (edcfbbe)
C            3.41636594637106       -2.88266024723251       -1.97631611355539
O            3.08866938588266       -2.38581125485979       -0.69203935608340
C            2.13613447096136       -1.38205529337304       -0.69211950661937
O            2.66481277878190       -0.19554050946739       -1.26184028638681
C            1.62774255817908        0.73017265978053       -1.58342169541415
C            2.31609381510458        2.04853662143078       -1.95606400236320
O            3.25130709367517        1.85941851561189       -2.98246012089858
C            0.61781200968767        0.84341993656662       -0.41154542685058
O           -0.50548471763046        0.05904329991658       -0.77770089299321
C           -1.85441092515934        0.46291340365886       -0.71535448771186
O           -2.58828397284181       -0.55075142188509       -0.08861472410344
C           -2.31757577542189       -0.75328037789643        1.29503390606684
C           -3.13316111069827       -1.98604487738475        1.70177183315601
O           -2.65819584600883       -3.14231056935434        1.07331500516334
C           -2.70917808284949        0.49159875331546        2.09559284331466
O           -2.42078305732450        0.36945664818953        3.46681393162761
C           -2.01938241946042        1.73201158896128        1.50167935357129
O           -2.56942255164470        2.91543997832721        2.04028492027904
C           -2.21894098466693        1.79408327571446       -0.02028149109610
O           -1.53591984253137        2.88141248560428       -0.58534902721431
C            1.29599435830972        0.36135379988875        0.88880927611012
O            2.35976653188121        1.20736161632632        1.22145509816838
C            1.74796363247881       -1.10389695391956        0.76918999272344
O            0.71640933184707       -1.93138225000802        1.23070119592036
H            3.85877554101249       -2.10095108979300       -2.59773226872093
H            2.52627085280424       -3.28226607753909       -2.47460696473341
H            4.13846641741585       -3.67878928629425       -1.81232037491535
H            1.23588319433584       -1.67680242976527       -1.26617882940451
H            1.08257854398146        0.34717945662916       -2.45984497477187
H            2.79863658153929        2.47961417224216       -1.06743362580762
H            1.57247424103714        2.75258727751694       -2.33315040397538
H            3.81963785006645        1.12186843909633       -2.72743188488330
H            0.34035527175921        1.89622783364991       -0.30210703245435
H           -2.23754463155033        0.49283273436568       -1.74552842089763
H           -1.25049478864590       -0.97873003874515        1.42942199890141
H           -4.18679603193026       -1.80598370847248        1.44487194026704
H           -3.04799859712817       -2.14942209866901        2.77770995846551
H           -2.56571554668438       -2.93421193756489        0.13543696381464
H           -3.79452008156146        0.63930483743461        2.03475105148509
H           -1.52860911617376        0.01575586592922        3.57308222218000
H           -0.94561074116753        1.70144946296481        1.73920802139463
H           -2.70713744573051        2.76825834391918        2.98492826391286
H           -3.30443274799300        1.91082828491500       -0.18529068890890
H           -1.77782073918392        3.66043453632795       -0.06578605254578
H            0.59265105787015        0.41687279617622        1.72298614923848
H            3.07171090794960        1.04934996785319        0.58592274959666
H            2.65288406798326       -1.23529495073504        1.38457248794345
H            0.94802270709409       -2.85260652877278        1.06646820160514
48
 energy: -84.803234619858 gnorm: 0.004383029738 xtb: 6.7.1 (edcfbbe)
C            3.42163664219954       -2.87789017074869       -1.98624636001274
O            3.09836616734047       -2.38209868007562       -0.70044317564165
C            2.13966134793661       -1.38428001454596       -0.69285453653976
O            2.66040834462058       -0.19428810677922       -1.26168837727287
C            1.61853239497089        0.73297443531577       -1.56794035327924
C            2.29936487861792        2.05500751789035       -1.94027566003916
O            3.22708935852741        1.86974794862952       -2.97429428431778
C            0.61190044493396        0.83837930292349       -0.39207762768477
O           -0.50210756345969        0.04383094465817       -0.76799276952107
C           -1.84878940644090        0.45268791963166       -0.71483431400203
O           -2.59696223554410       -0.55084437675936       -0.08742734549593
C           -2.32087892547738       -0.75113944937087        1.29426962058623
C           -3.13504392474611       -1.98332012378013        1.70428828389646
O           -2.66000518941587       -3.13899691794234        1.07483197759338
C           -2.70857896408725        0.49786017124393        2.09053399213207
O           -2.41634083322076        0.38526726501945        3.46170182520935
C           -2.01766782201370        1.73448146804682        1.48934859003572
O           -2.56561621179251        2.92280952585214        2.01997620199389
C           -2.21527165050419        1.79059598002138       -0.03318352043391
O           -1.53072093201711        2.87533227030074       -0.60179421107040
C            1.30170469917279        0.35173121355529        0.90164455095000
O            2.36781888576030        1.19723558583352        1.22834712018697
C            1.75665797763678       -1.11178180793078        0.77124627823655
O            0.72797059182509       -1.94207102422857        1.23386021063519
H            3.85984440865621       -2.09587655877197       -2.61029368627578
H            2.53037348171154       -3.27960721590521       -2.48070161285483
H            4.14591993205486       -3.67260603825127       -1.82478077335932
H            1.23767405622435       -1.68232255201904       -1.26230610882476
H            1.06646709085880        0.35523189539306       -2.44225459327685
H            2.78640738502745        2.48570916864898       -1.05406398515608
H            1.55190054154123        2.75835350694039       -2.31150673648926
H            3.79807476090783        1.13222671169355       -2.72513325229111
H            0.32772191964567        1.88771926871223       -0.27257679545888
H           -2.22260992497438        0.47985920062883       -1.74770548336180
H           -1.25292744229769       -0.97588209893157        1.42421905248066
H           -4.18897196352371       -1.80385487600075        1.44845346785288
H           -3.04801168988052       -2.14603459974529        2.78014805515414
H           -2.56861371042555       -2.93026621379368        0.13693032957686
H           -3.79389234246383        0.64696689362548        2.03173969389897
H           -1.52601386649997        0.02691035513632        3.56774249904268
H           -0.94362107489206        1.70205522602436        1.72599794661536
H           -2.70490282465301        2.78087515871099        2.96513498711177
H           -3.29999011534505        1.90667773951941       -0.20265876311294
H           -1.77297208837611        3.65638857016044       -0.08538210663780
H            0.60681399102297        0.40150250613237        1.74446317630666
H            3.07426113995013        1.04376257563209        0.58528914039375
H            2.66519656977989       -1.24665761729134        1.38056214218957
H            0.95874308499215       -2.86236719355575        1.06317600276280
48
 energy: -84.803370528807 gnorm: 0.003234058620 xtb: 6.7.1 (edcfbbe)
C            3.42650789191164       -2.87150392514168       -1.99501409722207
O            3.10729100068313       -2.37840076884441       -0.70697647610876
C            2.14326605315393       -1.38577730423320       -0.69299487526138
O            2.65914892362438       -0.19196020633872       -1.25726880111521
C            1.61515380635723        0.73420158372955       -1.55560103639931
C            2.28703211303282        2.06149668121895       -1.92421931947224
O            3.20836789857153        1.88583383292183       -2.96571684656169
C            0.60805911783563        0.83217863524035       -0.38065646596210
O           -0.50066735500980        0.03246731053207       -0.76384762924375
C           -1.84561034371187        0.44285090419952       -0.71432157980514
O           -2.60225345927764       -0.55405756407998       -0.08684290506741
C           -2.32328030294480       -0.74935357803262        1.29462564831862
C           -3.13675589473722       -1.98006355857474        1.70983190892581
O           -2.66343092865847       -3.13603315322040        1.07961425726133
C           -2.70744225795692        0.50442257120489        2.08630301744485
O           -2.41252866513534        0.39932751930297        3.45748787283843
C           -2.01499600091990        1.73759846450611        1.47912468295520
O           -2.56042169336880        2.93023946266917        2.00263333275444
C           -2.21158422704343        1.78545735612917       -0.04343077902754
O           -1.52746547310596        2.86689139402178       -0.61905032502545
C            1.30338336322111        0.34156264971334        0.91050138004661
O            2.37020582457588        1.18821833735229        1.23217964251952
C            1.76098848003615       -1.12063467614140        0.77300722697126
O            0.73427274873988       -1.95445724941914        1.23383329729270
H            3.86008487756311       -2.08810761160372       -2.62067102564132
H            2.53442307530219       -3.27518853903606       -2.48643246097293
H            4.15358372247456       -3.66455299778830       -1.83758712945399
H            1.24204504827080       -1.68626065974190       -1.26220998170290
H            1.06059073930045        0.35967436159286       -2.42956348407367
H            2.77693073901605        2.49108765779391       -1.03907606979432
H            1.53266223677622        2.76220996752944       -2.28696991632017
H            3.78107304456717        1.14661023192051       -2.72558826963955
H            0.31937418530044        1.87827305403765       -0.25506617819496
H           -2.21406479693755        0.46524314300950       -1.74956746418034
H           -1.25479366197206       -0.97400131357714        1.42204452552187
H           -4.19105225954812       -1.80043898468926        1.45567017833039
H           -3.04769109096985       -2.14208607951432        2.78555702429271
H           -2.57360657498223       -2.92723502744385        0.14148185109036
H           -3.79262578621168        0.65483968409918        2.02835352320849
H           -1.52359761143530        0.03767786431375        3.56361464809373
H           -0.94103756740600        1.70304929456474        1.71622288869176
H           -2.70082333476245        2.79408283426754        2.94837941113871
H           -3.29565114083903        1.89931561282494       -0.21645475725189
H           -1.76974754444479        3.65093186207905       -0.10715284738036
H            0.61537828323709        0.38759218518146        1.75982347089020
H            3.07357656495877        1.03660969446310        0.58540783465540
H            2.67096222874132       -1.25618471787964        1.38007802755043
H            0.96676539786812       -2.87365154721552        1.05999378289413
48
 energy: -84.803472196940 gnorm: 0.002086733891 xtb: 6.7.1 (edcfbbe)
C            3.43186777480185       -2.86387561252260       -2.00358700699294
O            3.11649034755129       -2.37531113265526       -0.71271382151772
C            2.14823251458136       -1.38687092813431       -0.69310814075551
O            2.66107476203186       -0.18877572079463       -1.25049699793623
C            1.61560479017345        0.73372758051872       -1.54599575147765
C            2.27733379509691        2.06786771497608       -1.90754354958692
O            3.19346286938910        1.90740814825382       -2.95622352270721
C            0.60598776295260        0.82482898040701       -0.37420732191493
O           -0.50001505611787        0.02295527889562       -0.76199400746830
C           -1.84401250997419        0.43274847283699       -0.71416611117044
O           -2.60402144478461       -0.56025788532845       -0.08600357541350
C           -2.32478986739488       -0.74810892736789        1.29669442672969
C           -3.13891298881905       -1.97606504322532        1.71852308522739
O           -2.66935745015951       -3.13362539008413        1.08833191853565
C           -2.70608864248974        0.51111188609951        2.08249508188393
O           -2.40958171569115        0.41229738151914        3.45376516619012
C           -2.01172078304225        1.74051846250241        1.46915032281681
O           -2.55416229061499        2.93720312350253        1.98585371879647
C           -2.20942337330887        1.77894968723653       -0.05295982016568
O           -1.52641959937043        2.85620294519790       -0.63805402658763
C            1.30239674041798        0.33134869207674        0.91676764963995
O            2.36912604904705        1.17902699703375        1.23635275789090
C            1.76235819966976       -1.12975538043567        0.77364301611935
O            0.73640407997486       -1.96740201071060        1.22929245992962
H            3.86000096760497       -2.07753743504007       -2.62944494556816
H            2.53898348495746       -3.26919051272377       -2.49227214467117
H            4.16238723986554       -3.65492147188395       -1.85181402063456
H            1.24913226659665       -1.68831629298304       -1.26499211871655
H            1.06277429922065        0.36136530751897       -2.42200736380724
H            2.76917900575832        2.49453503229846       -1.02203741064743
H            1.51435590622353        2.76539069160602       -2.25914144411915
H            3.76791462163276        1.16568578633927       -2.72797920816451
H            0.31411951650501        1.86834038014823       -0.24479631364960
H           -2.21020332519755        0.44932142755133       -1.75107366928323
H           -1.25618177543207       -0.97319250939751        1.42354669845647
H           -4.19373961347187       -1.79531235347657        1.46711671872697
H           -3.04692639762132       -2.13660150988158        2.79412405832819
H           -2.58118576019853       -2.92561387377971        0.14977815677570
H           -3.79104445598541        0.66294765210514        2.02457530173053
H           -1.52157552336269        0.04874967976805        3.56046837020670
H           -0.93790755990267        1.70404119003070        1.70698366334405
H           -2.69435769510628        2.80774351151265        2.93248776301292
H           -3.29334414456857        1.89066390460907       -0.22698624970659
H           -1.76807246698374        3.64412385285623       -0.13184751512171
H            0.61811208700704        0.37504883539736        1.76917598229163
H            3.07158184005481        1.02744353208184        0.58880074177859
H            2.67156760571667       -1.26535358231789        1.38179534898336
H            0.97259530640227       -2.88551387622277        1.05521236331802
48
 energy: -84.803561142657 gnorm: 0.002491804279 xtb: 6.7.1 (edcfbbe)
C            3.43850550011270       -2.85500188077279       -2.01231723407839
O            3.12617705447458       -2.37291717376913       -0.71818336694978
C            2.15494054589650       -1.38755388265601       -0.69386222905528
O            2.66602595029077       -0.18466491146908       -1.24291428008245
C            1.61870344736856        0.73244584443060       -1.53902329598040
C            2.26992207624781        2.07436387835798       -1.89080417467737
O            3.18166610612118        1.93314029821109       -2.94626011270340
C            0.60515803452736        0.81702547786318       -0.37140631288011
O           -0.49929542363843        0.01414509844128       -0.76130817173709
C           -1.84337112051214        0.42182211359988       -0.71449447147529
O           -2.60253843500699       -0.56953931447974       -0.08446355598893
C           -2.32581025392131       -0.74758293037706        1.30075436190700
C           -3.14225476942823       -1.97122111674378        1.73049823061433
O           -2.67893836711766       -3.13212601406555        1.10173369965099
C           -2.70500718951349        0.51766943346228        2.07897862040141
O           -2.40835100769779        0.42490896083733        3.45056844666935
C           -2.00866725379157        1.74307219962516        1.45926893752140
O           -2.54814677351812        2.94364350166637        1.96908709809571
C           -2.20878102270858        1.77107454959786       -0.06220965451623
O           -1.52724645673914        2.84344495083616       -0.65832598210163
C            1.29994907825761        0.32079784676199        0.92028944802578
O            2.36563885843487        1.16888679982301        1.24245314471270
C            1.76224952772369       -1.13929008974757        0.77278463589682
O            0.73547804041873       -1.98068336592178        1.21956298034465
H            3.86042476622018       -2.06408023673203       -2.63676890942945
H            2.54514651627178       -3.26192015594141       -2.49884542085958
H            4.17318189914167       -3.64349985429052       -1.86747658890535
H            1.25863469077318       -1.68836943479981       -1.27043532675843
H            1.07077185824829        0.36139084619138       -2.41894875512734
H            2.76333997367067        2.49573252790519       -1.00354160240898
H            1.49803271778205        2.76892636304097       -2.22931666040114
H            3.75891782852308        1.18950237425983       -2.73157567178189
H            0.31090662011025        1.85893715474853       -0.23973539119605
H           -2.20949945238740        0.43228021944657       -1.75226546209162
H           -1.25761748705192       -0.97378269858900        1.42944095443541
H           -4.19764177164607       -1.78801970428873        1.48288895780231
H           -3.04645009712108       -2.12888121375208        2.80613116040311
H           -2.59170510349660       -2.92604184135228        0.16261171313992
H           -3.78963830823188        0.67103866991947        2.02022980334405
H           -1.52072585783382        0.06106046006923        3.55881663538925
H           -0.93500589986405        1.70542352540136        1.69757314467318
H           -2.68634910439145        2.82190657198156        2.91699664902758
H           -3.29302997629713        1.88106514631869       -0.23496312196181
H           -1.76818249450299        3.63602406454041       -0.15912409871876
H            0.61562900940817        0.36196314189534        1.77230555489971
H            3.06946945638590        1.01688365897718        0.59657560449041
H            2.66870263733136       -1.27553872771164        1.38492270260354
H            0.97668082621550       -2.89786644722596        1.04758608081234
48
 energy: -84.803631703791 gnorm: 0.002709313960 xtb: 6.7.1 (edcfbbe)
C            3.44646291531418       -2.84618259395831       -2.02042607389510
O            3.13489983356425       -2.37145149596793       -0.72340280535029
C            2.16211299677078       -1.38787664763061       -0.69593801928417
O            2.67245838531523       -0.18043477386869       -1.23699319121318
C            1.62278821285783        0.73157720960232       -1.53531278179652
C            2.26567680280750        2.08016457664141       -1.87703179878860
O            3.17401305434856        1.95705122446308       -2.93766614842606
C            0.60521646004609        0.81023824672026       -0.37123874272520
O           -0.49793039772127        0.00619503147179       -0.76096737234074
C           -1.84301437605382        0.41123884733668       -0.71483425450914
O           -2.59892409105039       -0.58012937242404       -0.08194378249500
C           -2.32659781655839       -0.74789327615685        1.30625000485981
C           -3.14701109581498       -1.96606201932892        1.74397427588439
O           -2.69159869082344       -3.13181094081652        1.11835774335797
C           -2.70466278027426        0.52299943173077        2.07626063610236
O           -2.40939895485396        0.43613257368989        3.44849807152996
C           -2.00662619676042        1.74466208807620        1.45087082036793
O           -2.54430789320605        2.94840741386981        1.95428521610714
C           -2.20932668489441        1.76312879741773       -0.07008393558423
O           -1.52930010473617        2.83094200674968       -0.67618049010899
C            1.29696929046155        0.31137948387776        0.92127322163580
O            2.36078791091218        1.15920999260037        1.25044652704222
C            1.76144940816189       -1.14777099558332        0.76996893572187
O            0.73273099833643       -1.99233239863565        1.20605628567117
H            3.86253787500408       -2.04984682739557       -2.64199430217404
H            2.55355357238325       -3.25491996555665       -2.50626924473418
H            4.18546908608487       -3.63169718104298       -1.88196999638437
H            1.26844890404902       -1.68677572935546       -1.27769469856527
H            1.08081661897524        0.36116051756543       -2.41955335718025
H            2.76048896974803        2.49475083775590       -0.98723034395991
H            1.48730720906701        2.77307584210430       -2.20371985354155
H            3.75574196415038        1.21387925731019       -2.73449657036542
H            0.30922216904085        1.85156772478818       -0.23825874043329
H           -2.21008036060198        0.41651337919871       -1.75270838648041
H           -1.25926956214570       -0.97586620086613        1.43874278790054
H           -4.20273783649911       -1.77926920892374        1.50027452104443
H           -3.04741512373605       -2.11951591203829        2.81990621971770
H           -2.60371086055579       -2.92877758790491        0.17862748127772
H           -3.78897489972005        0.67770950759024        2.01596607317114
H           -1.52148271447702        0.07381345946780        3.55932467127599
H           -0.93306939448951        1.70699885570774        1.68926266706732
H           -2.67907175367087        2.83413772260498        2.90361632877915
H           -3.29415220761609        1.87174553017606       -0.24071005283394
H           -1.77042228638274        3.62802632358995       -0.18436372606191
H            0.60910038932100        0.34897811202549        1.77023704462767
H            3.06780727766151        1.00757795381304        0.60778341748995
H            2.66410769193617       -1.28582892746286        1.38738544363700
H            0.97891747978071       -2.90882521191460        1.03710898809145
48
 energy: -84.803685699511 gnorm: 0.002027363629 xtb: 6.7.1 (edcfbbe)
C            3.45586374502332       -2.83772858713341       -2.02790644990088
O            3.14204692337265       -2.37047335392792       -0.72876112535873
C            2.16844205166296       -1.38801584240717       -0.69958193660302
O            2.67857184232845       -0.17663862219484       -1.23360676694639
C            1.62642325144418        0.73187527710376       -1.53387363949172
C            2.26428880917037        2.08504593565967       -1.86666416362597
O            3.16993932361184        1.97597285734190       -2.93070344172512
C            0.60542382518783        0.80496760521451       -0.37221464308345
O           -0.49588652301130       -0.00128110013359       -0.76054166897842
C           -1.84243340701140        0.40129068238036       -0.71479668523948
O           -2.59479051502928       -0.59051771241456       -0.07844318849938
C           -2.32747848933671       -0.74882569038995        1.31242255865542
C           -3.15304636635323       -1.96083096337423        1.75776966512356
O           -2.70632344697763       -3.13244103244820        1.13695067708944
C           -2.70490376214685        0.52703736391524        2.07442230563904
O           -2.41194136100701        0.44624840937091        3.44756882327084
C           -2.00574631323880        1.74541496479637        1.44415999821018
O           -2.54306508072442        2.95158992085529        1.94174458333562
C           -2.21030050339855        1.75563294666115       -0.07649615045177
O           -1.53190547192602        2.81978748497913       -0.69050444207860
C            1.29404273380415        0.30324577396440        0.92064773796030
O            2.35531791465692        1.15052582221307        1.25946691937942
C            1.76044066651591       -1.15500321055505        0.76538742630695
O            0.72946648248850       -2.00216024410143        1.19086805330510
H            3.86710132045900       -2.03586611382459       -2.64554979209209
H            2.56474455853737       -3.24883709743164       -2.51506174891755
H            4.19917234032472       -3.61982644477694       -1.89402343455364
H            1.27705869683551       -1.68458204558541       -1.28611466618095
H            1.08977197218879        0.36205754073905       -2.42176987390853
H            2.76040236968973        2.49251317814965       -0.97420489247077
H            1.48267836710982        2.77796948563256       -2.18437443306899
H            3.75806833680828        1.23623693058101       -2.73511168740187
H            0.30784661364033        1.84613141720440       -0.23811242954657
H           -2.21035630564315        0.40219244113421       -1.75237750357141
H           -1.26126627508248       -0.97912584533297        1.44958441265849
H           -4.20873630543265       -1.76963226767877        1.51726970521261
H           -3.05046552816312       -2.10903237013924        2.83427560089368
H           -2.61612164156510       -2.93348879129265        0.19658829331354
H           -3.78897087464541        0.68268863970139        2.01225887123558
H           -1.52310546951165        0.08711153084522        3.56165786200597
H           -0.93224939931293        1.70870663262446        1.68242921848281
H           -2.67370662001522        2.84385539238934        2.89241608332881
H           -3.29567921046372        1.86263990423535       -0.24548698516620
H           -1.77474377125586        3.62069669251271       -0.20591402575829
H            0.60079028704556        0.33598991664777        1.76546710076879
H            3.06636856443188        1.00077777187152        0.62052122463181
H            2.65933198541432       -1.29583480393917        1.38770481829248
H            0.97961905288613       -2.91806570080136        1.02410254889984
48
 energy: -84.803722943995 gnorm: 0.001273355668 xtb: 6.7.1 (edcfbbe)
C            3.46585092766479       -2.83043401684575       -2.03420275874014
O            3.14708017211710       -2.36966606164194       -0.73396130112782
C            2.17263869316150       -1.38824265942470       -0.70424032322382
O            2.68258295100976       -0.17412052785474       -1.23307435026723
C            1.62852737818011        0.73311865365831       -1.53372482779535
C            2.26506103756345        2.08838896515640       -1.86012735061550
O            3.16882304788111        1.98717886631057       -2.92588688584138
C            0.60543103124409        0.80153526605545       -0.37316558778941
O           -0.49374099424378       -0.00759665924331       -0.75988256333507
C           -1.84157038082902        0.39318679755223       -0.71407836321498
O           -2.59171820195534       -0.59860671894888       -0.07452054878052
C           -2.32868849799580       -0.74987904905797        1.31808915315701
C           -3.15951188603914       -1.95614117210861        1.76956587593253
O           -2.72029023284256       -3.13340929461112        1.15442999700056
C           -2.70568617609456        0.52979037559137        2.07363687512394
O           -2.41506277358271        0.45459475843168        3.44769731396310
C           -2.00602568481624        1.74561973624706        1.43965650210568
O           -2.54420700800662        2.95339396696489        1.93248780112047
C           -2.21114480108690        1.74961070025090       -0.08093929582470
O           -1.53433457128631        2.81153632619510       -0.69994593891465
C            1.29190050913681        0.29695610212864        0.91945329550049
O            2.35064061310218        1.14366789251911        1.26730236138382
C            1.75967302852220       -1.16050897506425        0.76004432759303
O            0.72712980875946       -2.00957343388206        1.17765378021284
H            3.87390026578151       -2.02387283506847       -2.64771481128229
H            2.57771426663436       -3.24430206758220       -2.52453832425696
H            4.21297049691845       -3.60908214911957       -1.90216750316773
H            1.28301613509371       -1.68320317696023       -1.29424864136004
H            1.09513052986520        0.36441222078989       -2.42391498339739
H            2.76223852596557        2.49002562634684       -0.96559779833286
H            1.48317666358206        2.78284120195487       -2.17269812508866
H            3.76420640652652        1.25286928330342       -2.73299927261012
H            0.30631184710191        1.84242360877138       -0.23782543748671
H           -2.20984135985787        0.39050424881535       -1.75130253727087
H           -1.26356388000257       -0.98261313294740        1.45944707489785
H           -4.21473653434293       -1.76068661219141        1.53049122589870
H           -3.05567961821943       -2.09898617189608        2.84680374336563
H           -2.62681795535145       -2.93900071976594        0.21345911377097
H           -3.78963016596276        0.68581637933910        2.00975748152854
H           -1.52491029932574        0.09960491151435        3.56493617590816
H           -0.93258302570811        1.71035361867823        1.67800866934220
H           -2.67151823257073        2.85033255715507        2.88409853681506
H           -3.29686108548367        1.85461326004654       -0.24954727325688
H           -1.78017830131213        3.61500357799084       -0.22127781859535
H            0.59384873185800        0.32459496508403        1.76078385805225
H            3.06509438819511        0.99702562857093        0.63127442471905
H            2.65602012604508       -1.30416855572986        1.38528716395511
H            0.97933347833765       -2.92491082847035        1.01070658397389
48
 energy: -84.803755750480 gnorm: 0.001617627447 xtb: 6.7.1 (edcfbbe)
C            3.48084325242918       -2.82121608465902       -2.04182205756474
O            3.15219853300500       -2.36847401057323       -0.74112439167284
C            2.17576946577968       -1.38902409030195       -0.71162508637212
O            2.68494892134374       -0.17252324211818       -1.23539280438783
C            1.62931035416474        0.73522031121865       -1.53414959788600
C            2.26765758011090        2.09108251828391       -1.85461438060734
O            3.16995630764784        1.99387765425175       -2.92117591557929
C            0.60508767875963        0.79840840265457       -0.37385040736457
O           -0.49130351535050       -0.01484653995964       -0.75866632610561
C           -1.84028289423735        0.38426527572065       -0.71210872138728
O           -2.58942396693207       -0.60656248854612       -0.06883534942344
C           -2.33112229006360       -0.75103088629321        1.32511557024610
C           -3.16886961891834       -1.95026121279068        1.78297185458262
O           -2.73737767855366       -3.13460007276596        1.17669140047729
C           -2.70757663898963        0.53273212939705        2.07382151900494
O           -2.41977970034603        0.46446597355060        3.44896087239354
C           -2.00767396548395        1.74573311711009        1.43581560014815
O           -2.54791652460434        2.95506494720386        1.92310810860317
C           -2.21201975205876        1.74308395516881       -0.08491471342312
O           -1.53720593614763        2.80351589394962       -0.70786066185421
C            1.29028352774696        0.28993828935712        0.91775432879569
O            2.34616815545022        1.13583277770837        1.27520486998465
C            1.75914612450756       -1.16665772558166        0.75232210837385
O            0.72572199239190       -2.01766602311729        1.16337523704502
H            3.88637667298243       -2.00909459472654       -2.64947233690907
H            2.59825046704007       -3.23926105912078       -2.53876410746942
H            4.23273480080612       -3.59509785671451       -1.90916733161342
H            1.28817664422626       -1.68349879497539       -1.30483477406293
H            1.09762406405061        0.36918159247518       -2.42606767334676
H            2.76579401594767        2.48683587737091       -0.95807385911166
H            1.48787446238430        2.78899178207583       -2.16419058684034
H            3.77539829436898        1.26829638842784       -2.72667437336153
H            0.30378011300655        1.83846636893269       -0.23649397759718
H           -2.20865782667811        0.37709596466894       -1.74894682938141
H           -1.26734872429207       -0.98700342414158        1.47131028497429
H           -4.22288838960747       -1.74969203702246        1.54283307833682
H           -3.06612541327566       -2.08580127175340        2.86139366065581
H           -2.63893549605541       -2.94708297483784        0.23484624272492
H           -3.79147102454560        0.68869274452734        2.00789844093380
H           -1.52746375059533        0.11605643130115        3.57000413802206
H           -0.93434760606898        1.71253138300635        1.67491802722392
H           -2.67292565880034        2.85627677716240        2.87540166985415
H           -3.29791585323179        1.84491686862251       -0.25446095858167
H           -1.78824300792813        3.60903477972793       -0.23552906676071
H            0.58790313279989        0.31117738027998        1.75602786440754
H            3.06362284756204        0.99434978661475        0.64147315987510
H            2.65399927193978       -1.31360101377545        1.37872840038927
H            0.97824794558226       -2.93213529200959        0.99232856600399
48
 energy: -84.803772964243 gnorm: 0.001182663204 xtb: 6.7.1 (edcfbbe)
C            3.49004111633402       -2.81610217622876       -2.04550959048013
O            3.15474951955291       -2.36763890328621       -0.74493572892403
C            2.17602319081032       -1.39014765965036       -0.71564559724188
O            2.68383026188418       -0.17307019355954       -1.23789187417151
C            1.62823715942643        0.73557608198492       -1.53393398360521
C            2.26848690148048        2.09124899581807       -1.85275314393655
O            3.17142868918917        1.99291618323505       -2.91880183460639
C            0.60462164086669        0.79698543546955       -0.37332609501282
O           -0.49115061170525       -0.01760502187883       -0.75780864881926
C           -1.83997588157024        0.38108679430073       -0.71040068455001
O           -2.58991238669354       -0.60851377751354       -0.06598520838826
C           -2.33323132643853       -0.75091675769948        1.32824986856661
C           -3.17385137983732       -1.94750846605895        1.78778522597765
O           -2.74319648196236       -3.13457994302232        1.18685332419900
C           -2.70933259269534        0.53455637205908        2.07466706179478
O           -2.42244200333795        0.46910741674567        3.45007406145560
C           -2.00908976485745        1.74622415977080        1.43493653893828
O           -2.55004765963833        2.95643501938687        1.91962491135250
C           -2.21232351204781        1.74084099333671       -0.08589543375255
O           -1.53810276597652        2.80111129090023       -0.70982988494173
C            1.29067663808544        0.28663164101681        0.91733203428851
O            2.34634181003002        1.13195083883336        1.27588309731569
C            1.75941188477785       -1.16976365982263        0.74873819480409
O            0.72652436652217       -2.02146604120200        1.15959485979091
H            3.89529933128595       -2.00135214683246       -2.64979444177061
H            2.61113601702367       -3.23616208149543       -2.54719804361094
H            4.24412941788123       -3.58763258872872       -1.91112272675599
H            1.28945948748690       -1.68619230764238       -1.30959842683149
H            1.09568246411680        0.37192067685386       -2.42619277396277
H            2.76624949806555        2.48591938903706       -0.95564139863226
H            1.49014900437211        2.79083084783039       -2.16295426985136
H            3.78016128772582        1.27086629101782       -2.72100409177164
H            0.30217701468195        1.83619913916127       -0.23457639087210
H           -2.20857397414497        0.37163508050816       -1.74722051283334
H           -1.26994316765936       -0.98812070026685        1.47617528562405
H           -4.22685459427416       -1.74561461370653        1.54413023865503
H           -3.07428794063617       -2.07940454001643        2.86694276585950
H           -2.64276278380158       -2.95118281979299        0.24445686307710
H           -3.79321828827356        0.69036780157303        2.00794046454127
H           -1.52898673042385        0.12419092298265        3.57239231927265
H           -0.93588228461875        1.71348013068744        1.67506393472319
H           -2.67694834795432        2.85870990054784        2.87176694610194
H           -3.29813073694603        1.84124530855386       -0.25654439196398
H           -1.79153023393952        3.60694604379745       -0.23936335521913
H            0.58886135998989        0.30608419076588        1.75601363243983
H            3.06342579391070        0.99270252741335        0.64152760860036
H            2.65503432650927       -1.31746681331574        1.37390765252573
H            0.97763666066457       -2.93533358767462        0.98336035741475
48
 energy: -84.803788919746 gnorm: 0.000623266304 xtb: 6.7.1 (edcfbbe)
C            3.50189379497666       -2.80925762515934       -2.04934124682685
O            3.15792451772941       -2.36686635635511       -0.74884721724507
C            2.17603507487985       -1.39201566437448       -0.72001462600415
O            2.68163975340730       -0.17445503920921       -1.24122182293128
C            1.62647940799232        0.73487352687560       -1.53417905516557
C            2.26867795293458        2.09035405667664       -1.85164467907141
O            3.17473966376787        1.98966132703237       -2.91515182226551
C            0.60414940112721        0.79527682287266       -0.37298484246167
O           -0.49203241361628       -0.01965282547861       -0.75695027755758
C           -1.84035264808633        0.37873833355613       -0.70821643015063
O           -2.59086749675084       -0.60975944182955       -0.06284662138266
C           -2.33612176295924       -0.75019478215377        1.33187584353407
C           -3.17950732094431       -1.94459919187284        1.79209808565992
O           -2.74671290820163       -3.13445696020898        1.19859480570037
C           -2.71215396107760        0.53695488583327        2.07613215823437
O           -2.42656752833296        0.47383020014606        3.45175577552099
C           -2.01089857351307        1.74708508953789        1.43494079408239
O           -2.55178115583994        2.95847021581357        1.91695754146796
C           -2.21290556181046        1.73920237186365       -0.08594881602699
O           -1.53864388610464        2.79921242672975       -0.71062591705949
C            1.29179403605580        0.28313022459235        0.91636958974949
O            2.34855296250609        1.12741495477733        1.27381780452502
C            1.75957006790219       -1.17339156505031        0.74492169580801
O            0.72717702816026       -2.02541002329292        1.15633578559270
H            3.90775087843074       -1.99102583827507       -2.64855998050859
H            2.62765239307108       -3.23086258216039       -2.55773289853134
H            4.25813470425297       -3.57841220698522       -1.91303622367020
H            1.29072288408018       -1.69072412270956       -1.31459377358901
H            1.09250039735256        0.37388841789189       -2.42668795628376
H            2.76438148454841        2.48527562607321       -0.95362895595514
H            1.49211576812152        2.79065879127819       -2.16477325421501
H            3.78379606093760        1.26913351709555       -2.71277285845799
H            0.30096153891843        1.83376864161248       -0.23273330402517
H           -2.20992116822867        0.36737118763352       -1.74489580888087
H           -1.27326051787786       -0.98832050073679        1.48182765253382
H           -4.23102973380254       -1.74263529095579        1.54174090202953
H           -3.08603633214890       -2.07194548119397        2.87233511401897
H           -2.64449535162591       -2.95656977014268        0.25536423884853
H           -3.79596269722785        0.69281728779998        2.00824880905692
H           -1.53180380634986        0.13284717343032        3.57540463663505
H           -0.93784053598538        1.71404582480368        1.67636065724665
H           -2.68372921617732        2.86115394600781        2.86848450659468
H           -3.29855144450684        1.83904128070353       -0.25763497895204
H           -1.79355211879626        3.60516089117029       -0.24117110738054
H            0.59176404994321        0.30212695244292        1.75644414260042
H            3.06420483167953        0.98934007817484        0.63777706699092
H            2.65624152051994       -1.32173187908180        1.36868857503209
H            0.97586735988543       -2.93855223179586        0.97320700841537
48
 energy: -84.803798960490 gnorm: 0.000706287857 xtb: 6.7.1 (edcfbbe)
C            3.51291651286278       -2.80219596190263       -2.05259674526904
O            3.16140732028612       -2.36634478485932       -0.75184926125439
C            2.17685691613776       -1.39384960517454       -0.72328892557519
O            2.68046264705622       -0.17552175003175       -1.24359202231362
C            1.62514567855753        0.73354289448069       -1.53464049983526
C            2.26760441598768        2.08943555317034       -1.85085132416580
O            3.17779191518409        1.98818000140979       -2.91116932985042
C            0.60374330850165        0.79330000042034       -0.37290132073559
O           -0.49303415767127       -0.02149576703136       -0.75625157068263
C           -1.84099227561440        0.37682616261163       -0.70647561646691
O           -2.59149786224882       -0.61105095153621       -0.06019452739389
C           -2.33877412711266       -0.74926532751210        1.33520567807116
C           -3.18426143854812       -1.94199039828430        1.79602596199711
O           -2.74810883074473       -3.13435887221812        1.21004636095589
C           -2.71492280755241        0.53943203729605        2.07715110990344
O           -2.43129978131886        0.47820512213181        3.45317083791387
C           -2.01201470797212        1.74796975592022        1.43491670352013
O           -2.55182122467343        2.96065315137040        1.91482026396469
C           -2.21329429180010        1.73806771753615       -0.08599735300602
O           -1.53853037531293        2.79728538837239       -0.71178552403669
C            1.29265479715070        0.27970808725876        0.91523414193996
O            2.35086878766233        1.12278500405002        1.27146904850344
C            1.75928438884700       -1.17703357087980        0.74181658212642
O            0.72634444199218       -2.02894030637957        1.15204257454569
H            3.91939517212676       -1.98025436256271       -2.64636302045867
H            2.64253080163998       -3.22413560779846       -2.56718974505501
H            4.27078874214473       -3.56967730062626       -1.91573023291100
H            1.29277382001647       -1.69462326170981       -1.31878596817711
H            1.09039123417302        0.37387730843434       -2.42726790608951
H            2.76003256478970        2.48513529683606       -0.95137487460557
H            1.49169117177824        2.78918270170283       -2.16699593636119
H            3.78490847386905        1.26657403931309       -2.70629886190612
H            0.30046384145933        1.83152909272945       -0.23150778553031
H           -2.21151532776404        0.36424293939353       -1.74299116545320
H           -1.27629261811655       -0.98800692372092        1.48720174558313
H           -4.23437123322293       -1.74105101737855        1.53879724447102
H           -3.09688534441297       -2.06477703464346        2.87730786965601
H           -2.64422332975680       -2.96170677221561        0.26604258918848
H           -3.79856732331591        0.69574079235204        2.00768802015262
H           -1.53566992538625        0.14009084420420        3.57847607202650
H           -0.93906570504820        1.71392468051505        1.67712335379654
H           -2.68911292292254        2.86355390729763        2.86565727803232
H           -3.29883088450399        1.83813492992865       -0.25823076305077
H           -1.79332548072145        3.60367518757086       -0.24296333973328
H            0.59411168897228        0.29890628743060        1.75650085774237
H            3.06527055460643        0.98442942177811        0.63408732467768
H            2.65583417094796       -1.32651801649765        1.36566891892222
H            0.97313800218947       -2.94159603994275        0.96433179779099
48
 energy: -84.803808173698 gnorm: 0.000777061683 xtb: 6.7.1 (edcfbbe)
C            3.52471418207209       -2.79395109348542       -2.05578107790589
O            3.16564771523963       -2.36583319225060       -0.75450935605730
C            2.17854992759199       -1.39581943818710       -0.72618255451744
O            2.68018764652913       -0.17617052511129       -1.24508302528541
C            1.62400881009184        0.73169334934106       -1.53535863485059
C            2.26519150322208        2.08852245232281       -1.85035466719705
O            3.18057766160370        1.98771702675351       -2.90639074718235
C            0.60330447207106        0.79078641500530       -0.37306982883862
O           -0.49409883086259       -0.02354484287307       -0.75566449526819
C           -1.84183489636577        0.37500076307717       -0.70483119168575
O           -2.59203657824709       -0.61240439684579       -0.05755997496425
C           -2.34152951686674       -0.74796940558563        1.33862733652356
C           -3.18867940415148       -1.93917813121720        1.80034414206156
O           -2.74791699050553       -3.13425150933539        1.22317612614472
C           -2.71810198738117        0.54235705781369        2.07768494082448
O           -2.43755388699134        0.48312601080800        3.45437603893293
C           -2.01261594152548        1.74896501384000        1.43484039525163
O           -2.55037988792646        2.96315847963234        1.91297779116731
C           -2.21347764873656        1.73715654031495       -0.08606560576188
O           -1.53777192976010        2.79498652908556       -0.71328567356631
C            1.29329873350251        0.27577554995248        0.91385566710086
O            2.35319898994630        1.11738928298932        1.26906083647437
C            1.75834912688153       -1.18130109671527        0.73866413100227
O            0.72365146738393       -2.03269053533486        1.14544370501712
H            3.93216099477184       -1.96781603025476       -2.64303081573790
H            2.65803088435274       -3.21520658070791       -2.57708391776675
H            4.28382628600746       -3.56020950203506       -1.91925515717418
H            1.29595842226847       -1.69817830782868       -1.32324752350933
H            1.08915248067726        0.37189441218390       -2.42790425251265
H            2.75303288055440        2.48606633816762       -0.94914616461060
H            1.48928460609286        2.78637280863281       -2.17049794118675
H            3.78394338060230        1.26332468615337       -2.70008601786004
H            0.30044783055367        1.82900848903539       -0.23063915451344
H           -2.21328966199640        0.36149881755590       -1.74110987785760
H           -1.27943839825212       -0.98711584678720        1.49289875296787
H           -4.23728311336085       -1.74033875630776        1.53546861456199
H           -3.10795276617144       -2.05648679403211        2.88275376366632
H           -2.64156696715677       -2.96734894309970        0.27843415015387
H           -3.80147144471254        0.69949643052166        2.00578507294085
H           -1.54147881439192        0.14709685544027        3.58211566797961
H           -0.93979759449443        1.71310736642005        1.67763275197229
H           -2.69330925174737        2.86604068522368        2.86300699888793
H           -3.29890792494548        1.83798851080089       -0.25867451138043
H           -1.79111773025112        3.60210941384527       -0.24489962679650
H            0.59597610932866        0.29530793675836        1.75613376571838
H            3.06655764870611        0.97784712091913        0.63065636595832
H            2.65355322126094       -1.33285262835728        1.36403850037707
H            0.96900557867109       -2.94513211455789        0.95522499401636
48
 energy: -84.803815515696 gnorm: 0.000590633906 xtb: 6.7.1 (edcfbbe)
C            3.53603898556178       -2.78578398538266       -2.05839646186110
O            3.17026992933981       -2.36516841541054       -0.75658037834212
C            2.18098148213699       -1.39752334589247       -0.72843286437329
O            2.68095663924341       -0.17612862204856       -1.24531417772112
C            1.62312574858917        0.72969944085576       -1.53585319850465
C            2.26162548200720        2.08766619377935       -1.85054838983317
O            3.18216276211027        1.98828547859444       -2.90231790811040
C            0.60263810819263        0.78803604150246       -0.37323530098672
O           -0.49518031251638       -0.02569590007265       -0.75520131315936
C           -1.84282412457497        0.37347607588929       -0.70353643534928
O           -2.59274783415400       -0.61348029093579       -0.05533443237734
C           -2.34411903918303       -0.74642156971440        1.34153726691838
C           -3.19212453564749       -1.93648029167411        1.80460479041013
O           -2.74634191622674       -3.13405359071597        1.23633316335169
C           -2.72127567352671        0.54537492346428        2.07764872460882
O           -2.44468705097205        0.48811384024045        3.45524836179951
C           -2.01255781030993        1.74985887100176        1.43456738484374
O           -2.54737562314382        2.96568406132370        1.91160904167180
C           -2.21320755775580        1.73670538791959       -0.08631625631096
O           -1.53634382221477        2.79285014682616       -0.71503749838187
C            1.29333552246295        0.27158179814710        0.91267875324750
O            2.35467645993583        1.11168075460958        1.26750740969893
C            1.75675120497110       -1.18582534921757        0.73576464855172
O            0.71925449546904       -2.03632366907022        1.13716493031324
H            3.94477083904350       -1.95572161304514       -2.63912983898009
H            2.67237878453092       -3.20539475351514       -2.58597582694359
H            4.29575642665418       -3.55154336536849       -1.92274151982719
H            1.30011127015177       -1.70077114209102       -1.32772447276647
H            1.08886760768880        0.36836625811321       -2.42814171404335
H            2.74430537691903        2.48778457873333       -0.94758257047006
H            1.48477365567904        2.78264334394390       -2.17472241334305
H            3.78171180990835        1.26074519021089       -2.69561377778764
H            0.30052895886520        1.82640640736279       -0.22979227216729
H           -2.21487623344573        0.35934108034622       -1.73961274961442
H           -1.28230796417972       -0.98559133443816        1.49775617218595
H           -4.23940739101852       -1.74051165146441        1.53266079182732
H           -3.11739709643993       -2.04802470940075        2.88804972496550
H           -2.63644122144759       -2.97256292066319        0.29109192583844
H           -3.80426933871768        0.70362266157281        2.00257683702103
H           -1.54879395452315        0.15277256995651        3.58602017854719
H           -0.93987300754535        1.71142780118743        1.67764820604423
H           -2.69479367198791        2.86836506801380        2.86093943292020
H           -3.29855290803563        1.83863351012915       -0.25903255019601
H           -1.78722653868768        3.60084081782138       -0.24678821685060
H            0.59668632824288        0.29126907845128        1.75555423741248
H            3.06735679590403        0.97094064139171        0.62842421316603
H            2.64958028884309       -1.34023849294315        1.36381973927216
H            0.96407905697883       -2.94893233761427        0.94724531931779
48
 energy: -84.803819560605 gnorm: 0.000317318644 xtb: 6.7.1 (edcfbbe)
C            3.54353865326782       -2.78065390503029       -2.05942729519556
O            3.17367467855635       -2.36451955320503       -0.75738713104266
C            2.18297822240128       -1.39851960723600       -0.72964268602010
O            2.68192589182783       -0.17562905766609       -1.24456046536138
C            1.62248999794032        0.72816583054121       -1.53628973043857
C            2.25830298382359        2.08713783197533       -1.85138519095983
O            3.18171858464879        1.98868404749079       -2.90053665866606
C            0.60205202511915        0.78608139140071       -0.37350001671052
O           -0.49599727496130       -0.02705912930505       -0.75509970129908
C           -1.84361803486585        0.37293808419694       -0.70291415587969
O           -2.59356271045625       -0.61361704589205       -0.05417944268792
C           -2.34577918606362       -0.74511559737186        1.34298394166550
C           -3.19361178525653       -1.93476599171750        1.80729464259714
O           -2.74425090399813       -3.13380704141870        1.24498720790960
C           -2.72353603627722        0.54752181803727        2.07714822691496
O           -2.45021144268974        0.49145896639487        3.45546019587396
C           -2.01200714070856        1.75045231443476        1.43446697211622
O           -2.54417789469996        2.96744140832359        1.91136994318144
C           -2.21281975167341        1.73685949423580       -0.08639597970061
O           -1.53495752946554        2.79176575298331       -0.71588152048951
C            1.29283629801128        0.26852958308253        0.91195818134053
O            2.35472768733802        1.10766715155047        1.26733812435062
C            1.75507812786718       -1.18909051682286        0.73382751098658
O            0.71509280945820       -2.03883669585749        1.13025463303856
H            3.95375933207404       -1.94848819004734       -2.63597902251270
H            2.68153694136634       -3.19857363833626       -2.59105692004287
H            4.30302411849998       -3.54667157738314       -1.92425342786803
H            1.30357944241694       -1.70207725743338       -1.33102449803267
H            1.08905057414558        0.36453671570508       -2.42814050426404
H            2.73771464309219        2.48981736648082       -0.94774344795817
H            1.48045084081984        2.77959990785474       -2.17846748233239
H            3.77962801385626        1.25992190828715       -2.69352868350297
H            0.30072436429390        1.82462454224246       -0.22935905991128
H           -2.21591460075672        0.35863984739413       -1.73884347521215
H           -1.28403373579665       -0.98397052428764        1.50009503137579
H           -4.24021072910570       -1.74128061106362        1.53123608348757
H           -3.12229541763317       -2.04224991078690        2.89135779272884
H           -2.63070607509469       -2.97558351322608        0.29966844335789
H           -3.80620389391901        0.70670908498001        1.99940076915629
H           -1.55499807129931        0.15529274435473        3.58870549652544
H           -0.93943705198323        1.70966228047804        1.67764684622064
H           -2.69325298377363        2.86986090723234        2.86040249545101
H           -3.29811006793055        1.83983138750482       -0.25910125853757
H           -1.78366882778695        3.60030026228785       -0.24740653672201
H            0.59615840204041        0.28792025182600        1.75486237011195
H            3.06718866285614        0.96684706319741        0.62790505366778
H            2.64565464603182       -1.34591681747999        1.36437192612001
H            0.96047459762211       -2.95184709287989        0.94285111851806
