48
 energy: -84.812724868149 gnorm: 0.082528448274 xtb: 6.7.1 (edcfbbe)
C            5.76305902090509        0.12185768418537       -0.90489075516621
O            4.86090539272441        1.13091662791412       -0.49470868476704
C            3.65874848241823        0.65786748573720       -0.01628351988227
O            2.92113062772549        0.14839127123366       -1.11280497710317
C            1.63013802899155       -0.31732683106382       -0.79868755321408
C            1.02545030611704       -0.80142493035280       -2.12582191842014
O            1.04401629046743        0.21652487582729       -3.08534701352453
C            0.75642020508691        0.79181281990233       -0.18485441028469
O           -0.45427222779572        0.19776160884383        0.26407680311003
C           -1.66500103338398        0.63682790547045       -0.28239215369783
O           -2.32345231342469       -0.42385371858706       -0.92412451736867
C           -2.61771991008606       -1.51480441892454       -0.06864137535044
C           -3.28124082318740       -2.59585983955668       -0.93348354210203
O           -3.50288510601762       -3.78658798381345       -0.21427448300277
C           -3.53540684754774       -1.08033385432612        1.08710454187280
O           -3.75030788255777       -2.11369440378035        2.01574675625779
C           -2.87886109553268        0.08741229090905        1.82878667463789
O           -3.71690694023694        0.61570984071368        2.82851428005967
C           -2.57477363866093        1.20136543728196        0.82719817535880
O           -1.94603581273464        2.29068558307446        1.45038660938678
C            1.47552380692144        1.42322330943947        1.01287860579843
O            0.84918981615163        2.59186308427611        1.47113121529997
C            2.91711695146061        1.81746948262520        0.65513552235275
O            3.61522626564564        2.17278484097211        1.81503619179891
H            5.34943478742022       -0.46526018832219       -1.72925793616295
H            6.00475126166482       -0.54510966836715       -0.06979042731296
H            6.66048022682944        0.64037414050162       -1.23320024329282
H            3.80999240845534       -0.15246717057335        0.72770156595904
H            1.68444453871079       -1.14879769983293       -0.07780935886670
H           -0.01962103934122       -1.08083748980207       -1.97839293552934
H            1.59367870502451       -1.67554249347198       -2.47478900850306
H            1.94114620205917        0.57673723620920       -3.09648531562545
H            0.55936147935340        1.55880467568324       -0.94314303410834
H           -1.50393760192248        1.39326240943113       -1.05931317815973
H           -1.68317608645525       -1.90683947971422        0.36454499185361
H           -2.66306582354548       -2.76723796304092       -1.82118197263721
H           -4.26345031197136       -2.24845955864837       -1.26030047747528
H           -2.65460999370775       -4.20500669591248       -0.02571308285425
H           -4.49543005437637       -0.73400211713375        0.66771830464663
H           -4.00847969098245       -2.90729554613997        1.52046672622693
H           -1.93405395122159       -0.26333603798258        2.27285656903735
H           -4.07081429128995       -0.13231370100329        3.32477042761376
H           -3.51814105926454        1.52642319990744        0.36205898842447
H           -2.42246961771204        2.45019162022656        2.27720799112893
H            1.50874330728813        0.66834950322324        1.81834549500896
H           -0.11451754554519        2.45155467329439        1.49997588927696
H            2.88851962264662        2.65611005317486       -0.05643873852764
H            3.08115099941958        2.84210589012116        2.26397171828423
48
 energy: -84.818276580744 gnorm: 0.013139491520 xtb: 6.7.1 (edcfbbe)
C            5.76468735922140        0.12031862722713       -0.90509787367987
O            4.86168981181256        1.12912516539209       -0.49704460371845
C            3.66017680642946        0.65582236540185       -0.01763083810102
O            2.92317614786647        0.13886662636461       -1.11111019081818
C            1.63334416102585       -0.32904034559785       -0.79347834420773
C            1.02769643713325       -0.80910529399005       -2.12232458235017
O            1.04618085963713        0.21029200143021       -3.08089365888647
C            0.75613012894068        0.78755943652561       -0.20409725703034
O           -0.45307348741287        0.23662814365455        0.29795703374094
C           -1.67441816659197        0.63897109971336       -0.25154767279256
O           -2.29348617407673       -0.42011816203241       -0.93426984957610
C           -2.60901522932714       -1.50960011849705       -0.07839175069390
C           -3.27577519568167       -2.59208161348593       -0.93935403388032
O           -3.50118473319573       -3.78080384796871       -0.21721539657085
C           -3.53158573212188       -1.07942322657943        1.07943925767907
O           -3.74863250048131       -2.11409864897550        2.00680564438711
C           -2.88522300835057        0.08538545000708        1.83554624464701
O           -3.72580276065822        0.60800245187948        2.83569882127425
C           -2.59013815638173        1.20558465584840        0.84236442088362
O           -1.95800682966378        2.29542296782821        1.46134411971127
C            1.47524837232531        1.42564761774737        0.99500369272886
O            0.84832072584151        2.59371214740922        1.45513342822803
C            2.91871004052050        1.81839239503746        0.64800956892357
O            3.61248677443208        2.17219265971611        1.81148766018209
H            5.35154791647081       -0.46762965368585       -1.72904686045979
H            6.00602123089204       -0.54544397404108       -0.06898827470579
H            6.66180744880309        0.63934439426916       -1.23340631374558
H            3.81156829023878       -0.15126945231882        0.72983990483349
H            1.68589052476008       -1.15560371658962       -0.06772408609352
H           -0.01804231675506       -1.08595243880510       -1.97524861002350
H            1.59427809508770       -1.68302776006485       -2.47345878640107
H            1.94301209311651        0.57124651722910       -3.09256671409636
H            0.55863247560507        1.54922135200344       -0.96700330415104
H           -1.51313564911561        1.39846233735915       -1.02731809638677
H           -1.68031193665530       -1.90662753717005        0.36281339294764
H           -2.65868645393189       -2.76802543732672       -1.82656202943721
H           -4.25781729981853       -2.24369677257902       -1.26597722901474
H           -2.65448084612736       -4.20201337298134       -0.02741056537864
H           -4.49179033293858       -0.73294387976560        0.66054952540580
H           -4.00722778624476       -2.90740800006715        1.51173886470196
H           -1.93837694898243       -0.26250871773303        2.27773643375679
H           -4.07648621786191       -0.14228381548852        3.33014572284689
H           -3.53082727927601        1.52757706560622        0.37050192983721
H           -2.43101550964623        2.45644379268398        2.28926374015446
H            1.50686901582098        0.67282128481662        1.80340845843732
H           -0.11528105322001        2.45173848569280        1.49072579450362
H            2.89354160031128        2.65708754272556       -0.06334971309838
H            3.07880332326331        2.84283496210852        2.25848640610618
48
 energy: -84.818863765073 gnorm: 0.003996923327 xtb: 6.7.1 (edcfbbe)
C            5.76559090549539        0.11587796224326       -0.90649721480420
O            4.86157698368910        1.12555314031364       -0.50309114389519
C            3.66058214644962        0.65562465414710       -0.01891285111088
O            2.91951122693963        0.13139014934007       -1.10666060910351
C            1.62883519993981       -0.33445317612363       -0.78716925524748
C            1.02909575913797       -0.82399815080682       -2.11644393110243
O            1.04997114949959        0.19426315271461       -3.07610089103687
C            0.75340758840569        0.78937754247531       -0.21031368250228
O           -0.45417663406094        0.25420554607946        0.31327558334316
C           -1.67391486096031        0.65382726010437       -0.24121200852094
O           -2.28204415361515       -0.40908886078476       -0.92837616545615
C           -2.60302065676927       -1.50356304242628       -0.07843177255324
C           -3.26852023544844       -2.58308563978015       -0.94497155112397
O           -3.49640763791717       -3.77340759751545       -0.22600247336091
C           -3.53172740233643       -1.07870572860888        1.07716008782148
O           -3.74832481255181       -2.12030238320011        1.99646263950943
C           -2.89212587304708        0.08264820308527        1.84419780586797
O           -3.73904708242798        0.59284956748516        2.84532692751448
C           -2.59539176852756        1.20393555138388        0.85416854620693
O           -1.96799759515361        2.29537482145214        1.47386793935405
C            1.47873169375481        1.43532664052346        0.98256749337983
O            0.84674823872467        2.60241563486078        1.43679893074775
C            2.92287147780832        1.82419667202186        0.63967515217398
O            3.61326286848363        2.17683420525155        1.80556988431173
H            5.35382396006548       -0.47507599531556       -1.72890770104957
H            6.00680919368328       -0.54666851150405       -0.06781646170431
H            6.66271062521371        0.63457193637793       -1.23550696876705
H            3.81259882041583       -0.14624296050680        0.73414979177619
H            1.68042512738797       -1.15572242325341       -0.05618927128119
H           -0.01748292856111       -1.09888924725144       -1.97154691714773
H            1.59594367247271       -1.69835210276023       -2.46634250083028
H            1.94612433148038        0.55712176825406       -3.08514307234523
H            0.55552392106631        1.54062929425976       -0.98302992741004
H           -1.51528797330722        1.42087943278944       -1.01227751701337
H           -1.67576211868910       -1.90367834379508        0.36396200714052
H           -2.65053810263714       -2.75887652014850       -1.83167806331235
H           -4.25015155794819       -2.23441383241954       -1.27269670751772
H           -2.65079346283673       -4.19597921418692       -0.03431859779329
H           -4.49118923512762       -0.73355593213608        0.65528446265156
H           -4.00597883784282       -2.91093349253091        1.49657732499911
H           -1.94512119116177       -0.26401245020886        2.28635751413864
H           -4.08548832286670       -0.16195121233735        3.33607596093063
H           -3.53693307220336        1.52470292411028        0.38344713620325
H           -2.43994272186571        2.45316963485666        2.30302831231756
H            1.50545902642190        0.68272704784281        1.79125733539328
H           -0.11562712998048        2.45351668601896        1.47756969586998
H            2.90397287450110        2.66117708735594       -0.07385851080506
H            3.07941661196557        2.84875606231242        2.25019866603352
48
 energy: -84.819122750593 gnorm: 0.004806822462 xtb: 6.7.1 (edcfbbe)
C            5.76530683531153        0.10933103234434       -0.90882933773499
O            4.86030501047477        1.12094945869263       -0.51231050754065
C            3.66032982352406        0.65604743998561       -0.02065562181074
O            2.91524883273612        0.12296789313093       -1.10175529770682
C            1.62320623784287       -0.33924366736911       -0.77979723398822
C            1.02832265049156       -0.83969966461966       -2.10783215828534
O            1.05361043955120        0.17267307557810       -3.07374945258060
C            0.75072968667250        0.79140252739997       -0.21172152249480
O           -0.45551005152120        0.26347991637324        0.32377619855367
C           -1.67361611667491        0.66658866790373       -0.23214318099313
O           -2.27894897315881       -0.39724483791071       -0.92097737505106
C           -2.59840385926395       -1.49754170100031       -0.07809514899289
C           -3.25944135841182       -2.57239782797434       -0.95372172867297
O           -3.48915461560971       -3.76610883879056       -0.24071416356419
C           -3.53156960443671       -1.08070128605987        1.07603604318713
O           -3.74902920259893       -2.12930559590677        1.98681990770915
C           -2.89677639928264        0.07796083017481        1.85084639702862
O           -3.75041009250634        0.57750008561635        2.85121689938335
C           -2.59899907417439        1.20468290519102        0.86706420429961
O           -1.97643176598646        2.29598415288125        1.49228889167399
C            1.48154933381394        1.44833092650128        0.97258629501664
O            0.84597271750936        2.61689091057987        1.41673290520778
C            2.92618493486212        1.83137523536902        0.63016887639069
O            3.61476099391561        2.18515081280116        1.79692308070561
H            5.35540256644246       -0.48646311235021       -1.72866124185818
H            6.00621369712163       -0.54842268167124       -0.06627207262465
H            6.66261121056239        0.62693233718924       -1.23930493076179
H            3.81389626106003       -0.13909683056662        0.73925641939240
H            1.67355869342403       -1.15444502891651       -0.04220421537051
H           -0.01894191029379       -1.11362069186390       -1.96562663616069
H            1.59709159955616       -1.71575091738770       -2.45007769843978
H            1.94920322528508        0.53724497687993       -3.07898054376135
H            0.55114849355672        1.53143573147441       -0.99452689952188
H           -1.51895463479042        1.44180196748207       -0.99574985893817
H           -1.67140519086709       -1.89881612172117        0.36411122138562
H           -2.63814842733373       -2.74429691203448       -1.83893705585568
H           -4.24018818737794       -2.22298154360574       -1.28318386029687
H           -2.64413141778512       -4.18825434186047       -0.04549793627589
H           -4.48966475906734       -0.73540358232177        0.65136243546566
H           -4.00553275226511       -2.91648941070661        1.48037775219551
H           -1.95116938729490       -0.26905469210473        2.29542460568896
H           -4.09440245177614       -0.18194716741039        3.33693109091496
H           -3.54191364499359        1.52533219317953        0.39795268119853
H           -2.44899570455685        2.44961350293748        2.32192081452193
H            1.50621588490465        0.69901662645224        1.78435699022757
H           -0.11475105422952        2.46042694262210        1.46686961694152
H            2.91445243839159        2.66524992414064       -0.08712719112863
H            3.08116710458485        2.85891214137684        2.23891297464248
48
 energy: -84.819329012493 gnorm: 0.004104589684 xtb: 6.7.1 (edcfbbe)
C            5.76359089522437        0.10143726725777       -0.91227462435879
O            4.85766263675572        1.11572803266147       -0.52432020490789
C            3.65948551582895        0.65631933712624       -0.02302376960594
O            2.91107734937222        0.11285663251890       -1.09679831526564
C            1.61732276883753       -0.34397649922890       -0.77158970112635
C            1.02592788370268       -0.85581498099854       -2.09677692414628
O            1.05742910254284        0.14728485043741       -3.07235856932001
C            0.74918012596253        0.79373789813069       -0.21026543266587
O           -0.45683138261782        0.27021259576567        0.33094940924560
C           -1.67421674130177        0.67756188768018       -0.22362998896231
O           -2.28134917460151       -0.38422396294690       -0.91406132613622
C           -2.59452124379816       -1.49072824186669       -0.07870117278512
C           -3.24789320137125       -2.56134354460450       -0.96470457149934
O           -3.47937245507745       -3.75986687932415       -0.26006360494307
C           -3.53181210765649       -1.08377307457507        1.07438860357557
O           -3.75089126169167       -2.13868469090265        1.97716571928812
C           -2.90165486840547        0.07179172341519        1.85747088983005
O           -3.76205762425333        0.56248873515500        2.85623184034153
C           -2.60171042472540        1.20554957300735        0.88147658318041
O           -1.98255955456856        2.29399628353156        1.51574968903263
C            1.48342341558115        1.46319657752979        0.96461309516444
O            0.84671284846988        2.63613590684307        1.39494003468923
C            2.92863745379024        1.83889983270704        0.61947210489593
O            3.61715557756470        2.19588653370116        1.78560895014516
H            5.35576485584031       -0.50060040399210       -1.72863963886895
H            6.00395564628025       -0.55024532836492       -0.06483017643533
H            6.66112800304673        0.61738613962231       -1.24495303148268
H            3.81574113184743       -0.13092081864468        0.74452899113974
H            1.66578182628467       -1.15309663498155       -0.02709187346630
H           -0.02215432201797       -1.12774524924194       -1.95698230287051
H            1.59619504210906       -1.73541579762778       -2.42746805982177
H            1.95292434866855        0.51236331767441       -3.07358172387459
H            0.54743648864258        1.52327858468443       -1.00213075025876
H           -1.52328664010053        1.45984205762922       -0.97940655017463
H           -1.66668206736054       -1.89086155362812        0.36278336475668
H           -2.62087304874720       -2.72661160996172       -1.84721020042618
H           -4.22717566095241       -2.21142123883087       -1.29765673860655
H           -2.63444363530867       -4.17960516649244       -0.05918447493306
H           -4.48854043904977       -0.73723310685602        0.64778761849234
H           -4.00549834622769       -2.92216149360952        1.46343627902668
H           -1.95808016822391       -0.27639341288661        2.30543120440393
H           -4.10589590361345       -0.20143163947543        3.33537627471504
H           -3.54532370751305        1.52790766410569        0.41397021194298
H           -2.45778175596493        2.44345718274537        2.34463160934271
H            1.50775360489754        0.72105722377450        1.78317026556643
H           -0.11199328942702        2.47289354953136        1.45981942523564
H            2.92376180590592        2.66867203250669       -0.10261861864979
H            3.08454873298455        2.87220966932855        2.22480361348491
48
 energy: -84.819511452703 gnorm: 0.002895484067 xtb: 6.7.1 (edcfbbe)
C            5.76035782952726        0.09306701861327       -0.91615281080154
O            4.85401789859210        1.11068097166051       -0.53757506206737
C            3.65820184143546        0.65645171700997       -0.02576199788301
O            2.90733577514385        0.10186821603245       -1.09188329890888
C            1.61187367071720       -0.34811379071756       -0.76247917209188
C            1.02139047086305       -0.87097501522028       -2.08312102186781
O            1.06033557907890        0.12037712803606       -3.07049756880393
C            0.74853330505768        0.79624054344643       -0.20642577295437
O           -0.45827943997594        0.27532590447969        0.33577337398741
C           -1.67557393339049        0.68638415890693       -0.21568518039217
O           -2.28723357808919       -0.37084789745812       -0.90857990339205
C           -2.59152926786079       -1.48363960952853       -0.08076619923035
C           -3.23502728731981       -2.55125665942012       -0.97703628074496
O           -3.46782127599550       -3.75514118083337       -0.28195071877786
C           -3.53290865577329       -1.08748857879140        1.07166318878938
O           -3.75387469085384       -2.14813623538120        1.96715737868435
C           -2.90655660171125        0.06459605940052        1.86306677109683
O           -3.77267591183906        0.54863604438418        2.86022237411518
C           -2.60303384892223        1.20631907065132        0.89620203794584
O           -1.98410120363464        2.28845042160166        1.54183431897862
C            1.48434472306869        1.47796432106993        0.95898708421471
O            0.84920089532131        2.65780761365521        1.37311459052236
C            2.93021436682385        1.84600693036881        0.60832948822506
O            3.62107447470824        2.20886229717604        1.77176937291752
H            5.35398197725619       -0.51604249578186       -1.72810097206739
H            5.99993787940977       -0.55162865187264       -0.06316391965023
H            6.65818866682355        0.60653420726360       -1.25203324005939
H            3.81803701983070       -0.12236853894028        0.74948426588182
H            1.65825248791960       -1.15162560129452       -0.01148232901098
H           -0.02780539204651       -1.13868250245757       -1.94436789626992
H            1.59080550251284       -1.75625530265884       -2.40069521838917
H            1.95655123645431        0.48377113409933       -3.06928289543892
H            0.54519298010427        1.51786353562134       -1.00510358087093
H           -1.52707872897184        1.47392880987550       -0.96489259851719
H           -1.66181024841631       -1.88016137329512        0.35994239501679
H           -2.60061762953068       -2.70840497893889       -1.85589199940548
H           -4.21253674434099       -2.20155290401115       -1.31514958096630
H           -2.62249204442018       -4.17093038558199       -0.07436514438562
H           -4.48851792759009       -0.73901174344723        0.64410770670768
H           -4.00606420046686       -2.92795930463832        1.44646891319967
H           -1.96530521460843       -0.28563861229969        2.31442700757703
H           -4.11894775104615       -0.21910983205021        3.33164855417466
H           -3.54622905277554        1.53303424613411        0.43048427146456
H           -2.46373367195709        2.43411682163477        2.36884020784531
H            1.50898598593698        0.74667443505961        1.78754253087747
H           -0.10722057900153        2.49025875070076        1.45670004001513
H            2.92955357239981        2.67068555708374       -0.11944003796950
H            3.09060477738280        2.88906104046678        2.20760196131466
48
 energy: -84.819659253332 gnorm: 0.002479670378 xtb: 6.7.1 (edcfbbe)
C            5.75576556714065        0.08479954239503       -0.91967726619186
O            4.85000160029829        1.10628191566970       -0.55013188324397
C            3.65650095337770        0.65674897184181       -0.02849938484852
O            2.90374342717086        0.09133139395967       -1.08702338902434
C            1.60709229086710       -0.35132483697889       -0.75243761808847
C            1.01416845895394       -0.88446924993401       -2.06709052471149
O            1.06079594833000        0.09401535879337       -3.06678610466768
C            0.74843368957224        0.79880980472361       -0.20065075185207
O           -0.45967463052267        0.27952782651424        0.34008584055371
C           -1.67674652589727        0.69345376079165       -0.20843828773705
O           -2.29318496848031       -0.35814931476907       -0.90499591784323
C           -2.58914789138823       -1.47707370047833       -0.08453677200937
C           -3.22206444746933       -2.54298567923346       -0.99000864986985
O           -3.45528314844452       -3.75175044817269       -0.30400020334522
C           -3.53462002547397       -1.09108505400755        1.06736039150179
O           -3.75742288258009       -2.15701496865816        1.95628549466824
C           -2.91096906262726        0.05712209233897        1.86684249407799
O           -3.78114126826107        0.53622321609990        2.86319698562384
C           -2.60266942513262        1.20682354461010        0.90975212681338
O           -1.98035696719121        2.27963168662164        1.56759087945452
C            1.48474874473040        1.49134275405363        0.95605935601919
O            0.85285263454573        2.67914504758529        1.35378155469089
C            2.93098819446815        1.85248268401417        0.59750609798950
O            3.62655811080167        2.22389430894769        1.75591344871437
H            5.34932590404112       -0.53148197567932       -1.72627562113312
H            5.99463616738236       -0.55250017949275       -0.06099904332328
H            6.65395109780954        0.59473086700738       -1.26001823027332
H            3.82016833971874       -0.11391016610857        0.75387554190397
H            1.65202641141736       -1.14958874792920        0.00462588066198
H           -0.03654909019245       -1.14498698585040       -1.92692862136146
H            1.57911481553183       -1.77727439745991       -2.37235589365078
H            1.95871075587956        0.45316826114604       -3.06623613537334
H            0.54461770271992        1.51550264917877       -1.00392895277469
H           -1.52899754488371        1.48471826194508       -0.95303195365380
H           -1.65722118024110       -1.86862408783507        0.35588353893541
H           -2.58007426313757       -2.69207672554054       -1.86494309183982
H           -4.19789341986329       -2.19431495153895       -1.33393412864211
H           -2.60930374080670       -4.16320377615542       -0.09036146760098
H           -4.48935865692749       -0.74057142060557        0.63943033591774
H           -4.00687426049923       -2.93363180999012        1.42975400000345
H           -1.97195301271947       -0.29602497106278        2.32070033674098
H           -4.13176454092175       -0.23451002876331        3.32650556154782
H           -3.54455632456745        1.54065718100326        0.44659965754726
H           -2.46495517398465        2.42175217558914        2.39231529765035
H            1.50958927246857        0.77276401042164        1.79570382252597
H           -0.10116707991975        2.51045313772561        1.45664617119722
H            2.93036211484604        2.67117324248271       -0.13677413600677
H            3.09979536618740        2.90999554024019        2.18713264783110
48
 energy: -84.819766968886 gnorm: 0.002310305418 xtb: 6.7.1 (edcfbbe)
C            5.75055105844361        0.07725348598086       -0.92220411065234
O            4.84646974788559        1.10279184444611       -0.56003797891280
C            3.65455446546385        0.65753826242868       -0.03080356500556
O            2.90019816896844        0.08290674859037       -1.08259577235510
C            1.60326208906686       -0.35343675026553       -0.74217478490171
C            1.00484169018585       -0.89540430115902       -2.05024181849220
O            1.05813362968512        0.07086376054491       -3.06107111063139
C            0.74855814128657        0.80123352186789       -0.19388945935778
O           -0.46067851391776        0.28300921938402        0.34497950689319
C           -1.67691330948483        0.69907215669370       -0.20236051485015
O           -2.29635568630458       -0.34763630998349       -0.90318837300534
C           -2.58698684542194       -1.47193268193655       -0.08929459264231
C           -3.21059847337782       -2.53686625131346       -1.00220076782096
O           -3.44321266855205       -3.74938555196501       -0.32339302411984
C           -3.53642120968565       -1.09387775783846        1.06173772110975
O           -3.76109043609843       -2.16429608511058        1.94506623142424
C           -2.91435910376800        0.05036669472663        1.86836588127647
O           -3.78694922528160        0.52562207580938        2.86486802229235
C           -2.60095374462655        1.20705819017674        0.92050770227580
O           -1.97304304802295        2.26959412456678        1.58952540950973
C            1.48532103713450        1.50229039306199        0.95568575966570
O            0.85659096436397        2.69688721280884        1.33960289012342
C            2.93120360324410        1.85836673473192        0.58798509524593
O            3.63285928452063        2.23986541672981        1.73967322901222
H            5.34223615135844       -0.54543068121129       -1.72298027315896
H            5.98934782516492       -0.55305757423569       -0.05842847697014
H            6.64901739011103        0.58294377595165       -1.26805727702659
H            3.82129401390833       -0.10618421601452        0.75754535664948
H            1.64805351421064       -1.14685736295387        0.02035960476155
H           -0.04767041479147       -1.14642754710871       -1.90617070231669
H            1.56223055799597       -1.79644717909743       -2.34572658452863
H            1.95842966587168        0.42403679947507       -3.06430268283013
H            0.54516456120485        1.51517533359842       -1.00024666514862
H           -1.52861921454922        1.49297836767637       -0.94407448468334
H           -1.65351393935597       -1.85913598424674        0.35161526988367
H           -2.56239522816378       -2.67925581461522       -1.87377262648731
H           -4.18522156722871       -2.18978740032670       -1.35116619116409
H           -2.59663800927762       -4.15744927353774       -0.10584800351568
H           -4.49029541376365       -0.74160575551333        0.63330092888919
H           -4.00758289142310       -2.93858104853290        1.41417402994041
H           -1.97718841720512       -0.30612392393120        2.32348828514920
H           -4.14229491767530       -0.24725265604174        3.32086465308923
H           -3.54123611250284        1.54949014715401        0.46077157695019
H           -2.46133214154470        2.40816737476475        2.41266947565098
H            1.51049799440601        0.79536451818988        1.80468690234668
H           -0.09521178768241        2.52920964284353        1.45849886741714
H            2.92678972838005        2.67070545189705       -0.15321852918525
H            3.11115507326824        2.93363661183514        2.16495940465156
48
 energy: -84.819844350897 gnorm: 0.001902156928 xtb: 6.7.1 (edcfbbe)
C            5.74529907176084        0.07036719701071       -0.92364277939528
O            4.84388833362826        1.10002198894645       -0.56689245601534
C            3.65255957030087        0.65901001303704       -0.03255417756080
O            2.89674506501360        0.07715688713765       -1.07886497023989
C            1.60043396592372       -0.35460477392817       -0.73219316226797
C            0.99450598997667       -0.90400748631477       -2.03361761186770
O            1.05280649706365        0.05137384158052       -3.05396550079119
C            0.74882706174979        0.80349476533511       -0.18688365022130
O           -0.46107514368813        0.28596919764428        0.35056925437858
C           -1.67596569064602        0.70364137160654       -0.19748921982888
O           -2.29613639444946       -0.33970682476114       -0.90254764819286
C           -2.58478345578769       -1.46833379627002       -0.09422155888708
C           -3.20120702939023       -2.53232352952882       -1.01301689041181
O           -3.43235736301650       -3.74771477046914       -0.33954031696991
C           -3.53795161297930       -1.09570436888016        1.05537224380101
O           -3.76487868180459       -2.16968559417071        1.93401088635054
C           -2.91676179883120        0.04472244161861        1.86810517950768
O           -3.79068802017701        0.51656772681745        2.86537779643995
C           -2.59862892451895        1.20707144010230        0.92832008987888
O           -1.96468228019666        2.26013999588407        1.60661238443994
C            1.48648746847900        1.51108089472775        0.95714727156276
O            0.85972639348239        2.71014944618656        1.33107587165530
C            2.93113861417306        1.86416558930749        0.57978986699579
O            3.63927911933743        2.25634872296906        1.72381681817228
H            5.33351469015131       -0.55777404198803       -1.71837380643724
H            5.98500859029648       -0.55363184671949       -0.05559458791343
H            6.64381808229222        0.57149511056305       -1.27588172768149
H            3.82091934040740       -0.09921568515045        0.76069400286675
H            1.64651262093106       -1.14356128193913        0.03517508354232
H           -0.05979143160184       -1.14440873310354       -1.88384451211710
H            1.54265485201248       -1.81310962393820       -2.32178945476916
H            1.95564796869940        0.39802974450089       -3.06296628407665
H            0.54621664760649        1.51557656271631       -0.99559277442114
H           -1.52653098481537        1.49953680079873       -0.93727264034587
H           -1.65089026231799       -1.85305605077680        0.34786282929215
H           -2.54870371914481       -2.66938412584972       -1.88224368067607
H           -4.17525846652947       -2.18708355955839       -1.36540401425558
H           -2.58530608976893       -4.15384513951333       -0.12064596946451
H           -4.49070280307928       -0.74185395348245        0.62582678243861
H           -4.00798541900702       -2.94253677559361        1.39983067173839
H           -1.98098251384842       -0.31511983363422        2.32349398705706
H           -4.14994091455104       -0.25790371267075        3.31537470855914
H           -3.53736554658522        1.55813121748758        0.47238136321965
H           -2.45423551425382        2.39476233136504        2.42962426990928
H            1.51295851132127        0.81314755188853        1.81267396570878
H           -0.09024610271829        2.54377918856868        1.46173671110992
H            2.92067407788160        2.67004310010738       -0.16849365167131
H            3.12343166792536        2.95877813880519        2.14214444326996
48
 energy: -84.819910396498 gnorm: 0.001628469552 xtb: 6.7.1 (edcfbbe)
C            5.73813297242565        0.06083134881051       -0.92438503066724
O            4.84175878957312        1.09664106603487       -0.57314532557776
C            3.64990591971755        0.66223334442409       -0.03443810678347
O            2.89211538266879        0.07246036632813       -1.07464235595142
C            1.59774088046587       -0.35530349616095       -0.71854786690708
C            0.97984777620496       -0.91423573816652       -2.01060499922392
O            1.04277042493990        0.02723198956405       -3.04287948764445
C            0.74948078251362        0.80659549316968       -0.17704251463189
O           -0.46072913049035        0.28973237263105        0.35921492532345
C           -1.67343521494160        0.70926529631915       -0.19172752345716
O           -2.29201929469359       -0.33138691869404       -0.90230301957373
C           -2.58151721725559       -1.46482187260927       -0.10077555969288
C           -3.19069420893510       -2.52683552843974       -1.02663461823925
O           -3.41867211176072       -3.74593768124081       -0.35919758395529
C           -3.53968374342357       -1.09713110279705        1.04595752584936
O           -3.77084196951701       -2.17517734901468        1.91864970026957
C           -2.91924170292214        0.03811739392056        1.86636482794664
O           -3.79428163728251        0.50496180575014        2.86518136963690
C           -2.59541711990421        1.20691070866974        0.93640836608262
O           -1.95406789943856        2.24888355151403        1.62515537198933
C            1.48922873493390        1.52164330457395        0.96069226142232
O            0.86303060528495        2.72359845424962        1.32583274412159
C            2.93094497212304        1.87317633176000        0.56909992550858
O            3.64814168031271        2.28121548240468        1.70142469527165
H            5.31950808789585       -0.57420105425474       -1.71003754890657
H            5.98070052942795       -0.55481298398615       -0.05115430950983
H            6.63624673707054        0.55517064708621       -1.28707586250392
H            3.81810359750183       -0.08976181070128        0.76488762893583
H            1.64750639635221       -1.13823254063652        0.05500104783887
H           -0.07656281047257       -1.13951014768936       -1.85136404359789
H            1.51439649787118       -1.83386956521770       -2.29053994961472
H            1.94873805358060        0.36541397927958       -3.06102280091952
H            0.54797442683064        1.51596922187085       -0.98884566194805
H           -1.52224890344999        1.50754965492039       -0.92908696285342
H           -1.64854596425546       -1.84907046020758        0.34358203940880
H           -2.53464946143333       -2.65728844992483       -1.89418451301180
H           -4.16491506672168       -2.18431904976260       -1.38113403949911
H           -2.57090015515669       -4.15115816146453       -0.14185188740331
H           -4.49026958034886       -0.74081978607554        0.61384360360032
H           -4.00802178608813       -2.94691195155573        1.38032032089887
H           -1.98487820421508       -0.32620989029750        2.32120216889145
H           -4.15728846784466       -0.27160857088442        3.30825732720351
H           -3.53214426295825        1.56885886518526        0.48546382949863
H           -2.44158992069398        2.37668150712367        2.45042236751301
H            1.51990931388960        0.83228426773810        1.82186308024901
H           -0.08496170986354        2.55746681649134        1.46792480549339
H            2.91051966013037        2.66951553765693       -0.18950937294142
H            3.14087335944566        2.99619105998270        2.10886444888796
48
 energy: -84.819935073658 gnorm: 0.001041038769 xtb: 6.7.1 (edcfbbe)
C            5.73580709873935        0.05660462608175       -0.92355607305311
O            4.84231693646606        1.09545149447042       -0.57374833236112
C            3.64931187591196        0.66471818466195       -0.03492551708318
O            2.89079744312007        0.07300253067138       -1.07378729418053
C            1.59779447104888       -0.35510927686418       -0.71364178797204
C            0.97577030328872       -0.91824297371174       -2.00196864449287
O            1.03837829337239        0.01832197630154       -3.03853316659594
C            0.75008346656292        0.80781364951480       -0.17354210241207
O           -0.45989345209290        0.29106792010410        0.36282490096534
C           -1.67197071415226        0.71117142146352       -0.18973120779850
O           -2.28887485994283       -0.32948318972178       -0.90188931625065
C           -2.58046830681763       -1.46400958960046       -0.10266440606866
C           -3.18915410790266       -2.52407493049864       -1.03108180033163
O           -3.41492225884007       -3.74517415236970       -0.36607262743687
C           -3.54011792017937       -1.09705091584812        1.04266045504297
O           -3.77401348085597       -2.17638287708592        1.91290518191215
C           -2.91969318527883        0.03617139153609        1.86580267149418
O           -3.79483594274099        0.50037695680894        2.86550129360933
C           -2.59490617725868        1.20667314953341        0.93857925383549
O           -1.95291622170456        2.24686931540923        1.62945392046612
C            1.49129499144541        1.52523340199227        0.96217037572036
O            0.86325736215305        2.72563691835845        1.32812428632324
C            2.93091917977753        1.87822792528579        0.56442608532362
O            3.65111886907310        2.29366525566962        1.69157712331753
H            5.31319535965402       -0.58115720059235       -1.70474126754205
H            5.98073039447610       -0.55554072553291       -0.04848914498664
H            6.63327792376260        0.54782387220180       -1.29178732841548
H            3.81529840492564       -0.08543766877143        0.76673116267145
H            1.65036765773714       -1.13560212088747        0.06209781107803
H           -0.08069332707963       -1.13920793012652       -1.83909483861050
H            1.50651026665593       -1.84060310363997       -2.27891013571721
H            1.94451408848446        0.35526921353307       -3.05940879198315
H            0.54868498039966        1.51530357313725       -0.98684306667351
H           -1.52048099696074        1.51048083706667       -0.92564935195851
H           -1.64875789707851       -1.85051066097512        0.34251633068501
H           -2.53379708870627       -2.65160452303206       -1.89955748780421
H           -4.16431192504345       -2.18236332693410       -1.38367093342605
H           -2.56658678544313       -4.15125927014178       -0.15238714227837
H           -4.48936568612850       -0.73898606459356        0.60909894712941
H           -4.00757427108786       -2.94793250060326        1.37251022350847
H           -1.98545702329545       -0.32962006536527        2.31982869632051
H           -4.15771713818909       -0.27737879264681        3.30661668436562
H           -3.53107341716127        1.57067071102153        0.48847367377962
H           -2.43667849119414        2.37034394083148        2.45761295846796
H            1.52639000662457        0.83602781958499        1.82335071291393
H           -0.08440478350479        2.55719938820512        1.47074353260262
H            2.90647809173401        2.67003163955677       -0.19868389965043
H            3.14636603046599        3.01257050391922        2.09424282095955
48
 energy: -84.819956304196 gnorm: 0.000792255283 xtb: 6.7.1 (edcfbbe)
C            5.73439614130438        0.05284705105479       -0.92148607937161
O            4.84411011456002        1.09493748421277       -0.57266513086285
C            3.64945060783322        0.66807898884859       -0.03513984650165
O            2.89063602439865        0.07568656854498       -1.07386032384796
C            1.59920220378231       -0.35440386284966       -0.71034974828419
C            0.97492206574468       -0.92183364662744       -1.99561020084675
O            1.03549631140961        0.01134579790270       -3.03541738079059
C            0.75100678484222        0.80862408034644       -0.17091181691085
O           -0.45871944349906        0.29159801308553        0.36540732088606
C           -1.67060045009834        0.71190650337278       -0.18842660958475
O           -2.28605299196091       -0.32895582350069       -0.90147633072494
C           -2.58065165236047       -1.46364827722215       -0.10388346149030
C           -3.19141808408556       -2.52112058661985       -1.03391863401783
O           -3.41390341231841       -3.74444795480664       -0.37131880733593
C           -3.54046673317277       -1.09650139561490        1.04081754874678
O           -3.77724630089390       -2.17672746487499        1.90894235114121
C           -2.91909077886460        0.03494156534235        1.86571971560611
O           -3.79326929741507        0.49691772216362        2.86688494834781
C           -2.59499012536476        1.20624040838321        0.93950111945168
O           -1.95458149645511        2.24741370859208        1.63039811260800
C            1.49373032079261        1.52664849219631        0.96369315389582
O            0.86278470637147        2.72348909633188        1.33514247175329
C            2.93071341709114        1.88367132797232        0.55994474576417
O            3.65300866420730        2.30767591021665        1.68216930055271
H            5.30706330081226       -0.58777192086256       -1.69766974701185
H            5.98225500594211       -0.55561098098797       -0.04461163217027
H            6.63095204014752        0.54080473502548       -1.29608063266480
H            3.81189213191890       -0.08096490386538        0.76834680631739
H            1.65520356504282       -1.13283312351485        0.06709636041217
H           -0.08119052905048       -1.14160558491929       -1.82975817156682
H            1.50488580804130       -1.84510199012658       -2.27030198852470
H            1.94105027604645        0.34948296940427       -3.05790857805457
H            0.54956427887204        1.51473855322861       -0.98510040580481
H           -1.51886939068054        1.51197144403654       -0.92306306745291
H           -1.65038816171297       -1.85367367872636        0.34147054628549
H           -2.53899275902472       -2.64551886953363       -1.90496367124615
H           -4.16832545792963       -2.17964301495444       -1.38186841285180
H           -2.56464137273011       -4.15220148895475       -0.16434359911955
H           -4.48851983623601       -0.73602295845832        0.60656387942376
H           -4.00675147429669       -2.94822322583794        1.36659675740630
H           -1.98439883564544       -0.33190785955638        2.31811642651637
H           -4.15526898901617       -0.28197828084253        3.30683757756029
H           -3.53108332385299        1.56946065282568        0.48853686806517
H           -2.43338297699249        2.36589895932344        2.46218867996884
H            1.53519963276023        0.83489030912199        1.82298394482155
H           -0.08514550250965        2.55202439171884        1.47347460853793
H            2.90180220254321        2.67062587294225       -0.20798564914950
H            3.14862180905806        3.02877204424463        2.08077012001309
48
 energy: -84.819967923957 gnorm: 0.000745799850 xtb: 6.7.1 (edcfbbe)
C            5.73395366474069        0.05041220733618       -0.91914315646894
O            4.84585068045896        1.09511886489469       -0.57201408714903
C            3.65010801978640        0.67102296664778       -0.03525985089044
O            2.89126568954048        0.07776234708562       -1.07385467784055
C            1.60091301217235       -0.35423208045751       -0.70845922772536
C            0.97655510029234       -0.92493625975223       -1.99204578608991
O            1.03470556627182        0.00628123400534       -3.03388449322959
C            0.75190685482340        0.80862832053338       -0.16934683813633
O           -0.45789168664027        0.29152456919251        0.36670102466573
C           -1.66973504532231        0.71194292179071       -0.18769020224028
O           -2.28499812636349       -0.32852783586104       -0.90124236818994
C           -2.58183210403441       -1.46321848090389       -0.10475157774528
C           -3.19542155074465       -2.51837488734970       -1.03569271591739
O           -3.41492170549916       -3.74361673426219       -0.37541525946859
C           -3.54074617754284       -1.09597162378750        1.04055118002908
O           -3.77906212441773       -2.17700946012686        1.90710664397522
C           -2.91779161639375        0.03407403022413        1.86628291122183
O           -3.79028026412204        0.49487784953695        2.86928349793529
C           -2.59506424308669        1.20570253496254        0.94001674550131
O           -1.95683893566750        2.24855591726537        1.63034972125126
C            1.49549908562409        1.52660839833809        0.96469738149277
O            0.86242069955111        2.72064003872922        1.34167898923647
C            2.93018703001070        1.88785548270378        0.55604447652351
O            3.65345169219596        2.31968581165525        1.67448432815981
H            5.30321049501165       -0.59310960064645       -1.69099782151100
H            5.98409384163108       -0.55443753977351       -0.04035799594373
H            6.62971081449625        0.53566538835152       -1.29897860753941
H            3.81012676940518       -0.07701518484160        0.76973339903895
H            1.65936467195337       -1.13124435983628        0.07021895013562
H           -0.07898928779596       -1.14630949738424       -1.82500878414637
H            1.50794473627642       -1.84780244020987       -2.26540535169729
H            1.93942284514836        0.34669384526433       -3.05701641316978
H            0.55038036203071        1.51427297372556       -0.98390936595668
H           -1.51771752685186        1.51247882031604       -0.92162079697506
H           -1.65239312102988       -1.85608779990693        0.33996842645407
H           -2.54622858408251       -2.63989465814351       -1.90952981797805
H           -4.17392710209259       -2.17656605394230       -1.37893112581390
H           -2.56476035774452       -4.15279098639134       -0.17490912396100
H           -4.48836966108479       -0.73346311883445        0.60691707188027
H           -4.00584534916536       -2.94835930211555        1.36340933325507
H           -1.98238981834924       -0.33345870718388        2.31673362785641
H           -4.15202348966507       -0.28468218448194        3.30837939159625
H           -3.53152002235677        1.56708521314829        0.48803322523611
H           -2.43264025424217        2.36339324133840        2.46433639637447
H            1.54250816852806        0.83268219655379        1.82234006075339
H           -0.08606147910116        2.54694574735255        1.47613283555673
H            2.89692897264510        2.67095337642213       -0.21564110183044
H            3.14693889823342        3.04024025594056        2.07119036769046
48
 energy: -84.819975285256 gnorm: 0.000585272604 xtb: 6.7.1 (edcfbbe)
C            5.73420913162538        0.04943763910091       -0.91695875919893
O            4.84690257818308        1.09570016837610       -0.57221078141756
C            3.65078502437762        0.67320208931369       -0.03535803320168
O            2.89216799958626        0.07844268605420       -1.07348933456439
C            1.60224014765016       -0.35459598952958       -0.70756014991716
C            0.97910954314050       -0.92750377735063       -1.99054348738967
O            1.03522756276062        0.00307576007323       -3.03307314152447
C            0.75244374725575        0.80796451264724       -0.16860659420335
O           -0.45762224419084        0.29101697301102        0.36710130178435
C           -1.66938409388597        0.71167749754055       -0.18737646697357
O           -2.28533230160253       -0.32803002329435       -0.90122792480505
C           -2.58339963650731       -1.46277811651004       -0.10544484146369
C           -3.19981139012501       -2.51596574971880       -1.03682716490210
O           -3.41714449525938       -3.74258888684403       -0.37853414768644
C           -3.54072839049715       -1.09568995582045        1.04128645147637
O           -3.77902877546255       -2.17748012167287        1.90685390534485
C           -2.91599702256543        0.03339957795286        1.86697949928997
O           -3.78651249900414        0.49394377331513        2.87181749606559
C           -2.59489534257223        1.20531489121441        0.94036974650240
O           -1.95833882640203        2.24947536592452        1.63018069198837
C            1.49652558614454        1.52574208882674        0.96502818025577
O            0.86205818507504        2.71793177997327        1.34586993181738
C            2.92951971838155        1.89050296839664        0.55318719360832
O            3.65293829071097        2.32860991765918        1.66899302495395
H            5.30178360956516       -0.59689232961457       -1.68547576449942
H            5.98571842777091       -0.55208467095582       -0.03628600592205
H            6.62939043466308        0.53286321227807       -1.30032872074076
H            3.80998494696869       -0.07362941182477        0.77090768133410
H            1.66172653386545       -1.13089706193616        0.07174043107498
H           -0.07593253741434       -1.15158108001322       -1.82349541282928
H            1.51307416450222       -1.84925585459376       -2.26317031409284
H            1.93921101058057        0.34557444138689       -3.05635043212050
H            0.55093070182642        1.51362542417538       -0.98323127689455
H           -1.51704903539819        1.51247598857802       -0.92097356203380
H           -1.65421539502179       -1.85763854485159        0.33806602850851
H           -2.55338336507340       -2.63527524057434       -1.91299148866120
H           -4.17943480612463       -2.17342157601077       -1.37621601765694
H           -2.56634500354285       -4.15281011675323       -0.18303225323381
H           -4.48860850748539       -0.73193681711867        0.60917963783941
H           -4.00490223453900       -2.94855357228201        1.36248240930101
H           -1.97988811424558       -0.33456380745963        2.31558926515303
H           -4.14859405812073       -0.28577313409121        3.31034392160532
H           -3.53187892532083        1.56498335550218        0.48788709029555
H           -2.43327288038712        2.36252567267387        2.46485604970247
H            1.54706594870726        0.83073054168088        1.82162955769470
H           -0.08669082406048        2.54333871817476        1.47740218556772
H            2.89272430534941        2.67076374034039       -0.22122822484059
H            3.14265114359158        3.04662281182508        2.06572205796959
48
 energy: -84.819981663760 gnorm: 0.000502453134 xtb: 6.7.1 (edcfbbe)
C            5.73497209036428        0.04940675459095       -0.91464783868950
O            4.84723263885498        1.09646045510066       -0.57338201712789
C            3.65142023555618        0.67470026614050       -0.03536408281713
O            2.89311825327987        0.07750104722076       -1.07241254677795
C            1.60316513704059       -0.35583275399757       -0.70673459924870
C            0.98190406492189       -0.93001998722892       -1.98989994712177
O            1.03622804576338        0.00048224215727       -3.03258991289572
C            0.75291176644297        0.80678221361523       -0.16831802067788
O           -0.45754063042945        0.29046500946895        0.36718660751685
C           -1.66911927823716        0.71152460374463       -0.18727236287004
O           -2.28626409554676       -0.32720871574267       -0.90130862179254
C           -2.58506911362690       -1.46220713912839       -0.10623817045348
C           -3.20445658727403       -2.51335630625169       -1.03801082048551
O           -3.42033849838681       -3.74119787060563       -0.38178640370546
C           -3.54030590784268       -1.09560993370825        1.04253596159520
O           -3.77737997091671       -2.17824520484904        1.90738793946998
C           -2.91384593024135        0.03272694279448        1.86787826713839
O           -3.78231413972573        0.49328049826576        2.87464345667366
C           -2.59441460695051        1.20490449310828        0.94085033511659
O           -1.95901756142367        2.24986082739686        1.63036221919790
C            1.49698837649647        1.52491278525545        0.96483699716047
O            0.86165228713011        2.71622830299962        1.34758498913417
C            2.92855901935653        1.89237044015359        0.55030589681248
O            3.65161729103058        2.33615295330227        1.66396392902276
H            5.30224587448210       -0.60033194586910       -1.68010635783698
H            5.98755602742427       -0.54831097791086       -0.03168945470318
H            6.62952901723967        0.53171848514283       -1.30077629524921
H            3.81114014524733       -0.07041881483489        0.77237434157815
H            1.66265764897575       -1.13167299163816        0.07311590503787
H           -0.07261606363500       -1.15732678068313       -1.82351485684919
H            1.51878811337665       -1.85036618358870       -2.26209838777563
H            1.93961937242716        0.34469296715902       -3.05596978872985
H            0.55148250438260        1.51235090687984       -0.98320407913542
H           -1.51644967737368        1.51250696309686       -0.92068860500296
H           -1.65583259071924       -1.85882226245499        0.33557225781065
H           -2.56056041576154       -2.63075609462929       -1.91629076803733
H           -4.18488344204488       -2.16964335366444       -1.37396201475880
H           -2.56912311738937       -4.15240227275012       -0.19038196580448
H           -4.48895836291579       -0.73122872525385        0.61260123260749
H           -4.00373151080523       -2.94886525519250        1.36266340856940
H           -1.97696460831746       -0.33545984750342        2.31459964443883
H           -4.14489413843068       -0.28638725470276        3.31277945791998
H           -3.53204823332450        1.56321327834883        0.48853225430166
H           -2.43448168879089        2.36239510946124        2.46479622120127
H            1.55012425018477        0.82985751055648        1.82122320673053
H           -0.08717574473861        2.54103745592038        1.47871153373270
H            2.88869107906291        2.67016765884920       -0.22649725048804
H            3.13618071331132        3.04996625876043        2.06212254471170
48
 energy: -84.819986556014 gnorm: 0.000396138189 xtb: 6.7.1 (edcfbbe)
C            5.73618951351466        0.05016415066634       -0.91217213651146
O            4.84695027156397        1.09722850196432       -0.57501294411207
C            3.65178664932611        0.67564039923871       -0.03536863556781
O            2.89397042005964        0.07533221984507       -1.07096873685045
C            1.60356321011619       -0.35734622419493       -0.70592768731876
C            0.98378590020293       -0.93232640751635       -1.98941754896544
O            1.03698386141426       -0.00141598705582       -3.03168005540845
C            0.75307520731917        0.80542802334512       -0.16821486576779
O           -0.45773885592470        0.28981219585498        0.36716376364255
C           -1.66905439825265        0.71135415768823       -0.18729631205040
O           -2.28737914697111       -0.32646512686672       -0.90152914966880
C           -2.58650169546021       -1.46183180698060       -0.10716157155566
C           -3.20887562156639       -2.51085963962189       -1.03934075673785
O           -3.42420441369486       -3.73963513842817       -0.38494296079394
C           -3.53947861578063       -1.09587912295075        1.04380007316902
O           -3.77452453029783       -2.17934032709845        1.90822670427341
C           -2.91151889943090        0.03198714452017        1.86849306139129
O           -3.77816979689305        0.49257465263562        2.87693968034447
C           -2.59366727579230        1.20466284822478        0.94138937449693
O           -1.95846303757462        2.24970340450345        1.63087177594683
C            1.49710620290912        1.52450923146656        0.96411668871692
O            0.86111955751419        2.71545371334006        1.34702837209208
C            2.92767873496134        1.89363136032496        0.54785627049293
O            3.65035664587193        2.34227491205871        1.65974250619411
H            5.30436722553502       -0.60328296750824       -1.67497800531771
H            5.98962539618362       -0.54362306519866       -0.02683455241358
H            6.63007879711309        0.53212517193457       -1.30026389792354
H            3.81279610972100       -0.06737469425628        0.77399499786978
H            1.66220000050638       -1.13304102682727        0.07415499444370
H           -0.07039832453397       -1.16191978071646       -1.82368573242554
H            1.52281631011018       -1.85152109882556       -2.26156657172585
H            1.94017267085680        0.34337180064960       -3.05545234054504
H            0.55187990248736        1.51065664387129       -0.98352882598658
H           -1.51605986554479        1.51248247920328       -0.92053476513267
H           -1.65706778140268       -1.86010566160941        0.33272933810974
H           -2.56710073144844       -2.62696800772270       -1.91933649550697
H           -4.18975796927694       -2.16564339082551       -1.37246300753833
H           -2.57287048380118       -4.15194644524244       -0.19658864992423
H           -4.48915885802386       -0.73139126732123        0.61621525036807
H           -4.00257213285547       -2.94936303041540        1.36342367634053
H           -1.97394738400514       -0.33632932431947        2.31357375850007
H           -4.14082777804854       -0.28699448316834        3.31508769716324
H           -3.53185767931867        1.56241365832509        0.48980101615934
H           -2.43495833162447        2.36271212003698        2.46469577633966
H            1.55156750280608        0.83011674933004        1.82079752599753
H           -0.08739914331969        2.54008719295895        1.47896573227977
H            2.88558388748942        2.66921005726145       -0.23112231819166
H            3.12989681078884        3.05166699289595        2.05980392808740
