48
 energy: -84.822265491385 gnorm: 0.083233278519 xtb: 6.7.1 (edcfbbe)
C            5.52381431696242        1.55266729101762        0.47028670945051
O            4.35902997730232        1.62506981921137       -0.34137906243855
C            3.18391830981049        1.31297298173458        0.31023419720007
O            3.12855066893472       -0.07955055156613        0.53009210010549
C            1.98484364360919       -0.47594316082057        1.25399088748890
C            2.14217876926014       -1.97350902672742        1.54476243915611
O            3.19729207572532       -2.22966068872600        2.43116507224348
C            0.65761254100885       -0.18422516611248        0.51335731227289
O           -0.31664380372257       -0.33831837358174        1.54318141931610
C           -1.58397265173735       -0.93912822120440        1.44443565556178
O           -2.63337294029663       -0.01566819450505        1.32365325780106
C           -2.99022533506592        0.45353730621639        0.02855338255276
C           -4.20335867311804        1.37747380161106        0.22640331313737
O           -4.58731673326825        2.00411048521765       -0.97338549946670
C           -3.33430734061472       -0.71719187746494       -0.90214543894924
O           -3.61056206354330       -0.29874315404656       -2.21510404875176
C           -2.13339495747966       -1.66298264564923       -0.96200004833168
O           -2.41867156678930       -2.82649327816286       -1.70122330781312
C           -1.76018401001823       -2.11459628679244        0.45558899975696
O           -0.61070837163054       -2.91664085570913        0.46059344844235
C            0.65639729274749        1.25067338796961       -0.06278795214921
O           -0.29061879467721        1.43097588422062       -1.09253149332661
C            2.02148103265422        1.73329558719901       -0.59073755531424
O            2.03049730169260        3.13154116632991       -0.68941544391261
H            5.70241575498974        0.52876108295200        0.80420178633158
H            5.42728034865894        2.21157694692229        1.33880931525317
H            6.34132548533583        1.88732149617863       -0.16264017505648
H            3.10707925186036        1.84476381454445        1.28252847704561
H            1.94203184301175        0.07328108776720        2.20856327003592
H            2.29366400403638       -2.49687533000067        0.59294205980533
H            1.23208363823554       -2.34468624193133        2.01467295947714
H            4.00982654230512       -1.88924336099271        2.03473251799725
H            0.52338084608003       -0.91915755400272       -0.28596443074488
H           -1.72153014031231       -1.33361675198044        2.46236560285224
H           -2.16676365536832        1.02535740283427       -0.41737177457781
H           -3.96430319380967        2.10376472205630        1.00906273491465
H           -5.05973717707638        0.78554747742148        0.55760866561375
H           -3.94365441193010        2.68955623815200       -1.19681110033742
H           -4.19373169862609       -1.26887760551259       -0.48341564650388
H           -4.22860795483755        0.45141012901091       -2.16773643137978
H           -1.29627767498019       -1.12500989852319       -1.43097888942614
H           -2.85127418301718       -2.55489573689802       -2.52243507347117
H           -2.62362841926542       -2.69088791743881        0.82960263482795
H           -0.76747105413933       -3.65000414489995       -0.15288920848234
H            0.34223653706140        1.92225592084267        0.74525882711197
H           -0.00019154507270        0.96654222029969       -1.89096852503231
H            2.21673547364361        1.27328454374604       -1.57440386804826
H            1.26683461551739        3.41015932277419       -1.21683869658497
48
 energy: -84.827621079759 gnorm: 0.011401589808 xtb: 6.7.1 (edcfbbe)
C            5.52348682881506        1.54886617853746        0.47106942543100
O            4.35832087916215        1.61810946324373       -0.34008031634608
C            3.18234493049814        1.30620815958226        0.31052986463955
O            3.12106225102199       -0.08886828629946        0.52454588060370
C            1.97663065535217       -0.49259880609489        1.24610854234386
C            2.13522686783472       -1.98711605575784        1.53872278070568
O            3.19147078686181       -2.23701591524601        2.42639281548448
C            0.65479526934313       -0.14735832479002        0.51966833465925
O           -0.34057066440233       -0.29101186227754        1.52900465815922
C           -1.58284010342695       -0.94646697134470        1.46212225443871
O           -2.64184040814369       -0.03432669862841        1.31722409614817
C           -2.99121740928945        0.44548070676124        0.02514572225356
C           -4.20252766331299        1.37252468779333        0.22468072201574
O           -4.58575286727232        2.00263092788530       -0.97361188399927
C           -3.33405365171282       -0.72337424725640       -0.90488214847230
O           -3.60777846464081       -0.30286434376111       -2.21761377044278
C           -2.13063753162105       -1.66655671821221       -0.95571366253210
O           -2.41409071120892       -2.82938571045713       -1.69675427594210
C           -1.75385920812039       -2.11755696193102        0.46392410213304
O           -0.60273180141263       -2.91650122372109        0.46334135968622
C            0.65698961233946        1.27660512544937       -0.06533474653368
O           -0.28947661499328        1.44768153773403       -1.09707674318719
C            2.02612546211826        1.73995057636552       -0.59282506332925
O            2.04193638817953        3.13763409634316       -0.69327603732754
H            5.70382238163793        0.52563142859243        0.80569263800085
H            5.42659984025386        2.20888917830033        1.33870311033598
H            6.34007121617392        1.88448173241578       -0.16269103403839
H            3.10677523003646        1.83666558888518        1.28375554741925
H            1.94259155790157        0.05387824525470        2.20354534794883
H            2.28860674937233       -2.50969227281210        0.58723599440979
H            1.22565342018561       -2.35605888321659        2.01076485814207
H            4.00309337100733       -1.89262890222714        2.03115032519715
H            0.51678540071486       -0.88425858082205       -0.27898787662266
H           -1.71165473163425       -1.32886875331077        2.48441039323101
H           -2.16587842939357        1.01896976489494       -0.41569918222234
H           -3.96289652418535        2.09735627350570        1.00879866498724
H           -5.06038814357620        0.78229429900351        0.55488981276680
H           -3.94175460545345        2.68833628969959       -1.19529326157363
H           -4.19463331185832       -1.27365772703728       -0.48695840037369
H           -4.22543195545307        0.44780384367395       -2.16992661095272
H           -1.29496959797760       -1.12678482210523       -1.42556345026725
H           -2.84732950481104       -2.55710625062151       -2.51763467489903
H           -2.61575713378200       -2.69766647640904        0.83560637997009
H           -0.76061801885109       -3.64861689515530       -0.15146327160754
H            0.34343406349022        1.95010366212447        0.74055970871586
H           -0.00091755835474        0.97196598972935       -1.88973140803189
H            2.21735190910253        1.27634605828700       -1.57563050547212
H            1.27643346350716        3.41792196912154       -1.21736163985514
48
 energy: -84.828172185554 gnorm: 0.004395785249 xtb: 6.7.1 (edcfbbe)
C            5.52495189378831        1.54211573679727        0.47208378310251
O            4.36064235466377        1.61085693338815       -0.34009935342636
C            3.18271035074690        1.30379572607220        0.30899176490588
O            3.11172916124187       -0.09177524365139        0.51569847614766
C            1.96603014670942       -0.49074882264142        1.24041649715276
C            2.11815450259352       -1.98821380385368        1.52190804910947
O            3.17299435861041       -2.24021704346546        2.41084899503482
C            0.64303688171060       -0.13435963072805        0.51623003881868
O           -0.34757397691641       -0.27287143502494        1.53072186004270
C           -1.58276832929220       -0.94279479379130        1.47018743070561
O           -2.65317255056720       -0.04261152006080        1.31845267540690
C           -2.99252164780527        0.43951787894881        0.02612447109062
C           -4.20347887638354        1.36725482244845        0.22272134453828
O           -4.58203058063337        1.99780728902437       -0.97679151096481
C           -3.33063194573935       -0.72914931187293       -0.90473076324480
O           -3.59934776746697       -0.31241147688717       -2.21980862603814
C           -2.12463888442872       -1.66969417271300       -0.94708098021628
O           -2.40316174828055       -2.83606869692301       -1.68468857976285
C           -1.74733396879366       -2.11815017213697        0.47449185976347
O           -0.59438940175805       -2.91490369641773        0.47107148713286
C            0.66012619826502        1.29189224234734       -0.06134436555013
O           -0.28717698802006        1.46736541191143       -1.09099654872763
C            2.02970007961978        1.74796934589299       -0.59316614572269
O            2.06004893845090        3.14563164068141       -0.69570167099181
H            5.70544881904593        0.51936835098766        0.80803221632388
H            5.42743152075994        2.20337221738434        1.33871022425268
H            6.34163179110147        1.87744489716632       -0.16170647750174
H            3.11002482488443        1.82873965431490        1.28528062202988
H            1.94434577888617        0.04603236656177        2.20558652827635
H            2.27279030904965       -2.51214217311295        0.57130024803496
H            1.20960168722903       -2.35965871071366        1.99406327473481
H            3.98592649599286       -1.89476386789431        2.01915296593353
H            0.49349269742061       -0.86447678588833       -0.28862908983119
H           -1.70767503084221       -1.32462952992716        2.49153934771064
H           -2.16400472574852        1.01270654921025       -0.40945273367746
H           -3.96456845356961        2.09120089970273        1.00781845491412
H           -5.06258561154996        0.77738057580109        0.55029455362762
H           -3.93763962423572        2.68417546896208       -1.19529514541623
H           -4.19213961883908       -1.28020436413998       -0.48973598870972
H           -4.21696802622593        0.43856654610086       -2.17551269254807
H           -1.28886413106662       -1.12982110427005       -1.41687722925735
H           -2.83681433443985       -2.56687621517462       -2.50646053077630
H           -2.60793473545553       -2.70019477890452        0.84670266280509
H           -0.75142080115887       -3.64660891143473       -0.14450968939837
H            0.35218381297432        1.97094752448941        0.74222975291007
H           -0.00470922573909        0.98579156380270       -1.88246459862091
H            2.21631983365728        1.28186511503577       -1.57575669030195
H            1.29423046756670        3.43154159962743       -1.21636679782258
48
 energy: -84.828497992466 gnorm: 0.004995337220 xtb: 6.7.1 (edcfbbe)
C            5.52729626747149        1.53225522472828        0.47316242458900
O            4.36463133529860        1.60120375342966       -0.34118677914012
C            3.18413456129179        1.29987019685983        0.30555139864046
O            3.10207979495178       -0.09604105017168        0.50234463998370
C            1.95490279995461       -0.48808906042310        1.23001324503149
C            2.09717967130241       -1.98859190052627        1.50128102520735
O            3.15042898578776       -2.24908875577322        2.39048110420958
C            0.62893962768052       -0.11865576212218        0.51466839072723
O           -0.35102644324699       -0.25673118686762        1.54005373953618
C           -1.58167870017564       -0.93464380731037        1.47778875478576
O           -2.66621907463708       -0.05015374462938        1.32273883844283
C           -2.99316858339703        0.43269382179620        0.02904340784033
C           -4.20482042888211        1.36061835023240        0.21798045171386
O           -4.57642781059259        1.99083825431219       -0.98381876240726
C           -3.32416390877610       -0.73681222528909       -0.90355346657228
O           -3.58544242701797       -0.32535997099331       -2.22199535240741
C           -2.11617109996715       -1.67506551530344       -0.93744134909612
O           -2.38798199688313       -2.84746042727115       -1.66847560380686
C           -1.73881689523587       -2.11611441889609        0.48704247945343
O           -0.58482441709194       -2.91126441450274        0.48350542570799
C            0.65960302135041        1.31184132197179       -0.05553555838192
O           -0.29071697243466        1.50045132875632       -1.08084673358427
C            2.03227664041371        1.75561358769922       -0.59235495181984
O            2.08017536560241        3.15297511017627       -0.69622150659245
H            5.70723093611833        0.50993435096097        0.81092902255097
H            5.42874237511056        2.19471908117808        1.33875281071291
H            6.34505649557402        1.86648763033329       -0.15980047293082
H            3.11542395010527        1.81754052606147        1.28584297785992
H            1.94330281343249        0.03954479748212        2.20073274046312
H            2.25098387205025       -2.50957931577241        0.54911971052962
H            1.18804283625391       -2.36146938762980        1.97126592347747
H            3.96466998394393       -1.90211716044380        2.00294723932007
H            0.46651554056723       -0.83911316478990       -0.29640840496021
H           -1.70438331144348       -1.31681347586066        2.49828659030516
H           -2.16047988049217        1.00541849616920       -0.39943415538382
H           -3.96925500469357        2.08390638404932        1.00456281924177
H           -5.06536536086392        0.77048583629308        0.54126483647478
H           -3.93186838159155        2.67863858103546       -1.19721230267797
H           -4.18685937694749       -1.28931751834286       -0.49289030333505
H           -4.20317313019538        0.42567153792793       -2.18339055103136
H           -1.28057743155592       -1.13580851877938       -1.40828368923120
H           -2.82164213068078       -2.58425418776786       -2.49216656115010
H           -2.59779200470430       -2.69899845264220        0.86169156840308
H           -0.74057243314543       -3.64300969852740       -0.13241669615091
H            0.36236998069411        1.99518898614432        0.74864908252157
H           -0.01835548103746        1.01354012247030       -1.87275386733687
H            2.21178001776769        1.28764003271040       -1.57549473804605
H            1.31601773305333        3.44746990516482       -1.21453546529778
48
 energy: -84.828649922407 gnorm: 0.003828262303 xtb: 6.7.1 (edcfbbe)
C            5.52850633342051        1.52373517167940        0.47296235000687
O            4.36739832234327        1.59423339556870       -0.34349402218378
C            3.18552084235967        1.29674267825242        0.30213552217148
O            3.09640142171545       -0.09912829321325        0.49249153805234
C            1.94902469416538       -0.48499700110338        1.22234469044578
C            2.08271834567114       -1.98767739047611        1.48637687331547
O            3.13502453805036       -2.25908832483090        2.37396111708640
C            0.62147050442089       -0.10903309678190        0.51395102717476
O           -0.35234838301753       -0.24838001986189        1.54544821351201
C           -1.58123524991822       -0.92816479722644        1.48271730107020
O           -2.67345555053428       -0.05345529259875        1.32704684563616
C           -2.99279833444437        0.42802448039930        0.03146175471535
C           -4.20612927950075        1.35531537786633        0.21190878411700
O           -4.57128623551783        1.98479166748175       -0.99211378371222
C           -3.31807171626525       -0.74295612907902       -0.90260164089475
O           -3.57267099391836       -0.33411361888510       -2.22329104513288
C           -2.10967533881811       -1.68046785086616       -0.93064435145438
O           -2.37720683193069       -2.85794763772723       -1.65513967064593
C           -1.73382221598566       -2.11392962302049        0.49632965870330
O           -0.58021511592608       -2.90906698369305        0.49581605070980
C            0.65877415353661        1.32641442956373       -0.04861846876611
O           -0.29578113832793        1.53074121912195       -1.06798711450254
C            2.03330682727540        1.76076223071529       -0.59118044041055
O            2.09231544661102        3.15771036177762       -0.69461996477035
H            5.70676739818563        0.50137021835027        0.81192787027434
H            5.42956060115814        2.18670568240930        1.33812283207680
H            6.34800818928938        1.85619146082627       -0.15867201960216
H            3.12043234233022        1.80961410423089        1.28508348862879
H            1.94192890842921        0.03916989006826        2.19407405276007
H            2.23363280643234       -2.50352985909418        0.53097879696779
H            1.17197318122518       -2.35919879627563        1.95392511208026
H            3.94998171320699       -1.91178167622890        1.98851971741295
H            0.45086050602449       -0.82248998056311       -0.30009959579631
H           -1.70214396997107       -1.30842764022720        2.50456946879345
H           -2.15729051938741        1.00060475911329       -0.39159496783878
H           -3.97556635605371        2.07868993078029        0.99987005320621
H           -5.06781938811160        0.76435161104083        0.53076832709789
H           -3.92694619957780        2.67429496679770       -1.20054945535682
H           -4.18209997472961       -1.29606534565064       -0.49557414454648
H           -4.19088375438707        0.41644032943415       -2.18977280955741
H           -1.27424011531232       -1.14291285219580       -1.40375360673263
H           -2.80909024947263       -2.60077013241792       -2.48156156739777
H           -2.59229920619886       -2.69557025243046        0.87361379344879
H           -0.73477326497532       -3.64074686929950       -0.12049895786250
H            0.37200954271301        2.00918159291865        0.75993309754042
H           -0.03369491722656        1.04365010236350       -1.86318336354077
H            2.20515270097459        1.29189911792489       -1.57534236457881
H            1.33077690018033        3.45925878439858       -1.21256160498242
48
 energy: -84.828749947565 gnorm: 0.002263605070 xtb: 6.7.1 (edcfbbe)
C            5.52913554313980        1.51630913007608        0.47110320362951
O            4.36926484035321        1.59022978935329       -0.34688155356309
C            3.18689053072515        1.29526205374253        0.29879837083420
O            3.09332008734936       -0.10039524059194        0.48569913315655
C            1.94691067732736       -0.48191052976267        1.21746347523090
C            2.07424562688799       -1.98594914223281        1.47697567902466
O            3.12688547085881       -2.26827359779747        2.36079264432113
C            0.61887854523967       -0.10330627398867        0.51355800335720
O           -0.35283934889046       -0.24488029771178        1.54704344037947
C           -1.58151419413508       -0.92370082495803        1.48533317738931
O           -2.67623458354168       -0.05361725616745        1.33006896382032
C           -2.99207925829207        0.42514938640451        0.03238724230715
C           -4.20763519009392        1.35103053415894        0.20501727159531
O           -4.56642637863219        1.97972623572764       -1.00114608579577
C           -3.31287578251271       -0.74753329332131       -0.90252705931962
O           -3.56113993341991       -0.33905466013412       -2.22450691424040
C           -2.10543051274885       -1.68590933169386       -0.92555645524800
O           -2.37126152603713       -2.86735149098270       -1.64398964079768
C           -1.73287506977870       -2.11295339520303        0.50353573576187
O           -0.58094429152245       -2.90984788102558        0.50827385499504
C            0.65903078084929        1.33685279559175       -0.04052636538482
O           -0.30123581090025        1.55654384621182       -1.05187895840426
C            2.03343037026513        1.76519195361505       -0.58980389880429
O            2.09872377898174        3.16165219915693       -0.69182654380490
H            5.70410778101229        0.49336538410544        0.81048205755336
H            5.43068636396964        2.17925688669460        1.33633457572942
H            6.35079379709464        1.84627109004055       -0.15902072021174
H            3.12504653480269        1.80548383832589        1.28326786003351
H            1.94199107159119        0.04177050699487        2.18844345951922
H            2.22039835668215       -2.49653356449275        0.51787996006861
H            1.16216066767195       -2.35468554527556        1.94352269450124
H            3.94199098253508       -1.92223233742329        1.97489128159514
H            0.44432683278553       -0.81157824105880       -0.30247594868091
H           -1.70087550362897       -1.30112306895676        2.50931371274461
H           -2.15512418209995        0.99805994755920       -0.38696412345930
H           -3.98291344847578        2.07486122072286        0.99430316199021
H           -5.07036465144613        0.75884977685227        0.51907115348001
H           -3.92237388886489        2.67086873945395       -1.20491491528187
H           -4.17870244668524       -1.30010711608039       -0.49874567536076
H           -4.18014291041893        0.41076438383858       -2.19527305735281
H           -1.26936739502149       -1.15126316489646       -1.40099542254466
H           -2.79900901870247       -2.61570701664798       -2.47413759837065
H           -2.59259022724587       -2.69167356207486        0.88227983957415
H           -0.73453137522055       -3.64119982610805       -0.10865786707907
H            0.38232316595065        2.01511471208254        0.77521421355465
H           -0.04921893632551        1.07355115598019       -1.85269793774430
H            2.19751073737478        1.29591244842417       -1.57507704924745
H            1.33965524157579        3.46870274461780       -1.20996699838181
48
 energy: -84.828828975596 gnorm: 0.002245356833 xtb: 6.7.1 (edcfbbe)
C            5.52987666086918        1.50893224397626        0.46713705267556
O            4.37056270519247        1.58854683770769       -0.35121419655887
C            3.18838373513530        1.29547643017758        0.29565289109498
O            3.09176082104340       -0.10000989992554        0.48084076275040
C            1.94714634735975       -0.47903660776407        1.21485500653130
C            2.07014781606421       -1.98401896106440        1.47121783980949
O            3.12485571663581       -2.27555958261204        2.34907272004331
C            0.61900465923979       -0.09925251090476        0.51380454597590
O           -0.35337421222740       -0.24342056078395        1.54659350748576
C           -1.58262240126680       -0.92049553334215        1.48663644784851
O           -2.67678850389358       -0.05158834776213        1.33162625683986
C           -2.99167565642507        0.42331748421338        0.03154376806051
C           -4.20975030407516        1.34716371465026        0.19704164464662
O           -4.56178253318693        1.97534970485400       -1.01126599222146
C           -3.30847265884238       -0.75107778721497       -0.90369523720173
O           -3.54986058682120       -0.34176926162161       -2.22655446482677
C           -2.10298300638827       -1.69177133802573       -0.92141896177258
O           -2.36927090568769       -2.87648606261124       -1.63403032126101
C           -1.73514525285458       -2.11303065571144        0.50984987509884
O           -0.58610152248845       -2.91352250058009        0.52176768990336
C            0.66042655049570        1.34525087165098       -0.03065140159877
O           -0.30682468542624        1.57959797614943       -1.03187446509016
C            2.03293974315103        1.76999131501178       -0.58786564476634
O            2.10190119518829        3.16598466452702       -0.68793147747975
H            5.69982409639474        0.48487428710107        0.80600053880192
H            5.43350202917489        2.17146733734323        1.33292717404060
H            6.35374461441301        1.83553341936083       -0.16180553938736
H            3.12996620221033        1.80440901100122        1.28103341712890
H            1.94421473497335        0.04514715377452        2.18507746106785
H            2.20964637408064       -2.49061490340676        0.50881135242413
H            1.15777195284556       -2.34942059754232        1.93933219528169
H            3.93966522868536       -1.93273729274071        1.95992199059465
H            0.44351416761066       -0.80316699706497       -0.30484174148126
H           -1.70057627289461       -1.29492183073001        2.51267212272621
H           -2.15443546319656        0.99716750071570       -0.38552006013156
H           -3.99137916307905        2.07143621032245        0.98775434663447
H           -5.07360643863320        0.75358736255277        0.50557304139857
H           -3.91780891115175        2.66786552490065       -1.21050203738388
H           -4.17679473340629       -1.30217364058806       -0.50341713372429
H           -4.16985246629458        0.40729909939493       -2.20112393255182
H           -1.26518588368370       -1.16121434913953       -1.39857108451127
H           -2.79049229842364       -2.62995230914430       -2.46895704315868
H           -2.59778670540490       -2.68717893354985        0.88911441321619
H           -0.73920307111998       -3.64472375495548       -0.09545523811621
H            0.39418468577596        2.01685849899043        0.79397971774963
H           -0.06475771594594        1.10359412591227       -1.83991920051331
H            2.18916814184842        1.30067424851778       -1.57432480800979
H            1.34432509506328        3.47761329896645       -1.20541442064104
48
 energy: -84.828892754360 gnorm: 0.002455922039 xtb: 6.7.1 (edcfbbe)
C            5.53126145032151        1.50106779569189        0.46086003921847
O            4.37136362607487        1.58826816708594       -0.35604950297592
C            3.19000009184785        1.29693755047139        0.29314766866969
O            3.09093891643789       -0.09853299542527        0.47736029700552
C            1.94832786895384       -0.47659498518405        1.21406844916054
C            2.06900751612900       -1.98228307875443        1.46800398030178
O            3.12783249319500       -2.28000939413384        2.33804643054325
C            0.61986839915451       -0.09552335858434        0.51505233916559
O           -0.35447896169234       -0.24203036167573        1.54587749223241
C           -1.58453364601777       -0.91788264484494        1.48731347318862
O           -2.67706033008684       -0.04833649580642        1.33170045764564
C           -2.99209945620870        0.42198121233617        0.02906474417879
C           -4.21273030224916        1.34344110167495        0.18825658194676
O           -4.55770791911051        1.97171205649633       -1.02207455449824
C           -3.30481066326318       -0.75394233154565       -0.90617335670708
O           -3.53853408617881       -0.34349619913552       -2.22992669334266
C           -2.10167721885577       -1.69778120493702       -0.91798588514305
O           -2.36988277962593       -2.88526196530561       -1.62512298590104
C           -1.73930186648725       -2.11365718660208        0.51569878193183
O           -0.59385479575439       -2.91890457485712        0.53590112602976
C            0.66243514424171        1.35276878037849       -0.01940081361229
O           -0.31211586206906        1.60056108756104       -1.00947300630715
C            2.03209726031643        1.77527437671107       -0.58499916735861
O            2.10356799903831        3.17093783018018       -0.68302840147797
H            5.69508299743347        0.47553541087200        0.79832316992871
H            5.43912197216129        2.16298740915664        1.32762402892240
H            6.35674359887746        1.82357440931413       -0.16800006407011
H            3.13549023886080        1.80523597308782        1.27921285546256
H            1.94810056071879        0.04769108387494        2.18432303269343
H            2.20032514754625       -2.48691841806051        0.50324361335583
H            1.15784376893761       -2.34474494070644        1.94063589445479
H            3.94188423359871       -1.94216446838300        1.94291339181241
H            0.44518853640672       -0.79547548323898       -0.30721600587014
H           -1.70139396139151       -1.28966147937276        2.51481722420041
H           -2.15541323762624        0.99737638809411       -0.38675061209250
H           -4.00065551616042        2.06778949488273        0.98059466595193
H           -5.07787806684797        0.74853007752419        0.49063882247886
H           -3.91330771178703        2.66506000056234       -1.21697035084189
H           -4.17619555339672       -1.30323172540891       -0.51012011186504
H           -4.15961148222866        0.40491269749253       -2.20793494217535
H           -1.26128682950054       -1.17199934691489       -1.39599091279601
H           -2.78311089199666       -2.64312702453377       -2.46528878554631
H           -2.60591491544038       -2.68211390697782        0.89509657936317
H           -0.74719911403839       -3.65080489810916       -0.08044747829829
H            0.40693805766933        2.01754759942427        0.81413182302258
H           -0.07922910333988        1.13257938841626       -1.82496884834740
H            2.18087665894097        1.30635628320553       -1.57271379716430
H            1.34568965546867        3.48634639901526       -1.19778730857613
48
 energy: -84.828942302277 gnorm: 0.001951855353 xtb: 6.7.1 (edcfbbe)
C            5.53348117332851        1.49272617514541        0.45255743038378
O            4.37158374361009        1.58834048852651       -0.36075838790556
C            3.19158448438474        1.29887477550754        0.29180895189934
O            3.09023630882071       -0.09670229021523        0.47517704251600
C            1.94927663742551       -0.47463513115608        1.21475754623255
C            2.06942327021406       -1.98085353785695        1.46671076232123
O            3.13424506870623       -2.28135167209835        2.32784520086961
C            0.62014952093002       -0.09178555674187        0.51741337991013
O           -0.35622735775052       -0.23986920272162        1.54611805454506
C           -1.58699016175207       -0.91542777930499        1.48777148384841
O           -2.67815520398127       -0.04477468697227        1.33049692710370
C           -2.99340944556161        0.42088266582737        0.02552236223868
C           -4.21642458199442        1.33994612769807        0.17936629498328
O           -4.55471738074312        1.96896032157217       -1.03262959858241
C           -3.30184606149698       -0.75625927233355       -0.90958205669189
O           -3.52766968714086       -0.34501519892788       -2.23445109651786
C           -2.10090880460389       -1.70326916475028       -0.91527437553672
O           -2.37168112178546       -2.89299150585208       -1.61762626421721
C           -1.74373456726876       -2.11419765632258        0.52089570211331
O           -0.60172791029881       -2.92403439724460        0.54920593098404
C            0.66440568658842        1.35953125425382       -0.00804548850293
O           -0.31642011128892        1.61856252115182       -0.98786444646271
C            2.03116955519579        1.78060271395102       -0.58105044101954
O            2.10462372223153        3.17617698034473       -0.67717002135385
H            5.69123148453475        0.46565602913824        0.78801982915300
H            5.44777686141238        2.15400062365356        1.32054845543717
H            6.35935251843128        1.81083669550736       -0.17794859477073
H            3.14148599189874        1.80664047032620        1.27853740285609
H            1.95231229574414        0.04888953144800        2.18573269482407
H            2.19182617083110       -2.48541934674633        0.50066599480401
H            1.16100369593633       -2.34146947662362        1.94628680353362
H            3.94689244666346       -1.94917339056369        1.92473025361038
H            0.44675129784500       -0.78814847167077       -0.30880438009717
H           -1.70345136515620       -1.28501067310837        2.51608003683919
H           -2.15768222917591        0.99813899826123       -0.38968206416265
H           -4.01004849191635        2.06388964168010        0.97349100578503
H           -5.08289502800812        0.74386665572936        0.47550201458726
H           -3.90938175543791        2.66254381295778       -1.22360148668142
H           -4.17638100381755       -1.30402351857029       -0.51833646621660
H           -4.14979590679916        0.40282715829012       -2.21556964860843
H           -1.25768306959109       -1.18220661288924       -1.39342165665142
H           -2.77701045208409       -2.65416306061372       -2.46253842951620
H           -2.61429726696433       -2.67696657300121        0.90039594855624
H           -0.75592633771684       -3.65800790728164       -0.06450610533902
H            0.41870654342324        2.01876709899371        0.83276430163428
H           -0.09090459987796        1.15788876807998       -1.80960442510813
H            2.17372240619686        1.31265345102778       -1.57005652669387
H            1.34413093925870        3.49454723170308       -1.18639647249641
48
 energy: -84.828988923856 gnorm: 0.001407131729 xtb: 6.7.1 (edcfbbe)
C            5.53782670740760        1.47997582597737        0.43819701634688
O            4.37105777423374        1.58756375022137       -0.36692538228139
C            3.19371884018943        1.30125674517743        0.29186806029584
O            3.08875579002179       -0.09448853599417        0.47379555180445
C            1.94936717178024       -0.47232612664897        1.21732887971704
C            2.07047519132806       -1.97909472360514        1.46685722425713
O            3.14605928427867       -2.27988653380233        2.31426270646636
C            0.61904973728076       -0.08648601918690        0.52225101969890
O           -0.35946489806526       -0.23549194397088        1.54847031410714
C           -1.59092264298842       -0.91154126753966        1.48840895426956
O           -2.68130812352268       -0.03985091834889        1.32743523326577
C           -2.99610596498707        0.41962113101280        0.01971058990017
C           -4.22235226366229        1.33537456497795        0.16693569631932
O           -4.55234997333560        1.96595778875623       -1.04683002702483
C           -3.29823170749159       -0.75902145144795       -0.91507495313736
O           -3.51337046855491       -0.34763098657421       -2.24189338929545
C           -2.09970016862222       -1.70968030152188       -0.91232005490179
O           -2.37376384941064       -2.90212956176677       -1.60882121142073
C           -1.74880430710654       -2.11408047972436        0.52724333773099
O           -0.61054723689777       -2.92869119196263        0.56569149037244
C            0.66651458802914        1.36818399206535        0.00718664235500
O           -0.32069052754542        1.63984880141203       -0.96120172826401
C            2.02997643795022        1.78775526494412       -0.57370551570331
O            2.10576218614028        3.18356005136918       -0.66696867725040
H            5.68815015929321        0.45089512130684        0.77038942448144
H            5.46403649087549        2.14039312364986        1.30807651451417
H            6.36211435380884        1.79187953399671       -0.19742762095700
H            3.15076711775250        1.80796478574785        1.27962835469821
H            1.95718887268340        0.04929490469125        2.18959100173079
H            2.17972195507338       -2.48506678230704        0.49998561183200
H            1.16781394603826       -2.33871984788005        1.95865231388036
H            3.95529872691049       -1.95484013466052        1.89806713402109
H            0.44665961330078       -0.77820825663384       -0.30896258764484
H           -1.70825293907376       -1.27833314222337        2.51727265756280
H           -2.16182737114834        0.99957654528030       -0.39497524646754
H           -4.02323905460079        2.05829869024811        0.96369527309476
H           -5.09041054778363        0.73762933010759        0.45463779329914
H           -3.90548955542432        2.65951432509476       -1.23283716765138
H           -4.17675883243215       -1.30540940513911       -0.53087153403988
H           -4.13694296422315        0.39934785107286       -2.22728717962620
H           -1.25290691505303       -1.19449012885620       -1.39028235135786
H           -2.76980666357665       -2.66672403161706       -2.45897680015870
H           -2.62380632507018       -2.67016916077849        0.90691842716813
H           -0.76667022982877       -3.66793298630351       -0.04129801521577
H            0.43206029988785        2.02178009653655        0.85541669652143
H           -0.10248859352318        1.18722793563858       -1.78923839253794
H            2.16570732183778        1.32219211071134       -1.56473559428911
H            1.33813147992401        3.50519575908134       -1.16385711117441
48
 energy: -84.829016332975 gnorm: 0.001230080430 xtb: 6.7.1 (edcfbbe)
C            5.54104447133765        1.47179857542271        0.42828301710106
O            4.37010668199671        1.58523301033093       -0.36993407062908
C            3.19480998019319        1.30140857061685        0.29354165821199
O            3.08704075103097       -0.09427871495816        0.47431160860349
C            1.94787795151263       -0.47118263579154        1.21958260087150
C            2.06988673009883       -1.97811267329695        1.46803434384236
O            3.15238994390862       -2.27779013346019        2.30742714473034
C            0.61709655744380       -0.08383401093576        0.52585541926604
O           -0.36173462090904       -0.23217829106593        1.55152346911867
C           -1.59320045063197       -0.90861680006291        1.48899020290918
O           -2.68424601134209       -0.03751337084056        1.32514845193538
C           -2.99765790193316        0.41929885973944        0.01645313578362
C           -4.22573701795214        1.33325288446778        0.16037078249968
O           -4.55276446125752        1.96437789359763       -1.05395012145389
C           -3.29633338857627       -0.76033387482221       -0.91796293653758
O           -3.50709435782722       -0.35005284005905       -2.24603356201852
C           -2.09817601296607       -1.71154149152347       -0.91121127511386
O           -2.37257662458584       -2.90543739760019       -1.60515382330691
C           -1.74933062312142       -2.11276865388415        0.52984945925226
O           -0.61130397912010       -2.92723115778067        0.57201263931745
C            0.66669285674092        1.37207544951761        0.01402742472610
O           -0.32134008486456        1.64799744329639       -0.95199112004555
C            2.02956365231409        1.79124394800193       -0.56800397380883
O            2.10627756782983        3.18743952817375       -0.65879079743240
H            5.68906569354686        0.44185042001023        0.75848040759699
H            5.47554086776676        2.13164873012834        1.29920041392410
H            6.36255680416339        1.78083797877606       -0.21234186587442
H            3.15685157857931        1.80707834323441        1.28197926763634
H            1.95779611275357        0.04954597934297        2.19205540034206
H            2.17197007789100       -2.48487207322498        0.50099779499601
H            1.17141041536701       -2.33812436836321        1.96713027941944
H            3.95811547655057       -1.95373877616753        1.88400432518133
H            0.44364139744917       -0.77345866421844       -0.30672607642437
H           -1.71250712655959       -1.27386391013205        2.51806884711418
H           -2.16387692111627        1.00043431745164       -0.39779321254863
H           -4.03013938657966        2.05571671577139        0.95835376937778
H           -5.09400245902443        0.73424149200521        0.44449076550291
H           -3.90574503893172        2.65837624887930       -1.23773854788877
H           -4.17609971332989       -1.30668226325029       -0.53680456811774
H           -4.13154168169366        0.39616039851270       -2.23400573021461
H           -1.25041933428741       -1.19829569811183       -1.38932940820196
H           -2.76648661489146       -2.67141807156992       -2.45653961068300
H           -2.62500245343329       -2.66762921293443        0.90940430476610
H           -0.76861584092054       -3.67115545407529       -0.02893159056158
H            0.43493236479789        2.02405826530878        0.86406033335578
H           -0.10434827688590        1.19734472439119       -1.78125026338585
H            2.16327468931403        1.32814327168844       -1.56050547051480
H            1.33233968270487        3.51054160214249       -1.14515586273782
48
 energy: -84.829051185305 gnorm: 0.001251289423 xtb: 6.7.1 (edcfbbe)
C            5.54568151382303        1.45990780597419        0.41324916701051
O            4.36811261328150        1.58060122823393       -0.37400021266053
C            3.19614984518673        1.30066675828206        0.29707676270283
O            3.08414218498745       -0.09476018898557        0.47638710134149
C            1.94514571756887       -0.46971963745440        1.22354243343148
C            2.06827307694732       -1.97662597212109        1.47148628381595
O            3.16064727018607       -2.27484637568837        2.29935916138204
C            0.61430752892352       -0.08132447957413        0.53108796678453
O           -0.36512489275931       -0.22792135895461        1.55619095032965
C           -1.59635879196235       -0.90439961915522        1.48978592662026
O           -2.68807644162155       -0.03423124697161        1.32176815793087
C           -2.99929339632323        0.41966888014855        0.01202449764984
C           -4.22977001552883        1.33131081408115        0.15192810548520
O           -4.55452679000292        1.96195115806686       -1.06314758029974
C           -3.29417025317868       -0.76174151982146       -0.92132116888506
O           -3.50157553433828       -0.35402003821215       -2.25090982375141
C           -2.09563777057936       -1.71231948781707       -0.91035321365732
O           -2.36917230441707       -2.90807577817214       -1.60156311129764
C           -1.74823048520702       -2.11019396343855        0.53218461033935
O           -0.60835625174874       -2.92165402628893        0.57768720901641
C            0.66587698427744        1.37556595641857        0.02123978057043
O           -0.32069257681919        1.65401628210382       -0.94580181990864
C            2.02897468701314        1.79573448223849       -0.55878819774520
O            2.10589626879225        3.19262604127217       -0.64389810313692
H            5.69219979817034        0.42872314000598        0.74025543725999
H            5.49221787235668        2.11860427186289        1.28578901974691
H            6.36221140110137        1.76598041714854       -0.23525095278679
H            3.16609290504729        1.80493295119851        1.28638380143102
H            1.95706483223933        0.05091202353975        2.19568369493798
H            2.16026756948459       -2.48417066593963        0.50401191976351
H            1.17563445743779       -2.33672562470514        1.98070985640664
H            3.96032190839591       -1.94825581004643        1.86674670915817
H            0.43890739036223       -0.76930643866650       -0.30189969373453
H           -1.71954237364705       -1.26780704254863        2.51911538589510
H           -2.16595705167192        1.00184293682948       -0.40180044002192
H           -4.03816430782594        2.05385912225082        0.95075756282904
H           -5.09757309949069        0.73034054585395        0.43314211562998
H           -3.90835954389721        2.65721816132546       -1.24496343287842
H           -4.17452111727326       -1.30824561077000       -0.54206447987939
H           -4.12747253915142        0.39078077282893       -2.24240910459392
H           -1.24747559122599       -1.20034503682223       -1.38903320691446
H           -2.76311702267829       -2.67572479571774       -2.45336565588183
H           -2.62329638183964       -2.66616968749415        0.91097491280838
H           -0.76654578799606       -3.67264883564423       -0.01409471779290
H            0.43319880934226        2.02599335305743        0.87219080041639
H           -0.10230791820841        1.20441398696979       -1.77524728431720
H            2.16175741686643        1.33776292282099       -1.55394941985545
H            1.32223811079671        3.51781334405701       -1.11341433000474
48
 energy: -84.829074115020 gnorm: 0.001095769229 xtb: 6.7.1 (edcfbbe)
C            5.54987693037503        1.44695297195495        0.39758483532266
O            4.36606679511558        1.57537294328347       -0.37900233318425
C            3.19754350471456        1.29976623099818        0.30007614910566
O            3.08108595052705       -0.09531808820851        0.47819865875090
C            1.94267841057018       -0.46771207408308        1.22751802373853
C            2.06570349304257       -1.97451496732918        1.47606509355030
O            3.16716953485345       -2.27274644089178        2.29218179598684
C            0.61202117207288       -0.07886861638761        0.53599797161731
O           -0.36852711899445       -0.22428939874372        1.56035973371465
C           -1.59937894370213       -0.90063137332766        1.49063699906251
O           -2.69122175468046       -0.03127818451557        1.31895153039754
C           -3.00046293839212        0.42002919940740        0.00792624154270
C           -4.23303737959012        1.32971242467703        0.14371030723547
O           -4.55618926796704        1.95854873726404       -1.07261350960904
C           -3.29208511488315       -0.76348196744521       -0.92402858921741
O           -3.49755196575074       -0.35860205778298       -2.25480919822255
C           -2.09290801219403       -1.71298924762881       -0.90963983231769
O           -2.36480133225426       -2.91044883481798       -1.59867665801817
C           -1.74680999312075       -2.10782900114820        0.53414207940981
O           -0.60442757668029       -2.91558340384883        0.58259806781675
C            0.66468638047702        1.37883168890130        0.02786216913754
O           -0.32010434602834        1.65893556037137       -0.94114892269481
C            2.02817439658434        1.80111635339684       -0.54926703270217
O            2.10535059964127        3.19864730880857       -0.62644342151889
H            5.69469584298116        0.41422354783613        0.72072583106838
H            5.50773580177960        2.10376772817740        1.27209503139011
H            6.36183217162179        1.75062599344774       -0.25781709813476
H            3.17613118861632        1.80287550408059        1.29013759124055
H            1.95645162439154        0.05406622104830        2.19889345382184
H            2.14671439788024       -2.48337458563473        0.50829233866505
H            1.17827284649315       -2.33301406374848        1.99523204052101
H            3.96084784173931       -1.94214284541741        1.85152099180663
H            0.43555347488636       -0.76590983860855       -0.29715879988849
H           -1.72608922837610       -1.26275389001641        2.52014867032627
H           -2.16728709115854        1.00283919933140       -0.40531928647313
H           -4.04496598013249        2.05327155498217        0.94247492022153
H           -5.10027122567048        0.72714416591752        0.42338825751957
H           -3.91148312178405        2.65543532223223       -1.25328889143807
H           -4.17252214172967       -1.31014398639879       -0.54519752520020
H           -4.12516046946484        0.38463932268676       -2.24960847706001
H           -1.24463672385130       -1.20152424816673       -1.38872721481741
H           -2.75937959369372       -2.67999756585494       -2.45080054356352
H           -2.62079107632956       -2.66604414048883        0.91183376504156
H           -0.76211096689296       -3.67211519848820       -0.00196856397211
H            0.42942335141735        2.02743484670927        0.87972220447474
H           -0.09961272124027        1.21079133874449       -1.77100548405799
H            2.15985241983454        1.34948095108467       -1.54770119573259
H            1.31394987878371        3.52679902216654       -1.08056879310084
48
 energy: -84.829087678047 gnorm: 0.000753899850 xtb: 6.7.1 (edcfbbe)
C            5.55218544159753        1.43650343460147        0.38601518423009
O            4.36455764737412        1.57142636764715       -0.38350442209067
C            3.19853262676103        1.29914904909859        0.30135720290193
O            3.07869340963718       -0.09563169682855        0.47868558779620
C            1.94116000198333       -0.46557285369352        1.23014345862486
C            2.06291914453503       -1.97216668117646        1.48038676276266
O            3.16989795620141       -2.27148656095046        2.28827371221905
C            0.61073846831149       -0.07669307489464        0.53892937346190
O           -0.37078503139129       -0.22212387274059        1.56259921210683
C           -1.60123492534533       -0.89855522438365        1.49097650881719
O           -2.69303299653685       -0.02988123954956        1.31736246750755
C           -3.00100870986132        0.41979427686321        0.00526314855717
C           -4.23459851980583        1.32852142831622        0.13821115984651
O           -4.55723594844706        1.95490105137949       -1.07945228881925
C           -3.29088660286604       -0.76529275307009       -0.92543569677164
O           -3.49602259163452       -0.36261651445704       -2.25681117269518
C           -2.09088267779681       -1.71359413680242       -0.90909657459215
O           -2.36105871166892       -2.91203830334089       -1.59706925321553
C           -1.74563574034317       -2.10675653384728        0.53525375063791
O           -0.60145574406918       -2.91197733117769        0.58560820815397
C            0.66366434199214        1.38159549203541        0.03242595516258
O           -0.31997491749390        1.66256424507891       -0.93793313322007
C            2.02745026927637        1.80597738817024       -0.54252435946721
O            2.10555112717938        3.20388030100998       -0.61173971557370
H            5.69517647982110        0.40230974938710        0.70544144890399
H            5.51745474822495        2.09097144981241        1.26249747583496
H            6.36150806484673        1.73898765439705       -0.27311548874415
H            3.18381365540973        1.80140147256705        1.29193306910751
H            1.95658335001440        0.05784398221655        2.20064370132097
H            2.13548025449344       -2.48261786997392        0.51276490837861
H            1.17856862068277       -2.32789675372669        2.00648063944308
H            3.95970117237597       -1.93784264062495        1.84298188985879
H            0.43424529885310       -0.76316879250718       -0.29456374545586
H           -1.72971997418193       -1.26021632778457        2.52056654289055
H           -2.16763792613474        1.00263534695515       -0.40742701845684
H           -4.04817352145546        2.05365159632483        0.93590224562342
H           -5.10141594966431        0.72542843657434        0.41814596579175
H           -3.91387588608127        2.65295071726045       -1.26030751683333
H           -4.17097729153839       -1.31213733285749       -0.54592620236292
H           -4.12486171215521        0.37954499363864       -2.25352582210750
H           -1.24266321744518       -1.20191768564369       -1.38814761895405
H           -2.75608729869223       -2.68301617339939       -2.44941099726369
H           -2.61875754580983       -2.66672082778937        0.91225788317953
H           -0.75764368219904       -3.67053488974177        0.00358908187614
H            0.42609441044497        2.02865234389875        0.88497417778290
H           -0.09773385776071        1.21614620765793       -1.76832992905183
H            2.15780227243506        1.36022136066411       -1.54387925244287
H            1.31158414220993        3.53539184615914       -1.05798713238770
48
 energy: -84.829101587788 gnorm: 0.000745211805 xtb: 6.7.1 (edcfbbe)
C            5.55395619630179        1.42484199422572        0.37426110017909
O            4.36314831776412        1.56754701314132       -0.38880500064622
C            3.19957221672937        1.29852429218224        0.30158906539829
O            3.07624668982978       -0.09594581743860        0.47808101423198
C            1.93993519743714       -0.46263210263433        1.23243301088725
C            2.05937001842204       -1.96885559603646        1.48598956428756
O            3.17098256404970       -2.26954592143937        2.28632989360379
C            0.60973522058642       -0.07396185047738        0.54133676561149
O           -0.37281051120520       -0.22032180299106        1.56413178197609
C           -1.60272752224834       -0.89729706123331        1.49110238470278
O           -2.69452796652734       -0.02945074839268        1.31608510071615
C           -3.00143712635193        0.41880116913619        0.00287257740230
C           -4.23535120781042        1.32733391698149        0.13329801586672
O           -4.55841581264577        1.95001111589025       -1.08615494899602
C           -3.29011637907624       -0.76790041928436       -0.92631791053962
O           -3.49606354946289       -0.36766841930147       -2.25810711549658
C           -2.08905608096426       -1.71474034326155       -0.90884267471731
O           -2.35700111288494       -2.91392914751890       -1.59633675474864
C           -1.74456802547344       -2.10630216536392        0.53595217651823
O           -0.59895622634103       -2.90946432687635        0.58782919490842
C            0.66262282523596        1.38498484871113        0.03681037774387
O           -0.32038456473706        1.66687923728178       -0.93424669270893
C            2.02670246005178        1.81195337354952       -0.53599108383666
O            2.10692819016093        3.21018947302308       -0.59480901024302
H            5.69439111225389        0.38871186144428        0.68869573973348
H            5.52599469945256        2.07573921959146        1.25360273729379
H            6.36134338816042        1.72680866935140       -0.28741822303718
H            3.19168490620062        1.79977979225928        1.29272401609640
H            1.95738906661136        0.06347477866327        2.20151453137349
H            2.12306297408527       -2.48208194686035        0.51914310771282
H            1.17744224528049       -2.32018530502073        2.01904357156074
H            3.95773490088116       -1.93406135411406        1.83696751818779
H            0.43409265435565       -0.75979184264453       -0.29284802968416
H           -1.73214336878294       -1.25878364690227        2.52076738776322
H           -2.16759449579435        1.00118815082454       -0.40933237243475
H           -4.04938182474235        2.05492955917986        0.92883521429057
H           -5.10176101983247        0.72447487958157        0.41508665012455
H           -3.91644868914898        2.64891825613485       -1.26853850082561
H           -4.16940986125095       -1.31510760286711       -0.54530835140043
H           -4.12594000709990        0.37365431304666       -2.25608069170309
H           -1.24113099802444       -1.20213310431893       -1.38753728259149
H           -2.75228414082731       -2.68622430424956       -2.44894033867999
H           -2.61690278126493       -2.66782024296645        0.91250282067945
H           -0.75288204317582       -3.66808199451374        0.00543565268729
H            0.42316964618121        2.03025812346404        0.89031686473480
H           -0.09655387210558        1.22294107291020       -1.76562908467431
H            2.15500054693689        1.37350039417090       -1.54085408539647
H            1.31334507552111        3.54683568503950       -1.03715630082761
48
 energy: -84.829115776545 gnorm: 0.000952036748 xtb: 6.7.1 (edcfbbe)
C            5.55576441308023        1.41039216250232        0.36066629414462
O            4.36161888803687        1.56342984935339       -0.39522068571986
C            3.20075299001025        1.29782465804881        0.30115913999231
O            3.07329596440373       -0.09631994399386        0.47632935510421
C            1.93859103083149       -0.45864440076775        1.23469470718570
C            2.05498941665306       -1.96416192219289        1.49376581733030
O            3.17120237891361       -2.26579901863315        2.28668712585095
C            0.60863064315857       -0.07032541459955        0.54350443443221
O           -0.37485586345053       -0.21842640626655        1.56518524316150
C           -1.60405096420887       -0.89651839281279        1.49064020620734
O           -2.69619394682526       -0.02981789185779        1.31453300625527
C           -3.00200051884871        0.41690749361895        0.00016560635573
C           -4.23586141428236        1.32566119734995        0.12832621381790
O           -4.56049656955025        1.94330644060589       -1.09332673625530
C           -3.29003692226459       -0.77150325817672       -0.92715172826113
O           -3.49775034067968       -0.37410405928186       -2.25937482127973
C           -2.08717580840952       -1.71609867268999       -0.90868815751770
O           -2.35210201449675       -2.91595099039508       -1.59602789341530
C           -1.74328497629783       -2.10653253488475        0.53633452333598
O           -0.59654835803279       -2.90808138867065        0.58967200300600
C            0.66144065780191        1.38972728536193        0.04197084600894
O           -0.32120771696977        1.67297092233115       -0.92914205656533
C            2.02589992893786        1.81950134758943       -0.52873275142008
O            2.10942624585690        3.21802641356008       -0.57384787714413
H            5.69273880081992        0.37159779926762        0.66790652608871
H            5.53525423828519        2.05585777954624        1.24426515214091
H            6.36134282947130        1.71261203248755       -0.30307376725370
H            3.20058240873015        1.79755313270159        1.29315777077259
H            1.95891540769195        0.07125558469454        2.20173031512729
H            2.10908413983556       -2.48171918102471        0.52862701902105
H            1.17547164609665       -2.30971782281215        2.03461837750779
H            3.95532379679921       -1.93036613577060        1.83253251495495
H            0.43436337982409       -0.75507291455966       -0.29194979481597
H           -1.73394468525820       -1.25803184473017        2.52030978969158
H           -2.16746980320508        0.99849452663031       -0.41167875097668
H           -4.04900680912006        2.05668982254287        0.92048999997149
H           -5.10179432404542        0.72378532255795        0.41379000675107
H           -3.91988765012640        2.64267911061318       -1.27874093780943
H           -4.16810728042119       -1.31935960668671       -0.54402055274190
H           -4.12860469404935        0.36648545502349       -2.25812265340884
H           -1.23974612764199       -1.20195618448598       -1.38676847137964
H           -2.74748184321508       -2.68950996473321       -2.44893028540097
H           -2.61508177398477       -2.66919958389100        0.91263800401650
H           -0.74762970150499       -3.66509598448005        0.00436174799015
H            0.42062442290921        2.03276574869679        0.89683682871020
H           -0.09573780304550        1.23252107166577       -1.76196119269723
H            2.15144537835529        1.39066520699873       -1.53805583082030
H            1.31930082862297        3.56159728047929       -1.01660024593184
48
 energy: -84.829125790548 gnorm: 0.000879643943 xtb: 6.7.1 (edcfbbe)
C            5.55727125290620        1.39813428648125        0.34950103736193
O            4.36049009901733        1.56057606713191       -0.40032975802288
C            3.20180824044459        1.29730563164724        0.30061719331042
O            3.07099541080083       -0.09659956720499        0.47444909072479
C            1.93762370427281       -0.45508279384846        1.23646388692618
C            2.05174499156509       -1.95980053317778        1.50115038044597
O            3.17067776608901       -2.26075020847469        2.29014474473244
C            0.60772469730125       -0.06722592269804        0.54525863901368
O           -0.37647383883233       -0.21705637815851        1.56586232453738
C           -1.60496518019545       -0.89645247808008        1.49011204757865
O           -2.69761845650034       -0.03072677003317        1.31310056235593
C           -3.00287390932795        0.41490589040652       -0.00192226876113
C           -4.23627197383062        1.32433092457137        0.12517130026947
O           -4.56339817079473        1.93737576217351       -1.09820746894651
C           -3.29044636559334       -0.77485080753338       -0.92769141119863
O           -3.50052443871619       -0.37978668423620       -2.26017110500610
C           -2.08599533207558       -1.71739939001532       -0.90940398274280
O           -2.34802063143151       -2.91765412496050       -1.59714187293233
C           -1.74236743423839       -2.10674790940398        0.53589716966602
O           -0.59506950186282       -2.90733286633389        0.58979681547010
C            0.66070255209369        1.39376859427457        0.04611879817512
O           -0.32199809423808        1.67840251282707       -0.92440739273321
C            2.02545886438528        1.82601726717635       -0.52279183162100
O            2.11201277492997        3.22469682165313       -0.55636156196219
H            5.69125742594631        0.35684926603432        0.64944178445386
H            5.54278351727164        2.03792772389766        1.23736347475389
H            6.36133382308574        1.70147076768946       -0.31556499766336
H            3.20759422016322        1.79546264145378        1.29342927935697
H            1.96042123310142        0.07846764858581        2.20144393779075
H            2.09970255241052       -2.48195133580653        0.53828738101900
H            1.17387203669980       -2.30058962616397        2.04766813814013
H            3.95352457616693       -1.92784189485831        1.83190973512570
H            0.43489164825608       -0.75078129567677       -0.29152108931604
H           -1.73508374078423       -1.25802079529023        2.51975966303036
H           -2.16791064907420        0.99574887184443       -0.41389294378404
H           -4.04777845044084        2.05843828633825        0.91412748408381
H           -5.10157027479947        0.72349648851416        0.41473118351257
H           -3.92361777540886        2.63657143302875       -1.28721837910761
H           -4.16713569200564       -1.32354243267867       -0.54264403167778
H           -4.13209035109848        0.36030436394961       -2.25882520438803
H           -1.23937987810345       -1.20126693516168       -1.38681949500807
H           -2.74367694591883       -2.69189572079440       -2.45007720256629
H           -2.61375911170656       -2.67021866321604        0.91209122886600
H           -0.74397328832707       -3.66207641496130        0.00077909925241
H            0.41948588286842        2.03490133721908        0.90223599145134
H           -0.09527103556167        1.24128554765544       -1.75862206234699
H            2.14868113510815        1.40531595317170       -1.53565442822241
H            1.32721404156011        3.57389158914262       -1.00416049835228
48
 energy: -84.829132545062 gnorm: 0.000585930924 xtb: 6.7.1 (edcfbbe)
C            5.55839694598785        1.38921478998103        0.34141828191708
O            4.35961679585887        1.55902041832506       -0.40362021984018
C            3.20251972676686        1.29701268801196        0.30042609118058
O            3.06937887382270       -0.09673195356909        0.47311151798274
C            1.93694595057159       -0.45257070791491        1.23780315781665
C            2.05015267131840       -1.95643931178128        1.50744436898237
O            3.17007962066514       -2.25542779512467        2.29594327962656
C            0.60714884572624       -0.06505667050840        0.54634255084091
O           -0.37740329926325       -0.21627388995723        1.56611650668654
C           -1.60535354328035       -0.89667269582478        1.48901677728507
O           -2.69857571648497       -0.03157872365639        1.31166148018509
C           -3.00369904689416        0.41335654754364       -0.00356907517785
C           -4.23694456941435        1.32297438539084        0.12355789376795
O           -4.56669370492743        1.93295442669438       -1.10068035390471
C           -3.29163220379961       -0.77709206028576       -0.92827796347358
O           -3.50392555961439       -0.38345220591339       -2.26091030821329
C           -2.08542788929339       -1.71752169660099       -0.91021873258417
O           -2.34515874773061       -2.91791425867104       -1.59846957325168
C           -1.74142499214648       -2.10716174042463        0.53488710242856
O           -0.59371549066129       -2.90716706605120        0.58870014076718
C            0.66018761081145        1.39686404889692        0.04933844964813
O           -0.32255755793380        1.68241504245619       -0.92060912357037
C            2.02525800490729        1.83029963807771       -0.51869228243135
O            2.11385486281337        3.22899729773464       -0.54428028634550
H            5.69040650118705        0.34590915109983        0.63493190533861
H            5.54841524065682        2.02394006570067        1.23295948331701
H            6.36113553460587        1.69422318608558       -0.32450998689738
H            3.21235698460553        1.79383201860967        1.29393079411551
H            1.96153342484679        0.08369902983977        2.20119237958984
H            2.09598630997587       -2.48220113924672        0.54662104335399
H            1.17293593387635       -2.29435931921291        2.05671538013408
H            3.95276024380119       -1.92622724185535        1.83478561561607
H            0.43528376482136       -0.74761565766184       -0.29150340655048
H           -1.73580604540400       -1.25860043211854        2.51843042029879
H           -2.16861099104250        0.99383252977392       -0.41594822248348
H           -4.04649398566478        2.05916626922629        0.91007956578388
H           -5.10164473309902        0.72301118155235        0.41672453280005
H           -3.92717471831317        2.63158440544338       -1.29282759719833
H           -4.16712956116121       -1.32665825915104       -0.54174771808932
H           -4.13620119205712        0.35610609793303       -2.25904326674695
H           -1.23955646106762       -1.19973942626332       -1.38721306518318
H           -2.74144144938505       -2.69238644755819       -2.45116479118297
H           -2.61261191466588       -2.67112547208593        0.91103388650285
H           -0.74129145081747       -3.65991099502821       -0.00337996153672
H            0.41907559002990        2.03673309070701        0.90638612912667
H           -0.09478381974686        1.24780761618576       -1.75579248022364
H            2.14696224579624        1.41520640116491       -1.53389628491743
H            1.33486888627236        3.58171896976045       -0.99972064951386
48
 energy: -84.829137279132 gnorm: 0.000400102780 xtb: 6.7.1 (edcfbbe)
C            5.55940430242055        1.38315157574431        0.33569163336500
O            4.35903795048161        1.55832028107317       -0.40549258724019
C            3.20307330909328        1.29689247318697        0.30065278718446
O            3.06855685796705       -0.09674785216295        0.47268089831844
C            1.93660683250937       -0.45090041529452        1.23906325538377
C            2.04971875072130       -1.95413328985338        1.51221727917033
O            3.16897837175936       -2.25032193968408        2.30306425559105
C            0.60678346095849       -0.06378731794912        0.54750111705030
O           -0.37818605202491       -0.21590196134388        1.56655478109126
C           -1.60565657193326       -0.89705857877117        1.48830218135938
O           -2.69930678429257       -0.03228794186633        1.31051289397262
C           -3.00480885377081        0.41241521850186       -0.00454952538479
C           -4.23789731068024        1.32220355787710        0.12331813546950
O           -4.57014726144201        1.93024650397882       -1.10121232556411
C           -3.29256737964506       -0.77847479650293       -0.92871623174497
O           -3.50699827221031       -0.38566107419550       -2.26130370128733
C           -2.08521655786630       -1.71737175013499       -0.91176589548909
O           -2.34318849423670       -2.91775161544231       -1.60078125798963
C           -1.74058463547954       -2.10699511816577        0.53329054923120
O           -0.59225910469771       -2.90607880886561        0.58625788598770
C            0.66003129302919        1.39854543749616        0.05143242786701
O           -0.32282231267144        1.68463482297099       -0.91810126152011
C            2.02526696724296        1.83290959394257       -0.51588079707577
O            2.11500910870797        3.23162770555315       -0.53726875594956
H            5.69047388139770        0.33825830166653        0.62375672649673
H            5.55273119718423        2.01356421135683        1.23028427195641
H            6.36086963918602        1.69014836314035       -0.33089049649624
H            3.21537710474385        1.79286853050528        1.29455481847116
H            1.96213886490037        0.08729984030336        2.20131320399476
H            2.09691897865945       -2.48259299416524        0.55308244087936
H            1.17222241353672       -2.29092261300849        2.06165856669956
H            3.95231961668728       -1.92476616895883        1.84058700945097
H            0.43560292022288       -0.74563563361861       -0.29104080063724
H           -1.73665345406529       -1.25935499510248        2.51749680361514
H           -2.16995865946853        0.99286110333344       -0.41751586665774
H           -4.04616515854741        2.05961962814923        0.90842827608710
H           -5.10181720980619        0.72238842702870        0.41899034233776
H           -3.93069298848558        2.62827162235152       -1.29581880129477
H           -4.16697514894526       -1.32887350401229       -0.54108493356303
H           -4.14011458998928        0.35321490972357       -2.25868913664247
H           -1.24023379712224       -1.19789253299537       -1.38846823064774
H           -2.74067762908974       -2.69211774524897       -2.45287837391256
H           -2.61119237463948       -2.67194929776636        0.90929507940947
H           -0.73919207402349       -3.65782778689104       -0.00733330481474
H            0.41909000847841        2.03773746238450        0.90892949294733
H           -0.09427724483756        1.25159079830191       -1.75386081228762
H            2.14616087825522        1.42068220636100       -1.53219172306289
H            1.34121913788044        3.58594728790467       -1.00058890779123
